0.0896714 0.00010484
2.85239 0.0033349
7.17499 0.0083887
11.5288 0.013479
16.6838 0.019506
13.9305 0.016287
10.5914 0.012383
7.14044 0.0083483
2.75215 0.0032177
-0.62452 -0.00082676
-4.68587 -0.0056913
-8.81247 -0.010634
-13.8594 -0.016679
-12.4451 -0.014985
-11.6077 -0.013982
-8.51608 -0.010279
-4.34006 -0.0052771
-0.276839 -0.00041032
3.64745 0.0041778
7.74639 0.0089701
11.7517 0.013653
16.231 0.01889
13.5702 0.015779
10.083 0.011702
6.24839 0.0072187
2.10395 0.0023732
-1.76642 -0.0022626
-5.46047 -0.0066872
-5.8896 -0.0072012
-10.129 -0.012279
-14.2517 -0.017217
-12.0651 -0.014598
-8.09329 -0.0098407
-4.20188 -0.0051797
-0.147442 -0.00032344
4.49645 0.005106
8.36273 0.0096263
12.3397 0.014276
16.4221 0.019049
13.4781 0.015607
10.0415 0.011589
5.82005 0.0066535
2.15202 0.002365
-2.05773 -0.0026773
-2.0665 -0.0026878
-6.19435 -0.007632
-10.5758 -0.01288
-14.4314 -0.017498
-11.6712 -0.014192
-8.151 -0.0099756
-4.12475 -0.0051531
-4.11273 -0.0051387
0.416782 0.00015701
8.43913 0.0095364
16.613 0.019093
26.4441 0.031389
31.5434 0.044341
31.617 0.044528
26.732 0.038098
19.3986 0.028445
11.2453 0.017713
1.71424 0.0051673
-6.55792 -0.0047408
-16.0048 -0.016056
-24.6264 -0.028596
-29.7281 -0.041841
-24.2437 -0.034571
-17.4987 -0.02563
0.306613 -0.0021578
9.00727 0.0092948
18.4043 0.021664
27.2526 0.033311
31.856 0.045209
22.5413 0.033006
18.2025 0.026996
9.81261 0.015933
0.321556 0.0034141
-8.33468 -0.0080255
-17.7441 -0.020483
-26.2497 -0.031774
-30.3612 -0.043494
-25.156 -0.03651
-17.5943 -0.026364
-8.70742 -0.01444
-8.58445 -0.014275
1.05321 -0.0015282
10.394 0.010826
19.3423 0.022661
28.3419 0.03499
32.115 0.045793
32.1705 0.045934
26.7052 0.03867
18.2258 0.0274
17.6194 0.026594
16.9686 0.025729
16.6307 0.02528
16.0514 0.02451
15.132 0.023288
14.9213 0.023008
14.7701 0.022807
14.7731 0.022811
14.74 0.022767
14.5925 0.022571
14.5707 0.022542
14.503 0.022452
14.5745 0.022547
14.5609 0.022529
14.5692 0.02254
14.4864 0.02243
14.4556 0.022389
-0.563856 0.0022366
-0.500805 0.0023212
-9.42479 -0.0096526
-18.5877 -0.021947
-26.8 -0.032996
-26.876 -0.03322
-30.6434 -0.044231
-24.8495 -0.036416
-17.1769 -0.026067
-7.34019 -0.012799
0.702601 -0.0021093
19.9022 0.023409
32.4555 0.046763
44.9039 0.078331
60.4457 0.11777
60.6417 0.11825
49.9421 0.099168
36.8788 0.075871
36.566 0.075313
20.8764 0.047332
2.87215 0.015223
-19.58 -0.015061
-29.9599 -0.041945
-42.4386 -0.075028
-56.1661 -0.11087
-46.452 -0.093418
-33.6326 -0.070387
-18.1192 -0.042516
-17.6583 -0.041688
0.421925 -0.0094435
21.7563 0.028516
40.1055 0.061427
54.3557 0.092234
61.8676 0.12138
49.0441 0.098353
35.5321 0.074003
17.8838 0.042283
-2.35952 0.0059163
-22.3445 -0.029988
-39.6224 -0.061029
-50.9179 -0.088807
-58.2802 -0.11639
-47.9875 -0.097615
-34.4394 -0.072902
-18.0335 -0.042976
-17.8641 -0.042667
1.39077 -0.0080462
24.6175 0.033716
43.5855 0.067821
56.0231 0.097067
62.7992 0.12373
50.9019 0.10221
36.2272 0.075666
18.3144 0.043265
-3.01627 0.0043558
-23.7458 -0.033457
-40.4072 -0.063849
-52.6079 -0.092308
-59.4254 -0.11938
-48.4945 -0.099282
-34.8758 -0.074242
-17.8807 -0.042994
2.02071 -0.006996
37.8048 0.057731
20.8429 0.02705
21.1929 0.027683
31.6096 0.046525
44.6817 0.07017
55.0351 0.09134
60.9103 0.11585
68.1536 0.13733
76.9805 0.15975
85.2601 0.18078
73.2431 0.1563
61.8102 0.13301
51.2119 0.11142
39.6613 0.08789
27.4249 0.062963
16.747 0.041211
7.06763 0.021493
-8.5438 -0.0072109
-20.0746 -0.028412
-32.7269 -0.051675
-43.4402 -0.071373
-52.7806 -0.091594
-58.3325 -0.11481
-65.6453 -0.13562
-74.213 -0.15799
-82.7538 -0.18029
-70.5755 -0.1548
-59.883 -0.13242
-48.8943 -0.10942
-38.7847 -0.08826
-24.8591 -0.059113
-16.7509 -0.042142
-6.69961 -0.021104
5.90832 0.0045798
5.95279 0.0046704
16.787 0.026741
30.5271 0.054731
37.4967 0.068929
49.7788 0.093949
60.2991 0.11538
71.0937 0.13737
80.6323 0.16039
85.1988 0.18051
72.9462 0.15555
59.967 0.12911
51.617 0.1121
39.2225 0.086851
28.6502 0.065314
17.962 0.043541
1.93349 0.010889
-4.4163 -0.0024015
-15.0202 -0.024596
-29.8678 -0.055673
-37.4772 -0.0716
-47.4086 -0.092387
-58.9148 -0.11647
-68.3937 -0.13631
-78.5113 -0.16106
-83.6654 -0.18267
-70.9854 -0.15602
-57.5537 -0.12779
-47.8617 -0.10742
-37.4461 -0.085529
-23.962 -0.057189
-14.3315 -0.036948
-6.79391 -0.021106
4.31435 0.0015228
4.25598 0.0014039
18.9783 0.031395
25.81 0.045312
40.9246 0.076102
51.6402 0.097931
60.2892 0.11555
70.4261 0.1362
80.4112 0.15944
85.2994 0.18088
73.1128 0.15605
62.3641 0.13415
50.8449 0.11068
38.0521 0.084615
27.3531 0.062816
17.6307 0.043007
4.99984 0.017272
-5.08484 -0.0039234
-17.3616 -0.029726
-27.7278 -0.051513
-40.7888 -0.078964
-48.9397 -0.096095
-58.3676 -0.11591
-69.7629 -0.13986
-79.0195 -0.16155
-84.2016 -0.18407
-68.6425 -0.15129
-58.167 -0.12922
-47.0602 -0.10582
-37.1803 -0.085005
-26.1452 -0.061756
-13.201 -0.034485
-3.25236 -0.013525
4.61632 0.0025072
4.96818 0.0032241
22.3971 0.038735
39.3667 0.07331
57.5019 0.11026
70.8076 0.13737
83.11 0.17125
95.0358 0.20561
107.937 0.23838
120.631 0.27062
105.212 0.23494
89.5611 0.19872
74.061 0.16285
60.5961 0.13169
44.7822 0.095094
32.2365 0.066061
17.4489 0.03184
2.90801 -0.0018102
-14.5471 -0.038585
-31.1295 -0.073521
-53.8411 -0.12137
-68.4176 -0.15208
-79.4911 -0.17541
-92.1641 -0.20486
-105.596 -0.23993
-117.986 -0.27228
-100.181 -0.22981
-85.3738 -0.19449
-67.5857 -0.15206
-57.8008 -0.12872
-45.3094 -0.098924
-29.69 -0.061667
-15.4164 -0.02762
-0.607937 0.0077029
-1.71584e-10 0.0076027
14.1525 0.040354
30.586 0.078384
47.2641 0.11698
63.3692 0.15425
76.2464 0.18405
85.766 0.20608
102.606 0.24505
120.634 0.27063
99.6337 0.22203
87.6944 0.1944
75.2451 0.16559
59.3822 0.12888
46.5657 0.09922
30.8133 0.062766
16.9965 0.030791
1.38753 -0.0053312
-12.7284 -0.039002
-24.796 -0.067787
-42.623 -0.11031
-57.8327 -0.14659
-68.3387 -0.17165
-81.3223 -0.20262
-96.9136 -0.23981
-113.653 -0.27131
-97.8077 -0.22087
-87.1345 -0.19869
-71.6498 -0.16175
-57.2257 -0.12734
-44.0817 -0.095984
-29.4375 -0.061049
-17.277 -0.032039
-1.75072 0.0050002
-1.23521 0.00623
11.4677 0.035627
26.0403 0.069351
45.74 0.11494
61.335 0.15103
71.9867 0.17568
91.0559 0.21981
102.546 0.2464
120.415 0.27041
92.3972 0.2177
83.1492 0.19857
68.4937 0.16549
51.643 0.12756
38.8454 0.098002
25.4932 0.067182
9.27214 0.029645
-5.28233 -0.0049215
-19.0557 -0.037533
-35.8533 -0.077332
-53.4624 -0.11951
-61.378 -0.13847
-78.8699 -0.17993
-94.7841 -0.21799
-105.275 -0.2431
-116.623 -0.27042
-92.9594 -0.21274
-85.2471 -0.19537
-73.7019 -0.16668
-59.0274 -0.13148
-29.4051 -0.060787
-22.3081 -0.043973
-13.9621 -0.023755
-1.14388 0.0045335
-1.55789 0.0043182
17.2581 0.048437
36.0142 0.091923
56.8557 0.13983
75.2334 0.18248
95.9388 0.23037
123.423 0.27759
140.777 0.32188
143.112 0.36247
122.815 0.31078
102.021 0.25781
82.1588 0.2072
66.9287 0.16839
45.2432 0.11313
32.786 0.081386
16.2644 0.039285
-6.93873 -0.016068
-24.8886 -0.058889
-42.6373 -0.10123
-62.3013 -0.14814
-82.2503 -0.19573
-97.7475 -0.2327
-122.015 -0.2828
-137.952 -0.32441
-138.8 -0.36175
-120.253 -0.31315
-96.0428 -0.24971
-81.186 -0.21078
-62.4633 -0.16172
-45.0572 -0.11611
-24.8148 -0.063068
-14.5769 -0.036241
-0.345907 0.0010491
-9.80921e-11 0.00098188
21.1099 0.054775
42.7032 0.1098
59.919 0.15367
75.5179 0.19342
96.089 0.24584
108.576 0.27766
130.269 0.33294
143.126 0.36522
115.052 0.29349
94.8637 0.24191
84.4253 0.21524
62.339 0.15881
46.6129 0.11863
32.632 0.082909
15.1846 0.038331
-0.0935967 -0.0017032
-24.8998 -0.066704
-42.831 -0.11369
-61.3018 -0.16209
-72.7888 -0.19219
-96.3277 -0.25387
-108.463 -0.28567
-128.69 -0.33867
-138.805 -0.3621
-113.405 -0.29552
-95.8863 -0.2496
-76.2963 -0.19825
-59.6744 -0.15468
-40.8817 -0.10542
-30.5529 -0.078346
-12.9929 -0.032317
1.31682 0.0042441
1.2841 0.0041605
25.6836 0.066501
43.0062 0.11076
62.8341 0.16142
78.2197 0.20073
94.756 0.24298
116.091 0.29749
128.001 0.32792
140.721 0.36042
119.59 0.30643
100.913 0.25871
77.1121 0.1979
61.3312 0.15758
48.2078 0.12405
27.6531 0.071533
11.6233 0.030577
-0.381154 -0.00088942
-22.8079 -0.059675
-40.7326 -0.10666
-57.2707 -0.15001
-79.184 -0.20745
-96.7025 -0.25337
-111.383 -0.29185
-127.249 -0.33344
-138.81 -0.36249
-119.193 -0.31105
-99.4466 -0.25927
-79.6542 -0.20737
-60.8838 -0.15815
-43.8715 -0.11354
-26.7409 -0.06862
-13.1334 -0.032938
-0.2426 0.00086439
-0.205471 0.00096175
30.9357 0.080527
56.7413 0.14646
85.2033 0.21918
112.354 0.28855
133.337 0.34216
143.842 0.41803
144.746 0.48471
145.232 0.54284
119.093 0.46626
89.4374 0.37938
67.3326 0.31462
43.1047 0.24364
20.6858 0.17796
-9.80752 0.097454
-44.4895 0.0065104
-65.3166 -0.048103
-91.7397 -0.11739
-108.908 -0.16241
-117.93 -0.22076
-128.468 -0.29229
-138.892 -0.36874
-139.474 -0.41295
-140.478 -0.48924
-140.895 -0.54533
-113.01 -0.46113
-83.644 -0.37246
-65.8563 -0.31875
-31.7645 -0.21581
-18.4245 -0.17553
1.01938 -0.11709
24.0322 -0.04967
41.2752 0.0008465
41.2877 0.00088329
74.1653 0.097204
101.372 0.17691
110.673 0.23922
116.739 0.29252
124.231 0.35834
132.39 0.43002
139.789 0.49502
145.284 0.55173
108.767 0.44415
85.9841 0.37703
57.5051 0.29313
36.9588 0.2326
15.7778 0.1702
-1.78474 0.11717
-22.4899 0.054651
-42.2988 -0.005162
-74.8598 -0.10348
-93.4855 -0.15972
-108.899 -0.25291
-114.544 -0.3045
-120.601 -0.35986
-128.163 -0.42897
-134.35 -0.48551
-140.814 -0.54459
-109.372 -0.44965
-82.0595 -0.36718
-58.3767 -0.29567
-31.1338 -0.21341
-18.2442 -0.17449
1.20831 -0.11603
28.4545 -0.035762
41.4425 0.0025011
41.3942 0.0023589
76.6692 0.10628
105.444 0.19766
111.144 0.24832
117.839 0.30782
123.732 0.36019
130.88 0.42372
140.328 0.50768
144.223 0.5423
118.517 0.46657
89.5734 0.3813
62.3333 0.30105
33.2739 0.21544
11.7296 0.15197
-3.93854 0.10466
-18.5377 0.060578
-47.2825 -0.026217
-72.2016 -0.10146
-94.6788 -0.16933
-106.089 -0.22983
-113.391 -0.29602
-119.771 -0.35385
-125.993 -0.41025
-136.338 -0.50402
-140.899 -0.54594
-106.976 -0.44347
-88.0129 -0.38619
-65.5177 -0.31824
-42.142 -0.24763
-18.3789 -0.17585
1.86532 -0.11512
22.6492 -0.05389
42.6316 0.0049787
42.6615 0.0050667
80.0553 0.11523
108.154 0.22135
115.592 0.28753
126.275 0.38259
136.15 0.47045
145.507 0.58962
145.886 0.65401
146.382 0.73837
111.921 0.62624
75.4684 0.50763
51.1461 0.42849
21.4977 0.33202
-4.95395 0.24438
-35.5839 0.135
-68.0236 0.019157
-77.4047 -0.014343
-104.979 -0.15861
-111.962 -0.23391
-119.424 -0.31437
-125.491 -0.37979
-135.854 -0.49154
-141.005 -0.5646
-141.501 -0.6514
-141.919 -0.72466
-112.51 -0.62681
-77.1598 -0.50919
-45.933 -0.40529
-13.4228 -0.29712
12.6509 -0.19857
33.0232 -0.11179
41.6257 -0.075146
59.4888 0.00094512
59.1686 -9.6641e-05
96.4057 0.1582
105.078 0.21697
112.836 0.3149
119.275 0.39619
125.141 0.47024
133.737 0.57875
141.646 0.67858
146.456 0.75094
103.459 0.61023
69.1854 0.49807
40.9257 0.40559
16.3972 0.32532
-6.1171 0.2446
-31.6006 0.13187
-50.3265 0.049033
-62.2951 -0.0039118
-99.4181 -0.16878
-105.172 -0.24404
-111.28 -0.32393
-116.969 -0.39833
-122.873 -0.47555
-130.403 -0.57404
-137.702 -0.66951
-141.897 -0.72438
-104.131 -0.59872
-73.7723 -0.49771
-53.9091 -0.43162
-20.8519 -0.32163
2.11661 -0.24312
30.8634 -0.11912
47.9276 -0.045513
58.5982 0.00051491
58.4076 -0.00010885
90.703 0.139
105.417 0.22696
114.175 0.33879
118.315 0.39164
124.624 0.47219
131.287 0.55727
140.864 0.67954
144.114 0.72103
114.962 0.62563
76.7922 0.50072
53.3607 0.42404
23.8941 0.32761
-2.80545 0.23732
-21.6426 0.1561
-45.2511 0.054307
-61.6131 -0.016241
-91.5176 -0.14518
-104.29 -0.24233
-109.913 -0.31441
-116.942 -0.40451
-122.591 -0.47691
-131.36 -0.58932
-136.316 -0.65284
-141.769 -0.72274
-110.605 -0.61905
-77.2234 -0.50798
-48.6504 -0.41291
-18.5987 -0.31292
5.65678 -0.22667
24.5002 -0.1455
43.5792 -0.063315
59.9541 0.0072219
59.7982 0.0067117
103.173 0.19891
112.936 0.32343
121.788 0.43632
132.46 0.57244
143.455 0.71266
146.947 0.83433
147.822 0.98303
148.439 1.0879
108.647 0.94027
67.9709 0.78936
20.5486 0.61342
-2.30785 0.52389
-28.042 0.37566
-53.7536 0.22756
-79.5626 0.078899
-94.6055 -0.0077492
-108.362 -0.18112
-115.713 -0.30019
-123.722 -0.42991
-132.906 -0.57868
-140.096 -0.69514
-142.571 -0.83897
-143.269 -0.96132
-143.99 -1.0876
-104.11 -0.93533
-63.6063 -0.78068
-22.7231 -0.62458
3.75648 -0.51096
25.6389 -0.3545
41.3199 -0.24238
59.3086 -0.11376
76.5246 0.0093349
76.2672 0.0083799
98.4413 0.16604
109.036 0.3068
115.383 0.43262
122.643 0.57653
130.603 0.73434
137.228 0.86567
143.01 0.98028
148.373 1.0866
99.2013 0.90417
64.7087 0.7762
29.7174 0.64638
-5.81172 0.49336
-22.5376 0.37028
-42.9434 0.22012
-64.3789 0.062383
-73.661 -0.0059209
-100.613 -0.20425
-106.89 -0.33008
-112.814 -0.45103
-118.494 -0.56701
-124.842 -0.69663
-133.835 -0.88026
-138.839 -0.98242
-143.992 -1.0879
-93.4776 -0.89501
-66.03 -0.7902
-27.3006 -0.64231
5.10979 -0.50152
25.8867 -0.35294
46.7811 -0.20352
61.9928 -0.094738
79.7023 0.031906
79.7698 0.032389
98.0942 0.16343
109.628 0.31842
114.684 0.41867
122.639 0.57639
128.693 0.69641
137.519 0.8714
144.066 1.0012
148.383 1.0868
107.961 0.93683
58.3469 0.75276
25.1939 0.62976
-6.30219 0.4899
-24.7322 0.35424
-42.9164 0.22039
-59.1986 0.10054
-78.789 -0.043661
-100.919 -0.20818
-108.102 -0.3549
-112.593 -0.44662
-118.812 -0.57363
-125.067 -0.70138
-132.461 -0.85241
-139.119 -0.98839
-143.727 -1.0825
-102.243 -0.92409
-59.7843 -0.76196
-21.5708 -0.61604
3.5176 -0.50859
26.7894 -0.34266
44.3194 -0.21767
60.5002 -0.1023
75.4789 0.0044996
75.4066 0.0042312
96.9177 0.15736
107.681 0.28184
115.637 0.43918
122.359 0.57212
131.607 0.75502
135.981 0.84152
143.811 0.99639
149.969 1.348
150.062 1.3639
150.62 1.4587
150.66 1.4656
146.2 1.4473
143.884 1.4378
138.18 1.4144
136.035 1.4056
131.599 1.3874
129.6 1.3792
127.553 1.3708
127.211 1.3694
123.848 1.3556
97.7905 1.2487
47.2117 1.0412
-0.460785 0.84341
-18.4356 0.68335
-40.1456 0.49003
-60.7258 0.30677
-78.895 0.14498
-95.153 0.00020805
-108.021 -0.22365
-114.914 -0.38928
-123.564 -0.5971
-130.525 -0.76435
-138.05 -0.94514
-144.385 -1.1568
-145.366 -1.3287
-146.135 -1.4635
-96.9509 -1.2559
-45.2317 -1.0376
2.08342 -0.82542
17.0968 -0.6722
35.7846 -0.48148
51.0576 -0.32561
69.1026 -0.14145
83.7037 0.0075626
82.5007 0.0026271
104.27 0.21745
112.894 0.43285
118.186 0.57757
126.03 0.79205
131.709 0.94737
138.922 1.1446
144.886 1.3077
150.295 1.4556
99.3017 1.2464
52.0624 1.0526
5.18624 0.86029
-17.2378 0.6585
-33.9328 0.48367
-52.575 0.28845
-69.9156 0.10686
-81.7927 -0.017517
-102.887 -0.24884
-108.084 -0.3948
-113.913 -0.55853
-121.422 -0.76942
-128.111 -0.95729
-135.058 -1.1524
-140.442 -1.3036
-145.441 -1.444
-94.6692 -1.2297
-40.9363 -1.0029
1.47557 -0.81517
18.5754 -0.642
42.9616 -0.39504
55.8153 -0.26487
71.1426 -0.10965
82.7806 0.0082081
80.8787 0.00040573
107.195 0.28498
119.842 0.6285
128.996 0.87714
139.108 1.1518
148.091 1.3958
151.821 1.6628
153.394 1.9302
154.82 2.1727
93.2377 1.8842
30.8654 1.592
-10.948 1.3002
-32.3378 1.0126
-52.8946 0.7362
-70.0711 0.50525
-91.675 0.21477
-104.474 -0.0043689
-115.524 -0.39137
-122.458 -0.63424
-129.525 -0.88173
-137.684 -1.1675
-145.79 -1.4514
-147.421 -1.6888
-148.888 -1.9459
-150.163 -2.1693
-89.9396 -1.879
-18.8253 -1.5362
10.4834 -1.2797
27.7371 -1.0069
42.8373 -0.76815
63.2053 -0.44611
78.7665 -0.20007
91.4795 0.00093618
90.6075 -0.0031487
109.875 0.32961
118.255 0.67324
125.602 0.97453
131.508 1.2167
137.875 1.4778
145.242 1.7799
151.265 2.0269
154.808 2.1722
90.5146 1.871
22.4643 1.5522
-12.4463 1.2442
-27.3566 1.0013
-44.9653 0.71444
-61.7178 0.44153
-75.6815 0.21405
-88.5303 0.0047336
-106.608 -0.32857
-113.295 -0.6112
-120.013 -0.89508
-126.364 -1.1635
-132.163 -1.4086
-139.562 -1.7213
-146.088 -1.9971
-150.247 -2.1841
-83.9321 -1.8637
-16.4373 -1.5376
9.43196 -1.3085
27.0503 -1.0289
45.7934 -0.73145
61.5907 -0.48075
77.3136 -0.23123
93.7405 0.029461
94.5482 0.042279
112.771 0.4426
122.255 0.8328
131.789 1.2251
138.998 1.5217
148.552 1.9148
155.412 2.2732
157.292 2.5929
159.154 2.9094
80.1737 2.5011
-0.837131 2.0704
-17.6343 1.7447
-37.6187 1.3572
-54.0807 1.038
-73.209 0.6671
-91.5678 0.31112
-106.678 -0.027173
-115.266 -0.45236
-122.423 -0.80665
-130.435 -1.2033
-137.319 -1.5441
-144.719 -1.9104
-150.751 -2.2723
-152.468 -2.5733
-154.28 -2.8908
-79.7954 -2.4952
0.205621 -2.067
18.2044 -1.6824
35.7304 -1.3079
49.1803 -1.0205
65.0109 -0.68223
82.4934 -0.30866
99.0223 0.044532
98.8564 0.043674
115.957 0.55695
121.221 0.84361
128.436 1.2365
134.552 1.5696
141.949 1.9724
147.22 2.2595
154.799 2.6722
158.708 2.8851
71.2549 2.433
3.51306 2.0828
-16.4247 1.7045
-32.5056 1.3519
-47.9936 1.0123
-67.9359 0.57503
-82.5209 0.25523
-95.6105 -0.031782
-111.276 -0.48671
-116.955 -0.80419
-124.364 -1.2184
-129.868 -1.5261
-138.292 -1.997
-143.971 -2.3145
-148.669 -2.5771
-154.42 -2.9153
-66.4794 -2.4469
0.880969 -2.0739
18.1469 -1.7033
34.5509 -1.3512
54.2333 -0.92873
70.1663 -0.58674
86.8899 -0.22778
99.313 0.038872
98.2935 0.033602
117.677 0.64128
125.074 1.0458
132.433 1.4482
140.949 1.9139
148.866 2.3468
156.823 2.7819
125.869 3.2566
90.6059 3.6138
-0.450162 3.0969
-20.6202 2.5554
-36.8792 2.1189
-52.8439 1.6903
-71.5874 1.1871
-85.7604 0.8066
-106.185 0.25828
-112.34 -0.07919
-119.2 -0.54153
-126.675 -1.0453
-132.933 -1.4671
-139.663 -1.9207
-146.877 -2.4069
-152.463 -2.7834
-123.22 -3.2439
-86.896 -3.6235
0.275606 -3.1102
10.9597 -2.5541
19.246 -2.1228
27.6899 -1.6833
36.8619 -1.2059
44.2752 -0.82004
53.7399 -0.32741
62.6458 0.13614
62.7811 0.14318
66.5791 0.5756
70.1955 1.0329
73.7637 1.4841
77.5984 1.969
80.7317 2.3652
84.7293 2.8707
88.1488 3.3031
89.1349 3.6287
-0.317471 3.1141
-9.9248 2.5913
-19.3906 2.0762
-27.4341 1.6385
-35.4702 1.2012
-43.7178 0.75239
-54.4116 0.17047
-60.2091 -0.14501
-64.2205 -0.62706
-67.2501 -1.0274
-70.7637 -1.4917
-73.7324 -1.884
-76.6973 -2.2758
-80.2169 -2.7409
-83.5042 -3.1753
-86.7219 -3.6005
0.0992019 -3.0973
8.80019 -2.6373
16.9905 -2.2043
25.4096 -1.7592
33.3445 -1.3397
42.9686 -0.8309
50.934 -0.40979
58.7812 0.0050729
58.5984 0.0040533
66.5697 0.73207
70.7611 1.2701
74.2308 1.7155
78.9174 2.3171
83.124 2.8571
87.7179 3.4468
55.1 4.0583
55.1 4.3278
-5.5265 3.6611
-18.6291 2.8544
-25.9511 2.4036
-32.6737 1.9897
-41.9317 1.4197
-50.2097 0.91004
-59.5722 0.33361
-62.7046 -0.023069
-67.1304 -0.68177
-70.8664 -1.2378
-74.1285 -1.7233
-78.514 -2.376
-81.6498 -2.8427
-85.3244 -3.3896
-64.265 -3.86
-53.447 -4.3256
3.28924 -3.6483
8.7113 -3.0692
13.6493 -2.5418
18.754 -1.9966
23.5562 -1.4837
29.4025 -0.85929
33.5761 -0.41353
37.5325 0.009028
37.349 0.0079407
