0.0896714 0 -0.0896714 0 0 0.0896714 0
2.85239 0 -2.85239 0 0 2.85239 0
7.17499 0 -7.17499 0 0 7.17499 0
11.5288 0 -11.5288 0 0 11.5288 0
16.6838 0 -16.6838 0 0 16.6838 0
13.9305 0 -13.9305 0 0 13.9305 0
10.5914 0 -10.5914 0 0 10.5914 0
7.14044 0 -7.14044 0 0 7.14044 0
2.75215 0 -2.75215 0 0 2.75215 0
-0.62452 0 0.62452 0 0 -0.62452 0
-4.68587 0 4.68587 0 0 -4.68587 0
-8.81247 0 8.81247 0 0 -8.81247 0
-13.8594 0 13.8594 0 0 -13.8594 0
-12.4451 0 12.4451 0 0 -12.4451 0
-11.6077 0 11.6077 0 0 -11.6077 0
-8.51608 0 8.51608 0 0 -8.51608 0
-4.34006 0 4.34006 0 0 -4.34006 0
-0.276839 0 0.276839 0 0 -0.276839 0
3.64745 0 -3.64745 0 0 3.64745 0
7.74639 0 -7.74639 0 0 7.74639 0
11.7517 0 -11.7517 0 0 11.7517 0
16.231 0 -16.231 0 0 16.231 0
13.5702 0 -13.5702 0 0 13.5702 0
10.083 0 -10.083 0 0 10.083 0
6.24839 0 -6.24839 0 0 6.24839 0
2.10395 0 -2.10395 0 0 2.10395 0
-1.76642 0 1.76642 0 0 -1.76642 0
-5.46047 0 5.46047 0 0 -5.46047 0
-5.8896 0 5.8896 0 0 -5.8896 0
-10.129 0 10.129 0 0 -10.129 0
-14.2517 0 14.2517 0 0 -14.2517 0
-12.0651 0 12.0651 0 0 -12.0651 0
-8.09329 0 8.09329 0 0 -8.09329 0
-4.20188 0 4.20188 0 0 -4.20188 0
-0.147442 0 0.147442 0 0 -0.147442 0
4.49645 0 -4.49645 0 0 4.49645 0
8.36273 0 -8.36273 0 0 8.36273 0
12.3397 0 -12.3397 0 0 12.3397 0
16.4221 0 -16.4221 0 0 16.4221 0
13.4781 0 -13.4781 0 0 13.4781 0
10.0415 0 -10.0415 0 0 10.0415 0
5.82005 0 -5.82005 0 0 5.82005 0
2.15202 0 -2.15202 0 0 2.15202 0
-2.05773 0 2.05773 0 0 -2.05773 0
-2.0665 0 2.0665 0 0 -2.0665 0
-6.19435 0 6.19435 0 0 -6.19435 0
-10.5758 0 10.5758 0 0 -10.5758 0
-14.4314 0 14.4314 0 0 -14.4314 0
-11.6712 0 11.6712 0 0 -11.6712 0
-8.151 0 8.151 0 0 -8.151 0
-4.12475 0 4.12475 0 0 -4.12475 0
-4.11273 0 4.11273 0 0 -4.11273 0
0.416782 0 -0.416782 0 0 0.416782 0
8.43913 0 -8.43913 0 0 8.43913 0
16.613 0 -16.613 0 0 16.613 0
26.4441 0 -26.4441 0 0 26.4441 0
31.5434 0 -31.5434 0 0 31.5434 0
31.617 0 -31.617 0 0 31.617 0
26.732 0 -26.732 0 0 26.732 0
19.3986 0 -19.3986 0 0 19.3986 0
11.2453 0 -11.2453 0 0 11.2453 0
1.71424 0 -1.71424 0 0 1.71424 0
-6.55792 0 6.55792 0 0 -6.55792 0
-16.0048 0 16.0048 0 0 -16.0048 0
-24.6264 0 24.6264 0 0 -24.6264 0
-29.7281 0 29.7281 0 0 -29.7281 0
-24.2437 0 24.2437 0 0 -24.2437 0
-17.4987 0 17.4987 0 0 -17.4987 0
0.306613 0 -0.306613 0 0 0.306613 0
9.00727 0 -9.00727 0 0 9.00727 0
18.4043 0 -18.4043 0 0 18.4043 0
27.2526 0 -27.2526 0 0 27.2526 0
31.856 0 -31.8882 0 0 31.8882 0
22.5413 0 -22.6817 0 0 22.6817 0
18.2025 0 -18.0911 0 0 18.0911 0
9.81261 0 -9.73229 0 0 9.73229 0
0.321556 0 -0.272765 0 0 0.272765 0
-8.33468 0 8.35116 0 0 -8.35116 0
-17.7441 0 17.7463 0 0 -17.7463 0
-26.2497 0 26.2497 0 0 -26.2497 0
-30.3612 0 30.3612 0 0 -30.3612 0
-25.156 0 25.156 0 0 -25.156 0
-17.5943 0 17.5943 0 0 -17.5943 0
-8.70742 0 8.70742 0 0 -8.70742 0
-8.58445 0 8.58445 0 0 -8.58445 0
1.05321 0 -1.05321 0 0 1.05321 0
10.394 0 -10.394 0 0 10.394 0
19.3423 0 -19.3423 0 0 19.3423 0
28.3419 0 -28.3419 0 0 28.3419 0
32.115 0 -32.115 0 0 32.115 0
32.1705 0 -32.1705 0 0 32.1705 0
26.7052 0 -26.7052 0 0 26.7052 0
18.2258 0 -18.2258 0 0 18.2258 0
17.6194 0 -17.6194 0 0 17.6194 0
16.9686 0 -16.9686 0 0 16.9686 0
16.6307 0 -16.6307 0 0 16.6307 0
16.0514 0 -16.0514 0 0 16.0514 0
15.132 0 -15.132 0 0 15.132 0
14.9213 0 -14.9213 0 0 14.9213 0
14.7701 0 -14.7701 0 0 14.7701 0
14.7731 0 -14.7731 0 0 14.7731 0
14.74 0 -14.74 0 0 14.74 0
14.5925 0 -14.5925 0 0 14.5925 0
14.5707 0 -14.5707 0 0 14.5707 0
14.503 0 -14.503 0 0 14.503 0
14.5745 0 -14.5745 0 0 14.5745 0
14.5609 0 -14.5609 0 0 14.5609 0
14.5692 0 -14.5692 0 0 14.5692 0
14.4864 0 -14.4864 0 0 14.4864 0
14.4556 0 -14.4556 0 0 14.4556 0
-0.563856 0 0.563856 0 0 -0.563856 0
-0.500805 0 0.500805 0 0 -0.500805 0
-9.42479 0 9.42479 0 0 -9.42479 0
-18.5877 0 18.5877 0 0 -18.5877 0
-26.8 0 26.8 0 0 -26.8 0
-26.876 0 26.876 0 0 -26.876 0
-30.6434 0 30.6434 0 0 -30.6434 0
-24.8495 0 24.8495 0 0 -24.8495 0
-17.1769 0 17.1769 0 0 -17.1769 0
-7.34019 0 7.34019 0 0 -7.34019 0
0.702601 0 -0.702601 0 0 0.702601 0
19.9022 0 -19.9022 0 0 19.9022 0
32.4555 0 -32.5013 0 0 32.5013 0
44.9039 0 -44.9277 0 0 44.9277 0
60.4457 0 -60.4535 0 0 60.4535 0
60.6417 0 -60.6417 0 0 60.6417 0
49.9421 0 -49.942 0 0 49.942 0
36.8788 0 -36.8788 0 0 36.8788 0
36.566 0 -36.566 0 0 36.566 0
20.8764 0 -20.8764 0 0 20.8764 0
2.87215 0 -2.87215 0 0 2.87215 0
-19.58 0 19.58 0 0 -19.58 0
-29.9599 0 29.9599 0 0 -29.9599 0
-42.4386 0 42.4386 0 0 -42.4386 0
-56.1661 0 56.1661 0 0 -56.1661 0
-46.452 0 46.452 0 0 -46.452 0
-33.6326 0 33.6326 0 0 -33.6326 0
-18.1192 0 18.1192 0 0 -18.1192 0
-17.6583 0 17.6583 0 0 -17.6583 0
0.421925 0 -0.414608 0 0 0.414608 0
21.7563 0 -21.6915 0 0 21.6915 0
40.1055 0 -40.162 0 0 40.162 0
54.3557 0 -54.3426 0 0 54.3426 0
61.8676 0 -61.8747 0 0 61.8747 0
49.0441 0 -49.0705 0 0 49.0705 0
35.5321 0 -35.523 0 0 35.523 0
17.8838 0 -17.8825 0 0 17.8825 0
-2.35952 0 2.35957 0 0 -2.35957 0
-22.3445 0 22.3445 0 0 -22.3445 0
-39.6224 0 39.6224 0 0 -39.6224 0
-50.9179 0 50.9179 0 0 -50.9179 0
-58.2802 0 58.2802 0 0 -58.2802 0
-47.9875 0 47.9875 0 0 -47.9875 0
-34.4394 0 34.4394 0 0 -34.4394 0
-18.0335 0 18.0335 0 0 -18.0335 0
-17.8641 0 17.8641 0 0 -17.8641 0
1.39077 0 -1.39077 0 0 1.39077 0
24.6175 0 -24.6175 0 0 24.6175 0
43.5855 0 -43.5855 0 0 43.5855 0
56.0231 0 -56.0231 0 0 56.0231 0
62.7992 0 -62.7992 0 0 62.7992 0
50.9019 0 -50.9019 0 0 50.9019 0
36.2272 0 -36.2272 0 0 36.2272 0
18.3144 0 -18.3144 0 0 18.3144 0
-3.01627 0 3.01627 0 0 -3.01627 0
-23.7458 0 23.7458 0 0 -23.7458 0
-40.4072 0 40.4072 0 0 -40.4072 0
-52.6079 0 52.6079 0 0 -52.6079 0
-59.4254 0 59.4254 0 0 -59.4254 0
-48.4945 0 48.4945 0 0 -48.4945 0
-34.8758 0 34.8758 0 0 -34.8758 0
-17.8807 0 17.8807 0 0 -17.8807 0
2.02071 0 -2.02071 0 0 2.02071 0
37.8048 0 -37.8048 0 0 37.8048 0
20.8429 0 -20.8429 0 0 20.8429 0
21.1929 0 -21.1929 0 0 21.1929 0
31.6096 0 -31.6096 0 0 31.6096 0
44.6817 0 -44.6817 0 0 44.6817 0
55.0351 0 -55.0351 0 0 55.0351 0
60.9103 0 -60.9103 0 0 60.9103 0
68.1536 0 -68.1536 0 0 68.1536 0
76.9805 0 -76.9805 0 0 76.9805 0
85.2601 0 -85.2601 0 0 85.2601 0
73.2431 0 -73.2431 0 0 73.2431 0
61.8102 0 -61.8102 0 0 61.8102 0
51.2119 0 -51.2119 0 0 51.2119 0
39.6613 0 -39.6613 0 0 39.6613 0
27.4249 0 -27.4249 0 0 27.4249 0
16.747 0 -16.747 0 0 16.747 0
7.06763 0 -7.06763 0 0 7.06763 0
-8.5438 0 8.5438 0 0 -8.5438 0
-20.0746 0 20.0746 0 0 -20.0746 0
-32.7269 0 32.7269 0 0 -32.7269 0
-43.4402 0 43.4402 0 0 -43.4402 0
-52.7806 0 52.7806 0 0 -52.7806 0
-58.3325 0 58.3325 0 0 -58.3325 0
-65.6453 0 65.6453 0 0 -65.6453 0
-74.213 0 74.213 0 0 -74.213 0
-82.7538 0 82.7538 0 0 -82.7538 0
-70.5755 0 70.5755 0 0 -70.5755 0
-59.883 0 59.883 0 0 -59.883 0
-48.8943 0 48.8943 0 0 -48.8943 0
-38.7847 0 38.7847 0 0 -38.7847 0
-24.8591 0 24.8591 0 0 -24.8591 0
-16.7509 0 16.7509 0 0 -16.7509 0
-6.69961 0 6.69961 0 0 -6.69961 0
5.90832 0 -5.90832 0 0 5.90832 0
5.95279 0 -5.95279 0 0 5.95279 0
16.787 0 -16.787 0 0 16.787 0
30.5271 0 -30.5271 0 0 30.5271 0
37.4967 0 -37.4967 0 0 37.4967 0
49.7788 0 -49.7788 0 0 49.7788 0
60.2991 0 -60.2991 0 0 60.2991 0
71.0937 0 -71.0937 0 0 71.0937 0
80.6323 0 -80.6323 0 0 80.6323 0
85.1988 0 -85.1988 0 0 85.1988 0
72.9462 0 -72.9462 0 0 72.9462 0
59.967 0 -59.967 0 0 59.967 0
51.617 0 -51.617 0 0 51.617 0
39.2225 0 -39.2225 0 0 39.2225 0
28.6502 0 -28.6502 0 0 28.6502 0
17.962 0 -17.962 0 0 17.962 0
1.93349 0 -1.93349 0 0 1.93349 0
-4.4163 0 4.4163 0 0 -4.4163 0
-15.0202 0 15.0202 0 0 -15.0202 0
-29.8678 0 29.8678 0 0 -29.8678 0
-37.4772 0 37.4772 0 0 -37.4772 0
-47.4086 0 47.4086 0 0 -47.4086 0
-58.9148 0 58.9148 0 0 -58.9148 0
-68.3937 0 68.3937 0 0 -68.3937 0
-78.5113 0 78.5113 0 0 -78.5113 0
-83.6654 0 83.6654 0 0 -83.6654 0
-70.9854 0 70.9854 0 0 -70.9854 0
-57.5537 0 57.5537 0 0 -57.5537 0
-47.8617 0 47.8617 0 0 -47.8617 0
-37.4461 0 37.4461 0 0 -37.4461 0
-23.962 0 23.962 0 0 -23.962 0
-14.3315 0 14.3315 0 0 -14.3315 0
-6.79391 0 6.79391 0 0 -6.79391 0
4.31435 0 -4.31435 0 0 4.31435 0
4.25598 0 -4.25598 0 0 4.25598 0
18.9783 0 -18.9783 0 0 18.9783 0
25.81 0 -25.81 0 0 25.81 0
40.9246 0 -40.9246 0 0 40.9246 0
51.6402 0 -51.6402 0 0 51.6402 0
60.2892 0 -60.2892 0 0 60.2892 0
70.4261 0 -70.4261 0 0 70.4261 0
80.4112 0 -80.4112 0 0 80.4112 0
85.2994 0 -85.2994 0 0 85.2994 0
73.1128 0 -73.1128 0 0 73.1128 0
62.3641 0 -62.3641 0 0 62.3641 0
50.8449 0 -50.8449 0 0 50.8449 0
38.0521 0 -38.0521 0 0 38.0521 0
27.3531 0 -27.3531 0 0 27.3531 0
17.6307 0 -17.6307 0 0 17.6307 0
4.99984 0 -4.99984 0 0 4.99984 0
-5.08484 0 5.08484 0 0 -5.08484 0
-17.3616 0 17.3616 0 0 -17.3616 0
-27.7278 0 27.7278 0 0 -27.7278 0
-40.7888 0 40.7888 0 0 -40.7888 0
-48.9397 0 48.9397 0 0 -48.9397 0
-58.3676 0 58.3676 0 0 -58.3676 0
-69.7629 0 69.7629 0 0 -69.7629 0
-79.0195 0 79.0195 0 0 -79.0195 0
-84.2016 0 84.2016 0 0 -84.2016 0
-68.6425 0 68.6425 0 0 -68.6425 0
-58.167 0 58.167 0 0 -58.167 0
-47.0602 0 47.0602 0 0 -47.0602 0
-37.1803 0 37.1803 0 0 -37.1803 0
-26.1452 0 26.1452 0 0 -26.1452 0
-13.201 0 13.201 0 0 -13.201 0
-3.25236 0 3.25236 0 0 -3.25236 0
4.61632 0 -4.61632 0 0 4.61632 0
4.96818 0 -4.96818 0 0 4.96818 0
22.3971 0 -22.3971 0 0 22.3971 0
39.3667 0 -39.3667 0 0 39.3667 0
57.5019 0 -57.5019 0 0 57.5019 0
70.8076 0 -70.8076 0 0 70.8076 0
83.11 0 -83.11 0 0 83.11 0
95.0358 0 -95.0358 0 0 95.0358 0
107.937 0 -107.937 0 0 107.937 0
120.631 0 -120.631 0 0 120.631 0
105.212 0 -105.212 0 0 105.212 0
89.5611 0 -89.5611 0 0 89.5611 0
74.061 0 -74.061 0 0 74.061 0
60.5961 0 -60.5961 0 0 60.5961 0
44.7822 0 -44.7822 0 0 44.7822 0
32.2365 0 -32.2365 0 0 32.2365 0
17.4489 0 -17.4489 0 0 17.4489 0
2.90801 0 -2.90801 0 0 2.90801 0
-14.5471 0 14.5471 0 0 -14.5471 0
-31.1295 0 31.1295 0 0 -31.1295 0
-53.8411 0 53.8411 0 0 -53.8411 0
-68.4176 0 68.4176 0 0 -68.4176 0
-79.4911 0 79.4911 0 0 -79.4911 0
-92.1641 0 92.1641 0 0 -92.1641 0
-105.596 0 105.596 0 0 -105.596 0
-117.986 0 117.986 0 0 -117.986 0
-100.181 0 100.181 0 0 -100.181 0
-85.3738 0 85.3738 0 0 -85.3738 0
-67.5857 0 67.5857 0 0 -67.5857 0
-57.8008 0 57.8008 0 0 -57.8008 0
-45.3094 0 45.3094 0 0 -45.3094 0
-29.69 0 29.69 0 0 -29.69 0
-15.4164 0 15.4164 0 0 -15.4164 0
-0.607937 0 0.607937 0 0 -0.607937 0
-1.71584e-10 0 0 0 0 0 0
14.1525 0 -14.1525 0 0 14.1525 0
30.586 0 -30.586 0 0 30.586 0
47.2641 0 -47.2641 0 0 47.2641 0
63.3692 0 -63.3692 0 0 63.3692 0
76.2464 0 -76.2464 0 0 76.2464 0
85.766 0 -85.766 0 0 85.766 0
102.606 0 -102.606 0 0 102.606 0
120.634 0 -120.634 0 0 120.634 0
99.6337 0 -99.6337 0 0 99.6337 0
87.6944 0 -87.6944 0 0 87.6944 0
75.2451 0 -75.2451 0 0 75.2451 0
59.3822 0 -59.3822 0 0 59.3822 0
46.5657 0 -46.5657 0 0 46.5657 0
30.8133 0 -30.8133 0 0 30.8133 0
16.9965 0 -16.9965 0 0 16.9965 0
1.38753 0 -1.38753 0 0 1.38753 0
-12.7284 0 12.7284 0 0 -12.7284 0
-24.796 0 24.796 0 0 -24.796 0
-42.623 0 42.623 0 0 -42.623 0
-57.8327 0 57.8327 0 0 -57.8327 0
-68.3387 0 68.3387 0 0 -68.3387 0
-81.3223 0 81.3223 0 0 -81.3223 0
-96.9136 0 96.9136 0 0 -96.9136 0
-113.653 0 118.023 0 0 -118.023 0
-97.8077 0 96.2751 0 0 -96.2751 0
-87.1345 0 87.1345 0 0 -87.1345 0
-71.6498 0 71.6498 0 0 -71.6498 0
-57.2257 0 57.2257 0 0 -57.2257 0
-44.0817 0 44.0817 0 0 -44.0817 0
-29.4375 0 29.4375 0 0 -29.4375 0
-17.277 0 17.277 0 0 -17.277 0
-1.75072 0 1.75072 0 0 -1.75072 0
-1.23521 0 1.23521 0 0 -1.23521 0
11.4677 0 -11.4677 0 0 11.4677 0
26.0403 0 -26.0403 0 0 26.0403 0
45.74 0 -45.74 0 0 45.74 0
61.335 0 -61.335 0 0 61.335 0
71.9867 0 -71.9867 0 0 71.9867 0
91.0559 0 -91.0559 0 0 91.0559 0
102.546 0 -102.546 0 0 102.546 0
120.415 0 -112.037 0 0 112.037 0
92.3972 0 -89.8783 0 0 89.8783 0
83.1492 0 -81.7278 0 0 81.7278 0
68.4937 0 -67.476 0 0 67.476 0
51.643 0 -51.1402 0 0 51.1402 0
38.8454 0 -38.3708 0 0 38.3708 0
25.4932 0 -25.057 0 0 25.057 0
9.27214 0 -8.83683 0 0 8.83683 0
-5.28233 0 5.64554 0 0 -5.64554 0
-19.0557 0 19.304 0 0 -19.304 0
-35.8533 0 35.9741 0 0 -35.9741 0
-53.4624 0 53.6626 0 0 -53.6626 0
-61.378 0 61.614 0 0 -61.614 0
-78.8699 0 78.9806 0 0 -78.9806 0
-94.7841 0 94.9393 0 0 -94.9393 0
-105.275 0 105.469 0 0 -105.469 0
-116.623 0 116.933 0 0 -116.933 0
-92.9594 0 92.6957 0 0 -92.6957 0
-85.2471 0 85.4636 0 0 -85.4636 0
-73.7019 0 73.3823 0 0 -73.3823 0
-59.0274 0 58.6178 0 0 -58.6178 0
-29.4051 0 28.9831 0 0 -28.9831 0
-22.3081 0 21.9405 0 0 -21.9405 0
-13.9621 0 13.4507 0 0 -13.4507 0
-1.14388 0 1.70211 0 0 -1.70211 0
-1.55789 0 1.75544 0 0 -1.75544 0
17.2581 0 -17.3383 0 0 17.3383 0
36.0142 0 -36.1333 0 0 36.1333 0
56.8557 0 -56.8181 0 0 56.8181 0
75.2334 0 -75.2539 0 0 75.2539 0
95.9388 0 -95.9466 0 0 95.9466 0
123.423 0 -123.37 0 0 123.37 0
140.777 0 -140.816 0 0 140.816 0
143.112 0 -143.089 0 0 143.089 0
122.815 0 -122.806 0 0 122.806 0
102.021 0 -102.019 0 0 102.019 0
82.1588 0 -82.1588 0 0 82.1588 0
66.9287 0 -66.9287 0 0 66.9287 0
45.2432 0 -45.2432 0 0 45.2432 0
32.786 0 -32.786 0 0 32.786 0
16.2644 0 -16.2644 0 0 16.2644 0
-6.93873 0 6.93873 0 0 -6.93873 0
-24.8886 0 24.8886 0 0 -24.8886 0
-42.6373 0 42.6373 0 0 -42.6373 0
-62.3013 0 62.3013 0 0 -62.3013 0
-82.2503 0 82.2503 0 0 -82.2503 0
-97.7475 0 97.7475 0 0 -97.7475 0
-122.015 0 122.015 0 0 -122.015 0
-137.952 0 137.952 0 0 -137.952 0
-138.8 0 138.8 0 0 -138.8 0
-120.253 0 120.253 0 0 -120.253 0
-96.0428 0 96.0428 0 0 -96.0428 0
-81.186 0 81.186 0 0 -81.186 0
-62.4633 0 62.4633 0 0 -62.4633 0
-45.0572 0 45.0572 0 0 -45.0572 0
-24.8148 0 24.8148 0 0 -24.8148 0
-14.5769 0 14.5769 0 0 -14.5769 0
-0.345907 0 0.345907 0 0 -0.345907 0
-9.80921e-11 0 0 0 0 0 0
21.1099 0 -21.1099 0 0 21.1099 0
42.7032 0 -42.7032 0 0 42.7032 0
59.919 0 -59.919 0 0 59.919 0
75.5179 0 -75.5179 0 0 75.5179 0
96.089 0 -96.089 0 0 96.089 0
108.576 0 -108.576 0 0 108.576 0
130.269 0 -130.269 0 0 130.269 0
143.126 0 -143.126 0 0 143.126 0
115.052 0 -115.052 0 0 115.052 0
94.8637 0 -94.8637 0 0 94.8637 0
84.4253 0 -84.4253 0 0 84.4253 0
62.339 0 -62.339 0 0 62.339 0
46.6129 0 -46.6129 0 0 46.6129 0
32.632 0 -32.632 0 0 32.632 0
15.1846 0 -15.1846 0 0 15.1846 0
-0.0935967 0 0.0935967 0 0 -0.0935967 0
-24.8998 0 24.8998 0 0 -24.8998 0
-42.831 0 42.831 0 0 -42.831 0
-61.3018 0 61.3018 0 0 -61.3018 0
-72.7888 0 72.7888 0 0 -72.7888 0
-96.3277 0 96.3277 0 0 -96.3277 0
-108.463 0 108.463 0 0 -108.463 0
-128.69 0 128.69 0 0 -128.69 0
-138.805 0 138.805 0 0 -138.805 0
-113.405 0 113.405 0 0 -113.405 0
-95.8863 0 95.8863 0 0 -95.8863 0
-76.2963 0 76.2963 0 0 -76.2963 0
-59.6744 0 59.6744 0 0 -59.6744 0
-40.8817 0 40.8817 0 0 -40.8817 0
-30.5529 0 30.5529 0 0 -30.5529 0
-12.9929 0 12.9929 0 0 -12.9929 0
1.31682 0 -1.31682 0 0 1.31682 0
1.2841 0 -1.2841 0 0 1.2841 0
25.6836 0 -25.6836 0 0 25.6836 0
43.0062 0 -43.0062 0 0 43.0062 0
62.8341 0 -62.8341 0 0 62.8341 0
78.2197 0 -78.2197 0 0 78.2197 0
94.756 0 -94.756 0 0 94.756 0
116.091 0 -116.091 0 0 116.091 0
128.001 0 -128.001 0 0 128.001 0
140.721 0 -140.721 0 0 140.721 0
119.59 0 -119.59 0 0 119.59 0
100.913 0 -100.913 0 0 100.913 0
77.1121 0 -77.1121 0 0 77.1121 0
61.3312 0 -61.3312 0 0 61.3312 0
48.2078 0 -48.2078 0 0 48.2078 0
27.6531 0 -27.6531 0 0 27.6531 0
11.6233 0 -11.6233 0 0 11.6233 0
-0.381154 0 0.381154 0 0 -0.381154 0
-22.8079 0 22.8079 0 0 -22.8079 0
-40.7326 0 40.7326 0 0 -40.7326 0
-57.2707 0 57.2707 0 0 -57.2707 0
-79.184 0 79.184 0 0 -79.184 0
-96.7025 0 96.7025 0 0 -96.7025 0
-111.383 0 111.383 0 0 -111.383 0
-127.249 0 127.249 0 0 -127.249 0
-138.81 0 138.81 0 0 -138.81 0
-119.193 0 119.193 0 0 -119.193 0
-99.4466 0 99.4466 0 0 -99.4466 0
-79.6542 0 79.6542 0 0 -79.6542 0
-60.8838 0 60.8838 0 0 -60.8838 0
-43.8715 0 43.8715 0 0 -43.8715 0
-26.7409 0 26.7409 0 0 -26.7409 0
-13.1334 0 13.1334 0 0 -13.1334 0
-0.2426 0 0.2426 0 0 -0.2426 0
-0.205471 0 0.205471 0 0 -0.205471 0
30.9357 0 -30.9357 0 0 30.9357 0
56.7413 0 -56.7413 0 0 56.7413 0
85.2033 0 -85.2033 0 0 85.2033 0
112.354 0 -112.354 0 0 112.354 0
133.337 0 -133.337 0 0 133.337 0
143.842 0 -143.842 0 0 143.842 0
144.746 0 -144.746 0 0 144.746 0
145.232 0 -145.232 0 0 145.232 0
119.093 0 -119.093 0 0 119.093 0
89.4374 0 -89.4374 0 0 89.4374 0
67.3326 0 -67.3326 0 0 67.3326 0
43.1047 0 -43.1047 0 0 43.1047 0
20.6858 0 -20.6858 0 0 20.6858 0
-9.80752 0 9.80752 0 0 -9.80752 0
-44.4895 0 44.4895 0 0 -44.4895 0
-65.3166 0 65.3166 0 0 -65.3166 0
-91.7397 0 91.7397 0 0 -91.7397 0
-108.908 0 108.908 0 0 -108.908 0
-117.93 0 117.93 0 0 -117.93 0
-128.468 0 128.468 0 0 -128.468 0
-138.892 0 138.892 0 0 -138.892 0
-139.474 0 139.474 0 0 -139.474 0
-140.478 0 140.478 0 0 -140.478 0
-140.895 0 140.895 0 0 -140.895 0
-113.01 0 113.01 0 0 -113.01 0
-83.644 0 83.644 0 0 -83.644 0
-65.8563 0 65.8563 0 0 -65.8563 0
-31.7645 0 31.7645 0 0 -31.7645 0
-18.4245 0 18.4245 0 0 -18.4245 0
1.01938 0 -1.01938 0 0 1.01938 0
24.0322 0 -24.0322 0 0 24.0322 0
41.2752 0 -41.2752 0 0 41.2752 0
41.2877 0 -41.2877 0 0 41.2877 0
74.1653 0 -74.1653 0 0 74.1653 0
101.372 0 -101.372 0 0 101.372 0
110.673 0 -110.673 0 0 110.673 0
116.739 0 -116.739 0 0 116.739 0
124.231 0 -124.231 0 0 124.231 0
132.39 0 -132.39 0 0 132.39 0
139.789 0 -139.789 0 0 139.789 0
145.284 0 -145.284 0 0 145.284 0
108.767 0 -108.767 0 0 108.767 0
85.9841 0 -85.9841 0 0 85.9841 0
57.5051 0 -57.5051 0 0 57.5051 0
36.9588 0 -36.9588 0 0 36.9588 0
15.7778 0 -15.7778 0 0 15.7778 0
-1.78474 0 1.78474 0 0 -1.78474 0
-22.4899 0 22.4899 0 0 -22.4899 0
-42.2988 0 42.2988 0 0 -42.2988 0
-74.8598 0 74.8598 0 0 -74.8598 0
-93.4855 0 93.4855 0 0 -93.4855 0
-108.899 0 108.899 0 0 -108.899 0
-114.544 0 114.544 0 0 -114.544 0
-120.601 0 120.601 0 0 -120.601 0
-128.163 0 128.163 0 0 -128.163 0
-134.35 0 134.35 0 0 -134.35 0
-140.814 0 140.814 0 0 -140.814 0
-109.372 0 109.372 0 0 -109.372 0
-82.0595 0 82.0595 0 0 -82.0595 0
-58.3767 0 58.3767 0 0 -58.3767 0
-31.1338 0 31.1338 0 0 -31.1338 0
-18.2442 0 18.2442 0 0 -18.2442 0
1.20831 0 -1.20831 0 0 1.20831 0
28.4545 0 -28.4545 0 0 28.4545 0
41.4425 0 -41.4425 0 0 41.4425 0
41.3942 0 -41.3942 0 0 41.3942 0
76.6692 0 -76.6692 0 0 76.6692 0
105.444 0 -105.444 0 0 105.444 0
111.144 0 -111.144 0 0 111.144 0
117.839 0 -117.839 0 0 117.839 0
123.732 0 -123.732 0 0 123.732 0
130.88 0 -130.88 0 0 130.88 0
140.328 0 -140.328 0 0 140.328 0
144.223 0 -144.223 0 0 144.223 0
118.517 0 -118.517 0 0 118.517 0
89.5734 0 -89.5734 0 0 89.5734 0
62.3333 0 -62.3333 0 0 62.3333 0
33.2739 0 -33.2739 0 0 33.2739 0
11.7296 0 -11.7296 0 0 11.7296 0
-3.93854 0 3.93854 0 0 -3.93854 0
-18.5377 0 18.5377 0 0 -18.5377 0
-47.2825 0 47.2825 0 0 -47.2825 0
-72.2016 0 72.2016 0 0 -72.2016 0
-94.6788 0 94.6788 0 0 -94.6788 0
-106.089 0 106.089 0 0 -106.089 0
-113.391 0 113.391 0 0 -113.391 0
-119.771 0 119.771 0 0 -119.771 0
-125.993 0 125.993 0 0 -125.993 0
-136.338 0 136.338 0 0 -136.338 0
-140.899 0 140.899 0 0 -140.899 0
-106.976 0 106.976 0 0 -106.976 0
-88.0129 0 88.0129 0 0 -88.0129 0
-65.5177 0 65.5177 0 0 -65.5177 0
-42.142 0 42.142 0 0 -42.142 0
-18.3789 0 18.3789 0 0 -18.3789 0
1.86532 0 -1.86532 0 0 1.86532 0
22.6492 0 -22.6492 0 0 22.6492 0
42.6316 0 -42.6316 0 0 42.6316 0
42.6615 0 -42.6615 0 0 42.6615 0
80.0553 0 -80.0553 0 0 80.0553 0
108.154 0 -108.154 0 0 108.154 0
115.592 0 -115.592 0 0 115.592 0
126.275 0 -126.275 0 0 126.275 0
136.15 0 -136.15 0 0 136.15 0
145.507 0 -145.507 0 0 145.507 0
145.886 0 -145.886 0 0 145.886 0
146.382 0 -146.382 0 0 146.382 0
111.921 0 -111.921 0 0 111.921 0
75.4684 0 -75.4684 0 0 75.4684 0
51.1461 0 -51.1461 0 0 51.1461 0
21.4977 0 -21.4977 0 0 21.4977 0
-4.95395 0 4.95395 0 0 -4.95395 0
-35.5839 0 35.5839 0 0 -35.5839 0
-68.0236 0 68.0236 0 0 -68.0236 0
-77.4047 0 77.4047 0 0 -77.4047 0
-104.979 0 104.979 0 0 -104.979 0
-111.962 0 111.962 0 0 -111.962 0
-119.424 0 119.424 0 0 -119.424 0
-125.491 0 125.491 0 0 -125.491 0
-135.854 0 135.854 0 0 -135.854 0
-141.005 0 141.005 0 0 -141.005 0
-141.501 0 141.501 0 0 -141.501 0
-141.919 0 141.919 0 0 -141.919 0
-112.51 0 112.51 0 0 -112.51 0
-77.1598 0 77.1598 0 0 -77.1598 0
-45.933 0 45.933 0 0 -45.933 0
-13.4228 0 13.4228 0 0 -13.4228 0
12.6509 0 -12.6509 0 0 12.6509 0
33.0232 0 -33.0232 0 0 33.0232 0
41.6257 0 -41.6257 0 0 41.6257 0
59.4888 0 -59.4888 0 0 59.4888 0
59.1686 0 -59.1686 0 0 59.1686 0
96.4057 0 -96.4057 0 0 96.4057 0
105.078 0 -105.078 0 0 105.078 0
112.836 0 -112.836 0 0 112.836 0
119.275 0 -119.275 0 0 119.275 0
125.141 0 -125.141 0 0 125.141 0
133.737 0 -133.737 0 0 133.737 0
141.646 0 -141.646 0 0 141.646 0
146.456 0 -146.456 0 0 146.456 0
103.459 0 -103.459 0 0 103.459 0
69.1854 0 -69.1854 0 0 69.1854 0
40.9257 0 -40.9257 0 0 40.9257 0
16.3972 0 -16.3972 0 0 16.3972 0
-6.1171 0 6.1171 0 0 -6.1171 0
-31.6006 0 31.6006 0 0 -31.6006 0
-50.3265 0 50.3265 0 0 -50.3265 0
-62.2951 0 62.2951 0 0 -62.2951 0
-99.4181 0 99.4181 0 0 -99.4181 0
-105.172 0 105.172 0 0 -105.172 0
-111.28 0 111.28 0 0 -111.28 0
-116.969 0 116.969 0 0 -116.969 0
-122.873 0 122.873 0 0 -122.873 0
-130.403 0 130.403 0 0 -130.403 0
-137.702 0 137.702 0 0 -137.702 0
-141.897 0 141.897 0 0 -141.897 0
-104.131 0 104.131 0 0 -104.131 0
-73.7723 0 73.7723 0 0 -73.7723 0
-53.9091 0 53.9091 0 0 -53.9091 0
-20.8519 0 20.8519 0 0 -20.8519 0
2.11661 0 -2.11661 0 0 2.11661 0
30.8634 0 -30.8634 0 0 30.8634 0
47.9276 0 -47.9276 0 0 47.9276 0
58.5982 0 -58.5982 0 0 58.5982 0
58.4076 0 -58.4076 0 0 58.4076 0
90.703 0 -90.703 0 0 90.703 0
105.417 0 -105.417 0 0 105.417 0
114.175 0 -114.175 0 0 114.175 0
118.315 0 -118.315 0 0 118.315 0
124.624 0 -124.624 0 0 124.624 0
131.287 0 -131.287 0 0 131.287 0
140.864 0 -140.864 0 0 140.864 0
144.114 0 -144.114 0 0 144.114 0
114.962 0 -114.962 0 0 114.962 0
76.7922 0 -76.7922 0 0 76.7922 0
53.3607 0 -53.3607 0 0 53.3607 0
23.8941 0 -23.8941 0 0 23.8941 0
-2.80545 0 2.80545 0 0 -2.80545 0
-21.6426 0 21.6426 0 0 -21.6426 0
-45.2511 0 45.2511 0 0 -45.2511 0
-61.6131 0 61.6131 0 0 -61.6131 0
-91.5176 0 91.5176 0 0 -91.5176 0
-104.29 0 104.29 0 0 -104.29 0
-109.913 0 109.913 0 0 -109.913 0
-116.942 0 116.942 0 0 -116.942 0
-122.591 0 122.591 0 0 -122.591 0
-131.36 0 131.36 0 0 -131.36 0
-136.316 0 136.316 0 0 -136.316 0
-141.769 0 141.769 0 0 -141.769 0
-110.605 0 110.605 0 0 -110.605 0
-77.2234 0 77.2234 0 0 -77.2234 0
-48.6504 0 48.6504 0 0 -48.6504 0
-18.5987 0 18.5987 0 0 -18.5987 0
5.65678 0 -5.65678 0 0 5.65678 0
24.5002 0 -24.5002 0 0 24.5002 0
43.5792 0 -43.5792 0 0 43.5792 0
59.9541 0 -59.9541 0 0 59.9541 0
59.7982 0 -59.7982 0 0 59.7982 0
103.173 0 -103.173 0 0 103.173 0
112.936 0 -112.936 0 0 112.936 0
121.788 0 -121.788 0 0 121.788 0
132.46 0 -132.46 0 0 132.46 0
143.455 0 -143.455 0 0 143.455 0
146.947 0 -146.947 0 0 146.947 0
147.822 0 -147.822 0 0 147.822 0
148.439 0 -148.439 0 0 148.439 0
108.647 0 -108.647 0 0 108.647 0
67.9709 0 -67.9709 0 0 67.9709 0
20.5486 0 -20.5486 0 0 20.5486 0
-2.30785 0 2.30785 0 0 -2.30785 0
-28.042 0 28.042 0 0 -28.042 0
-53.7536 0 53.7536 0 0 -53.7536 0
-79.5626 0 79.5626 0 0 -79.5626 0
-94.6055 0 94.6055 0 0 -94.6055 0
-108.362 0 108.362 0 0 -108.362 0
-115.713 0 115.713 0 0 -115.713 0
-123.722 0 123.722 0 0 -123.722 0
-132.906 0 132.906 0 0 -132.906 0
-140.096 0 140.096 0 0 -140.096 0
-142.571 0 142.571 0 0 -142.571 0
-143.269 0 143.269 0 0 -143.269 0
-143.99 0 143.99 0 0 -143.99 0
-104.11 0 104.11 0 0 -104.11 0
-63.6063 0 63.6063 0 0 -63.6063 0
-22.7231 0 22.7231 0 0 -22.7231 0
3.75648 0 -3.75648 0 0 3.75648 0
25.6389 0 -25.6389 0 0 25.6389 0
41.3199 0 -41.3199 0 0 41.3199 0
59.3086 0 -59.3086 0 0 59.3086 0
76.5246 0 -76.5246 0 0 76.5246 0
76.2672 0 -76.2672 0 0 76.2672 0
98.4413 0 -98.4413 0 0 98.4413 0
109.036 0 -109.036 0 0 109.036 0
115.383 0 -115.383 0 0 115.383 0
122.643 0 -122.643 0 0 122.643 0
130.603 0 -130.603 0 0 130.603 0
137.228 0 -137.228 0 0 137.228 0
143.01 0 -143.01 0 0 143.01 0
148.373 0 -148.373 0 0 148.373 0
99.2013 0 -99.2013 0 0 99.2013 0
64.7087 0 -64.7087 0 0 64.7087 0
29.7174 0 -29.7174 0 0 29.7174 0
-5.81172 0 5.81172 0 0 -5.81172 0
-22.5376 0 22.5376 0 0 -22.5376 0
-42.9434 0 42.9434 0 0 -42.9434 0
-64.3789 0 64.3789 0 0 -64.3789 0
-73.661 0 73.661 0 0 -73.661 0
-100.613 0 100.613 0 0 -100.613 0
-106.89 0 106.89 0 0 -106.89 0
-112.814 0 112.814 0 0 -112.814 0
-118.494 0 118.494 0 0 -118.494 0
-124.842 0 124.842 0 0 -124.842 0
-133.835 0 133.835 0 0 -133.835 0
-138.839 0 138.839 0 0 -138.839 0
-143.992 0 143.992 0 0 -143.992 0
-93.4776 0 93.4776 0 0 -93.4776 0
-66.03 0 66.03 0 0 -66.03 0
-27.3006 0 27.3006 0 0 -27.3006 0
5.10979 0 -5.10979 0 0 5.10979 0
25.8867 0 -25.8867 0 0 25.8867 0
46.7811 0 -46.7811 0 0 46.7811 0
61.9928 0 -61.9928 0 0 61.9928 0
79.7023 0 -79.7023 0 0 79.7023 0
79.7698 0 -79.7698 0 0 79.7698 0
98.0942 0 -98.0942 0 0 98.0942 0
109.628 0 -109.628 0 0 109.628 0
114.684 0 -114.684 0 0 114.684 0
122.639 0 -122.639 0 0 122.639 0
128.693 0 -128.693 0 0 128.693 0
137.519 0 -137.519 0 0 137.519 0
144.066 0 -144.066 0 0 144.066 0
148.383 0 -148.383 0 0 148.383 0
107.961 0 -107.961 0 0 107.961 0
58.3469 0 -58.3469 0 0 58.3469 0
25.1939 0 -25.1939 0 0 25.1939 0
-6.30219 0 6.30219 0 0 -6.30219 0
-24.7322 0 24.7322 0 0 -24.7322 0
-42.9164 0 42.9164 0 0 -42.9164 0
-59.1986 0 59.1986 0 0 -59.1986 0
-78.789 0 78.789 0 0 -78.789 0
-100.919 0 100.919 0 0 -100.919 0
-108.102 0 108.102 0 0 -108.102 0
-112.593 0 112.593 0 0 -112.593 0
-118.812 0 118.812 0 0 -118.812 0
-125.067 0 125.067 0 0 -125.067 0
-132.461 0 132.461 0 0 -132.461 0
-139.119 0 139.119 0 0 -139.119 0
-143.727 0 143.727 0 0 -143.727 0
-102.243 0 102.243 0 0 -102.243 0
-59.7843 0 59.7843 0 0 -59.7843 0
-21.5708 0 21.5708 0 0 -21.5708 0
3.5176 0 -3.5176 0 0 3.5176 0
26.7894 0 -26.7894 0 0 26.7894 0
44.3194 0 -44.3194 0 0 44.3194 0
60.5002 0 -60.5002 0 0 60.5002 0
75.4789 0 -75.4789 0 0 75.4789 0
75.4066 0 -75.4066 0 0 75.4066 0
96.9177 0 -96.9177 0 0 96.9177 0
107.681 0 -107.681 0 0 107.681 0
115.637 0 -115.637 0 0 115.637 0
122.359 0 -122.359 0 0 122.359 0
131.607 0 -131.607 0 0 131.607 0
135.981 0 -135.981 0 0 135.981 0
143.811 0 -143.811 0 0 143.811 0
149.969 0 -149.969 0 0 149.969 0
150.062 0 -150.062 0 0 150.062 0
150.62 0 -150.62 0 0 150.62 0
150.66 0 -150.66 0 0 150.66 0
146.2 0 -146.2 0 0 146.2 0
143.884 0 -143.884 0 0 143.884 0
138.18 0 -138.18 0 0 138.18 0
136.035 0 -136.035 0 0 136.035 0
131.599 0 -131.599 0 0 131.599 0
129.6 0 -129.6 0 0 129.6 0
127.553 0 -127.553 0 0 127.553 0
127.211 0 -127.211 0 0 127.211 0
123.848 0 -123.848 0 0 123.848 0
97.7905 0 -97.7905 0 0 97.7905 0
47.2117 0 -47.2117 0 0 47.2117 0
-0.460785 0 0.460785 0 0 -0.460785 0
-18.4356 0 18.4356 0 0 -18.4356 0
-40.1456 0 40.1456 0 0 -40.1456 0
-60.7258 0 60.7258 0 0 -60.7258 0
-78.895 0 78.895 0 0 -78.895 0
-95.153 0 95.153 0 0 -95.153 0
-108.021 0 108.021 0 0 -108.021 0
-114.914 0 114.914 0 0 -114.914 0
-123.564 0 123.564 0 0 -123.564 0
-130.525 0 130.525 0 0 -130.525 0
-138.05 0 138.05 0 0 -138.05 0
-144.385 0 144.385 0 0 -144.385 0
-145.366 0 145.366 0 0 -145.366 0
-146.135 0 146.135 0 0 -146.135 0
-96.9509 0 96.9509 0 0 -96.9509 0
-45.2317 0 45.2317 0 0 -45.2317 0
2.08342 0 -2.08342 0 0 2.08342 0
17.0968 0 -17.0968 0 0 17.0968 0
35.7846 0 -35.7846 0 0 35.7846 0
51.0576 0 -51.0576 0 0 51.0576 0
69.1026 0 -69.1026 0 0 69.1026 0
83.7037 0 -83.7037 0 0 83.7037 0
82.5007 0 -82.5007 0 0 82.5007 0
104.27 0 -104.27 0 0 104.27 0
112.894 0 -112.894 0 0 112.894 0
118.186 0 -118.186 0 0 118.186 0
126.03 0 -126.03 0 0 126.03 0
131.709 0 -131.709 0 0 131.709 0
138.922 0 -138.922 0 0 138.922 0
144.886 0 -144.886 0 0 144.886 0
150.295 0 -150.295 0 0 150.295 0
99.3017 0 -99.3017 0 0 99.3017 0
52.0624 0 -52.0624 0 0 52.0624 0
5.18624 0 -5.18624 0 0 5.18624 0
-17.2378 0 17.2378 0 0 -17.2378 0
-33.9328 0 33.9328 0 0 -33.9328 0
-52.575 0 52.575 0 0 -52.575 0
-69.9156 0 69.9156 0 0 -69.9156 0
-81.7927 0 81.7927 0 0 -81.7927 0
-102.887 0 102.887 0 0 -102.887 0
-108.084 0 108.084 0 0 -108.084 0
-113.913 0 113.913 0 0 -113.913 0
-121.422 0 121.422 0 0 -121.422 0
-128.111 0 128.111 0 0 -128.111 0
-135.058 0 135.058 0 0 -135.058 0
-140.442 0 140.442 0 0 -140.442 0
-145.441 0 145.441 0 0 -145.441 0
-94.6692 0 94.6692 0 0 -94.6692 0
-40.9363 0 40.9363 0 0 -40.9363 0
1.47557 0 -1.47557 0 0 1.47557 0
18.5754 0 -18.5754 0 0 18.5754 0
42.9616 0 -42.9616 0 0 42.9616 0
55.8153 0 -55.8153 0 0 55.8153 0
71.1426 0 -71.1426 0 0 71.1426 0
82.7806 0 -82.7806 0 0 82.7806 0
80.8787 0 -80.8787 0 0 80.8787 0
107.195 0 -107.195 0 0 107.195 0
119.842 0 -119.842 0 0 119.842 0
128.996 0 -128.996 0 0 128.996 0
139.108 0 -139.108 0 0 139.108 0
148.091 0 -148.091 0 0 148.091 0
151.821 0 -151.821 0 0 151.821 0
153.394 0 -153.394 0 0 153.394 0
154.82 0 -154.82 0 0 154.82 0
93.2377 0 -93.2377 0 0 93.2377 0
30.8654 0 -30.8654 0 0 30.8654 0
-10.948 0 10.948 0 0 -10.948 0
-32.3378 0 32.3378 0 0 -32.3378 0
-52.8946 0 52.8946 0 0 -52.8946 0
-70.0711 0 70.0711 0 0 -70.0711 0
-91.675 0 91.675 0 0 -91.675 0
-104.474 0 104.474 0 0 -104.474 0
-115.524 0 115.524 0 0 -115.524 0
-122.458 0 122.458 0 0 -122.458 0
-129.525 0 129.525 0 0 -129.525 0
-137.684 0 137.684 0 0 -137.684 0
-145.79 0 145.79 0 0 -145.79 0
-147.421 0 147.421 0 0 -147.421 0
-148.888 0 148.888 0 0 -148.888 0
-150.163 0 150.163 0 0 -150.163 0
-89.9396 0 89.9396 0 0 -89.9396 0
-18.8253 0 18.8253 0 0 -18.8253 0
10.4834 0 -10.4834 0 0 10.4834 0
27.7371 0 -27.7371 0 0 27.7371 0
42.8373 0 -42.8373 0 0 42.8373 0
63.2053 0 -63.2053 0 0 63.2053 0
78.7665 0 -78.7665 0 0 78.7665 0
91.4795 0 -91.4795 0 0 91.4795 0
90.6075 0 -90.6075 0 0 90.6075 0
109.875 0 -109.875 0 0 109.875 0
118.255 0 -118.255 0 0 118.255 0
125.602 0 -125.602 0 0 125.602 0
131.508 0 -131.508 0 0 131.508 0
137.875 0 -137.875 0 0 137.875 0
145.242 0 -145.242 0 0 145.242 0
151.265 0 -151.265 0 0 151.265 0
154.808 0 -154.808 0 0 154.808 0
90.5146 0 -90.5146 0 0 90.5146 0
22.4643 0 -22.4643 0 0 22.4643 0
-12.4463 0 12.4463 0 0 -12.4463 0
-27.3566 0 27.3566 0 0 -27.3566 0
-44.9653 0 44.9653 0 0 -44.9653 0
-61.7178 0 61.7178 0 0 -61.7178 0
-75.6815 0 75.6815 0 0 -75.6815 0
-88.5303 0 88.5303 0 0 -88.5303 0
-106.608 0 106.608 0 0 -106.608 0
-113.295 0 113.295 0 0 -113.295 0
-120.013 0 120.013 0 0 -120.013 0
-126.364 0 126.364 0 0 -126.364 0
-132.163 0 132.163 0 0 -132.163 0
-139.562 0 139.562 0 0 -139.562 0
-146.088 0 146.088 0 0 -146.088 0
-150.247 0 150.247 0 0 -150.247 0
-83.9321 0 83.9321 0 0 -83.9321 0
-16.4373 0 16.4373 0 0 -16.4373 0
9.43196 0 -9.43196 0 0 9.43196 0
27.0503 0 -27.0503 0 0 27.0503 0
45.7934 0 -45.7934 0 0 45.7934 0
61.5907 0 -61.5907 0 0 61.5907 0
77.3136 0 -77.3136 0 0 77.3136 0
93.7405 0 -93.7405 0 0 93.7405 0
94.5482 0 -94.5482 0 0 94.5482 0
112.771 0 -112.771 0 0 112.771 0
122.255 0 -122.255 0 0 122.255 0
131.789 0 -131.789 0 0 131.789 0
138.998 0 -138.998 0 0 138.998 0
148.552 0 -148.552 0 0 148.552 0
155.412 0 -155.412 0 0 155.412 0
157.292 0 -157.292 0 0 157.292 0
159.154 0 -159.154 0 0 159.154 0
80.1737 0 -80.1737 0 0 80.1737 0
-0.837131 0 0.837131 0 0 -0.837131 0
-17.6343 0 17.6343 0 0 -17.6343 0
-37.6187 0 37.6187 0 0 -37.6187 0
-54.0807 0 54.0807 0 0 -54.0807 0
-73.209 0 73.209 0 0 -73.209 0
-91.5678 0 91.5678 0 0 -91.5678 0
-106.678 0 106.678 0 0 -106.678 0
-115.266 0 115.266 0 0 -115.266 0
-122.423 0 122.423 0 0 -122.423 0
-130.435 0 130.435 0 0 -130.435 0
-137.319 0 137.319 0 0 -137.319 0
-144.719 0 144.719 0 0 -144.719 0
-150.751 0 150.751 0 0 -150.751 0
-152.468 0 152.468 0 0 -152.468 0
-154.28 0 154.28 0 0 -154.28 0
-79.7954 0 79.7954 0 0 -79.7954 0
0.205621 0 -0.205621 0 0 0.205621 0
18.2044 0 -18.2044 0 0 18.2044 0
35.7304 0 -35.7304 0 0 35.7304 0
49.1803 0 -49.1803 0 0 49.1803 0
65.0109 0 -65.0109 0 0 65.0109 0
82.4934 0 -82.4934 0 0 82.4934 0
99.0223 0 -99.0223 0 0 99.0223 0
98.8564 0 -98.8564 0 0 98.8564 0
115.957 0 -115.957 0 0 115.957 0
121.221 0 -121.221 0 0 121.221 0
128.436 0 -128.436 0 0 128.436 0
134.552 0 -134.552 0 0 134.552 0
141.949 0 -141.949 0 0 141.949 0
147.22 0 -147.22 0 0 147.22 0
154.799 0 -154.799 0 0 154.799 0
158.708 0 -158.708 0 0 158.708 0
71.2549 0 -71.2549 0 0 71.2549 0
3.51306 0 -3.51306 0 0 3.51306 0
-16.4247 0 16.4247 0 0 -16.4247 0
-32.5056 0 32.5056 0 0 -32.5056 0
-47.9936 0 47.9936 0 0 -47.9936 0
-67.9359 0 67.9359 0 0 -67.9359 0
-82.5209 0 82.5209 0 0 -82.5209 0
-95.6105 0 95.6105 0 0 -95.6105 0
-111.276 0 111.276 0 0 -111.276 0
-116.955 0 116.955 0 0 -116.955 0
-124.364 0 124.364 0 0 -124.364 0
-129.868 0 129.868 0 0 -129.868 0
-138.292 0 138.292 0 0 -138.292 0
-143.971 0 143.971 0 0 -143.971 0
-148.669 0 148.669 0 0 -148.669 0
-154.42 0 154.42 0 0 -154.42 0
-66.4794 0 66.4794 0 0 -66.4794 0
0.880969 0 -0.880969 0 0 0.880969 0
18.1469 0 -18.1469 0 0 18.1469 0
34.5509 0 -34.5509 0 0 34.5509 0
54.2333 0 -54.2333 0 0 54.2333 0
70.1663 0 -70.1663 0 0 70.1663 0
86.8899 0 -86.8899 0 0 86.8899 0
99.313 0 -99.313 0 0 99.313 0
98.2935 0 -98.2935 0 0 98.2935 0
117.677 0 -117.677 0 0 117.677 0
125.074 0 -125.074 0 0 125.074 0
132.433 0 -132.433 0 0 132.433 0
140.949 0 -140.949 0 0 140.949 0
148.866 0 -148.866 0 0 148.866 0
156.823 0 -156.823 0 0 156.823 0
125.869 0 -125.869 0 0 125.869 0
90.6059 0 -90.6059 0 0 90.6059 0
-0.450162 0 0.450162 0 0 -0.450162 0
-20.6202 0 20.6202 0 0 -20.6202 0
-36.8792 0 36.8792 0 0 -36.8792 0
-52.8439 0 52.8439 0 0 -52.8439 0
-71.5874 0 71.5874 0 0 -71.5874 0
-85.7604 0 85.7604 0 0 -85.7604 0
-106.185 0 106.185 0 0 -106.185 0
-112.34 0 112.34 0 0 -112.34 0
-119.2 0 119.2 0 0 -119.2 0
-126.675 0 126.675 0 0 -126.675 0
-132.933 0 132.933 0 0 -132.933 0
-139.663 0 139.663 0 0 -139.663 0
-146.877 0 146.877 0 0 -146.877 0
-152.463 0 152.463 0 0 -152.463 0
-123.22 0 123.22 0 0 -123.22 0
-86.896 0 86.896 0 0 -86.896 0
0.275606 0 -0.275606 0 0 0.275606 0
10.9597 0 -10.9597 0 0 10.9597 0
19.246 0 -19.246 0 0 19.246 0
27.6899 0 -27.6899 0 0 27.6899 0
36.8619 0 -36.8619 0 0 36.8619 0
44.2752 0 -44.2752 0 0 44.2752 0
53.7399 0 -53.7399 0 0 53.7399 0
62.6458 0 -62.6458 0 0 62.6458 0
62.7811 0 -62.7811 0 0 62.7811 0
66.5791 0 -66.5791 0 0 66.5791 0
70.1955 0 -70.1955 0 0 70.1955 0
73.7637 0 -73.7637 0 0 73.7637 0
77.5984 0 -77.5984 0 0 77.5984 0
80.7317 0 -80.7317 0 0 80.7317 0
84.7293 0 -84.7293 0 0 84.7293 0
88.1488 0 -88.1488 0 0 88.1488 0
89.1349 0 -89.1349 0 0 89.1349 0
-0.317471 0 0.317471 0 0 -0.317471 0
-9.9248 0 9.9248 0 0 -9.9248 0
-19.3906 0 19.3906 0 0 -19.3906 0
-27.4341 0 27.4341 0 0 -27.4341 0
-35.4702 0 35.4702 0 0 -35.4702 0
-43.7178 0 43.7178 0 0 -43.7178 0
-54.4116 0 54.4116 0 0 -54.4116 0
-60.2091 0 60.2091 0 0 -60.2091 0
-64.2205 0 64.2205 0 0 -64.2205 0
-67.2501 0 67.2501 0 0 -67.2501 0
-70.7637 0 70.7637 0 0 -70.7637 0
-73.7324 0 73.7324 0 0 -73.7324 0
-76.6973 0 76.6973 0 0 -76.6973 0
-80.2169 0 80.2169 0 0 -80.2169 0
-83.5042 0 83.5042 0 0 -83.5042 0
-86.7219 0 86.7219 0 0 -86.7219 0
0.0992019 0 -0.0992019 0 0 0.0992019 0
8.80019 0 -8.80019 0 0 8.80019 0
16.9905 0 -16.9905 0 0 16.9905 0
25.4096 0 -25.4096 0 0 25.4096 0
33.3445 0 -33.3445 0 0 33.3445 0
42.9686 0 -42.9686 0 0 42.9686 0
50.934 0 -50.934 0 0 50.934 0
58.7812 0 -58.7812 0 0 58.7812 0
58.5984 0 -58.5984 0 0 58.5984 0
66.5697 0 -66.5697 0 0 66.5697 0
70.7611 0 -70.7611 0 0 70.7611 0
74.2308 0 -74.2308 0 0 74.2308 0
78.9174 0 -78.9174 0 0 78.9174 0
83.124 0 -83.124 0 0 83.124 0
87.7179 0 -87.7179 0 0 87.7179 0
55.1 0 -55.1 0 0 55.1 0
55.1 0 -55.1 0 0 55.1 0
-5.5265 0 5.5265 0 0 -5.5265 0
-18.6291 0 18.6291 0 0 -18.6291 0
-25.9511 0 25.9511 0 0 -25.9511 0
-32.6737 0 32.6737 0 0 -32.6737 0
-41.9317 0 41.9317 0 0 -41.9317 0
-50.2097 0 50.2097 0 0 -50.2097 0
-59.5722 0 59.5722 0 0 -59.5722 0
-62.7046 0 62.7046 0 0 -62.7046 0
-67.1304 0 67.1304 0 0 -67.1304 0
-70.8664 0 70.8664 0 0 -70.8664 0
-74.1285 0 74.1285 0 0 -74.1285 0
-78.514 0 78.514 0 0 -78.514 0
-81.6498 0 81.6498 0 0 -81.6498 0
-85.3244 0 85.3244 0 0 -85.3244 0
-64.265 0 64.265 0 0 -64.265 0
-53.447 0 53.447 0 0 -53.447 0
3.28924 0 -3.28924 0 0 3.28924 0
8.7113 0 -8.7113 0 0 8.7113 0
13.6493 0 -13.6493 0 0 13.6493 0
18.754 0 -18.754 0 0 18.754 0
23.5562 0 -23.5562 0 0 23.5562 0
29.4025 0 -29.4025 0 0 29.4025 0
33.5761 0 -33.5761 0 0 33.5761 0
37.5325 0 -37.5325 0 0 37.5325 0
37.349 0 -37.349 0 0 37.349 0
