0.0896714 0.0896714
2.85239 2.85239
7.17499 7.17499
11.5288 11.5288
16.6838 16.6838
13.9305 13.9305
10.5914 10.5914
7.14044 7.14044
2.75215 2.75215
-0.62452 -0.62452
-4.68587 -4.68587
-8.81247 -8.81247
-13.8594 -13.8594
-12.4451 -12.4451
-11.6077 -11.6077
-8.51608 -8.51608
-4.34006 -4.34006
-0.276839 -0.276839
3.64745 3.64745
7.74639 7.74639
11.7517 11.7517
16.231 16.231
13.5702 13.5702
10.083 10.083
6.24839 6.24839
2.10395 2.10395
-1.76642 -1.76642
-5.46047 -5.46047
-5.8896 -5.8896
-10.129 -10.129
-14.2517 -14.2517
-12.0651 -12.0651
-8.09329 -8.09329
-4.20188 -4.20188
-0.147442 -0.147442
4.49645 4.49645
8.36273 8.36273
12.3397 12.3397
16.4221 16.4221
13.4781 13.4781
10.0415 10.0415
5.82005 5.82005
2.15202 2.15202
-2.05773 -2.05773
-2.0665 -2.0665
-6.19435 -6.19435
-10.5758 -10.5758
-14.4314 -14.4314
-11.6712 -11.6712
-8.151 -8.151
-4.12475 -4.12475
-4.11273 -4.11273
0.416782 0.416782
8.43913 8.43913
16.613 16.613
26.4441 26.4441
31.5434 31.5434
31.617 31.617
26.732 26.732
19.3986 19.3986
11.2453 11.2453
1.71424 1.71424
-6.55792 -6.55792
-16.0048 -16.0048
-24.6264 -24.6264
-29.7281 -29.7281
-24.2437 -24.2437
-17.4987 -17.4987
0.306613 0.306613
9.00727 9.00727
18.4043 18.4043
27.2526 27.2526
31.856 31.8882
22.5413 22.6817
18.2025 18.0911
9.81261 9.73229
0.321556 0.272765
-8.33468 -8.35116
-17.7441 -17.7463
-26.2497 -26.2497
-30.3612 -30.3612
-25.156 -25.156
-17.5943 -17.5943
-8.70742 -8.70742
-8.58445 -8.58445
1.05321 1.05321
10.394 10.394
19.3423 19.3423
28.3419 28.3419
32.115 32.115
32.1705 32.1705
26.7052 26.7052
18.2258 18.2258
17.6194 17.6194
16.9686 16.9686
16.6307 16.6307
16.0514 16.0514
15.132 15.132
14.9213 14.9213
14.7701 14.7701
14.7731 14.7731
14.74 14.74
14.5925 14.5925
14.5707 14.5707
14.503 14.503
14.5745 14.5745
14.5609 14.5609
14.5692 14.5692
14.4864 14.4864
14.4556 14.4556
-0.563856 -0.563856
-0.500805 -0.500805
-9.42479 -9.42479
-18.5877 -18.5877
-26.8 -26.8
-26.876 -26.876
-30.6434 -30.6434
-24.8495 -24.8495
-17.1769 -17.1769
-7.34019 -7.34019
0.702601 0.702601
19.9022 19.9022
32.4555 32.5013
44.9039 44.9277
60.4457 60.4535
60.6417 60.6417
49.9421 49.942
36.8788 36.8788
36.566 36.566
20.8764 20.8764
2.87215 2.87215
-19.58 -19.58
-29.9599 -29.9599
-42.4386 -42.4386
-56.1661 -56.1661
-46.452 -46.452
-33.6326 -33.6326
-18.1192 -18.1192
-17.6583 -17.6583
0.421925 0.414608
21.7563 21.6915
40.1055 40.162
54.3557 54.3426
61.8676 61.8747
49.0441 49.0705
35.5321 35.523
17.8838 17.8825
-2.35952 -2.35957
-22.3445 -22.3445
-39.6224 -39.6224
-50.9179 -50.9179
-58.2802 -58.2802
-47.9875 -47.9875
-34.4394 -34.4394
-18.0335 -18.0335
-17.8641 -17.8641
1.39077 1.39077
24.6175 24.6175
43.5855 43.5855
56.0231 56.0231
62.7992 62.7992
50.9019 50.9019
36.2272 36.2272
18.3144 18.3144
-3.01627 -3.01627
-23.7458 -23.7458
-40.4072 -40.4072
-52.6079 -52.6079
-59.4254 -59.4254
-48.4945 -48.4945
-34.8758 -34.8758
-17.8807 -17.8807
2.02071 2.02071
37.8048 37.8048
20.8429 20.8429
21.1929 21.1929
31.6096 31.6096
44.6817 44.6817
55.0351 55.0351
60.9103 60.9103
68.1536 68.1536
76.9805 76.9805
85.2601 85.2601
73.2431 73.2431
61.8102 61.8102
51.2119 51.2119
39.6613 39.6613
27.4249 27.4249
16.747 16.747
7.06763 7.06763
-8.5438 -8.5438
-20.0746 -20.0746
-32.7269 -32.7269
-43.4402 -43.4402
-52.7806 -52.7806
-58.3325 -58.3325
-65.6453 -65.6453
-74.213 -74.213
-82.7538 -82.7538
-70.5755 -70.5755
-59.883 -59.883
-48.8943 -48.8943
-38.7847 -38.7847
-24.8591 -24.8591
-16.7509 -16.7509
-6.69961 -6.69961
5.90832 5.90832
5.95279 5.95279
16.787 16.787
30.5271 30.5271
37.4967 37.4967
49.7788 49.7788
60.2991 60.2991
71.0937 71.0937
80.6323 80.6323
85.1988 85.1988
72.9462 72.9462
59.967 59.967
51.617 51.617
39.2225 39.2225
28.6502 28.6502
17.962 17.962
1.93349 1.93349
-4.4163 -4.4163
-15.0202 -15.0202
-29.8678 -29.8678
-37.4772 -37.4772
-47.4086 -47.4086
-58.9148 -58.9148
-68.3937 -68.3937
-78.5113 -78.5113
-83.6654 -83.6654
-70.9854 -70.9854
-57.5537 -57.5537
-47.8617 -47.8617
-37.4461 -37.4461
-23.962 -23.962
-14.3315 -14.3315
-6.79391 -6.79391
4.31435 4.31435
4.25598 4.25598
18.9783 18.9783
25.81 25.81
40.9246 40.9246
51.6402 51.6402
60.2892 60.2892
70.4261 70.4261
80.4112 80.4112
85.2994 85.2994
73.1128 73.1128
62.3641 62.3641
50.8449 50.8449
38.0521 38.0521
27.3531 27.3531
17.6307 17.6307
4.99984 4.99984
-5.08484 -5.08484
-17.3616 -17.3616
-27.7278 -27.7278
-40.7888 -40.7888
-48.9397 -48.9397
-58.3676 -58.3676
-69.7629 -69.7629
-79.0195 -79.0195
-84.2016 -84.2016
-68.6425 -68.6425
-58.167 -58.167
-47.0602 -47.0602
-37.1803 -37.1803
-26.1452 -26.1452
-13.201 -13.201
-3.25236 -3.25236
4.61632 4.61632
4.96818 4.96818
22.3971 22.3971
39.3667 39.3667
57.5019 57.5019
70.8076 70.8076
83.11 83.11
95.0358 95.0358
107.937 107.937
120.631 120.631
105.212 105.212
89.5611 89.5611
74.061 74.061
60.5961 60.5961
44.7822 44.7822
32.2365 32.2365
17.4489 17.4489
2.90801 2.90801
-14.5471 -14.5471
-31.1295 -31.1295
-53.8411 -53.8411
-68.4176 -68.4176
-79.4911 -79.4911
-92.1641 -92.1641
-105.596 -105.596
-117.986 -117.986
-100.181 -100.181
-85.3738 -85.3738
-67.5857 -67.5857
-57.8008 -57.8008
-45.3094 -45.3094
-29.69 -29.69
-15.4164 -15.4164
-0.607937 -0.607937
-1.71584e-10 0
14.1525 14.1525
30.586 30.586
47.2641 47.2641
63.3692 63.3692
76.2464 76.2464
85.766 85.766
102.606 102.606
120.634 120.634
99.6337 99.6337
87.6944 87.6944
75.2451 75.2451
59.3822 59.3822
46.5657 46.5657
30.8133 30.8133
16.9965 16.9965
1.38753 1.38753
-12.7284 -12.7284
-24.796 -24.796
-42.623 -42.623
-57.8327 -57.8327
-68.3387 -68.3387
-81.3223 -81.3223
-96.9136 -96.9136
-113.653 -118.023
-97.8077 -96.2751
-87.1345 -87.1345
-71.6498 -71.6498
-57.2257 -57.2257
-44.0817 -44.0817
-29.4375 -29.4375
-17.277 -17.277
-1.75072 -1.75072
-1.23521 -1.23521
11.4677 11.4677
26.0403 26.0403
45.74 45.74
61.335 61.335
71.9867 71.9867
91.0559 91.0559
102.546 102.546
120.415 112.037
92.3972 89.8783
83.1492 81.7278
68.4937 67.476
51.643 51.1402
38.8454 38.3708
25.4932 25.057
9.27214 8.83683
-5.28233 -5.64554
-19.0557 -19.304
-35.8533 -35.9741
-53.4624 -53.6626
-61.378 -61.614
-78.8699 -78.9806
-94.7841 -94.9393
-105.275 -105.469
-116.623 -116.933
-92.9594 -92.6957
-85.2471 -85.4636
-73.7019 -73.3823
-59.0274 -58.6178
-29.4051 -28.9831
-22.3081 -21.9405
-13.9621 -13.4507
-1.14388 -1.70211
-1.55789 -1.75544
17.2581 17.3383
36.0142 36.1333
56.8557 56.8181
75.2334 75.2539
95.9388 95.9466
123.423 123.37
140.777 140.816
143.112 143.089
122.815 122.806
102.021 102.019
82.1588 82.1588
66.9287 66.9287
45.2432 45.2432
32.786 32.786
16.2644 16.2644
-6.93873 -6.93873
-24.8886 -24.8886
-42.6373 -42.6373
-62.3013 -62.3013
-82.2503 -82.2503
-97.7475 -97.7475
-122.015 -122.015
-137.952 -137.952
-138.8 -138.8
-120.253 -120.253
-96.0428 -96.0428
-81.186 -81.186
-62.4633 -62.4633
-45.0572 -45.0572
-24.8148 -24.8148
-14.5769 -14.5769
-0.345907 -0.345907
-9.80921e-11 0
21.1099 21.1099
42.7032 42.7032
59.919 59.919
75.5179 75.5179
96.089 96.089
108.576 108.576
130.269 130.269
143.126 143.126
115.052 115.052
94.8637 94.8637
84.4253 84.4253
62.339 62.339
46.6129 46.6129
32.632 32.632
15.1846 15.1846
-0.0935967 -0.0935967
-24.8998 -24.8998
-42.831 -42.831
-61.3018 -61.3018
-72.7888 -72.7888
-96.3277 -96.3277
-108.463 -108.463
-128.69 -128.69
-138.805 -138.805
-113.405 -113.405
-95.8863 -95.8863
-76.2963 -76.2963
-59.6744 -59.6744
-40.8817 -40.8817
-30.5529 -30.5529
-12.9929 -12.9929
1.31682 1.31682
1.2841 1.2841
25.6836 25.6836
43.0062 43.0062
62.8341 62.8341
78.2197 78.2197
94.756 94.756
116.091 116.091
128.001 128.001
140.721 140.721
119.59 119.59
100.913 100.913
77.1121 77.1121
61.3312 61.3312
48.2078 48.2078
27.6531 27.6531
11.6233 11.6233
-0.381154 -0.381154
-22.8079 -22.8079
-40.7326 -40.7326
-57.2707 -57.2707
-79.184 -79.184
-96.7025 -96.7025
-111.383 -111.383
-127.249 -127.249
-138.81 -138.81
-119.193 -119.193
-99.4466 -99.4466
-79.6542 -79.6542
-60.8838 -60.8838
-43.8715 -43.8715
-26.7409 -26.7409
-13.1334 -13.1334
-0.2426 -0.2426
-0.205471 -0.205471
30.9357 30.9357
56.7413 56.7413
85.2033 85.2033
112.354 112.354
133.337 133.337
143.842 143.842
144.746 144.746
145.232 145.232
119.093 119.093
89.4374 89.4374
67.3326 67.3326
43.1047 43.1047
20.6858 20.6858
-9.80752 -9.80752
-44.4895 -44.4895
-65.3166 -65.3166
-91.7397 -91.7397
-108.908 -108.908
-117.93 -117.93
-128.468 -128.468
-138.892 -138.892
-139.474 -139.474
-140.478 -140.478
-140.895 -140.895
-113.01 -113.01
-83.644 -83.644
-65.8563 -65.8563
-31.7645 -31.7645
-18.4245 -18.4245
1.01938 1.01938
24.0322 24.0322
41.2752 41.2752
41.2877 41.2877
74.1653 74.1653
101.372 101.372
110.673 110.673
116.739 116.739
124.231 124.231
132.39 132.39
139.789 139.789
145.284 145.284
108.767 108.767
85.9841 85.9841
57.5051 57.5051
36.9588 36.9588
15.7778 15.7778
-1.78474 -1.78474
-22.4899 -22.4899
-42.2988 -42.2988
-74.8598 -74.8598
-93.4855 -93.4855
-108.899 -108.899
-114.544 -114.544
-120.601 -120.601
-128.163 -128.163
-134.35 -134.35
-140.814 -140.814
-109.372 -109.372
-82.0595 -82.0595
-58.3767 -58.3767
-31.1338 -31.1338
-18.2442 -18.2442
1.20831 1.20831
28.4545 28.4545
41.4425 41.4425
41.3942 41.3942
76.6692 76.6692
105.444 105.444
111.144 111.144
117.839 117.839
123.732 123.732
130.88 130.88
140.328 140.328
144.223 144.223
118.517 118.517
89.5734 89.5734
62.3333 62.3333
33.2739 33.2739
11.7296 11.7296
-3.93854 -3.93854
-18.5377 -18.5377
-47.2825 -47.2825
-72.2016 -72.2016
-94.6788 -94.6788
-106.089 -106.089
-113.391 -113.391
-119.771 -119.771
-125.993 -125.993
-136.338 -136.338
-140.899 -140.899
-106.976 -106.976
-88.0129 -88.0129
-65.5177 -65.5177
-42.142 -42.142
-18.3789 -18.3789
1.86532 1.86532
22.6492 22.6492
42.6316 42.6316
42.6615 42.6615
80.0553 80.0553
108.154 108.154
115.592 115.592
126.275 126.275
136.15 136.15
145.507 145.507
145.886 145.886
146.382 146.382
111.921 111.921
75.4684 75.4684
51.1461 51.1461
21.4977 21.4977
-4.95395 -4.95395
-35.5839 -35.5839
-68.0236 -68.0236
-77.4047 -77.4047
-104.979 -104.979
-111.962 -111.962
-119.424 -119.424
-125.491 -125.491
-135.854 -135.854
-141.005 -141.005
-141.501 -141.501
-141.919 -141.919
-112.51 -112.51
-77.1598 -77.1598
-45.933 -45.933
-13.4228 -13.4228
12.6509 12.6509
33.0232 33.0232
41.6257 41.6257
59.4888 59.4888
59.1686 59.1686
96.4057 96.4057
105.078 105.078
112.836 112.836
119.275 119.275
125.141 125.141
133.737 133.737
141.646 141.646
146.456 146.456
103.459 103.459
69.1854 69.1854
40.9257 40.9257
16.3972 16.3972
-6.1171 -6.1171
-31.6006 -31.6006
-50.3265 -50.3265
-62.2951 -62.2951
-99.4181 -99.4181
-105.172 -105.172
-111.28 -111.28
-116.969 -116.969
-122.873 -122.873
-130.403 -130.403
-137.702 -137.702
-141.897 -141.897
-104.131 -104.131
-73.7723 -73.7723
-53.9091 -53.9091
-20.8519 -20.8519
2.11661 2.11661
30.8634 30.8634
47.9276 47.9276
58.5982 58.5982
58.4076 58.4076
90.703 90.703
105.417 105.417
114.175 114.175
118.315 118.315
124.624 124.624
131.287 131.287
140.864 140.864
144.114 144.114
114.962 114.962
76.7922 76.7922
53.3607 53.3607
23.8941 23.8941
-2.80545 -2.80545
-21.6426 -21.6426
-45.2511 -45.2511
-61.6131 -61.6131
-91.5176 -91.5176
-104.29 -104.29
-109.913 -109.913
-116.942 -116.942
-122.591 -122.591
-131.36 -131.36
-136.316 -136.316
-141.769 -141.769
-110.605 -110.605
-77.2234 -77.2234
-48.6504 -48.6504
-18.5987 -18.5987
5.65678 5.65678
24.5002 24.5002
43.5792 43.5792
59.9541 59.9541
59.7982 59.7982
103.173 103.173
112.936 112.936
121.788 121.788
132.46 132.46
143.455 143.455
146.947 146.947
147.822 147.822
148.439 148.439
108.647 108.647
67.9709 67.9709
20.5486 20.5486
-2.30785 -2.30785
-28.042 -28.042
-53.7536 -53.7536
-79.5626 -79.5626
-94.6055 -94.6055
-108.362 -108.362
-115.713 -115.713
-123.722 -123.722
-132.906 -132.906
-140.096 -140.096
-142.571 -142.571
-143.269 -143.269
-143.99 -143.99
-104.11 -104.11
-63.6063 -63.6063
-22.7231 -22.7231
3.75648 3.75648
25.6389 25.6389
41.3199 41.3199
59.3086 59.3086
76.5246 76.5246
76.2672 76.2672
98.4413 98.4413
109.036 109.036
115.383 115.383
122.643 122.643
130.603 130.603
137.228 137.228
143.01 143.01
148.373 148.373
99.2013 99.2013
64.7087 64.7087
29.7174 29.7174
-5.81172 -5.81172
-22.5376 -22.5376
-42.9434 -42.9434
-64.3789 -64.3789
-73.661 -73.661
-100.613 -100.613
-106.89 -106.89
-112.814 -112.814
-118.494 -118.494
-124.842 -124.842
-133.835 -133.835
-138.839 -138.839
-143.992 -143.992
-93.4776 -93.4776
-66.03 -66.03
-27.3006 -27.3006
5.10979 5.10979
25.8867 25.8867
46.7811 46.7811
61.9928 61.9928
79.7023 79.7023
79.7698 79.7698
98.0942 98.0942
109.628 109.628
114.684 114.684
122.639 122.639
128.693 128.693
137.519 137.519
144.066 144.066
148.383 148.383
107.961 107.961
58.3469 58.3469
25.1939 25.1939
-6.30219 -6.30219
-24.7322 -24.7322
-42.9164 -42.9164
-59.1986 -59.1986
-78.789 -78.789
-100.919 -100.919
-108.102 -108.102
-112.593 -112.593
-118.812 -118.812
-125.067 -125.067
-132.461 -132.461
-139.119 -139.119
-143.727 -143.727
-102.243 -102.243
-59.7843 -59.7843
-21.5708 -21.5708
3.5176 3.5176
26.7894 26.7894
44.3194 44.3194
60.5002 60.5002
75.4789 75.4789
75.4066 75.4066
96.9177 96.9177
107.681 107.681
115.637 115.637
122.359 122.359
131.607 131.607
135.981 135.981
143.811 143.811
149.969 149.969
150.062 150.062
150.62 150.62
150.66 150.66
146.2 146.2
143.884 143.884
138.18 138.18
136.035 136.035
131.599 131.599
129.6 129.6
127.553 127.553
127.211 127.211
123.848 123.848
97.7905 97.7905
47.2117 47.2117
-0.460785 -0.460785
-18.4356 -18.4356
-40.1456 -40.1456
-60.7258 -60.7258
-78.895 -78.895
-95.153 -95.153
-108.021 -108.021
-114.914 -114.914
-123.564 -123.564
-130.525 -130.525
-138.05 -138.05
-144.385 -144.385
-145.366 -145.366
-146.135 -146.135
-96.9509 -96.9509
-45.2317 -45.2317
2.08342 2.08342
17.0968 17.0968
35.7846 35.7846
51.0576 51.0576
69.1026 69.1026
83.7037 83.7037
82.5007 82.5007
104.27 104.27
112.894 112.894
118.186 118.186
126.03 126.03
131.709 131.709
138.922 138.922
144.886 144.886
150.295 150.295
99.3017 99.3017
52.0624 52.0624
5.18624 5.18624
-17.2378 -17.2378
-33.9328 -33.9328
-52.575 -52.575
-69.9156 -69.9156
-81.7927 -81.7927
-102.887 -102.887
-108.084 -108.084
-113.913 -113.913
-121.422 -121.422
-128.111 -128.111
-135.058 -135.058
-140.442 -140.442
-145.441 -145.441
-94.6692 -94.6692
-40.9363 -40.9363
1.47557 1.47557
18.5754 18.5754
42.9616 42.9616
55.8153 55.8153
71.1426 71.1426
82.7806 82.7806
80.8787 80.8787
107.195 107.195
119.842 119.842
128.996 128.996
139.108 139.108
148.091 148.091
151.821 151.821
153.394 153.394
154.82 154.82
93.2377 93.2377
30.8654 30.8654
-10.948 -10.948
-32.3378 -32.3378
-52.8946 -52.8946
-70.0711 -70.0711
-91.675 -91.675
-104.474 -104.474
-115.524 -115.524
-122.458 -122.458
-129.525 -129.525
-137.684 -137.684
-145.79 -145.79
-147.421 -147.421
-148.888 -148.888
-150.163 -150.163
-89.9396 -89.9396
-18.8253 -18.8253
10.4834 10.4834
27.7371 27.7371
42.8373 42.8373
63.2053 63.2053
78.7665 78.7665
91.4795 91.4795
90.6075 90.6075
109.875 109.875
118.255 118.255
125.602 125.602
131.508 131.508
137.875 137.875
145.242 145.242
151.265 151.265
154.808 154.808
90.5146 90.5146
22.4643 22.4643
-12.4463 -12.4463
-27.3566 -27.3566
-44.9653 -44.9653
-61.7178 -61.7178
-75.6815 -75.6815
-88.5303 -88.5303
-106.608 -106.608
-113.295 -113.295
-120.013 -120.013
-126.364 -126.364
-132.163 -132.163
-139.562 -139.562
-146.088 -146.088
-150.247 -150.247
-83.9321 -83.9321
-16.4373 -16.4373
9.43196 9.43196
27.0503 27.0503
45.7934 45.7934
61.5907 61.5907
77.3136 77.3136
93.7405 93.7405
94.5482 94.5482
112.771 112.771
122.255 122.255
131.789 131.789
138.998 138.998
148.552 148.552
155.412 155.412
157.292 157.292
159.154 159.154
80.1737 80.1737
-0.837131 -0.837131
-17.6343 -17.6343
-37.6187 -37.6187
-54.0807 -54.0807
-73.209 -73.209
-91.5678 -91.5678
-106.678 -106.678
-115.266 -115.266
-122.423 -122.423
-130.435 -130.435
-137.319 -137.319
-144.719 -144.719
-150.751 -150.751
-152.468 -152.468
-154.28 -154.28
-79.7954 -79.7954
0.205621 0.205621
18.2044 18.2044
35.7304 35.7304
49.1803 49.1803
65.0109 65.0109
82.4934 82.4934
99.0223 99.0223
98.8564 98.8564
115.957 115.957
121.221 121.221
128.436 128.436
134.552 134.552
141.949 141.949
147.22 147.22
154.799 154.799
158.708 158.708
71.2549 71.2549
3.51306 3.51306
-16.4247 -16.4247
-32.5056 -32.5056
-47.9936 -47.9936
-67.9359 -67.9359
-82.5209 -82.5209
-95.6105 -95.6105
-111.276 -111.276
-116.955 -116.955
-124.364 -124.364
-129.868 -129.868
-138.292 -138.292
-143.971 -143.971
-148.669 -148.669
-154.42 -154.42
-66.4794 -66.4794
0.880969 0.880969
18.1469 18.1469
34.5509 34.5509
54.2333 54.2333
70.1663 70.1663
86.8899 86.8899
99.313 99.313
98.2935 98.2935
117.677 117.677
125.074 125.074
132.433 132.433
140.949 140.949
148.866 148.866
156.823 156.823
125.869 125.869
90.6059 90.6059
-0.450162 -0.450162
-20.6202 -20.6202
-36.8792 -36.8792
-52.8439 -52.8439
-71.5874 -71.5874
-85.7604 -85.7604
-106.185 -106.185
-112.34 -112.34
-119.2 -119.2
-126.675 -126.675
-132.933 -132.933
-139.663 -139.663
-146.877 -146.877
-152.463 -152.463
-123.22 -123.22
-86.896 -86.896
0.275606 0.275606
10.9597 10.9597
19.246 19.246
27.6899 27.6899
36.8619 36.8619
44.2752 44.2752
53.7399 53.7399
62.6458 62.6458
62.7811 62.7811
66.5791 66.5791
70.1955 70.1955
73.7637 73.7637
77.5984 77.5984
80.7317 80.7317
84.7293 84.7293
88.1488 88.1488
89.1349 89.1349
-0.317471 -0.317471
-9.9248 -9.9248
-19.3906 -19.3906
-27.4341 -27.4341
-35.4702 -35.4702
-43.7178 -43.7178
-54.4116 -54.4116
-60.2091 -60.2091
-64.2205 -64.2205
-67.2501 -67.2501
-70.7637 -70.7637
-73.7324 -73.7324
-76.6973 -76.6973
-80.2169 -80.2169
-83.5042 -83.5042
-86.7219 -86.7219
0.0992019 0.0992019
8.80019 8.80019
16.9905 16.9905
25.4096 25.4096
33.3445 33.3445
42.9686 42.9686
50.934 50.934
58.7812 58.7812
58.5984 58.5984
66.5697 66.5697
70.7611 70.7611
74.2308 74.2308
78.9174 78.9174
83.124 83.124
87.7179 87.7179
55.1 55.1
55.1 55.1
-5.5265 -5.5265
-18.6291 -18.6291
-25.9511 -25.9511
-32.6737 -32.6737
-41.9317 -41.9317
-50.2097 -50.2097
-59.5722 -59.5722
-62.7046 -62.7046
-67.1304 -67.1304
-70.8664 -70.8664
-74.1285 -74.1285
-78.514 -78.514
-81.6498 -81.6498
-85.3244 -85.3244
-64.265 -64.265
-53.447 -53.447
3.28924 3.28924
8.7113 8.7113
13.6493 13.6493
18.754 18.754
23.5562 23.5562
29.4025 29.4025
33.5761 33.5761
37.5325 37.5325
37.349 37.349
