0.01 -0.00165629 -0.00434574 -7.462
0.02 -0.0016567 -0.00418496 -7.46201
0.03 -0.00165707 -0.00386806 -7.46202
0.04 -0.00165724 -0.0033995 -7.46203
0.05 -0.00165731 -0.00277179 -7.46203
0.06 -0.00165734 -0.00195552 -7.46203
0.07 -0.00165736 -0.00089002 -7.46203
0.08 -0.00165737 0.000525888 -7.46203
0.09 -0.00165738 0.00240599 -7.46203
0.1 -0.00165739 0.00484874 -7.46203
0.11 -0.00165741 0.00790355 -7.46202
0.12 -0.00165743 0.011537 -7.46202
0.13 -0.00165745 0.0156844 -7.46202
0.14 -0.00165747 0.0203019 -7.46201
0.15 -0.0016575 0.0253766 -7.46201
0.16 -0.00165752 0.0309385 -7.462
0.17 -0.00165754 0.0369921 -7.46199
0.18 -0.00165755 0.0434491 -7.46198
0.19 -0.00165755 0.0501512 -7.46197
0.2 -0.00165754 0.056893 -7.46196
0.21 -0.0016575 0.0635049 -7.46195
0.22 -0.00165744 0.0699358 -7.46194
0.23 -0.00165734 0.0762427 -7.46192
0.24 -0.00165719 0.0825802 -7.4619
0.25 -0.00165701 0.0891809 -7.46188
0.26 -0.00165677 0.0963358 -7.46186
0.27 -0.00165647 0.10433 -7.46183
0.28 -0.00165612 0.113378 -7.46181
0.29 -0.00165571 0.123557 -7.46177
0.3 -0.00165525 0.134741 -7.46174
0.31 -0.00165473 0.146687 -7.46171
0.32 -0.00165416 0.159124 -7.46167
0.33 -0.00165355 0.171864 -7.46163
0.34 -0.00165289 0.184921 -7.46158
0.35 -0.00165219 0.198353 -7.46154
0.36 -0.00165146 0.212109 -7.46149
0.37 -0.00165068 0.225921 -7.46144
0.38 -0.00164986 0.239194 -7.46139
0.39 -0.001649 0.251342 -7.46134
0.4 -0.0016481 0.26213 -7.46128
0.41 -0.00164714 0.271797 -7.46123
0.42 -0.00164613 0.281181 -7.46117
0.43 -0.00164506 0.29136 -7.46111
0.44 -0.00164393 0.303295 -7.46105
0.45 -0.00164275 0.317623 -7.46099
0.46 -0.00164153 0.334457 -7.46093
0.47 -0.00164027 0.353575 -7.46086
0.48 -0.00163899 0.374608 -7.46079
0.49 -0.00163771 0.397252 -7.46072
0.5 -0.00163643 0.421466 -7.46065
0.51 -0.00163518 0.447234 -7.46058
0.52 -0.00163396 0.474326 -7.4605
0.53 -0.00163278 0.502339 -7.46043
0.54 -0.00163164 0.530743 -7.46035
0.55 -0.00163054 0.559131 -7.46027
0.56 -0.00162947 0.587465 -7.46019
0.57 -0.00162842 0.616072 -7.46011
0.58 -0.00162737 0.64565 -7.46002
0.59 -0.00162631 0.677122 -7.45994
0.6 -0.00162522 0.711496 -7.45984
0.61 -0.00162409 0.749363 -7.45975
0.62 -0.0016229 0.790387 -7.45964
0.63 -0.00162164 0.833518 -7.45953
0.64 -0.00162031 0.877187 -7.45942
0.65 -0.00161888 0.919903 -7.4593
0.66 -0.00161736 0.960839 -7.45918
0.67 -0.00161572 0.999637 -7.45905
0.68 -0.00161395 1.03621 -7.45892
0.69 -0.00161204 1.0703 -7.45878
0.7 -0.00160996 1.1011 -7.45863
0.71 -0.0016077 1.12753 -7.45849
0.72 -0.00160525 1.14853 -7.45834
0.73 -0.00160258 1.16364 -7.45819
0.74 -0.0015997 1.17351 -7.45804
0.75 -0.00159659 1.17914 -7.45789
0.76 -0.00159327 1.18108 -7.45774
0.77 -0.00158974 1.17973 -7.45759
0.78 -0.00158605 1.17559 -7.45745
0.79 -0.00158222 1.16969 -7.45731
0.8 -0.00157831 1.164 -7.45718
0.81 -0.00157438 1.16057 -7.45705
0.82 -0.00157051 1.16077 -7.45693
0.83 -0.00156678 1.16469 -7.45683
0.84 -0.00156327 1.17054 -7.45673
0.85 -0.00156007 1.17537 -7.45665
0.86 -0.00155724 1.1759 -7.45658
0.87 -0.00155485 1.17027 -7.45654
0.88 -0.00155295 1.15989 -7.45651
0.89 -0.00155155 1.14761 -7.45651
0.9 -0.00155069 1.13602 -7.45652
0.91 -0.00155036 1.12622 -7.45655
0.92 -0.00155057 1.11657 -7.4566
0.93 -0.0015513 1.10415 -7.45667
0.94 -0.00155252 1.08615 -7.45676
0.95 -0.00155421 1.05997 -7.45687
0.96 -0.00155633 1.02338 -7.457
0.97 -0.00155883 0.974092 -7.45715
0.98 -0.00156167 0.909365 -7.45732
0.99 -0.00156477 0.826864 -7.45752
1 -0.00156808 0.725545 -7.45774
1.01 -0.00157154 0.606235 -7.45799
1.02 -0.00157513 0.472219 -7.45825
1.03 -0.00157879 0.327915 -7.45855
1.04 -0.00158254 0.177553 -7.45886
1.05 -0.0015864 0.0245724 -7.4592
1.06 -0.00159041 -0.128977 -7.45956
1.07 -0.00159466 -0.282197 -7.45994
1.08 -0.00159925 -0.435095 -7.46036
1.09 -0.00160431 -0.588952 -7.4608
1.1 -0.00160995 -0.746694 -7.46128
1.11 -0.0016163 -0.910404 -7.4618
1.12 -0.00162347 -1.07885 -7.46235
1.13 -0.00163155 -1.24707 -7.46294
1.14 -0.00164063 -1.40598 -7.46357
1.15 -0.00165078 -1.54658 -7.46422
1.16 -0.00166206 -1.66418 -7.4649
1.17 -0.0016745 -1.75771 -7.46561
1.18 -0.00168812 -1.82907 -7.46633
1.19 -0.00170291 -1.88168 -7.46707
1.2 -0.00171884 -1.919 -7.46783
1.21 -0.00173583 -1.94442 -7.4686
1.22 -0.00175375 -1.96109 -7.46936
1.23 -0.00177245 -1.97182 -7.47013
1.24 -0.0017917 -1.97891 -7.47087
1.25 -0.00181126 -1.98398 -7.4716
1.26 -0.00183086 -1.98761 -7.4723
1.27 -0.00185017 -1.98847 -7.47296
1.28 -0.0018689 -1.98224 -7.47357
1.29 -0.00188673 -1.96383 -7.47412
1.3 -0.00190337 -1.92953 -7.4746
1.31 -0.00191855 -1.87745 -7.47499
1.32 -0.00193204 -1.808 -7.4753
1.33 -0.00194364 -1.72305 -7.47551
1.34 -0.0019532 -1.62511 -7.47562
1.35 -0.00196059 -1.51748 -7.47563
1.36 -0.0019657 -1.40442 -7.47553
1.37 -0.00196846 -1.28998 -7.47533
1.38 -0.00196878 -1.17687 -7.47503
1.39 -0.00196662 -1.06573 -7.47463
1.4 -0.00196193 -0.954462 -7.47413
1.41 -0.00195468 -0.839517 -7.47353
1.42 -0.00194485 -0.71713 -7.47284
1.43 -0.00193245 -0.584472 -7.47205
1.44 -0.00191754 -0.440777 -7.47117
1.45 -0.00190018 -0.286541 -7.47021
1.46 -0.00188047 -0.122727 -7.46918
1.47 -0.00185855 0.0495213 -7.46808
1.48 -0.00183458 0.229153 -7.46692
1.49 -0.00180875 0.414982 -7.46571
1.5 -0.00178127 0.605456 -7.46445
1.51 -0.00175236 0.79918 -7.46316
1.52 -0.00172226 0.995438 -7.46185
1.53 -0.00169121 1.19401 -7.46051
1.54 -0.00165947 1.39499 -7.45916
1.55 -0.00162728 1.59905 -7.45781
1.56 -0.00159489 1.80772 -7.45646
1.57 -0.00156254 2.02332 -7.45511
1.58 -0.0015305 2.24897 -7.45377
1.59 -0.00149899 2.48682 -7.45245
1.6 -0.00146826 2.73633 -7.45114
1.61 -0.00143853 2.99286 -7.44986
1.62 -0.00141001 3.24627 -7.44861
1.63 -0.00138286 3.48395 -7.4474
1.64 -0.00135719 3.69375 -7.44624
1.65 -0.00133309 3.86818 -7.44513
1.66 -0.00131057 4.00858 -7.44409
1.67 -0.00128962 4.12239 -7.4431
1.68 -0.00127021 4.22043 -7.44218
1.69 -0.0012523 4.31319 -7.44131
1.7 -0.00123587 4.40711 -7.4405
1.71 -0.00122091 4.50393 -7.43975
1.72 -0.00120744 4.59986 -7.43907
1.73 -0.00119552 4.68833 -7.43846
1.74 -0.00118521 4.76262 -7.43792
1.75 -0.00117658 4.81885 -7.43747
1.76 -0.0011697 4.85898 -7.4371
1.77 -0.00116464 4.88849 -7.43682
1.78 -0.00116145 4.91414 -7.43662
1.79 -0.00116019 4.94234 -7.4365
1.8 -0.0011609 4.97756 -7.43647
1.81 -0.0011636 5.0228 -7.43651
1.82 -0.00116831 5.07992 -7.43664
1.83 -0.00117503 5.14888 -7.43683
1.84 -0.00118371 5.22689 -7.4371
1.85 -0.0011943 5.31061 -7.43744
1.86 -0.00120668 5.39833 -7.43783
1.87 -0.00122073 5.48906 -7.43828
1.88 -0.00123627 5.58154 -7.43878
1.89 -0.00125306 5.67337 -7.43931
1.9 -0.00127086 5.76016 -7.43987
1.91 -0.00128938 5.83756 -7.44045
1.92 -0.0013083 5.90331 -7.44103
1.93 -0.00132728 5.95582 -7.44162
1.94 -0.00134598 5.9928 -7.44219
1.95 -0.00136406 6.01192 -7.44275
1.96 -0.00138117 6.01151 -7.44328
1.97 -0.00139702 5.99073 -7.44377
1.98 -0.00141132 5.94973 -7.44422
1.99 -0.00142385 5.88837 -7.44463
2 -0.00143441 5.80492 -7.44499
2.01 -0.00144288 5.69992 -7.4453
2.02 -0.00144919 5.57992 -7.44556
2.03 -0.00145335 5.45456 -7.44577
2.04 -0.00145544 5.33349 -7.44592
2.05 -0.0014556 5.22517 -7.44603
2.06 -0.00145405 5.13548 -7.44608
2.07 -0.00145105 5.06686 -7.44609
2.08 -0.00144692 5.0174 -7.44606
2.09 -0.00144198 4.97993 -7.446
2.1 -0.00143653 4.94104 -7.44593
2.11 -0.00143086 4.88879 -7.44586
2.12 -0.00142519 4.8203 -7.4458
2.13 -0.00141971 4.73771 -7.44576
2.14 -0.00141451 4.64409 -7.44573
2.15 -0.00140966 4.54161 -7.44573
2.16 -0.00140518 4.42971 -7.44575
2.17 -0.00140105 4.30708 -7.44581
2.18 -0.00139725 4.17364 -7.44589
2.19 -0.00139373 4.0289 -7.44602
2.2 -0.00139048 3.8703 -7.44619
2.21 -0.00138748 3.69656 -7.4464
2.22 -0.00138477 3.51103 -7.44664
2.23 -0.0013824 3.31992 -7.44693
2.24 -0.00138048 3.13048 -7.44726
2.25 -0.00137916 2.94905 -7.44762
2.26 -0.00137863 2.77905 -7.44802
2.27 -0.00137913 2.62177 -7.44845
2.28 -0.00138089 2.47705 -7.44892
2.29 -0.00138417 2.34357 -7.44942
2.3 -0.00138919 2.21917 -7.44996
2.31 -0.00139617 2.10319 -7.45054
2.32 -0.00140524 1.99879 -7.45115
2.33 -0.00141651 1.90976 -7.4518
2.34 -0.00143002 1.83745 -7.45247
2.35 -0.00144571 1.78092 -7.45317
2.36 -0.00146349 1.73718 -7.45389
2.37 -0.00148317 1.70327 -7.45463
2.38 -0.00150452 1.67817 -7.45538
2.39 -0.00152721 1.66023 -7.45614
2.4 -0.0015509 1.64441 -7.45689
2.41 -0.00157517 1.62448 -7.45765
2.42 -0.00159959 1.59511 -7.45838
2.43 -0.0016237 1.55279 -7.45911
2.44 -0.00164706 1.49665 -7.4598
2.45 -0.00166921 1.42755 -7.46047
2.46 -0.00168974 1.34716 -7.46109
2.47 -0.00170831 1.25837 -7.46166
2.48 -0.0017246 1.16586 -7.46218
2.49 -0.00173841 1.07411 -7.46265
2.5 -0.0017496 0.985468 -7.46304
2.51 -0.00175812 0.899236 -7.46337
2.52 -0.00176399 0.810774 -7.46364
2.53 -0.0017673 0.71437 -7.46386
2.54 -0.00176822 0.606104 -7.46401
2.55 -0.00176691 0.484239 -7.46412
2.56 -0.0017636 0.349613 -7.46419
2.57 -0.00175854 0.203909 -7.46422
2.58 -0.00175196 0.0479191 -7.46423
2.59 -0.00174413 -0.118121 -7.46421
2.6 -0.0017353 -0.294206 -7.46418
2.61 -0.00172572 -0.478321 -7.46415
2.62 -0.00171567 -0.664206 -7.46412
2.63 -0.00170539 -0.844357 -7.46411
2.64 -0.00169517 -1.01302 -7.4641
2.65 -0.00168528 -1.16836 -7.46412
2.66 -0.00167599 -1.31467 -7.46418
2.67 -0.00166757 -1.46069 -7.46427
2.68 -0.00166027 -1.61803 -7.46442
2.69 -0.00165429 -1.79586 -7.46462
2.7 -0.00164981 -1.99556 -7.4649
2.71 -0.00164697 -2.21105 -7.46524
2.72 -0.00164587 -2.42908 -7.46566
2.73 -0.00164661 -2.63543 -7.46613
2.74 -0.00164926 -2.82128 -7.46665
2.75 -0.0016539 -2.98421 -7.46724
2.76 -0.00166061 -3.1293 -7.46788
2.77 -0.00166945 -3.26464 -7.46857
2.78 -0.00168047 -3.39682 -7.46932
2.79 -0.00169367 -3.52872 -7.47012
2.8 -0.00170904 -3.65729 -7.47096
2.81 -0.00172651 -3.77697 -7.47184
2.82 -0.00174599 -3.88305 -7.47275
2.83 -0.00176734 -3.97545 -7.47368
2.84 -0.00179038 -4.06246 -7.47462
2.85 -0.00181487 -4.15589 -7.47558
2.86 -0.00184053 -4.26621 -7.47655
2.87 -0.00186702 -4.39716 -7.47753
2.88 -0.00189399 -4.54041 -7.47851
2.89 -0.00192106 -4.6801 -7.47947
2.9 -0.00194785 -4.79732 -7.48039
2.91 -0.00197403 -4.8759 -7.48127
2.92 -0.00199931 -4.90814 -7.48209
2.93 -0.00202347 -4.89611 -7.48284
2.94 -0.00204633 -4.85305 -7.48352
2.95 -0.00206773 -4.79623 -7.48414
2.96 -0.00208755 -4.73985 -7.4847
2.97 -0.00210563 -4.69119 -7.48519
2.98 -0.00212183 -4.64668 -7.4856
2.99 -0.00213598 -4.59901 -7.48592
3 -0.00214791 -4.54425 -7.48617
3.01 -0.00215743 -4.48335 -7.48631
3.02 -0.00216438 -4.4236 -7.48637
3.03 -0.00216858 -4.37481 -7.48634
3.04 -0.00216985 -4.34533 -7.48623
3.05 -0.00216807 -4.33964 -7.48603
3.06 -0.0021631 -4.35588 -7.48575
3.07 -0.00215488 -4.38641 -7.48538
3.08 -0.00214341 -4.41828 -7.48493
3.09 -0.00212877 -4.43935 -7.4844
3.1 -0.00211113 -4.44452 -7.48378
3.11 -0.00209074 -4.43823 -7.48309
3.12 -0.00206794 -4.43709 -7.48235
3.13 -0.00204309 -4.46179 -7.48157
3.14 -0.0020166 -4.52892 -7.48077
3.15 -0.00198888 -4.64641 -7.47998
3.16 -0.0019603 -4.80882 -7.4792
3.17 -0.00193127 -5.00419 -7.47844
3.18 -0.00190218 -5.22078 -7.47772
3.19 -0.0018734 -5.4523 -7.47705
3.2 -0.00184533 -5.70306 -7.47646
3.21 -0.00181838 -5.98452 -7.47595
3.22 -0.00179294 -6.31182 -7.47556
3.23 -0.00176939 -6.69696 -7.47531
3.24 -0.00174809 -7.14201 -7.47521
3.25 -0.00172941 -7.63905 -7.47529
3.26 -0.0017137 -8.17008 -7.47555
3.27 -0.00170136 -8.71455 -7.47599
3.28 -0.00169278 -9.2569 -7.47663
3.29 -0.00168842 -9.78917 -7.47747
3.3 -0.00168874 -10.3137 -7.47852
3.31 -0.0016942 -10.8382 -7.4798
3.32 -0.00170524 -11.3712 -7.48131
3.33 -0.00172228 -11.918 -7.48306
3.34 -0.00174563 -12.4776 -7.48505
3.35 -0.00177554 -13.045 -7.48728
3.36 -0.00181215 -13.6146 -7.48975
3.37 -0.00185551 -14.1832 -7.49244
3.38 -0.00190554 -14.7528 -7.49534
3.39 -0.00196205 -15.3307 -7.49845
3.4 -0.00202474 -15.9286 -7.50176
3.41 -0.00209317 -16.5616 -7.50526
3.42 -0.0021668 -17.2478 -7.50893
3.43 -0.00224496 -18.0064 -7.51278
3.44 -0.0023269 -18.8571 -7.51679
3.45 -0.00241175 -19.8176 -7.52096
3.46 -0.00249863 -20.902 -7.52527
3.47 -0.0025866 -22.1211 -7.52972
3.48 -0.00267478 -23.4834 -7.53432
3.49 -0.00276231 -24.9968 -7.53905
3.5 -0.00284847 -26.6707 -7.54393
3.51 -0.00293264 -28.5152 -7.54896
3.52 -0.00301439 -30.5402 -7.55417
3.53 -0.00309351 -32.7553 -7.55958
3.54 -0.00316996 -35.1685 -7.56521
3.55 -0.00324396 -37.7878 -7.57111
3.56 -0.00331596 -40.6217 -7.57731
3.57 -0.00338663 -43.6759 -7.58386
3.58 -0.00345687 -46.949 -7.59082
3.59 -0.00352781 -50.4278 -7.59823
3.6 -0.00360079 -54.0828 -7.60614
3.61 -0.0036774 -57.8737 -7.61459
3.62 -0.00375943 -61.7548 -7.62362
3.63 -0.00384886 -65.6801 -7.63327
3.64 -0.00394788 -69.6072 -7.64356
3.65 -0.00405878 -73.4955 -7.65454
3.66 -0.00418393 -77.3026 -7.66621
3.67 -0.00432573 -80.9814 -7.67859
3.68 -0.00448647 -84.4769 -7.69167
3.69 -0.0046683 -87.7341 -7.70541
3.7 -0.00487314 -90.7048 -7.71978
3.71 -0.00510255 -93.352 -7.73473
3.72 -0.00535762 -95.6522 -7.75018
3.73 -0.00563892 -97.5922 -7.76606
3.74 -0.00594637 -99.1644 -7.78226
3.75 -0.00627916 -100.364 -7.79866
3.76 -0.00663569 -101.187 -7.81512
3.77 -0.0070136 -101.626 -7.83148
3.78 -0.00740969 -101.671 -7.84756
3.79 -0.00782003 -101.307 -7.86316
3.8 -0.00823999 -100.516 -7.87806
3.81 -0.00866435 -99.2767 -7.89204
3.82 -0.00908742 -97.5695 -7.90485
3.83 -0.00950309 -95.3859 -7.91628
3.84 -0.00990502 -92.7371 -7.92608
3.85 -0.0102867 -89.6563 -7.93405
3.86 -0.0106413 -86.1994 -7.94
3.87 -0.0109624 -82.4348 -7.94373
3.88 -0.0112431 -78.4323 -7.94509
3.89 -0.0114769 -74.256 -7.94395
3.9 -0.0116574 -69.9568 -7.94017
3.91 -0.0117785 -65.5738 -7.93365
3.92 -0.0118346 -61.1355 -7.92432
3.93 -0.0118204 -56.6651 -7.91214
3.94 -0.0117316 -52.1869 -7.89709
3.95 -0.0115646 -47.7233 -7.87919
3.96 -0.0113169 -43.2935 -7.8585
3.97 -0.0109871 -38.9113 -7.83511
3.98 -0.0105748 -34.5845 -7.80915
3.99 -0.010081 -30.3174 -7.78077
4 -0.0095081 -26.1151 -7.75016
4.01 -0.00885959 -21.9829 -7.71755
4.02 -0.00814032 -17.9258 -7.68317
4.03 -0.00735628 -13.9478 -7.64731
4.04 -0.00651453 -10.0493 -7.61025
4.05 -0.0056231 -6.22772 -7.5723
4.06 -0.00469079 -2.47653 -7.53377
4.07 -0.00372709 1.21397 -7.49497
4.08 -0.00274193 4.85622 -7.45623
4.09 -0.00174561 8.46198 -7.41785
4.1 -0.000748528 12.039 -7.38015
4.11 0.000238911 15.5876 -7.3434
4.12 0.00120651 19.0972 -7.3079
4.13 0.00214446 22.55 -7.27392
4.14 0.00304345 25.9249 -7.24169
4.15 0.00389485 29.2005 -7.21143
4.16 0.00469085 32.3583 -7.18333
4.17 0.00542449 35.3813 -7.15756
4.18 0.0060898 38.2531 -7.13424
4.19 0.00668184 40.9583 -7.11348
4.2 0.00719669 43.4832 -7.09536
4.21 0.00763147 45.816 -7.07992
4.22 0.00798437 47.9464 -7.06719
4.23 0.00825452 49.8655 -7.05716
4.24 0.00844206 51.5659 -7.04979
4.25 0.00854799 53.0414 -7.04505
4.26 0.00857416 54.2868 -7.04287
4.27 0.00852319 55.2965 -7.04317
4.28 0.0083984 56.063 -7.04584
4.29 0.00820377 56.5759 -7.05079
4.3 0.00794382 56.8207 -7.0579
4.31 0.0076236 56.7798 -7.06706
4.32 0.00724861 56.4333 -7.07814
4.33 0.00682471 55.7616 -7.09103
4.34 0.00635807 54.7472 -7.10558
4.35 0.00585507 53.3774 -7.12168
4.36 0.0053222 51.6454 -7.1392
4.37 0.00476598 49.5503 -7.158
4.38 0.00419283 47.0956 -7.17796
4.39 0.00360895 44.2874 -7.19895
4.4 0.00302022 41.1323 -7.22086
4.41 0.0024321 37.6359 -7.24357
4.42 0.00184954 33.8016 -7.26698
4.43 0.00127691 29.6318 -7.291
4.44 0.000717931 25.1293 -7.31553
4.45 0.00017565 20.3013 -7.3405
4.46 -0.000347593 15.1639 -7.36584
4.47 -0.000850182 9.74439 -7.39147
4.48 -0.00133122 4.08331 -7.41732
4.49 -0.00179055 -1.768 -7.44333
4.5 -0.00222869 -7.75004 -7.46943
4.51 -0.00264682 -13.7993 -7.49557
4.52 -0.00304674 -19.8523 -7.52167
4.53 -0.00343076 -25.8486 -7.54769
4.54 -0.0038016 -31.7332 -7.57357
4.55 -0.00416228 -37.4593 -7.59925
4.56 -0.00451595 -42.9899 -7.6247
4.57 -0.00486576 -48.296 -7.64985
4.58 -0.00521466 -53.3543 -7.67465
4.59 -0.00556529 -58.1445 -7.69905
4.6 -0.00591982 -62.647 -7.72296
4.61 -0.00627981 -66.8426 -7.74631
4.62 -0.00664617 -70.7119 -7.76903
4.63 -0.00701907 -74.2336 -7.791
4.64 -0.00739793 -77.3834 -7.81213
4.65 -0.00778144 -80.134 -7.83228
4.66 -0.0081676 -82.4556 -7.85135
4.67 -0.00855378 -84.3169 -7.86917
4.68 -0.00893679 -85.6868 -7.88562
4.69 -0.00931302 -86.5337 -7.90054
4.7 -0.00967848 -86.8257 -7.91377
4.71 -0.0100289 -86.5334 -7.92516
4.72 -0.01036 -85.6325 -7.93455
4.73 -0.0106672 -84.1068 -7.94179
4.74 -0.0109459 -81.9518 -7.94674
4.75 -0.0111917 -79.1773 -7.94926
4.76 -0.0114 -75.8105 -7.94925
4.77 -0.0115662 -71.894 -7.94658
4.78 -0.011686 -67.4838 -7.94118
4.79 -0.0117547 -62.642 -7.93298
4.8 -0.0117681 -57.4298 -7.92192
4.81 -0.0117218 -51.905 -7.90797
4.82 -0.0116117 -46.1192 -7.8911
4.83 -0.0114339 -40.1191 -7.8713
4.84 -0.0111849 -33.9471 -7.8486
4.85 -0.0108616 -27.6409 -7.82303
4.86 -0.0104619 -21.233 -7.79466
4.87 -0.00998419 -14.7506 -7.76357
4.88 -0.0094279 -8.21511 -7.72987
4.89 -0.00879353 -1.64628 -7.6937
4.9 -0.0080827 4.93457 -7.65523
4.91 -0.00729822 11.5022 -7.61465
4.92 -0.00644406 18.0256 -7.57219
4.93 -0.00552536 24.4704 -7.5281
4.94 -0.00454833 30.8025 -7.48266
4.95 -0.00352014 36.9895 -7.43616
4.96 -0.00244884 43.0022 -7.38891
4.97 -0.00134316 48.8137 -7.34125
4.98 -0.00021239 54.3984 -7.2935
4.99 0.000933752 59.734 -7.24601
5 0.00208531 64.8042 -7.19912
5.01 0.00323218 69.5994 -7.15317
5.02 0.0043643 74.1179 -7.10849
5.03 0.00547171 78.3633 -7.0654
5.04 0.00654466 82.3416 -7.0242
5.05 0.00757377 86.0613 -6.98518
5.06 0.00855004 89.5328 -6.94861
5.07 0.00946499 92.771 -6.91472
5.08 0.0103107 95.7977 -6.88374
5.09 0.01108 98.6399 -6.85583
5.1 0.0117663 101.329 -6.83114
5.11 0.012364 103.896 -6.80979
5.12 0.0128682 106.368 -6.79187
5.13 0.0132751 108.766 -6.7774
5.14 0.0135818 111.101 -6.76642
5.15 0.0137866 113.384 -6.75889
5.16 0.013889 115.62 -6.75475
5.17 0.0138897 117.818 -6.75391
5.18 0.0137904 119.989 -6.75624
5.19 0.0135943 122.142 -6.76157
5.2 0.0133058 124.286 -6.76969
5.21 0.0129305 126.43 -6.78039
5.22 0.0124748 128.582 -6.79339
5.23 0.0119464 130.75 -6.80843
5.24 0.0113539 132.946 -6.82519
5.25 0.0107065 135.18 -6.84337
5.26 0.010014 137.465 -6.86262
5.27 0.0092869 139.806 -6.88261
5.28 0.00853579 142.21 -6.90299
5.29 0.00777152 144.676 -6.92343
5.3 0.00700498 147.199 -6.94358
5.31 0.00624694 149.765 -6.96313
5.32 0.00550794 152.355 -6.98176
5.33 0.00479821 154.944 -6.9992
5.34 0.0041275 157.508 -7.01516
5.35 0.00350503 160.028 -7.0294
5.36 0.00293932 162.494 -7.0417
5.37 0.00243815 164.899 -7.05185
5.38 0.00200842 167.235 -7.05969
5.39 0.00165603 169.496 -7.06508
5.4 0.00138586 171.676 -7.06793
5.41 0.00120163 173.776 -7.06815
5.42 0.00110588 175.804 -7.06572
5.43 0.00109989 177.775 -7.06062
5.44 0.00118368 179.709 -7.05289
5.45 0.00135602 181.622 -7.04257
5.46 0.00161442 183.525 -7.02976
5.47 0.00195523 185.424 -7.01459
5.48 0.0023737 187.315 -6.9972
5.49 0.00286411 189.189 -6.97779
5.5 0.0034199 191.028 -6.95656
5.51 0.00403384 192.81 -6.93373
5.52 0.00469817 194.511 -6.90956
5.53 0.00540473 196.11 -6.8843
5.54 0.00614513 197.587 -6.85821
5.55 0.00691087 198.928 -6.83156
5.56 0.00769344 200.118 -6.80464
5.57 0.00848439 201.142 -6.77771
5.58 0.00927545 201.984 -6.75105
5.59 0.0100586 202.624 -6.72493
5.6 0.0108259 203.042 -6.69962
5.61 0.0115701 203.216 -6.67537
5.62 0.0122839 203.126 -6.65245
5.63 0.0129606 202.755 -6.63109
5.64 0.013594 202.086 -6.61151
5.65 0.014178 201.108 -6.59394
5.66 0.0147073 199.814 -6.57857
5.67 0.015177 198.205 -6.56558
5.68 0.0155825 196.284 -6.55514
5.69 0.0159198 194.063 -6.54739
5.7 0.0161856 191.553 -6.54246
5.71 0.0163768 188.77 -6.54044
5.72 0.016491 185.726 -6.54142
5.73 0.0165265 182.436 -6.54547
5.74 0.0164821 178.913 -6.55263
5.75 0.016357 175.174 -6.5629
5.76 0.0161514 171.235 -6.57628
5.77 0.0158659 167.115 -6.59273
5.78 0.0155018 162.827 -6.6122
5.79 0.0150613 158.387 -6.6346
5.8 0.0145469 153.803 -6.65983
5.81 0.013962 149.083 -6.68775
5.82 0.0133108 144.231 -6.71822
5.83 0.0125977 139.252 -6.75105
5.84 0.0118281 134.157 -6.78605
5.85 0.0110077 128.955 -6.823
5.86 0.0101426 123.655 -6.86167
5.87 0.00923947 118.265 -6.90181
5.88 0.00830513 112.786 -6.94317
5.89 0.00734666 107.217 -6.98548
5.9 0.00637128 101.556 -7.02848
5.91 0.00538624 95.8058 -7.07189
5.92 0.00439873 89.9714 -7.11544
5.93 0.00341582 84.0627 -7.15888
5.94 0.00244435 78.0936 -7.20193
5.95 0.00149088 72.0792 -7.24435
5.96 0.000561549 66.0328 -7.2859
5.97 -0.000337898 59.9629 -7.32636
5.98 -0.00120221 53.8697 -7.36555
5.99 -0.00202666 47.7493 -7.40328
6 -0.00280702 41.5979 -7.4394
6.01 -0.00353965 35.4161 -7.4738
6.02 -0.00422144 29.2136 -7.50636
6.03 -0.00484988 23.0028 -7.53699
6.04 -0.00542303 16.7933 -7.56565
6.05 -0.00593955 10.5907 -7.59229
6.06 -0.00639869 4.39613 -7.61691
6.07 -0.00680027 -1.78501 -7.63953
6.08 -0.00714473 -7.93469 -7.66018
6.09 -0.00743309 -14.0252 -7.6789
6.1 -0.00766697 -20.0222 -7.69576
6.11 -0.00784858 -25.8953 -7.71083
6.12 -0.00798066 -31.6273 -7.72421
6.13 -0.00806651 -37.2148 -7.73602
6.14 -0.00810986 -42.667 -7.74639
6.15 -0.0081148 -48.0009 -7.75546
6.16 -0.00808574 -53.2355 -7.76339
6.17 -0.00802726 -58.3884 -7.77031
6.18 -0.00794403 -63.4719 -7.77639
6.19 -0.00784081 -68.4952 -7.78179
6.2 -0.00772228 -73.4668 -7.78665
6.21 -0.00759307 -78.3961 -7.79112
6.22 -0.00745769 -83.2944 -7.79535
6.23 -0.0073205 -88.1714 -7.79948
6.24 -0.00718569 -93.0313 -7.80366
6.25 -0.00705727 -97.8758 -7.808
6.26 -0.00693909 -102.706 -7.81264
6.27 -0.00683477 -107.531 -7.81769
6.28 -0.00674773 -112.371 -7.82326
6.29 -0.00668115 -117.254 -7.82948
6.3 -0.00663793 -122.214 -7.83647
6.31 -0.00662068 -127.281 -7.84431
6.32 -0.00663168 -132.479 -7.85312
6.33 -0.00667285 -137.82 -7.86297
6.34 -0.00674581 -143.305 -7.87395
6.35 -0.00685183 -148.922 -7.88611
6.36 -0.00699189 -154.653 -7.89951
6.37 -0.00716673 -160.471 -7.91419
6.38 -0.00737685 -166.353 -7.93017
6.39 -0.00762256 -172.272 -7.94748
6.4 -0.00790401 -178.206 -7.96613
6.41 -0.00822118 -184.129 -7.98611
6.42 -0.00857388 -190.015 -8.00742
6.43 -0.00896175 -195.835 -8.03001
6.44 -0.00938425 -201.556 -8.05385
6.45 -0.0098406 -207.141 -8.07886
6.46 -0.0103298 -212.549 -8.10497
6.47 -0.0108506 -217.736 -8.13206
6.48 -0.0114013 -222.661 -8.16003
6.49 -0.0119801 -227.282 -8.18872
6.5 -0.0125846 -231.564 -8.21799
6.51 -0.0132122 -235.472 -8.24765
6.52 -0.0138598 -238.978 -8.27751
6.53 -0.0145237 -242.053 -8.30737
6.54 -0.0152001 -244.668 -8.33699
6.55 -0.0158844 -246.793 -8.36612
6.56 -0.0165718 -248.397 -8.39451
6.57 -0.0172571 -249.447 -8.42188
6.58 -0.0179346 -249.914 -8.44796
6.59 -0.0185983 -249.776 -8.47244
6.6 -0.0192422 -249.031 -8.49506
6.61 -0.0198596 -247.695 -8.51554
6.62 -0.020444 -245.811 -8.53362
6.63 -0.0209884 -243.442 -8.54906
6.64 -0.0214858 -240.671 -8.56164
6.65 -0.021929 -237.587 -8.57117
6.66 -0.0223108 -234.284 -8.57747
6.67 -0.0226239 -230.848 -8.58039
6.68 -0.0228614 -227.351 -8.57981
6.69 -0.0230165 -223.842 -8.57565
6.7 -0.023083 -220.342 -8.56782
6.71 -0.0230556 -216.859 -8.5563
6.72 -0.0229298 -213.404 -8.5411
6.73 -0.0227026 -209.997 -8.52228
6.74 -0.0223722 -206.672 -8.49996
6.75 -0.0219384 -203.461 -8.4743
6.76 -0.0214026 -200.371 -8.4455
6.77 -0.0207679 -197.392 -8.41379
6.78 -0.020039 -194.492 -8.37944
6.79 -0.0192225 -191.633 -8.34275
6.8 -0.0183262 -188.782 -8.30406
6.81 -0.0173597 -185.905 -8.26373
6.82 -0.0163337 -182.969 -8.22214
6.83 -0.0152599 -179.938 -8.17968
6.84 -0.0141508 -176.772 -8.13675
6.85 -0.0130196 -173.435 -8.09372
6.86 -0.0118797 -169.894 -8.051
6.87 -0.0107444 -166.126 -8.00894
6.88 -0.00962675 -162.119 -7.96789
6.89 -0.00853938 -157.873 -7.92818
6.9 -0.00749401 -153.394 -7.89009
6.91 -0.00650138 -148.701 -7.85389
6.92 -0.005571 -143.82 -7.81978
6.93 -0.00471102 -138.789 -7.78794
6.94 -0.00392809 -133.653 -7.75851
6.95 -0.0032273 -128.463 -7.73159
6.96 -0.00261215 -123.27 -7.70723
6.97 -0.00208454 -118.123 -7.68543
6.98 -0.00164486 -113.072 -7.66618
6.99 -0.00129209 -108.16 -7.64941
7 -0.0010239 -103.428 -7.63505
7.01 -0.000836794 -98.9137 -7.62297
7.02 -0.000726336 -94.6536 -7.61306
7.03 -0.000687263 -90.6827 -7.60518
7.04 -0.000713697 -87.0292 -7.59918
7.05 -0.000799303 -83.7145 -7.5949
7.06 -0.000937464 -80.7535 -7.59221
7.07 -0.00112143 -78.158 -7.59096
7.08 -0.00134443 -75.9401 -7.59101
7.09 -0.00159983 -74.1096 -7.59225
7.1 -0.0018812 -72.6723 -7.59458
7.11 -0.00218241 -71.6268 -7.5979
7.12 -0.0024977 -70.9624 -7.60214
7.13 -0.00282173 -70.6611 -7.60722
7.14 -0.00314967 -70.6987 -7.61311
7.15 -0.00347721 -71.0474 -7.61974
7.16 -0.0038006 -71.6765 -7.62709
7.17 -0.0041167 -72.5545 -7.63513
7.18 -0.00442296 -73.6491 -7.64384
7.19 -0.00471745 -74.9282 -7.65321
7.2 -0.00499883 -76.3602 -7.66321
7.21 -0.00526631 -77.9103 -7.67382
7.22 -0.00551969 -79.5377 -7.68501
7.23 -0.00575924 -81.1943 -7.69674
7.24 -0.00598572 -82.8229 -7.70895
7.25 -0.00620032 -84.3644 -7.72158
7.26 -0.00640455 -85.7642 -7.73453
7.27 -0.00660023 -86.9787 -7.74773
7.28 -0.00678934 -87.9817 -7.76107
7.29 -0.00697389 -88.7635 -7.77444
7.3 -0.00715583 -89.3306 -7.78775
7.31 -0.00733688 -89.6973 -7.80086
7.32 -0.0075184 -89.8771 -7.81365
7.33 -0.0077013 -89.8778 -7.82598
7.34 -0.00788594 -89.6952 -7.83771
7.35 -0.00807212 -89.3151 -7.84866
7.36 -0.00825903 -88.7141 -7.85868
7.37 -0.0084453 -87.8661 -7.8676
7.38 -0.00862904 -86.7494 -7.87526
7.39 -0.00880789 -85.3521 -7.88151
7.4 -0.00897906 -83.678 -7.88622
7.41 -0.00913943 -81.746 -7.88927
7.42 -0.00928552 -79.5885 -7.89055
7.43 -0.00941363 -77.2459 -7.89001
7.44 -0.00951984 -74.7608 -7.88757
7.45 -0.00960007 -72.1725 -7.88319
7.46 -0.00965019 -69.5112 -7.87687
7.47 -0.00966611 -66.7968 -7.86858
7.48 -0.00964386 -64.038 -7.85834
7.49 -0.00957977 -61.2375 -7.84619
7.5 -0.00947057 -58.3985 -7.83217
7.51 -0.00931352 -55.5244 -7.81636
7.52 -0.00910654 -52.6181 -7.79885
7.53 -0.0088483 -49.6804 -7.77974
7.54 -0.00853834 -46.7075 -7.75917
7.55 -0.00817707 -43.6934 -7.73726
7.56 -0.00776586 -40.6318 -7.71417
7.57 -0.007307 -37.5171 -7.69006
7.58 -0.00680371 -34.3443 -7.66509
7.59 -0.00626004 -31.1092 -7.63945
7.6 -0.00568084 -27.8066 -7.6133
7.61 -0.00507159 -24.4331 -7.58683
7.62 -0.00443835 -20.9884 -7.56021
7.63 -0.00378753 -17.4807 -7.53363
7.64 -0.00312583 -13.9306 -7.50725
7.65 -0.00245999 -10.3699 -7.48126
7.66 -0.00179672 -6.83883 -7.45582
7.67 -0.00114247 -3.37929 -7.43109
7.68 -0.000503362 -0.0271336 -7.40721
7.69 0.000114923 3.18952 -7.38432
7.7 0.000707226 6.252 -7.36252
7.71 0.00126893 9.14628 -7.34193
7.72 0.001796 11.858 -7.32262
7.73 0.00228495 14.3675 -7.30468
7.74 0.00273286 16.6444 -7.28818
7.75 0.00313735 18.6522 -7.2732
7.76 0.00349658 20.3533 -7.2598
7.77 0.00380919 21.7147 -7.24804
7.78 0.00407429 22.7153 -7.23796
7.79 0.00429142 23.3488 -7.22961
7.8 0.00446047 23.6273 -7.22302
7.81 0.00458162 23.5799 -7.21819
7.82 0.00465529 23.2525 -7.21514
7.83 0.00468202 22.7017 -7.21385
7.84 0.00466245 21.9901 -7.21432
7.85 0.00459727 21.1828 -7.21652
7.86 0.00448719 20.3443 -7.22042
7.87 0.00433296 19.5368 -7.22597
7.88 0.00413539 18.8195 -7.23312
7.89 0.00389539 18.2476 -7.2418
7.9 0.00361411 17.8721 -7.25192
7.91 0.00329295 17.7377 -7.26338
7.92 0.00293368 17.8819 -7.27604
7.93 0.00253859 18.3318 -7.28977
7.94 0.00211049 19.1002 -7.30441
7.95 0.00165286 20.1848 -7.31978
7.96 0.0011699 21.5666 -7.33568
7.97 0.00066654 23.2175 -7.35191
7.98 0.000148469 25.1082 -7.36823
7.99 -0.000377925 27.2119 -7.38439
8 -0.000905633 29.5082 -7.40014
8.01 -0.00142715 31.9804 -7.41519
8.02 -0.00193461 34.6122 -7.42927
8.03 -0.00242001 37.387 -7.44211
8.04 -0.00287535 40.2868 -7.45343
8.05 -0.00329282 43.2933 -7.46297
8.06 -0.00366504 46.389 -7.47051
8.07 -0.00398514 49.5562 -7.47581
8.08 -0.00424698 52.7756 -7.4787
8.09 -0.00444521 56.032 -7.47902
8.1 -0.00457539 59.3192 -7.47663
8.11 -0.00463407 62.6443 -7.47145
8.12 -0.00461882 66.0324 -7.46341
8.13 -0.00452829 69.5189 -7.45247
8.14 -0.00436218 73.1429 -7.43865
8.15 -0.00412128 76.9396 -7.42198
8.16 -0.00380733 80.933 -7.40254
8.17 -0.00342299 85.1324 -7.38045
8.18 -0.00297172 89.529 -7.35587
8.19 -0.00245763 94.1 -7.32898
8.2 -0.00188532 98.8119 -7.29998
8.21 -0.00125973 103.628 -7.26911
8.22 -0.000586066 108.516 -7.2366
8.23 0.000130394 113.442 -7.20271
8.24 0.000884321 118.373 -7.16768
8.25 0.00167042 123.267 -7.13178
8.26 0.00248344 128.077 -7.09527
8.27 0.00331821 132.75 -7.05841
8.28 0.00416961 137.235 -7.02147
8.29 0.00503253 141.48 -6.9847
8.3 0.00590184 145.444 -6.94835
8.31 0.00677235 149.095 -6.91266
8.32 0.00763871 152.41 -6.87786
8.33 0.00849538 155.377 -6.84417
8.34 0.00933659 157.986 -6.81181
8.35 0.0101563 160.232 -6.78098
8.36 0.0109483 162.114 -6.75189
8.37 0.011706 163.632 -6.72474
8.38 0.0124228 164.789 -6.69972
8.39 0.013092 165.587 -6.67701
8.4 0.0137069 166.032 -6.65679
8.41 0.0142611 166.129 -6.63924
8.42 0.0147484 165.883 -6.62449
8.43 0.0151632 165.303 -6.61271
8.44 0.0155004 164.396 -6.60401
8.45 0.0157555 163.173 -6.59849
8.46 0.0159252 161.65 -6.59626
8.47 0.0160067 159.848 -6.59735
8.48 0.0159985 157.8 -6.6018
8.49 0.0158999 155.546 -6.60961
8.5 0.0157112 153.129 -6.62074
8.51 0.0154336 150.595 -6.63511
8.52 0.0150695 147.99 -6.65263
8.53 0.0146216 145.358 -6.67317
8.54 0.014094 142.743 -6.69654
8.55 0.0134912 140.184 -6.72256
8.56 0.0128183 137.72 -6.75099
8.57 0.0120813 135.382 -6.78157
8.58 0.0112866 133.196 -6.81401
8.59 0.0104412 131.179 -6.84801
8.6 0.00955264 129.333 -6.88324
8.61 0.00862895 127.65 -6.91936
8.62 0.00767861 126.112 -6.95602
8.63 0.00671051 124.697 -6.99287
8.64 0.00573395 123.384 -7.02955
8.65 0.00475853 122.156 -7.06568
8.66 0.00379403 120.994 -7.1009
8.67 0.00285038 119.881 -7.13488
8.68 0.00193743 118.797 -7.16727
8.69 0.00106488 117.722 -7.19777
8.7 0.000242096 116.64 -7.22608
8.71 -0.000522057 115.545 -7.25195
8.72 -0.00121937 114.437 -7.27514
8.73 -0.00184245 113.323 -7.29546
8.74 -0.00238486 112.217 -7.31275
8.75 -0.00284126 111.134 -7.32689
8.76 -0.00320752 110.091 -7.3378
8.77 -0.00348074 109.107 -7.34544
8.78 -0.00365935 108.198 -7.34982
8.79 -0.00374309 107.381 -7.35098
8.8 -0.00373297 106.67 -7.34902
8.81 -0.00363123 106.076 -7.34404
8.82 -0.00344125 105.606 -7.33621
8.83 -0.00316745 105.266 -7.32569
8.84 -0.00281518 105.061 -7.31271
8.85 -0.00239057 104.994 -7.29749
8.86 -0.00190042 105.073 -7.28025
8.87 -0.00135207 105.305 -7.26126
8.88 -0.000753282 105.695 -7.24076
8.89 -0.000112121 106.25 -7.21902
8.9 0.000563154 106.979 -7.19627
8.91 0.00126419 107.886 -7.17279
8.92 0.00198266 108.971 -7.14879
8.93 0.0027103 110.227 -7.12453
8.94 0.00343911 111.637 -7.10022
8.95 0.00416133 113.184 -7.07608
8.96 0.00486963 114.846 -7.0523
8.97 0.00555712 116.601 -7.02907
8.98 0.00621749 118.428 -7.00655
8.99 0.006845 120.304 -6.9849
9 0.0074346 122.209 -6.96424
9.01 0.0079819 124.125 -6.94469
9.02 0.00848325 126.04 -6.92634
9.03 0.00893569 127.946 -6.90928
9.04 0.00933699 129.833 -6.89358
9.05 0.00968561 131.69 -6.87928
9.06 0.00998067 133.501 -6.86643
9.07 0.010222 135.248 -6.85506
9.08 0.0104099 136.905 -6.8452
9.09 0.0105455 138.446 -6.83687
9.1 0.0106304 139.844 -6.83008
9.11 0.0106666 141.073 -6.82481
9.12 0.0106568 142.108 -6.82108
9.13 0.010604 142.925 -6.81887
9.14 0.0105114 143.506 -6.81815
9.15 0.0103829 143.833 -6.81891
9.16 0.0102221 143.897 -6.82111
9.17 0.010033 143.694 -6.82471
9.18 0.00981948 143.227 -6.82966
9.19 0.00958533 142.505 -6.83592
9.2 0.00933414 141.548 -6.84343
9.21 0.0090692 140.375 -6.85212
9.22 0.00879343 139.006 -6.86193
9.23 0.00850936 137.461 -6.87279
9.24 0.00821907 135.752 -6.88464
9.25 0.00792424 133.888 -6.89741
9.26 0.0076261 131.878 -6.91104
9.27 0.00732557 129.727 -6.92545
9.28 0.00702321 127.445 -6.94057
9.29 0.00671937 125.039 -6.95634
9.3 0.00641421 122.516 -6.97266
9.31 0.00610778 119.88 -6.98948
9.32 0.00580009 117.133 -7.00671
9.33 0.00549116 114.275 -7.02429
9.34 0.00518108 111.304 -7.04213
9.35 0.00487002 108.222 -7.06016
9.36 0.00455828 105.028 -7.07832
9.37 0.0042463 101.722 -7.09651
9.38 0.00393463 98.3038 -7.11469
9.39 0.00362395 94.7745 -7.13279
9.4 0.00331504 91.1351 -7.15073
9.41 0.00300873 87.3874 -7.16848
9.42 0.00270591 83.5325 -7.18599
9.43 0.00240748 79.5706 -7.2032
9.44 0.00211432 75.5014 -7.22011
9.45 0.00182725 71.3248 -7.23667
9.46 0.00154703 67.0423 -7.25288
9.47 0.00127431 62.6578 -7.26874
9.48 0.00100963 58.1796 -7.28424
9.49 0.000753365 53.6202 -7.2994
9.5 0.000505749 48.9976 -7.31422
9.51 0.000266815 44.3351 -7.32874
9.52 3.64011e-05 39.6615 -7.34296
9.53 -0.000185867 35.0099 -7.35691
9.54 -0.000400576 30.4166 -7.37063
9.55 -0.000608521 25.9182 -7.38412
9.56 -0.000810688 21.5486 -7.39743
9.57 -0.00100822 17.3353 -7.41058
9.58 -0.00120235 13.2968 -7.42359
9.59 -0.00139439 9.44117 -7.4365
9.6 -0.00158558 5.76512 -7.44932
9.61 -0.0017771 2.25745 -7.46207
9.62 -0.0019699 -1.09768 -7.47477
9.63 -0.00216472 -4.31837 -7.48744
9.64 -0.00236198 -7.42248 -7.50006
9.65 -0.00256177 -10.4273 -7.51262
9.66 -0.00276385 -13.3489 -7.52512
9.67 -0.00296767 -16.2014 -7.53752
9.68 -0.00317237 -18.996 -7.54979
9.69 -0.00337689 -21.7421 -7.56189
9.7 -0.00357999 -24.4485 -7.57379
9.71 -0.00378033 -27.1241 -7.58543
9.72 -0.00397657 -29.7789 -7.59677
9.73 -0.00416738 -32.4237 -7.60779
9.74 -0.00435157 -35.0706 -7.61844
9.75 -0.00452809 -37.7314 -7.6287
9.76 -0.00469604 -40.416 -7.63854
9.77 -0.00485478 -43.131 -7.64797
9.78 -0.00500387 -45.8771 -7.65696
9.79 -0.00514308 -48.6508 -7.66552
9.8 -0.00527246 -51.4448 -7.67367
9.81 -0.00539224 -54.2515 -7.68142
9.82 -0.00550286 -57.0659 -7.6888
9.83 -0.00560497 -59.8864 -7.69585
9.84 -0.00569934 -62.7152 -7.70262
9.85 -0.00578686 -65.5568 -7.70916
9.86 -0.00586849 -68.4166 -7.71554
9.87 -0.00594526 -71.3009 -7.72181
9.88 -0.00601818 -74.2179 -7.72804
9.89 -0.00608826 -77.1771 -7.7343
9.9 -0.0061565 -80.19 -7.74066
9.91 -0.00622383 -83.2671 -7.74718
9.92 -0.00629116 -86.4156 -7.75393
9.93 -0.00635936 -89.6368 -7.76096
9.94 -0.0064293 -92.9239 -7.76832
9.95 -0.00650186 -96.2631 -7.77605
9.96 -0.00657797 -99.6352 -7.78418
9.97 -0.00665866 -103.017 -7.79274
9.98 -0.00674504 -106.385 -7.80174
9.99 -0.00683833 -109.714 -7.81119
10 -0.00693988 -112.978 -7.8211
10.01 -0.00705112 -116.152 -7.83145
10.02 -0.00717351 -119.213 -7.84224
10.03 -0.00730855 -122.142 -7.85344
10.04 -0.00745763 -124.924 -7.86503
10.05 -0.00762202 -127.545 -7.87698
10.06 -0.00780275 -129.997 -7.88923
10.07 -0.00800055 -132.275 -7.90175
10.08 -0.00821576 -134.378 -7.91447
10.09 -0.00844827 -136.313 -7.92735
10.1 -0.00869746 -138.091 -7.9403
10.11 -0.00896218 -139.733 -7.95327
10.12 -0.0092407 -141.263 -7.96618
10.13 -0.00953076 -142.705 -7.97896
10.14 -0.00982956 -144.084 -7.99152
10.15 -0.0101339 -145.417 -8.00378
10.16 -0.0104401 -146.723 -8.01566
10.17 -0.0107443 -148.014 -8.02707
10.18 -0.0110425 -149.301 -8.03793
10.19 -0.0113307 -150.593 -8.04818
10.2 -0.0116048 -151.899 -8.05773
10.21 -0.0118613 -153.224 -8.06653
10.22 -0.0120967 -154.573 -8.07454
10.23 -0.0123081 -155.946 -8.08171
10.24 -0.0124931 -157.341 -8.08802
10.25 -0.0126497 -158.754 -8.09345
10.26 -0.0127768 -160.177 -8.09801
10.27 -0.0128737 -161.597 -8.1017
10.28 -0.0129404 -163.003 -8.10456
10.29 -0.0129775 -164.376 -8.1066
10.3 -0.0129861 -165.699 -8.10789
10.31 -0.0129679 -166.954 -8.10846
10.32 -0.012925 -168.125 -8.10838
10.33 -0.0128599 -169.197 -8.10771
10.34 -0.0127753 -170.157 -8.10653
10.35 -0.0126742 -170.993 -8.1049
10.36 -0.0125596 -171.695 -8.1029
10.37 -0.0124346 -172.255 -8.10058
10.38 -0.0123023 -172.666 -8.09803
10.39 -0.0121655 -172.923 -8.09529
10.4 -0.0120271 -173.018 -8.09241
10.41 -0.0118895 -172.945 -8.08943
10.42 -0.011755 -172.698 -8.08639
10.43 -0.0116255 -172.27 -8.0833
10.44 -0.0115027 -171.659 -8.08018
10.45 -0.011388 -170.869 -8.07702
10.46 -0.0112823 -169.906 -8.07383
10.47 -0.0111863 -168.782 -8.07059
10.48 -0.0111003 -167.51 -8.06728
10.49 -0.0110243 -166.103 -8.06387
10.5 -0.0109579 -164.573 -8.06034
10.51 -0.0109006 -162.932 -8.05664
10.52 -0.0108512 -161.195 -8.05274
10.53 -0.0108087 -159.38 -8.0486
10.54 -0.0107716 -157.506 -8.04418
10.55 -0.0107382 -155.593 -8.03946
10.56 -0.0107068 -153.664 -8.0344
10.57 -0.0106754 -151.739 -8.02898
10.58 -0.010642 -149.838 -8.02318
10.59 -0.0106045 -147.981 -8.01699
10.6 -0.010561 -146.183 -8.01042
10.61 -0.0105095 -144.456 -8.00346
10.62 -0.0104483 -142.807 -7.99613
10.63 -0.0103758 -141.241 -7.98844
10.64 -0.0102907 -139.754 -7.98043
10.65 -0.010192 -138.342 -7.97213
10.66 -0.0100792 -136.992 -7.96358
10.67 -0.00995186 -135.69 -7.95483
10.68 -0.00981036 -134.416 -7.94592
10.69 -0.00965528 -133.153 -7.93691
10.7 -0.00948771 -131.882 -7.92786
10.71 -0.0093091 -130.59 -7.91883
10.72 -0.00912129 -129.27 -7.90987
10.73 -0.00892637 -127.914 -7.90106
10.74 -0.00872668 -126.522 -7.89244
10.75 -0.00852468 -125.092 -7.88408
10.76 -0.00832289 -123.622 -7.87602
10.77 -0.00812381 -122.104 -7.86829
10.78 -0.00792986 -120.528 -7.86094
10.79 -0.0077433 -118.881 -7.85396
10.8 -0.00756619 -117.149 -7.84737
10.81 -0.00740037 -115.319 -7.84115
10.82 -0.00724738 -113.383 -7.8353
10.83 -0.0071085 -111.333 -7.82979
10.84 -0.00698466 -109.164 -7.82458
10.85 -0.00687646 -106.87 -7.81963
10.86 -0.00678415 -104.443 -7.81488
10.87 -0.00670764 -101.879 -7.81027
10.88 -0.00664647 -99.1756 -7.80573
10.89 -0.00659982 -96.3369 -7.8012
10.9 -0.00656651 -93.3739 -7.79659
10.91 -0.00654498 -90.3037 -7.79185
10.92 -0.00653335 -87.1476 -7.7869
10.93 -0.00652938 -83.9284 -7.78167
10.94 -0.00653052 -80.6679 -7.77609
10.95 -0.00653394 -77.3859 -7.7701
10.96 -0.0065366 -74.0994 -7.76364
10.97 -0.0065353 -70.8233 -7.75666
10.98 -0.00652677 -67.5702 -7.7491
10.99 -0.00650774 -64.3512 -7.74093
11 -0.00647506 -61.1764 -7.73212
11.01 -0.00642574 -58.0551 -7.72265
11.02 -0.00635711 -54.9964 -7.7125
11.03 -0.00626681 -52.0082 -7.70169
11.04 -0.00615294 -49.0968 -7.69022
11.05 -0.00601405 -46.2656 -7.67813
11.06 -0.00584922 -43.5143 -7.66544
11.07 -0.00565809 -40.839 -7.6522
11.08 -0.00544087 -38.234 -7.63847
11.09 -0.00519832 -35.6909 -7.62432
11.1 -0.00493179 -33.1996 -7.6098
11.11 -0.00464311 -30.7475 -7.595
11.12 -0.00433463 -28.3193 -7.58
11.13 -0.00400912 -25.9 -7.56487
11.14 -0.00366971 -23.4782 -7.54971
11.15 -0.00331982 -21.0458 -7.5346
11.16 -0.00296308 -18.5987 -7.51961
11.17 -0.00260322 -16.1349 -7.50484
11.18 -0.002244 -13.6533 -7.49037
11.19 -0.00188911 -11.1534 -7.47625
11.2 -0.00154208 -8.63488 -7.46256
11.21 -0.00120623 -6.09777 -7.44934
11.22 -0.000884574 -3.54263 -7.43665
11.23 -0.000579796 -0.972256 -7.42452
11.24 -0.000294187 1.60682 -7.41297
11.25 -2.96258e-05 4.18515 -7.40203
11.26 0.000212451 6.75115 -7.39171
11.27 0.000431051 9.29265 -7.382
11.28 0.000625631 11.7984 -7.3729
11.29 0.000796076 14.2583 -7.3644
11.3 0.00094268 16.6629 -7.35649
11.31 0.00106611 19.0045 -7.34912
11.32 0.00116738 21.2766 -7.34228
11.33 0.00124778 23.4741 -7.33593
11.34 0.00130884 25.5927 -7.33004
11.35 0.0013523 27.6289 -7.32458
11.36 0.00138002 29.5799 -7.3195
11.37 0.00139398 31.4443 -7.31478
11.38 0.00139618 33.2237 -7.31039
11.39 0.00138865 34.9222 -7.30629
11.4 0.00137338 36.5468 -7.30246
11.41 0.00135228 38.1054 -7.29887
11.42 0.00132717 39.6067 -7.2955
11.43 0.00129974 41.0592 -7.29232
11.44 0.00127153 42.4713 -7.28931
11.45 0.00124392 43.8519 -7.28646
11.46 0.00121816 45.2111 -7.28375
11.47 0.00119528 46.56 -7.28117
11.48 0.00117618 47.9102 -7.27868
11.49 0.00116158 49.2719 -7.27629
11.5 0.00115205 50.653 -7.27396
11.51 0.00114803 52.06 -7.27168
11.52 0.00114982 53.4989 -7.26943
11.53 0.00115761 54.976 -7.26718
11.54 0.00117151 56.4978 -7.2649
11.55 0.00119153 58.0697 -7.26257
11.56 0.00121764 59.6928 -7.26015
11.57 0.00124976 61.3659 -7.25761
11.58 0.00128781 63.0857 -7.25491
11.59 0.00133169 64.8469 -7.25202
11.6 0.00138132 66.6424 -7.24891
11.61 0.00143665 68.463 -7.24554
11.62 0.00149768 70.2972 -7.24188
11.63 0.00156445 72.1325 -7.2379
11.64 0.00163706 73.9577 -7.23358
11.65 0.00171568 75.7623 -7.22889
11.66 0.00180049 77.5367 -7.22382
11.67 0.00189174 79.272 -7.21834
11.68 0.00198967 80.9596 -7.21247
11.69 0.00209451 82.5918 -7.20619
11.7 0.00220649 84.1626 -7.19951
11.71 0.00232576 85.6682 -7.19245
11.72 0.00245242 87.1067 -7.18504
11.73 0.00258644 88.4773 -7.17729
11.74 0.00272768 89.7787 -7.16926
11.75 0.00287589 91.0085 -7.16097
11.76 0.00303066 92.1618 -7.1525
11.77 0.00319142 93.233 -7.1439
11.78 0.00335749 94.2175 -7.13523
11.79 0.00352801 95.1126 -7.12656
11.8 0.00370202 95.9186 -7.11798
11.81 0.00387842 96.6374 -7.10954
11.82 0.00405598 97.2706 -7.10132
11.83 0.00423337 97.8194 -7.09341
11.84 0.00440916 98.2834 -7.08586
11.85 0.00458185 98.6617 -7.07876
11.86 0.00474986 98.953 -7.07217
11.87 0.00491157 99.1561 -7.06616
11.88 0.00506535 99.2707 -7.06078
11.89 0.00520954 99.2972 -7.05608
11.9 0.00534251 99.2366 -7.05212
11.91 0.00546268 99.0914 -7.04893
11.92 0.00556851 98.8656 -7.04655
11.93 0.00565854 98.5645 -7.04498
11.94 0.00573141 98.1942 -7.04425
11.95 0.00578588 97.7606 -7.04437
11.96 0.00582084 97.2684 -7.04534
11.97 0.00583537 96.7228 -7.04714
11.98 0.00582869 96.1314 -7.04976
11.99 0.00580025 95.5035 -7.05318
12 0.00574971 94.8493 -7.05736
12.01 0.00567697 94.1777 -7.06227
12.02 0.00558216 93.4932 -7.06786
12.03 0.00546571 92.7983 -7.07409
12.04 0.00532829 92.0951 -7.0809
12.05 0.00517086 91.3863 -7.08824
12.06 0.00499467 90.676 -7.09604
12.07 0.00480124 89.9682 -7.10424
12.08 0.00459236 89.2641 -7.11277
12.09 0.00437004 88.5638 -7.12156
12.1 0.00413653 87.8668 -7.13053
12.11 0.00389427 87.1736 -7.13961
12.12 0.00364582 86.4869 -7.14872
12.13 0.00339387 85.8111 -7.1578
12.14 0.00314116 85.1509 -7.16675
12.15 0.00289043 84.5112 -7.17552
12.16 0.0026444 83.8964 -7.18402
12.17 0.00240568 83.3106 -7.19219
12.18 0.00217675 82.7574 -7.19996
12.19 0.00195995 82.2396 -7.20727
12.2 0.00175739 81.7583 -7.21407
12.21 0.00157098 81.3143 -7.22031
12.22 0.00140239 80.9085 -7.22594
12.23 0.00125301 80.5421 -7.23092
12.24 0.001124 80.2175 -7.23524
12.25 0.00101624 79.9359 -7.23885
12.26 0.000930322 79.6967 -7.24174
12.27 0.000866619 79.4962 -7.24391
12.28 0.000825234 79.3283 -7.24535
12.29 0.00080604 79.1856 -7.24608
12.3 0.000808691 79.0615 -7.24609
12.31 0.000832635 78.9503 -7.24542
12.32 0.000877127 78.8473 -7.24408
12.33 0.000941244 78.7478 -7.24212
12.34 0.00102389 78.6464 -7.23956
12.35 0.00112382 78.5365 -7.23646
12.36 0.00123963 78.4089 -7.23286
12.37 0.0013698 78.2532 -7.22882
12.38 0.00151268 78.0583 -7.22441
12.39 0.00166651 77.8133 -7.21969
12.4 0.00182947 77.5085 -7.21474
12.41 0.00199962 77.1356 -7.20962
12.42 0.00217498 76.6883 -7.20441
12.43 0.00235352 76.162 -7.1992
12.44 0.00253315 75.5531 -7.19407
12.45 0.00271175 74.8591 -7.18909
12.46 0.00288718 74.0781 -7.18435
12.47 0.00305729 73.2102 -7.17992
12.48 0.00321993 72.2581 -7.1759
12.49 0.00337297 71.2267 -7.17234
12.5 0.00351432 70.1228 -7.16933
12.51 0.00364194 68.9539 -7.16694
12.52 0.00375388 67.7269 -7.16522
12.53 0.00384826 66.4486 -7.16424
12.54 0.00392335 65.1273 -7.16405
12.55 0.00397758 63.7724 -7.16468
12.56 0.00400954 62.3963 -7.16618
12.57 0.00401802 61.0113 -7.16857
12.58 0.00400206 59.6286 -7.17185
12.59 0.00396093 58.2567 -7.17605
12.6 0.00389419 56.9018 -7.18114
12.61 0.00380168 55.5682 -7.18713
12.62 0.00368357 54.2601 -7.19397
12.63 0.00354034 52.9804 -7.20164
12.64 0.0033728 51.7299 -7.21008
12.65 0.00318207 50.5067 -7.21925
12.66 0.00296964 49.3064 -7.22907
12.67 0.00273726 48.1234 -7.23947
12.68 0.002487 46.9534 -7.25038
12.69 0.00222119 45.7927 -7.26171
12.7 0.00194237 44.6388 -7.27336
12.71 0.00165328 43.4888 -7.28525
12.72 0.00135679 42.3385 -7.29726
12.73 0.00105584 41.1833 -7.30931
12.74 0.000753451 40.0177 -7.32129
12.75 0.000452601 38.8373 -7.33313
12.76 0.000156222 37.64 -7.34471
12.77 -0.000132862 36.4242 -7.35597
12.78 -0.000411974 35.1883 -7.36682
12.79 -0.000678623 33.9287 -7.3772
12.8 -0.000930533 32.6396 -7.38704
12.81 -0.00116567 31.3138 -7.3963
12.82 -0.00138226 29.9457 -7.40493
12.83 -0.00157882 28.5315 -7.41292
12.84 -0.00175413 27.0712 -7.42023
12.85 -0.00190731 25.5674 -7.42687
12.86 -0.00203778 24.025 -7.43283
12.87 -0.00214529 22.4507 -7.43811
12.88 -0.00222991 20.8526 -7.44275
12.89 -0.00229205 19.2397 -7.44675
12.9 -0.00233245 17.6222 -7.45017
12.91 -0.00235214 16.0096 -7.45303
12.92 -0.00235247 14.4104 -7.45539
12.93 -0.00233505 12.8315 -7.4573
12.94 -0.00230172 11.2778 -7.4588
12.95 -0.00225452 9.75375 -7.45997
12.96 -0.00219563 8.26376 -7.46086
12.97 -0.00212738 6.81265 -7.46153
12.98 -0.0020521 5.40587 -7.46204
12.99 -0.0019722 4.04903 -7.46244
13 -0.00189002 2.74751 -7.46278
13.01 -0.00180786 1.50603 -7.46312
13.02 -0.00172791 0.328341 -7.4635
13.03 -0.00165223 -0.783201 -7.46395
13.04 -0.0015827 -1.82794 -7.46452
13.05 -0.00152103 -2.80722 -7.46522
13.06 -0.00146867 -3.72464 -7.4661
13.07 -0.00142685 -4.58595 -7.46715
13.08 -0.00139657 -5.39894 -7.46841
13.09 -0.0013785 -6.17208 -7.46988
13.1 -0.0013731 -6.9132 -7.47156
13.11 -0.00138051 -7.6288 -7.47346
13.12 -0.00140065 -8.32334 -7.47557
13.13 -0.00143316 -9.00049 -7.47788
13.14 -0.00147748 -9.66437 -7.48038
13.15 -0.00153286 -10.32 -7.48307
13.16 -0.00159837 -10.9736 -7.48591
13.17 -0.00167294 -11.6319 -7.48891
13.18 -0.00175542 -12.3005 -7.49204
13.19 -0.00184454 -12.9829 -7.4953
13.2 -0.00193903 -13.6795 -7.49865
13.21 -0.0020376 -14.3884 -7.5021
13.22 -0.00213897 -15.1067 -7.50562
13.23 -0.00224192 -15.8319 -7.50919
13.24 -0.00234531 -16.5638 -7.51281
13.25 -0.00244808 -17.3043 -7.51646
13.26 -0.00254926 -18.0568 -7.52014
13.27 -0.00264803 -18.8248 -7.52383
13.28 -0.00274364 -19.6095 -7.52755
13.29 -0.00283548 -20.4107 -7.53127
13.3 -0.00292305 -21.2257 -7.53499
13.31 -0.00300595 -22.0517 -7.5387
13.32 -0.00308394 -22.8867 -7.54241
13.33 -0.00315685 -23.7293 -7.54611
13.34 -0.00322464 -24.5782 -7.54979
13.35 -0.00328739 -25.4319 -7.55345
13.36 -0.00334524 -26.2876 -7.55708
13.37 -0.00339846 -27.1426 -7.56068
13.38 -0.00344737 -27.9952 -7.56425
13.39 -0.00349236 -28.8438 -7.56777
13.4 -0.00353391 -29.687 -7.57126
13.41 -0.00357248 -30.5227 -7.57469
13.42 -0.00360862 -31.347 -7.57806
13.43 -0.00364286 -32.1547 -7.58137
13.44 -0.00367573 -32.939 -7.5846
13.45 -0.00370776 -33.6932 -7.58776
13.46 -0.00373947 -34.4112 -7.59082
13.47 -0.00377131 -35.0879 -7.59379
13.48 -0.00380372 -35.7198 -7.59665
13.49 -0.00383704 -36.3042 -7.59939
13.5 -0.00387155 -36.839 -7.60202
13.51 -0.00390745 -37.3216 -7.60451
13.52 -0.00394483 -37.7497 -7.60687
13.53 -0.00398367 -38.1203 -7.60907
13.54 -0.00402385 -38.4306 -7.61112
13.55 -0.00406515 -38.6792 -7.613
13.56 -0.00410723 -38.8671 -7.6147
13.57 -0.00414964 -38.9992 -7.61621
13.58 -0.00419186 -39.0843 -7.61754
13.59 -0.00423324 -39.1347 -7.61866
13.6 -0.00427308 -39.1642 -7.61959
13.61 -0.00431058 -39.1874 -7.62032
13.62 -0.0043449 -39.2177 -7.62085
13.63 -0.00437516 -39.2674 -7.62117
13.64 -0.00440048 -39.3472 -7.6213
13.65 -0.00442001 -39.4663 -7.62123
13.66 -0.00443297 -39.6319 -7.62097
13.67 -0.00443868 -39.8487 -7.62054
13.68 -0.0044366 -40.1181 -7.61994
13.69 -0.00442636 -40.4384 -7.61919
13.7 -0.00440783 -40.805 -7.6183
13.71 -0.00438107 -41.2123 -7.61729
13.72 -0.00434642 -41.6548 -7.61619
13.73 -0.00430445 -42.1275 -7.61503
13.74 -0.00425598 -42.6259 -7.61383
13.75 -0.00420206 -43.1453 -7.61263
13.76 -0.00414392 -43.6797 -7.61147
13.77 -0.00408296 -44.2221 -7.61037
13.78 -0.0040207 -44.7641 -7.60938
13.79 -0.00395874 -45.2969 -7.60853
13.8 -0.00389869 -45.8117 -7.60784
13.81 -0.00384218 -46.3006 -7.60736
13.82 -0.00379075 -46.7573 -7.60711
13.83 -0.00374585 -47.1769 -7.60711
13.84 -0.0037088 -47.5561 -7.60738
13.85 -0.00368072 -47.8924 -7.60793
13.86 -0.00366255 -48.1834 -7.60877
13.87 -0.00365501 -48.4254 -7.60991
13.88 -0.00365855 -48.6123 -7.61132
13.89 -0.00367345 -48.7369 -7.613
13.9 -0.00369969 -48.7922 -7.61492
13.91 -0.00373707 -48.7736 -7.61705
13.92 -0.00378516 -48.6808 -7.61936
13.93 -0.0038433 -48.5171 -7.62182
13.94 -0.00391066 -48.2887 -7.62438
13.95 -0.00398619 -48.0029 -7.62699
13.96 -0.00406871 -47.6655 -7.62962
13.97 -0.00415683 -47.2811 -7.63222
13.98 -0.00424906 -46.8528 -7.63472
13.99 -0.00434378 -46.3833 -7.63708
14 -0.00443931 -45.876 -7.63925
14.01 -0.00453389 -45.3354 -7.64118
14.02 -0.00462575 -44.7672 -7.64282
14.03 -0.00471311 -44.1769 -7.64413
14.04 -0.00479426 -43.5681 -7.64508
14.05 -0.00486753 -42.9418 -7.64562
14.06 -0.00493136 -42.2949 -7.64574
14.07 -0.00498433 -41.6219 -7.64539
14.08 -0.00502518 -40.9153 -7.64456
14.09 -0.00505286 -40.1672 -7.64323
14.1 -0.0050665 -39.3704 -7.6414
14.11 -0.00506548 -38.5193 -7.63905
14.12 -0.00504941 -37.6099 -7.6362
14.13 -0.00501811 -36.6399 -7.63284
14.14 -0.00497161 -35.6075 -7.62898
14.15 -0.00491017 -34.5115 -7.62465
14.16 -0.00483419 -33.3505 -7.61986
14.17 -0.00474426 -32.1231 -7.61463
14.18 -0.0046411 -30.8281 -7.60898
14.19 -0.00452551 -29.4644 -7.60293
14.2 -0.00439841 -28.0306 -7.59651
14.21 -0.00426079 -26.5259 -7.58975
14.22 -0.00411368 -24.9508 -7.58266
14.23 -0.00395812 -23.3074 -7.57526
14.24 -0.0037952 -21.6007 -7.56759
14.25 -0.00362599 -19.8378 -7.55966
14.26 -0.00345151 -18.0276 -7.5515
14.27 -0.00327279 -16.1805 -7.54313
14.28 -0.00309076 -14.3073 -7.53457
14.29 -0.00290632 -12.4195 -7.52585
14.3 -0.0027203 -10.5294 -7.51698
14.31 -0.00253344 -8.64963 -7.50801
14.32 -0.00234641 -6.79353 -7.49894
14.33 -0.00215982 -4.97445 -7.4898
14.34 -0.00197419 -3.20549 -7.48064
14.35 -0.00179 -1.49968 -7.47146
14.36 -0.00160768 0.129851 -7.46232
14.37 -0.00142762 1.67018 -7.45325
14.38 -0.00125018 3.10893 -7.44428
14.39 -0.00107575 4.43534 -7.43546
14.4 -0.000904681 5.64141 -7.42683
14.41 -0.000737398 6.72167 -7.41844
14.42 -0.000574353 7.67287 -7.41034
14.43 -0.000416062 8.49298 -7.40257
14.44 -0.00026312 9.18 -7.3952
14.45 -0.0001162 9.73214 -7.38828
14.46 2.39358e-05 10.1479 -7.38186
14.47 0.000156444 10.4273 -7.376
14.48 0.000280399 10.5733 -7.37074
14.49 0.000394804 10.5915 -7.36615
14.5 0.000498599 10.491 -7.36227
14.51 0.000590673 10.2826 -7.35914
14.52 0.000669884 9.9777 -7.3568
14.53 0.000735073 9.58811 -7.35528
14.54 0.000785089 9.12508 -7.35461
14.55 0.000818818 8.59978 -7.35481
14.56 0.000835208 8.02363 -7.35588
14.57 0.0008333 7.40818 -7.35783
14.58 0.000812262 6.76497 -7.36065
14.59 0.000771418 6.10517 -7.36433
14.6 0.000710274 5.43913 -7.36884
14.61 0.000628551 4.77592 -7.37415
14.62 0.000526208 4.12292 -7.3802
14.63 0.000403465 3.48594 -7.38696
14.64 0.000260816 2.86947 -7.39434
14.65 9.90467e-05 2.27682 -7.4023
14.66 -8.07658e-05 1.71035 -7.41074
14.67 -0.00027725 1.17133 -7.4196
14.68 -0.00048875 0.65994 -7.42877
14.69 -0.000713341 0.17576 -7.43817
14.7 -0.000948851 -0.281722 -7.44771
14.71 -0.00119289 -0.712966 -7.45728
14.72 -0.00144289 -1.11825 -7.4668
14.73 -0.00169614 -1.4982 -7.47615
14.74 -0.00194981 -1.85428 -7.48526
14.75 -0.00220105 -2.18836 -7.49403
14.76 -0.00244697 -2.5022 -7.50237
14.77 -0.00268473 -2.79633 -7.51021
14.78 -0.00291159 -3.06882 -7.51748
14.79 -0.00312492 -3.31624 -7.5241
14.8 -0.00332228 -3.53452 -7.53001
14.81 -0.00350143 -3.72011 -7.53518
14.82 -0.00366041 -3.87113 -7.53955
14.83 -0.00379749 -3.98661 -7.5431
14.84 -0.00391127 -4.06571 -7.54581
14.85 -0.00400064 -4.10686 -7.54766
14.86 -0.00406482 -4.1069 -7.54866
14.87 -0.00410335 -4.06201 -7.54881
14.88 -0.00411607 -3.96869 -7.54812
14.89 -0.00410317 -3.82482 -7.54661
14.9 -0.00406512 -3.63083 -7.54433
14.91 -0.00400269 -3.38933 -7.54129
14.92 -0.00391689 -3.10475 -7.53755
14.93 -0.00380901 -2.78205 -7.53316
14.94 -0.00368051 -2.42538 -7.52816
14.95 -0.00353306 -2.03793 -7.52262
14.96 -0.00336851 -1.62163 -7.51659
14.97 -0.00318883 -1.17905 -7.51013
14.98 -0.0029961 -0.715281 -7.50331
14.99 -0.0027925 -0.23865 -7.49619
15 -0.00258025 0.238513 -7.48885
15.01 -0.00236163 0.701382 -7.48134
15.02 -0.00213888 1.13413 -7.47375
15.03 -0.00191425 1.52151 -7.46615
15.04 -0.00168992 1.8504 -7.4586
15.05 -0.00146799 2.10982 -7.45117
15.06 -0.00125051 2.29086 -7.44394
15.07 -0.00103942 2.38644 -7.43698
15.08 -0.000836562 2.391 -7.43034
15.09 -0.000643695 2.30108 -7.4241
15.1 -0.00046248 2.11594 -7.41832
15.11 -0.000294488 1.8375 -7.41305
15.12 -0.000141199 1.47042 -7.40835
15.13 -4.00886e-06 1.02161 -7.40428
15.14 0.000115776 0.499879 -7.40089
15.15 0.00021694 -0.0842968 -7.39821
15.16 0.000298367 -0.71899 -7.39629
15.17 0.000359048 -1.39157 -7.39517
15.18 0.000398103 -2.08946 -7.39486
15.19 0.000414795 -2.80087 -7.39539
15.2 0.000408556 -3.51548 -7.39677
15.21 0.00037901 -4.22417 -7.399
15.22 0.000325997 -4.91863 -7.40208
15.23 0.000249597 -5.59082 -7.406
15.24 0.000150146 -6.23234 -7.41072
15.25 2.82492e-05 -6.83481 -7.41622
15.26 -0.000115208 -7.39031 -7.42244
15.27 -0.000279065 -7.89216 -7.42933
15.28 -0.000461884 -8.3359 -7.43683
15.29 -0.000661967 -8.71938 -7.44484
15.3 -0.000877364 -9.04294 -7.45331
15.31 -0.00110589 -9.30899 -7.46212
15.32 -0.00134518 -9.52167 -7.47119
15.33 -0.00159264 -9.68633 -7.48042
15.34 -0.00184558 -9.80908 -7.48971
15.35 -0.00210117 -9.89689 -7.49894
15.36 -0.00235651 -9.95779 -7.50801
15.37 -0.00260867 -10.0004 -7.51682
15.38 -0.00285472 -10.0336 -7.52527
15.39 -0.00309179 -10.066 -7.53327
15.4 -0.00331709 -10.1055 -7.54073
15.41 -0.00352799 -10.1589 -7.54756
15.42 -0.00372199 -10.2322 -7.55371
15.43 -0.00389686 -10.3296 -7.5591
15.44 -0.00405059 -10.4537 -7.56369
15.45 -0.00418147 -10.6056 -7.56745
15.46 -0.00428812 -10.7861 -7.57034
15.47 -0.00436948 -10.9959 -7.57235
15.48 -0.00442485 -11.2369 -7.5735
15.49 -0.00445391 -11.5113 -7.57379
15.5 -0.00445667 -11.8209 -7.57325
15.51 -0.00443354 -12.1663 -7.57192
15.52 -0.00438524 -12.5462 -7.56986
15.53 -0.00431286 -12.9574 -7.56712
15.54 -0.00421778 -13.3959 -7.56376
15.55 -0.00410171 -13.8573 -7.55987
15.56 -0.00396661 -14.3382 -7.55552
15.57 -0.00381468 -14.8356 -7.5508
15.58 -0.00364835 -15.3475 -7.5458
15.59 -0.00347021 -15.8727 -7.5406
15.6 -0.00328299 -16.4107 -7.53531
15.61 -0.00308953 -16.9618 -7.53
15.62 -0.0028927 -17.5275 -7.52477
15.63 -0.00269541 -18.1095 -7.51971
15.64 -0.00250052 -18.7099 -7.51489
15.65 -0.00231084 -19.3293 -7.5104
15.66 -0.00212907 -19.9671 -7.5063
15.67 -0.00195779 -20.621 -7.50265
15.68 -0.00179942 -21.2878 -7.49952
15.69 -0.00165617 -21.9644 -7.49694
15.7 -0.00153007 -22.6484 -7.49496
15.71 -0.00142291 -23.3378 -7.49361
15.72 -0.00133622 -24.0301 -7.49291
15.73 -0.00127128 -24.7225 -7.49289
15.74 -0.00122909 -25.411 -7.49355
15.75 -0.00121035 -26.0915 -7.49488
15.76 -0.00121547 -26.7597 -7.4969
15.77 -0.00124457 -27.4114 -7.49957
15.78 -0.00129743 -28.0419 -7.50289
15.79 -0.00137357 -28.6458 -7.50681
15.8 -0.00147218 -29.2169 -7.51131
15.81 -0.00159219 -29.7489 -7.51633
15.82 -0.00173224 -30.236 -7.52185
15.83 -0.00189073 -30.6729 -7.52779
15.84 -0.00206582 -31.0549 -7.5341
15.85 -0.00225544 -31.3786 -7.54071
15.86 -0.00245737 -31.6423 -7.54757
15.87 -0.00266921 -31.8469 -7.5546
15.88 -0.00288842 -31.997 -7.56172
15.89 -0.00311235 -32.0987 -7.56888
15.9 -0.00333829 -32.1572 -7.57598
15.91 -0.00356349 -32.1764 -7.58296
15.92 -0.00378517 -32.1568 -7.58974
15.93 -0.00400062 -32.0976 -7.59624
15.94 -0.00420721 -31.998 -7.6024
15.95 -0.00440241 -31.8576 -7.60813
15.96 -0.00458387 -31.677 -7.61337
15.97 -0.00474944 -31.4574 -7.61807
15.98 -0.00489721 -31.1997 -7.62215
15.99 -0.00502551 -30.9051 -7.62558
16 -0.00513295 -30.5738 -7.62831
16.01 -0.00521843 -30.2054 -7.63031
16.02 -0.00528115 -29.7977 -7.63154
16.03 -0.00532061 -29.3475 -7.63198
16.04 -0.00533659 -28.8512 -7.63162
16.05 -0.00532919 -28.3064 -7.63046
16.06 -0.00529874 -27.7131 -7.6285
16.07 -0.00524586 -27.0736 -7.62574
16.08 -0.00517137 -26.3928 -7.62223
16.09 -0.00507627 -25.6767 -7.61798
16.1 -0.00496177 -24.9318 -7.61302
16.11 -0.00482917 -24.1653 -7.60742
16.12 -0.0046799 -23.3844 -7.60121
16.13 -0.00451547 -22.596 -7.59444
16.14 -0.00433746 -21.8059 -7.58719
16.15 -0.00414749 -21.0182 -7.5795
16.16 -0.00394723 -20.2354 -7.57144
16.17 -0.00373839 -19.4593 -7.56308
16.18 -0.00352271 -18.6915 -7.55449
16.19 -0.00330194 -17.9336 -7.54574
16.2 -0.0030779 -17.1868 -7.53689
16.21 -0.00285238 -16.4514 -7.52802
16.22 -0.00262722 -15.7262 -7.51919
16.23 -0.00240425 -15.0093 -7.51046
16.24 -0.0021853 -14.2987 -7.50192
16.25 -0.00197218 -13.5928 -7.49361
16.26 -0.00176666 -12.8909 -7.48559
16.27 -0.00157043 -12.1925 -7.47792
16.28 -0.0013851 -11.4964 -7.47066
16.29 -0.00121219 -10.8009 -7.46384
16.3 -0.00105307 -10.1033 -7.45751
16.31 -0.000908928 -9.4018 -7.4517
16.32 -0.000780812 -8.6962 -7.44644
16.33 -0.000669549 -7.98794 -7.44176
16.34 -0.000575756 -7.27961 -7.43766
16.35 -0.000499822 -6.57402 -7.43416
16.36 -0.000441903 -5.87331 -7.43126
16.37 -0.00040192 -5.17922 -7.42895
16.38 -0.000379561 -4.49338 -7.42723
16.39 -0.000374293 -3.81729 -7.42608
16.4 -0.000385374 -3.15244 -7.42546
16.41 -0.000411872 -2.50059 -7.42536
16.42 -0.000452684 -1.86413 -7.42574
16.43 -0.000506563 -1.24604 -7.42655
16.44 -0.000572135 -0.649886 -7.42776
16.45 -0.00064793 -0.0789308 -7.42932
16.46 -0.000732403 0.464764 -7.43119
16.47 -0.000823964 0.980346 -7.43331
16.48 -0.000920999 1.46819 -7.43563
16.49 -0.0010219 1.92962 -7.4381
16.5 -0.00112508 2.36661 -7.44068
16.51 -0.00122902 2.78237 -7.4433
16.52 -0.00133225 3.18184 -7.44593
16.53 -0.00143339 3.57108 -7.44851
16.54 -0.00153117 3.9566 -7.45099
16.55 -0.00162444 4.34438 -7.45334
16.56 -0.00171214 4.73904 -7.45552
16.57 -0.00179334 5.14435 -7.45748
16.58 -0.00186724 5.56389 -7.4592
16.59 -0.00193314 6.00091 -7.46065
16.6 -0.00199045 6.45825 -7.4618
16.61 -0.00203865 6.93778 -7.46263
16.62 -0.00207736 7.43979 -7.46312
16.63 -0.00210622 7.96394 -7.46326
16.64 -0.00212498 8.51012 -7.46304
16.65 -0.00213344 9.07874 -7.46244
16.66 -0.00213149 9.67094 -7.46147
16.67 -0.00211904 10.2877 -7.46011
16.68 -0.00209611 10.9291 -7.45837
16.69 -0.00206276 11.5939 -7.45625
16.7 -0.00201912 12.2797 -7.45374
16.71 -0.00196541 12.9839 -7.45087
16.72 -0.00190191 13.7042 -7.44764
16.73 -0.00182897 14.4391 -7.44406
16.74 -0.00174704 15.1876 -7.44015
16.75 -0.00165662 15.9488 -7.43592
16.76 -0.00155831 16.7213 -7.43139
16.77 -0.00145275 17.5029 -7.42659
16.78 -0.00134067 18.2903 -7.42155
16.79 -0.00122286 19.0799 -7.41628
16.8 -0.00110013 19.8688 -7.41083
16.81 -0.000973366 20.6545 -7.40522
16.82 -0.00084345 21.4359 -7.39948
16.83 -0.0007113 22.2122 -7.39365
16.84 -0.000577838 22.9826 -7.38776
16.85 -0.000443988 23.7458 -7.38185
16.86 -0.000310665 24.5004 -7.37596
16.87 -0.000178766 25.2449 -7.37012
16.88 -4.91611e-05 25.9782 -7.36437
16.89 7.73117e-05 26.6997 -7.35874
16.9 0.000199856 27.4083 -7.35327
16.91 0.000317722 28.1031 -7.34799
16.92 0.000430213 28.7834 -7.34293
16.93 0.000536688 29.4485 -7.33811
16.94 0.000636566 30.0988 -7.33357
16.95 0.000729329 30.7355 -7.32932
16.96 0.000814524 31.3608 -7.32538
16.97 0.000891761 31.9773 -7.32177
16.98 0.000960715 32.5877 -7.31849
16.99 0.00102113 33.1945 -7.31555
17 0.00107281 33.7995 -7.31296
17.01 0.00111564 34.4041 -7.31071
17.02 0.00114957 35.0096 -7.30879
17.03 0.00117464 35.6168 -7.30721
17.04 0.00119096 36.2268 -7.30594
17.05 0.00119872 36.8394 -7.30498
17.06 0.00119821 37.4529 -7.3043
17.07 0.00118982 38.0638 -7.30388
17.08 0.00117402 38.6666 -7.3037
17.09 0.0011514 39.2547 -7.30375
17.1 0.00112263 39.8213 -7.30398
17.11 0.00108848 40.3599 -7.30438
17.12 0.00104979 40.8653 -7.30492
17.13 0.0010075 41.3342 -7.30557
17.14 0.000962574 41.7649 -7.3063
17.15 0.000916009 42.1583 -7.30708
17.16 0.000868805 42.5179 -7.30789
17.17 0.000821935 42.849 -7.30869
17.18 0.000776316 43.1586 -7.30946
17.19 0.000732788 43.4545 -7.31018
17.2 0.000692092 43.7444 -7.31082
17.21 0.000654854 44.0357 -7.31136
17.22 0.000621583 44.3352 -7.31178
17.23 0.000592664 44.6486 -7.31207
17.24 0.000568367 44.9807 -7.31221
17.25 0.000548862 45.3355 -7.31221
17.26 0.000534225 45.7161 -7.31204
17.27 0.000524469 46.125 -7.3117
17.28 0.000519554 46.5636 -7.31119
17.29 0.000519411 47.0315 -7.3105
17.3 0.000523961 47.526 -7.30964
17.31 0.000533135 48.0422 -7.3086
17.32 0.000546881 48.573 -7.30738
17.33 0.00056518 49.11 -7.30599
17.34 0.000588048 49.644 -7.30444
17.35 0.000615536 50.1652 -7.30271
17.36 0.000647723 50.6629 -7.30083
17.37 0.000684709 51.1252 -7.2988
17.38 0.000726598 51.5394 -7.29663
17.39 0.000773481 51.8922 -7.29432
17.4 0.000825418 52.1708 -7.29191
17.41 0.000882415 52.3637 -7.2894
17.42 0.000944404 52.4607 -7.28681
17.43 0.00101122 52.4536 -7.28418
17.44 0.00108258 52.3357 -7.28153
17.45 0.00115807 52.102 -7.27888
17.46 0.00123712 51.7497 -7.27629
17.47 0.00131899 51.2772 -7.27379
17.48 0.00140281 50.6846 -7.27142
17.49 0.00148751 49.9733 -7.26923
17.5 0.00157189 49.1461 -7.26728
17.51 0.0016546 48.2071 -7.26561
17.52 0.00173416 47.1626 -7.26428
17.53 0.001809 46.0204 -7.26335
17.54 0.00187746 44.7905 -7.26287
17.55 0.00193786 43.4839 -7.26289
17.56 0.00198849 42.1126 -7.26347
17.57 0.00202767 40.6887 -7.26464
17.58 0.00205375 39.2253 -7.26645
17.59 0.00206521 37.7356 -7.26894
17.6 0.00206061 36.2335 -7.27212
17.61 0.0020387 34.7322 -7.27603
17.62 0.0019984 33.2443 -7.28066
17.63 0.00193883 31.7812 -7.28602
17.64 0.00185937 30.3532 -7.29209
17.65 0.00175965 28.9696 -7.29887
17.66 0.00163957 27.6392 -7.30631
17.67 0.00149934 26.369 -7.31437
17.68 0.00133945 25.1641 -7.32301
17.69 0.0011607 24.0262 -7.33215
17.7 0.000964217 22.9539 -7.34175
17.71 0.000751397 21.9433 -7.35171
17.72 0.000523948 20.9891 -7.36197
17.73 0.000283849 20.0854 -7.37242
17.74 3.33308e-05 19.2264 -7.38299
17.75 -0.000225154 18.407 -7.39357
17.76 -0.00048897 17.623 -7.40408
17.77 -0.00075534 16.8697 -7.41441
17.78 -0.00102139 16.1413 -7.42447
17.79 -0.00128421 15.4302 -7.43418
17.8 -0.00154089 14.7271 -7.44345
17.81 -0.00178855 14.0216 -7.45222
17.82 -0.00202445 13.3044 -7.46041
17.83 -0.00224594 12.5673 -7.46796
17.84 -0.00245062 11.8041 -7.47483
17.85 -0.00263628 11.0102 -7.48099
17.86 -0.00280099 10.1824 -7.4864
17.87 -0.00294315 9.31957 -7.49105
17.88 -0.00306147 8.42316 -7.49493
17.89 -0.00315507 7.49776 -7.49805
17.9 -0.00322342 6.55137 -7.50042
17.91 -0.00326643 5.59398 -7.50208
17.92 -0.00328439 4.63619 -7.50304
17.93 -0.00327803 3.68837 -7.50336
17.94 -0.00324845 2.75985 -7.50308
17.95 -0.00319713 1.8591 -7.50227
17.96 -0.00312587 0.993962 -7.50097
17.97 -0.00303678 0.171432 -7.49927
17.98 -0.00293219 -0.60261 -7.49721
17.99 -0.00281462 -1.32323 -7.49488
18 -0.00268673 -1.98633 -7.49233
18.01 -0.00255123 -2.58824 -7.48963
18.02 -0.00241084 -3.12543 -7.48685
18.03 -0.00226826 -3.59508 -7.48404
18.04 -0.00212606 -3.99581 -7.48126
18.05 -0.00198671 -4.32814 -7.47854
18.06 -0.00185246 -4.59513 -7.47594
18.07 -0.00172537 -4.80205 -7.47349
18.08 -0.00160726 -4.95625 -7.47121
18.09 -0.00149966 -5.06675 -7.46915
18.1 -0.00140383 -5.14396 -7.46731
18.11 -0.00132073 -5.19917 -7.46571
18.12 -0.00125102 -5.24408 -7.46436
18.13 -0.00119508 -5.28998 -7.46327
18.14 -0.00115299 -5.34707 -7.46243
18.15 -0.0011246 -5.42421 -7.46186
18.16 -0.0011095 -5.52871 -7.46153
18.17 -0.00110711 -5.66647 -7.46145
18.18 -0.00111664 -5.84211 -7.46161
18.19 -0.0011372 -6.05877 -7.46199
18.2 -0.0011678 -6.31792 -7.46261
18.21 -0.00120739 -6.6193 -7.46344
18.22 -0.00125488 -6.96084 -7.46448
18.23 -0.0013092 -7.33939 -7.46572
18.24 -0.00136933 -7.75141 -7.46716
18.25 -0.00143426 -8.19304 -7.4688
18.26 -0.0015031 -8.66027 -7.47063
18.27 -0.001575 -9.14835 -7.47265
18.28 -0.00164923 -9.65142 -7.47486
18.29 -0.00172512 -10.1629 -7.47725
18.3 -0.00180212 -10.676 -7.47983
18.31 -0.00187974 -11.1847 -7.48259
18.32 -0.00195758 -11.6843 -7.48551
18.33 -0.00203531 -12.1718 -7.4886
18.34 -0.00211264 -12.6452 -7.49185
18.35 -0.00218936 -13.1035 -7.49524
18.36 -0.00226526 -13.5455 -7.49875
18.37 -0.00234017 -13.9707 -7.50237
18.38 -0.00241391 -14.3788 -7.50608
18.39 -0.00248633 -14.771 -7.50985
18.4 -0.00255728 -15.1504 -7.51366
18.41 -0.00262657 -15.5214 -7.51748
18.42 -0.00269403 -15.8893 -7.52128
18.43 -0.00275946 -16.2597 -7.52504
18.44 -0.00282265 -16.6371 -7.52872
18.45 -0.00288337 -17.0245 -7.53231
18.46 -0.00294139 -17.4234 -7.53575
18.47 -0.00299646 -17.8341 -7.53904
18.48 -0.00304838 -18.2558 -7.54215
18.49 -0.00309692 -18.6871 -7.54505
18.5 -0.00314191 -19.1266 -7.54772
18.51 -0.00318318 -19.5719 -7.55015
18.52 -0.00322062 -20.0196 -7.55233
18.53 -0.00325415 -20.4653 -7.55424
18.54 -0.00328374 -20.9029 -7.5559
18.55 -0.00330939 -21.3258 -7.55728
18.56 -0.00333115 -21.727 -7.55841
18.57 -0.0033491 -22.0995 -7.55928
18.58 -0.00336337 -22.4369 -7.55991
18.59 -0.00337408 -22.7338 -7.5603
18.6 -0.0033814 -22.9858 -7.56047
18.61 -0.00338549 -23.1906 -7.56045
18.62 -0.0033865 -23.3486 -7.56024
18.63 -0.00338457 -23.4626 -7.55986
18.64 -0.00337981 -23.5391 -7.55935
18.65 -0.0033723 -23.5858 -7.55871
18.66 -0.00336206 -23.6113 -7.55796
18.67 -0.0033491 -23.6231 -7.55713
18.68 -0.00333338 -23.6258 -7.55623
18.69 -0.00331483 -23.6226 -7.55527
18.7 -0.00329339 -23.6159 -7.55426
18.71 -0.003269 -23.6087 -7.55321
18.72 -0.00324166 -23.6063 -7.55212
18.73 -0.00321138 -23.6149 -7.55102
18.74 -0.00317826 -23.6411 -7.54991
18.75 -0.00314247 -23.6904 -7.5488
18.76 -0.00310425 -23.7663 -7.54769
18.77 -0.00306395 -23.87 -7.5466
18.78 -0.00302198 -24.0004 -7.54553
18.79 -0.00297886 -24.1542 -7.5445
18.8 -0.00293519 -24.3269 -7.5435
18.81 -0.00289165 -24.5131 -7.54256
18.82 -0.00284896 -24.7071 -7.54169
18.83 -0.00280793 -24.9041 -7.54089
18.84 -0.00276934 -25.1001 -7.54019
18.85 -0.00273401 -25.2932 -7.53959
18.86 -0.00270272 -25.4827 -7.53911
18.87 -0.00267618 -25.6696 -7.53878
18.88 -0.00265504 -25.8549 -7.53859
18.89 -0.00263983 -26.0401 -7.53857
18.9 -0.00263097 -26.2266 -7.53873
18.91 -0.00262873 -26.4157 -7.53908
18.92 -0.00263325 -26.6094 -7.53962
18.93 -0.00264451 -26.8094 -7.54035
18.94 -0.00266237 -27.017 -7.54129
18.95 -0.00268656 -27.2324 -7.54243
18.96 -0.00271669 -27.4537 -7.54375
18.97 -0.00275228 -27.6781 -7.54526
18.98 -0.00279281 -27.9016 -7.54693
18.99 -0.00283769 -28.1199 -7.54876
19 -0.00288633 -28.3292 -7.55072
19.01 -0.00293812 -28.5261 -7.55279
19.02 -0.00299249 -28.7085 -7.55495
19.03 -0.00304886 -28.875 -7.55718
19.04 -0.00310671 -29.0251 -7.55945
19.05 -0.00316552 -29.1588 -7.56174
19.06 -0.0032248 -29.275 -7.56404
19.07 -0.0032841 -29.3719 -7.5663
19.08 -0.00334296 -29.446 -7.56852
19.09 -0.00340094 -29.4933 -7.57065
19.1 -0.00345761 -29.51 -7.57269
19.11 -0.00351254 -29.4938 -7.5746
19.12 -0.0035653 -29.4438 -7.57637
19.13 -0.00361545 -29.3604 -7.57797
19.14 -0.00366254 -29.2454 -7.57939
19.15 -0.00370612 -29.1011 -7.58062
19.16 -0.00374571 -28.9307 -7.58163
19.17 -0.00378086 -28.7371 -7.58241
19.18 -0.00381108 -28.523 -7.58296
19.19 -0.00383591 -28.2905 -7.58326
19.2 -0.00385489 -28.0408 -7.58331
19.21 -0.00386762 -27.7746 -7.5831
19.22 -0.00387371 -27.493 -7.58262
19.23 -0.00387285 -27.1976 -7.58188
19.24 -0.00386478 -26.891 -7.58088
19.25 -0.00384934 -26.5764 -7.57961
19.26 -0.00382644 -26.2576 -7.57809
19.27 -0.00379608 -25.9382 -7.57633
19.28 -0.00375838 -25.6219 -7.57433
19.29 -0.00371353 -25.3122 -7.57212
19.3 -0.00366182 -25.0123 -7.56969
19.31 -0.00360364 -24.7248 -7.56709
19.32 -0.00353947 -24.4516 -7.56432
19.33 -0.00346986 -24.1933 -7.5614
19.34 -0.00339544 -23.9503 -7.55837
19.35 -0.00331693 -23.7223 -7.55525
19.36 -0.0032351 -23.5089 -7.55206
19.37 -0.00315075 -23.3096 -7.54883
19.38 -0.00306475 -23.1237 -7.5456
19.39 -0.00297801 -22.9497 -7.54238
19.4 -0.00289141 -22.7855 -7.53921
19.41 -0.0028059 -22.6281 -7.53613
19.42 -0.00272237 -22.4736 -7.53314
19.43 -0.00264174 -22.3176 -7.53029
19.44 -0.00256486 -22.1554 -7.52758
19.45 -0.00249256 -21.9817 -7.52505
19.46 -0.00242563 -21.7909 -7.52272
19.47 -0.00236477 -21.5783 -7.52058
19.48 -0.00231062 -21.3403 -7.51867
19.49 -0.00226372 -21.0754 -7.51699
19.5 -0.00222451 -20.7844 -7.51554
19.51 -0.00219331 -20.4694 -7.51434
19.52 -0.00217031 -20.1328 -7.51336
19.53 -0.00215557 -19.7763 -7.51263
19.54 -0.002149 -19.4 -7.51211
19.55 -0.00215037 -19.0027 -7.5118
19.56 -0.00215933 -18.5822 -7.51168
19.57 -0.00217539 -18.1361 -7.51173
19.58 -0.00219795 -17.6625 -7.51192
19.59 -0.00222632 -17.1607 -7.51223
19.6 -0.00225972 -16.6314 -7.51262
19.61 -0.00229729 -16.0762 -7.51306
19.62 -0.00233812 -15.4979 -7.51353
19.63 -0.00238127 -14.8996 -7.51399
19.64 -0.00242573 -14.285 -7.51441
19.65 -0.0024705 -13.6585 -7.51476
19.66 -0.00251455 -13.0245 -7.51502
19.67 -0.00255686 -12.3876 -7.51515
19.68 -0.00259642 -11.752 -7.51513
19.69 -0.00263224 -11.1211 -7.51493
19.7 -0.00266339 -10.4975 -7.51454
19.71 -0.00268899 -9.88348 -7.51394
19.72 -0.00270822 -9.28065 -7.51311
19.73 -0.00272036 -8.69032 -7.51205
19.74 -0.00272481 -8.11328 -7.51073
19.75 -0.00272107 -7.54988 -7.50917
19.76 -0.00270876 -7.00011 -7.50736
19.77 -0.00268766 -6.46343 -7.5053
19.78 -0.00265768 -5.93868 -7.50301
19.79 -0.0026189 -5.42414 -7.50049
19.8 -0.00257151 -4.91755 -7.49775
19.81 -0.00251587 -4.4169 -7.49481
19.82 -0.00245247 -3.92116 -7.49169
19.83 -0.00238192 -3.43028 -7.48842
19.84 -0.00230494 -2.94528 -7.48501
19.85 -0.00222233 -2.46737 -7.48149
19.86 -0.00213498 -1.9971 -7.47789
19.87 -0.00204381 -1.53468 -7.47423
19.88 -0.00194979 -1.08024 -7.47054
19.89 -0.00185391 -0.634264 -7.46686
19.9 -0.00175715 -0.198031 -7.46319
19.91 -0.00166048 0.226984 -7.45958
19.92 -0.00156483 0.639704 -7.45604
19.93 -0.00147113 1.03969 -7.45259
19.94 -0.00138021 1.42737 -7.44927
19.95 -0.00129287 1.80357 -7.44608
19.96 -0.00120985 2.16898 -7.44304
19.97 -0.00113183 2.52378 -7.44018
19.98 -0.00105939 2.86719 -7.4375
19.99 -0.000993061 3.19811 -7.43501
20 -0.000933286 3.51569 -7.43273
20.01 -0.000880424 3.81948 -7.43067
20.02 -0.000834749 4.10958 -7.42882
20.03 -0.00079645 4.38616 -7.4272
20.04 -0.000765628 4.64894 -7.42581
20.05 -0.000742295 4.8978 -7.42464
20.06 -0.000726383 5.13344 -7.42371
20.07 -0.00071774 5.35768 -7.42299
20.08 -0.000716139 5.57376 -7.42249
20.09 -0.000721287 5.78538 -7.4222
20.1 -0.000732825 5.99568 -7.42211
20.11 -0.000750342 6.20702 -7.4222
20.12 -0.000773376 6.42066 -7.42247
20.13 -0.000801421 6.63716 -7.4229
20.14 -0.000833933 6.85673 -7.42347
20.15 -0.000870332 7.07928 -7.42418
20.16 -0.000910009 7.30454 -7.425
20.17 -0.000952326 7.53181 -7.42591
20.18 -0.000996625 7.75974 -7.4269
20.19 -0.00104223 7.98674 -7.42794
20.2 -0.00108847 8.21138 -7.42902
20.21 -0.00113464 8.43293 -7.43012
20.22 -0.00118008 8.65199 -7.4312
20.23 -0.00122412 8.87003 -7.43227
20.24 -0.00126614 9.08899 -7.43328
20.25 -0.00130555 9.3107 -7.43422
20.26 -0.00134181 9.53635 -7.43508
20.27 -0.00137445 9.76666 -7.43582
20.28 -0.00140304 10.0021 -7.43644
20.29 -0.00142723 10.2428 -7.43692
20.3 -0.00144676 10.4892 -7.43725
20.31 -0.0014614 10.7414 -7.43742
20.32 -0.00147102 10.9992 -7.43741
20.33 -0.00147551 11.2621 -7.43722
20.34 -0.00147486 11.5303 -7.43684
20.35 -0.0014691 11.8038 -7.43628
20.36 -0.00145827 12.0831 -7.43552
20.37 -0.00144251 12.3687 -7.43458
20.38 -0.00142196 12.6601 -7.43345
20.39 -0.00139679 12.9563 -7.43214
20.4 -0.00136721 13.2564 -7.43066
20.41 -0.00133346 13.5596 -7.42902
20.42 -0.00129579 13.8654 -7.42722
20.43 -0.00125448 14.1735 -7.42528
20.44 -0.00120981 14.4826 -7.42321
20.45 -0.0011621 14.7918 -7.42103
20.46 -0.00111167 15.1 -7.41874
20.47 -0.00105886 15.4065 -7.41638
20.48 -0.00100405 15.7112 -7.41394
20.49 -0.000947585 16.0137 -7.41145
20.5 -0.000889868 16.3134 -7.40893
20.51 -0.000831295 16.6098 -7.40639
20.52 -0.000772274 16.9027 -7.40385
20.53 -0.000713226 17.1929 -7.40133
20.54 -0.000654574 17.4817 -7.39883
20.55 -0.000596749 17.7712 -7.39639
20.56 -0.000540179 18.0633 -7.394
20.57 -0.000485289 18.3599 -7.39168
20.58 -0.000432496 18.6619 -7.38944
20.59 -0.0003822 18.9695 -7.3873
20.6 -0.000334777 19.2825 -7.38527
20.61 -0.00029057 19.5998 -7.38335
20.62 -0.000249882 19.9195 -7.38156
20.63 -0.000212965 20.2393 -7.37989
20.64 -0.000180015 20.5562 -7.37836
20.65 -0.000151165 20.8668 -7.37696
20.66 -0.000126481 21.1669 -7.37571
20.67 -0.000105959 21.4517 -7.3746
20.68 -8.95271e-05 21.7167 -7.37364
20.69 -7.70484e-05 21.9569 -7.37282
20.7 -6.83265e-05 22.1685 -7.37214
20.71 -6.31152e-05 22.3479 -7.3716
20.72 -6.113e-05 22.4929 -7.3712
20.73 -6.20615e-05 22.6021 -7.37092
20.74 -6.55896e-05 22.675 -7.37078
20.75 -7.13984e-05 22.7122 -7.37076
20.76 -7.91904e-05 22.7155 -7.37085
20.77 -8.86993e-05 22.6877 -7.37106
20.78 -9.97006e-05 22.6329 -7.37137
20.79 -0.00011202 22.5557 -7.37179
20.8 -0.000125536 22.4607 -7.3723
20.81 -0.000140184 22.3527 -7.3729
20.82 -0.000155947 22.2364 -7.37359
20.83 -0.000172856 22.1164 -7.37436
20.84 -0.000190973 21.998 -7.37522
20.85 -0.000210389 21.8859 -7.37615
20.86 -0.000231199 21.7849 -7.37714
20.87 -0.000253499 21.6989 -7.3782
20.88 -0.000277366 21.6312 -7.37932
20.89 -0.000302844 21.5841 -7.38048
20.9 -0.000329936 21.5585 -7.38168
20.91 -0.000358588 21.5543 -7.38292
20.92 -0.000388685 21.5697 -7.38417
20.93 -0.000420043 21.6024 -7.38543
20.94 -0.000452405 21.6492 -7.38669
20.95 -0.000485447 21.7073 -7.38793
20.96 -0.00051878 21.774 -7.38913
20.97 -0.000551959 21.8466 -7.39029
20.98 -0.000584498 21.9223 -7.39138
20.99 -0.00061588 21.998 -7.3924
21 -0.000645577 22.0703 -7.39331
21.01 -0.000673061 22.1361 -7.39412
21.02 -0.000697824 22.1924 -7.39481
21.03 -0.000719393 22.237 -7.39536
21.04 -0.000737344 22.2681 -7.39578
21.05 -0.000751312 22.2844 -7.39604
21.06 -0.000761008 22.2852 -7.39615
21.07 -0.000766222 22.2697 -7.39611
21.08 -0.000766829 22.2378 -7.39591
21.09 -0.000762793 22.1895 -7.39557
21.1 -0.000754168 22.1255 -7.39508
21.11 -0.000741094 22.0467 -7.39447
21.12 -0.000723794 21.955 -7.39373
21.13 -0.000702568 21.8527 -7.3929
21.14 -0.000677784 21.7427 -7.39197
21.15 -0.000649877 21.6279 -7.39098
21.16 -0.00061933 21.5104 -7.38994
21.17 -0.000586669 21.3918 -7.38886
21.18 -0.000552452 21.2732 -7.38778
21.19 -0.000517251 21.1551 -7.38672
21.2 -0.000481651 21.0384 -7.38568
21.21 -0.000446227 20.9239 -7.3847
21.22 -0.000411546 20.8122 -7.38379
21.23 -0.000378147 20.7034 -7.38297
21.24 -0.000346541 20.5968 -7.38225
21.25 -0.000317201 20.4913 -7.38165
21.26 -0.000290556 20.3857 -7.38117
21.27 -0.000266987 20.2782 -7.38083
21.28 -0.000246823 20.1672 -7.38062
21.29 -0.00023034 20.0506 -7.38057
21.3 -0.000217757 19.926 -7.38065
21.31 -0.00020924 19.7913 -7.38089
21.32 -0.000204899 19.645 -7.38127
21.33 -0.000204796 19.4868 -7.3818
21.34 -0.000208942 19.317 -7.38246
21.35 -0.000217304 19.1368 -7.38325
21.36 -0.000229812 18.9475 -7.38416
21.37 -0.000246359 18.7503 -7.38518
21.38 -0.000266805 18.5459 -7.38631
21.39 -0.000290981 18.3352 -7.38754
21.4 -0.000318687 18.1184 -7.38885
21.41 -0.000349697 17.8955 -7.39024
21.42 -0.000383754 17.6666 -7.3917
21.43 -0.000420573 17.4316 -7.39323
21.44 -0.000459841 17.1912 -7.39481
21.45 -0.00050122 16.9461 -7.39643
21.46 -0.000544347 16.6976 -7.39809
21.47 -0.000588839 16.4471 -7.39979
21.48 -0.000634299 16.1956 -7.4015
21.49 -0.000680322 15.9442 -7.40323
21.5 -0.000726496 15.6931 -7.40497
21.51 -0.000772414 15.4422 -7.40671
21.52 -0.000817676 15.1903 -7.40844
21.53 -0.000861896 14.9359 -7.41016
21.54 -0.000904708 14.6774 -7.41185
21.55 -0.000945769 14.4126 -7.41353
21.56 -0.000984764 14.1397 -7.41517
21.57 -0.00102142 13.8563 -7.41677
21.58 -0.00105548 13.5601 -7.41833
21.59 -0.00108676 13.2487 -7.41984
21.6 -0.0011151 12.9194 -7.42131
21.61 -0.0011404 12.5701 -7.42273
21.62 -0.0011626 12.1991 -7.42409
21.63 -0.00118171 11.8051 -7.4254
21.64 -0.00119778 11.3867 -7.42666
21.65 -0.00121093 10.9429 -7.42787
21.66 -0.00122132 10.4727 -7.42904
21.67 -0.00122917 9.97562 -7.43017
21.68 -0.00123477 9.452 -7.43126
21.69 -0.00123843 8.90306 -7.43234
21.7 -0.00124053 8.33113 -7.4334
21.71 -0.00124147 7.73941 -7.43446
21.72 -0.00124169 7.13179 -7.43553
21.73 -0.00124168 6.5123 -7.43662
21.74 -0.00124193 5.88458 -7.43773
21.75 -0.00124294 5.25186 -7.4389
21.76 -0.00124522 4.61683 -7.44012
21.77 -0.00124928 3.98193 -7.44141
21.78 -0.00125558 3.34948 -7.44278
21.79 -0.00126458 2.72167 -7.44425
21.8 -0.00127668 2.10054 -7.44582
21.81 -0.00129221 1.48773 -7.44749
21.82 -0.00131147 0.884353 -7.44929
21.83 -0.00133467 0.290941 -7.4512
21.84 -0.00136196 -0.292594 -7.45324
21.85 -0.0013934 -0.866831 -7.45539
21.86 -0.00142897 -1.43272 -7.45767
21.87 -0.0014686 -1.99145 -7.46006
21.88 -0.0015121 -2.54426 -7.46256
21.89 -0.00155926 -3.09237 -7.46516
21.9 -0.00160978 -3.63689 -7.46785
21.91 -0.00166331 -4.17891 -7.47061
21.92 -0.00171946 -4.71969 -7.47345
21.93 -0.00177781 -5.26078 -7.47633
21.94 -0.00183791 -5.80412 -7.47925
21.95 -0.00189929 -6.35165 -7.48219
21.96 -0.00196148 -6.9049 -7.48514
21.97 -0.00202402 -7.46442 -7.48808
21.98 -0.00208645 -8.02926 -7.49101
21.99 -0.00214833 -8.59715 -7.4939
22 -0.00220927 -9.16471 -7.49675
22.01 -0.00226889 -9.72794 -7.49954
22.02 -0.00232688 -10.2828 -7.50225
22.03 -0.00238296 -10.8254 -7.50489
22.04 -0.00243691 -11.3523 -7.50745
22.05 -0.00248855 -11.8612 -7.50991
22.06 -0.00253773 -12.3506 -7.51227
22.07 -0.00258437 -12.8203 -7.51453
22.08 -0.0026284 -13.2711 -7.51669
22.09 -0.00266976 -13.704 -7.51874
22.1 -0.00270841 -14.1201 -7.52068
22.11 -0.00274433 -14.5202 -7.52252
22.12 -0.00277748 -14.9052 -7.52425
22.13 -0.00280783 -15.2766 -7.52587
22.14 -0.00283535 -15.6359 -7.52739
22.15 -0.00286 -15.9854 -7.52881
22.16 -0.00288174 -16.3273 -7.53012
22.17 -0.00290053 -16.6637 -7.53133
22.18 -0.00291637 -16.9964 -7.53243
22.19 -0.00292925 -17.3265 -7.53344
22.2 -0.00293918 -17.6546 -7.53435
22.21 -0.00294622 -17.981 -7.53516
22.22 -0.00295046 -18.3054 -7.53588
22.23 -0.00295203 -18.6275 -7.53651
22.24 -0.00295109 -18.9465 -7.53705
22.25 -0.00294786 -19.261 -7.53751
22.26 -0.00294261 -19.5689 -7.53789
22.27 -0.00293562 -19.8678 -7.53821
22.28 -0.00292722 -20.1553 -7.53846
22.29 -0.00291778 -20.4299 -7.53865
22.3 -0.00290766 -20.6909 -7.5388
22.31 -0.00289724 -20.9383 -7.53891
22.32 -0.0028869 -21.1724 -7.53899
22.33 -0.00287697 -21.3939 -7.53905
22.34 -0.00286779 -21.6034 -7.53911
22.35 -0.00285964 -21.8013 -7.53916
22.36 -0.00285276 -21.9889 -7.53923
22.37 -0.00284733 -22.1672 -7.53931
22.38 -0.0028435 -22.3376 -7.53942
22.39 -0.00284133 -22.5012 -7.53956
22.4 -0.00284087 -22.6588 -7.53974
22.41 -0.0028421 -22.8109 -7.53996
22.42 -0.00284497 -22.958 -7.54022
22.43 -0.0028494 -23.1006 -7.54053
22.44 -0.00285528 -23.2395 -7.54089
22.45 -0.00286249 -23.3752 -7.54129
22.46 -0.00287091 -23.5079 -7.54174
22.47 -0.00288041 -23.6372 -7.54223
22.48 -0.00289086 -23.7622 -7.54276
22.49 -0.00290215 -23.8815 -7.54333
22.5 -0.00291419 -23.9933 -7.54392
22.51 -0.00292688 -24.0961 -7.54454
22.52 -0.00294016 -24.1889 -7.54518
22.53 -0.00295397 -24.2711 -7.54583
22.54 -0.00296827 -24.3423 -7.5465
22.55 -0.00298299 -24.4028 -7.54716
22.56 -0.00299811 -24.4528 -7.54782
22.57 -0.00301356 -24.4934 -7.54848
22.58 -0.00302927 -24.5261 -7.54912
22.59 -0.00304516 -24.5529 -7.54975
22.6 -0.00306111 -24.5754 -7.55035
22.61 -0.00307698 -24.595 -7.55093
22.62 -0.00309262 -24.6121 -7.55147
22.63 -0.00310785 -24.6267 -7.55198
22.64 -0.00312249 -24.6379 -7.55245
22.65 -0.00313632 -24.6449 -7.55287
22.66 -0.00314915 -24.6465 -7.55325
22.67 -0.00316079 -24.6419 -7.55356
22.68 -0.00317107 -24.6305 -7.55382
22.69 -0.00317982 -24.6119 -7.55402
22.7 -0.00318692 -24.5858 -7.55416
22.71 -0.00319227 -24.5523 -7.55423
22.72 -0.00319578 -24.5116 -7.55424
22.73 -0.00319742 -24.4641 -7.55418
22.74 -0.00319718 -24.4108 -7.55405
22.75 -0.00319505 -24.3524 -7.55386
22.76 -0.00319107 -24.2904 -7.5536
22.77 -0.0031853 -24.2263 -7.55328
22.78 -0.00317779 -24.1623 -7.55291
22.79 -0.00316863 -24.1005 -7.55248
22.8 -0.00315789 -24.0431 -7.55199
22.81 -0.00314566 -23.9922 -7.55147
22.82 -0.00313205 -23.9492 -7.5509
22.83 -0.00311714 -23.9155 -7.55029
22.84 -0.00310106 -23.8918 -7.54966
22.85 -0.00308391 -23.8787 -7.549
22.86 -0.00306584 -23.8757 -7.54832
22.87 -0.00304698 -23.8814 -7.54764
22.88 -0.0030275 -23.8931 -7.54695
22.89 -0.00300759 -23.9073 -7.54627
22.9 -0.00298747 -23.9202 -7.54559
22.91 -0.00296737 -23.9273 -7.54493
22.92 -0.00294756 -23.9242 -7.54428
22.93 -0.00292831 -23.9066 -7.54366
22.94 -0.00290994 -23.8703 -7.54308
22.95 -0.00289273 -23.8114 -7.54252
22.96 -0.00287698 -23.7267 -7.542
22.97 -0.00286298 -23.6135 -7.54152
22.98 -0.00285098 -23.4699 -7.54108
22.99 -0.0028412 -23.294 -7.54068
23 -0.00283378 -23.0836 -7.54031
23.01 -0.00282884 -22.8364 -7.53998
23.02 -0.00282641 -22.5497 -7.53967
23.03 -0.00282645 -22.2211 -7.53937
23.04 -0.00282884 -21.8495 -7.53908
23.05 -0.00283338 -21.4348 -7.53877
23.06 -0.00283982 -20.9784 -7.53845
23.07 -0.00284781 -20.483 -7.53809
23.08 -0.00285694 -19.9521 -7.53767
23.09 -0.00286672 -19.3899 -7.53719
23.1 -0.00287663 -18.8003 -7.53662
23.11 -0.00288608 -18.1871 -7.53595
23.12 -0.00289444 -17.554 -7.53516
23.13 -0.00290108 -16.9045 -7.53422
23.14 -0.00290533 -16.2424 -7.53314
23.15 -0.00290655 -15.5712 -7.53189
23.16 -0.00290413 -14.8947 -7.53045
23.17 -0.00289746 -14.2162 -7.52883
23.18 -0.00288601 -13.5389 -7.527
23.19 -0.00286931 -12.8656 -7.52498
23.2 -0.00284697 -12.1992 -7.52274
23.21 -0.00281866 -11.5421 -7.5203
23.22 -0.00278419 -10.8962 -7.51765
23.23 -0.00274342 -10.2628 -7.51481
23.24 -0.00269635 -9.64216 -7.51178
23.25 -0.00264307 -9.03394 -7.50858
23.26 -0.00258379 -8.43714 -7.50522
23.27 -0.00251879 -7.85029 -7.50172
23.28 -0.00244849 -7.27163 -7.4981
23.29 -0.00237338 -6.69925 -7.49438
23.3 -0.00229404 -6.13119 -7.49058
23.31 -0.00221112 -5.5655 -7.48672
23.32 -0.00212534 -5.00036 -7.48284
23.33 -0.00203747 -4.43403 -7.47895
23.34 -0.00194829 -3.86488 -7.47509
23.35 -0.00185862 -3.29157 -7.47126
23.36 -0.00176928 -2.71332 -7.4675
23.37 -0.00168108 -2.13001 -7.46382
23.38 -0.00159479 -1.54239 -7.46025
23.39 -0.00151114 -0.951912 -7.45681
23.4 -0.00143081 -0.360547 -7.4535
23.41 -0.00135441 0.229198 -7.45034
23.42 -0.00128248 0.814321 -7.44734
23.43 -0.00121545 1.39157 -7.44452
23.44 -0.00115368 1.95767 -7.44187
23.45 -0.00109744 2.50988 -7.43941
23.46 -0.00104691 3.04654 -7.43712
23.47 -0.00100218 3.56685 -7.43502
23.48 -0.00096325 4.07071 -7.4331
23.49 -0.000930068 4.5583 -7.43134
23.5 -0.000902506 5.02975 -7.42976
23.51 -0.000880385 5.48524 -7.42833
23.52 -0.000863481 5.92522 -7.42706
23.53 -0.000851527 6.35025 -7.42593
23.54 -0.000844227 6.76097 -7.42494
23.55 -0.000841256 7.15805 -7.42407
23.56 -0.000842265 7.54214 -7.42332
23.57 -0.000846887 7.91405 -7.42268
23.58 -0.000854736 8.27503 -7.42214
23.59 -0.000865415 8.62672 -7.42168
23.6 -0.000878514 8.9711 -7.42131
23.61 -0.000893616 9.31024 -7.42101
23.62 -0.0009103 9.6461 -7.42077
23.63 -0.000928142 9.98032 -7.42059
23.64 -0.000946721 10.314 -7.42044
23.65 -0.00096562 10.6478 -7.42033
23.66 -0.00098443 10.9816 -7.42025
23.67 -0.00100275 11.3148 -7.42017
23.68 -0.0010202 11.6465 -7.4201
23.69 -0.00103642 11.9755 -7.42003
23.7 -0.00105104 12.3006 -7.41994
23.71 -0.00106374 12.6205 -7.41982
23.72 -0.00107423 12.9343 -7.41967
23.73 -0.00108225 13.2413 -7.41948
23.74 -0.00108755 13.5405 -7.41923
23.75 -0.00108995 13.8313 -7.41892
23.76 -0.00108931 14.1128 -7.41854
23.77 -0.00108552 14.3841 -7.41809
23.78 -0.00107852 14.6453 -7.41755
23.79 -0.00106832 14.8967 -7.41693
23.8 -0.00105497 15.1398 -7.41622
23.81 -0.00103855 15.3763 -7.41542
23.82 -0.00101923 15.6086 -7.41453
23.83 -0.000997182 15.8389 -7.41354
23.84 -0.00097265 16.0694 -7.41247
23.85 -0.0009459 16.3022 -7.41131
23.86 -0.000917229 16.539 -7.41006
23.87 -0.000886953 16.7813 -7.40875
23.88 -0.000855399 17.0301 -7.40736
23.89 -0.000822893 17.2855 -7.40591
23.9 -0.000789752 17.5469 -7.40442
23.91 -0.000756273 17.8122 -7.40288
23.92 -0.000722727 18.0789 -7.40132
23.93 -0.000689347 18.3437 -7.39973
23.94 -0.000656328 18.6028 -7.39814
23.95 -0.000623821 18.8528 -7.39655
23.96 -0.000591938 19.0903 -7.39498
23.97 -0.000560749 19.3127 -7.39343
23.98 -0.000530297 19.5183 -7.39192
23.99 -0.0005006 19.7062 -7.39044
24 -0.000471665 19.8763 -7.38902
24.01 -0.0004435 20.0294 -7.38765
24.02 -0.000416124 20.167 -7.38635
24.03 -0.000389579 20.2914 -7.38511
24.04 -0.000363934 20.4053 -7.38395
24.05 -0.000339298 20.5117 -7.38287
24.06 -0.000315815 20.6138 -7.38187
24.07 -0.000293666 20.7145 -7.38095
24.08 -0.000273066 20.8168 -7.38012
24.09 -0.000254252 20.9233 -7.37938
24.1 -0.000237477 21.0363 -7.37873
24.11 -0.000222993 21.1579 -7.37818
24.12 -0.000211042 21.2893 -7.37772
24.13 -0.000201837 21.4313 -7.37735
24.14 -0.000195551 21.5839 -7.37708
24.15 -0.000192305 21.7466 -7.3769
24.16 -0.000192158 21.9185 -7.3768
24.17 -0.000195096 22.0979 -7.37678
24.18 -0.000201032 22.2827 -7.37684
24.19 -0.000209802 22.4701 -7.37697
24.2 -0.000221168 22.6563 -7.37716
24.21 -0.00023482 22.8375 -7.3774
24.22 -0.000250389 23.0101 -7.37769
24.23 -0.000267454 23.1708 -7.378
24.24 -0.000285556 23.317 -7.37834
24.25 -0.000304217 23.4467 -7.3787
24.26 -0.000322948 23.5577 -7.37905
24.27 -0.000341275 23.6485 -7.37939
24.28 -0.000358746 23.7177 -7.37972
24.29 -0.000374952 23.7646 -7.38002
24.3 -0.000389531 23.7886 -7.38029
24.31 -0.000402187 23.7901 -7.38052
24.32 -0.000412689 23.7693 -7.38072
24.33 -0.000420882 23.7271 -7.38087
24.34 -0.000426683 23.6648 -7.38097
24.35 -0.000430086 23.5843 -7.38104
24.36 -0.000431153 23.4876 -7.38107
24.37 -0.000430014 23.3768 -7.38106
24.38 -0.000426857 23.2539 -7.38103
24.39 -0.000421917 23.1199 -7.38098
24.4 -0.000415471 22.9752 -7.38092
24.41 -0.000407821 22.8195 -7.38086
24.42 -0.000399287 22.6521 -7.38082
24.43 -0.000390194 22.4722 -7.38079
24.44 -0.000380866 22.2799 -7.3808
24.45 -0.000371616 22.0758 -7.38086
24.46 -0.000362745 21.861 -7.38097
24.47 -0.000354537 21.6375 -7.38113
24.48 -0.000347259 21.4067 -7.38137
24.49 -0.000341161 21.1703 -7.38168
24.5 -0.000336478 20.9292 -7.38208
24.51 -0.000333426 20.6834 -7.38256
24.52 -0.000332206 20.4326 -7.38312
24.53 -0.000333 20.1759 -7.38378
24.54 -0.000335971 19.9125 -7.38453
24.55 -0.000341258 19.6415 -7.38537
24.56 -0.00034898 19.3626 -7.38631
24.57 -0.000359227 19.0757 -7.38733
24.58 -0.000372064 18.7809 -7.38844
24.59 -0.000387527 18.4784 -7.38963
24.6 -0.000405624 18.1684 -7.39091
24.61 -0.000426329 17.8505 -7.39225
24.62 -0.00044959 17.5242 -7.39367
24.63 -0.000475319 17.1886 -7.39515
24.64 -0.000503401 16.8429 -7.39669
24.65 -0.000533689 16.4868 -7.39829
24.66 -0.000566009 16.1201 -7.39994
24.67 -0.000600162 15.7431 -7.40163
24.68 -0.000635928 15.356 -7.40337
24.69 -0.000673072 14.9592 -7.40514
24.7 -0.000711344 14.5529 -7.40694
24.71 -0.000750492 14.1375 -7.40877
24.72 -0.000790258 13.7135 -7.41063
24.73 -0.000830392 13.2811 -7.4125
24.74 -0.000870648 12.8408 -7.4144
24.75 -0.000910798 12.3929 -7.41631
24.76 -0.000950626 11.9376 -7.41823
24.77 -0.00098994 11.475 -7.42016
24.78 -0.00102857 11.0052 -7.4221
24.79 -0.00106637 10.5283 -7.42405
24.8 -0.00110322 10.0447 -7.426
24.81 -0.00113904 9.55518 -7.42795
24.82 -0.00117376 9.06098 -7.4299
24.83 -0.00120735 8.564 -7.43185
24.84 -0.00123981 8.06712 -7.4338
24.85 -0.00127116 7.57377 -7.43573
24.86 -0.00130148 7.08761 -7.43766
24.87 -0.00133084 6.61204 -7.43956
24.88 -0.00135936 6.14957 -7.44146
24.89 -0.00138716 5.70179 -7.44332
24.9 -0.00141437 5.26918 -7.44517
24.91 -0.00144114 4.85147 -7.44699
24.92 -0.0014676 4.44797 -7.44878
24.93 -0.00149387 4.058 -7.45053
24.94 -0.00152002 3.68133 -7.45225
24.95 -0.00154614 3.31809 -7.45393
24.96 -0.00157224 2.96864 -7.45556
24.97 -0.00159832 2.63323 -7.45715
24.98 -0.00162433 2.30851 -7.45868
24.99 -0.0016502 1.9879 -7.46016
25 -0.0016758 1.66831 -7.46159
