0.01 0 0 -5.04699
0.02 0 0 -5.04736
0.03 0 0 -5.04757
0.04 0 0 -5.04768
0.05 0 0 -5.04775
0.06 0 0 -5.04778
0.07 0 0 -5.0478
0.08 0 0 -5.04781
0.09 0 0 -5.04782
0.1 0 0 -5.04782
0.11 0 0 -5.04782
0.12 0 0 -5.04781
0.13 0 0 -5.04781
0.14 0 0 -5.04781
0.15 0 0 -5.04781
0.16 0 0 -5.04781
0.17 0 0 -5.04781
0.18 0 0 -5.04781
0.19 0 0 -5.04781
0.2 0 0 -5.0478
0.21 0 0 -5.04781
0.22 0 0 -5.04781
0.23 0 0 -5.04781
0.24 0 0 -5.04781
0.25 0 0 -5.04781
0.26 0 0 -5.04781
0.27 0 0 -5.04781
0.28 0 0 -5.04782
0.29 0 0 -5.04782
0.3 0 0 -5.04782
0.31 0 0 -5.04782
0.32 0 0 -5.04782
0.33 0 0 -5.04782
0.34 0 0 -5.04783
0.35 0 0 -5.04783
0.36 0 0 -5.04783
0.37 0 0 -5.04784
0.38 0 0 -5.04784
0.39 0 0 -5.04785
0.4 0 0 -5.04786
0.41 0 0 -5.04787
0.42 0 0 -5.04788
0.43 0 0 -5.04788
0.44 0 0 -5.04789
0.45 0 0 -5.0479
0.46 0 0 -5.0479
0.47 0 0 -5.0479
0.48 0 0 -5.04791
0.49 0 0 -5.04791
0.5 0 0 -5.04791
0.51 0 0 -5.04791
0.52 0 0 -5.04791
0.53 0 0 -5.04791
0.54 0 0 -5.04792
0.55 0 0 -5.04792
0.56 0 0 -5.04792
0.57 0 0 -5.04793
0.58 0 0 -5.04793
0.59 0 0 -5.04794
0.6 0 0 -5.04794
0.61 0 0 -5.04794
0.62 0 0 -5.04794
0.63 0 0 -5.04794
0.64 0 0 -5.04795
0.65 0 0 -5.04795
0.66 0 0 -5.04796
0.67 0 0 -5.04797
0.68 0 0 -5.04799
0.69 0 0 -5.048
0.7 0 0 -5.04802
0.71 0 0 -5.04805
0.72 0 0 -5.04807
0.73 0 0 -5.04811
0.74 0 0 -5.04814
0.75 0 0 -5.04817
0.76 0 0 -5.04821
0.77 0 0 -5.04824
0.78 0 0 -5.04828
0.79 0 0 -5.04831
0.8 0 0 -5.04834
0.81 0 0 -5.04836
0.82 0 0 -5.04838
0.83 0 0 -5.04839
0.84 0 0 -5.04839
0.85 0 0 -5.0484
0.86 0 0 -5.04841
0.87 0 0 -5.04841
0.88 0 0 -5.04842
0.89 0 0 -5.04842
0.9 0 0 -5.04842
0.91 0 0 -5.04842
0.92 0 0 -5.0484
0.93 0 0 -5.04839
0.94 0 0 -5.04838
0.95 0 0 -5.04837
0.96 0 0 -5.04837
0.97 0 0 -5.04836
0.98 0 0 -5.04837
0.99 0 0 -5.04838
1 0 0 -5.04839
1.01 0 0 -5.04841
1.02 0 0 -5.04843
1.03 0 0 -5.04845
1.04 0 0 -5.04846
1.05 0 0 -5.04846
1.06 0 0 -5.04845
1.07 0 0 -5.04843
1.08 0 0 -5.0484
1.09 0 0 -5.04837
1.1 0 0 -5.04833
1.11 0 0 -5.04828
1.12 0 0 -5.04823
1.13 0 0 -5.04817
1.14 0 0 -5.04809
1.15 0 0 -5.048
1.16 0 0 -5.04788
1.17 0 0 -5.04774
1.18 0 0 -5.04759
1.19 0 0 -5.04743
1.2 0 0 -5.04726
1.21 0 0 -5.0471
1.22 0 0 -5.04693
1.23 0 0 -5.04678
1.24 0 0 -5.04663
1.25 0 0 -5.04649
1.26 0 0 -5.04636
1.27 0 0 -5.04625
1.28 0 0 -5.04614
1.29 0 0 -5.04604
1.3 0 0 -5.04595
1.31 0 0 -5.04586
1.32 0 0 -5.04579
1.33 0 0 -5.04572
1.34 0 0 -5.04567
1.35 0 0 -5.04564
1.36 0 0 -5.04563
1.37 0 0 -5.04564
1.38 0 0 -5.04568
1.39 0 0 -5.04574
1.4 0 0 -5.04582
1.41 0 0 -5.04592
1.42 0 0 -5.04603
1.43 0 0 -5.04615
1.44 0 0 -5.04628
1.45 0 0 -5.04642
1.46 0 0 -5.04657
1.47 0 0 -5.04672
1.48 0 0 -5.04689
1.49 0 0 -5.04706
1.5 0 0 -5.04724
1.51 0 0 -5.04742
1.52 0 0 -5.04761
1.53 0 0 -5.0478
1.54 0 0 -5.04799
1.55 0 0 -5.04818
1.56 0 0 -5.04837
1.57 0 0 -5.04854
1.58 0 0 -5.04871
1.59 0 0 -5.04887
1.6 0 0 -5.04901
1.61 0 0 -5.04914
1.62 0 0 -5.04928
1.63 0 0 -5.04941
1.64 0 0 -5.04956
1.65 0 0 -5.04973
1.66 0 0 -5.0499
1.67 0 0 -5.05007
1.68 0 0 -5.05023
1.69 0 0 -5.05037
1.7 0 0 -5.05049
1.71 0 0 -5.05058
1.72 0 0 -5.05066
1.73 0 0 -5.05072
1.74 0 0 -5.05077
1.75 0 0 -5.05082
1.76 0 0 -5.05085
1.77 0 0 -5.05087
1.78 0 0 -5.05087
1.79 0 0 -5.05084
1.8 0 0 -5.05079
1.81 0 0 -5.05071
1.82 0 0 -5.05061
1.83 0 0 -5.05049
1.84 0 0 -5.05035
1.85 0 0 -5.0502
1.86 0 0 -5.05005
1.87 0 0 -5.04988
1.88 0 0 -5.04971
1.89 0 0 -5.04955
1.9 0 0 -5.04938
1.91 0 0 -5.04923
1.92 0 0 -5.04909
1.93 0 0 -5.04896
1.94 0 0 -5.04885
1.95 0 0 -5.04876
1.96 0 0 -5.04868
1.97 0 0 -5.04863
1.98 0 0 -5.04859
1.99 0 0 -5.04858
2 0 0 -5.04858
2.01 0 0 -5.04861
2.02 0 0 -5.04864
2.03 0 0 -5.04868
2.04 0 0 -5.04872
2.05 0 0 -5.04875
2.06 0 0 -5.04876
2.07 0 0 -5.04877
2.08 0 0 -5.04877
2.09 0 0 -5.04877
2.1 0 0 -5.04878
2.11 0 0 -5.0488
2.12 0 0 -5.04884
2.13 0 0 -5.04888
2.14 0 0 -5.04893
2.15 0 0 -5.04899
2.16 0 0 -5.04904
2.17 0 0 -5.04909
2.18 0 0 -5.04915
2.19 0 0 -5.04921
2.2 0 0 -5.04926
2.21 0 0 -5.04932
2.22 0 0 -5.04937
2.23 0 0 -5.04942
2.24 0 0 -5.04944
2.25 0 0 -5.04945
2.26 0 0 -5.04944
2.27 0 0 -5.04941
2.28 0 0 -5.04936
2.29 0 0 -5.04929
2.3 0 0 -5.04921
2.31 0 0 -5.04911
2.32 0 0 -5.04901
2.33 0 0 -5.04888
2.34 0 0 -5.04874
2.35 0 0 -5.04859
2.36 0 0 -5.04844
2.37 0 0 -5.04828
2.38 0 0 -5.04811
2.39 0 0 -5.04795
2.4 0 0 -5.0478
2.41 0 0 -5.04766
2.42 0 0 -5.04753
2.43 0 0 -5.04743
2.44 0 0 -5.04734
2.45 0 0 -5.04727
2.46 0 0 -5.04721
2.47 0 0 -5.04717
2.48 0 0 -5.04715
2.49 0 0 -5.04712
2.5 0 0 -5.04711
2.51 0 0 -5.0471
2.52 0 0 -5.04711
2.53 0 0 -5.04713
2.54 0 0 -5.04717
2.55 0 0 -5.04722
2.56 0 0 -5.04729
2.57 0 0 -5.04737
2.58 0 0 -5.04745
2.59 0 0 -5.04754
2.6 0 0 -5.04764
2.61 0 0 -5.04774
2.62 0 0 -5.04783
2.63 0 0 -5.04791
2.64 0 0 -5.04797
2.65 0 0 -5.04802
2.66 0 0 -5.04806
2.67 0 0 -5.04808
2.68 0 0 -5.04811
2.69 0 0 -5.04815
2.7 0 0 -5.04818
2.71 0 0 -5.04822
2.72 0 0 -5.04824
2.73 0 0 -5.04823
2.74 0 0 -5.04818
2.75 0 0 -5.04811
2.76 0 0 -5.04802
2.77 0 0 -5.04792
2.78 0 0 -5.0478
2.79 0 0 -5.04768
2.8 0 0 -5.04756
2.81 0 0 -5.04742
2.82 0 0 -5.04726
2.83 0 0 -5.0471
2.84 0 0 -5.04693
2.85 0 0 -5.04677
2.86 0 0 -5.04663
2.87 0 0 -5.0465
2.88 0 0 -5.04639
2.89 0 0 -5.04627
2.9 0 0 -5.04614
2.91 0 0 -5.04599
2.92 0 0 -5.04581
2.93 0 0 -5.04562
2.94 0 0 -5.04544
2.95 0 0 -5.04527
2.96 0 0 -5.04512
2.97 0 0 -5.04501
2.98 0 0 -5.04492
2.99 0 0 -5.04486
3 0 0 -5.0448
3.01 0 0 -5.04477
3.02 0 0 -5.04476
3.03 0 0 -5.04478
3.04 0 0 -5.04484
3.05 0 0 -5.04494
3.06 0 0 -5.04506
3.07 0 0 -5.04521
3.08 0 0 -5.04537
3.09 0 0 -5.04552
3.1 0 0 -5.04568
3.11 0 0 -5.04583
3.12 0 0 -5.046
3.13 0 0 -5.0462
3.14 0 0 -5.04642
3.15 0 0 -5.04668
3.16 0 0 -5.04696
3.17 0 0 -5.04724
3.18 0 0 -5.04752
3.19 0 0 -5.04777
3.2 0 0 -5.04801
3.21 0 0 -5.04825
3.22 0 0 -5.04848
3.23 0 0 -5.04872
3.24 0 0 -5.04896
3.25 0 0 -5.04918
3.26 0 0 -5.04936
3.27 0 0 -5.0495
3.28 0 0 -5.04958
3.29 0 0 -5.04958
3.3 0 0 -5.04953
3.31 0 0 -5.04943
3.32 0 0 -5.04929
3.33 0 0 -5.0491
3.34 0 0 -5.04888
3.35 0 0 -5.0486
3.36 0 0 -5.04829
3.37 0 0 -5.04792
3.38 0 0 -5.04752
3.39 0 0 -5.04708
3.4 0 0 -5.04663
3.41 0 0 -5.04617
3.42 0 0 -5.04573
3.43 0 0 -5.0453
3.44 0 0 -5.04491
3.45 0 0 -5.04457
3.46 0 0 -5.04427
3.47 0 0 -5.04403
3.48 0 0 -5.04384
3.49 0 0 -5.0437
3.5 0 0 -5.04361
3.51 0 0 -5.04357
3.52 0 0 -5.04358
3.53 0 0 -5.04364
3.54 0 0 -5.04373
3.55 0 0 -5.04385
3.56 0 0 -5.044
3.57 0 0 -5.04416
3.58 0 0 -5.04433
3.59 0 0 -5.04447
3.6 0 0 -5.04455
3.61 0 0 -5.04453
3.62 0 0 -5.04437
3.63 0 0 -5.04404
3.64 0 0 -5.04351
3.65 0 0 -5.04277
3.66 0 0 -5.04179
3.67 0 0 -5.04055
3.68 0 0 -5.03903
3.69 0 0 -5.03721
3.7 0 0 -5.03509
3.71 0 0 -5.03268
3.72 0 0 -5.03
3.73 0 0 -5.02708
3.74 0 0 -5.02395
3.75 0 0 -5.02066
3.76 0 0 -5.01725
3.77 0 0 -5.01374
3.78 0 0 -5.01019
3.79 0 0 -5.00662
3.8 0 0 -5.00307
3.81 0 0 -4.99957
3.82 0 0 -4.99615
3.83 0 0 -4.99287
3.84 0 0 -4.98978
3.85 0 0 -4.98694
3.86 0 0 -4.98445
3.87 0 0 -4.98238
3.88 0 0 -4.9808
3.89 0 0 -4.97977
3.9 0 0 -4.97932
3.91 0 0 -4.97948
3.92 0 0 -4.98026
3.93 0 0 -4.98165
3.94 0 0 -4.98365
3.95 0 0 -4.98625
3.96 0 0 -4.98943
3.97 0 0 -4.99317
3.98 0 0 -4.99741
3.99 0 0 -5.00213
4 0 0 -5.00725
4.01 0 0 -5.01275
4.02 0 0 -5.01855
4.03 0 0 -5.0246
4.04 0 0 -5.03084
4.05 0 0 -5.0372
4.06 0 0 -5.04361
4.07 0 0 -5.05
4.08 0 0 -5.0563
4.09 0 0 -5.06245
4.1 0 0 -5.06837
4.11 0 0 -5.07403
4.12 0 0 -5.07938
4.13 0 0 -5.08439
4.14 0 0 -5.08904
4.15 0 0 -5.0933
4.16 0 0 -5.09715
4.17 0 0 -5.10056
4.18 0 0 -5.10354
4.19 0 0 -5.10605
4.2 0 0 -5.10811
4.21 0 0 -5.1097
4.22 0 0 -5.11083
4.23 0 0 -5.11149
4.24 0 0 -5.11171
4.25 0 0 -5.11149
4.26 0 0 -5.11085
4.27 0 0 -5.10981
4.28 0 0 -5.10839
4.29 0 0 -5.10663
4.3 0 0 -5.10455
4.31 0 0 -5.10221
4.32 0 0 -5.09963
4.33 0 0 -5.09687
4.34 0 0 -5.09395
4.35 0 0 -5.09092
4.36 0 0 -5.0878
4.37 0 0 -5.08462
4.38 0 0 -5.08141
4.39 0 0 -5.07817
4.4 0 0 -5.07494
4.41 0 0 -5.07173
4.42 0 0 -5.06857
4.43 0 0 -5.06547
4.44 0 0 -5.06245
4.45 0 0 -5.05952
4.46 0 0 -5.05669
4.47 0 0 -5.05394
4.48 0 0 -5.05126
4.49 0 0 -5.04863
4.5 0 0 -5.04603
4.51 0 0 -5.04341
4.52 0 0 -5.04077
4.53 0 0 -5.03807
4.54 0 0 -5.03532
4.55 0 0 -5.0325
4.56 0 0 -5.02962
4.57 0 0 -5.02669
4.58 0 0 -5.02371
4.59 0 0 -5.02071
4.6 0 0 -5.01769
4.61 0 0 -5.01467
4.62 0 0 -5.01167
4.63 0 0 -5.0087
4.64 0 0 -5.00577
4.65 0 0 -5.00289
4.66 0 0 -5.00007
4.67 0 0 -4.99732
4.68 0 0 -4.99466
4.69 0 0 -4.9921
4.7 0 0 -4.98966
4.71 0 0 -4.98734
4.72 0 0 -4.98517
4.73 0 0 -4.98317
4.74 0 0 -4.98137
4.75 0 0 -4.97983
4.76 0 0 -4.97858
4.77 0 0 -4.97767
4.78 0 0 -4.97718
4.79 0 0 -4.97714
4.8 0 0 -4.97761
4.81 0 0 -4.97862
4.82 0 0 -4.98019
4.83 0 0 -4.98232
4.84 0 0 -4.98503
4.85 0 0 -4.98831
4.86 0 0 -4.99214
4.87 0 0 -4.9965
4.88 0 0 -5.00136
4.89 0 0 -5.00669
4.9 0 0 -5.01243
4.91 0 0 -5.01856
4.92 0 0 -5.02503
4.93 0 0 -5.03181
4.94 0 0 -5.03884
4.95 0 0 -5.04607
4.96 0 0 -5.05345
4.97 0 0 -5.06093
4.98 0 0 -5.06844
4.99 0 0 -5.07591
5 0 0 -5.0833
5.01 0 0 -5.09052
5.02 0 0 -5.09751
5.03 0 0 -5.1042
5.04 0 0 -5.11052
5.05 0 0 -5.11642
5.06 0 0 -5.12183
5.07 0 0 -5.12671
5.08 0 0 -5.131
5.09 0 0 -5.13465
5.1 0 0 -5.13763
5.11 0 0 -5.13991
5.12 0 0 -5.14146
5.13 0 0 -5.14228
5.14 0 0 -5.14237
5.15 0 0 -5.14177
5.16 0 0 -5.14048
5.17 0 0 -5.13855
5.18 0 0 -5.13601
5.19 0 0 -5.13289
5.2 0 0 -5.12925
5.21 0 0 -5.12514
5.22 0 0 -5.12061
5.23 0 0 -5.11573
5.24 0 0 -5.11056
5.25 0 0 -5.10517
5.26 0 0 -5.09961
5.27 0 0 -5.09396
5.28 0 0 -5.08829
5.29 0 0 -5.08268
5.3 0 0 -5.07719
5.31 0 0 -5.07191
5.32 0 0 -5.06691
5.33 0 0 -5.06226
5.34 0 0 -5.05804
5.35 0 0 -5.05429
5.36 0 0 -5.05106
5.37 0 0 -5.04838
5.38 0 0 -5.04628
5.39 0 0 -5.04477
5.4 0 0 -5.04388
5.41 0 0 -5.04359
5.42 0 0 -5.04391
5.43 0 0 -5.0448
5.44 0 0 -5.04624
5.45 0 0 -5.0482
5.46 0 0 -5.05064
5.47 0 0 -5.05352
5.48 0 0 -5.05683
5.49 0 0 -5.06052
5.5 0 0 -5.06456
5.51 0 0 -5.06893
5.52 0 0 -5.07358
5.53 0 0 -5.07846
5.54 0 0 -5.08354
5.55 0 0 -5.08876
5.56 0 0 -5.09406
5.57 0 0 -5.09939
5.58 0 0 -5.10471
5.59 0 0 -5.10996
5.6 0 0 -5.11509
5.61 0 0 -5.12007
5.62 0 0 -5.12485
5.63 0 0 -5.12939
5.64 0 0 -5.13364
5.65 0 0 -5.13756
5.66 0 0 -5.14112
5.67 0 0 -5.14426
5.68 0 0 -5.14695
5.69 0 0 -5.14916
5.7 0 0 -5.15085
5.71 0 0 -5.15199
5.72 0 0 -5.15257
5.73 0 0 -5.15257
5.74 0 0 -5.15198
5.75 0 0 -5.15081
5.76 0 0 -5.14905
5.77 0 0 -5.14673
5.78 0 0 -5.14384
5.79 0 0 -5.14042
5.8 0 0 -5.13649
5.81 0 0 -5.1321
5.82 0 0 -5.12729
5.83 0 0 -5.1221
5.84 0 0 -5.11657
5.85 0 0 -5.11076
5.86 0 0 -5.10471
5.87 0 0 -5.09848
5.88 0 0 -5.09212
5.89 0 0 -5.0857
5.9 0 0 -5.07926
5.91 0 0 -5.07287
5.92 0 0 -5.06658
5.93 0 0 -5.06043
5.94 0 0 -5.05446
5.95 0 0 -5.0487
5.96 0 0 -5.0432
5.97 0 0 -5.03798
5.98 0 0 -5.03309
5.99 0 0 -5.02856
6 0 0 -5.02442
6.01 0 0 -5.0207
6.02 0 0 -5.01739
6.03 0 0 -5.01451
6.04 0 0 -5.01205
6.05 0 0 -5.01001
6.06 0 0 -5.00839
6.07 0 0 -5.00718
6.08 0 0 -5.00635
6.09 0 0 -5.00588
6.1 0 0 -5.00571
6.11 0 0 -5.00582
6.12 0 0 -5.00616
6.13 0 0 -5.00673
6.14 0 0 -5.00751
6.15 0 0 -5.00849
6.16 0 0 -5.00964
6.17 0 0 -5.01096
6.18 0 0 -5.01241
6.19 0 0 -5.01396
6.2 0 0 -5.01558
6.21 0 0 -5.01725
6.22 0 0 -5.01894
6.23 0 0 -5.02061
6.24 0 0 -5.02225
6.25 0 0 -5.02381
6.26 0 0 -5.02527
6.27 0 0 -5.02661
6.28 0 0 -5.02781
6.29 0 0 -5.02887
6.3 0 0 -5.02979
6.31 0 0 -5.03056
6.32 0 0 -5.03118
6.33 0 0 -5.03163
6.34 0 0 -5.03188
6.35 0 0 -5.03191
6.36 0 0 -5.03169
6.37 0 0 -5.03119
6.38 0 0 -5.03039
6.39 0 0 -5.02928
6.4 0 0 -5.02784
6.41 0 0 -5.02608
6.42 0 0 -5.02398
6.43 0 0 -5.02154
6.44 0 0 -5.01877
6.45 0 0 -5.01566
6.46 0 0 -5.01222
6.47 0 0 -5.00846
6.48 0 0 -5.00438
6.49 0 0 -5.00002
6.5 0 0 -4.99539
6.51 0 0 -4.99053
6.52 0 0 -4.98547
6.53 0 0 -4.98026
6.54 0 0 -4.97495
6.55 0 0 -4.96956
6.56 0 0 -4.96416
6.57 0 0 -4.95877
6.58 0 0 -4.95346
6.59 0 0 -4.94826
6.6 0 0 -4.94326
6.61 0 0 -4.93852
6.62 0 0 -4.93414
6.63 0 0 -4.93022
6.64 0 0 -4.92686
6.65 0 0 -4.92414
6.66 0 0 -4.92216
6.67 0 0 -4.92097
6.68 0 0 -4.92062
6.69 0 0 -4.92112
6.7 0 0 -4.92247
6.71 0 0 -4.92462
6.72 0 0 -4.92756
6.73 0 0 -4.93125
6.74 0 0 -4.93567
6.75 0 0 -4.94079
6.76 0 0 -4.94654
6.77 0 0 -4.95284
6.78 0 0 -4.95959
6.79 0 0 -4.96669
6.8 0 0 -4.97403
6.81 0 0 -4.98153
6.82 0 0 -4.98908
6.83 0 0 -4.99658
6.84 0 0 -5.00395
6.85 0 0 -5.0111
6.86 0 0 -5.01793
6.87 0 0 -5.02438
6.88 0 0 -5.03041
6.89 0 0 -5.03597
6.9 0 0 -5.04102
6.91 0 0 -5.04555
6.92 0 0 -5.04955
6.93 0 0 -5.05304
6.94 0 0 -5.05601
6.95 0 0 -5.0585
6.96 0 0 -5.06053
6.97 0 0 -5.06213
6.98 0 0 -5.06333
6.99 0 0 -5.06416
7 0 0 -5.06464
7.01 0 0 -5.06482
7.02 0 0 -5.06472
7.03 0 0 -5.06438
7.04 0 0 -5.06383
7.05 0 0 -5.0631
7.06 0 0 -5.06221
7.07 0 0 -5.06119
7.08 0 0 -5.06006
7.09 0 0 -5.05883
7.1 0 0 -5.05755
7.11 0 0 -5.0562
7.12 0 0 -5.05481
7.13 0 0 -5.05338
7.14 0 0 -5.05189
7.15 0 0 -5.05036
7.16 0 0 -5.04876
7.17 0 0 -5.04711
7.18 0 0 -5.04539
7.19 0 0 -5.04361
7.2 0 0 -5.04176
7.21 0 0 -5.03984
7.22 0 0 -5.03785
7.23 0 0 -5.03576
7.24 0 0 -5.03357
7.25 0 0 -5.03126
7.26 0 0 -5.02883
7.27 0 0 -5.02629
7.28 0 0 -5.02365
7.29 0 0 -5.02095
7.3 0 0 -5.01823
7.31 0 0 -5.01554
7.32 0 0 -5.01291
7.33 0 0 -5.01038
7.34 0 0 -5.00798
7.35 0 0 -5.00571
7.36 0 0 -5.00358
7.37 0 0 -5.0016
7.38 0 0 -4.99978
7.39 0 0 -4.99815
7.4 0 0 -4.99673
7.41 0 0 -4.99557
7.42 0 0 -4.99469
7.43 0 0 -4.99414
7.44 0 0 -4.99396
7.45 0 0 -4.99417
7.46 0 0 -4.99478
7.47 0 0 -4.9958
7.48 0 0 -4.9972
7.49 0 0 -4.99897
7.5 0 0 -5.00109
7.51 0 0 -5.00355
7.52 0 0 -5.00631
7.53 0 0 -5.00935
7.54 0 0 -5.01264
7.55 0 0 -5.01613
7.56 0 0 -5.01979
7.57 0 0 -5.02358
7.58 0 0 -5.02746
7.59 0 0 -5.0314
7.6 0 0 -5.03535
7.61 0 0 -5.03929
7.62 0 0 -5.04317
7.63 0 0 -5.04697
7.64 0 0 -5.05067
7.65 0 0 -5.05427
7.66 0 0 -5.05777
7.67 0 0 -5.06116
7.68 0 0 -5.06444
7.69 0 0 -5.06758
7.7 0 0 -5.07058
7.71 0 0 -5.0734
7.72 0 0 -5.07604
7.73 0 0 -5.07848
7.74 0 0 -5.08072
7.75 0 0 -5.08277
7.76 0 0 -5.08465
7.77 0 0 -5.08634
7.78 0 0 -5.08784
7.79 0 0 -5.08914
7.8 0 0 -5.09021
7.81 0 0 -5.09101
7.82 0 0 -5.09152
7.83 0 0 -5.09168
7.84 0 0 -5.09146
7.85 0 0 -5.09083
7.86 0 0 -5.08978
7.87 0 0 -5.08828
7.88 0 0 -5.08634
7.89 0 0 -5.08394
7.9 0 0 -5.08112
7.91 0 0 -5.07788
7.92 0 0 -5.07425
7.93 0 0 -5.07028
7.94 0 0 -5.06603
7.95 0 0 -5.06154
7.96 0 0 -5.05692
7.97 0 0 -5.05223
7.98 0 0 -5.04756
7.99 0 0 -5.04297
8 0 0 -5.03855
8.01 0 0 -5.03433
8.02 0 0 -5.0304
8.03 0 0 -5.02679
8.04 0 0 -5.02357
8.05 0 0 -5.02078
8.06 0 0 -5.01846
8.07 0 0 -5.01665
8.08 0 0 -5.01538
8.09 0 0 -5.01467
8.1 0 0 -5.01452
8.11 0 0 -5.01494
8.12 0 0 -5.0159
8.13 0 0 -5.01735
8.14 0 0 -5.01926
8.15 0 0 -5.02159
8.16 0 0 -5.02431
8.17 0 0 -5.02739
8.18 0 0 -5.03082
8.19 0 0 -5.03458
8.2 0 0 -5.03867
8.21 0 0 -5.04307
8.22 0 0 -5.04776
8.23 0 0 -5.0527
8.24 0 0 -5.05787
8.25 0 0 -5.06324
8.26 0 0 -5.06878
8.27 0 0 -5.07448
8.28 0 0 -5.0803
8.29 0 0 -5.08621
8.3 0 0 -5.09218
8.31 0 0 -5.09815
8.32 0 0 -5.10408
8.33 0 0 -5.1099
8.34 0 0 -5.11556
8.35 0 0 -5.121
8.36 0 0 -5.12618
8.37 0 0 -5.13103
8.38 0 0 -5.13551
8.39 0 0 -5.13958
8.4 0 0 -5.14319
8.41 0 0 -5.14631
8.42 0 0 -5.14891
8.43 0 0 -5.15095
8.44 0 0 -5.15243
8.45 0 0 -5.15332
8.46 0 0 -5.15361
8.47 0 0 -5.15328
8.48 0 0 -5.15232
8.49 0 0 -5.15073
8.5 0 0 -5.1485
8.51 0 0 -5.14562
8.52 0 0 -5.14212
8.53 0 0 -5.13802
8.54 0 0 -5.13333
8.55 0 0 -5.1281
8.56 0 0 -5.12237
8.57 0 0 -5.1162
8.58 0 0 -5.10964
8.59 0 0 -5.10278
8.6 0 0 -5.09568
8.61 0 0 -5.08844
8.62 0 0 -5.08116
8.63 0 0 -5.07394
8.64 0 0 -5.06685
8.65 0 0 -5.05999
8.66 0 0 -5.05343
8.67 0 0 -5.04725
8.68 0 0 -5.04152
8.69 0 0 -5.03629
8.7 0 0 -5.03163
8.71 0 0 -5.02758
8.72 0 0 -5.02415
8.73 0 0 -5.02137
8.74 0 0 -5.01924
8.75 0 0 -5.01776
8.76 0 0 -5.01691
8.77 0 0 -5.0167
8.78 0 0 -5.01708
8.79 0 0 -5.01804
8.8 0 0 -5.01954
8.81 0 0 -5.02155
8.82 0 0 -5.02404
8.83 0 0 -5.02697
8.84 0 0 -5.03028
8.85 0 0 -5.03394
8.86 0 0 -5.0379
8.87 0 0 -5.04209
8.88 0 0 -5.04647
8.89 0 0 -5.05098
8.9 0 0 -5.05557
8.91 0 0 -5.06018
8.92 0 0 -5.06477
8.93 0 0 -5.06929
8.94 0 0 -5.07372
8.95 0 0 -5.07803
8.96 0 0 -5.08218
8.97 0 0 -5.08616
8.98 0 0 -5.08994
8.99 0 0 -5.09349
9 0 0 -5.09681
9.01 0 0 -5.09987
9.02 0 0 -5.10265
9.03 0 0 -5.10515
9.04 0 0 -5.10733
9.05 0 0 -5.10921
9.06 0 0 -5.11077
9.07 0 0 -5.11203
9.08 0 0 -5.11299
9.09 0 0 -5.11368
9.1 0 0 -5.11411
9.11 0 0 -5.11429
9.12 0 0 -5.11425
9.13 0 0 -5.114
9.14 0 0 -5.11356
9.15 0 0 -5.11294
9.16 0 0 -5.11216
9.17 0 0 -5.11122
9.18 0 0 -5.11014
9.19 0 0 -5.1089
9.2 0 0 -5.10752
9.21 0 0 -5.10599
9.22 0 0 -5.10431
9.23 0 0 -5.10249
9.24 0 0 -5.10055
9.25 0 0 -5.09849
9.26 0 0 -5.09633
9.27 0 0 -5.0941
9.28 0 0 -5.0918
9.29 0 0 -5.08945
9.3 0 0 -5.08706
9.31 0 0 -5.08465
9.32 0 0 -5.08225
9.33 0 0 -5.07986
9.34 0 0 -5.07751
9.35 0 0 -5.07521
9.36 0 0 -5.07297
9.37 0 0 -5.07082
9.38 0 0 -5.06876
9.39 0 0 -5.0668
9.4 0 0 -5.06494
9.41 0 0 -5.06321
9.42 0 0 -5.06159
9.43 0 0 -5.06009
9.44 0 0 -5.05872
9.45 0 0 -5.05748
9.46 0 0 -5.05636
9.47 0 0 -5.05536
9.48 0 0 -5.05447
9.49 0 0 -5.05367
9.5 0 0 -5.05295
9.51 0 0 -5.05228
9.52 0 0 -5.05164
9.53 0 0 -5.05101
9.54 0 0 -5.05035
9.55 0 0 -5.04964
9.56 0 0 -5.04887
9.57 0 0 -5.04801
9.58 0 0 -5.04707
9.59 0 0 -5.04605
9.6 0 0 -5.04495
9.61 0 0 -5.04379
9.62 0 0 -5.0426
9.63 0 0 -5.04139
9.64 0 0 -5.04017
9.65 0 0 -5.03896
9.66 0 0 -5.03777
9.67 0 0 -5.03662
9.68 0 0 -5.03552
9.69 0 0 -5.03446
9.7 0 0 -5.03347
9.71 0 0 -5.03254
9.72 0 0 -5.03169
9.73 0 0 -5.03092
9.74 0 0 -5.03024
9.75 0 0 -5.02965
9.76 0 0 -5.02916
9.77 0 0 -5.02877
9.78 0 0 -5.02846
9.79 0 0 -5.02823
9.8 0 0 -5.02807
9.81 0 0 -5.02796
9.82 0 0 -5.0279
9.83 0 0 -5.02787
9.84 0 0 -5.02787
9.85 0 0 -5.02789
9.86 0 0 -5.02794
9.87 0 0 -5.028
9.88 0 0 -5.02807
9.89 0 0 -5.02815
9.9 0 0 -5.02823
9.91 0 0 -5.02831
9.92 0 0 -5.02838
9.93 0 0 -5.02843
9.94 0 0 -5.02845
9.95 0 0 -5.0284
9.96 0 0 -5.02827
9.97 0 0 -5.02805
9.98 0 0 -5.0277
9.99 0 0 -5.02722
10 0 0 -5.02658
10.01 0 0 -5.02578
10.02 0 0 -5.02481
10.03 0 0 -5.02367
10.04 0 0 -5.02236
10.05 0 0 -5.02089
10.06 0 0 -5.01927
10.07 0 0 -5.01752
10.08 0 0 -5.01565
10.09 0 0 -5.01369
10.1 0 0 -5.01167
10.11 0 0 -5.00962
10.12 0 0 -5.00758
10.13 0 0 -5.00558
10.14 0 0 -5.00366
10.15 0 0 -5.00183
10.16 0 0 -5.00013
10.17 0 0 -4.99856
10.18 0 0 -4.99716
10.19 0 0 -4.99592
10.2 0 0 -4.99486
10.21 0 0 -4.99398
10.22 0 0 -4.9933
10.23 0 0 -4.9928
10.24 0 0 -4.99249
10.25 0 0 -4.99236
10.26 0 0 -4.99239
10.27 0 0 -4.99257
10.28 0 0 -4.99289
10.29 0 0 -4.99332
10.3 0 0 -4.99384
10.31 0 0 -4.99443
10.32 0 0 -4.99508
10.33 0 0 -4.99576
10.34 0 0 -4.99646
10.35 0 0 -4.99716
10.36 0 0 -4.99785
10.37 0 0 -4.99852
10.38 0 0 -4.99915
10.39 0 0 -4.99975
10.4 0 0 -5.00029
10.41 0 0 -5.00077
10.42 0 0 -5.00119
10.43 0 0 -5.00154
10.44 0 0 -5.00182
10.45 0 0 -5.00203
10.46 0 0 -5.00219
10.47 0 0 -5.00231
10.48 0 0 -5.0024
10.49 0 0 -5.00247
10.5 0 0 -5.00253
10.51 0 0 -5.0026
10.52 0 0 -5.00269
10.53 0 0 -5.00281
10.54 0 0 -5.00298
10.55 0 0 -5.00321
10.56 0 0 -5.00352
10.57 0 0 -5.00393
10.58 0 0 -5.00443
10.59 0 0 -5.00505
10.6 0 0 -5.00577
10.61 0 0 -5.00661
10.62 0 0 -5.00755
10.63 0 0 -5.00859
10.64 0 0 -5.00972
10.65 0 0 -5.01091
10.66 0 0 -5.01215
10.67 0 0 -5.01341
10.68 0 0 -5.01468
10.69 0 0 -5.01593
10.7 0 0 -5.01714
10.71 0 0 -5.0183
10.72 0 0 -5.0194
10.73 0 0 -5.02042
10.74 0 0 -5.02137
10.75 0 0 -5.02223
10.76 0 0 -5.02301
10.77 0 0 -5.02369
10.78 0 0 -5.02427
10.79 0 0 -5.02474
10.8 0 0 -5.02509
10.81 0 0 -5.02532
10.82 0 0 -5.02543
10.83 0 0 -5.02543
10.84 0 0 -5.02532
10.85 0 0 -5.02511
10.86 0 0 -5.02481
10.87 0 0 -5.02444
10.88 0 0 -5.024
10.89 0 0 -5.02351
10.9 0 0 -5.023
10.91 0 0 -5.02251
10.92 0 0 -5.02205
10.93 0 0 -5.02165
10.94 0 0 -5.02134
10.95 0 0 -5.02115
10.96 0 0 -5.02108
10.97 0 0 -5.02116
10.98 0 0 -5.02139
10.99 0 0 -5.02178
11 0 0 -5.02234
11.01 0 0 -5.02307
11.02 0 0 -5.02398
11.03 0 0 -5.02505
11.04 0 0 -5.02629
11.05 0 0 -5.02769
11.06 0 0 -5.02924
11.07 0 0 -5.03091
11.08 0 0 -5.03268
11.09 0 0 -5.03455
11.1 0 0 -5.03648
11.11 0 0 -5.03845
11.12 0 0 -5.04043
11.13 0 0 -5.0424
11.14 0 0 -5.04435
11.15 0 0 -5.04624
11.16 0 0 -5.04807
11.17 0 0 -5.04983
11.18 0 0 -5.0515
11.19 0 0 -5.05307
11.2 0 0 -5.05454
11.21 0 0 -5.0559
11.22 0 0 -5.05714
11.23 0 0 -5.05826
11.24 0 0 -5.05927
11.25 0 0 -5.06015
11.26 0 0 -5.06094
11.27 0 0 -5.06162
11.28 0 0 -5.06221
11.29 0 0 -5.06272
11.3 0 0 -5.06314
11.31 0 0 -5.0635
11.32 0 0 -5.06379
11.33 0 0 -5.06402
11.34 0 0 -5.0642
11.35 0 0 -5.06433
11.36 0 0 -5.06442
11.37 0 0 -5.06447
11.38 0 0 -5.06449
11.39 0 0 -5.06448
11.4 0 0 -5.06444
11.41 0 0 -5.06436
11.42 0 0 -5.06425
11.43 0 0 -5.06412
11.44 0 0 -5.06395
11.45 0 0 -5.06376
11.46 0 0 -5.06354
11.47 0 0 -5.06329
11.48 0 0 -5.06301
11.49 0 0 -5.06271
11.5 0 0 -5.06239
11.51 0 0 -5.06206
11.52 0 0 -5.06172
11.53 0 0 -5.06137
11.54 0 0 -5.06102
11.55 0 0 -5.06067
11.56 0 0 -5.06034
11.57 0 0 -5.06004
11.58 0 0 -5.05977
11.59 0 0 -5.05954
11.6 0 0 -5.05938
11.61 0 0 -5.05928
11.62 0 0 -5.05926
11.63 0 0 -5.05934
11.64 0 0 -5.05952
11.65 0 0 -5.0598
11.66 0 0 -5.0602
11.67 0 0 -5.06071
11.68 0 0 -5.06133
11.69 0 0 -5.06207
11.7 0 0 -5.06291
11.71 0 0 -5.06386
11.72 0 0 -5.0649
11.73 0 0 -5.06602
11.74 0 0 -5.06722
11.75 0 0 -5.06847
11.76 0 0 -5.06978
11.77 0 0 -5.07114
11.78 0 0 -5.07252
11.79 0 0 -5.07392
11.8 0 0 -5.07533
11.81 0 0 -5.07672
11.82 0 0 -5.07809
11.83 0 0 -5.0794
11.84 0 0 -5.08067
11.85 0 0 -5.08186
11.86 0 0 -5.08297
11.87 0 0 -5.084
11.88 0 0 -5.08492
11.89 0 0 -5.08573
11.9 0 0 -5.08643
11.91 0 0 -5.087
11.92 0 0 -5.08743
11.93 0 0 -5.08772
11.94 0 0 -5.08787
11.95 0 0 -5.08786
11.96 0 0 -5.0877
11.97 0 0 -5.08739
11.98 0 0 -5.08693
11.99 0 0 -5.08631
12 0 0 -5.08555
12.01 0 0 -5.08464
12.02 0 0 -5.08359
12.03 0 0 -5.08242
12.04 0 0 -5.08115
12.05 0 0 -5.07977
12.06 0 0 -5.07832
12.07 0 0 -5.07679
12.08 0 0 -5.07521
12.09 0 0 -5.07359
12.1 0 0 -5.07196
12.11 0 0 -5.07033
12.12 0 0 -5.0687
12.13 0 0 -5.06711
12.14 0 0 -5.06555
12.15 0 0 -5.06404
12.16 0 0 -5.0626
12.17 0 0 -5.06122
12.18 0 0 -5.05994
12.19 0 0 -5.05875
12.2 0 0 -5.05766
12.21 0 0 -5.05669
12.22 0 0 -5.05584
12.23 0 0 -5.05512
12.24 0 0 -5.05454
12.25 0 0 -5.05408
12.26 0 0 -5.05376
12.27 0 0 -5.05359
12.28 0 0 -5.05355
12.29 0 0 -5.05367
12.3 0 0 -5.05393
12.31 0 0 -5.05433
12.32 0 0 -5.05486
12.33 0 0 -5.05553
12.34 0 0 -5.05631
12.35 0 0 -5.05722
12.36 0 0 -5.05822
12.37 0 0 -5.05933
12.38 0 0 -5.06052
12.39 0 0 -5.0618
12.4 0 0 -5.06314
12.41 0 0 -5.06454
12.42 0 0 -5.06597
12.43 0 0 -5.06742
12.44 0 0 -5.06888
12.45 0 0 -5.07032
12.46 0 0 -5.07172
12.47 0 0 -5.07307
12.48 0 0 -5.07435
12.49 0 0 -5.07554
12.5 0 0 -5.07661
12.51 0 0 -5.07755
12.52 0 0 -5.07835
12.53 0 0 -5.07899
12.54 0 0 -5.07945
12.55 0 0 -5.07974
12.56 0 0 -5.07983
12.57 0 0 -5.07972
12.58 0 0 -5.0794
12.59 0 0 -5.07887
12.6 0 0 -5.07814
12.61 0 0 -5.07722
12.62 0 0 -5.07611
12.63 0 0 -5.07483
12.64 0 0 -5.07339
12.65 0 0 -5.07181
12.66 0 0 -5.07011
12.67 0 0 -5.06831
12.68 0 0 -5.06643
12.69 0 0 -5.0645
12.7 0 0 -5.06253
12.71 0 0 -5.06055
12.72 0 0 -5.05858
12.73 0 0 -5.05664
12.74 0 0 -5.05474
12.75 0 0 -5.05292
12.76 0 0 -5.05118
12.77 0 0 -5.04955
12.78 0 0 -5.04802
12.79 0 0 -5.04663
12.8 0 0 -5.04538
12.81 0 0 -5.04428
12.82 0 0 -5.04334
12.83 0 0 -5.04256
12.84 0 0 -5.04195
12.85 0 0 -5.04151
12.86 0 0 -5.04121
12.87 0 0 -5.04107
12.88 0 0 -5.04105
12.89 0 0 -5.04116
12.9 0 0 -5.04138
12.91 0 0 -5.04168
12.92 0 0 -5.04207
12.93 0 0 -5.04252
12.94 0 0 -5.04302
12.95 0 0 -5.04357
12.96 0 0 -5.04414
12.97 0 0 -5.04472
12.98 0 0 -5.0453
12.99 0 0 -5.04587
13 0 0 -5.04641
13.01 0 0 -5.04692
13.02 0 0 -5.04737
13.03 0 0 -5.04778
13.04 0 0 -5.04812
13.05 0 0 -5.0484
13.06 0 0 -5.04861
13.07 0 0 -5.04877
13.08 0 0 -5.04886
13.09 0 0 -5.04889
13.1 0 0 -5.04887
13.11 0 0 -5.0488
13.12 0 0 -5.04869
13.13 0 0 -5.04852
13.14 0 0 -5.04831
13.15 0 0 -5.04807
13.16 0 0 -5.04779
13.17 0 0 -5.04748
13.18 0 0 -5.04715
13.19 0 0 -5.0468
13.2 0 0 -5.04644
13.21 0 0 -5.04606
13.22 0 0 -5.04567
13.23 0 0 -5.04525
13.24 0 0 -5.04483
13.25 0 0 -5.0444
13.26 0 0 -5.04397
13.27 0 0 -5.04354
13.28 0 0 -5.04312
13.29 0 0 -5.04271
13.3 0 0 -5.04231
13.31 0 0 -5.04191
13.32 0 0 -5.04152
13.33 0 0 -5.04114
13.34 0 0 -5.04077
13.35 0 0 -5.04041
13.36 0 0 -5.04006
13.37 0 0 -5.03972
13.38 0 0 -5.03939
13.39 0 0 -5.03907
13.4 0 0 -5.03876
13.41 0 0 -5.03846
13.42 0 0 -5.03817
13.43 0 0 -5.03789
13.44 0 0 -5.03761
13.45 0 0 -5.03733
13.46 0 0 -5.03704
13.47 0 0 -5.03676
13.48 0 0 -5.03647
13.49 0 0 -5.03618
13.5 0 0 -5.03589
13.51 0 0 -5.0356
13.52 0 0 -5.03532
13.53 0 0 -5.03504
13.54 0 0 -5.03476
13.55 0 0 -5.03449
13.56 0 0 -5.03423
13.57 0 0 -5.03399
13.58 0 0 -5.03378
13.59 0 0 -5.0336
13.6 0 0 -5.03347
13.61 0 0 -5.03339
13.62 0 0 -5.03338
13.63 0 0 -5.03344
13.64 0 0 -5.03357
13.65 0 0 -5.03377
13.66 0 0 -5.03403
13.67 0 0 -5.03437
13.68 0 0 -5.03476
13.69 0 0 -5.0352
13.7 0 0 -5.03568
13.71 0 0 -5.03619
13.72 0 0 -5.03672
13.73 0 0 -5.03725
13.74 0 0 -5.03778
13.75 0 0 -5.03829
13.76 0 0 -5.03878
13.77 0 0 -5.03924
13.78 0 0 -5.03965
13.79 0 0 -5.04
13.8 0 0 -5.04029
13.81 0 0 -5.04051
13.82 0 0 -5.04065
13.83 0 0 -5.04071
13.84 0 0 -5.04069
13.85 0 0 -5.04058
13.86 0 0 -5.0404
13.87 0 0 -5.04014
13.88 0 0 -5.0398
13.89 0 0 -5.03938
13.9 0 0 -5.03888
13.91 0 0 -5.03832
13.92 0 0 -5.03769
13.93 0 0 -5.03702
13.94 0 0 -5.03632
13.95 0 0 -5.03559
13.96 0 0 -5.03487
13.97 0 0 -5.03415
13.98 0 0 -5.03344
13.99 0 0 -5.03277
14 0 0 -5.03213
14.01 0 0 -5.03155
14.02 0 0 -5.03102
14.03 0 0 -5.03057
14.04 0 0 -5.03019
14.05 0 0 -5.0299
14.06 0 0 -5.02969
14.07 0 0 -5.02956
14.08 0 0 -5.02951
14.09 0 0 -5.02954
14.1 0 0 -5.02963
14.11 0 0 -5.0298
14.12 0 0 -5.03003
14.13 0 0 -5.03034
14.14 0 0 -5.0307
14.15 0 0 -5.03113
14.16 0 0 -5.03162
14.17 0 0 -5.03217
14.18 0 0 -5.03277
14.19 0 0 -5.03341
14.2 0 0 -5.0341
14.21 0 0 -5.03483
14.22 0 0 -5.0356
14.23 0 0 -5.03639
14.24 0 0 -5.03722
14.25 0 0 -5.03808
14.26 0 0 -5.03898
14.27 0 0 -5.03991
14.28 0 0 -5.04087
14.29 0 0 -5.04187
14.3 0 0 -5.0429
14.31 0 0 -5.04397
14.32 0 0 -5.04508
14.33 0 0 -5.04622
14.34 0 0 -5.04739
14.35 0 0 -5.04859
14.36 0 0 -5.04982
14.37 0 0 -5.05108
14.38 0 0 -5.05235
14.39 0 0 -5.05363
14.4 0 0 -5.05492
14.41 0 0 -5.0562
14.42 0 0 -5.05746
14.43 0 0 -5.0587
14.44 0 0 -5.05989
14.45 0 0 -5.06102
14.46 0 0 -5.06209
14.47 0 0 -5.06309
14.48 0 0 -5.064
14.49 0 0 -5.06481
14.5 0 0 -5.0655
14.51 0 0 -5.06606
14.52 0 0 -5.06648
14.53 0 0 -5.06675
14.54 0 0 -5.06685
14.55 0 0 -5.06679
14.56 0 0 -5.06656
14.57 0 0 -5.06616
14.58 0 0 -5.06558
14.59 0 0 -5.06483
14.6 0 0 -5.06392
14.61 0 0 -5.06284
14.62 0 0 -5.06162
14.63 0 0 -5.06026
14.64 0 0 -5.05877
14.65 0 0 -5.05718
14.66 0 0 -5.05551
14.67 0 0 -5.05376
14.68 0 0 -5.05196
14.69 0 0 -5.05014
14.7 0 0 -5.04831
14.71 0 0 -5.04649
14.72 0 0 -5.0447
14.73 0 0 -5.04296
14.74 0 0 -5.04129
14.75 0 0 -5.03971
14.76 0 0 -5.03823
14.77 0 0 -5.03687
14.78 0 0 -5.03563
14.79 0 0 -5.03454
14.8 0 0 -5.03358
14.81 0 0 -5.03278
14.82 0 0 -5.03213
14.83 0 0 -5.03163
14.84 0 0 -5.0313
14.85 0 0 -5.03112
14.86 0 0 -5.03111
14.87 0 0 -5.03124
14.88 0 0 -5.03152
14.89 0 0 -5.03194
14.9 0 0 -5.0325
14.91 0 0 -5.03318
14.92 0 0 -5.03399
14.93 0 0 -5.03491
14.94 0 0 -5.03593
14.95 0 0 -5.03705
14.96 0 0 -5.03826
14.97 0 0 -5.03953
14.98 0 0 -5.04086
14.99 0 0 -5.04224
15 0 0 -5.04366
15.01 0 0 -5.04512
15.02 0 0 -5.0466
15.03 0 0 -5.04811
15.04 0 0 -5.04963
15.05 0 0 -5.05114
15.06 0 0 -5.05264
15.07 0 0 -5.05412
15.08 0 0 -5.05555
15.09 0 0 -5.05692
15.1 0 0 -5.05822
15.11 0 0 -5.05942
15.12 0 0 -5.06052
15.13 0 0 -5.0615
15.14 0 0 -5.06233
15.15 0 0 -5.06301
15.16 0 0 -5.06352
15.17 0 0 -5.06385
15.18 0 0 -5.06399
15.19 0 0 -5.06394
15.2 0 0 -5.06369
15.21 0 0 -5.06324
15.22 0 0 -5.06259
15.23 0 0 -5.06176
15.24 0 0 -5.06075
15.25 0 0 -5.05956
15.26 0 0 -5.05822
15.27 0 0 -5.05672
15.28 0 0 -5.0551
15.29 0 0 -5.05336
15.3 0 0 -5.05154
15.31 0 0 -5.04966
15.32 0 0 -5.04773
15.33 0 0 -5.0458
15.34 0 0 -5.04388
15.35 0 0 -5.04199
15.36 0 0 -5.04017
15.37 0 0 -5.03844
15.38 0 0 -5.03682
15.39 0 0 -5.03533
15.4 0 0 -5.034
15.41 0 0 -5.03282
15.42 0 0 -5.03182
15.43 0 0 -5.03101
15.44 0 0 -5.03039
15.45 0 0 -5.02996
15.46 0 0 -5.02973
15.47 0 0 -5.02969
15.48 0 0 -5.02984
15.49 0 0 -5.03017
15.5 0 0 -5.03068
15.51 0 0 -5.03135
15.52 0 0 -5.03218
15.53 0 0 -5.03314
15.54 0 0 -5.03422
15.55 0 0 -5.0354
15.56 0 0 -5.03666
15.57 0 0 -5.03798
15.58 0 0 -5.03934
15.59 0 0 -5.04073
15.6 0 0 -5.04212
15.61 0 0 -5.0435
15.62 0 0 -5.04486
15.63 0 0 -5.04618
15.64 0 0 -5.04744
15.65 0 0 -5.04862
15.66 0 0 -5.04973
15.67 0 0 -5.05073
15.68 0 0 -5.05162
15.69 0 0 -5.05238
15.7 0 0 -5.05301
15.71 0 0 -5.0535
15.72 0 0 -5.05383
15.73 0 0 -5.05402
15.74 0 0 -5.05406
15.75 0 0 -5.05393
15.76 0 0 -5.05366
15.77 0 0 -5.05322
15.78 0 0 -5.05264
15.79 0 0 -5.05192
15.8 0 0 -5.05106
15.81 0 0 -5.05006
15.82 0 0 -5.04895
15.83 0 0 -5.04773
15.84 0 0 -5.04641
15.85 0 0 -5.04502
15.86 0 0 -5.04355
15.87 0 0 -5.04205
15.88 0 0 -5.04052
15.89 0 0 -5.03899
15.9 0 0 -5.03748
15.91 0 0 -5.036
15.92 0 0 -5.03458
15.93 0 0 -5.03323
15.94 0 0 -5.03196
15.95 0 0 -5.03078
15.96 0 0 -5.02971
15.97 0 0 -5.02876
15.98 0 0 -5.02794
15.99 0 0 -5.02725
16 0 0 -5.0267
16.01 0 0 -5.0263
16.02 0 0 -5.02606
16.03 0 0 -5.02595
16.04 0 0 -5.026
16.05 0 0 -5.02618
16.06 0 0 -5.0265
16.07 0 0 -5.02697
16.08 0 0 -5.02756
16.09 0 0 -5.02829
16.1 0 0 -5.02915
16.11 0 0 -5.03013
16.12 0 0 -5.03123
16.13 0 0 -5.03243
16.14 0 0 -5.03372
16.15 0 0 -5.0351
16.16 0 0 -5.03654
16.17 0 0 -5.03804
16.18 0 0 -5.03958
16.19 0 0 -5.04113
16.2 0 0 -5.0427
16.21 0 0 -5.04425
16.22 0 0 -5.04578
16.23 0 0 -5.04727
16.24 0 0 -5.0487
16.25 0 0 -5.05006
16.26 0 0 -5.05134
16.27 0 0 -5.05252
16.28 0 0 -5.0536
16.29 0 0 -5.05457
16.3 0 0 -5.05542
16.31 0 0 -5.05615
16.32 0 0 -5.05674
16.33 0 0 -5.05721
16.34 0 0 -5.05754
16.35 0 0 -5.05775
16.36 0 0 -5.05784
16.37 0 0 -5.05781
16.38 0 0 -5.05767
16.39 0 0 -5.05742
16.4 0 0 -5.05708
16.41 0 0 -5.05664
16.42 0 0 -5.05612
16.43 0 0 -5.05553
16.44 0 0 -5.05489
16.45 0 0 -5.0542
16.46 0 0 -5.05347
16.47 0 0 -5.05272
16.48 0 0 -5.05195
16.49 0 0 -5.05118
16.5 0 0 -5.05041
16.51 0 0 -5.04964
16.52 0 0 -5.0489
16.53 0 0 -5.04817
16.54 0 0 -5.04747
16.55 0 0 -5.0468
16.56 0 0 -5.04616
16.57 0 0 -5.04557
16.58 0 0 -5.04502
16.59 0 0 -5.04453
16.6 0 0 -5.0441
16.61 0 0 -5.04373
16.62 0 0 -5.04342
16.63 0 0 -5.04318
16.64 0 0 -5.04302
16.65 0 0 -5.04294
16.66 0 0 -5.04293
16.67 0 0 -5.04299
16.68 0 0 -5.04313
16.69 0 0 -5.04335
16.7 0 0 -5.04364
16.71 0 0 -5.044
16.72 0 0 -5.04444
16.73 0 0 -5.04494
16.74 0 0 -5.04551
16.75 0 0 -5.04613
16.76 0 0 -5.04681
16.77 0 0 -5.04754
16.78 0 0 -5.0483
16.79 0 0 -5.04911
16.8 0 0 -5.04995
16.81 0 0 -5.05082
16.82 0 0 -5.05171
16.83 0 0 -5.0526
16.84 0 0 -5.0535
16.85 0 0 -5.05439
16.86 0 0 -5.05527
16.87 0 0 -5.05613
16.88 0 0 -5.05697
16.89 0 0 -5.05777
16.9 0 0 -5.05854
16.91 0 0 -5.05926
16.92 0 0 -5.05993
16.93 0 0 -5.06055
16.94 0 0 -5.06112
16.95 0 0 -5.06162
16.96 0 0 -5.06205
16.97 0 0 -5.06241
16.98 0 0 -5.06271
16.99 0 0 -5.06292
17 0 0 -5.06307
17.01 0 0 -5.06314
17.02 0 0 -5.06313
17.03 0 0 -5.06306
17.04 0 0 -5.06293
17.05 0 0 -5.06274
17.06 0 0 -5.06249
17.07 0 0 -5.06219
17.08 0 0 -5.06186
17.09 0 0 -5.06151
17.1 0 0 -5.06114
17.11 0 0 -5.06077
17.12 0 0 -5.06039
17.13 0 0 -5.06003
17.14 0 0 -5.05967
17.15 0 0 -5.05934
17.16 0 0 -5.05902
17.17 0 0 -5.05872
17.18 0 0 -5.05843
17.19 0 0 -5.05816
17.2 0 0 -5.05791
17.21 0 0 -5.05766
17.22 0 0 -5.05744
17.23 0 0 -5.05722
17.24 0 0 -5.05702
17.25 0 0 -5.05684
17.26 0 0 -5.05668
17.27 0 0 -5.05654
17.28 0 0 -5.05642
17.29 0 0 -5.05633
17.3 0 0 -5.05626
17.31 0 0 -5.05623
17.32 0 0 -5.05625
17.33 0 0 -5.05631
17.34 0 0 -5.05642
17.35 0 0 -5.05659
17.36 0 0 -5.05682
17.37 0 0 -5.05711
17.38 0 0 -5.05747
17.39 0 0 -5.0579
17.4 0 0 -5.05841
17.41 0 0 -5.05898
17.42 0 0 -5.05962
17.43 0 0 -5.06033
17.44 0 0 -5.06108
17.45 0 0 -5.06188
17.46 0 0 -5.06271
17.47 0 0 -5.06357
17.48 0 0 -5.06443
17.49 0 0 -5.06529
17.5 0 0 -5.06612
17.51 0 0 -5.06692
17.52 0 0 -5.06767
17.53 0 0 -5.06835
17.54 0 0 -5.06895
17.55 0 0 -5.06944
17.56 0 0 -5.06982
17.57 0 0 -5.07007
17.58 0 0 -5.07018
17.59 0 0 -5.07014
17.6 0 0 -5.06994
17.61 0 0 -5.06957
17.62 0 0 -5.06904
17.63 0 0 -5.06833
17.64 0 0 -5.06746
17.65 0 0 -5.06643
17.66 0 0 -5.06524
17.67 0 0 -5.06391
17.68 0 0 -5.06245
17.69 0 0 -5.06087
17.7 0 0 -5.0592
17.71 0 0 -5.05745
17.72 0 0 -5.05565
17.73 0 0 -5.05383
17.74 0 0 -5.05199
17.75 0 0 -5.05018
17.76 0 0 -5.0484
17.77 0 0 -5.04667
17.78 0 0 -5.04502
17.79 0 0 -5.04347
17.8 0 0 -5.04203
17.81 0 0 -5.04072
17.82 0 0 -5.03956
17.83 0 0 -5.03857
17.84 0 0 -5.03774
17.85 0 0 -5.03709
17.86 0 0 -5.03661
17.87 0 0 -5.03631
17.88 0 0 -5.03617
17.89 0 0 -5.0362
17.9 0 0 -5.03639
17.91 0 0 -5.0367
17.92 0 0 -5.03714
17.93 0 0 -5.03768
17.94 0 0 -5.0383
17.95 0 0 -5.03901
17.96 0 0 -5.03976
17.97 0 0 -5.04057
17.98 0 0 -5.0414
17.99 0 0 -5.04224
18 0 0 -5.04308
18.01 0 0 -5.04392
18.02 0 0 -5.04473
18.03 0 0 -5.0455
18.04 0 0 -5.04623
18.05 0 0 -5.04691
18.06 0 0 -5.04754
18.07 0 0 -5.04811
18.08 0 0 -5.04862
18.09 0 0 -5.04907
18.1 0 0 -5.04947
18.11 0 0 -5.04982
18.12 0 0 -5.05012
18.13 0 0 -5.05038
18.14 0 0 -5.0506
18.15 0 0 -5.05078
18.16 0 0 -5.05093
18.17 0 0 -5.05104
18.18 0 0 -5.05112
18.19 0 0 -5.05116
18.2 0 0 -5.05117
18.21 0 0 -5.05114
18.22 0 0 -5.05108
18.23 0 0 -5.05097
18.24 0 0 -5.05083
18.25 0 0 -5.05064
18.26 0 0 -5.05041
18.27 0 0 -5.05014
18.28 0 0 -5.04982
18.29 0 0 -5.04946
18.3 0 0 -5.04905
18.31 0 0 -5.0486
18.32 0 0 -5.04811
18.33 0 0 -5.04757
18.34 0 0 -5.04701
18.35 0 0 -5.04641
18.36 0 0 -5.0458
18.37 0 0 -5.04516
18.38 0 0 -5.04452
18.39 0 0 -5.04388
18.4 0 0 -5.04323
18.41 0 0 -5.04261
18.42 0 0 -5.04201
18.43 0 0 -5.04144
18.44 0 0 -5.04091
18.45 0 0 -5.04042
18.46 0 0 -5.03998
18.47 0 0 -5.03959
18.48 0 0 -5.03925
18.49 0 0 -5.03897
18.5 0 0 -5.03873
18.51 0 0 -5.03854
18.52 0 0 -5.0384
18.53 0 0 -5.03831
18.54 0 0 -5.03826
18.55 0 0 -5.03824
18.56 0 0 -5.03825
18.57 0 0 -5.03828
18.58 0 0 -5.03833
18.59 0 0 -5.0384
18.6 0 0 -5.03848
18.61 0 0 -5.03856
18.62 0 0 -5.03866
18.63 0 0 -5.03877
18.64 0 0 -5.03889
18.65 0 0 -5.03903
18.66 0 0 -5.0392
18.67 0 0 -5.03938
18.68 0 0 -5.03959
18.69 0 0 -5.03982
18.7 0 0 -5.04007
18.71 0 0 -5.04033
18.72 0 0 -5.04061
18.73 0 0 -5.0409
18.74 0 0 -5.04121
18.75 0 0 -5.04154
18.76 0 0 -5.04188
18.77 0 0 -5.04223
18.78 0 0 -5.04258
18.79 0 0 -5.04292
18.8 0 0 -5.04325
18.81 0 0 -5.04357
18.82 0 0 -5.04385
18.83 0 0 -5.0441
18.84 0 0 -5.04431
18.85 0 0 -5.04448
18.86 0 0 -5.04462
18.87 0 0 -5.04471
18.88 0 0 -5.04476
18.89 0 0 -5.04477
18.9 0 0 -5.04474
18.91 0 0 -5.04467
18.92 0 0 -5.04457
18.93 0 0 -5.04443
18.94 0 0 -5.04426
18.95 0 0 -5.04406
18.96 0 0 -5.04383
18.97 0 0 -5.04357
18.98 0 0 -5.04328
18.99 0 0 -5.04297
19 0 0 -5.04262
19.01 0 0 -5.04225
19.02 0 0 -5.04186
19.03 0 0 -5.04145
19.04 0 0 -5.04103
19.05 0 0 -5.0406
19.06 0 0 -5.04017
19.07 0 0 -5.03974
19.08 0 0 -5.03931
19.09 0 0 -5.03889
19.1 0 0 -5.03848
19.11 0 0 -5.03808
19.12 0 0 -5.03769
19.13 0 0 -5.03733
19.14 0 0 -5.03699
19.15 0 0 -5.03669
19.16 0 0 -5.03643
19.17 0 0 -5.03621
19.18 0 0 -5.03604
19.19 0 0 -5.03592
19.2 0 0 -5.03585
19.21 0 0 -5.03583
19.22 0 0 -5.03586
19.23 0 0 -5.03595
19.24 0 0 -5.03609
19.25 0 0 -5.03628
19.26 0 0 -5.03652
19.27 0 0 -5.03682
19.28 0 0 -5.03717
19.29 0 0 -5.03757
19.3 0 0 -5.03801
19.31 0 0 -5.0385
19.32 0 0 -5.03902
19.33 0 0 -5.03958
19.34 0 0 -5.04016
19.35 0 0 -5.04075
19.36 0 0 -5.04136
19.37 0 0 -5.04197
19.38 0 0 -5.04258
19.39 0 0 -5.04318
19.4 0 0 -5.04376
19.41 0 0 -5.04431
19.42 0 0 -5.04483
19.43 0 0 -5.04531
19.44 0 0 -5.04574
19.45 0 0 -5.04612
19.46 0 0 -5.04644
19.47 0 0 -5.04669
19.48 0 0 -5.04688
19.49 0 0 -5.047
19.5 0 0 -5.04706
19.51 0 0 -5.04706
19.52 0 0 -5.04701
19.53 0 0 -5.0469
19.54 0 0 -5.04674
19.55 0 0 -5.04654
19.56 0 0 -5.04629
19.57 0 0 -5.046
19.58 0 0 -5.04568
19.59 0 0 -5.04533
19.6 0 0 -5.04495
19.61 0 0 -5.04456
19.62 0 0 -5.04417
19.63 0 0 -5.04378
19.64 0 0 -5.0434
19.65 0 0 -5.04304
19.66 0 0 -5.04271
19.67 0 0 -5.04241
19.68 0 0 -5.04215
19.69 0 0 -5.04195
19.7 0 0 -5.04179
19.71 0 0 -5.04169
19.72 0 0 -5.04165
19.73 0 0 -5.04166
19.74 0 0 -5.04174
19.75 0 0 -5.04187
19.76 0 0 -5.04206
19.77 0 0 -5.04231
19.78 0 0 -5.0426
19.79 0 0 -5.04294
19.8 0 0 -5.04333
19.81 0 0 -5.04375
19.82 0 0 -5.0442
19.83 0 0 -5.04469
19.84 0 0 -5.04519
19.85 0 0 -5.04572
19.86 0 0 -5.04626
19.87 0 0 -5.04682
19.88 0 0 -5.04738
19.89 0 0 -5.04794
19.9 0 0 -5.04849
19.91 0 0 -5.04904
19.92 0 0 -5.04957
19.93 0 0 -5.05009
19.94 0 0 -5.05058
19.95 0 0 -5.05105
19.96 0 0 -5.05148
19.97 0 0 -5.05188
19.98 0 0 -5.05225
19.99 0 0 -5.05257
20 0 0 -5.05286
20.01 0 0 -5.0531
20.02 0 0 -5.0533
20.03 0 0 -5.05345
20.04 0 0 -5.05357
20.05 0 0 -5.05364
20.06 0 0 -5.05366
20.07 0 0 -5.05364
20.08 0 0 -5.05358
20.09 0 0 -5.05348
20.1 0 0 -5.05333
20.11 0 0 -5.05314
20.12 0 0 -5.05291
20.13 0 0 -5.05265
20.14 0 0 -5.05236
20.15 0 0 -5.05204
20.16 0 0 -5.05171
20.17 0 0 -5.05136
20.18 0 0 -5.051
20.19 0 0 -5.05064
20.2 0 0 -5.05028
20.21 0 0 -5.04993
20.22 0 0 -5.04959
20.23 0 0 -5.04927
20.24 0 0 -5.04896
20.25 0 0 -5.04867
20.26 0 0 -5.04841
20.27 0 0 -5.04817
20.28 0 0 -5.04795
20.29 0 0 -5.04777
20.3 0 0 -5.04762
20.31 0 0 -5.04751
20.32 0 0 -5.04743
20.33 0 0 -5.04739
20.34 0 0 -5.04738
20.35 0 0 -5.04742
20.36 0 0 -5.04749
20.37 0 0 -5.04759
20.38 0 0 -5.04773
20.39 0 0 -5.04791
20.4 0 0 -5.04812
20.41 0 0 -5.04836
20.42 0 0 -5.04863
20.43 0 0 -5.04893
20.44 0 0 -5.04925
20.45 0 0 -5.04959
20.46 0 0 -5.04995
20.47 0 0 -5.05033
20.48 0 0 -5.05071
20.49 0 0 -5.05111
20.5 0 0 -5.05151
20.51 0 0 -5.05191
20.52 0 0 -5.05231
20.53 0 0 -5.05271
20.54 0 0 -5.05309
20.55 0 0 -5.05345
20.56 0 0 -5.0538
20.57 0 0 -5.05412
20.58 0 0 -5.05442
20.59 0 0 -5.05468
20.6 0 0 -5.05492
20.61 0 0 -5.05513
20.62 0 0 -5.05531
20.63 0 0 -5.05547
20.64 0 0 -5.0556
20.65 0 0 -5.0557
20.66 0 0 -5.05578
20.67 0 0 -5.05585
20.68 0 0 -5.0559
20.69 0 0 -5.05593
20.7 0 0 -5.05596
20.71 0 0 -5.05598
20.72 0 0 -5.05599
20.73 0 0 -5.05599
20.74 0 0 -5.05598
20.75 0 0 -5.05597
20.76 0 0 -5.05595
20.77 0 0 -5.05591
20.78 0 0 -5.05586
20.79 0 0 -5.0558
20.8 0 0 -5.05571
20.81 0 0 -5.05561
20.82 0 0 -5.05549
20.83 0 0 -5.05534
20.84 0 0 -5.05517
20.85 0 0 -5.05498
20.86 0 0 -5.05476
20.87 0 0 -5.05452
20.88 0 0 -5.05426
20.89 0 0 -5.05398
20.9 0 0 -5.05368
20.91 0 0 -5.05337
20.92 0 0 -5.05306
20.93 0 0 -5.05275
20.94 0 0 -5.05244
20.95 0 0 -5.05214
20.96 0 0 -5.05186
20.97 0 0 -5.0516
20.98 0 0 -5.05136
20.99 0 0 -5.05116
21 0 0 -5.05098
21.01 0 0 -5.05084
21.02 0 0 -5.05073
21.03 0 0 -5.05067
21.04 0 0 -5.05064
21.05 0 0 -5.05066
21.06 0 0 -5.05071
21.07 0 0 -5.0508
21.08 0 0 -5.05093
21.09 0 0 -5.05109
21.1 0 0 -5.05128
21.11 0 0 -5.0515
21.12 0 0 -5.05174
21.13 0 0 -5.05199
21.14 0 0 -5.05226
21.15 0 0 -5.05253
21.16 0 0 -5.05281
21.17 0 0 -5.05308
21.18 0 0 -5.05334
21.19 0 0 -5.0536
21.2 0 0 -5.05384
21.21 0 0 -5.05407
21.22 0 0 -5.05428
21.23 0 0 -5.05446
21.24 0 0 -5.05462
21.25 0 0 -5.05476
21.26 0 0 -5.05488
21.27 0 0 -5.05497
21.28 0 0 -5.05504
21.29 0 0 -5.05508
21.3 0 0 -5.0551
21.31 0 0 -5.0551
21.32 0 0 -5.05507
21.33 0 0 -5.05503
21.34 0 0 -5.05496
21.35 0 0 -5.05488
21.36 0 0 -5.05477
21.37 0 0 -5.05464
21.38 0 0 -5.05449
21.39 0 0 -5.05432
21.4 0 0 -5.05413
21.41 0 0 -5.05393
21.42 0 0 -5.05371
21.43 0 0 -5.05349
21.44 0 0 -5.05325
21.45 0 0 -5.05301
21.46 0 0 -5.05275
21.47 0 0 -5.0525
21.48 0 0 -5.05224
21.49 0 0 -5.05198
21.5 0 0 -5.05171
21.51 0 0 -5.05145
21.52 0 0 -5.0512
21.53 0 0 -5.05096
21.54 0 0 -5.05073
21.55 0 0 -5.05051
21.56 0 0 -5.05031
21.57 0 0 -5.05013
21.58 0 0 -5.04996
21.59 0 0 -5.04983
21.6 0 0 -5.04971
21.61 0 0 -5.04963
21.62 0 0 -5.04956
21.63 0 0 -5.04953
21.64 0 0 -5.04951
21.65 0 0 -5.04952
21.66 0 0 -5.04955
21.67 0 0 -5.0496
21.68 0 0 -5.04966
21.69 0 0 -5.04973
21.7 0 0 -5.04982
21.71 0 0 -5.0499
21.72 0 0 -5.04998
21.73 0 0 -5.05006
21.74 0 0 -5.05012
21.75 0 0 -5.05016
21.76 0 0 -5.05019
21.77 0 0 -5.05019
21.78 0 0 -5.05017
21.79 0 0 -5.05012
21.8 0 0 -5.05004
21.81 0 0 -5.04993
21.82 0 0 -5.0498
21.83 0 0 -5.04963
21.84 0 0 -5.04943
21.85 0 0 -5.04921
21.86 0 0 -5.04897
21.87 0 0 -5.0487
21.88 0 0 -5.04841
21.89 0 0 -5.04811
21.9 0 0 -5.04779
21.91 0 0 -5.04747
21.92 0 0 -5.04713
21.93 0 0 -5.04679
21.94 0 0 -5.04645
21.95 0 0 -5.04612
21.96 0 0 -5.04579
21.97 0 0 -5.04546
21.98 0 0 -5.04515
21.99 0 0 -5.04484
22 0 0 -5.04455
22.01 0 0 -5.04426
22.02 0 0 -5.04397
22.03 0 0 -5.04369
22.04 0 0 -5.04342
22.05 0 0 -5.04316
22.06 0 0 -5.0429
22.07 0 0 -5.04265
22.08 0 0 -5.04242
22.09 0 0 -5.0422
22.1 0 0 -5.04199
22.11 0 0 -5.04181
22.12 0 0 -5.04164
22.13 0 0 -5.04149
22.14 0 0 -5.04136
22.15 0 0 -5.04126
22.16 0 0 -5.04118
22.17 0 0 -5.04112
22.18 0 0 -5.04109
22.19 0 0 -5.04108
22.2 0 0 -5.0411
22.21 0 0 -5.04113
22.22 0 0 -5.04119
22.23 0 0 -5.04126
22.24 0 0 -5.04134
22.25 0 0 -5.04144
22.26 0 0 -5.04155
22.27 0 0 -5.04165
22.28 0 0 -5.04176
22.29 0 0 -5.04187
22.3 0 0 -5.04197
22.31 0 0 -5.04207
22.32 0 0 -5.04217
22.33 0 0 -5.04225
22.34 0 0 -5.04233
22.35 0 0 -5.0424
22.36 0 0 -5.04246
22.37 0 0 -5.04252
22.38 0 0 -5.04256
22.39 0 0 -5.04259
22.4 0 0 -5.04262
22.41 0 0 -5.04263
22.42 0 0 -5.04263
22.43 0 0 -5.04263
22.44 0 0 -5.04261
22.45 0 0 -5.04258
22.46 0 0 -5.04255
22.47 0 0 -5.0425
22.48 0 0 -5.04245
22.49 0 0 -5.04238
22.5 0 0 -5.04231
22.51 0 0 -5.04222
22.52 0 0 -5.04213
22.53 0 0 -5.04202
22.54 0 0 -5.04191
22.55 0 0 -5.04179
22.56 0 0 -5.04167
22.57 0 0 -5.04154
22.58 0 0 -5.04142
22.59 0 0 -5.0413
22.6 0 0 -5.04118
22.61 0 0 -5.04107
22.62 0 0 -5.04097
22.63 0 0 -5.04088
22.64 0 0 -5.0408
22.65 0 0 -5.04072
22.66 0 0 -5.04066
22.67 0 0 -5.0406
22.68 0 0 -5.04055
22.69 0 0 -5.04051
22.7 0 0 -5.04049
22.71 0 0 -5.04047
22.72 0 0 -5.04046
22.73 0 0 -5.04046
22.74 0 0 -5.04048
22.75 0 0 -5.04051
22.76 0 0 -5.04055
22.77 0 0 -5.0406
22.78 0 0 -5.04067
22.79 0 0 -5.04075
22.8 0 0 -5.04084
22.81 0 0 -5.04095
22.82 0 0 -5.04107
22.83 0 0 -5.0412
22.84 0 0 -5.04135
22.85 0 0 -5.0415
22.86 0 0 -5.04166
22.87 0 0 -5.04183
22.88 0 0 -5.04199
22.89 0 0 -5.04215
22.9 0 0 -5.04229
22.91 0 0 -5.04243
22.92 0 0 -5.04255
22.93 0 0 -5.04265
22.94 0 0 -5.04272
22.95 0 0 -5.04277
22.96 0 0 -5.0428
22.97 0 0 -5.0428
22.98 0 0 -5.04278
22.99 0 0 -5.04273
23 0 0 -5.04265
23.01 0 0 -5.04255
23.02 0 0 -5.04243
23.03 0 0 -5.04229
23.04 0 0 -5.04214
23.05 0 0 -5.04196
23.06 0 0 -5.04178
23.07 0 0 -5.0416
23.08 0 0 -5.04143
23.09 0 0 -5.04126
23.1 0 0 -5.04111
23.11 0 0 -5.04098
23.12 0 0 -5.04087
23.13 0 0 -5.0408
23.14 0 0 -5.04076
23.15 0 0 -5.04076
23.16 0 0 -5.0408
23.17 0 0 -5.04089
23.18 0 0 -5.04102
23.19 0 0 -5.0412
23.2 0 0 -5.04143
23.21 0 0 -5.0417
23.22 0 0 -5.04202
23.23 0 0 -5.04238
23.24 0 0 -5.04278
23.25 0 0 -5.04322
23.26 0 0 -5.04368
23.27 0 0 -5.04417
23.28 0 0 -5.04468
23.29 0 0 -5.04521
23.3 0 0 -5.04574
23.31 0 0 -5.04627
23.32 0 0 -5.04681
23.33 0 0 -5.04733
23.34 0 0 -5.04784
23.35 0 0 -5.04833
23.36 0 0 -5.0488
23.37 0 0 -5.04925
23.38 0 0 -5.04967
23.39 0 0 -5.05006
23.4 0 0 -5.05042
23.41 0 0 -5.05075
23.42 0 0 -5.05105
23.43 0 0 -5.05133
23.44 0 0 -5.05158
23.45 0 0 -5.0518
23.46 0 0 -5.05199
23.47 0 0 -5.05215
23.48 0 0 -5.05229
23.49 0 0 -5.0524
23.5 0 0 -5.05249
23.51 0 0 -5.05254
23.52 0 0 -5.05257
23.53 0 0 -5.05258
23.54 0 0 -5.05256
23.55 0 0 -5.05252
23.56 0 0 -5.05246
23.57 0 0 -5.05239
23.58 0 0 -5.05229
23.59 0 0 -5.05218
23.6 0 0 -5.05205
23.61 0 0 -5.05191
23.62 0 0 -5.05176
23.63 0 0 -5.05159
23.64 0 0 -5.05142
23.65 0 0 -5.05125
23.66 0 0 -5.05108
23.67 0 0 -5.0509
23.68 0 0 -5.05074
23.69 0 0 -5.05058
23.7 0 0 -5.05043
23.71 0 0 -5.0503
23.72 0 0 -5.05019
23.73 0 0 -5.0501
23.74 0 0 -5.05003
23.75 0 0 -5.04998
23.76 0 0 -5.04995
23.77 0 0 -5.04995
23.78 0 0 -5.04998
23.79 0 0 -5.05003
23.8 0 0 -5.0501
23.81 0 0 -5.05019
23.82 0 0 -5.0503
23.83 0 0 -5.05043
23.84 0 0 -5.05057
23.85 0 0 -5.05072
23.86 0 0 -5.05089
23.87 0 0 -5.05106
23.88 0 0 -5.05123
23.89 0 0 -5.05142
23.9 0 0 -5.0516
23.91 0 0 -5.05179
23.92 0 0 -5.05198
23.93 0 0 -5.05218
23.94 0 0 -5.05239
23.95 0 0 -5.0526
23.96 0 0 -5.05282
23.97 0 0 -5.05304
23.98 0 0 -5.05326
23.99 0 0 -5.05349
24 0 0 -5.05371
24.01 0 0 -5.05393
24.02 0 0 -5.05415
24.03 0 0 -5.05435
24.04 0 0 -5.05453
24.05 0 0 -5.0547
24.06 0 0 -5.05485
24.07 0 0 -5.05497
24.08 0 0 -5.05507
24.09 0 0 -5.05514
24.1 0 0 -5.05518
24.11 0 0 -5.05519
24.12 0 0 -5.05518
24.13 0 0 -5.05514
24.14 0 0 -5.05507
24.15 0 0 -5.05498
24.16 0 0 -5.05487
24.17 0 0 -5.05474
24.18 0 0 -5.05461
24.19 0 0 -5.05446
24.2 0 0 -5.0543
24.21 0 0 -5.05415
24.22 0 0 -5.054
24.23 0 0 -5.05386
24.24 0 0 -5.05373
24.25 0 0 -5.05362
24.26 0 0 -5.05351
24.27 0 0 -5.05343
24.28 0 0 -5.05336
24.29 0 0 -5.05331
24.3 0 0 -5.05328
24.31 0 0 -5.05327
24.32 0 0 -5.05327
24.33 0 0 -5.0533
24.34 0 0 -5.05333
24.35 0 0 -5.05338
24.36 0 0 -5.05344
24.37 0 0 -5.0535
24.38 0 0 -5.05357
24.39 0 0 -5.05365
24.4 0 0 -5.05372
24.41 0 0 -5.0538
24.42 0 0 -5.05388
24.43 0 0 -5.05395
24.44 0 0 -5.05403
24.45 0 0 -5.0541
24.46 0 0 -5.05416
24.47 0 0 -5.05421
24.48 0 0 -5.05425
24.49 0 0 -5.05428
24.5 0 0 -5.05429
24.51 0 0 -5.05429
24.52 0 0 -5.05427
24.53 0 0 -5.05424
24.54 0 0 -5.0542
24.55 0 0 -5.05414
24.56 0 0 -5.05406
24.57 0 0 -5.05398
24.58 0 0 -5.05388
24.59 0 0 -5.05377
24.6 0 0 -5.05364
24.61 0 0 -5.05351
24.62 0 0 -5.05336
24.63 0 0 -5.0532
24.64 0 0 -5.05304
24.65 0 0 -5.05288
24.66 0 0 -5.0527
24.67 0 0 -5.05252
24.68 0 0 -5.05234
24.69 0 0 -5.05216
24.7 0 0 -5.05197
24.71 0 0 -5.05178
24.72 0 0 -5.05159
24.73 0 0 -5.0514
24.74 0 0 -5.05121
24.75 0 0 -5.05102
24.76 0 0 -5.05084
24.77 0 0 -5.05065
24.78 0 0 -5.05047
24.79 0 0 -5.05029
24.8 0 0 -5.05011
24.81 0 0 -5.04994
24.82 0 0 -5.04977
24.83 0 0 -5.04961
24.84 0 0 -5.04944
24.85 0 0 -5.04928
24.86 0 0 -5.04911
24.87 0 0 -5.04893
24.88 0 0 -5.04876
24.89 0 0 -5.04858
24.9 0 0 -5.04839
24.91 0 0 -5.04821
24.92 0 0 -5.04803
24.93 0 0 -5.04785
24.94 0 0 -5.04767
24.95 0 0 -5.0475
24.96 0 0 -5.04733
24.97 0 0 -5.04717
24.98 0 0 -5.04701
24.99 0 0 -5.04688
25 0 0 -5.04675
