0.01 0 0 -5.04699
0.02 0 0 -5.04736
0.03 0 0 -5.04757
0.04 0 0 -5.04769
0.05 0 0 -5.04775
0.06 0 0 -5.04779
0.07 0 0 -5.04781
0.08 0 0 -5.04782
0.09 0 0 -5.04783
0.1 0 0 -5.04784
0.11 0 0 -5.04784
0.12 0 0 -5.04784
0.13 0 0 -5.04785
0.14 0 0 -5.04785
0.15 0 0 -5.04786
0.16 0 0 -5.04786
0.17 0 0 -5.04786
0.18 0 0 -5.04787
0.19 0 0 -5.04787
0.2 0 0 -5.04787
0.21 0 0 -5.04787
0.22 0 0 -5.04787
0.23 0 0 -5.04787
0.24 0 0 -5.04787
0.25 0 0 -5.04787
0.26 0 0 -5.04786
0.27 0 0 -5.04786
0.28 0 0 -5.04786
0.29 0 0 -5.04786
0.3 0 0 -5.04786
0.31 0 0 -5.04786
0.32 0 0 -5.04786
0.33 0 0 -5.04785
0.34 0 0 -5.04785
0.35 0 0 -5.04785
0.36 0 0 -5.04784
0.37 0 0 -5.04784
0.38 0 0 -5.04783
0.39 0 0 -5.04783
0.4 0 0 -5.04782
0.41 0 0 -5.04781
0.42 0 0 -5.0478
0.43 0 0 -5.04779
0.44 0 0 -5.04779
0.45 0 0 -5.04778
0.46 0 0 -5.04778
0.47 0 0 -5.04777
0.48 0 0 -5.04777
0.49 0 0 -5.04777
0.5 0 0 -5.04777
0.51 0 0 -5.04777
0.52 0 0 -5.04777
0.53 0 0 -5.04777
0.54 0 0 -5.04776
0.55 0 0 -5.04776
0.56 0 0 -5.04776
0.57 0 0 -5.04775
0.58 0 0 -5.04775
0.59 0 0 -5.04774
0.6 0 0 -5.04774
0.61 0 0 -5.04774
0.62 0 0 -5.04774
0.63 0 0 -5.04774
0.64 0 0 -5.04773
0.65 0 0 -5.04773
0.66 0 0 -5.04772
0.67 0 0 -5.04771
0.68 0 0 -5.04769
0.69 0 0 -5.04768
0.7 0 0 -5.04766
0.71 0 0 -5.04763
0.72 0 0 -5.04761
0.73 0 0 -5.04757
0.74 0 0 -5.04754
0.75 0 0 -5.04751
0.76 0 0 -5.04747
0.77 0 0 -5.04744
0.78 0 0 -5.0474
0.79 0 0 -5.04737
0.8 0 0 -5.04735
0.81 0 0 -5.04732
0.82 0 0 -5.04731
0.83 0 0 -5.04729
0.84 0 0 -5.04729
0.85 0 0 -5.04728
0.86 0 0 -5.04727
0.87 0 0 -5.04727
0.88 0 0 -5.04726
0.89 0 0 -5.04726
0.9 0 0 -5.04726
0.91 0 0 -5.04727
0.92 0 0 -5.04728
0.93 0 0 -5.04729
0.94 0 0 -5.0473
0.95 0 0 -5.04731
0.96 0 0 -5.04732
0.97 0 0 -5.04732
0.98 0 0 -5.04731
0.99 0 0 -5.0473
1 0 0 -5.04729
1.01 0 0 -5.04727
1.02 0 0 -5.04725
1.03 0 0 -5.04723
1.04 0 0 -5.04722
1.05 0 0 -5.04722
1.06 0 0 -5.04723
1.07 0 0 -5.04725
1.08 0 0 -5.04728
1.09 0 0 -5.04731
1.1 0 0 -5.04736
1.11 0 0 -5.0474
1.12 0 0 -5.04745
1.13 0 0 -5.04751
1.14 0 0 -5.04759
1.15 0 0 -5.04769
1.16 0 0 -5.04781
1.17 0 0 -5.04794
1.18 0 0 -5.04809
1.19 0 0 -5.04825
1.2 0 0 -5.04842
1.21 0 0 -5.04859
1.22 0 0 -5.04875
1.23 0 0 -5.04891
1.24 0 0 -5.04905
1.25 0 0 -5.04919
1.26 0 0 -5.04932
1.27 0 0 -5.04943
1.28 0 0 -5.04954
1.29 0 0 -5.04964
1.3 0 0 -5.04973
1.31 0 0 -5.04982
1.32 0 0 -5.04989
1.33 0 0 -5.04996
1.34 0 0 -5.05001
1.35 0 0 -5.05004
1.36 0 0 -5.05005
1.37 0 0 -5.05004
1.38 0 0 -5.05
1.39 0 0 -5.04994
1.4 0 0 -5.04986
1.41 0 0 -5.04976
1.42 0 0 -5.04965
1.43 0 0 -5.04953
1.44 0 0 -5.0494
1.45 0 0 -5.04926
1.46 0 0 -5.04911
1.47 0 0 -5.04896
1.48 0 0 -5.04879
1.49 0 0 -5.04862
1.5 0 0 -5.04844
1.51 0 0 -5.04826
1.52 0 0 -5.04807
1.53 0 0 -5.04788
1.54 0 0 -5.04769
1.55 0 0 -5.0475
1.56 0 0 -5.04732
1.57 0 0 -5.04714
1.58 0 0 -5.04697
1.59 0 0 -5.04682
1.6 0 0 -5.04667
1.61 0 0 -5.04654
1.62 0 0 -5.04641
1.63 0 0 -5.04627
1.64 0 0 -5.04612
1.65 0 0 -5.04595
1.66 0 0 -5.04578
1.67 0 0 -5.04561
1.68 0 0 -5.04545
1.69 0 0 -5.04531
1.7 0 0 -5.04519
1.71 0 0 -5.0451
1.72 0 0 -5.04502
1.73 0 0 -5.04496
1.74 0 0 -5.04491
1.75 0 0 -5.04487
1.76 0 0 -5.04483
1.77 0 0 -5.04481
1.78 0 0 -5.04481
1.79 0 0 -5.04484
1.8 0 0 -5.04489
1.81 0 0 -5.04497
1.82 0 0 -5.04507
1.83 0 0 -5.04519
1.84 0 0 -5.04533
1.85 0 0 -5.04548
1.86 0 0 -5.04563
1.87 0 0 -5.0458
1.88 0 0 -5.04597
1.89 0 0 -5.04614
1.9 0 0 -5.0463
1.91 0 0 -5.04645
1.92 0 0 -5.04659
1.93 0 0 -5.04672
1.94 0 0 -5.04683
1.95 0 0 -5.04693
1.96 0 0 -5.047
1.97 0 0 -5.04705
1.98 0 0 -5.04709
1.99 0 0 -5.0471
2 0 0 -5.0471
2.01 0 0 -5.04708
2.02 0 0 -5.04704
2.03 0 0 -5.047
2.04 0 0 -5.04696
2.05 0 0 -5.04693
2.06 0 0 -5.04692
2.07 0 0 -5.04691
2.08 0 0 -5.04691
2.09 0 0 -5.04691
2.1 0 0 -5.04691
2.11 0 0 -5.04688
2.12 0 0 -5.04685
2.13 0 0 -5.0468
2.14 0 0 -5.04675
2.15 0 0 -5.0467
2.16 0 0 -5.04664
2.17 0 0 -5.04659
2.18 0 0 -5.04653
2.19 0 0 -5.04648
2.2 0 0 -5.04642
2.21 0 0 -5.04636
2.22 0 0 -5.04631
2.23 0 0 -5.04626
2.24 0 0 -5.04624
2.25 0 0 -5.04623
2.26 0 0 -5.04624
2.27 0 0 -5.04627
2.28 0 0 -5.04633
2.29 0 0 -5.04639
2.3 0 0 -5.04647
2.31 0 0 -5.04657
2.32 0 0 -5.04668
2.33 0 0 -5.0468
2.34 0 0 -5.04694
2.35 0 0 -5.04709
2.36 0 0 -5.04725
2.37 0 0 -5.04741
2.38 0 0 -5.04757
2.39 0 0 -5.04773
2.4 0 0 -5.04788
2.41 0 0 -5.04802
2.42 0 0 -5.04815
2.43 0 0 -5.04826
2.44 0 0 -5.04834
2.45 0 0 -5.04841
2.46 0 0 -5.04847
2.47 0 0 -5.04851
2.48 0 0 -5.04854
2.49 0 0 -5.04856
2.5 0 0 -5.04857
2.51 0 0 -5.04858
2.52 0 0 -5.04857
2.53 0 0 -5.04855
2.54 0 0 -5.04851
2.55 0 0 -5.04846
2.56 0 0 -5.04839
2.57 0 0 -5.04831
2.58 0 0 -5.04823
2.59 0 0 -5.04814
2.6 0 0 -5.04804
2.61 0 0 -5.04794
2.62 0 0 -5.04785
2.63 0 0 -5.04777
2.64 0 0 -5.04771
2.65 0 0 -5.04766
2.66 0 0 -5.04763
2.67 0 0 -5.0476
2.68 0 0 -5.04757
2.69 0 0 -5.04754
2.7 0 0 -5.0475
2.71 0 0 -5.04746
2.72 0 0 -5.04745
2.73 0 0 -5.04746
2.74 0 0 -5.0475
2.75 0 0 -5.04757
2.76 0 0 -5.04766
2.77 0 0 -5.04777
2.78 0 0 -5.04788
2.79 0 0 -5.048
2.8 0 0 -5.04813
2.81 0 0 -5.04827
2.82 0 0 -5.04842
2.83 0 0 -5.04859
2.84 0 0 -5.04875
2.85 0 0 -5.04891
2.86 0 0 -5.04906
2.87 0 0 -5.04918
2.88 0 0 -5.04929
2.89 0 0 -5.04941
2.9 0 0 -5.04954
2.91 0 0 -5.04969
2.92 0 0 -5.04987
2.93 0 0 -5.05006
2.94 0 0 -5.05025
2.95 0 0 -5.05042
2.96 0 0 -5.05056
2.97 0 0 -5.05067
2.98 0 0 -5.05076
2.99 0 0 -5.05082
3 0 0 -5.05088
3.01 0 0 -5.05091
3.02 0 0 -5.05092
3.03 0 0 -5.0509
3.04 0 0 -5.05084
3.05 0 0 -5.05075
3.06 0 0 -5.05062
3.07 0 0 -5.05047
3.08 0 0 -5.05031
3.09 0 0 -5.05016
3.1 0 0 -5.05
3.11 0 0 -5.04985
3.12 0 0 -5.04968
3.13 0 0 -5.04949
3.14 0 0 -5.04926
3.15 0 0 -5.049
3.16 0 0 -5.04872
3.17 0 0 -5.04844
3.18 0 0 -5.04817
3.19 0 0 -5.04791
3.2 0 0 -5.04767
3.21 0 0 -5.04744
3.22 0 0 -5.0472
3.23 0 0 -5.04696
3.24 0 0 -5.04673
3.25 0 0 -5.0465
3.26 0 0 -5.04632
3.27 0 0 -5.04618
3.28 0 0 -5.04611
3.29 0 0 -5.0461
3.3 0 0 -5.04615
3.31 0 0 -5.04625
3.32 0 0 -5.04639
3.33 0 0 -5.04658
3.34 0 0 -5.04681
3.35 0 0 -5.04708
3.36 0 0 -5.04739
3.37 0 0 -5.04776
3.38 0 0 -5.04816
3.39 0 0 -5.0486
3.4 0 0 -5.04905
3.41 0 0 -5.04951
3.42 0 0 -5.04995
3.43 0 0 -5.05038
3.44 0 0 -5.05077
3.45 0 0 -5.05111
3.46 0 0 -5.0514
3.47 0 0 -5.05164
3.48 0 0 -5.05183
3.49 0 0 -5.05197
3.5 0 0 -5.05206
3.51 0 0 -5.0521
3.52 0 0 -5.05209
3.53 0 0 -5.05203
3.54 0 0 -5.05194
3.55 0 0 -5.05182
3.56 0 0 -5.05167
3.57 0 0 -5.0515
3.58 0 0 -5.05133
3.59 0 0 -5.05119
3.6 0 0 -5.05111
3.61 0 0 -5.05113
3.62 0 0 -5.05128
3.63 0 0 -5.0516
3.64 0 0 -5.05213
3.65 0 0 -5.05286
3.66 0 0 -5.05384
3.67 0 0 -5.05507
3.68 0 0 -5.05659
3.69 0 0 -5.0584
3.7 0 0 -5.0605
3.71 0 0 -5.06291
3.72 0 0 -5.06558
3.73 0 0 -5.06849
3.74 0 0 -5.0716
3.75 0 0 -5.07488
3.76 0 0 -5.07828
3.77 0 0 -5.08177
3.78 0 0 -5.08531
3.79 0 0 -5.08887
3.8 0 0 -5.09241
3.81 0 0 -5.0959
3.82 0 0 -5.0993
3.83 0 0 -5.10257
3.84 0 0 -5.10566
3.85 0 0 -5.10848
3.86 0 0 -5.11097
3.87 0 0 -5.11304
3.88 0 0 -5.11462
3.89 0 0 -5.11565
3.9 0 0 -5.11611
3.91 0 0 -5.11595
3.92 0 0 -5.11519
3.93 0 0 -5.11381
3.94 0 0 -5.11183
3.95 0 0 -5.10925
3.96 0 0 -5.10609
3.97 0 0 -5.10237
3.98 0 0 -5.09815
3.99 0 0 -5.09346
4 0 0 -5.08835
4.01 0 0 -5.08287
4.02 0 0 -5.07709
4.03 0 0 -5.07105
4.04 0 0 -5.06483
4.05 0 0 -5.05848
4.06 0 0 -5.05207
4.07 0 0 -5.04569
4.08 0 0 -5.03939
4.09 0 0 -5.03324
4.1 0 0 -5.02731
4.11 0 0 -5.02164
4.12 0 0 -5.01628
4.13 0 0 -5.01126
4.14 0 0 -5.00659
4.15 0 0 -5.00232
4.16 0 0 -4.99845
4.17 0 0 -4.99502
4.18 0 0 -4.99203
4.19 0 0 -4.98949
4.2 0 0 -4.98742
4.21 0 0 -4.98582
4.22 0 0 -4.98468
4.23 0 0 -4.984
4.24 0 0 -4.98378
4.25 0 0 -4.98399
4.26 0 0 -4.98463
4.27 0 0 -4.98567
4.28 0 0 -4.98709
4.29 0 0 -4.98886
4.3 0 0 -4.99094
4.31 0 0 -4.9933
4.32 0 0 -4.99588
4.33 0 0 -4.99866
4.34 0 0 -5.00159
4.35 0 0 -5.00463
4.36 0 0 -5.00776
4.37 0 0 -5.01096
4.38 0 0 -5.01419
4.39 0 0 -5.01744
4.4 0 0 -5.02068
4.41 0 0 -5.0239
4.42 0 0 -5.02707
4.43 0 0 -5.03018
4.44 0 0 -5.03321
4.45 0 0 -5.03615
4.46 0 0 -5.03899
4.47 0 0 -5.04174
4.48 0 0 -5.04442
4.49 0 0 -5.04705
4.5 0 0 -5.04966
4.51 0 0 -5.05227
4.52 0 0 -5.05491
4.53 0 0 -5.0576
4.54 0 0 -5.06035
4.55 0 0 -5.06316
4.56 0 0 -5.06603
4.57 0 0 -5.06895
4.58 0 0 -5.07192
4.59 0 0 -5.07491
4.6 0 0 -5.07791
4.61 0 0 -5.08091
4.62 0 0 -5.0839
4.63 0 0 -5.08685
4.64 0 0 -5.08977
4.65 0 0 -5.09263
4.66 0 0 -5.09544
4.67 0 0 -5.09816
4.68 0 0 -5.10081
4.69 0 0 -5.10335
4.7 0 0 -5.10579
4.71 0 0 -5.1081
4.72 0 0 -5.11026
4.73 0 0 -5.11225
4.74 0 0 -5.11404
4.75 0 0 -5.11559
4.76 0 0 -5.11684
4.77 0 0 -5.11775
4.78 0 0 -5.11825
4.79 0 0 -5.11829
4.8 0 0 -5.11784
4.81 0 0 -5.11685
4.82 0 0 -5.1153
4.83 0 0 -5.11318
4.84 0 0 -5.1105
4.85 0 0 -5.10724
4.86 0 0 -5.10343
4.87 0 0 -5.09909
4.88 0 0 -5.09425
4.89 0 0 -5.08895
4.9 0 0 -5.08322
4.91 0 0 -5.07711
4.92 0 0 -5.07065
4.93 0 0 -5.06388
4.94 0 0 -5.05686
4.95 0 0 -5.04962
4.96 0 0 -5.04223
4.97 0 0 -5.03474
4.98 0 0 -5.02722
4.99 0 0 -5.01972
5 0 0 -5.01231
5.01 0 0 -5.00505
5.02 0 0 -4.99803
5.03 0 0 -4.9913
5.04 0 0 -4.98494
5.05 0 0 -4.979
5.06 0 0 -4.97355
5.07 0 0 -4.96863
5.08 0 0 -4.9643
5.09 0 0 -4.96061
5.1 0 0 -4.95759
5.11 0 0 -4.95529
5.12 0 0 -4.95372
5.13 0 0 -4.95287
5.14 0 0 -4.95276
5.15 0 0 -4.95335
5.16 0 0 -4.95463
5.17 0 0 -4.95656
5.18 0 0 -4.95911
5.19 0 0 -4.96224
5.2 0 0 -4.96589
5.21 0 0 -4.97002
5.22 0 0 -4.97456
5.23 0 0 -4.97946
5.24 0 0 -4.98466
5.25 0 0 -4.99008
5.26 0 0 -4.99566
5.27 0 0 -5.00133
5.28 0 0 -5.00703
5.29 0 0 -5.01266
5.3 0 0 -5.01817
5.31 0 0 -5.02348
5.32 0 0 -5.0285
5.33 0 0 -5.03316
5.34 0 0 -5.0374
5.35 0 0 -5.04116
5.36 0 0 -5.0444
5.37 0 0 -5.04709
5.38 0 0 -5.0492
5.39 0 0 -5.05071
5.4 0 0 -5.0516
5.41 0 0 -5.05188
5.42 0 0 -5.05156
5.43 0 0 -5.05066
5.44 0 0 -5.04922
5.45 0 0 -5.04725
5.46 0 0 -5.0448
5.47 0 0 -5.0419
5.48 0 0 -5.03857
5.49 0 0 -5.03486
5.5 0 0 -5.03079
5.51 0 0 -5.0264
5.52 0 0 -5.02172
5.53 0 0 -5.01681
5.54 0 0 -5.01169
5.55 0 0 -5.00644
5.56 0 0 -5.0011
5.57 0 0 -4.99572
5.58 0 0 -4.99037
5.59 0 0 -4.98507
5.6 0 0 -4.97989
5.61 0 0 -4.97487
5.62 0 0 -4.97005
5.63 0 0 -4.96547
5.64 0 0 -4.96118
5.65 0 0 -4.95723
5.66 0 0 -4.95365
5.67 0 0 -4.95048
5.68 0 0 -4.94777
5.69 0 0 -4.94555
5.7 0 0 -4.94385
5.71 0 0 -4.94271
5.72 0 0 -4.94214
5.73 0 0 -4.94215
5.74 0 0 -4.94275
5.75 0 0 -4.94395
5.76 0 0 -4.94574
5.77 0 0 -4.9481
5.78 0 0 -4.95103
5.79 0 0 -4.9545
5.8 0 0 -4.95847
5.81 0 0 -4.96291
5.82 0 0 -4.96778
5.83 0 0 -4.97302
5.84 0 0 -4.9786
5.85 0 0 -4.98447
5.86 0 0 -4.99058
5.87 0 0 -4.99686
5.88 0 0 -5.00327
5.89 0 0 -5.00974
5.9 0 0 -5.01622
5.91 0 0 -5.02265
5.92 0 0 -5.02897
5.93 0 0 -5.03516
5.94 0 0 -5.04116
5.95 0 0 -5.04694
5.96 0 0 -5.05246
5.97 0 0 -5.05769
5.98 0 0 -5.06259
5.99 0 0 -5.06713
6 0 0 -5.07127
6.01 0 0 -5.07499
6.02 0 0 -5.07829
6.03 0 0 -5.08117
6.04 0 0 -5.08363
6.05 0 0 -5.08566
6.06 0 0 -5.08727
6.07 0 0 -5.08847
6.08 0 0 -5.08929
6.09 0 0 -5.08975
6.1 0 0 -5.08991
6.11 0 0 -5.0898
6.12 0 0 -5.08944
6.13 0 0 -5.08886
6.14 0 0 -5.08808
6.15 0 0 -5.0871
6.16 0 0 -5.08593
6.17 0 0 -5.08461
6.18 0 0 -5.08316
6.19 0 0 -5.0816
6.2 0 0 -5.07997
6.21 0 0 -5.0783
6.22 0 0 -5.07661
6.23 0 0 -5.07493
6.24 0 0 -5.07329
6.25 0 0 -5.07172
6.26 0 0 -5.07026
6.27 0 0 -5.06892
6.28 0 0 -5.06771
6.29 0 0 -5.06665
6.3 0 0 -5.06572
6.31 0 0 -5.06494
6.32 0 0 -5.06431
6.33 0 0 -5.06385
6.34 0 0 -5.06359
6.35 0 0 -5.06355
6.36 0 0 -5.06375
6.37 0 0 -5.06424
6.38 0 0 -5.06502
6.39 0 0 -5.06611
6.4 0 0 -5.06752
6.41 0 0 -5.06926
6.42 0 0 -5.07133
6.43 0 0 -5.07374
6.44 0 0 -5.07648
6.45 0 0 -5.07955
6.46 0 0 -5.08295
6.47 0 0 -5.08667
6.48 0 0 -5.09069
6.49 0 0 -5.09501
6.5 0 0 -5.09959
6.51 0 0 -5.1044
6.52 0 0 -5.10939
6.53 0 0 -5.11454
6.54 0 0 -5.1198
6.55 0 0 -5.12513
6.56 0 0 -5.13047
6.57 0 0 -5.1358
6.58 0 0 -5.14106
6.59 0 0 -5.1462
6.6 0 0 -5.15116
6.61 0 0 -5.15585
6.62 0 0 -5.16019
6.63 0 0 -5.16407
6.64 0 0 -5.16741
6.65 0 0 -5.17011
6.66 0 0 -5.17209
6.67 0 0 -5.17327
6.68 0 0 -5.17363
6.69 0 0 -5.17314
6.7 0 0 -5.17182
6.71 0 0 -5.1697
6.72 0 0 -5.16681
6.73 0 0 -5.16317
6.74 0 0 -5.15881
6.75 0 0 -5.15375
6.76 0 0 -5.14806
6.77 0 0 -5.14183
6.78 0 0 -5.13515
6.79 0 0 -5.12812
6.8 0 0 -5.12085
6.81 0 0 -5.11343
6.82 0 0 -5.10595
6.83 0 0 -5.09851
6.84 0 0 -5.09121
6.85 0 0 -5.08413
6.86 0 0 -5.07735
6.87 0 0 -5.07095
6.88 0 0 -5.06497
6.89 0 0 -5.05946
6.9 0 0 -5.05444
6.91 0 0 -5.04994
6.92 0 0 -5.04597
6.93 0 0 -5.04251
6.94 0 0 -5.03956
6.95 0 0 -5.03708
6.96 0 0 -5.03507
6.97 0 0 -5.03348
6.98 0 0 -5.03229
6.99 0 0 -5.03148
7 0 0 -5.031
7.01 0 0 -5.03083
7.02 0 0 -5.03093
7.03 0 0 -5.03128
7.04 0 0 -5.03183
7.05 0 0 -5.03256
7.06 0 0 -5.03345
7.07 0 0 -5.03447
7.08 0 0 -5.0356
7.09 0 0 -5.03683
7.1 0 0 -5.03811
7.11 0 0 -5.03945
7.12 0 0 -5.04084
7.13 0 0 -5.04228
7.14 0 0 -5.04376
7.15 0 0 -5.04529
7.16 0 0 -5.04688
7.17 0 0 -5.04853
7.18 0 0 -5.05024
7.19 0 0 -5.05202
7.2 0 0 -5.05386
7.21 0 0 -5.05578
7.22 0 0 -5.05777
7.23 0 0 -5.05985
7.24 0 0 -5.06203
7.25 0 0 -5.06433
7.26 0 0 -5.06675
7.27 0 0 -5.06929
7.28 0 0 -5.07192
7.29 0 0 -5.07461
7.3 0 0 -5.07732
7.31 0 0 -5.08
7.32 0 0 -5.08262
7.33 0 0 -5.08514
7.34 0 0 -5.08754
7.35 0 0 -5.0898
7.36 0 0 -5.09192
7.37 0 0 -5.09389
7.38 0 0 -5.0957
7.39 0 0 -5.09733
7.4 0 0 -5.09874
7.41 0 0 -5.09991
7.42 0 0 -5.10079
7.43 0 0 -5.10134
7.44 0 0 -5.10152
7.45 0 0 -5.10132
7.46 0 0 -5.10071
7.47 0 0 -5.09971
7.48 0 0 -5.09831
7.49 0 0 -5.09655
7.5 0 0 -5.09444
7.51 0 0 -5.092
7.52 0 0 -5.08925
7.53 0 0 -5.08622
7.54 0 0 -5.08295
7.55 0 0 -5.07947
7.56 0 0 -5.07583
7.57 0 0 -5.07205
7.58 0 0 -5.06818
7.59 0 0 -5.06425
7.6 0 0 -5.06031
7.61 0 0 -5.05638
7.62 0 0 -5.05251
7.63 0 0 -5.04871
7.64 0 0 -5.04501
7.65 0 0 -5.04141
7.66 0 0 -5.03791
7.67 0 0 -5.03452
7.68 0 0 -5.03124
7.69 0 0 -5.02809
7.7 0 0 -5.0251
7.71 0 0 -5.02227
7.72 0 0 -5.01963
7.73 0 0 -5.01718
7.74 0 0 -5.01493
7.75 0 0 -5.01287
7.76 0 0 -5.01099
7.77 0 0 -5.00929
7.78 0 0 -5.00778
7.79 0 0 -5.00648
7.8 0 0 -5.00541
7.81 0 0 -5.0046
7.82 0 0 -5.0041
7.83 0 0 -5.00393
7.84 0 0 -5.00415
7.85 0 0 -5.00478
7.86 0 0 -5.00584
7.87 0 0 -5.00734
7.88 0 0 -5.00929
7.89 0 0 -5.01169
7.9 0 0 -5.01452
7.91 0 0 -5.01776
7.92 0 0 -5.0214
7.93 0 0 -5.02537
7.94 0 0 -5.02963
7.95 0 0 -5.03412
7.96 0 0 -5.03875
7.97 0 0 -5.04344
7.98 0 0 -5.04812
7.99 0 0 -5.0527
8 0 0 -5.05713
8.01 0 0 -5.06134
8.02 0 0 -5.06528
8.03 0 0 -5.06889
8.04 0 0 -5.07211
8.05 0 0 -5.0749
8.06 0 0 -5.07722
8.07 0 0 -5.07903
8.08 0 0 -5.08031
8.09 0 0 -5.08101
8.1 0 0 -5.08116
8.11 0 0 -5.08074
8.12 0 0 -5.07978
8.13 0 0 -5.07833
8.14 0 0 -5.07642
8.15 0 0 -5.07409
8.16 0 0 -5.07137
8.17 0 0 -5.06828
8.18 0 0 -5.06485
8.19 0 0 -5.06107
8.2 0 0 -5.05697
8.21 0 0 -5.05256
8.22 0 0 -5.04786
8.23 0 0 -5.0429
8.24 0 0 -5.03771
8.25 0 0 -5.03231
8.26 0 0 -5.02674
8.27 0 0 -5.02101
8.28 0 0 -5.01515
8.29 0 0 -5.0092
8.3 0 0 -5.00319
8.31 0 0 -4.99717
8.32 0 0 -4.9912
8.33 0 0 -4.98533
8.34 0 0 -4.97962
8.35 0 0 -4.97413
8.36 0 0 -4.96891
8.37 0 0 -4.96401
8.38 0 0 -4.95948
8.39 0 0 -4.95538
8.4 0 0 -4.95173
8.41 0 0 -4.94858
8.42 0 0 -4.94596
8.43 0 0 -4.94389
8.44 0 0 -4.9424
8.45 0 0 -4.9415
8.46 0 0 -4.94122
8.47 0 0 -4.94155
8.48 0 0 -4.94252
8.49 0 0 -4.94413
8.5 0 0 -4.94639
8.51 0 0 -4.94929
8.52 0 0 -4.95282
8.53 0 0 -4.95697
8.54 0 0 -4.9617
8.55 0 0 -4.96697
8.56 0 0 -4.97275
8.57 0 0 -4.97897
8.58 0 0 -4.98557
8.59 0 0 -4.99249
8.6 0 0 -4.99963
8.61 0 0 -5.00691
8.62 0 0 -5.01424
8.63 0 0 -5.0215
8.64 0 0 -5.02862
8.65 0 0 -5.03551
8.66 0 0 -5.0421
8.67 0 0 -5.04831
8.68 0 0 -5.05406
8.69 0 0 -5.0593
8.7 0 0 -5.06398
8.71 0 0 -5.06805
8.72 0 0 -5.07148
8.73 0 0 -5.07427
8.74 0 0 -5.07641
8.75 0 0 -5.07789
8.76 0 0 -5.07874
8.77 0 0 -5.07896
8.78 0 0 -5.07858
8.79 0 0 -5.07762
8.8 0 0 -5.07612
8.81 0 0 -5.0741
8.82 0 0 -5.07161
8.83 0 0 -5.06868
8.84 0 0 -5.06536
8.85 0 0 -5.0617
8.86 0 0 -5.05774
8.87 0 0 -5.05354
8.88 0 0 -5.04915
8.89 0 0 -5.04462
8.9 0 0 -5.04002
8.91 0 0 -5.0354
8.92 0 0 -5.03079
8.93 0 0 -5.02625
8.94 0 0 -5.0218
8.95 0 0 -5.01747
8.96 0 0 -5.0133
8.97 0 0 -5.0093
8.98 0 0 -5.0055
8.99 0 0 -5.00192
9 0 0 -4.99858
9.01 0 0 -4.99549
9.02 0 0 -4.99269
9.03 0 0 -4.99017
9.04 0 0 -4.98797
9.05 0 0 -4.98607
9.06 0 0 -4.98449
9.07 0 0 -4.98322
9.08 0 0 -4.98224
9.09 0 0 -4.98154
9.1 0 0 -4.9811
9.11 0 0 -4.98091
9.12 0 0 -4.98095
9.13 0 0 -4.9812
9.14 0 0 -4.98164
9.15 0 0 -4.98225
9.16 0 0 -4.98304
9.17 0 0 -4.98398
9.18 0 0 -4.98508
9.19 0 0 -4.98633
9.2 0 0 -4.98772
9.21 0 0 -4.98927
9.22 0 0 -4.99096
9.23 0 0 -4.99279
9.24 0 0 -4.99475
9.25 0 0 -4.99683
9.26 0 0 -4.999
9.27 0 0 -5.00125
9.28 0 0 -5.00357
9.29 0 0 -5.00594
9.3 0 0 -5.00835
9.31 0 0 -5.01077
9.32 0 0 -5.0132
9.33 0 0 -5.0156
9.34 0 0 -5.01797
9.35 0 0 -5.02029
9.36 0 0 -5.02254
9.37 0 0 -5.02471
9.38 0 0 -5.02679
9.39 0 0 -5.02876
9.4 0 0 -5.03063
9.41 0 0 -5.03238
9.42 0 0 -5.03401
9.43 0 0 -5.03551
9.44 0 0 -5.03689
9.45 0 0 -5.03814
9.46 0 0 -5.03927
9.47 0 0 -5.04027
9.48 0 0 -5.04117
9.49 0 0 -5.04198
9.5 0 0 -5.04271
9.51 0 0 -5.04338
9.52 0 0 -5.04402
9.53 0 0 -5.04466
9.54 0 0 -5.04532
9.55 0 0 -5.04603
9.56 0 0 -5.04681
9.57 0 0 -5.04767
9.58 0 0 -5.04861
9.59 0 0 -5.04964
9.6 0 0 -5.05073
9.61 0 0 -5.05189
9.62 0 0 -5.05308
9.63 0 0 -5.05429
9.64 0 0 -5.05551
9.65 0 0 -5.05672
9.66 0 0 -5.0579
9.67 0 0 -5.05905
9.68 0 0 -5.06016
9.69 0 0 -5.06121
9.7 0 0 -5.0622
9.71 0 0 -5.06312
9.72 0 0 -5.06397
9.73 0 0 -5.06474
9.74 0 0 -5.06542
9.75 0 0 -5.066
9.76 0 0 -5.06648
9.77 0 0 -5.06688
9.78 0 0 -5.06718
9.79 0 0 -5.0674
9.8 0 0 -5.06756
9.81 0 0 -5.06766
9.82 0 0 -5.06772
9.83 0 0 -5.06775
9.84 0 0 -5.06775
9.85 0 0 -5.06771
9.86 0 0 -5.06766
9.87 0 0 -5.0676
9.88 0 0 -5.06752
9.89 0 0 -5.06744
9.9 0 0 -5.06735
9.91 0 0 -5.06727
9.92 0 0 -5.06719
9.93 0 0 -5.06714
9.94 0 0 -5.06712
9.95 0 0 -5.06716
9.96 0 0 -5.06728
9.97 0 0 -5.0675
9.98 0 0 -5.06784
9.99 0 0 -5.06832
10 0 0 -5.06894
10.01 0 0 -5.06973
10.02 0 0 -5.07069
10.03 0 0 -5.07182
10.04 0 0 -5.07312
10.05 0 0 -5.07458
10.06 0 0 -5.07618
10.07 0 0 -5.07792
10.08 0 0 -5.07978
10.09 0 0 -5.08173
10.1 0 0 -5.08374
10.11 0 0 -5.08577
10.12 0 0 -5.0878
10.13 0 0 -5.08978
10.14 0 0 -5.09169
10.15 0 0 -5.0935
10.16 0 0 -5.09519
10.17 0 0 -5.09674
10.18 0 0 -5.09813
10.19 0 0 -5.09936
10.2 0 0 -5.10041
10.21 0 0 -5.10127
10.22 0 0 -5.10194
10.23 0 0 -5.10243
10.24 0 0 -5.10273
10.25 0 0 -5.10286
10.26 0 0 -5.10282
10.27 0 0 -5.10263
10.28 0 0 -5.10231
10.29 0 0 -5.10187
10.3 0 0 -5.10135
10.31 0 0 -5.10075
10.32 0 0 -5.10011
10.33 0 0 -5.09943
10.34 0 0 -5.09873
10.35 0 0 -5.09803
10.36 0 0 -5.09734
10.37 0 0 -5.09667
10.38 0 0 -5.09604
10.39 0 0 -5.09545
10.4 0 0 -5.09492
10.41 0 0 -5.09444
10.42 0 0 -5.09402
10.43 0 0 -5.09368
10.44 0 0 -5.09341
10.45 0 0 -5.0932
10.46 0 0 -5.09304
10.47 0 0 -5.09293
10.48 0 0 -5.09285
10.49 0 0 -5.09278
10.5 0 0 -5.09272
10.51 0 0 -5.09266
10.52 0 0 -5.09258
10.53 0 0 -5.09247
10.54 0 0 -5.09231
10.55 0 0 -5.09208
10.56 0 0 -5.09177
10.57 0 0 -5.09138
10.58 0 0 -5.09088
10.59 0 0 -5.09027
10.6 0 0 -5.08956
10.61 0 0 -5.08873
10.62 0 0 -5.08779
10.63 0 0 -5.08676
10.64 0 0 -5.08565
10.65 0 0 -5.08447
10.66 0 0 -5.08324
10.67 0 0 -5.08198
10.68 0 0 -5.08072
10.69 0 0 -5.07948
10.7 0 0 -5.07828
10.71 0 0 -5.07713
10.72 0 0 -5.07604
10.73 0 0 -5.07503
10.74 0 0 -5.07409
10.75 0 0 -5.07323
10.76 0 0 -5.07247
10.77 0 0 -5.07179
10.78 0 0 -5.07122
10.79 0 0 -5.07076
10.8 0 0 -5.07041
10.81 0 0 -5.07019
10.82 0 0 -5.07008
10.83 0 0 -5.07009
10.84 0 0 -5.07021
10.85 0 0 -5.07042
10.86 0 0 -5.07072
10.87 0 0 -5.0711
10.88 0 0 -5.07154
10.89 0 0 -5.07203
10.9 0 0 -5.07254
10.91 0 0 -5.07305
10.92 0 0 -5.07351
10.93 0 0 -5.07391
10.94 0 0 -5.07422
10.95 0 0 -5.07442
10.96 0 0 -5.07449
10.97 0 0 -5.07442
10.98 0 0 -5.0742
10.99 0 0 -5.07381
11 0 0 -5.07326
11.01 0 0 -5.07253
11.02 0 0 -5.07163
11.03 0 0 -5.07056
11.04 0 0 -5.06933
11.05 0 0 -5.06794
11.06 0 0 -5.0664
11.07 0 0 -5.06474
11.08 0 0 -5.06297
11.09 0 0 -5.06111
11.1 0 0 -5.05918
11.11 0 0 -5.05722
11.12 0 0 -5.05524
11.13 0 0 -5.05327
11.14 0 0 -5.05133
11.15 0 0 -5.04944
11.16 0 0 -5.04761
11.17 0 0 -5.04585
11.18 0 0 -5.04419
11.19 0 0 -5.04261
11.2 0 0 -5.04114
11.21 0 0 -5.03978
11.22 0 0 -5.03854
11.23 0 0 -5.03742
11.24 0 0 -5.03641
11.25 0 0 -5.03552
11.26 0 0 -5.03474
11.27 0 0 -5.03405
11.28 0 0 -5.03346
11.29 0 0 -5.03295
11.3 0 0 -5.03253
11.31 0 0 -5.03217
11.32 0 0 -5.03187
11.33 0 0 -5.03164
11.34 0 0 -5.03146
11.35 0 0 -5.03133
11.36 0 0 -5.03124
11.37 0 0 -5.03118
11.38 0 0 -5.03116
11.39 0 0 -5.03117
11.4 0 0 -5.03122
11.41 0 0 -5.03129
11.42 0 0 -5.03139
11.43 0 0 -5.03153
11.44 0 0 -5.0317
11.45 0 0 -5.03189
11.46 0 0 -5.03211
11.47 0 0 -5.03236
11.48 0 0 -5.03263
11.49 0 0 -5.03293
11.5 0 0 -5.03325
11.51 0 0 -5.03358
11.52 0 0 -5.03392
11.53 0 0 -5.03427
11.54 0 0 -5.03462
11.55 0 0 -5.03496
11.56 0 0 -5.03529
11.57 0 0 -5.0356
11.58 0 0 -5.03586
11.59 0 0 -5.03609
11.6 0 0 -5.03625
11.61 0 0 -5.03635
11.62 0 0 -5.03636
11.63 0 0 -5.03628
11.64 0 0 -5.0361
11.65 0 0 -5.03581
11.66 0 0 -5.03541
11.67 0 0 -5.0349
11.68 0 0 -5.03427
11.69 0 0 -5.03353
11.7 0 0 -5.03268
11.71 0 0 -5.03173
11.72 0 0 -5.03069
11.73 0 0 -5.02956
11.74 0 0 -5.02836
11.75 0 0 -5.0271
11.76 0 0 -5.02578
11.77 0 0 -5.02442
11.78 0 0 -5.02303
11.79 0 0 -5.02162
11.8 0 0 -5.02021
11.81 0 0 -5.01881
11.82 0 0 -5.01744
11.83 0 0 -5.01611
11.84 0 0 -5.01485
11.85 0 0 -5.01365
11.86 0 0 -5.01253
11.87 0 0 -5.0115
11.88 0 0 -5.01057
11.89 0 0 -5.00976
11.9 0 0 -5.00906
11.91 0 0 -5.00849
11.92 0 0 -5.00805
11.93 0 0 -5.00776
11.94 0 0 -5.00761
11.95 0 0 -5.00762
11.96 0 0 -5.00778
11.97 0 0 -5.00809
11.98 0 0 -5.00856
11.99 0 0 -5.00918
12 0 0 -5.00995
12.01 0 0 -5.01086
12.02 0 0 -5.01191
12.03 0 0 -5.01308
12.04 0 0 -5.01437
12.05 0 0 -5.01575
12.06 0 0 -5.01721
12.07 0 0 -5.01874
12.08 0 0 -5.02033
12.09 0 0 -5.02195
12.1 0 0 -5.02359
12.11 0 0 -5.02523
12.12 0 0 -5.02686
12.13 0 0 -5.02847
12.14 0 0 -5.03003
12.15 0 0 -5.03154
12.16 0 0 -5.03299
12.17 0 0 -5.03437
12.18 0 0 -5.03566
12.19 0 0 -5.03686
12.2 0 0 -5.03794
12.21 0 0 -5.03892
12.22 0 0 -5.03977
12.23 0 0 -5.04049
12.24 0 0 -5.04108
12.25 0 0 -5.04154
12.26 0 0 -5.04186
12.27 0 0 -5.04203
12.28 0 0 -5.04207
12.29 0 0 -5.04196
12.3 0 0 -5.0417
12.31 0 0 -5.0413
12.32 0 0 -5.04076
12.33 0 0 -5.04009
12.34 0 0 -5.03931
12.35 0 0 -5.0384
12.36 0 0 -5.03739
12.37 0 0 -5.03629
12.38 0 0 -5.03509
12.39 0 0 -5.03381
12.4 0 0 -5.03246
12.41 0 0 -5.03107
12.42 0 0 -5.02963
12.43 0 0 -5.02817
12.44 0 0 -5.02672
12.45 0 0 -5.02528
12.46 0 0 -5.02387
12.47 0 0 -5.02252
12.48 0 0 -5.02123
12.49 0 0 -5.02005
12.5 0 0 -5.01897
12.51 0 0 -5.01803
12.52 0 0 -5.01723
12.53 0 0 -5.01659
12.54 0 0 -5.01612
12.55 0 0 -5.01584
12.56 0 0 -5.01575
12.57 0 0 -5.01587
12.58 0 0 -5.01619
12.59 0 0 -5.01672
12.6 0 0 -5.01745
12.61 0 0 -5.01838
12.62 0 0 -5.01949
12.63 0 0 -5.02077
12.64 0 0 -5.02222
12.65 0 0 -5.02381
12.66 0 0 -5.02552
12.67 0 0 -5.02732
12.68 0 0 -5.0292
12.69 0 0 -5.03114
12.7 0 0 -5.03311
12.71 0 0 -5.0351
12.72 0 0 -5.03707
12.73 0 0 -5.03902
12.74 0 0 -5.04092
12.75 0 0 -5.04274
12.76 0 0 -5.04448
12.77 0 0 -5.04612
12.78 0 0 -5.04765
12.79 0 0 -5.04904
12.8 0 0 -5.0503
12.81 0 0 -5.0514
12.82 0 0 -5.05234
12.83 0 0 -5.05312
12.84 0 0 -5.05373
12.85 0 0 -5.05417
12.86 0 0 -5.05447
12.87 0 0 -5.05461
12.88 0 0 -5.05463
12.89 0 0 -5.05452
12.9 0 0 -5.0543
12.91 0 0 -5.054
12.92 0 0 -5.05361
12.93 0 0 -5.05316
12.94 0 0 -5.05266
12.95 0 0 -5.05211
12.96 0 0 -5.05154
12.97 0 0 -5.05096
12.98 0 0 -5.05038
12.99 0 0 -5.04981
13 0 0 -5.04927
13.01 0 0 -5.04876
13.02 0 0 -5.04831
13.03 0 0 -5.0479
13.04 0 0 -5.04756
13.05 0 0 -5.04728
13.06 0 0 -5.04707
13.07 0 0 -5.04692
13.08 0 0 -5.04682
13.09 0 0 -5.04679
13.1 0 0 -5.04681
13.11 0 0 -5.04688
13.12 0 0 -5.047
13.13 0 0 -5.04716
13.14 0 0 -5.04737
13.15 0 0 -5.04761
13.16 0 0 -5.04789
13.17 0 0 -5.0482
13.18 0 0 -5.04853
13.19 0 0 -5.04888
13.2 0 0 -5.04924
13.21 0 0 -5.04962
13.22 0 0 -5.05001
13.23 0 0 -5.05042
13.24 0 0 -5.05085
13.25 0 0 -5.05128
13.26 0 0 -5.05171
13.27 0 0 -5.05213
13.28 0 0 -5.05255
13.29 0 0 -5.05296
13.3 0 0 -5.05337
13.31 0 0 -5.05376
13.32 0 0 -5.05415
13.33 0 0 -5.05453
13.34 0 0 -5.0549
13.35 0 0 -5.05526
13.36 0 0 -5.05561
13.37 0 0 -5.05595
13.38 0 0 -5.05628
13.39 0 0 -5.0566
13.4 0 0 -5.05691
13.41 0 0 -5.0572
13.42 0 0 -5.05749
13.43 0 0 -5.05778
13.44 0 0 -5.05806
13.45 0 0 -5.05834
13.46 0 0 -5.05862
13.47 0 0 -5.0589
13.48 0 0 -5.05919
13.49 0 0 -5.05948
13.5 0 0 -5.05977
13.51 0 0 -5.06005
13.52 0 0 -5.06034
13.53 0 0 -5.06062
13.54 0 0 -5.06089
13.55 0 0 -5.06116
13.56 0 0 -5.06142
13.57 0 0 -5.06166
13.58 0 0 -5.06188
13.59 0 0 -5.06205
13.6 0 0 -5.06218
13.61 0 0 -5.06226
13.62 0 0 -5.06227
13.63 0 0 -5.06221
13.64 0 0 -5.06209
13.65 0 0 -5.06189
13.66 0 0 -5.06162
13.67 0 0 -5.06129
13.68 0 0 -5.06089
13.69 0 0 -5.06045
13.7 0 0 -5.05997
13.71 0 0 -5.05946
13.72 0 0 -5.05894
13.73 0 0 -5.0584
13.74 0 0 -5.05788
13.75 0 0 -5.05736
13.76 0 0 -5.05687
13.77 0 0 -5.05642
13.78 0 0 -5.05601
13.79 0 0 -5.05565
13.8 0 0 -5.05536
13.81 0 0 -5.05515
13.82 0 0 -5.05501
13.83 0 0 -5.05495
13.84 0 0 -5.05497
13.85 0 0 -5.05507
13.86 0 0 -5.05526
13.87 0 0 -5.05552
13.88 0 0 -5.05586
13.89 0 0 -5.05628
13.9 0 0 -5.05677
13.91 0 0 -5.05733
13.92 0 0 -5.05796
13.93 0 0 -5.05863
13.94 0 0 -5.05933
13.95 0 0 -5.06005
13.96 0 0 -5.06078
13.97 0 0 -5.0615
13.98 0 0 -5.0622
13.99 0 0 -5.06288
14 0 0 -5.06351
14.01 0 0 -5.0641
14.02 0 0 -5.06462
14.03 0 0 -5.06507
14.04 0 0 -5.06545
14.05 0 0 -5.06574
14.06 0 0 -5.06595
14.07 0 0 -5.06608
14.08 0 0 -5.06613
14.09 0 0 -5.06611
14.1 0 0 -5.06601
14.11 0 0 -5.06585
14.12 0 0 -5.06561
14.13 0 0 -5.06531
14.14 0 0 -5.06495
14.15 0 0 -5.06452
14.16 0 0 -5.06403
14.17 0 0 -5.06349
14.18 0 0 -5.06289
14.19 0 0 -5.06225
14.2 0 0 -5.06156
14.21 0 0 -5.06083
14.22 0 0 -5.06007
14.23 0 0 -5.05927
14.24 0 0 -5.05845
14.25 0 0 -5.05759
14.26 0 0 -5.05669
14.27 0 0 -5.05577
14.28 0 0 -5.05481
14.29 0 0 -5.05381
14.3 0 0 -5.05277
14.31 0 0 -5.05171
14.32 0 0 -5.0506
14.33 0 0 -5.04946
14.34 0 0 -5.04829
14.35 0 0 -5.04709
14.36 0 0 -5.04586
14.37 0 0 -5.04461
14.38 0 0 -5.04333
14.39 0 0 -5.04205
14.4 0 0 -5.04076
14.41 0 0 -5.03948
14.42 0 0 -5.03821
14.43 0 0 -5.03698
14.44 0 0 -5.03579
14.45 0 0 -5.03465
14.46 0 0 -5.03358
14.47 0 0 -5.03258
14.48 0 0 -5.03167
14.49 0 0 -5.03086
14.5 0 0 -5.03017
14.51 0 0 -5.02961
14.52 0 0 -5.02919
14.53 0 0 -5.02892
14.54 0 0 -5.02882
14.55 0 0 -5.02888
14.56 0 0 -5.02911
14.57 0 0 -5.02951
14.58 0 0 -5.03009
14.59 0 0 -5.03084
14.6 0 0 -5.03176
14.61 0 0 -5.03283
14.62 0 0 -5.03406
14.63 0 0 -5.03542
14.64 0 0 -5.0369
14.65 0 0 -5.03849
14.66 0 0 -5.04017
14.67 0 0 -5.04192
14.68 0 0 -5.04372
14.69 0 0 -5.04554
14.7 0 0 -5.04737
14.71 0 0 -5.0492
14.72 0 0 -5.05098
14.73 0 0 -5.05272
14.74 0 0 -5.05439
14.75 0 0 -5.05597
14.76 0 0 -5.05745
14.77 0 0 -5.05881
14.78 0 0 -5.06004
14.79 0 0 -5.06114
14.8 0 0 -5.06209
14.81 0 0 -5.0629
14.82 0 0 -5.06355
14.83 0 0 -5.06404
14.84 0 0 -5.06438
14.85 0 0 -5.06455
14.86 0 0 -5.06457
14.87 0 0 -5.06443
14.88 0 0 -5.06415
14.89 0 0 -5.06373
14.9 0 0 -5.06318
14.91 0 0 -5.06249
14.92 0 0 -5.06169
14.93 0 0 -5.06077
14.94 0 0 -5.05974
14.95 0 0 -5.05862
14.96 0 0 -5.05742
14.97 0 0 -5.05615
14.98 0 0 -5.05482
14.99 0 0 -5.05344
15 0 0 -5.05202
15.01 0 0 -5.05057
15.02 0 0 -5.04908
15.03 0 0 -5.04757
15.04 0 0 -5.04606
15.05 0 0 -5.04454
15.06 0 0 -5.04304
15.07 0 0 -5.04156
15.08 0 0 -5.04013
15.09 0 0 -5.03876
15.1 0 0 -5.03746
15.11 0 0 -5.03626
15.12 0 0 -5.03516
15.13 0 0 -5.03418
15.14 0 0 -5.03335
15.15 0 0 -5.03267
15.16 0 0 -5.03215
15.17 0 0 -5.03182
15.18 0 0 -5.03168
15.19 0 0 -5.03174
15.2 0 0 -5.03199
15.21 0 0 -5.03244
15.22 0 0 -5.03309
15.23 0 0 -5.03392
15.24 0 0 -5.03493
15.25 0 0 -5.03612
15.26 0 0 -5.03746
15.27 0 0 -5.03896
15.28 0 0 -5.04058
15.29 0 0 -5.04232
15.3 0 0 -5.04414
15.31 0 0 -5.04602
15.32 0 0 -5.04795
15.33 0 0 -5.04988
15.34 0 0 -5.0518
15.35 0 0 -5.05369
15.36 0 0 -5.05551
15.37 0 0 -5.05724
15.38 0 0 -5.05885
15.39 0 0 -5.06034
15.4 0 0 -5.06168
15.41 0 0 -5.06285
15.42 0 0 -5.06385
15.43 0 0 -5.06466
15.44 0 0 -5.06528
15.45 0 0 -5.06571
15.46 0 0 -5.06594
15.47 0 0 -5.06598
15.48 0 0 -5.06583
15.49 0 0 -5.0655
15.5 0 0 -5.06499
15.51 0 0 -5.06432
15.52 0 0 -5.06349
15.53 0 0 -5.06253
15.54 0 0 -5.06145
15.55 0 0 -5.06027
15.56 0 0 -5.05901
15.57 0 0 -5.0577
15.58 0 0 -5.05633
15.59 0 0 -5.05495
15.6 0 0 -5.05356
15.61 0 0 -5.05217
15.62 0 0 -5.05082
15.63 0 0 -5.0495
15.64 0 0 -5.04824
15.65 0 0 -5.04705
15.66 0 0 -5.04595
15.67 0 0 -5.04495
15.68 0 0 -5.04406
15.69 0 0 -5.0433
15.7 0 0 -5.04267
15.71 0 0 -5.04218
15.72 0 0 -5.04185
15.73 0 0 -5.04166
15.74 0 0 -5.04162
15.75 0 0 -5.04175
15.76 0 0 -5.04202
15.77 0 0 -5.04246
15.78 0 0 -5.04304
15.79 0 0 -5.04376
15.8 0 0 -5.04462
15.81 0 0 -5.04561
15.82 0 0 -5.04672
15.83 0 0 -5.04795
15.84 0 0 -5.04926
15.85 0 0 -5.05066
15.86 0 0 -5.05212
15.87 0 0 -5.05362
15.88 0 0 -5.05515
15.89 0 0 -5.05668
15.9 0 0 -5.05819
15.91 0 0 -5.05966
15.92 0 0 -5.06108
15.93 0 0 -5.06243
15.94 0 0 -5.0637
15.95 0 0 -5.06487
15.96 0 0 -5.06594
15.97 0 0 -5.06689
15.98 0 0 -5.06772
15.99 0 0 -5.0684
16 0 0 -5.06895
16.01 0 0 -5.06934
16.02 0 0 -5.06959
16.03 0 0 -5.0697
16.04 0 0 -5.06965
16.05 0 0 -5.06947
16.06 0 0 -5.06915
16.07 0 0 -5.06869
16.08 0 0 -5.06809
16.09 0 0 -5.06736
16.1 0 0 -5.06651
16.11 0 0 -5.06553
16.12 0 0 -5.06444
16.13 0 0 -5.06324
16.14 0 0 -5.06194
16.15 0 0 -5.06057
16.16 0 0 -5.05912
16.17 0 0 -5.05763
16.18 0 0 -5.0561
16.19 0 0 -5.05454
16.2 0 0 -5.05298
16.21 0 0 -5.05143
16.22 0 0 -5.0499
16.23 0 0 -5.04841
16.24 0 0 -5.04698
16.25 0 0 -5.04562
16.26 0 0 -5.04434
16.27 0 0 -5.04316
16.28 0 0 -5.04208
16.29 0 0 -5.04111
16.3 0 0 -5.04026
16.31 0 0 -5.03953
16.32 0 0 -5.03894
16.33 0 0 -5.03847
16.34 0 0 -5.03814
16.35 0 0 -5.03793
16.36 0 0 -5.03784
16.37 0 0 -5.03787
16.38 0 0 -5.03801
16.39 0 0 -5.03826
16.4 0 0 -5.03861
16.41 0 0 -5.03904
16.42 0 0 -5.03956
16.43 0 0 -5.04015
16.44 0 0 -5.04079
16.45 0 0 -5.04148
16.46 0 0 -5.04221
16.47 0 0 -5.04296
16.48 0 0 -5.04373
16.49 0 0 -5.0445
16.5 0 0 -5.04527
16.51 0 0 -5.04604
16.52 0 0 -5.04678
16.53 0 0 -5.04751
16.54 0 0 -5.04821
16.55 0 0 -5.04889
16.56 0 0 -5.04952
16.57 0 0 -5.05011
16.58 0 0 -5.05066
16.59 0 0 -5.05115
16.6 0 0 -5.05158
16.61 0 0 -5.05196
16.62 0 0 -5.05226
16.63 0 0 -5.0525
16.64 0 0 -5.05266
16.65 0 0 -5.05274
16.66 0 0 -5.05275
16.67 0 0 -5.05269
16.68 0 0 -5.05255
16.69 0 0 -5.05233
16.7 0 0 -5.05204
16.71 0 0 -5.05168
16.72 0 0 -5.05125
16.73 0 0 -5.05074
16.74 0 0 -5.05017
16.75 0 0 -5.04955
16.76 0 0 -5.04887
16.77 0 0 -5.04814
16.78 0 0 -5.04737
16.79 0 0 -5.04657
16.8 0 0 -5.04572
16.81 0 0 -5.04486
16.82 0 0 -5.04397
16.83 0 0 -5.04308
16.84 0 0 -5.04218
16.85 0 0 -5.04128
16.86 0 0 -5.0404
16.87 0 0 -5.03954
16.88 0 0 -5.0387
16.89 0 0 -5.0379
16.9 0 0 -5.03713
16.91 0 0 -5.03641
16.92 0 0 -5.03573
16.93 0 0 -5.03511
16.94 0 0 -5.03455
16.95 0 0 -5.03405
16.96 0 0 -5.03361
16.97 0 0 -5.03324
16.98 0 0 -5.03295
16.99 0 0 -5.03273
17 0 0 -5.03259
17.01 0 0 -5.03252
17.02 0 0 -5.03252
17.03 0 0 -5.03259
17.04 0 0 -5.03272
17.05 0 0 -5.03292
17.06 0 0 -5.03317
17.07 0 0 -5.03346
17.08 0 0 -5.03379
17.09 0 0 -5.03414
17.1 0 0 -5.03451
17.11 0 0 -5.03489
17.12 0 0 -5.03526
17.13 0 0 -5.03563
17.14 0 0 -5.03598
17.15 0 0 -5.03632
17.16 0 0 -5.03663
17.17 0 0 -5.03694
17.18 0 0 -5.03722
17.19 0 0 -5.03749
17.2 0 0 -5.03775
17.21 0 0 -5.03799
17.22 0 0 -5.03822
17.23 0 0 -5.03843
17.24 0 0 -5.03863
17.25 0 0 -5.03881
17.26 0 0 -5.03897
17.27 0 0 -5.03912
17.28 0 0 -5.03923
17.29 0 0 -5.03933
17.3 0 0 -5.03939
17.31 0 0 -5.03942
17.32 0 0 -5.03941
17.33 0 0 -5.03935
17.34 0 0 -5.03923
17.35 0 0 -5.03906
17.36 0 0 -5.03883
17.37 0 0 -5.03854
17.38 0 0 -5.03818
17.39 0 0 -5.03774
17.4 0 0 -5.03724
17.41 0 0 -5.03666
17.42 0 0 -5.03602
17.43 0 0 -5.03532
17.44 0 0 -5.03456
17.45 0 0 -5.03376
17.46 0 0 -5.03293
17.47 0 0 -5.03207
17.48 0 0 -5.03121
17.49 0 0 -5.03035
17.5 0 0 -5.02951
17.51 0 0 -5.02871
17.52 0 0 -5.02797
17.53 0 0 -5.02729
17.54 0 0 -5.02669
17.55 0 0 -5.0262
17.56 0 0 -5.02582
17.57 0 0 -5.02557
17.58 0 0 -5.02546
17.59 0 0 -5.0255
17.6 0 0 -5.0257
17.61 0 0 -5.02607
17.62 0 0 -5.02661
17.63 0 0 -5.02732
17.64 0 0 -5.02819
17.65 0 0 -5.02922
17.66 0 0 -5.03041
17.67 0 0 -5.03175
17.68 0 0 -5.03321
17.69 0 0 -5.03479
17.7 0 0 -5.03647
17.71 0 0 -5.03822
17.72 0 0 -5.04002
17.73 0 0 -5.04185
17.74 0 0 -5.04368
17.75 0 0 -5.0455
17.76 0 0 -5.04728
17.77 0 0 -5.04901
17.78 0 0 -5.05066
17.79 0 0 -5.05221
17.8 0 0 -5.05365
17.81 0 0 -5.05496
17.82 0 0 -5.05612
17.83 0 0 -5.05711
17.84 0 0 -5.05794
17.85 0 0 -5.0586
17.86 0 0 -5.05907
17.87 0 0 -5.05938
17.88 0 0 -5.05951
17.89 0 0 -5.05948
17.9 0 0 -5.0593
17.91 0 0 -5.05898
17.92 0 0 -5.05854
17.93 0 0 -5.058
17.94 0 0 -5.05738
17.95 0 0 -5.05667
17.96 0 0 -5.05592
17.97 0 0 -5.05511
17.98 0 0 -5.05428
17.99 0 0 -5.05344
18 0 0 -5.0526
18.01 0 0 -5.05176
18.02 0 0 -5.05095
18.03 0 0 -5.05018
18.04 0 0 -5.04945
18.05 0 0 -5.04877
18.06 0 0 -5.04814
18.07 0 0 -5.04758
18.08 0 0 -5.04707
18.09 0 0 -5.04661
18.1 0 0 -5.04621
18.11 0 0 -5.04586
18.12 0 0 -5.04556
18.13 0 0 -5.0453
18.14 0 0 -5.04508
18.15 0 0 -5.0449
18.16 0 0 -5.04475
18.17 0 0 -5.04464
18.18 0 0 -5.04457
18.19 0 0 -5.04452
18.2 0 0 -5.04451
18.21 0 0 -5.04454
18.22 0 0 -5.04461
18.23 0 0 -5.04471
18.24 0 0 -5.04485
18.25 0 0 -5.04504
18.26 0 0 -5.04527
18.27 0 0 -5.04554
18.28 0 0 -5.04586
18.29 0 0 -5.04622
18.3 0 0 -5.04663
18.31 0 0 -5.04708
18.32 0 0 -5.04757
18.33 0 0 -5.04811
18.34 0 0 -5.04867
18.35 0 0 -5.04927
18.36 0 0 -5.04988
18.37 0 0 -5.05052
18.38 0 0 -5.05116
18.39 0 0 -5.0518
18.4 0 0 -5.05244
18.41 0 0 -5.05307
18.42 0 0 -5.05367
18.43 0 0 -5.05424
18.44 0 0 -5.05477
18.45 0 0 -5.05526
18.46 0 0 -5.05569
18.47 0 0 -5.05608
18.48 0 0 -5.05642
18.49 0 0 -5.05671
18.5 0 0 -5.05694
18.51 0 0 -5.05713
18.52 0 0 -5.05727
18.53 0 0 -5.05736
18.54 0 0 -5.05742
18.55 0 0 -5.05743
18.56 0 0 -5.05743
18.57 0 0 -5.05739
18.58 0 0 -5.05734
18.59 0 0 -5.05727
18.6 0 0 -5.05719
18.61 0 0 -5.05711
18.62 0 0 -5.05701
18.63 0 0 -5.0569
18.64 0 0 -5.05678
18.65 0 0 -5.05664
18.66 0 0 -5.05647
18.67 0 0 -5.05629
18.68 0 0 -5.05608
18.69 0 0 -5.05585
18.7 0 0 -5.0556
18.71 0 0 -5.05534
18.72 0 0 -5.05506
18.73 0 0 -5.05477
18.74 0 0 -5.05446
18.75 0 0 -5.05413
18.76 0 0 -5.05379
18.77 0 0 -5.05344
18.78 0 0 -5.05309
18.79 0 0 -5.05275
18.8 0 0 -5.05242
18.81 0 0 -5.05211
18.82 0 0 -5.05183
18.83 0 0 -5.05158
18.84 0 0 -5.05136
18.85 0 0 -5.05119
18.86 0 0 -5.05106
18.87 0 0 -5.05097
18.88 0 0 -5.05092
18.89 0 0 -5.05091
18.9 0 0 -5.05094
18.91 0 0 -5.051
18.92 0 0 -5.05111
18.93 0 0 -5.05124
18.94 0 0 -5.05141
18.95 0 0 -5.05161
18.96 0 0 -5.05184
18.97 0 0 -5.0521
18.98 0 0 -5.05239
18.99 0 0 -5.05271
19 0 0 -5.05305
19.01 0 0 -5.05342
19.02 0 0 -5.05381
19.03 0 0 -5.05422
19.04 0 0 -5.05464
19.05 0 0 -5.05507
19.06 0 0 -5.0555
19.07 0 0 -5.05593
19.08 0 0 -5.05635
19.09 0 0 -5.05678
19.1 0 0 -5.05719
19.11 0 0 -5.05759
19.12 0 0 -5.05797
19.13 0 0 -5.05834
19.14 0 0 -5.05867
19.15 0 0 -5.05897
19.16 0 0 -5.05923
19.17 0 0 -5.05945
19.18 0 0 -5.05962
19.19 0 0 -5.05975
19.2 0 0 -5.05982
19.21 0 0 -5.05984
19.22 0 0 -5.0598
19.23 0 0 -5.05972
19.24 0 0 -5.05958
19.25 0 0 -5.05939
19.26 0 0 -5.05914
19.27 0 0 -5.05884
19.28 0 0 -5.0585
19.29 0 0 -5.0581
19.3 0 0 -5.05765
19.31 0 0 -5.05717
19.32 0 0 -5.05665
19.33 0 0 -5.05609
19.34 0 0 -5.05551
19.35 0 0 -5.05492
19.36 0 0 -5.05431
19.37 0 0 -5.0537
19.38 0 0 -5.05309
19.39 0 0 -5.0525
19.4 0 0 -5.05192
19.41 0 0 -5.05137
19.42 0 0 -5.05085
19.43 0 0 -5.05037
19.44 0 0 -5.04994
19.45 0 0 -5.04956
19.46 0 0 -5.04924
19.47 0 0 -5.04898
19.48 0 0 -5.0488
19.49 0 0 -5.04867
19.5 0 0 -5.04862
19.51 0 0 -5.04862
19.52 0 0 -5.04867
19.53 0 0 -5.04878
19.54 0 0 -5.04894
19.55 0 0 -5.04914
19.56 0 0 -5.04939
19.57 0 0 -5.04968
19.58 0 0 -5.05
19.59 0 0 -5.05035
19.6 0 0 -5.05073
19.61 0 0 -5.05111
19.62 0 0 -5.05151
19.63 0 0 -5.0519
19.64 0 0 -5.05228
19.65 0 0 -5.05264
19.66 0 0 -5.05297
19.67 0 0 -5.05327
19.68 0 0 -5.05352
19.69 0 0 -5.05373
19.7 0 0 -5.05389
19.71 0 0 -5.05399
19.72 0 0 -5.05403
19.73 0 0 -5.05401
19.74 0 0 -5.05394
19.75 0 0 -5.05381
19.76 0 0 -5.05362
19.77 0 0 -5.05337
19.78 0 0 -5.05308
19.79 0 0 -5.05274
19.8 0 0 -5.05235
19.81 0 0 -5.05193
19.82 0 0 -5.05148
19.83 0 0 -5.05099
19.84 0 0 -5.05049
19.85 0 0 -5.04996
19.86 0 0 -5.04942
19.87 0 0 -5.04886
19.88 0 0 -5.0483
19.89 0 0 -5.04775
19.9 0 0 -5.04719
19.91 0 0 -5.04664
19.92 0 0 -5.04611
19.93 0 0 -5.04559
19.94 0 0 -5.0451
19.95 0 0 -5.04463
19.96 0 0 -5.0442
19.97 0 0 -5.0438
19.98 0 0 -5.04343
19.99 0 0 -5.04311
20 0 0 -5.04283
20.01 0 0 -5.04258
20.02 0 0 -5.04238
20.03 0 0 -5.04223
20.04 0 0 -5.04211
20.05 0 0 -5.04204
20.06 0 0 -5.04202
20.07 0 0 -5.04204
20.08 0 0 -5.0421
20.09 0 0 -5.0422
20.1 0 0 -5.04235
20.11 0 0 -5.04254
20.12 0 0 -5.04277
20.13 0 0 -5.04303
20.14 0 0 -5.04332
20.15 0 0 -5.04364
20.16 0 0 -5.04397
20.17 0 0 -5.04432
20.18 0 0 -5.04468
20.19 0 0 -5.04504
20.2 0 0 -5.0454
20.21 0 0 -5.04575
20.22 0 0 -5.04609
20.23 0 0 -5.04641
20.24 0 0 -5.04672
20.25 0 0 -5.04701
20.26 0 0 -5.04727
20.27 0 0 -5.04751
20.28 0 0 -5.04773
20.29 0 0 -5.04791
20.3 0 0 -5.04806
20.31 0 0 -5.04817
20.32 0 0 -5.04825
20.33 0 0 -5.04829
20.34 0 0 -5.0483
20.35 0 0 -5.04826
20.36 0 0 -5.04819
20.37 0 0 -5.04809
20.38 0 0 -5.04795
20.39 0 0 -5.04777
20.4 0 0 -5.04756
20.41 0 0 -5.04732
20.42 0 0 -5.04705
20.43 0 0 -5.04675
20.44 0 0 -5.04643
20.45 0 0 -5.04609
20.46 0 0 -5.04573
20.47 0 0 -5.04535
20.48 0 0 -5.04496
20.49 0 0 -5.04457
20.5 0 0 -5.04417
20.51 0 0 -5.04376
20.52 0 0 -5.04336
20.53 0 0 -5.04297
20.54 0 0 -5.04259
20.55 0 0 -5.04222
20.56 0 0 -5.04188
20.57 0 0 -5.04156
20.58 0 0 -5.04126
20.59 0 0 -5.04099
20.6 0 0 -5.04075
20.61 0 0 -5.04054
20.62 0 0 -5.04036
20.63 0 0 -5.04021
20.64 0 0 -5.04008
20.65 0 0 -5.03997
20.66 0 0 -5.03989
20.67 0 0 -5.03983
20.68 0 0 -5.03978
20.69 0 0 -5.03974
20.7 0 0 -5.03971
20.71 0 0 -5.0397
20.72 0 0 -5.03969
20.73 0 0 -5.03968
20.74 0 0 -5.03969
20.75 0 0 -5.0397
20.76 0 0 -5.03973
20.77 0 0 -5.03976
20.78 0 0 -5.03981
20.79 0 0 -5.03987
20.8 0 0 -5.03996
20.81 0 0 -5.04006
20.82 0 0 -5.04019
20.83 0 0 -5.04033
20.84 0 0 -5.0405
20.85 0 0 -5.0407
20.86 0 0 -5.04091
20.87 0 0 -5.04115
20.88 0 0 -5.04142
20.89 0 0 -5.0417
20.9 0 0 -5.04199
20.91 0 0 -5.0423
20.92 0 0 -5.04261
20.93 0 0 -5.04293
20.94 0 0 -5.04323
20.95 0 0 -5.04353
20.96 0 0 -5.04381
20.97 0 0 -5.04407
20.98 0 0 -5.04431
20.99 0 0 -5.04452
21 0 0 -5.0447
21.01 0 0 -5.04484
21.02 0 0 -5.04494
21.03 0 0 -5.04501
21.04 0 0 -5.04503
21.05 0 0 -5.04502
21.06 0 0 -5.04496
21.07 0 0 -5.04487
21.08 0 0 -5.04474
21.09 0 0 -5.04458
21.1 0 0 -5.04439
21.11 0 0 -5.04418
21.12 0 0 -5.04394
21.13 0 0 -5.04368
21.14 0 0 -5.04342
21.15 0 0 -5.04314
21.16 0 0 -5.04287
21.17 0 0 -5.0426
21.18 0 0 -5.04233
21.19 0 0 -5.04208
21.2 0 0 -5.04183
21.21 0 0 -5.04161
21.22 0 0 -5.0414
21.23 0 0 -5.04121
21.24 0 0 -5.04105
21.25 0 0 -5.04091
21.26 0 0 -5.0408
21.27 0 0 -5.04071
21.28 0 0 -5.04064
21.29 0 0 -5.0406
21.3 0 0 -5.04058
21.31 0 0 -5.04058
21.32 0 0 -5.0406
21.33 0 0 -5.04064
21.34 0 0 -5.04071
21.35 0 0 -5.0408
21.36 0 0 -5.04091
21.37 0 0 -5.04104
21.38 0 0 -5.04119
21.39 0 0 -5.04136
21.4 0 0 -5.04154
21.41 0 0 -5.04175
21.42 0 0 -5.04196
21.43 0 0 -5.04219
21.44 0 0 -5.04243
21.45 0 0 -5.04267
21.46 0 0 -5.04292
21.47 0 0 -5.04318
21.48 0 0 -5.04344
21.49 0 0 -5.0437
21.5 0 0 -5.04396
21.51 0 0 -5.04422
21.52 0 0 -5.04448
21.53 0 0 -5.04472
21.54 0 0 -5.04495
21.55 0 0 -5.04517
21.56 0 0 -5.04537
21.57 0 0 -5.04555
21.58 0 0 -5.04571
21.59 0 0 -5.04585
21.6 0 0 -5.04596
21.61 0 0 -5.04605
21.62 0 0 -5.04612
21.63 0 0 -5.04615
21.64 0 0 -5.04617
21.65 0 0 -5.04616
21.66 0 0 -5.04613
21.67 0 0 -5.04608
21.68 0 0 -5.04602
21.69 0 0 -5.04595
21.7 0 0 -5.04586
21.71 0 0 -5.04578
21.72 0 0 -5.0457
21.73 0 0 -5.04562
21.74 0 0 -5.04556
21.75 0 0 -5.04552
21.76 0 0 -5.04549
21.77 0 0 -5.04549
21.78 0 0 -5.04551
21.79 0 0 -5.04556
21.8 0 0 -5.04564
21.81 0 0 -5.04575
21.82 0 0 -5.04589
21.83 0 0 -5.04605
21.84 0 0 -5.04625
21.85 0 0 -5.04647
21.86 0 0 -5.04671
21.87 0 0 -5.04698
21.88 0 0 -5.04727
21.89 0 0 -5.04757
21.9 0 0 -5.04789
21.91 0 0 -5.04822
21.92 0 0 -5.04855
21.93 0 0 -5.04889
21.94 0 0 -5.04923
21.95 0 0 -5.04957
21.96 0 0 -5.0499
21.97 0 0 -5.05022
21.98 0 0 -5.05053
21.99 0 0 -5.05084
22 0 0 -5.05113
22.01 0 0 -5.05142
22.02 0 0 -5.05171
22.03 0 0 -5.05199
22.04 0 0 -5.05226
22.05 0 0 -5.05252
22.06 0 0 -5.05278
22.07 0 0 -5.05303
22.08 0 0 -5.05326
22.09 0 0 -5.05348
22.1 0 0 -5.05369
22.11 0 0 -5.05387
22.12 0 0 -5.05404
22.13 0 0 -5.05419
22.14 0 0 -5.05431
22.15 0 0 -5.05442
22.16 0 0 -5.0545
22.17 0 0 -5.05455
22.18 0 0 -5.05458
22.19 0 0 -5.05459
22.2 0 0 -5.05458
22.21 0 0 -5.05454
22.22 0 0 -5.05449
22.23 0 0 -5.05442
22.24 0 0 -5.05433
22.25 0 0 -5.05423
22.26 0 0 -5.05413
22.27 0 0 -5.05402
22.28 0 0 -5.05391
22.29 0 0 -5.0538
22.3 0 0 -5.0537
22.31 0 0 -5.0536
22.32 0 0 -5.05351
22.33 0 0 -5.05342
22.34 0 0 -5.05334
22.35 0 0 -5.05327
22.36 0 0 -5.05321
22.37 0 0 -5.05316
22.38 0 0 -5.05312
22.39 0 0 -5.05308
22.4 0 0 -5.05306
22.41 0 0 -5.05305
22.42 0 0 -5.05304
22.43 0 0 -5.05305
22.44 0 0 -5.05307
22.45 0 0 -5.05309
22.46 0 0 -5.05313
22.47 0 0 -5.05317
22.48 0 0 -5.05323
22.49 0 0 -5.05329
22.5 0 0 -5.05337
22.51 0 0 -5.05345
22.52 0 0 -5.05355
22.53 0 0 -5.05365
22.54 0 0 -5.05376
22.55 0 0 -5.05388
22.56 0 0 -5.05401
22.57 0 0 -5.05413
22.58 0 0 -5.05425
22.59 0 0 -5.05438
22.6 0 0 -5.05449
22.61 0 0 -5.0546
22.62 0 0 -5.0547
22.63 0 0 -5.05479
22.64 0 0 -5.05488
22.65 0 0 -5.05495
22.66 0 0 -5.05501
22.67 0 0 -5.05507
22.68 0 0 -5.05512
22.69 0 0 -5.05516
22.7 0 0 -5.05519
22.71 0 0 -5.0552
22.72 0 0 -5.05521
22.73 0 0 -5.05521
22.74 0 0 -5.05519
22.75 0 0 -5.05516
22.76 0 0 -5.05512
22.77 0 0 -5.05507
22.78 0 0 -5.05501
22.79 0 0 -5.05493
22.8 0 0 -5.05483
22.81 0 0 -5.05472
22.82 0 0 -5.0546
22.83 0 0 -5.05447
22.84 0 0 -5.05432
22.85 0 0 -5.05417
22.86 0 0 -5.05401
22.87 0 0 -5.05385
22.88 0 0 -5.05369
22.89 0 0 -5.05353
22.9 0 0 -5.05338
22.91 0 0 -5.05324
22.92 0 0 -5.05313
22.93 0 0 -5.05303
22.94 0 0 -5.05295
22.95 0 0 -5.0529
22.96 0 0 -5.05287
22.97 0 0 -5.05287
22.98 0 0 -5.0529
22.99 0 0 -5.05295
23 0 0 -5.05302
23.01 0 0 -5.05312
23.02 0 0 -5.05324
23.03 0 0 -5.05338
23.04 0 0 -5.05354
23.05 0 0 -5.05371
23.06 0 0 -5.05389
23.07 0 0 -5.05407
23.08 0 0 -5.05425
23.09 0 0 -5.05442
23.1 0 0 -5.05457
23.11 0 0 -5.0547
23.12 0 0 -5.0548
23.13 0 0 -5.05488
23.14 0 0 -5.05491
23.15 0 0 -5.05491
23.16 0 0 -5.05487
23.17 0 0 -5.05479
23.18 0 0 -5.05465
23.19 0 0 -5.05448
23.2 0 0 -5.05425
23.21 0 0 -5.05398
23.22 0 0 -5.05366
23.23 0 0 -5.0533
23.24 0 0 -5.0529
23.25 0 0 -5.05246
23.26 0 0 -5.052
23.27 0 0 -5.05151
23.28 0 0 -5.051
23.29 0 0 -5.05047
23.3 0 0 -5.04994
23.31 0 0 -5.04941
23.32 0 0 -5.04887
23.33 0 0 -5.04835
23.34 0 0 -5.04784
23.35 0 0 -5.04735
23.36 0 0 -5.04688
23.37 0 0 -5.04643
23.38 0 0 -5.04601
23.39 0 0 -5.04562
23.4 0 0 -5.04526
23.41 0 0 -5.04493
23.42 0 0 -5.04463
23.43 0 0 -5.04435
23.44 0 0 -5.04411
23.45 0 0 -5.04389
23.46 0 0 -5.04369
23.47 0 0 -5.04353
23.48 0 0 -5.04339
23.49 0 0 -5.04328
23.5 0 0 -5.04319
23.51 0 0 -5.04314
23.52 0 0 -5.04311
23.53 0 0 -5.0431
23.54 0 0 -5.04312
23.55 0 0 -5.04316
23.56 0 0 -5.04322
23.57 0 0 -5.04329
23.58 0 0 -5.04339
23.59 0 0 -5.0435
23.6 0 0 -5.04363
23.61 0 0 -5.04377
23.62 0 0 -5.04392
23.63 0 0 -5.04409
23.64 0 0 -5.04425
23.65 0 0 -5.04443
23.66 0 0 -5.0446
23.67 0 0 -5.04478
23.68 0 0 -5.04494
23.69 0 0 -5.0451
23.7 0 0 -5.04525
23.71 0 0 -5.04538
23.72 0 0 -5.04549
23.73 0 0 -5.04558
23.74 0 0 -5.04565
23.75 0 0 -5.0457
23.76 0 0 -5.04573
23.77 0 0 -5.04573
23.78 0 0 -5.0457
23.79 0 0 -5.04565
23.8 0 0 -5.04558
23.81 0 0 -5.04549
23.82 0 0 -5.04538
23.83 0 0 -5.04525
23.84 0 0 -5.04511
23.85 0 0 -5.04495
23.86 0 0 -5.04479
23.87 0 0 -5.04462
23.88 0 0 -5.04444
23.89 0 0 -5.04426
23.9 0 0 -5.04408
23.91 0 0 -5.04389
23.92 0 0 -5.04369
23.93 0 0 -5.04349
23.94 0 0 -5.04329
23.95 0 0 -5.04308
23.96 0 0 -5.04286
23.97 0 0 -5.04264
23.98 0 0 -5.04241
23.99 0 0 -5.04218
24 0 0 -5.04196
24.01 0 0 -5.04174
24.02 0 0 -5.04153
24.03 0 0 -5.04133
24.04 0 0 -5.04114
24.05 0 0 -5.04097
24.06 0 0 -5.04083
24.07 0 0 -5.0407
24.08 0 0 -5.04061
24.09 0 0 -5.04054
24.1 0 0 -5.04049
24.11 0 0 -5.04048
24.12 0 0 -5.0405
24.13 0 0 -5.04054
24.14 0 0 -5.0406
24.15 0 0 -5.04069
24.16 0 0 -5.0408
24.17 0 0 -5.04093
24.18 0 0 -5.04107
24.19 0 0 -5.04122
24.2 0 0 -5.04137
24.21 0 0 -5.04152
24.22 0 0 -5.04167
24.23 0 0 -5.04181
24.24 0 0 -5.04194
24.25 0 0 -5.04206
24.26 0 0 -5.04216
24.27 0 0 -5.04225
24.28 0 0 -5.04231
24.29 0 0 -5.04236
24.3 0 0 -5.04239
24.31 0 0 -5.04241
24.32 0 0 -5.0424
24.33 0 0 -5.04238
24.34 0 0 -5.04234
24.35 0 0 -5.04229
24.36 0 0 -5.04224
24.37 0 0 -5.04217
24.38 0 0 -5.0421
24.39 0 0 -5.04203
24.4 0 0 -5.04195
24.41 0 0 -5.04187
24.42 0 0 -5.0418
24.43 0 0 -5.04172
24.44 0 0 -5.04165
24.45 0 0 -5.04158
24.46 0 0 -5.04152
24.47 0 0 -5.04146
24.48 0 0 -5.04142
24.49 0 0 -5.04139
24.5 0 0 -5.04138
24.51 0 0 -5.04138
24.52 0 0 -5.0414
24.53 0 0 -5.04143
24.54 0 0 -5.04148
24.55 0 0 -5.04154
24.56 0 0 -5.04161
24.57 0 0 -5.0417
24.58 0 0 -5.0418
24.59 0 0 -5.04191
24.6 0 0 -5.04203
24.61 0 0 -5.04217
24.62 0 0 -5.04232
24.63 0 0 -5.04247
24.64 0 0 -5.04263
24.65 0 0 -5.0428
24.66 0 0 -5.04297
24.67 0 0 -5.04315
24.68 0 0 -5.04333
24.69 0 0 -5.04352
24.7 0 0 -5.04371
24.71 0 0 -5.0439
24.72 0 0 -5.04409
24.73 0 0 -5.04428
24.74 0 0 -5.04447
24.75 0 0 -5.04466
24.76 0 0 -5.04484
24.77 0 0 -5.04503
24.78 0 0 -5.04521
24.79 0 0 -5.04539
24.8 0 0 -5.04557
24.81 0 0 -5.04574
24.82 0 0 -5.04591
24.83 0 0 -5.04607
24.84 0 0 -5.04624
24.85 0 0 -5.04641
24.86 0 0 -5.04657
24.87 0 0 -5.04675
24.88 0 0 -5.04693
24.89 0 0 -5.04711
24.9 0 0 -5.04729
24.91 0 0 -5.04747
24.92 0 0 -5.04766
24.93 0 0 -5.04784
24.94 0 0 -5.04801
24.95 0 0 -5.04819
24.96 0 0 -5.04835
24.97 0 0 -5.04851
24.98 0 0 -5.04867
24.99 0 0 -5.04881
25 0 0 -5.04893
