0.69715 0.00069315
4.6009 0.0045745
6.41853 0.0063817
17.2369 0.017138
12.2543 0.012184
5.85338 0.0058198
5.61582 0.0055836
5.33229 0.0053017
2.79303 0.002777
-1.67667 -0.0018082
-7.56531 -0.007849
-15.3774 -0.015863
-8.88501 -0.0092028
-0.221566 -0.00031549
10.3013 0.010147
19.9597 0.01975
6.00555 0.0058759
-0.418408 -0.00071406
-8.37202 -0.0088732
-13.2371 -0.013864
8.94316 0.008189
20.7549 0.019933
5.40848 0.0046746
-1.18387 -0.0020881
-9.81182 -0.010939
-13.4059 -0.014626
3.0202 0.0017059
6.71741 0.0053819
22.2708 0.020846
36.2351 0.039486
37.7751 0.043328
28.1016 0.032853
10.453 0.013742
-4.65725 -0.0017587
-16.9187 -0.014337
-30.2772 -0.029487
-33.6016 -0.036078
-14.2062 -0.015649
1.08997 0.00091466
17.8173 0.019028
30.5447 0.03281
37.7366 0.043258
16.9796 0.020781
-1.7408 0.001063
-3.28401 -0.00056245
-22.5062 -0.020809
-34.118 -0.037415
-1.78264 -0.0029286
0.156053 -0.00082927
3.8082 0.0031255
30.4944 0.032023
38.1987 0.044385
14.0674 0.01804
-3.4024 -0.00059188
-7.80974 -0.0052924
-25.8821 -0.024567
-33.6819 -0.036619
-16.4202 -0.018209
0.982005 0.00078951
4.27319 0.0043826
23.6968 0.025588
38.1212 0.044242
51.8146 0.078354
64.3911 0.10973
57.242 0.099155
55.658 0.096812
34.7266 0.06585
23.0514 0.04858
13.8289 0.034938
-0.305922 0.014167
-14.9289 -0.0014287
-25.9625 -0.019005
-35.6287 -0.041326
-50.1402 -0.078895
-60.8803 -0.1067
2.1833 -0.011512
3.84655 -0.0090517
28.6421 0.027626
55.3848 0.082999
66.8602 0.11589
21.1653 0.047047
-13.5709 -0.0057332
-15.5449 -0.0087325
-17.5874 -0.011836
-43.9938 -0.054614
-52.1715 -0.079838
-63.6729 -0.11393
-25.6253 -0.054826
12.5107 0.0026289
47.1873 0.05641
62.5936 0.10299
67.6058 0.11775
21.907 0.048532
-8.70594 0.00097725
-13.6152 -0.0066489
-56.5052 -0.091442
-62.7582 -0.11106
-25.1083 -0.052574
7.81779 -0.0027022
11.2636 0.002517
12.7802 0.0048142
40.8993 0.047405
53.7402 0.076041
68.3473 0.1196
80.8132 0.1507
100.177 0.19901
94.8737 0.18942
95.2664 0.19013
95.2664 0.19013
85.671 0.17278
57.7423 0.12228
23.4973 0.060359
-27.6885 -0.019154
-50.2589 -0.071181
-77.2385 -0.14905
-91.113 -0.18497
-95.3117 -0.19584
-91.3845 -0.18851
-61.7779 -0.13325
-33.0504 -0.079631
-5.48883 -0.028188
20.4948 0.018795
24.563 0.026151
55.2874 0.081706
81.8281 0.136
105.605 0.21255
77.2821 0.16018
41.2941 0.093636
0.0454961 0.017365
-16.1696 -0.0129
-62.6267 -0.099611
-84.0416 -0.15582
-101.256 -0.21123
-36.0479 -0.086339
15.9772 0.0098583
53.4047 0.079064
85.2001 0.14179
106.499 0.21478
64.8469 0.13749
4.54666 0.025595
-15.7258 -0.013232
-64.2717 -0.10621
-87.5026 -0.16172
-100.073 -0.20697
-101.419 -0.21165
-54.6211 -0.12196
-7.53874 -0.031724
5.49263 -0.0075426
7.20272 -0.0043693
7.50213 -0.0038137
15.9552 0.011872
16.0042 0.011963
16.0295 0.01201
15.8964 0.011763
15.8695 0.011713
15.9514 0.011865
15.9411 0.011846
15.9482 0.011859
15.9498 0.011862
33.1472 0.043774
49.4009 0.073935
66.6269 0.1059
84.7124 0.13946
93.9604 0.17122
103.92 0.20582
115.786 0.23795
129.33 0.27174
106.934 0.22671
89.6755 0.19201
73.75 0.15999
55.2533 0.1228
43.1287 0.098422
25.6092 0.063197
9.12921 0.030062
-15.0751 -0.016327
-28.782 -0.042597
-51.8223 -0.086755
-67.504 -0.11681
-84.8957 -0.15326
-91.0221 -0.17491
-100.326 -0.20779
-116.425 -0.2505
-125.467 -0.27391
-103.982 -0.22893
-87.1723 -0.19374
-71.4522 -0.16083
-52.4409 -0.12103
-41.2242 -0.097548
-23.5403 -0.060527
-9.72081 -0.031596
6.87113 0.0017641
6.79921 0.0016195
23.2765 0.034749
42.0095 0.072414
60.8574 0.11031
76.1213 0.141
92.6486 0.17423
107.728 0.20455
120.958 0.24191
130.079 0.27361
107.989 0.22909
91.2722 0.1954
73.7367 0.16006
58.2803 0.12891
42.8367 0.097786
24.1531 0.060132
7.9449 0.027467
-10.9862 -0.012165
-25.9798 -0.043554
-40.8965 -0.074782
-57.3561 -0.10924
-72.3311 -0.14059
-92.5318 -0.18288
-105.83 -0.21072
-118.041 -0.24634
-126.657 -0.27699
-101.447 -0.22401
-80.8002 -0.18062
-62.2235 -0.14158
-49.5899 -0.11503
-32.9003 -0.079956
-22.0869 -0.057231
-8.67436 -0.029044
5.89087 0.00030995
5.84462 0.00021674
25.5024 0.039834
41.8942 0.072869
58.934 0.10721
75.2042 0.14
91.8862 0.17362
107.164 0.20441
120.513 0.23952
129.218 0.27054
108.72 0.22923
93.4374 0.19843
74.5225 0.16031
58.1829 0.12738
42.9949 0.096771
26.1263 0.062775
8.49111 0.027234
-8.63746 -0.0087625
-25.5548 -0.044315
-43.2636 -0.081531
-55.3066 -0.10684
-74.0737 -0.14628
-91.4657 -0.18283
-103.78 -0.20871
-118.178 -0.24556
-124.156 -0.26772
-104.595 -0.22661
-89.6293 -0.19516
-74.0599 -0.16244
-56.9439 -0.12647
-38.6027 -0.087925
-25.6746 -0.060756
-9.44036 -0.026639
3.94554 0.00033817
3.87895 0.00020398
29.5619 0.051964
51.8008 0.096783
73.6716 0.14086
96.8636 0.1876
118.284 0.23203
130.909 0.27568
142.914 0.3293
148.631 0.36237
124.923 0.30953
103.579 0.26196
78.9111 0.20698
59.1111 0.16285
39.5444 0.11924
22.6406 0.081565
-2.46684 0.02754
-20.2642 -0.0098619
-42.4759 -0.056541
-74.0189 -0.12283
-88.9269 -0.15416
-105.676 -0.19487
-116.759 -0.23825
-128.129 -0.2808
-136.23 -0.32213
-142.489 -0.35978
-116.625 -0.30006
-97.6737 -0.2563
-79.1943 -0.21363
-58.0341 -0.16477
-38.9051 -0.1206
-20.1676 -0.077334
-2.54483 -0.036642
19.2675 0.011973
23.6959 0.021843
42.9409 0.064736
59.7456 0.10219
80.6448 0.14877
100.903 0.19392
118.619 0.23502
130.386 0.28495
139.791 0.32486
149.263 0.36603
121.729 0.30444
95.9525 0.24678
78.3566 0.20742
56.3617 0.15822
33.0211 0.10601
20.5355 0.078081
-1.94947 0.026162
-20.1729 -0.015917
-36.6836 -0.054041
-59.2205 -0.10608
-83.8626 -0.16298
-98.1888 -0.19606
-114.161 -0.2347
-126.266 -0.28815
-134.043 -0.32249
-143.943 -0.36853
-107.269 -0.28311
-93.3934 -0.25079
-76.3103 -0.211
-55.2988 -0.16206
-39.3835 -0.12499
-20.0459 -0.079949
1.95722 -0.030123
20.6319 0.01165
23.8426 0.018832
38.4849 0.051585
56.9668 0.092927
84.2785 0.15402
101.95 0.19355
119.287 0.23758
130.213 0.2844
138.892 0.32159
147.966 0.36047
121.214 0.30063
102.675 0.25916
80.7472 0.21011
61.1887 0.16636
39.766 0.11844
21.5925 0.077788
0.756816 0.031181
-15.193 -0.0059693
-34.378 -0.050655
-56.6882 -0.10262
-75.7978 -0.14713
-97.0325 -0.19659
-113.175 -0.23419
-123.759 -0.27884
-134.948 -0.32856
-142.676 -0.3629
-114.718 -0.29778
-89.6106 -0.2393
-74.2791 -0.20359
-57.9645 -0.16559
-33.1878 -0.10788
-22.4025 -0.082759
3.39277 -0.025058
15.4331 0.0018747
15.5402 0.0021144
53.2345 0.086432
78.9793 0.14402
110.63 0.21482
129.981 0.28384
143.877 0.34307
157.077 0.41123
169.058 0.48054
174.263 0.54559
141.905 0.46195
112.445 0.3858
87.6655 0.32175
63.2617 0.25867
32.8769 0.18013
5.71861 0.10993
-19.4402 0.05133
-51.3503 -0.022995
-83.7378 -0.098432
-101.385 -0.15515
-115.664 -0.22674
-129.96 -0.29842
-142.272 -0.36015
-153.625 -0.42678
-165.295 -0.49699
-167.299 -0.54491
-134.968 -0.45812
-107.66 -0.38481
-84.6085 -0.32293
-59.8588 -0.25649
-29.5922 -0.17524
-5.41992 -0.11035
16.1601 -0.054569
42.3663 0.01317
43.5884 0.016329
67.733 0.078739
94.9691 0.14914
118.255 0.22546
130.301 0.29431
139.395 0.34629
153.641 0.42772
165.611 0.49614
173.963 0.54388
142.476 0.46249
106.841 0.37038
80.6889 0.30278
58.5329 0.24551
25.2388 0.15945
-0.285715 0.09093
-26.6611 0.020126
-46.247 -0.032452
-72.6946 -0.10345
-95.7866 -0.16544
-113.596 -0.2259
-124.755 -0.29219
-139.202 -0.37801
-148.131 -0.43105
-157.456 -0.48644
-166.863 -0.54232
-130.912 -0.44581
-101.245 -0.36617
-76.7931 -0.30053
-49.92 -0.22839
-25.6807 -0.16332
-0.676183 -0.096196
23.9539 -0.032531
44.2611 0.01996
54.514 0.046462
76.0155 0.10204
93.7225 0.14781
117.702 0.22287
130.987 0.29867
142.436 0.364
152.805 0.42316
165.079 0.49319
174.279 0.54789
130.063 0.43342
111.299 0.38484
75.438 0.292
58.6703 0.24859
27.661 0.16831
5.10314 0.10991
-32.1052 0.010025
-55.9441 -0.05397
-79.4087 -0.11696
-100.582 -0.1738
-116.791 -0.24394
-125.091 -0.2934
-138.827 -0.37525
-151.034 -0.44799
-157.535 -0.48673
-166.926 -0.54269
-127.038 -0.43561
-100.455 -0.36425
-75.2361 -0.29655
-51.2277 -0.2321
-18.9756 -0.14552
1.61669 -0.090818
15.7644 -0.054191
36.8029 0.00027572
36.8374 0.00036483
75.1954 0.09967
108.657 0.1863
127.841 0.28202
144.189 0.37562
159.026 0.46056
174.331 0.55506
174.912 0.6357
175.516 0.7196
140.258 0.61861
105.089 0.51787
76.447 0.43583
39.4372 0.32982
5.8278 0.23355
-26.4089 0.13716
-56.0068 0.047839
-77.4475 -0.016865
-103.667 -0.10861
-115.193 -0.18764
-129.22 -0.28382
-140.701 -0.36254
-155.124 -0.46143
-167.36 -0.5538
-168.007 -0.64728
-168.598 -0.7328
-131.181 -0.62068
-98.1051 -0.52157
-70.5662 -0.43905
-33.0121 -0.32652
-5.16946 -0.24309
19.819 -0.15505
43.6696 -0.067742
67.2746 0.018667
67.1859 0.018413
93.3038 0.11395
109.778 0.19365
121.156 0.28468
131.751 0.36945
142.318 0.45399
155.271 0.55763
166.088 0.64417
175.531 0.72177
136.237 0.60909
101.8 0.51034
70.9861 0.42198
39.1612 0.33072
4.71383 0.23194
-21.0057 0.13816
-41.7178 0.059019
-57.6168 -0.001731
-84.1436 -0.10309
-105.185 -0.20182
-117.74 -0.30695
-125.692 -0.37353
-134.92 -0.4508
-148.925 -0.56807
-159.098 -0.65325
-167.547 -0.724
-127.423 -0.60377
-96.5903 -0.51138
-63.4615 -0.41211
-28.2568 -0.30662
1.58099 -0.21619
25.6515 -0.12851
44.4997 -0.059853
63.6009 0.0097257
63.3775 0.0090853
93.1768 0.11746
110.694 0.20457
121.509 0.29084
132.843 0.38125
141.814 0.45281
156.696 0.57152
166.273 0.64792
175.545 0.72362
133.615 0.60327
104.698 0.52027
69.2866 0.41863
32.5305 0.31313
2.16757 0.22598
-18.7006 0.14818
-43.5167 0.053194
-61.7503 -0.016597
-87.6837 -0.11586
-106.83 -0.21498
-118.077 -0.30927
-126.672 -0.38132
-135.767 -0.45757
-149.317 -0.57116
-158.795 -0.65062
-168.597 -0.73279
-117.794 -0.58056
-89.8176 -0.49673
-57.7433 -0.40062
-16.6617 -0.27752
5.54081 -0.20722
24.6218 -0.13706
47.0927 -0.054435
64.8421 0.010829
64.8718 0.010938
107.394 0.17629
123.621 0.30661
137.431 0.41752
157.317 0.57723
173.147 0.70436
176.281 0.82589
177.325 0.97087
178.195 1.0916
127.629 0.92277
84.9845 0.78039
47.9802 0.65684
2.41584 0.50471
-28.8874 0.34654
-51.0807 0.23122
-80.1247 0.080302
-103.758 -0.056126
-116.317 -0.18719
-125.2 -0.27989
-138.385 -0.41749
-152.999 -0.57001
-166.661 -0.71259
-169.488 -0.86161
-170.358 -0.98737
-171.116 -1.097
-119.935 -0.91908
-79.9334 -0.78002
-33.7524 -0.61948
-2.13856 -0.50958
22.514 -0.35674
40.3325 -0.24166
63.8312 -0.089894
81.1382 0.021882
81.184 0.022178
104.193 0.17078
116.021 0.30374
125.574 0.42479
135.968 0.55651
149.662 0.73004
160.729 0.87028
171.4 1.0055
178.196 1.0918
124.249 0.91167
89.1671 0.79453
43.7017 0.64272
7.2838 0.52112
-16.8109 0.38381
-38.9468 0.23503
-60.2925 0.091561
-80.0182 -0.04102
-98.1147 -0.16265
-110.731 -0.2997
-120.167 -0.42429
-130.032 -0.55455
-141.959 -0.71203
-151.753 -0.84134
-163.334 -0.99425
-171.232 -1.1138
-115.039 -0.91736
-77.5761 -0.7864
-34.8245 -0.63695
0.491006 -0.51201
21.4868 -0.37511
43.5837 -0.23103
65.0635 -0.090974
82.9597 0.025716
82.8561 0.02537
107.32 0.18707
116.189 0.30028
126.344 0.42991
136.791 0.56326
151.63 0.75268
159.642 0.85495
171.287 1.0036
177.397 1.0816
128.305 0.91768
83.8697 0.76931
47.9969 0.64953
6.42784 0.51073
-24.4186 0.32433
-42.6137 0.20143
-63.7248 0.058834
-75.1107 -0.018073
-100.278 -0.18807
-110.56 -0.3085
-120.082 -0.43488
-130.22 -0.56944
-140.939 -0.71172
-153.448 -0.87775
-163.811 -1.0153
-169.311 -1.0883
-112.837 -0.89088
-71.1495 -0.74515
-33.3839 -0.61313
-0.761613 -0.49909
18.2879 -0.37879
42.4184 -0.22357
60.0709 -0.11002
78.3008 0.0072442
78.3327 0.0074493
107.762 0.20199
121.914 0.38078
136.184 0.56105
151.663 0.7566
166.684 0.94637
178.355 1.1138
179.725 1.3041
180.886 1.4653
115.84 1.2234
69.3479 1.0505
14.9799 0.84831
-13.0608 0.6851
-37.2311 0.48616
-61.2518 0.28845
-80.5464 0.12964
-103.544 -0.065488
-112.012 -0.19663
-125.461 -0.40492
-137.409 -0.58997
-148.984 -0.76924
-160.587 -0.94894
-171.443 -1.1443
-172.58 -1.3088
-173.589 -1.4547
-118.887 -1.2438
-70.2794 -1.0564
-21.2624 -0.86742
9.12502 -0.70106
30.7284 -0.50128
50.3356 -0.31996
70.4067 -0.13435
88.2378 0.030546
88.6597 0.034447
108.78 0.22249
118.627 0.39221
129.109 0.57288
139.688 0.75522
150.996 0.95013
160.73 1.1179
172.166 1.315
179.946 1.4491
115.599 1.2098
62.1428 1.011
14.9004 0.83531
-14.6171 0.64015
-31.8955 0.47496
-47.4261 0.32648
-66.1511 0.14746
-86.4985 -0.047071
-106.431 -0.25649
-114.935 -0.40822
-127.958 -0.64057
-138.436 -0.82751
-145.905 -0.96077
-155.132 -1.1254
-168.735 -1.3681
-173.567 -1.4543
-101.045 -1.1747
-51.7738 -0.98474
-2.4819 -0.7947
13.9508 -0.65614
35.2633 -0.45908
53.3746 -0.29162
69.1497 -0.14576
85.1524 0.0022037
85.1604 0.0022775
113.154 0.29803
128.926 0.56985
146.892 0.87946
164.325 1.1799
175.495 1.3724
182.31 1.6631
184.247 1.932
185.968 2.171
111.378 1.8507
45.4041 1.5674
-6.58839 1.2907
-29.4743 1.0068
-52.5779 0.7202
-73.8169 0.45673
-88.9745 0.2687
-109.936 -0.047426
-122.594 -0.32729
-135.777 -0.61874
-145.993 -0.8446
-158.771 -1.1271
-170.889 -1.395
-175.092 -1.672
-176.858 -1.9275
-178.534 -2.1699
-104.739 -1.8405
-40.8678 -1.5554
4.06921 -1.3137
22.8232 -1.0405
44.7108 -0.72165
61.4954 -0.47714
80.4025 -0.20171
93.9357 -0.004563
93.8932 -0.0047455
113.742 0.30822
125.122 0.60171
135.838 0.87809
146.722 1.1588
156.516 1.4114
167.256 1.6884
176.647 1.9306
185.856 2.1681
109.775 1.8414
50.2985 1.586
-3.78873 1.3126
-24.0285 1.0059
-42.5729 0.72489
-59.3936 0.47
-77.5493 0.19488
-94.0151 -0.054631
-111.567 -0.37257
-123.529 -0.69362
-132.666 -0.93885
-143.078 -1.2183
-152.348 -1.4671
-160.605 -1.6887
-172.345 -2.0038
-178.314 -2.164
-108.417 -1.852
-40.312 -1.548
3.14596 -1.3223
23.2346 -1.0301
43.2373 -0.73915
62.2789 -0.46218
79.1446 -0.21686
97.0072 0.042962
97.668 0.052573
118.542 0.43425
132.019 0.78139
147.758 1.1868
161.494 1.5406
174.721 1.8813
186.698 2.2724
188.936 2.5831
191.16 2.8919
101.839 2.4659
23.652 2.093
-15.1985 1.7066
-37.1967 1.3106
-58.1756 0.93295
-73.941 0.64915
-96.3775 0.24526
-112.008 -0.10018
-123.509 -0.45799
-135.14 -0.81984
-146.915 -1.1862
-157.757 -1.5235
-168.968 -1.8723
-178.85 -2.2156
-181.57 -2.609
-183.516 -2.8904
-96.4511 -2.4587
-27.4973 -2.1168
12.2242 -1.7388
30.9356 -1.3689
48.8325 -1.0151
67.078 -0.65441
82.9232 -0.34117
105.947 0.11398
107.046 0.1357
120.784 0.49436
128.755 0.76591
141.565 1.2023
150.949 1.522
161.446 1.8796
172.116 2.2431
182.677 2.6029
191.175 2.894
95.82 2.4391
21.9299 2.0866
-12.9613 1.7151
-31.3678 1.3361
-50.2891 0.9465
-62.9609 0.68558
-81.4033 0.30584
-98.6145 -0.048548
-115.332 -0.47059
-125.841 -0.84356
-136.262 -1.2134
-145.612 -1.5452
-156.26 -1.9231
-165.079 -2.2361
-175.161 -2.5939
-183.51 -2.8902
-87.2288 -2.4128
-21.9859 -2.0893
11.1598 -1.7596
31.2053 -1.3632
50.1215 -0.98913
65.5946 -0.68315
86.3278 -0.27315
101.054 0.018067
100.691 0.016332
121.091 0.50562
135.536 0.99789
149.389 1.47
163.545 1.9524
175.86 2.3721
188.769 2.812
162.09 3.2193
121.892 3.6226
17.7883 3.0824
-16.6835 2.5702
-33.0651 2.1579
-53.6743 1.6392
-68.6455 1.2624
-85.74 0.83216
-103.124 0.39464
-118.139 -0.1213
-127.568 -0.52068
-138.676 -0.99117
-149.233 -1.4383
-159.347 -1.8667
-170.077 -2.3212
-181.603 -2.8094
-159.036 -3.1819
-117.594 -3.6154
-19.932 -3.0888
7.86053 -2.6391
18.3688 -2.1816
29.8095 -1.6835
39.3095 -1.2699
49.2818 -0.83573
59.5308 -0.38952
71.5446 0.13353
71.9137 0.1496
78.3831 0.57087
84.4045 0.99321
91.0638 1.4603
97.0618 1.881
103.084 2.3034
109.716 2.7686
116.608 3.252
121.752 3.6128
23.8347 3.1047
-7.58704 2.6391
-18.1226 2.1643
-29.0864 1.6702
-39.227 1.2132
-50.6058 0.7004
-59.7057 0.2903
-66.9078 -0.034271
-76.0355 -0.59668
-81.3135 -0.98006
-88.272 -1.4855
-93.7265 -1.8817
-99.4797 -2.2996
-106.381 -2.8009
-112.58 -3.2512
-117.465 -3.606
0.10864 -2.9679
9.13395 -2.5755
19.2265 -2.1367
31.7869 -1.5906
42.2911 -1.1339
52.4198 -0.69353
62.1712 -0.26956
69.1586 0.034238
68.6745 0.031726
78.4516 0.57955
87.4572 1.2104
94.1637 1.6802
102.306 2.2506
109.798 2.7754
117.514 3.3159
103.243 3.8097
48.72 4.3592
-7.65181 3.6834
-16.2074 3.2307
-27.0875 2.655
-38.0489 2.075
-48.5227 1.5208
-58.4552 0.99524
-70.7644 0.33738
-75.6208 -0.072535
-81.962 -0.60777
-88.9902 -1.201
-95.1899 -1.7243
-101.9 -2.2907
-107.857 -2.7935
-114.685 -3.3698
-94.7373 -3.8545
-49.3385 -4.3294
2.55693 -3.6817
6.41577 -3.1337
10.3739 -2.5716
13.4427 -2.1358
17.8747 -1.5064
22.0923 -0.90746
25.2972 -0.45232
29.2641 0.11348
28.6239 0.10992
31.996 0.70963
34.365 1.2266
36.9559 1.792
39.4382 2.3337
42.3293 2.9646
44.5715 3.4539
46.4599 3.866
48.5954 4.332
-3.00217 3.6417
-6.74565 3.1179
-10.84 2.545
-15.1924 1.936
-18.8294 1.4271
-22.8465 0.86501
-26.9714 0.28785
-30.5484 -0.28392
-32.58 -0.72131
-35.1359 -1.2716
-37.4968 -1.7799
-40.0356 -2.3265
-42.4286 -2.8417
-45.1244 -3.4221
-47.7096 -3.9787
-46.7861 -4.3561
2.87798 -3.6749
6.91906 -3.0982
10.6897 -2.5601
15.7741 -1.8345
18.1174 -1.5001
22.7672 -0.83652
26.1072 -0.35987
28.9106 0.040198
28.5459 0.03817
32.2271 0.7428
35.3862 1.4355
37.8959 1.9858
41.1444 2.6981
43.8721 3.2962
46.6436 3.9039
48.72 4.5039
48.72 5.045
-2.93451 4.2881
-7.69504 3.5238
-11.4459 2.9216
-15.3382 2.2967
-19.3724 1.649
-24.051 0.89786
-27.0911 0.40978
-30.2803 -0.29153
-31.6689 -0.63347
-35.3267 -1.5342
-37.4854 -2.0658
-39.9918 -2.683
-42.5421 -3.311
-45.4887 -4.0366
-46.7712 -4.5251
-46.7712 -5.0134
3.22393 -4.1957
9.27455 -3.1953
12.7595 -2.6191
15.0318 -2.2434
20.7432 -1.2991
23.7725 -0.79823
26.1053 -0.41253
28.7065 0.017547
28.4272 0.015909
32.0116 0.8091
34.4122 1.4177
37.0001 2.0738
39.6927 2.7564
42.8293 3.5516
45.0741 4.1207
46.7848 4.5544
48.5543 5.003
-3.61212 4.0988
-6.1162 3.6694
-9.86475 3.0266
-13.1893 2.4565
-17.8779 1.6525
-21.2364 1.0766
-25.1954 0.3977
-28.5926 -0.23331
-30.4103 -0.71129
-32.788 -1.3365
-35.0428 -1.9294
-37.7098 -2.6307
-39.9756 -3.2265
-42.1513 -3.7986
-44.6872 -4.4654
-46.7305 -5.0027
2.46663 -4.3109
7.04281 -3.5551
10.7374 -2.9449
14.9685 -2.2461
17.9868 -1.7476
21.7504 -1.126
25.6624 -0.47989
28.7669 0.03284
28.7675 0.032944
