0.69715 0 -0.69715 0 0 0.69715 0
4.6009 0 -4.6009 0 0 4.6009 0
6.41853 0 -6.41853 0 0 6.41853 0
17.2369 0 -17.2369 0 0 17.2369 0
12.2543 0 -12.2543 0 0 12.2543 0
5.85338 0 -5.85338 0 0 5.85338 0
5.61582 0 -5.61582 0 0 5.61582 0
5.33229 0 -5.33229 0 0 5.33229 0
2.79303 0 -2.79303 0 0 2.79303 0
-1.67667 0 1.67667 0 0 -1.67667 0
-7.56531 0 7.56531 0 0 -7.56531 0
-15.3774 0 15.3774 0 0 -15.3774 0
-8.88501 0 8.88501 0 0 -8.88501 0
-0.221566 0 0.221566 0 0 -0.221566 0
10.3013 0 -10.3013 0 0 10.3013 0
19.9597 0 -19.9597 0 0 19.9597 0
6.00555 0 -6.00555 0 0 6.00555 0
-0.418408 0 0.418408 0 0 -0.418408 0
-8.37202 0 8.37202 0 0 -8.37202 0
-13.2371 0 13.2371 0 0 -13.2371 0
8.94316 0 -8.94316 0 0 8.94316 0
20.7549 0 -20.7549 0 0 20.7549 0
5.40848 0 -5.40848 0 0 5.40848 0
-1.18387 0 1.18387 0 0 -1.18387 0
-9.81182 0 9.81182 0 0 -9.81182 0
-13.4059 0 13.4059 0 0 -13.4059 0
3.0202 0 -3.0202 0 0 3.0202 0
6.71741 0 -6.71741 0 0 6.71741 0
22.2708 0 -22.2708 0 0 22.2708 0
36.2351 0 -36.2351 0 0 36.2351 0
37.7751 0 -37.7751 0 0 37.7751 0
28.1016 0 -28.1016 0 0 28.1016 0
10.453 0 -10.453 0 0 10.453 0
-4.65725 0 4.65725 0 0 -4.65725 0
-16.9187 0 16.9187 0 0 -16.9187 0
-30.2772 0 30.2772 0 0 -30.2772 0
-33.6016 0 33.6016 0 0 -33.6016 0
-14.2062 0 14.2062 0 0 -14.2062 0
1.08997 0 -1.08997 0 0 1.08997 0
17.8173 0 -17.8173 0 0 17.8173 0
30.5447 0 -30.5447 0 0 30.5447 0
37.7366 0 -37.7366 0 0 37.7366 0
16.9796 0 -16.9796 0 0 16.9796 0
-1.7408 0 1.7408 0 0 -1.7408 0
-3.28401 0 3.28401 0 0 -3.28401 0
-22.5062 0 22.5062 0 0 -22.5062 0
-34.118 0 34.118 0 0 -34.118 0
-1.78264 0 1.78264 0 0 -1.78264 0
0.156053 0 -0.156053 0 0 0.156053 0
3.8082 0 -3.8082 0 0 3.8082 0
30.4944 0 -30.4944 0 0 30.4944 0
38.1987 0 -38.1987 0 0 38.1987 0
14.0674 0 -14.0674 0 0 14.0674 0
-3.4024 0 3.4024 0 0 -3.4024 0
-7.80974 0 7.80974 0 0 -7.80974 0
-25.8821 0 25.8821 0 0 -25.8821 0
-33.6819 0 33.6819 0 0 -33.6819 0
-16.4202 0 16.4202 0 0 -16.4202 0
0.982005 0 -0.982005 0 0 0.982005 0
4.27319 0 -4.27319 0 0 4.27319 0
23.6968 0 -23.6968 0 0 23.6968 0
38.1212 0 -38.1212 0 0 38.1212 0
51.8146 0 -51.8146 0 0 51.8146 0
64.3911 0 -64.3911 0 0 64.3911 0
57.242 0 -57.242 0 0 57.242 0
55.658 0 -55.658 0 0 55.658 0
34.7266 0 -34.7266 0 0 34.7266 0
23.0514 0 -23.0514 0 0 23.0514 0
13.8289 0 -13.8289 0 0 13.8289 0
-0.305922 0 0.305922 0 0 -0.305922 0
-14.9289 0 14.9289 0 0 -14.9289 0
-25.9625 0 25.9625 0 0 -25.9625 0
-35.6287 0 35.6287 0 0 -35.6287 0
-50.1402 0 50.1402 0 0 -50.1402 0
-60.8803 0 60.8803 0 0 -60.8803 0
2.1833 0 -2.1833 0 0 2.1833 0
3.84655 0 -3.84655 0 0 3.84655 0
28.6421 0 -28.6421 0 0 28.6421 0
55.3848 0 -55.3848 0 0 55.3848 0
66.8602 0 -66.8602 0 0 66.8602 0
21.1653 0 -21.1653 0 0 21.1653 0
-13.5709 0 13.5709 0 0 -13.5709 0
-15.5449 0 15.5449 0 0 -15.5449 0
-17.5874 0 17.5874 0 0 -17.5874 0
-43.9938 0 43.9938 0 0 -43.9938 0
-52.1715 0 52.1715 0 0 -52.1715 0
-63.6729 0 63.6729 0 0 -63.6729 0
-25.6253 0 25.6253 0 0 -25.6253 0
12.5107 0 -12.5107 0 0 12.5107 0
47.1873 0 -47.1873 0 0 47.1873 0
62.5936 0 -62.5936 0 0 62.5936 0
67.6058 0 -67.6058 0 0 67.6058 0
21.907 0 -21.907 0 0 21.907 0
-8.70594 0 8.70594 0 0 -8.70594 0
-13.6152 0 13.6152 0 0 -13.6152 0
-56.5052 0 56.5052 0 0 -56.5052 0
-62.7582 0 62.7582 0 0 -62.7582 0
-25.1083 0 25.1083 0 0 -25.1083 0
7.81779 0 -7.81779 0 0 7.81779 0
11.2636 0 -11.2636 0 0 11.2636 0
12.7802 0 -12.7802 0 0 12.7802 0
40.8993 0 -40.8993 0 0 40.8993 0
53.7402 0 -53.7402 0 0 53.7402 0
68.3473 0 -68.3473 0 0 68.3473 0
80.8132 0 -80.8132 0 0 80.8132 0
100.177 0 -100.177 0 0 100.177 0
94.8737 0 -94.8737 0 0 94.8737 0
95.2664 0 -95.2664 0 0 95.2664 0
95.2664 0 -95.2664 0 0 95.2664 0
85.671 0 -85.671 0 0 85.671 0
57.7423 0 -57.7423 0 0 57.7423 0
23.4973 0 -23.4973 0 0 23.4973 0
-27.6885 0 27.6885 0 0 -27.6885 0
-50.2589 0 50.2589 0 0 -50.2589 0
-77.2385 0 77.2385 0 0 -77.2385 0
-91.113 0 91.113 0 0 -91.113 0
-95.3117 0 95.3117 0 0 -95.3117 0
-91.3845 0 91.3845 0 0 -91.3845 0
-61.7779 0 61.7779 0 0 -61.7779 0
-33.0504 0 33.0504 0 0 -33.0504 0
-5.48883 0 5.48883 0 0 -5.48883 0
20.4948 0 -20.4948 0 0 20.4948 0
24.563 0 -24.563 0 0 24.563 0
55.2874 0 -55.2874 0 0 55.2874 0
81.8281 0 -81.8281 0 0 81.8281 0
105.605 0 -105.605 0 0 105.605 0
77.2821 0 -77.2821 0 0 77.2821 0
41.2941 0 -41.2941 0 0 41.2941 0
0.0454961 0 -0.0454961 0 0 0.0454961 0
-16.1696 0 16.1696 0 0 -16.1696 0
-62.6267 0 62.6267 0 0 -62.6267 0
-84.0416 0 84.0416 0 0 -84.0416 0
-101.256 0 101.256 0 0 -101.256 0
-36.0479 0 36.0479 0 0 -36.0479 0
15.9772 0 -15.9772 0 0 15.9772 0
53.4047 0 -53.4047 0 0 53.4047 0
85.2001 0 -85.2001 0 0 85.2001 0
106.499 0 -106.499 0 0 106.499 0
64.8469 0 -64.8469 0 0 64.8469 0
4.54666 0 -4.54666 0 0 4.54666 0
-15.7258 0 15.7258 0 0 -15.7258 0
-64.2717 0 64.2717 0 0 -64.2717 0
-87.5026 0 87.5026 0 0 -87.5026 0
-100.073 0 100.073 0 0 -100.073 0
-101.419 0 101.419 0 0 -101.419 0
-54.6211 0 54.6211 0 0 -54.6211 0
-7.53874 0 7.53874 0 0 -7.53874 0
5.49263 0 -5.49263 0 0 5.49263 0
7.20272 0 -7.20272 0 0 7.20272 0
7.50213 0 -7.50213 0 0 7.50213 0
15.9552 0 -15.9552 0 0 15.9552 0
16.0042 0 -16.0042 0 0 16.0042 0
16.0295 0 -16.0295 0 0 16.0295 0
15.8964 0 -15.8964 0 0 15.8964 0
15.8695 0 -15.8695 0 0 15.8695 0
15.9514 0 -15.9514 0 0 15.9514 0
15.9411 0 -15.9411 0 0 15.9411 0
15.9482 0 -15.9482 0 0 15.9482 0
15.9498 0 -15.9498 0 0 15.9498 0
33.1472 0 -33.1472 0 0 33.1472 0
49.4009 0 -49.4009 0 0 49.4009 0
66.6269 0 -66.6269 0 0 66.6269 0
84.7124 0 -84.7124 0 0 84.7124 0
93.9604 0 -93.9604 0 0 93.9604 0
103.92 0 -103.92 0 0 103.92 0
115.786 0 -115.786 0 0 115.786 0
129.33 0 -129.33 0 0 129.33 0
106.934 0 -106.934 0 0 106.934 0
89.6755 0 -89.6755 0 0 89.6755 0
73.75 0 -73.75 0 0 73.75 0
55.2533 0 -55.2533 0 0 55.2533 0
43.1287 0 -43.1287 0 0 43.1287 0
25.6092 0 -25.6092 0 0 25.6092 0
9.12921 0 -9.12921 0 0 9.12921 0
-15.0751 0 15.0751 0 0 -15.0751 0
-28.782 0 28.782 0 0 -28.782 0
-51.8223 0 51.8223 0 0 -51.8223 0
-67.504 0 67.504 0 0 -67.504 0
-84.8957 0 84.8957 0 0 -84.8957 0
-91.0221 0 91.0221 0 0 -91.0221 0
-100.326 0 100.326 0 0 -100.326 0
-116.425 0 116.425 0 0 -116.425 0
-125.467 0 125.467 0 0 -125.467 0
-103.982 0 103.982 0 0 -103.982 0
-87.1723 0 87.1723 0 0 -87.1723 0
-71.4522 0 71.4522 0 0 -71.4522 0
-52.4409 0 52.4409 0 0 -52.4409 0
-41.2242 0 41.2242 0 0 -41.2242 0
-23.5403 0 23.5403 0 0 -23.5403 0
-9.72081 0 9.72081 0 0 -9.72081 0
6.87113 0 -6.87113 0 0 6.87113 0
6.79921 0 -6.79921 0 0 6.79921 0
23.2765 0 -23.2765 0 0 23.2765 0
42.0095 0 -42.0095 0 0 42.0095 0
60.8574 0 -60.8574 0 0 60.8574 0
76.1213 0 -76.1213 0 0 76.1213 0
92.6486 0 -92.6486 0 0 92.6486 0
107.728 0 -107.728 0 0 107.728 0
120.958 0 -120.958 0 0 120.958 0
130.079 0 -130.079 0 0 130.079 0
107.989 0 -107.989 0 0 107.989 0
91.2722 0 -91.2722 0 0 91.2722 0
73.7367 0 -73.7367 0 0 73.7367 0
58.2803 0 -58.2803 0 0 58.2803 0
42.8367 0 -42.8367 0 0 42.8367 0
24.1531 0 -24.1531 0 0 24.1531 0
7.9449 0 -7.9449 0 0 7.9449 0
-10.9862 0 10.9862 0 0 -10.9862 0
-25.9798 0 25.9798 0 0 -25.9798 0
-40.8965 0 40.8965 0 0 -40.8965 0
-57.3561 0 57.3561 0 0 -57.3561 0
-72.3311 0 72.3311 0 0 -72.3311 0
-92.5318 0 92.5318 0 0 -92.5318 0
-105.83 0 105.83 0 0 -105.83 0
-118.041 0 118.041 0 0 -118.041 0
-126.657 0 126.657 0 0 -126.657 0
-101.447 0 101.447 0 0 -101.447 0
-80.8002 0 80.8002 0 0 -80.8002 0
-62.2235 0 62.2235 0 0 -62.2235 0
-49.5899 0 49.5899 0 0 -49.5899 0
-32.9003 0 32.9003 0 0 -32.9003 0
-22.0869 0 22.0869 0 0 -22.0869 0
-8.67436 0 8.67436 0 0 -8.67436 0
5.89087 0 -5.89087 0 0 5.89087 0
5.84462 0 -5.84462 0 0 5.84462 0
25.5024 0 -25.5024 0 0 25.5024 0
41.8942 0 -41.8942 0 0 41.8942 0
58.934 0 -58.934 0 0 58.934 0
75.2042 0 -75.2042 0 0 75.2042 0
91.8862 0 -91.8862 0 0 91.8862 0
107.164 0 -107.164 0 0 107.164 0
120.513 0 -120.513 0 0 120.513 0
129.218 0 -129.218 0 0 129.218 0
108.72 0 -108.72 0 0 108.72 0
93.4374 0 -93.4374 0 0 93.4374 0
74.5225 0 -74.5225 0 0 74.5225 0
58.1829 0 -58.1829 0 0 58.1829 0
42.9949 0 -42.9949 0 0 42.9949 0
26.1263 0 -26.1263 0 0 26.1263 0
8.49111 0 -8.49111 0 0 8.49111 0
-8.63746 0 8.63746 0 0 -8.63746 0
-25.5548 0 25.5548 0 0 -25.5548 0
-43.2636 0 43.2636 0 0 -43.2636 0
-55.3066 0 55.3066 0 0 -55.3066 0
-74.0737 0 74.0737 0 0 -74.0737 0
-91.4657 0 91.4657 0 0 -91.4657 0
-103.78 0 103.78 0 0 -103.78 0
-118.178 0 118.178 0 0 -118.178 0
-124.156 0 124.156 0 0 -124.156 0
-104.595 0 104.595 0 0 -104.595 0
-89.6293 0 89.6293 0 0 -89.6293 0
-74.0599 0 74.0599 0 0 -74.0599 0
-56.9439 0 56.9439 0 0 -56.9439 0
-38.6027 0 38.6027 0 0 -38.6027 0
-25.6746 0 25.6746 0 0 -25.6746 0
-9.44036 0 9.44036 0 0 -9.44036 0
3.94554 0 -3.94554 0 0 3.94554 0
3.87895 0 -3.87895 0 0 3.87895 0
29.5619 0 -29.5619 0 0 29.5619 0
51.8008 0 -51.8008 0 0 51.8008 0
73.6716 0 -73.6716 0 0 73.6716 0
96.8636 0 -96.8636 0 0 96.8636 0
118.284 0 -118.284 0 0 118.284 0
130.909 0 -130.909 0 0 130.909 0
142.914 0 -142.914 0 0 142.914 0
148.631 0 -148.631 0 0 148.631 0
124.923 0 -124.923 0 0 124.923 0
103.579 0 -103.579 0 0 103.579 0
78.9111 0 -78.9111 0 0 78.9111 0
59.1111 0 -59.1111 0 0 59.1111 0
39.5444 0 -39.5444 0 0 39.5444 0
22.6406 0 -22.6406 0 0 22.6406 0
-2.46684 0 2.46684 0 0 -2.46684 0
-20.2642 0 20.2642 0 0 -20.2642 0
-42.4759 0 42.4759 0 0 -42.4759 0
-74.0189 0 74.0189 0 0 -74.0189 0
-88.9269 0 88.9269 0 0 -88.9269 0
-105.676 0 105.676 0 0 -105.676 0
-116.759 0 116.759 0 0 -116.759 0
-128.129 0 128.129 0 0 -128.129 0
-136.23 0 136.23 0 0 -136.23 0
-142.489 0 142.489 0 0 -142.489 0
-116.625 0 116.625 0 0 -116.625 0
-97.6737 0 97.6737 0 0 -97.6737 0
-79.1943 0 79.1943 0 0 -79.1943 0
-58.0341 0 58.0341 0 0 -58.0341 0
-38.9051 0 38.9051 0 0 -38.9051 0
-20.1676 0 20.1676 0 0 -20.1676 0
-2.54483 0 2.54483 0 0 -2.54483 0
19.2675 0 -19.2675 0 0 19.2675 0
23.6959 0 -23.6959 0 0 23.6959 0
42.9409 0 -42.9409 0 0 42.9409 0
59.7456 0 -59.7456 0 0 59.7456 0
80.6448 0 -80.6448 0 0 80.6448 0
100.903 0 -100.903 0 0 100.903 0
118.619 0 -118.619 0 0 118.619 0
130.386 0 -130.386 0 0 130.386 0
139.791 0 -139.791 0 0 139.791 0
149.263 0 -149.263 0 0 149.263 0
121.729 0 -121.729 0 0 121.729 0
95.9525 0 -95.9525 0 0 95.9525 0
78.3566 0 -78.3566 0 0 78.3566 0
56.3617 0 -56.3617 0 0 56.3617 0
33.0211 0 -33.0211 0 0 33.0211 0
20.5355 0 -20.5355 0 0 20.5355 0
-1.94947 0 1.94947 0 0 -1.94947 0
-20.1729 0 20.1729 0 0 -20.1729 0
-36.6836 0 36.6836 0 0 -36.6836 0
-59.2205 0 59.2205 0 0 -59.2205 0
-83.8626 0 83.8626 0 0 -83.8626 0
-98.1888 0 98.1888 0 0 -98.1888 0
-114.161 0 114.161 0 0 -114.161 0
-126.266 0 126.266 0 0 -126.266 0
-134.043 0 134.043 0 0 -134.043 0
-143.943 0 143.943 0 0 -143.943 0
-107.269 0 107.269 0 0 -107.269 0
-93.3934 0 93.3934 0 0 -93.3934 0
-76.3103 0 76.3103 0 0 -76.3103 0
-55.2988 0 55.2988 0 0 -55.2988 0
-39.3835 0 39.3835 0 0 -39.3835 0
-20.0459 0 20.0459 0 0 -20.0459 0
1.95722 0 -1.95722 0 0 1.95722 0
20.6319 0 -20.6319 0 0 20.6319 0
23.8426 0 -23.8426 0 0 23.8426 0
38.4849 0 -38.4849 0 0 38.4849 0
56.9668 0 -56.9668 0 0 56.9668 0
84.2785 0 -84.2785 0 0 84.2785 0
101.95 0 -101.95 0 0 101.95 0
119.287 0 -119.287 0 0 119.287 0
130.213 0 -130.213 0 0 130.213 0
138.892 0 -138.892 0 0 138.892 0
147.966 0 -147.966 0 0 147.966 0
121.214 0 -121.214 0 0 121.214 0
102.675 0 -102.675 0 0 102.675 0
80.7472 0 -80.7472 0 0 80.7472 0
61.1887 0 -61.1887 0 0 61.1887 0
39.766 0 -39.766 0 0 39.766 0
21.5925 0 -21.5925 0 0 21.5925 0
0.756816 0 -0.756816 0 0 0.756816 0
-15.193 0 15.193 0 0 -15.193 0
-34.378 0 34.378 0 0 -34.378 0
-56.6882 0 56.6882 0 0 -56.6882 0
-75.7978 0 75.7978 0 0 -75.7978 0
-97.0325 0 97.0325 0 0 -97.0325 0
-113.175 0 113.175 0 0 -113.175 0
-123.759 0 123.759 0 0 -123.759 0
-134.948 0 134.948 0 0 -134.948 0
-142.676 0 142.676 0 0 -142.676 0
-114.718 0 114.718 0 0 -114.718 0
-89.6106 0 89.6106 0 0 -89.6106 0
-74.2791 0 74.2791 0 0 -74.2791 0
-57.9645 0 57.9645 0 0 -57.9645 0
-33.1878 0 33.1878 0 0 -33.1878 0
-22.4025 0 22.4025 0 0 -22.4025 0
3.39277 0 -3.39277 0 0 3.39277 0
15.4331 0 -15.4331 0 0 15.4331 0
15.5402 0 -15.5402 0 0 15.5402 0
53.2345 0 -53.2345 0 0 53.2345 0
78.9793 0 -78.9793 0 0 78.9793 0
110.63 0 -110.63 0 0 110.63 0
129.981 0 -129.981 0 0 129.981 0
143.877 0 -143.877 0 0 143.877 0
157.077 0 -157.077 0 0 157.077 0
169.058 0 -169.058 0 0 169.058 0
174.263 0 -174.263 0 0 174.263 0
141.905 0 -141.905 0 0 141.905 0
112.445 0 -112.445 0 0 112.445 0
87.6655 0 -87.6655 0 0 87.6655 0
63.2617 0 -63.2617 0 0 63.2617 0
32.8769 0 -32.8769 0 0 32.8769 0
5.71861 0 -5.71861 0 0 5.71861 0
-19.4402 0 19.4402 0 0 -19.4402 0
-51.3503 0 51.3503 0 0 -51.3503 0
-83.7378 0 83.7378 0 0 -83.7378 0
-101.385 0 101.385 0 0 -101.385 0
-115.664 0 115.664 0 0 -115.664 0
-129.96 0 129.96 0 0 -129.96 0
-142.272 0 142.272 0 0 -142.272 0
-153.625 0 153.625 0 0 -153.625 0
-165.295 0 165.295 0 0 -165.295 0
-167.299 0 167.299 0 0 -167.299 0
-134.968 0 134.968 0 0 -134.968 0
-107.66 0 107.66 0 0 -107.66 0
-84.6085 0 84.6085 0 0 -84.6085 0
-59.8588 0 59.8588 0 0 -59.8588 0
-29.5922 0 29.5922 0 0 -29.5922 0
-5.41992 0 5.41992 0 0 -5.41992 0
16.1601 0 -16.1601 0 0 16.1601 0
42.3663 0 -42.3663 0 0 42.3663 0
43.5884 0 -43.5884 0 0 43.5884 0
67.733 0 -67.733 0 0 67.733 0
94.9691 0 -94.9691 0 0 94.9691 0
118.255 0 -118.255 0 0 118.255 0
130.301 0 -130.301 0 0 130.301 0
139.395 0 -139.395 0 0 139.395 0
153.641 0 -153.641 0 0 153.641 0
165.611 0 -165.611 0 0 165.611 0
173.963 0 -173.963 0 0 173.963 0
142.476 0 -142.476 0 0 142.476 0
106.841 0 -106.841 0 0 106.841 0
80.6889 0 -80.6889 0 0 80.6889 0
58.5329 0 -58.5329 0 0 58.5329 0
25.2388 0 -25.2388 0 0 25.2388 0
-0.285715 0 0.285715 0 0 -0.285715 0
-26.6611 0 26.6611 0 0 -26.6611 0
-46.247 0 46.247 0 0 -46.247 0
-72.6946 0 72.6946 0 0 -72.6946 0
-95.7866 0 95.7866 0 0 -95.7866 0
-113.596 0 113.596 0 0 -113.596 0
-124.755 0 124.755 0 0 -124.755 0
-139.202 0 139.202 0 0 -139.202 0
-148.131 0 148.131 0 0 -148.131 0
-157.456 0 157.456 0 0 -157.456 0
-166.863 0 166.863 0 0 -166.863 0
-130.912 0 130.912 0 0 -130.912 0
-101.245 0 101.245 0 0 -101.245 0
-76.7931 0 76.7931 0 0 -76.7931 0
-49.92 0 49.92 0 0 -49.92 0
-25.6807 0 25.6807 0 0 -25.6807 0
-0.676183 0 0.676183 0 0 -0.676183 0
23.9539 0 -23.9539 0 0 23.9539 0
44.2611 0 -44.2611 0 0 44.2611 0
54.514 0 -54.514 0 0 54.514 0
76.0155 0 -76.0155 0 0 76.0155 0
93.7225 0 -93.7225 0 0 93.7225 0
117.702 0 -117.702 0 0 117.702 0
130.987 0 -130.987 0 0 130.987 0
142.436 0 -142.436 0 0 142.436 0
152.805 0 -152.805 0 0 152.805 0
165.079 0 -165.079 0 0 165.079 0
174.279 0 -174.279 0 0 174.279 0
130.063 0 -130.063 0 0 130.063 0
111.299 0 -111.299 0 0 111.299 0
75.438 0 -75.438 0 0 75.438 0
58.6703 0 -58.6703 0 0 58.6703 0
27.661 0 -27.661 0 0 27.661 0
5.10314 0 -5.10314 0 0 5.10314 0
-32.1052 0 32.1052 0 0 -32.1052 0
-55.9441 0 55.9441 0 0 -55.9441 0
-79.4087 0 79.4087 0 0 -79.4087 0
-100.582 0 100.582 0 0 -100.582 0
-116.791 0 116.791 0 0 -116.791 0
-125.091 0 125.091 0 0 -125.091 0
-138.827 0 138.827 0 0 -138.827 0
-151.034 0 151.034 0 0 -151.034 0
-157.535 0 157.535 0 0 -157.535 0
-166.926 0 166.926 0 0 -166.926 0
-127.038 0 127.038 0 0 -127.038 0
-100.455 0 100.455 0 0 -100.455 0
-75.2361 0 75.2361 0 0 -75.2361 0
-51.2277 0 51.2277 0 0 -51.2277 0
-18.9756 0 18.9756 0 0 -18.9756 0
1.61669 0 -1.61669 0 0 1.61669 0
15.7644 0 -15.7644 0 0 15.7644 0
36.8029 0 -36.8029 0 0 36.8029 0
36.8374 0 -36.8374 0 0 36.8374 0
75.1954 0 -75.1954 0 0 75.1954 0
108.657 0 -108.657 0 0 108.657 0
127.841 0 -127.841 0 0 127.841 0
144.189 0 -144.189 0 0 144.189 0
159.026 0 -159.026 0 0 159.026 0
174.331 0 -174.331 0 0 174.331 0
174.912 0 -174.912 0 0 174.912 0
175.516 0 -175.516 0 0 175.516 0
140.258 0 -140.258 0 0 140.258 0
105.089 0 -105.089 0 0 105.089 0
76.447 0 -76.447 0 0 76.447 0
39.4372 0 -39.4372 0 0 39.4372 0
5.8278 0 -5.8278 0 0 5.8278 0
-26.4089 0 26.4089 0 0 -26.4089 0
-56.0068 0 56.0068 0 0 -56.0068 0
-77.4475 0 77.4475 0 0 -77.4475 0
-103.667 0 103.667 0 0 -103.667 0
-115.193 0 115.193 0 0 -115.193 0
-129.22 0 129.22 0 0 -129.22 0
-140.701 0 140.701 0 0 -140.701 0
-155.124 0 155.124 0 0 -155.124 0
-167.36 0 167.36 0 0 -167.36 0
-168.007 0 168.007 0 0 -168.007 0
-168.598 0 168.598 0 0 -168.598 0
-131.181 0 131.181 0 0 -131.181 0
-98.1051 0 98.1051 0 0 -98.1051 0
-70.5662 0 70.5662 0 0 -70.5662 0
-33.0121 0 33.0121 0 0 -33.0121 0
-5.16946 0 5.16946 0 0 -5.16946 0
19.819 0 -19.819 0 0 19.819 0
43.6696 0 -43.6696 0 0 43.6696 0
67.2746 0 -67.2746 0 0 67.2746 0
67.1859 0 -67.1859 0 0 67.1859 0
93.3038 0 -93.3038 0 0 93.3038 0
109.778 0 -109.778 0 0 109.778 0
121.156 0 -121.156 0 0 121.156 0
131.751 0 -131.751 0 0 131.751 0
142.318 0 -142.318 0 0 142.318 0
155.271 0 -155.271 0 0 155.271 0
166.088 0 -166.088 0 0 166.088 0
175.531 0 -175.531 0 0 175.531 0
136.237 0 -136.237 0 0 136.237 0
101.8 0 -101.8 0 0 101.8 0
70.9861 0 -70.9861 0 0 70.9861 0
39.1612 0 -39.1612 0 0 39.1612 0
4.71383 0 -4.71383 0 0 4.71383 0
-21.0057 0 21.0057 0 0 -21.0057 0
-41.7178 0 41.7178 0 0 -41.7178 0
-57.6168 0 57.6168 0 0 -57.6168 0
-84.1436 0 84.1436 0 0 -84.1436 0
-105.185 0 105.185 0 0 -105.185 0
-117.74 0 117.74 0 0 -117.74 0
-125.692 0 125.692 0 0 -125.692 0
-134.92 0 134.92 0 0 -134.92 0
-148.925 0 148.925 0 0 -148.925 0
-159.098 0 159.098 0 0 -159.098 0
-167.547 0 167.547 0 0 -167.547 0
-127.423 0 127.423 0 0 -127.423 0
-96.5903 0 96.5903 0 0 -96.5903 0
-63.4615 0 63.4615 0 0 -63.4615 0
-28.2568 0 28.2568 0 0 -28.2568 0
1.58099 0 -1.58099 0 0 1.58099 0
25.6515 0 -25.6515 0 0 25.6515 0
44.4997 0 -44.4997 0 0 44.4997 0
63.6009 0 -63.6009 0 0 63.6009 0
63.3775 0 -63.3775 0 0 63.3775 0
93.1768 0 -93.1768 0 0 93.1768 0
110.694 0 -110.694 0 0 110.694 0
121.509 0 -121.509 0 0 121.509 0
132.843 0 -132.843 0 0 132.843 0
141.814 0 -141.814 0 0 141.814 0
156.696 0 -156.696 0 0 156.696 0
166.273 0 -166.273 0 0 166.273 0
175.545 0 -175.545 0 0 175.545 0
133.615 0 -133.615 0 0 133.615 0
104.698 0 -104.698 0 0 104.698 0
69.2866 0 -69.2866 0 0 69.2866 0
32.5305 0 -32.5305 0 0 32.5305 0
2.16757 0 -2.16757 0 0 2.16757 0
-18.7006 0 18.7006 0 0 -18.7006 0
-43.5167 0 43.5167 0 0 -43.5167 0
-61.7503 0 61.7503 0 0 -61.7503 0
-87.6837 0 87.6837 0 0 -87.6837 0
-106.83 0 106.83 0 0 -106.83 0
-118.077 0 118.077 0 0 -118.077 0
-126.672 0 126.672 0 0 -126.672 0
-135.767 0 135.767 0 0 -135.767 0
-149.317 0 149.317 0 0 -149.317 0
-158.795 0 158.795 0 0 -158.795 0
-168.597 0 168.597 0 0 -168.597 0
-117.794 0 117.794 0 0 -117.794 0
-89.8176 0 89.8176 0 0 -89.8176 0
-57.7433 0 57.7433 0 0 -57.7433 0
-16.6617 0 16.6617 0 0 -16.6617 0
5.54081 0 -5.54081 0 0 5.54081 0
24.6218 0 -24.6218 0 0 24.6218 0
47.0927 0 -47.0927 0 0 47.0927 0
64.8421 0 -64.8421 0 0 64.8421 0
64.8718 0 -64.8718 0 0 64.8718 0
107.394 0 -107.394 0 0 107.394 0
123.621 0 -123.621 0 0 123.621 0
137.431 0 -137.431 0 0 137.431 0
157.317 0 -157.317 0 0 157.317 0
173.147 0 -173.147 0 0 173.147 0
176.281 0 -176.281 0 0 176.281 0
177.325 0 -177.325 0 0 177.325 0
178.195 0 -178.195 0 0 178.195 0
127.629 0 -127.629 0 0 127.629 0
84.9845 0 -84.9845 0 0 84.9845 0
47.9802 0 -47.9802 0 0 47.9802 0
2.41584 0 -2.41584 0 0 2.41584 0
-28.8874 0 28.8874 0 0 -28.8874 0
-51.0807 0 51.0807 0 0 -51.0807 0
-80.1247 0 80.1247 0 0 -80.1247 0
-103.758 0 103.758 0 0 -103.758 0
-116.317 0 116.317 0 0 -116.317 0
-125.2 0 125.2 0 0 -125.2 0
-138.385 0 138.385 0 0 -138.385 0
-152.999 0 152.999 0 0 -152.999 0
-166.661 0 166.661 0 0 -166.661 0
-169.488 0 169.488 0 0 -169.488 0
-170.358 0 170.358 0 0 -170.358 0
-171.116 0 171.116 0 0 -171.116 0
-119.935 0 119.935 0 0 -119.935 0
-79.9334 0 79.9334 0 0 -79.9334 0
-33.7524 0 33.7524 0 0 -33.7524 0
-2.13856 0 2.13856 0 0 -2.13856 0
22.514 0 -22.514 0 0 22.514 0
40.3325 0 -40.3325 0 0 40.3325 0
63.8312 0 -63.8312 0 0 63.8312 0
81.1382 0 -81.1382 0 0 81.1382 0
81.184 0 -81.184 0 0 81.184 0
104.193 0 -104.193 0 0 104.193 0
116.021 0 -116.021 0 0 116.021 0
125.574 0 -125.574 0 0 125.574 0
135.968 0 -135.968 0 0 135.968 0
149.662 0 -149.662 0 0 149.662 0
160.729 0 -160.729 0 0 160.729 0
171.4 0 -171.4 0 0 171.4 0
178.196 0 -178.196 0 0 178.196 0
124.249 0 -124.249 0 0 124.249 0
89.1671 0 -89.1671 0 0 89.1671 0
43.7017 0 -43.7017 0 0 43.7017 0
7.2838 0 -7.2838 0 0 7.2838 0
-16.8109 0 16.8109 0 0 -16.8109 0
-38.9468 0 38.9468 0 0 -38.9468 0
-60.2925 0 60.2925 0 0 -60.2925 0
-80.0182 0 80.0182 0 0 -80.0182 0
-98.1147 0 98.1147 0 0 -98.1147 0
-110.731 0 110.731 0 0 -110.731 0
-120.167 0 120.167 0 0 -120.167 0
-130.032 0 130.032 0 0 -130.032 0
-141.959 0 141.959 0 0 -141.959 0
-151.753 0 151.753 0 0 -151.753 0
-163.334 0 163.334 0 0 -163.334 0
-171.232 0 171.232 0 0 -171.232 0
-115.039 0 115.039 0 0 -115.039 0
-77.5761 0 77.5761 0 0 -77.5761 0
-34.8245 0 34.8245 0 0 -34.8245 0
0.491006 0 -0.491006 0 0 0.491006 0
21.4868 0 -21.4868 0 0 21.4868 0
43.5837 0 -43.5837 0 0 43.5837 0
65.0635 0 -65.0635 0 0 65.0635 0
82.9597 0 -82.9597 0 0 82.9597 0
82.8561 0 -82.8561 0 0 82.8561 0
107.32 0 -107.32 0 0 107.32 0
116.189 0 -116.189 0 0 116.189 0
126.344 0 -126.344 0 0 126.344 0
136.791 0 -136.791 0 0 136.791 0
151.63 0 -151.63 0 0 151.63 0
159.642 0 -159.642 0 0 159.642 0
171.287 0 -171.287 0 0 171.287 0
177.397 0 -177.397 0 0 177.397 0
128.305 0 -128.305 0 0 128.305 0
83.8697 0 -83.8697 0 0 83.8697 0
47.9969 0 -47.9969 0 0 47.9969 0
6.42784 0 -6.42784 0 0 6.42784 0
-24.4186 0 24.4186 0 0 -24.4186 0
-42.6137 0 42.6137 0 0 -42.6137 0
-63.7248 0 63.7248 0 0 -63.7248 0
-75.1107 0 75.1107 0 0 -75.1107 0
-100.278 0 100.278 0 0 -100.278 0
-110.56 0 110.56 0 0 -110.56 0
-120.082 0 120.082 0 0 -120.082 0
-130.22 0 130.22 0 0 -130.22 0
-140.939 0 140.939 0 0 -140.939 0
-153.448 0 153.448 0 0 -153.448 0
-163.811 0 163.811 0 0 -163.811 0
-169.311 0 169.311 0 0 -169.311 0
-112.837 0 112.837 0 0 -112.837 0
-71.1495 0 71.1495 0 0 -71.1495 0
-33.3839 0 33.3839 0 0 -33.3839 0
-0.761613 0 0.761613 0 0 -0.761613 0
18.2879 0 -18.2879 0 0 18.2879 0
42.4184 0 -42.4184 0 0 42.4184 0
60.0709 0 -60.0709 0 0 60.0709 0
78.3008 0 -78.3008 0 0 78.3008 0
78.3327 0 -78.3327 0 0 78.3327 0
107.762 0 -107.762 0 0 107.762 0
121.914 0 -121.914 0 0 121.914 0
136.184 0 -136.184 0 0 136.184 0
151.663 0 -151.663 0 0 151.663 0
166.684 0 -166.684 0 0 166.684 0
178.355 0 -178.355 0 0 178.355 0
179.725 0 -179.725 0 0 179.725 0
180.886 0 -180.886 0 0 180.886 0
115.84 0 -115.84 0 0 115.84 0
69.3479 0 -69.3479 0 0 69.3479 0
14.9799 0 -14.9799 0 0 14.9799 0
-13.0608 0 13.0608 0 0 -13.0608 0
-37.2311 0 37.2311 0 0 -37.2311 0
-61.2518 0 61.2518 0 0 -61.2518 0
-80.5464 0 80.5464 0 0 -80.5464 0
-103.544 0 103.544 0 0 -103.544 0
-112.012 0 112.012 0 0 -112.012 0
-125.461 0 125.461 0 0 -125.461 0
-137.409 0 137.409 0 0 -137.409 0
-148.984 0 148.984 0 0 -148.984 0
-160.587 0 160.587 0 0 -160.587 0
-171.443 0 171.443 0 0 -171.443 0
-172.58 0 172.58 0 0 -172.58 0
-173.589 0 173.589 0 0 -173.589 0
-118.887 0 118.887 0 0 -118.887 0
-70.2794 0 70.2794 0 0 -70.2794 0
-21.2624 0 21.2624 0 0 -21.2624 0
9.12502 0 -9.12502 0 0 9.12502 0
30.7284 0 -30.7284 0 0 30.7284 0
50.3356 0 -50.3356 0 0 50.3356 0
70.4067 0 -70.4067 0 0 70.4067 0
88.2378 0 -88.2378 0 0 88.2378 0
88.6597 0 -88.6597 0 0 88.6597 0
108.78 0 -108.78 0 0 108.78 0
118.627 0 -118.627 0 0 118.627 0
129.109 0 -129.109 0 0 129.109 0
139.688 0 -139.688 0 0 139.688 0
150.996 0 -150.996 0 0 150.996 0
160.73 0 -160.73 0 0 160.73 0
172.166 0 -172.166 0 0 172.166 0
179.946 0 -179.946 0 0 179.946 0
115.599 0 -115.599 0 0 115.599 0
62.1428 0 -62.1428 0 0 62.1428 0
14.9004 0 -14.9004 0 0 14.9004 0
-14.6171 0 14.6171 0 0 -14.6171 0
-31.8955 0 31.8955 0 0 -31.8955 0
-47.4261 0 47.4261 0 0 -47.4261 0
-66.1511 0 66.1511 0 0 -66.1511 0
-86.4985 0 86.4985 0 0 -86.4985 0
-106.431 0 106.431 0 0 -106.431 0
-114.935 0 114.935 0 0 -114.935 0
-127.958 0 127.958 0 0 -127.958 0
-138.436 0 138.436 0 0 -138.436 0
-145.905 0 145.905 0 0 -145.905 0
-155.132 0 155.132 0 0 -155.132 0
-168.735 0 168.735 0 0 -168.735 0
-173.567 0 173.567 0 0 -173.567 0
-101.045 0 101.045 0 0 -101.045 0
-51.7738 0 51.7738 0 0 -51.7738 0
-2.4819 0 2.4819 0 0 -2.4819 0
13.9508 0 -13.9508 0 0 13.9508 0
35.2633 0 -35.2633 0 0 35.2633 0
53.3746 0 -53.3746 0 0 53.3746 0
69.1497 0 -69.1497 0 0 69.1497 0
85.1524 0 -85.1524 0 0 85.1524 0
85.1604 0 -85.1604 0 0 85.1604 0
113.154 0 -113.154 0 0 113.154 0
128.926 0 -128.926 0 0 128.926 0
146.892 0 -146.892 0 0 146.892 0
164.325 0 -164.325 0 0 164.325 0
175.495 0 -175.495 0 0 175.495 0
182.31 0 -182.31 0 0 182.31 0
184.247 0 -184.247 0 0 184.247 0
185.968 0 -185.968 0 0 185.968 0
111.378 0 -111.378 0 0 111.378 0
45.4041 0 -45.4041 0 0 45.4041 0
-6.58839 0 6.58839 0 0 -6.58839 0
-29.4743 0 29.4743 0 0 -29.4743 0
-52.5779 0 52.5779 0 0 -52.5779 0
-73.8169 0 73.8169 0 0 -73.8169 0
-88.9745 0 88.9745 0 0 -88.9745 0
-109.936 0 109.936 0 0 -109.936 0
-122.594 0 122.594 0 0 -122.594 0
-135.777 0 135.777 0 0 -135.777 0
-145.993 0 145.993 0 0 -145.993 0
-158.771 0 158.771 0 0 -158.771 0
-170.889 0 170.889 0 0 -170.889 0
-175.092 0 175.092 0 0 -175.092 0
-176.858 0 176.858 0 0 -176.858 0
-178.534 0 178.534 0 0 -178.534 0
-104.739 0 104.739 0 0 -104.739 0
-40.8678 0 40.8678 0 0 -40.8678 0
4.06921 0 -4.06921 0 0 4.06921 0
22.8232 0 -22.8232 0 0 22.8232 0
44.7108 0 -44.7108 0 0 44.7108 0
61.4954 0 -61.4954 0 0 61.4954 0
80.4025 0 -80.4025 0 0 80.4025 0
93.9357 0 -93.9357 0 0 93.9357 0
93.8932 0 -93.8932 0 0 93.8932 0
113.742 0 -113.742 0 0 113.742 0
125.122 0 -125.122 0 0 125.122 0
135.838 0 -135.838 0 0 135.838 0
146.722 0 -146.722 0 0 146.722 0
156.516 0 -156.516 0 0 156.516 0
167.256 0 -167.256 0 0 167.256 0
176.647 0 -176.647 0 0 176.647 0
185.856 0 -185.856 0 0 185.856 0
109.775 0 -109.775 0 0 109.775 0
50.2985 0 -50.2985 0 0 50.2985 0
-3.78873 0 3.78873 0 0 -3.78873 0
-24.0285 0 24.0285 0 0 -24.0285 0
-42.5729 0 42.5729 0 0 -42.5729 0
-59.3936 0 59.3936 0 0 -59.3936 0
-77.5493 0 77.5493 0 0 -77.5493 0
-94.0151 0 94.0151 0 0 -94.0151 0
-111.567 0 111.567 0 0 -111.567 0
-123.529 0 123.529 0 0 -123.529 0
-132.666 0 132.666 0 0 -132.666 0
-143.078 0 143.078 0 0 -143.078 0
-152.348 0 152.348 0 0 -152.348 0
-160.605 0 160.605 0 0 -160.605 0
-172.345 0 172.345 0 0 -172.345 0
-178.314 0 178.314 0 0 -178.314 0
-108.417 0 108.417 0 0 -108.417 0
-40.312 0 40.312 0 0 -40.312 0
3.14596 0 -3.14596 0 0 3.14596 0
23.2346 0 -23.2346 0 0 23.2346 0
43.2373 0 -43.2373 0 0 43.2373 0
62.2789 0 -62.2789 0 0 62.2789 0
79.1446 0 -79.1446 0 0 79.1446 0
97.0072 0 -97.0072 0 0 97.0072 0
97.668 0 -97.668 0 0 97.668 0
118.542 0 -118.542 0 0 118.542 0
132.019 0 -132.019 0 0 132.019 0
147.758 0 -147.758 0 0 147.758 0
161.494 0 -161.494 0 0 161.494 0
174.721 0 -174.721 0 0 174.721 0
186.698 0 -186.698 0 0 186.698 0
188.936 0 -188.936 0 0 188.936 0
191.16 0 -191.16 0 0 191.16 0
101.839 0 -101.839 0 0 101.839 0
23.652 0 -23.652 0 0 23.652 0
-15.1985 0 15.1985 0 0 -15.1985 0
-37.1967 0 37.1967 0 0 -37.1967 0
-58.1756 0 58.1756 0 0 -58.1756 0
-73.941 0 73.941 0 0 -73.941 0
-96.3775 0 96.3775 0 0 -96.3775 0
-112.008 0 112.008 0 0 -112.008 0
-123.509 0 123.509 0 0 -123.509 0
-135.14 0 135.14 0 0 -135.14 0
-146.915 0 146.915 0 0 -146.915 0
-157.757 0 157.757 0 0 -157.757 0
-168.968 0 168.968 0 0 -168.968 0
-178.85 0 178.85 0 0 -178.85 0
-181.57 0 181.57 0 0 -181.57 0
-183.516 0 183.516 0 0 -183.516 0
-96.4511 0 96.4511 0 0 -96.4511 0
-27.4973 0 27.4973 0 0 -27.4973 0
12.2242 0 -12.2242 0 0 12.2242 0
30.9356 0 -30.9356 0 0 30.9356 0
48.8325 0 -48.8325 0 0 48.8325 0
67.078 0 -67.078 0 0 67.078 0
82.9232 0 -82.9232 0 0 82.9232 0
105.947 0 -105.947 0 0 105.947 0
107.046 0 -107.046 0 0 107.046 0
120.784 0 -120.784 0 0 120.784 0
128.755 0 -128.755 0 0 128.755 0
141.565 0 -141.565 0 0 141.565 0
150.949 0 -150.949 0 0 150.949 0
161.446 0 -161.446 0 0 161.446 0
172.116 0 -172.116 0 0 172.116 0
182.677 0 -182.677 0 0 182.677 0
191.175 0 -191.175 0 0 191.175 0
95.82 0 -95.82 0 0 95.82 0
21.9299 0 -21.9299 0 0 21.9299 0
-12.9613 0 12.9613 0 0 -12.9613 0
-31.3678 0 31.3678 0 0 -31.3678 0
-50.2891 0 50.2891 0 0 -50.2891 0
-62.9609 0 62.9609 0 0 -62.9609 0
-81.4033 0 81.4033 0 0 -81.4033 0
-98.6145 0 98.6145 0 0 -98.6145 0
-115.332 0 115.332 0 0 -115.332 0
-125.841 0 125.841 0 0 -125.841 0
-136.262 0 136.262 0 0 -136.262 0
-145.612 0 145.612 0 0 -145.612 0
-156.26 0 156.26 0 0 -156.26 0
-165.079 0 165.079 0 0 -165.079 0
-175.161 0 175.161 0 0 -175.161 0
-183.51 0 183.51 0 0 -183.51 0
-87.2288 0 87.2288 0 0 -87.2288 0
-21.9859 0 21.9859 0 0 -21.9859 0
11.1598 0 -11.1598 0 0 11.1598 0
31.2053 0 -31.2053 0 0 31.2053 0
50.1215 0 -50.1215 0 0 50.1215 0
65.5946 0 -65.5946 0 0 65.5946 0
86.3278 0 -86.3278 0 0 86.3278 0
101.054 0 -101.054 0 0 101.054 0
100.691 0 -100.691 0 0 100.691 0
121.091 0 -121.091 0 0 121.091 0
135.536 0 -135.536 0 0 135.536 0
149.389 0 -149.389 0 0 149.389 0
163.545 0 -163.545 0 0 163.545 0
175.86 0 -175.86 0 0 175.86 0
188.769 0 -188.769 0 0 188.769 0
162.09 0 -162.09 0 0 162.09 0
121.892 0 -121.892 0 0 121.892 0
17.7883 0 -17.7883 0 0 17.7883 0
-16.6835 0 16.6835 0 0 -16.6835 0
-33.0651 0 33.0651 0 0 -33.0651 0
-53.6743 0 53.6743 0 0 -53.6743 0
-68.6455 0 68.6455 0 0 -68.6455 0
-85.74 0 85.74 0 0 -85.74 0
-103.124 0 103.124 0 0 -103.124 0
-118.139 0 118.139 0 0 -118.139 0
-127.568 0 127.568 0 0 -127.568 0
-138.676 0 138.676 0 0 -138.676 0
-149.233 0 149.233 0 0 -149.233 0
-159.347 0 159.347 0 0 -159.347 0
-170.077 0 170.077 0 0 -170.077 0
-181.603 0 181.603 0 0 -181.603 0
-159.036 0 159.036 0 0 -159.036 0
-117.594 0 117.594 0 0 -117.594 0
-19.932 0 19.932 0 0 -19.932 0
7.86053 0 -7.86053 0 0 7.86053 0
18.3688 0 -18.3688 0 0 18.3688 0
29.8095 0 -29.8095 0 0 29.8095 0
39.3095 0 -39.3095 0 0 39.3095 0
49.2818 0 -49.2818 0 0 49.2818 0
59.5308 0 -59.5308 0 0 59.5308 0
71.5446 0 -71.5446 0 0 71.5446 0
71.9137 0 -71.9137 0 0 71.9137 0
78.3831 0 -78.3831 0 0 78.3831 0
84.4045 0 -84.4045 0 0 84.4045 0
91.0638 0 -91.0638 0 0 91.0638 0
97.0618 0 -97.0618 0 0 97.0618 0
103.084 0 -103.084 0 0 103.084 0
109.716 0 -109.716 0 0 109.716 0
116.608 0 -116.608 0 0 116.608 0
121.752 0 -121.752 0 0 121.752 0
23.8347 0 -23.8347 0 0 23.8347 0
-7.58704 0 7.58704 0 0 -7.58704 0
-18.1226 0 18.1226 0 0 -18.1226 0
-29.0864 0 29.0864 0 0 -29.0864 0
-39.227 0 39.227 0 0 -39.227 0
-50.6058 0 50.6058 0 0 -50.6058 0
-59.7057 0 59.7057 0 0 -59.7057 0
-66.9078 0 66.9078 0 0 -66.9078 0
-76.0355 0 76.0355 0 0 -76.0355 0
-81.3135 0 81.3135 0 0 -81.3135 0
-88.272 0 88.272 0 0 -88.272 0
-93.7265 0 93.7265 0 0 -93.7265 0
-99.4797 0 99.4797 0 0 -99.4797 0
-106.381 0 106.381 0 0 -106.381 0
-112.58 0 112.58 0 0 -112.58 0
-117.465 0 117.465 0 0 -117.465 0
0.10864 0 -0.10864 0 0 0.10864 0
9.13395 0 -9.13395 0 0 9.13395 0
19.2265 0 -19.2265 0 0 19.2265 0
31.7869 0 -31.7869 0 0 31.7869 0
42.2911 0 -42.2911 0 0 42.2911 0
52.4198 0 -52.4198 0 0 52.4198 0
62.1712 0 -62.1712 0 0 62.1712 0
69.1586 0 -69.1586 0 0 69.1586 0
68.6745 0 -68.6745 0 0 68.6745 0
78.4516 0 -78.4516 0 0 78.4516 0
87.4572 0 -87.4572 0 0 87.4572 0
94.1637 0 -94.1637 0 0 94.1637 0
102.306 0 -102.306 0 0 102.306 0
109.798 0 -109.798 0 0 109.798 0
117.514 0 -117.514 0 0 117.514 0
103.243 0 -103.243 0 0 103.243 0
48.72 0 -48.72 0 0 48.72 0
-7.65181 0 7.65181 0 0 -7.65181 0
-16.2074 0 16.2074 0 0 -16.2074 0
-27.0875 0 27.0875 0 0 -27.0875 0
-38.0489 0 38.0489 0 0 -38.0489 0
-48.5227 0 48.5227 0 0 -48.5227 0
-58.4552 0 58.4552 0 0 -58.4552 0
-70.7644 0 70.7644 0 0 -70.7644 0
-75.6208 0 75.6208 0 0 -75.6208 0
-81.962 0 81.962 0 0 -81.962 0
-88.9902 0 88.9902 0 0 -88.9902 0
-95.1899 0 95.1899 0 0 -95.1899 0
-101.9 0 101.9 0 0 -101.9 0
-107.857 0 107.857 0 0 -107.857 0
-114.685 0 114.685 0 0 -114.685 0
-94.7373 0 94.7373 0 0 -94.7373 0
-49.3385 0 49.3385 0 0 -49.3385 0
2.55693 0 -2.55693 0 0 2.55693 0
6.41577 0 -6.41577 0 0 6.41577 0
10.3739 0 -10.3739 0 0 10.3739 0
13.4427 0 -13.4427 0 0 13.4427 0
17.8747 0 -17.8747 0 0 17.8747 0
22.0923 0 -22.0923 0 0 22.0923 0
25.2972 0 -25.2972 0 0 25.2972 0
29.2641 0 -29.2641 0 0 29.2641 0
28.6239 0 -28.6239 0 0 28.6239 0
31.996 0 -31.996 0 0 31.996 0
34.365 0 -34.365 0 0 34.365 0
36.9559 0 -36.9559 0 0 36.9559 0
39.4382 0 -39.4382 0 0 39.4382 0
42.3293 0 -42.3293 0 0 42.3293 0
44.5715 0 -44.5715 0 0 44.5715 0
46.4599 0 -46.4599 0 0 46.4599 0
48.5954 0 -48.5954 0 0 48.5954 0
-3.00217 0 3.00217 0 0 -3.00217 0
-6.74565 0 6.74565 0 0 -6.74565 0
-10.84 0 10.84 0 0 -10.84 0
-15.1924 0 15.1924 0 0 -15.1924 0
-18.8294 0 18.8294 0 0 -18.8294 0
-22.8465 0 22.8465 0 0 -22.8465 0
-26.9714 0 26.9714 0 0 -26.9714 0
-30.5484 0 30.5484 0 0 -30.5484 0
-32.58 0 32.58 0 0 -32.58 0
-35.1359 0 35.1359 0 0 -35.1359 0
-37.4968 0 37.4968 0 0 -37.4968 0
-40.0356 0 40.0356 0 0 -40.0356 0
-42.4286 0 42.4286 0 0 -42.4286 0
-45.1244 0 45.1244 0 0 -45.1244 0
-47.7096 0 47.7096 0 0 -47.7096 0
-46.7861 0 46.7861 0 0 -46.7861 0
2.87798 0 -2.87798 0 0 2.87798 0
6.91906 0 -6.91906 0 0 6.91906 0
10.6897 0 -10.6897 0 0 10.6897 0
15.7741 0 -15.7741 0 0 15.7741 0
18.1174 0 -18.1174 0 0 18.1174 0
22.7672 0 -22.7672 0 0 22.7672 0
26.1072 0 -26.1072 0 0 26.1072 0
28.9106 0 -28.9106 0 0 28.9106 0
28.5459 0 -28.5459 0 0 28.5459 0
32.2271 0 -32.2271 0 0 32.2271 0
35.3862 0 -35.3862 0 0 35.3862 0
37.8959 0 -37.8959 0 0 37.8959 0
41.1444 0 -41.1444 0 0 41.1444 0
43.8721 0 -43.8721 0 0 43.8721 0
46.6436 0 -46.6436 0 0 46.6436 0
48.72 0 -48.72 0 0 48.72 0
48.72 0 -48.72 0 0 48.72 0
-2.93451 0 2.93451 0 0 -2.93451 0
-7.69504 0 7.69504 0 0 -7.69504 0
-11.4459 0 11.4459 0 0 -11.4459 0
-15.3382 0 15.3382 0 0 -15.3382 0
-19.3724 0 19.3724 0 0 -19.3724 0
-24.051 0 24.051 0 0 -24.051 0
-27.0911 0 27.0911 0 0 -27.0911 0
-30.2803 0 30.2803 0 0 -30.2803 0
-31.6689 0 31.6689 0 0 -31.6689 0
-35.3267 0 35.3267 0 0 -35.3267 0
-37.4854 0 37.4854 0 0 -37.4854 0
-39.9918 0 39.9918 0 0 -39.9918 0
-42.5421 0 42.5421 0 0 -42.5421 0
-45.4887 0 45.4887 0 0 -45.4887 0
-46.7712 0 46.7712 0 0 -46.7712 0
-46.7712 0 46.7712 0 0 -46.7712 0
3.22393 0 -3.22393 0 0 3.22393 0
9.27455 0 -9.27455 0 0 9.27455 0
12.7595 0 -12.7595 0 0 12.7595 0
15.0318 0 -15.0318 0 0 15.0318 0
20.7432 0 -20.7432 0 0 20.7432 0
23.7725 0 -23.7725 0 0 23.7725 0
26.1053 0 -26.1053 0 0 26.1053 0
28.7065 0 -28.7065 0 0 28.7065 0
28.4272 0 -28.4272 0 0 28.4272 0
32.0116 0 -32.0116 0 0 32.0116 0
34.4122 0 -34.4122 0 0 34.4122 0
37.0001 0 -37.0001 0 0 37.0001 0
39.6927 0 -39.6927 0 0 39.6927 0
42.8293 0 -42.8293 0 0 42.8293 0
45.0741 0 -45.0741 0 0 45.0741 0
46.7848 0 -46.7848 0 0 46.7848 0
48.5543 0 -48.5543 0 0 48.5543 0
-3.61212 0 3.61212 0 0 -3.61212 0
-6.1162 0 6.1162 0 0 -6.1162 0
-9.86475 0 9.86475 0 0 -9.86475 0
-13.1893 0 13.1893 0 0 -13.1893 0
-17.8779 0 17.8779 0 0 -17.8779 0
-21.2364 0 21.2364 0 0 -21.2364 0
-25.1954 0 25.1954 0 0 -25.1954 0
-28.5926 0 28.5926 0 0 -28.5926 0
-30.4103 0 30.4103 0 0 -30.4103 0
-32.788 0 32.788 0 0 -32.788 0
-35.0428 0 35.0428 0 0 -35.0428 0
-37.7098 0 37.7098 0 0 -37.7098 0
-39.9756 0 39.9756 0 0 -39.9756 0
-42.1513 0 42.1513 0 0 -42.1513 0
-44.6872 0 44.6872 0 0 -44.6872 0
-46.7305 0 46.7305 0 0 -46.7305 0
2.46663 0 -2.46663 0 0 2.46663 0
7.04281 0 -7.04281 0 0 7.04281 0
10.7374 0 -10.7374 0 0 10.7374 0
14.9685 0 -14.9685 0 0 14.9685 0
17.9868 0 -17.9868 0 0 17.9868 0
21.7504 0 -21.7504 0 0 21.7504 0
25.6624 0 -25.6624 0 0 25.6624 0
28.7669 0 -28.7669 0 0 28.7669 0
28.7675 0 -28.7675 0 0 28.7675 0
