0.69715 -0.69715
4.6009 -4.6009
6.41853 -6.41853
17.2369 -17.2369
12.2543 -12.2543
5.85338 -5.85338
5.61582 -5.61582
5.33229 -5.33229
2.79303 -2.79303
-1.67667 1.67667
-7.56531 7.56531
-15.3774 15.3774
-8.88501 8.88501
-0.221566 0.221566
10.3013 -10.3013
19.9597 -19.9597
6.00555 -6.00555
-0.418408 0.418408
-8.37202 8.37202
-13.2371 13.2371
8.94316 -8.94316
20.7549 -20.7549
5.40848 -5.40848
-1.18387 1.18387
-9.81182 9.81182
-13.4059 13.4059
3.0202 -3.0202
6.71741 -6.71741
22.2708 -22.2708
36.2351 -36.2351
37.7751 -37.7751
28.1016 -28.1016
10.453 -10.453
-4.65725 4.65725
-16.9187 16.9187
-30.2772 30.2772
-33.6016 33.6016
-14.2062 14.2062
1.08997 -1.08997
17.8173 -17.8173
30.5447 -30.5447
37.7366 -37.7366
16.9796 -16.9796
-1.7408 1.7408
-3.28401 3.28401
-22.5062 22.5062
-34.118 34.118
-1.78264 1.78264
0.156053 -0.156053
3.8082 -3.8082
30.4944 -30.4944
38.1987 -38.1987
14.0674 -14.0674
-3.4024 3.4024
-7.80974 7.80974
-25.8821 25.8821
-33.6819 33.6819
-16.4202 16.4202
0.982005 -0.982005
4.27319 -4.27319
23.6968 -23.6968
38.1212 -38.1212
51.8146 -51.8146
64.3911 -64.3911
57.242 -57.242
55.658 -55.658
34.7266 -34.7266
23.0514 -23.0514
13.8289 -13.8289
-0.305922 0.305922
-14.9289 14.9289
-25.9625 25.9625
-35.6287 35.6287
-50.1402 50.1402
-60.8803 60.8803
2.1833 -2.1833
3.84655 -3.84655
28.6421 -28.6421
55.3848 -55.3848
66.8602 -66.8602
21.1653 -21.1653
-13.5709 13.5709
-15.5449 15.5449
-17.5874 17.5874
-43.9938 43.9938
-52.1715 52.1715
-63.6729 63.6729
-25.6253 25.6253
12.5107 -12.5107
47.1873 -47.1873
62.5936 -62.5936
67.6058 -67.6058
21.907 -21.907
-8.70594 8.70594
-13.6152 13.6152
-56.5052 56.5052
-62.7582 62.7582
-25.1083 25.1083
7.81779 -7.81779
11.2636 -11.2636
12.7802 -12.7802
40.8993 -40.8993
53.7402 -53.7402
68.3473 -68.3473
80.8132 -80.8132
100.177 -100.177
94.8737 -94.8737
95.2664 -95.2664
95.2664 -95.2664
85.671 -85.671
57.7423 -57.7423
23.4973 -23.4973
-27.6885 27.6885
-50.2589 50.2589
-77.2385 77.2385
-91.113 91.113
-95.3117 95.3117
-91.3845 91.3845
-61.7779 61.7779
-33.0504 33.0504
-5.48883 5.48883
20.4948 -20.4948
24.563 -24.563
55.2874 -55.2874
81.8281 -81.8281
105.605 -105.605
77.2821 -77.2821
41.2941 -41.2941
0.0454961 -0.0454961
-16.1696 16.1696
-62.6267 62.6267
-84.0416 84.0416
-101.256 101.256
-36.0479 36.0479
15.9772 -15.9772
53.4047 -53.4047
85.2001 -85.2001
106.499 -106.499
64.8469 -64.8469
4.54666 -4.54666
-15.7258 15.7258
-64.2717 64.2717
-87.5026 87.5026
-100.073 100.073
-101.419 101.419
-54.6211 54.6211
-7.53874 7.53874
5.49263 -5.49263
7.20272 -7.20272
7.50213 -7.50213
15.9552 -15.9552
16.0042 -16.0042
16.0295 -16.0295
15.8964 -15.8964
15.8695 -15.8695
15.9514 -15.9514
15.9411 -15.9411
15.9482 -15.9482
15.9498 -15.9498
33.1472 -33.1472
49.4009 -49.4009
66.6269 -66.6269
84.7124 -84.7124
93.9604 -93.9604
103.92 -103.92
115.786 -115.786
129.33 -129.33
106.934 -106.934
89.6755 -89.6755
73.75 -73.75
55.2533 -55.2533
43.1287 -43.1287
25.6092 -25.6092
9.12921 -9.12921
-15.0751 15.0751
-28.782 28.782
-51.8223 51.8223
-67.504 67.504
-84.8957 84.8957
-91.0221 91.0221
-100.326 100.326
-116.425 116.425
-125.467 125.467
-103.982 103.982
-87.1723 87.1723
-71.4522 71.4522
-52.4409 52.4409
-41.2242 41.2242
-23.5403 23.5403
-9.72081 9.72081
6.87113 -6.87113
6.79921 -6.79921
23.2765 -23.2765
42.0095 -42.0095
60.8574 -60.8574
76.1213 -76.1213
92.6486 -92.6486
107.728 -107.728
120.958 -120.958
130.079 -130.079
107.989 -107.989
91.2722 -91.2722
73.7367 -73.7367
58.2803 -58.2803
42.8367 -42.8367
24.1531 -24.1531
7.9449 -7.9449
-10.9862 10.9862
-25.9798 25.9798
-40.8965 40.8965
-57.3561 57.3561
-72.3311 72.3311
-92.5318 92.5318
-105.83 105.83
-118.041 118.041
-126.657 126.657
-101.447 101.447
-80.8002 80.8002
-62.2235 62.2235
-49.5899 49.5899
-32.9003 32.9003
-22.0869 22.0869
-8.67436 8.67436
5.89087 -5.89087
5.84462 -5.84462
25.5024 -25.5024
41.8942 -41.8942
58.934 -58.934
75.2042 -75.2042
91.8862 -91.8862
107.164 -107.164
120.513 -120.513
129.218 -129.218
108.72 -108.72
93.4374 -93.4374
74.5225 -74.5225
58.1829 -58.1829
42.9949 -42.9949
26.1263 -26.1263
8.49111 -8.49111
-8.63746 8.63746
-25.5548 25.5548
-43.2636 43.2636
-55.3066 55.3066
-74.0737 74.0737
-91.4657 91.4657
-103.78 103.78
-118.178 118.178
-124.156 124.156
-104.595 104.595
-89.6293 89.6293
-74.0599 74.0599
-56.9439 56.9439
-38.6027 38.6027
-25.6746 25.6746
-9.44036 9.44036
3.94554 -3.94554
3.87895 -3.87895
29.5619 -29.5619
51.8008 -51.8008
73.6716 -73.6716
96.8636 -96.8636
118.284 -118.284
130.909 -130.909
142.914 -142.914
148.631 -148.631
124.923 -124.923
103.579 -103.579
78.9111 -78.9111
59.1111 -59.1111
39.5444 -39.5444
22.6406 -22.6406
-2.46684 2.46684
-20.2642 20.2642
-42.4759 42.4759
-74.0189 74.0189
-88.9269 88.9269
-105.676 105.676
-116.759 116.759
-128.129 128.129
-136.23 136.23
-142.489 142.489
-116.625 116.625
-97.6737 97.6737
-79.1943 79.1943
-58.0341 58.0341
-38.9051 38.9051
-20.1676 20.1676
-2.54483 2.54483
19.2675 -19.2675
23.6959 -23.6959
42.9409 -42.9409
59.7456 -59.7456
80.6448 -80.6448
100.903 -100.903
118.619 -118.619
130.386 -130.386
139.791 -139.791
149.263 -149.263
121.729 -121.729
95.9525 -95.9525
78.3566 -78.3566
56.3617 -56.3617
33.0211 -33.0211
20.5355 -20.5355
-1.94947 1.94947
-20.1729 20.1729
-36.6836 36.6836
-59.2205 59.2205
-83.8626 83.8626
-98.1888 98.1888
-114.161 114.161
-126.266 126.266
-134.043 134.043
-143.943 143.943
-107.269 107.269
-93.3934 93.3934
-76.3103 76.3103
-55.2988 55.2988
-39.3835 39.3835
-20.0459 20.0459
1.95722 -1.95722
20.6319 -20.6319
23.8426 -23.8426
38.4849 -38.4849
56.9668 -56.9668
84.2785 -84.2785
101.95 -101.95
119.287 -119.287
130.213 -130.213
138.892 -138.892
147.966 -147.966
121.214 -121.214
102.675 -102.675
80.7472 -80.7472
61.1887 -61.1887
39.766 -39.766
21.5925 -21.5925
0.756816 -0.756816
-15.193 15.193
-34.378 34.378
-56.6882 56.6882
-75.7978 75.7978
-97.0325 97.0325
-113.175 113.175
-123.759 123.759
-134.948 134.948
-142.676 142.676
-114.718 114.718
-89.6106 89.6106
-74.2791 74.2791
-57.9645 57.9645
-33.1878 33.1878
-22.4025 22.4025
3.39277 -3.39277
15.4331 -15.4331
15.5402 -15.5402
53.2345 -53.2345
78.9793 -78.9793
110.63 -110.63
129.981 -129.981
143.877 -143.877
157.077 -157.077
169.058 -169.058
174.263 -174.263
141.905 -141.905
112.445 -112.445
87.6655 -87.6655
63.2617 -63.2617
32.8769 -32.8769
5.71861 -5.71861
-19.4402 19.4402
-51.3503 51.3503
-83.7378 83.7378
-101.385 101.385
-115.664 115.664
-129.96 129.96
-142.272 142.272
-153.625 153.625
-165.295 165.295
-167.299 167.299
-134.968 134.968
-107.66 107.66
-84.6085 84.6085
-59.8588 59.8588
-29.5922 29.5922
-5.41992 5.41992
16.1601 -16.1601
42.3663 -42.3663
43.5884 -43.5884
67.733 -67.733
94.9691 -94.9691
118.255 -118.255
130.301 -130.301
139.395 -139.395
153.641 -153.641
165.611 -165.611
173.963 -173.963
142.476 -142.476
106.841 -106.841
80.6889 -80.6889
58.5329 -58.5329
25.2388 -25.2388
-0.285715 0.285715
-26.6611 26.6611
-46.247 46.247
-72.6946 72.6946
-95.7866 95.7866
-113.596 113.596
-124.755 124.755
-139.202 139.202
-148.131 148.131
-157.456 157.456
-166.863 166.863
-130.912 130.912
-101.245 101.245
-76.7931 76.7931
-49.92 49.92
-25.6807 25.6807
-0.676183 0.676183
23.9539 -23.9539
44.2611 -44.2611
54.514 -54.514
76.0155 -76.0155
93.7225 -93.7225
117.702 -117.702
130.987 -130.987
142.436 -142.436
152.805 -152.805
165.079 -165.079
174.279 -174.279
130.063 -130.063
111.299 -111.299
75.438 -75.438
58.6703 -58.6703
27.661 -27.661
5.10314 -5.10314
-32.1052 32.1052
-55.9441 55.9441
-79.4087 79.4087
-100.582 100.582
-116.791 116.791
-125.091 125.091
-138.827 138.827
-151.034 151.034
-157.535 157.535
-166.926 166.926
-127.038 127.038
-100.455 100.455
-75.2361 75.2361
-51.2277 51.2277
-18.9756 18.9756
1.61669 -1.61669
15.7644 -15.7644
36.8029 -36.8029
36.8374 -36.8374
75.1954 -75.1954
108.657 -108.657
127.841 -127.841
144.189 -144.189
159.026 -159.026
174.331 -174.331
174.912 -174.912
175.516 -175.516
140.258 -140.258
105.089 -105.089
76.447 -76.447
39.4372 -39.4372
5.8278 -5.8278
-26.4089 26.4089
-56.0068 56.0068
-77.4475 77.4475
-103.667 103.667
-115.193 115.193
-129.22 129.22
-140.701 140.701
-155.124 155.124
-167.36 167.36
-168.007 168.007
-168.598 168.598
-131.181 131.181
-98.1051 98.1051
-70.5662 70.5662
-33.0121 33.0121
-5.16946 5.16946
19.819 -19.819
43.6696 -43.6696
67.2746 -67.2746
67.1859 -67.1859
93.3038 -93.3038
109.778 -109.778
121.156 -121.156
131.751 -131.751
142.318 -142.318
155.271 -155.271
166.088 -166.088
175.531 -175.531
136.237 -136.237
101.8 -101.8
70.9861 -70.9861
39.1612 -39.1612
4.71383 -4.71383
-21.0057 21.0057
-41.7178 41.7178
-57.6168 57.6168
-84.1436 84.1436
-105.185 105.185
-117.74 117.74
-125.692 125.692
-134.92 134.92
-148.925 148.925
-159.098 159.098
-167.547 167.547
-127.423 127.423
-96.5903 96.5903
-63.4615 63.4615
-28.2568 28.2568
1.58099 -1.58099
25.6515 -25.6515
44.4997 -44.4997
63.6009 -63.6009
63.3775 -63.3775
93.1768 -93.1768
110.694 -110.694
121.509 -121.509
132.843 -132.843
141.814 -141.814
156.696 -156.696
166.273 -166.273
175.545 -175.545
133.615 -133.615
104.698 -104.698
69.2866 -69.2866
32.5305 -32.5305
2.16757 -2.16757
-18.7006 18.7006
-43.5167 43.5167
-61.7503 61.7503
-87.6837 87.6837
-106.83 106.83
-118.077 118.077
-126.672 126.672
-135.767 135.767
-149.317 149.317
-158.795 158.795
-168.597 168.597
-117.794 117.794
-89.8176 89.8176
-57.7433 57.7433
-16.6617 16.6617
5.54081 -5.54081
24.6218 -24.6218
47.0927 -47.0927
64.8421 -64.8421
64.8718 -64.8718
107.394 -107.394
123.621 -123.621
137.431 -137.431
157.317 -157.317
173.147 -173.147
176.281 -176.281
177.325 -177.325
178.195 -178.195
127.629 -127.629
84.9845 -84.9845
47.9802 -47.9802
2.41584 -2.41584
-28.8874 28.8874
-51.0807 51.0807
-80.1247 80.1247
-103.758 103.758
-116.317 116.317
-125.2 125.2
-138.385 138.385
-152.999 152.999
-166.661 166.661
-169.488 169.488
-170.358 170.358
-171.116 171.116
-119.935 119.935
-79.9334 79.9334
-33.7524 33.7524
-2.13856 2.13856
22.514 -22.514
40.3325 -40.3325
63.8312 -63.8312
81.1382 -81.1382
81.184 -81.184
104.193 -104.193
116.021 -116.021
125.574 -125.574
135.968 -135.968
149.662 -149.662
160.729 -160.729
171.4 -171.4
178.196 -178.196
124.249 -124.249
89.1671 -89.1671
43.7017 -43.7017
7.2838 -7.2838
-16.8109 16.8109
-38.9468 38.9468
-60.2925 60.2925
-80.0182 80.0182
-98.1147 98.1147
-110.731 110.731
-120.167 120.167
-130.032 130.032
-141.959 141.959
-151.753 151.753
-163.334 163.334
-171.232 171.232
-115.039 115.039
-77.5761 77.5761
-34.8245 34.8245
0.491006 -0.491006
21.4868 -21.4868
43.5837 -43.5837
65.0635 -65.0635
82.9597 -82.9597
82.8561 -82.8561
107.32 -107.32
116.189 -116.189
126.344 -126.344
136.791 -136.791
151.63 -151.63
159.642 -159.642
171.287 -171.287
177.397 -177.397
128.305 -128.305
83.8697 -83.8697
47.9969 -47.9969
6.42784 -6.42784
-24.4186 24.4186
-42.6137 42.6137
-63.7248 63.7248
-75.1107 75.1107
-100.278 100.278
-110.56 110.56
-120.082 120.082
-130.22 130.22
-140.939 140.939
-153.448 153.448
-163.811 163.811
-169.311 169.311
-112.837 112.837
-71.1495 71.1495
-33.3839 33.3839
-0.761613 0.761613
18.2879 -18.2879
42.4184 -42.4184
60.0709 -60.0709
78.3008 -78.3008
78.3327 -78.3327
107.762 -107.762
121.914 -121.914
136.184 -136.184
151.663 -151.663
166.684 -166.684
178.355 -178.355
179.725 -179.725
180.886 -180.886
115.84 -115.84
69.3479 -69.3479
14.9799 -14.9799
-13.0608 13.0608
-37.2311 37.2311
-61.2518 61.2518
-80.5464 80.5464
-103.544 103.544
-112.012 112.012
-125.461 125.461
-137.409 137.409
-148.984 148.984
-160.587 160.587
-171.443 171.443
-172.58 172.58
-173.589 173.589
-118.887 118.887
-70.2794 70.2794
-21.2624 21.2624
9.12502 -9.12502
30.7284 -30.7284
50.3356 -50.3356
70.4067 -70.4067
88.2378 -88.2378
88.6597 -88.6597
108.78 -108.78
118.627 -118.627
129.109 -129.109
139.688 -139.688
150.996 -150.996
160.73 -160.73
172.166 -172.166
179.946 -179.946
115.599 -115.599
62.1428 -62.1428
14.9004 -14.9004
-14.6171 14.6171
-31.8955 31.8955
-47.4261 47.4261
-66.1511 66.1511
-86.4985 86.4985
-106.431 106.431
-114.935 114.935
-127.958 127.958
-138.436 138.436
-145.905 145.905
-155.132 155.132
-168.735 168.735
-173.567 173.567
-101.045 101.045
-51.7738 51.7738
-2.4819 2.4819
13.9508 -13.9508
35.2633 -35.2633
53.3746 -53.3746
69.1497 -69.1497
85.1524 -85.1524
85.1604 -85.1604
113.154 -113.154
128.926 -128.926
146.892 -146.892
164.325 -164.325
175.495 -175.495
182.31 -182.31
184.247 -184.247
185.968 -185.968
111.378 -111.378
45.4041 -45.4041
-6.58839 6.58839
-29.4743 29.4743
-52.5779 52.5779
-73.8169 73.8169
-88.9745 88.9745
-109.936 109.936
-122.594 122.594
-135.777 135.777
-145.993 145.993
-158.771 158.771
-170.889 170.889
-175.092 175.092
-176.858 176.858
-178.534 178.534
-104.739 104.739
-40.8678 40.8678
4.06921 -4.06921
22.8232 -22.8232
44.7108 -44.7108
61.4954 -61.4954
80.4025 -80.4025
93.9357 -93.9357
93.8932 -93.8932
113.742 -113.742
125.122 -125.122
135.838 -135.838
146.722 -146.722
156.516 -156.516
167.256 -167.256
176.647 -176.647
185.856 -185.856
109.775 -109.775
50.2985 -50.2985
-3.78873 3.78873
-24.0285 24.0285
-42.5729 42.5729
-59.3936 59.3936
-77.5493 77.5493
-94.0151 94.0151
-111.567 111.567
-123.529 123.529
-132.666 132.666
-143.078 143.078
-152.348 152.348
-160.605 160.605
-172.345 172.345
-178.314 178.314
-108.417 108.417
-40.312 40.312
3.14596 -3.14596
23.2346 -23.2346
43.2373 -43.2373
62.2789 -62.2789
79.1446 -79.1446
97.0072 -97.0072
97.668 -97.668
118.542 -118.542
132.019 -132.019
147.758 -147.758
161.494 -161.494
174.721 -174.721
186.698 -186.698
188.936 -188.936
191.16 -191.16
101.839 -101.839
23.652 -23.652
-15.1985 15.1985
-37.1967 37.1967
-58.1756 58.1756
-73.941 73.941
-96.3775 96.3775
-112.008 112.008
-123.509 123.509
-135.14 135.14
-146.915 146.915
-157.757 157.757
-168.968 168.968
-178.85 178.85
-181.57 181.57
-183.516 183.516
-96.4511 96.4511
-27.4973 27.4973
12.2242 -12.2242
30.9356 -30.9356
48.8325 -48.8325
67.078 -67.078
82.9232 -82.9232
105.947 -105.947
107.046 -107.046
120.784 -120.784
128.755 -128.755
141.565 -141.565
150.949 -150.949
161.446 -161.446
172.116 -172.116
182.677 -182.677
191.175 -191.175
95.82 -95.82
21.9299 -21.9299
-12.9613 12.9613
-31.3678 31.3678
-50.2891 50.2891
-62.9609 62.9609
-81.4033 81.4033
-98.6145 98.6145
-115.332 115.332
-125.841 125.841
-136.262 136.262
-145.612 145.612
-156.26 156.26
-165.079 165.079
-175.161 175.161
-183.51 183.51
-87.2288 87.2288
-21.9859 21.9859
11.1598 -11.1598
31.2053 -31.2053
50.1215 -50.1215
65.5946 -65.5946
86.3278 -86.3278
101.054 -101.054
100.691 -100.691
121.091 -121.091
135.536 -135.536
149.389 -149.389
163.545 -163.545
175.86 -175.86
188.769 -188.769
162.09 -162.09
121.892 -121.892
17.7883 -17.7883
-16.6835 16.6835
-33.0651 33.0651
-53.6743 53.6743
-68.6455 68.6455
-85.74 85.74
-103.124 103.124
-118.139 118.139
-127.568 127.568
-138.676 138.676
-149.233 149.233
-159.347 159.347
-170.077 170.077
-181.603 181.603
-159.036 159.036
-117.594 117.594
-19.932 19.932
7.86053 -7.86053
18.3688 -18.3688
29.8095 -29.8095
39.3095 -39.3095
49.2818 -49.2818
59.5308 -59.5308
71.5446 -71.5446
71.9137 -71.9137
78.3831 -78.3831
84.4045 -84.4045
91.0638 -91.0638
97.0618 -97.0618
103.084 -103.084
109.716 -109.716
116.608 -116.608
121.752 -121.752
23.8347 -23.8347
-7.58704 7.58704
-18.1226 18.1226
-29.0864 29.0864
-39.227 39.227
-50.6058 50.6058
-59.7057 59.7057
-66.9078 66.9078
-76.0355 76.0355
-81.3135 81.3135
-88.272 88.272
-93.7265 93.7265
-99.4797 99.4797
-106.381 106.381
-112.58 112.58
-117.465 117.465
0.10864 -0.10864
9.13395 -9.13395
19.2265 -19.2265
31.7869 -31.7869
42.2911 -42.2911
52.4198 -52.4198
62.1712 -62.1712
69.1586 -69.1586
68.6745 -68.6745
78.4516 -78.4516
87.4572 -87.4572
94.1637 -94.1637
102.306 -102.306
109.798 -109.798
117.514 -117.514
103.243 -103.243
48.72 -48.72
-7.65181 7.65181
-16.2074 16.2074
-27.0875 27.0875
-38.0489 38.0489
-48.5227 48.5227
-58.4552 58.4552
-70.7644 70.7644
-75.6208 75.6208
-81.962 81.962
-88.9902 88.9902
-95.1899 95.1899
-101.9 101.9
-107.857 107.857
-114.685 114.685
-94.7373 94.7373
-49.3385 49.3385
2.55693 -2.55693
6.41577 -6.41577
10.3739 -10.3739
13.4427 -13.4427
17.8747 -17.8747
22.0923 -22.0923
25.2972 -25.2972
29.2641 -29.2641
28.6239 -28.6239
31.996 -31.996
34.365 -34.365
36.9559 -36.9559
39.4382 -39.4382
42.3293 -42.3293
44.5715 -44.5715
46.4599 -46.4599
48.5954 -48.5954
-3.00217 3.00217
-6.74565 6.74565
-10.84 10.84
-15.1924 15.1924
-18.8294 18.8294
-22.8465 22.8465
-26.9714 26.9714
-30.5484 30.5484
-32.58 32.58
-35.1359 35.1359
-37.4968 37.4968
-40.0356 40.0356
-42.4286 42.4286
-45.1244 45.1244
-47.7096 47.7096
-46.7861 46.7861
2.87798 -2.87798
6.91906 -6.91906
10.6897 -10.6897
15.7741 -15.7741
18.1174 -18.1174
22.7672 -22.7672
26.1072 -26.1072
28.9106 -28.9106
28.5459 -28.5459
32.2271 -32.2271
35.3862 -35.3862
37.8959 -37.8959
41.1444 -41.1444
43.8721 -43.8721
46.6436 -46.6436
48.72 -48.72
48.72 -48.72
-2.93451 2.93451
-7.69504 7.69504
-11.4459 11.4459
-15.3382 15.3382
-19.3724 19.3724
-24.051 24.051
-27.0911 27.0911
-30.2803 30.2803
-31.6689 31.6689
-35.3267 35.3267
-37.4854 37.4854
-39.9918 39.9918
-42.5421 42.5421
-45.4887 45.4887
-46.7712 46.7712
-46.7712 46.7712
3.22393 -3.22393
9.27455 -9.27455
12.7595 -12.7595
15.0318 -15.0318
20.7432 -20.7432
23.7725 -23.7725
26.1053 -26.1053
28.7065 -28.7065
28.4272 -28.4272
32.0116 -32.0116
34.4122 -34.4122
37.0001 -37.0001
39.6927 -39.6927
42.8293 -42.8293
45.0741 -45.0741
46.7848 -46.7848
48.5543 -48.5543
-3.61212 3.61212
-6.1162 6.1162
-9.86475 9.86475
-13.1893 13.1893
-17.8779 17.8779
-21.2364 21.2364
-25.1954 25.1954
-28.5926 28.5926
-30.4103 30.4103
-32.788 32.788
-35.0428 35.0428
-37.7098 37.7098
-39.9756 39.9756
-42.1513 42.1513
-44.6872 44.6872
-46.7305 46.7305
2.46663 -2.46663
7.04281 -7.04281
10.7374 -10.7374
14.9685 -14.9685
17.9868 -17.9868
21.7504 -21.7504
25.6624 -25.6624
28.7669 -28.7669
28.7675 -28.7675
