1000 -5.63203e-10
2000 5.63202e-10
3000 1.49439e-16
4000 -2.98885e-17
5000 -1.44555e-23
6000 1.86134e-24
7000 -2.87932e-26
8000 -7.01254e-26
9000 -1.43966e-26
10000 1.43493e-42
11000 5.63203e-10
12000 -5.63202e-10
13000 -1.49439e-16
14000 2.98885e-17
15000 1.4275e-23
16000 -1.58615e-24
17000 -1.09425e-30
18000 8.4175e-32
19000 7.58626e-38
20000 -4.42489e-39
21000 2.40391e-41
22000 -4.74223e-41
23000 6.64959e-42
24000 7.2846e-42
25000 -1.00269e-41
26000 1.16783e-41
27000 -9.61615e-42
28000 8.5646e-42
29000 -5.32012e-43
30000 -4.52683e-43
31000 -6.41047e-42
32000 8.96429e-42
33000 -2.19973e-42
34000 -1.66357e-42
35000 -4.30416e-42
36000 6.60735e-42
37000 -4.6527e-42
38000 4.63901e-42
39000 -4.40568e-42
40000 -1.97557e-42
41000 4.79983e-42
42000 -1.82114e-41
43000 3.25338e-41
44000 -3.46229e-41
45000 4.57629e-41
46000 -2.55449e-41
47000 -7.72893e-42
48000 9.33641e-42
49000 -4.58733e-42
50000 4.6437e-42
51000 -5.87829e-42
52000 5.25702e-42
53000 -7.06127e-42
54000 9.20908e-42
55000 -5.10748e-42
56000 -2.70561e-42
57000 6.22167e-42
58000 -3.40675e-42
59000 2.78065e-42
60000 -3.67777e-42
61000 1.78579e-42
62000 -2.59004e-41
63000 4.98938e-41
64000 -2.80594e-41
65000 5.90607e-42
66000 -5.87993e-42
67000 1.06586e-41
68000 -7.18799e-42
69000 -1.76015e-43
70000 2.13665e-42
71000 -2.04207e-41
72000 3.6402e-41
73000 -4.17237e-41
74000 5.93447e-41
75000 -5.48729e-41
76000 3.26122e-41
77000 -3.09175e-41
78000 5.59527e-41
79000 -8.1573e-41
80000 5.49237e-41
81000 -5.60797e-42
82000 3.13492e-41
83000 -7.36939e-41
84000 4.61886e-41
85000 -7.57784e-42
86000 2.15972e-41
87000 -2.43631e-41
88000 -1.6759e-42
89000 -2.38904e-42
90000 1.19058e-41
91000 -9.26249e-42
92000 5.16168e-42
93000 -6.04645e-42
94000 5.25702e-42
95000 -7.06127e-42
96000 9.20908e-42
97000 -5.10748e-42
98000 -2.70561e-42
99000 6.22167e-42
100000 -3.40675e-42
101000 2.78065e-42
102000 -3.67777e-42
103000 1.78579e-42
104000 -2.59004e-41
105000 4.98938e-41
106000 -2.80594e-41
107000 5.90607e-42
108000 -5.87993e-42
109000 1.06586e-41
110000 -7.18799e-42
111000 -1.76015e-43
112000 2.13665e-42
113000 -2.04207e-41
114000 3.6402e-41
115000 -4.17237e-41
116000 5.93447e-41
117000 -5.48729e-41
118000 3.26122e-41
119000 -3.09175e-41
120000 5.59527e-41
121000 -8.1573e-41
122000 5.49237e-41
123000 -5.60797e-42
124000 3.13492e-41
125000 -7.36939e-41
126000 4.61886e-41
127000 -7.57784e-42
128000 2.15972e-41
129000 -2.43631e-41
130000 -1.6759e-42
131000 -2.38904e-42
132000 1.19058e-41
133000 -9.26249e-42
134000 5.16168e-42
135000 -6.04645e-42
136000 5.25702e-42
137000 -7.06127e-42
138000 9.20908e-42
139000 -5.10748e-42
140000 -2.70561e-42
141000 6.22167e-42
142000 -3.40675e-42
143000 2.78065e-42
144000 -3.67777e-42
145000 1.78579e-42
146000 -2.59004e-41
147000 4.98938e-41
148000 -2.80594e-41
149000 5.90607e-42
150000 -5.87993e-42
151000 1.06586e-41
152000 -7.18799e-42
153000 -1.76015e-43
154000 2.13665e-42
155000 -2.04207e-41
156000 3.6402e-41
157000 -4.17237e-41
158000 5.93447e-41
159000 -5.48729e-41
160000 3.26122e-41
161000 -3.09175e-41
162000 5.59527e-41
163000 -8.1573e-41
164000 5.49237e-41
165000 -5.60797e-42
166000 3.13492e-41
167000 -7.36939e-41
168000 4.61886e-41
169000 -7.57784e-42
170000 2.15972e-41
171000 -2.43631e-41
172000 -1.6759e-42
173000 -2.38904e-42
174000 1.19058e-41
175000 -9.26249e-42
176000 5.16168e-42
177000 -6.04645e-42
178000 5.25702e-42
179000 -7.06127e-42
180000 9.20908e-42
181000 -5.10748e-42
182000 -2.70561e-42
183000 6.22167e-42
184000 -3.40675e-42
185000 2.78065e-42
186000 -3.67777e-42
187000 1.78579e-42
188000 -2.59004e-41
189000 4.98938e-41
190000 -2.80594e-41
191000 5.90607e-42
192000 -5.87993e-42
193000 1.06586e-41
194000 -7.18799e-42
195000 -1.76015e-43
196000 2.13665e-42
197000 -2.04207e-41
198000 3.6402e-41
199000 -4.17237e-41
200000 5.93447e-41
200100 -1.07248e-38
200200 1.07353e-38
200300 1.85327e-39
200400 -3.59192e-39
200500 2.62396e-41
200600 -1.44102e-40
200700 2.22389e-39
200800 -4.02784e-40
200900 4.61051e-40
201000 -3.09166e-40
201100 -1.16096e-40
201200 5.01814e-40
201300 2.35709e-39
201400 -7.16521e-40
201500 -2.04784e-39
201600 -1.80403e-40
201700 8.02036e-40
201800 -6.02489e-39
201900 7.99127e-39
202000 -2.54108e-39
202100 3.53206e-40
202200 -3.16758e-40
202300 1.36774e-39
202400 -6.52686e-39
202500 9.9715e-39
202600 -1.03553e-38
202700 6.74434e-39
202800 -1.95486e-39
202900 3.25398e-39
203000 -7.37724e-39
203100 4.90671e-39
203200 5.20239e-39
203300 -1.08219e-38
203400 6.23261e-39
203500 -3.41744e-39
203600 6.67708e-39
203700 -9.30838e-39
203800 6.76528e-39
203900 -3.62491e-39
204000 6.5949e-39
204100 -6.01153e-39
204200 3.29017e-39
204300 -8.01318e-39
204400 5.28466e-39
204500 7.99136e-40
204600 -4.74947e-40
204700 -1.28294e-40
204800 2.91438e-39
204900 -3.00385e-39
205000 1.26878e-39
205100 -1.0923e-39
205200 3.43453e-39
205300 -7.59865e-39
205400 6.91874e-39
205500 -1.81372e-39
205600 -5.38445e-41
205700 -4.17549e-40
205800 8.59e-40
205900 -2.50653e-39
206000 -2.35475e-39
206100 5.48367e-39
206200 -3.16214e-40
206300 -3.01141e-39
206400 3.08284e-39
206500 -2.23033e-39
206600 4.9812e-41
206700 1.54518e-40
206800 4.3695e-41
206900 -8.39234e-40
207000 -3.80938e-39
207100 6.36777e-39
207200 -9.4323e-40
207300 3.85516e-40
207400 -6.85322e-40
207500 -1.01885e-39
207600 1.91143e-39
207700 2.26908e-39
207800 -4.53417e-39
207900 5.59289e-40
208000 1.06153e-40
208100 4.85952e-41
208200 2.24462e-40
208300 -9.36562e-41
208400 1.77393e-40
208500 -2.89318e-40
208600 2.60383e-40
208700 -6.5386e-40
208800 1.05036e-39
208900 -9.32866e-40
209000 9.30817e-40
209100 5.56964e-41
209200 -3.72296e-40
209300 4.24506e-40
209400 -5.37325e-40
209500 6.10435e-40
209600 -4.79454e-40
209700 4.03765e-40
209800 -4.98275e-40
209900 4.57341e-40
210000 -9.51067e-41
211000 -5.79779e-41
212000 2.62567e-43
213000 7.83301e-44
214000 -2.0254e-43
215000 1.19812e-42
216000 1.10568e-42
217000 -5.28763e-43
218000 -5.4739e-43
219000 -1.66971e-42
220000 2.83897e-42
221000 -6.77988e-42
222000 5.20322e-42
223000 2.47908e-43
224000 -2.67656e-42
225000 3.22914e-42
226000 2.73497e-43
227000 -4.23938e-42
228000 1.50755e-41
229000 -3.09974e-41
230000 3.32988e-41
231000 -5.51465e-42
232000 -7.47974e-42
233000 9.586e-42
234000 -3.5942e-41
235000 1.40197e-41
236000 2.87239e-41
237000 -3.94777e-41
238000 2.52849e-41
239000 2.15119e-41
240000 -4.1259e-41
241000 4.77328e-41
242000 -4.40182e-41
243000 6.4924e-42
244000 -3.41029e-42
245000 4.03261e-42
246000 3.31916e-42
247000 -1.5064e-41
248000 3.18284e-41
249000 -1.63811e-41
250000 -8.19702e-43
251000 -1.05614e-41
252000 4.59556e-42
253000 1.48155e-41
254000 -1.0731e-41
255000 -2.025e-42
256000 3.7203e-42
257000 -1.97681e-44
258000 -3.65028e-43
259000 1.61171e-42
260000 -3.53433e-42
261000 2.04111e-42
262000 2.981e-42
263000 -3.89483e-42
264000 -4.15674e-43
265000 4.39771e-42
266000 -6.88521e-43
267000 -4.26383e-43
268000 1.76574e-42
269000 4.78954e-41
270000 -9.07413e-41
271000 6.07292e-41
272000 -1.0578e-41
273000 5.08852e-42
274000 -1.37675e-41
275000 -2.96749e-41
276000 3.81917e-42
277000 6.13277e-41
278000 -4.64683e-41
279000 4.08579e-41
280000 -2.0664e-41
281000 -3.12597e-41
282000 5.02943e-41
283000 -4.73869e-41
284000 5.05907e-41
285000 -4.86282e-41
286000 4.82713e-41
287000 -4.54028e-41
288000 4.93726e-41
289000 -2.34557e-41
290000 -4.30794e-41
291000 2.30062e-41
292000 3.24687e-41
293000 2.44271e-42
294000 -7.02221e-41
295000 6.34761e-41
296000 -1.03839e-41
297000 -2.01722e-44
298000 6.34083e-42
299000 -4.55934e-41
300000 8.29637e-41
301000 -6.85072e-41
302000 6.33545e-41
303000 -2.44379e-41
304000 -2.77883e-41
305000 3.17472e-42
306000 9.65774e-42
307000 -7.20148e-42
308000 1.28446e-41
309000 -7.53948e-41
310000 1.0049e-40
311000 -1.02936e-41
312000 -7.04175e-41
313000 1.0196e-40
314000 -1.07321e-40
315000 8.34762e-41
316000 -6.7878e-41
317000 3.51708e-41
318000 2.11863e-41
319000 -2.72606e-41
320000 7.84633e-42
321000 -3.50127e-44
322000 -9.15373e-44
323000 -2.48381e-42
324000 1.0891e-41
325000 -3.38623e-41
326000 1.91821e-41
327000 4.72899e-41
328000 -9.70806e-41
329000 7.75264e-41
330000 2.72349e-42
331000 -7.29909e-41
332000 6.84169e-41
333000 -2.82642e-41
334000 -1.89451e-41
335000 2.55788e-41
336000 3.83308e-41
337000 -7.65537e-41
338000 2.57651e-41
339000 -1.46178e-41
340000 2.73511e-41
341000 3.93433e-41
342000 -6.83261e-41
343000 1.86101e-41
344000 -1.13398e-41
345000 2.91445e-41
346000 3.72972e-41
347000 -1.04609e-40
348000 7.96606e-41
349000 -7.03138e-41
350000 1.1652e-40
351000 -1.18612e-40
352000 7.75442e-41
353000 -8.7532e-41
354000 1.3237e-40
355000 -1.01454e-40
356000 3.88809e-41
357000 -3.86453e-41
358000 8.88612e-41
359000 -1.00094e-40
360000 1.15909e-41
361000 7.48912e-41
362000 -5.96346e-41
363000 4.80645e-41
364000 -1.31631e-40
365000 1.60871e-40
366000 -1.23491e-40
367000 3.85352e-41
368000 6.12605e-41
369000 -4.72444e-41
370000 -4.38967e-41
371000 1.15323e-40
372000 -1.25894e-40
373000 9.3845e-41
374000 -5.01157e-41
375000 3.05921e-41
376000 -4.11787e-41
377000 3.06249e-42
378000 1.06082e-40
379000 -9.14892e-41
380000 6.84226e-43
381000 -3.87306e-41
382000 4.29476e-41
383000 -1.19388e-41
384000 7.19218e-41
385000 -5.60281e-41
386000 8.44287e-42
387000 -6.76114e-43
388000 -1.64252e-41
389000 1.57193e-41
390000 -1.39977e-42
391000 -1.07281e-41
392000 1.71795e-41
393000 -3.31134e-41
394000 3.04806e-41
395000 -2.04123e-41
396000 1.9724e-41
397000 -3.59336e-42
398000 -6.62725e-42
399000 1.26538e-41
400000 -1.82013e-41
401000 1.83686e-41
402000 -9.81589e-42
403000 -6.13149e-42
404000 1.62029e-41
405000 -2.82745e-41
406000 3.53285e-41
407000 -4.22725e-42
408000 -1.66839e-41
409000 -4.10034e-41
410000 4.08025e-41
