1000 0 0 -3.29263e-05 -3.29263e-05 0 -1.6453e-05 -3.29263e-05 -1.6453e-05 -1.6453e-05
2000 0 0 -3.29805e-05 -3.29805e-05 0 -1.64936e-05 -3.29805e-05 -1.64936e-05 -1.64936e-05
3000 0 0 -3.29671e-05 -3.29671e-05 0 -1.64836e-05 -3.29671e-05 -1.64836e-05 -1.64836e-05
4000 0 0 -3.2967e-05 -3.2967e-05 0 -1.64835e-05 -3.2967e-05 -1.64835e-05 -1.64835e-05
5000 0 0 -3.2967e-05 -3.2967e-05 0 -1.64835e-05 -3.2967e-05 -1.64835e-05 -1.64835e-05
6000 0 0 -3.2967e-05 -3.2967e-05 0 -1.64835e-05 -3.2967e-05 -1.64835e-05 -1.64835e-05
7000 0 0 -3.2967e-05 -3.2967e-05 0 -1.64835e-05 -3.2967e-05 -1.64835e-05 -1.64835e-05
8000 0 0 -3.2967e-05 -3.2967e-05 0 -1.64835e-05 -3.2967e-05 -1.64835e-05 -1.64835e-05
9000 0 0 -3.2967e-05 -3.2967e-05 0 -1.64835e-05 -3.2967e-05 -1.64835e-05 -1.64835e-05
10000 0 0 -3.2967e-05 -3.2967e-05 0 -1.64835e-05 -3.2967e-05 -1.64835e-05 -1.64835e-05
11000 0 0 -3.2967e-05 -3.2967e-05 0 -1.64835e-05 -3.2967e-05 -1.64835e-05 -1.64835e-05
12000 0 0 -3.2967e-05 -3.2967e-05 0 -1.64835e-05 -3.2967e-05 -1.64835e-05 -1.64835e-05
13000 0 0 -3.2967e-05 -3.2967e-05 0 -1.64835e-05 -3.2967e-05 -1.64835e-05 -1.64835e-05
14000 0 0 -3.2967e-05 -3.2967e-05 0 -1.64835e-05 -3.2967e-05 -1.64835e-05 -1.64835e-05
15000 0 0 -3.2967e-05 -3.2967e-05 0 -1.64835e-05 -3.2967e-05 -1.64835e-05 -1.64835e-05
16000 0 0 -3.2967e-05 -3.2967e-05 0 -1.64835e-05 -3.2967e-05 -1.64835e-05 -1.64835e-05
17000 0 0 -3.2967e-05 -3.2967e-05 0 -1.64835e-05 -3.2967e-05 -1.64835e-05 -1.64835e-05
18000 0 0 -3.2967e-05 -3.2967e-05 0 -1.64835e-05 -3.2967e-05 -1.64835e-05 -1.64835e-05
19000 0 0 -3.2967e-05 -3.2967e-05 0 -1.64835e-05 -3.2967e-05 -1.64835e-05 -1.64835e-05
20000 0 0 -3.2967e-05 -3.2967e-05 0 -1.64835e-05 -3.2967e-05 -1.64835e-05 -1.64835e-05
21000 0 0 -3.2967e-05 -3.2967e-05 0 -1.64835e-05 -3.2967e-05 -1.64835e-05 -1.64835e-05
22000 0 0 -3.2967e-05 -3.2967e-05 0 -1.64835e-05 -3.2967e-05 -1.64835e-05 -1.64835e-05
23000 0 0 -3.2967e-05 -3.2967e-05 0 -1.64835e-05 -3.2967e-05 -1.64835e-05 -1.64835e-05
24000 0 0 -3.2967e-05 -3.2967e-05 0 -1.64835e-05 -3.2967e-05 -1.64835e-05 -1.64835e-05
25000 0 0 -3.2967e-05 -3.2967e-05 0 -1.64835e-05 -3.2967e-05 -1.64835e-05 -1.64835e-05
26000 0 0 -3.2967e-05 -3.2967e-05 0 -1.64835e-05 -3.2967e-05 -1.64835e-05 -1.64835e-05
27000 0 0 -3.2967e-05 -3.2967e-05 0 -1.64835e-05 -3.2967e-05 -1.64835e-05 -1.64835e-05
28000 0 0 -3.2967e-05 -3.2967e-05 0 -1.64835e-05 -3.2967e-05 -1.64835e-05 -1.64835e-05
29000 0 0 -3.2967e-05 -3.2967e-05 0 -1.64835e-05 -3.2967e-05 -1.64835e-05 -1.64835e-05
30000 0 0 -3.2967e-05 -3.2967e-05 0 -1.64835e-05 -3.2967e-05 -1.64835e-05 -1.64835e-05
31000 0 0 -3.2967e-05 -3.2967e-05 0 -1.64835e-05 -3.2967e-05 -1.64835e-05 -1.64835e-05
32000 0 0 -3.2967e-05 -3.2967e-05 0 -1.64835e-05 -3.2967e-05 -1.64835e-05 -1.64835e-05
33000 0 0 -3.2967e-05 -3.2967e-05 0 -1.64835e-05 -3.2967e-05 -1.64835e-05 -1.64835e-05
34000 0 0 -3.2967e-05 -3.2967e-05 0 -1.64835e-05 -3.2967e-05 -1.64835e-05 -1.64835e-05
35000 0 0 -3.2967e-05 -3.2967e-05 0 -1.64835e-05 -3.2967e-05 -1.64835e-05 -1.64835e-05
36000 0 0 -3.2967e-05 -3.2967e-05 0 -1.64835e-05 -3.2967e-05 -1.64835e-05 -1.64835e-05
37000 0 0 -3.2967e-05 -3.2967e-05 0 -1.64835e-05 -3.2967e-05 -1.64835e-05 -1.64835e-05
38000 0 0 -3.2967e-05 -3.2967e-05 0 -1.64835e-05 -3.2967e-05 -1.64835e-05 -1.64835e-05
39000 0 0 -3.2967e-05 -3.2967e-05 0 -1.64835e-05 -3.2967e-05 -1.64835e-05 -1.64835e-05
40000 0 0 -3.2967e-05 -3.2967e-05 0 -1.64835e-05 -3.2967e-05 -1.64835e-05 -1.64835e-05
41000 0 0 -3.2967e-05 -3.2967e-05 0 -1.64835e-05 -3.2967e-05 -1.64835e-05 -1.64835e-05
42000 0 0 -3.2967e-05 -3.2967e-05 0 -1.64835e-05 -3.2967e-05 -1.64835e-05 -1.64835e-05
43000 0 0 -3.2967e-05 -3.2967e-05 0 -1.64835e-05 -3.2967e-05 -1.64835e-05 -1.64835e-05
44000 0 0 -3.2967e-05 -3.2967e-05 0 -1.64835e-05 -3.2967e-05 -1.64835e-05 -1.64835e-05
45000 0 0 -3.2967e-05 -3.2967e-05 0 -1.64835e-05 -3.2967e-05 -1.64835e-05 -1.64835e-05
46000 0 0 -3.2967e-05 -3.2967e-05 0 -1.64835e-05 -3.2967e-05 -1.64835e-05 -1.64835e-05
47000 0 0 -3.2967e-05 -3.2967e-05 0 -1.64835e-05 -3.2967e-05 -1.64835e-05 -1.64835e-05
48000 0 0 -3.2967e-05 -3.2967e-05 0 -1.64835e-05 -3.2967e-05 -1.64835e-05 -1.64835e-05
49000 0 0 -3.2967e-05 -3.2967e-05 0 -1.64835e-05 -3.2967e-05 -1.64835e-05 -1.64835e-05
50000 0 0 -3.2967e-05 -3.2967e-05 0 -1.64835e-05 -3.2967e-05 -1.64835e-05 -1.64835e-05
51000 0 0 -3.2967e-05 -3.2967e-05 0 -1.64835e-05 -3.2967e-05 -1.64835e-05 -1.64835e-05
52000 0 0 -3.2967e-05 -3.2967e-05 0 -1.64835e-05 -3.2967e-05 -1.64835e-05 -1.64835e-05
53000 0 0 -3.2967e-05 -3.2967e-05 0 -1.64835e-05 -3.2967e-05 -1.64835e-05 -1.64835e-05
54000 0 0 -3.2967e-05 -3.2967e-05 0 -1.64835e-05 -3.2967e-05 -1.64835e-05 -1.64835e-05
55000 0 0 -3.2967e-05 -3.2967e-05 0 -1.64835e-05 -3.2967e-05 -1.64835e-05 -1.64835e-05
56000 0 0 -3.2967e-05 -3.2967e-05 0 -1.64835e-05 -3.2967e-05 -1.64835e-05 -1.64835e-05
57000 0 0 -3.2967e-05 -3.2967e-05 0 -1.64835e-05 -3.2967e-05 -1.64835e-05 -1.64835e-05
58000 0 0 -3.2967e-05 -3.2967e-05 0 -1.64835e-05 -3.2967e-05 -1.64835e-05 -1.64835e-05
59000 0 0 -3.2967e-05 -3.2967e-05 0 -1.64835e-05 -3.2967e-05 -1.64835e-05 -1.64835e-05
60000 0 0 -3.2967e-05 -3.2967e-05 0 -1.64835e-05 -3.2967e-05 -1.64835e-05 -1.64835e-05
61000 0 0 -3.2967e-05 -3.2967e-05 0 -1.64835e-05 -3.2967e-05 -1.64835e-05 -1.64835e-05
62000 0 0 -3.2967e-05 -3.2967e-05 0 -1.64835e-05 -3.2967e-05 -1.64835e-05 -1.64835e-05
63000 0 0 -3.2967e-05 -3.2967e-05 0 -1.64835e-05 -3.2967e-05 -1.64835e-05 -1.64835e-05
64000 0 0 -3.2967e-05 -3.2967e-05 0 -1.64835e-05 -3.2967e-05 -1.64835e-05 -1.64835e-05
65000 0 0 -3.2967e-05 -3.2967e-05 0 -1.64835e-05 -3.2967e-05 -1.64835e-05 -1.64835e-05
66000 0 0 -3.2967e-05 -3.2967e-05 0 -1.64835e-05 -3.2967e-05 -1.64835e-05 -1.64835e-05
67000 0 0 -3.2967e-05 -3.2967e-05 0 -1.64835e-05 -3.2967e-05 -1.64835e-05 -1.64835e-05
68000 0 0 -3.2967e-05 -3.2967e-05 0 -1.64835e-05 -3.2967e-05 -1.64835e-05 -1.64835e-05
69000 0 0 -3.2967e-05 -3.2967e-05 0 -1.64835e-05 -3.2967e-05 -1.64835e-05 -1.64835e-05
70000 0 0 -3.2967e-05 -3.2967e-05 0 -1.64835e-05 -3.2967e-05 -1.64835e-05 -1.64835e-05
71000 0 0 -3.2967e-05 -3.2967e-05 0 -1.64835e-05 -3.2967e-05 -1.64835e-05 -1.64835e-05
72000 0 0 -3.2967e-05 -3.2967e-05 0 -1.64835e-05 -3.2967e-05 -1.64835e-05 -1.64835e-05
73000 0 0 -3.2967e-05 -3.2967e-05 0 -1.64835e-05 -3.2967e-05 -1.64835e-05 -1.64835e-05
74000 0 0 -3.2967e-05 -3.2967e-05 0 -1.64835e-05 -3.2967e-05 -1.64835e-05 -1.64835e-05
75000 0 0 -3.2967e-05 -3.2967e-05 0 -1.64835e-05 -3.2967e-05 -1.64835e-05 -1.64835e-05
76000 0 0 -3.2967e-05 -3.2967e-05 0 -1.64835e-05 -3.2967e-05 -1.64835e-05 -1.64835e-05
77000 0 0 -3.2967e-05 -3.2967e-05 0 -1.64835e-05 -3.2967e-05 -1.64835e-05 -1.64835e-05
78000 0 0 -3.2967e-05 -3.2967e-05 0 -1.64835e-05 -3.2967e-05 -1.64835e-05 -1.64835e-05
79000 0 0 -3.2967e-05 -3.2967e-05 0 -1.64835e-05 -3.2967e-05 -1.64835e-05 -1.64835e-05
80000 0 0 -3.2967e-05 -3.2967e-05 0 -1.64835e-05 -3.2967e-05 -1.64835e-05 -1.64835e-05
81000 0 0 -3.2967e-05 -3.2967e-05 0 -1.64835e-05 -3.2967e-05 -1.64835e-05 -1.64835e-05
82000 0 0 -3.2967e-05 -3.2967e-05 0 -1.64835e-05 -3.2967e-05 -1.64835e-05 -1.64835e-05
83000 0 0 -3.2967e-05 -3.2967e-05 0 -1.64835e-05 -3.2967e-05 -1.64835e-05 -1.64835e-05
84000 0 0 -3.2967e-05 -3.2967e-05 0 -1.64835e-05 -3.2967e-05 -1.64835e-05 -1.64835e-05
85000 0 0 -3.2967e-05 -3.2967e-05 0 -1.64835e-05 -3.2967e-05 -1.64835e-05 -1.64835e-05
86000 0 0 -3.2967e-05 -3.2967e-05 0 -1.64835e-05 -3.2967e-05 -1.64835e-05 -1.64835e-05
87000 0 0 -3.2967e-05 -3.2967e-05 0 -1.64835e-05 -3.2967e-05 -1.64835e-05 -1.64835e-05
88000 0 0 -3.2967e-05 -3.2967e-05 0 -1.64835e-05 -3.2967e-05 -1.64835e-05 -1.64835e-05
89000 0 0 -3.2967e-05 -3.2967e-05 0 -1.64835e-05 -3.2967e-05 -1.64835e-05 -1.64835e-05
90000 0 0 -3.2967e-05 -3.2967e-05 0 -1.64835e-05 -3.2967e-05 -1.64835e-05 -1.64835e-05
91000 0 0 -3.2967e-05 -3.2967e-05 0 -1.64835e-05 -3.2967e-05 -1.64835e-05 -1.64835e-05
92000 0 0 -3.2967e-05 -3.2967e-05 0 -1.64835e-05 -3.2967e-05 -1.64835e-05 -1.64835e-05
93000 0 0 -3.2967e-05 -3.2967e-05 0 -1.64835e-05 -3.2967e-05 -1.64835e-05 -1.64835e-05
94000 0 0 -3.2967e-05 -3.2967e-05 0 -1.64835e-05 -3.2967e-05 -1.64835e-05 -1.64835e-05
95000 0 0 -3.2967e-05 -3.2967e-05 0 -1.64835e-05 -3.2967e-05 -1.64835e-05 -1.64835e-05
96000 0 0 -3.2967e-05 -3.2967e-05 0 -1.64835e-05 -3.2967e-05 -1.64835e-05 -1.64835e-05
97000 0 0 -3.2967e-05 -3.2967e-05 0 -1.64835e-05 -3.2967e-05 -1.64835e-05 -1.64835e-05
98000 0 0 -3.2967e-05 -3.2967e-05 0 -1.64835e-05 -3.2967e-05 -1.64835e-05 -1.64835e-05
99000 0 0 -3.2967e-05 -3.2967e-05 0 -1.64835e-05 -3.2967e-05 -1.64835e-05 -1.64835e-05
100000 0 0 -3.2967e-05 -3.2967e-05 0 -1.64835e-05 -3.2967e-05 -1.64835e-05 -1.64835e-05
101000 0 0 -3.2967e-05 -3.2967e-05 0 -1.64835e-05 -3.2967e-05 -1.64835e-05 -1.64835e-05
102000 0 0 -3.2967e-05 -3.2967e-05 0 -1.64835e-05 -3.2967e-05 -1.64835e-05 -1.64835e-05
103000 0 0 -3.2967e-05 -3.2967e-05 0 -1.64835e-05 -3.2967e-05 -1.64835e-05 -1.64835e-05
104000 0 0 -3.2967e-05 -3.2967e-05 0 -1.64835e-05 -3.2967e-05 -1.64835e-05 -1.64835e-05
105000 0 0 -3.2967e-05 -3.2967e-05 0 -1.64835e-05 -3.2967e-05 -1.64835e-05 -1.64835e-05
106000 0 0 -3.2967e-05 -3.2967e-05 0 -1.64835e-05 -3.2967e-05 -1.64835e-05 -1.64835e-05
107000 0 0 -3.2967e-05 -3.2967e-05 0 -1.64835e-05 -3.2967e-05 -1.64835e-05 -1.64835e-05
108000 0 0 -3.2967e-05 -3.2967e-05 0 -1.64835e-05 -3.2967e-05 -1.64835e-05 -1.64835e-05
109000 0 0 -3.2967e-05 -3.2967e-05 0 -1.64835e-05 -3.2967e-05 -1.64835e-05 -1.64835e-05
110000 0 0 -3.2967e-05 -3.2967e-05 0 -1.64835e-05 -3.2967e-05 -1.64835e-05 -1.64835e-05
111000 0 0 -3.2967e-05 -3.2967e-05 0 -1.64835e-05 -3.2967e-05 -1.64835e-05 -1.64835e-05
112000 0 0 -3.2967e-05 -3.2967e-05 0 -1.64835e-05 -3.2967e-05 -1.64835e-05 -1.64835e-05
113000 0 0 -3.2967e-05 -3.2967e-05 0 -1.64835e-05 -3.2967e-05 -1.64835e-05 -1.64835e-05
114000 0 0 -3.2967e-05 -3.2967e-05 0 -1.64835e-05 -3.2967e-05 -1.64835e-05 -1.64835e-05
115000 0 0 -3.2967e-05 -3.2967e-05 0 -1.64835e-05 -3.2967e-05 -1.64835e-05 -1.64835e-05
116000 0 0 -3.2967e-05 -3.2967e-05 0 -1.64835e-05 -3.2967e-05 -1.64835e-05 -1.64835e-05
117000 0 0 -3.2967e-05 -3.2967e-05 0 -1.64835e-05 -3.2967e-05 -1.64835e-05 -1.64835e-05
118000 0 0 -3.2967e-05 -3.2967e-05 0 -1.64835e-05 -3.2967e-05 -1.64835e-05 -1.64835e-05
119000 0 0 -3.2967e-05 -3.2967e-05 0 -1.64835e-05 -3.2967e-05 -1.64835e-05 -1.64835e-05
120000 0 0 -3.2967e-05 -3.2967e-05 0 -1.64835e-05 -3.2967e-05 -1.64835e-05 -1.64835e-05
121000 0 0 -3.2967e-05 -3.2967e-05 0 -1.64835e-05 -3.2967e-05 -1.64835e-05 -1.64835e-05
122000 0 0 -3.2967e-05 -3.2967e-05 0 -1.64835e-05 -3.2967e-05 -1.64835e-05 -1.64835e-05
123000 0 0 -3.2967e-05 -3.2967e-05 0 -1.64835e-05 -3.2967e-05 -1.64835e-05 -1.64835e-05
124000 0 0 -3.2967e-05 -3.2967e-05 0 -1.64835e-05 -3.2967e-05 -1.64835e-05 -1.64835e-05
125000 0 0 -3.2967e-05 -3.2967e-05 0 -1.64835e-05 -3.2967e-05 -1.64835e-05 -1.64835e-05
126000 0 0 -3.2967e-05 -3.2967e-05 0 -1.64835e-05 -3.2967e-05 -1.64835e-05 -1.64835e-05
127000 0 0 -3.2967e-05 -3.2967e-05 0 -1.64835e-05 -3.2967e-05 -1.64835e-05 -1.64835e-05
128000 0 0 -3.2967e-05 -3.2967e-05 0 -1.64835e-05 -3.2967e-05 -1.64835e-05 -1.64835e-05
129000 0 0 -3.2967e-05 -3.2967e-05 0 -1.64835e-05 -3.2967e-05 -1.64835e-05 -1.64835e-05
130000 0 0 -3.2967e-05 -3.2967e-05 0 -1.64835e-05 -3.2967e-05 -1.64835e-05 -1.64835e-05
131000 0 0 -3.2967e-05 -3.2967e-05 0 -1.64835e-05 -3.2967e-05 -1.64835e-05 -1.64835e-05
132000 0 0 -3.2967e-05 -3.2967e-05 0 -1.64835e-05 -3.2967e-05 -1.64835e-05 -1.64835e-05
133000 0 0 -3.2967e-05 -3.2967e-05 0 -1.64835e-05 -3.2967e-05 -1.64835e-05 -1.64835e-05
134000 0 0 -3.2967e-05 -3.2967e-05 0 -1.64835e-05 -3.2967e-05 -1.64835e-05 -1.64835e-05
135000 0 0 -3.2967e-05 -3.2967e-05 0 -1.64835e-05 -3.2967e-05 -1.64835e-05 -1.64835e-05
136000 0 0 -3.2967e-05 -3.2967e-05 0 -1.64835e-05 -3.2967e-05 -1.64835e-05 -1.64835e-05
137000 0 0 -3.2967e-05 -3.2967e-05 0 -1.64835e-05 -3.2967e-05 -1.64835e-05 -1.64835e-05
138000 0 0 -3.2967e-05 -3.2967e-05 0 -1.64835e-05 -3.2967e-05 -1.64835e-05 -1.64835e-05
139000 0 0 -3.2967e-05 -3.2967e-05 0 -1.64835e-05 -3.2967e-05 -1.64835e-05 -1.64835e-05
140000 0 0 -3.2967e-05 -3.2967e-05 0 -1.64835e-05 -3.2967e-05 -1.64835e-05 -1.64835e-05
141000 0 0 -3.2967e-05 -3.2967e-05 0 -1.64835e-05 -3.2967e-05 -1.64835e-05 -1.64835e-05
142000 0 0 -3.2967e-05 -3.2967e-05 0 -1.64835e-05 -3.2967e-05 -1.64835e-05 -1.64835e-05
143000 0 0 -3.2967e-05 -3.2967e-05 0 -1.64835e-05 -3.2967e-05 -1.64835e-05 -1.64835e-05
144000 0 0 -3.2967e-05 -3.2967e-05 0 -1.64835e-05 -3.2967e-05 -1.64835e-05 -1.64835e-05
145000 0 0 -3.2967e-05 -3.2967e-05 0 -1.64835e-05 -3.2967e-05 -1.64835e-05 -1.64835e-05
146000 0 0 -3.2967e-05 -3.2967e-05 0 -1.64835e-05 -3.2967e-05 -1.64835e-05 -1.64835e-05
147000 0 0 -3.2967e-05 -3.2967e-05 0 -1.64835e-05 -3.2967e-05 -1.64835e-05 -1.64835e-05
148000 0 0 -3.2967e-05 -3.2967e-05 0 -1.64835e-05 -3.2967e-05 -1.64835e-05 -1.64835e-05
149000 0 0 -3.2967e-05 -3.2967e-05 0 -1.64835e-05 -3.2967e-05 -1.64835e-05 -1.64835e-05
150000 0 0 -3.2967e-05 -3.2967e-05 0 -1.64835e-05 -3.2967e-05 -1.64835e-05 -1.64835e-05
151000 0 0 -3.2967e-05 -3.2967e-05 0 -1.64835e-05 -3.2967e-05 -1.64835e-05 -1.64835e-05
152000 0 0 -3.2967e-05 -3.2967e-05 0 -1.64835e-05 -3.2967e-05 -1.64835e-05 -1.64835e-05
153000 0 0 -3.2967e-05 -3.2967e-05 0 -1.64835e-05 -3.2967e-05 -1.64835e-05 -1.64835e-05
154000 0 0 -3.2967e-05 -3.2967e-05 0 -1.64835e-05 -3.2967e-05 -1.64835e-05 -1.64835e-05
155000 0 0 -3.2967e-05 -3.2967e-05 0 -1.64835e-05 -3.2967e-05 -1.64835e-05 -1.64835e-05
156000 0 0 -3.2967e-05 -3.2967e-05 0 -1.64835e-05 -3.2967e-05 -1.64835e-05 -1.64835e-05
157000 0 0 -3.2967e-05 -3.2967e-05 0 -1.64835e-05 -3.2967e-05 -1.64835e-05 -1.64835e-05
158000 0 0 -3.2967e-05 -3.2967e-05 0 -1.64835e-05 -3.2967e-05 -1.64835e-05 -1.64835e-05
159000 0 0 -3.2967e-05 -3.2967e-05 0 -1.64835e-05 -3.2967e-05 -1.64835e-05 -1.64835e-05
160000 0 0 -3.2967e-05 -3.2967e-05 0 -1.64835e-05 -3.2967e-05 -1.64835e-05 -1.64835e-05
161000 0 0 -3.2967e-05 -3.2967e-05 0 -1.64835e-05 -3.2967e-05 -1.64835e-05 -1.64835e-05
162000 0 0 -3.2967e-05 -3.2967e-05 0 -1.64835e-05 -3.2967e-05 -1.64835e-05 -1.64835e-05
163000 0 0 -3.2967e-05 -3.2967e-05 0 -1.64835e-05 -3.2967e-05 -1.64835e-05 -1.64835e-05
164000 0 0 -3.2967e-05 -3.2967e-05 0 -1.64835e-05 -3.2967e-05 -1.64835e-05 -1.64835e-05
165000 0 0 -3.2967e-05 -3.2967e-05 0 -1.64835e-05 -3.2967e-05 -1.64835e-05 -1.64835e-05
166000 0 0 -3.2967e-05 -3.2967e-05 0 -1.64835e-05 -3.2967e-05 -1.64835e-05 -1.64835e-05
167000 0 0 -3.2967e-05 -3.2967e-05 0 -1.64835e-05 -3.2967e-05 -1.64835e-05 -1.64835e-05
168000 0 0 -3.2967e-05 -3.2967e-05 0 -1.64835e-05 -3.2967e-05 -1.64835e-05 -1.64835e-05
169000 0 0 -3.2967e-05 -3.2967e-05 0 -1.64835e-05 -3.2967e-05 -1.64835e-05 -1.64835e-05
170000 0 0 -3.2967e-05 -3.2967e-05 0 -1.64835e-05 -3.2967e-05 -1.64835e-05 -1.64835e-05
171000 0 0 -3.2967e-05 -3.2967e-05 0 -1.64835e-05 -3.2967e-05 -1.64835e-05 -1.64835e-05
172000 0 0 -3.2967e-05 -3.2967e-05 0 -1.64835e-05 -3.2967e-05 -1.64835e-05 -1.64835e-05
173000 0 0 -3.2967e-05 -3.2967e-05 0 -1.64835e-05 -3.2967e-05 -1.64835e-05 -1.64835e-05
174000 0 0 -3.2967e-05 -3.2967e-05 0 -1.64835e-05 -3.2967e-05 -1.64835e-05 -1.64835e-05
175000 0 0 -3.2967e-05 -3.2967e-05 0 -1.64835e-05 -3.2967e-05 -1.64835e-05 -1.64835e-05
176000 0 0 -3.2967e-05 -3.2967e-05 0 -1.64835e-05 -3.2967e-05 -1.64835e-05 -1.64835e-05
177000 0 0 -3.2967e-05 -3.2967e-05 0 -1.64835e-05 -3.2967e-05 -1.64835e-05 -1.64835e-05
178000 0 0 -3.2967e-05 -3.2967e-05 0 -1.64835e-05 -3.2967e-05 -1.64835e-05 -1.64835e-05
179000 0 0 -3.2967e-05 -3.2967e-05 0 -1.64835e-05 -3.2967e-05 -1.64835e-05 -1.64835e-05
180000 0 0 -3.2967e-05 -3.2967e-05 0 -1.64835e-05 -3.2967e-05 -1.64835e-05 -1.64835e-05
181000 0 0 -3.2967e-05 -3.2967e-05 0 -1.64835e-05 -3.2967e-05 -1.64835e-05 -1.64835e-05
182000 0 0 -3.2967e-05 -3.2967e-05 0 -1.64835e-05 -3.2967e-05 -1.64835e-05 -1.64835e-05
183000 0 0 -3.2967e-05 -3.2967e-05 0 -1.64835e-05 -3.2967e-05 -1.64835e-05 -1.64835e-05
184000 0 0 -3.2967e-05 -3.2967e-05 0 -1.64835e-05 -3.2967e-05 -1.64835e-05 -1.64835e-05
185000 0 0 -3.2967e-05 -3.2967e-05 0 -1.64835e-05 -3.2967e-05 -1.64835e-05 -1.64835e-05
186000 0 0 -3.2967e-05 -3.2967e-05 0 -1.64835e-05 -3.2967e-05 -1.64835e-05 -1.64835e-05
187000 0 0 -3.2967e-05 -3.2967e-05 0 -1.64835e-05 -3.2967e-05 -1.64835e-05 -1.64835e-05
188000 0 0 -3.2967e-05 -3.2967e-05 0 -1.64835e-05 -3.2967e-05 -1.64835e-05 -1.64835e-05
189000 0 0 -3.2967e-05 -3.2967e-05 0 -1.64835e-05 -3.2967e-05 -1.64835e-05 -1.64835e-05
190000 0 0 -3.2967e-05 -3.2967e-05 0 -1.64835e-05 -3.2967e-05 -1.64835e-05 -1.64835e-05
191000 0 0 -3.2967e-05 -3.2967e-05 0 -1.64835e-05 -3.2967e-05 -1.64835e-05 -1.64835e-05
192000 0 0 -3.2967e-05 -3.2967e-05 0 -1.64835e-05 -3.2967e-05 -1.64835e-05 -1.64835e-05
193000 0 0 -3.2967e-05 -3.2967e-05 0 -1.64835e-05 -3.2967e-05 -1.64835e-05 -1.64835e-05
194000 0 0 -3.2967e-05 -3.2967e-05 0 -1.64835e-05 -3.2967e-05 -1.64835e-05 -1.64835e-05
195000 0 0 -3.2967e-05 -3.2967e-05 0 -1.64835e-05 -3.2967e-05 -1.64835e-05 -1.64835e-05
196000 0 0 -3.2967e-05 -3.2967e-05 0 -1.64835e-05 -3.2967e-05 -1.64835e-05 -1.64835e-05
197000 0 0 -3.2967e-05 -3.2967e-05 0 -1.64835e-05 -3.2967e-05 -1.64835e-05 -1.64835e-05
198000 0 0 -3.2967e-05 -3.2967e-05 0 -1.64835e-05 -3.2967e-05 -1.64835e-05 -1.64835e-05
199000 0 0 -3.2967e-05 -3.2967e-05 0 -1.64835e-05 -3.2967e-05 -1.64835e-05 -1.64835e-05
200000 0 0 -3.2967e-05 -3.2967e-05 0 -1.64835e-05 -3.2967e-05 -1.64835e-05 -1.64835e-05
200100 0 0 -3.2967e-05 -3.2967e-05 0 -1.64835e-05 -3.2967e-05 -1.64835e-05 -1.64835e-05
200200 0 0 -3.2967e-05 -3.2967e-05 0 -1.64835e-05 -3.2967e-05 -1.64835e-05 -1.64835e-05
200300 0 0 -3.2967e-05 -3.2967e-05 0 -1.64835e-05 -3.2967e-05 -1.64835e-05 -1.64835e-05
200400 0 0 -3.2967e-05 -3.2967e-05 0 -1.64835e-05 -3.2967e-05 -1.64835e-05 -1.64835e-05
200500 0 0 -3.2967e-05 -3.2967e-05 0 -1.64835e-05 -3.2967e-05 -1.64835e-05 -1.64835e-05
200600 0 0 -3.2967e-05 -3.2967e-05 0 -1.64835e-05 -3.2967e-05 -1.64835e-05 -1.64835e-05
200700 0 0 -3.2967e-05 -3.2967e-05 0 -1.64835e-05 -3.2967e-05 -1.64835e-05 -1.64835e-05
200800 0 0 -3.2967e-05 -3.2967e-05 0 -1.64835e-05 -3.2967e-05 -1.64835e-05 -1.64835e-05
200900 0 0 -3.2967e-05 -3.2967e-05 0 -1.64835e-05 -3.2967e-05 -1.64835e-05 -1.64835e-05
201000 0 0 -3.2967e-05 -3.2967e-05 0 -1.64835e-05 -3.2967e-05 -1.64835e-05 -1.64835e-05
201100 0 0 -3.2967e-05 -3.2967e-05 0 -1.64835e-05 -3.2967e-05 -1.64835e-05 -1.64835e-05
201200 0 0 -3.2967e-05 -3.2967e-05 0 -1.64835e-05 -3.2967e-05 -1.64835e-05 -1.64835e-05
201300 0 0 -3.2967e-05 -3.2967e-05 0 -1.64835e-05 -3.2967e-05 -1.64835e-05 -1.64835e-05
201400 0 0 -3.2967e-05 -3.2967e-05 0 -1.64835e-05 -3.2967e-05 -1.64835e-05 -1.64835e-05
201500 0 0 -3.2967e-05 -3.2967e-05 0 -1.64835e-05 -3.2967e-05 -1.64835e-05 -1.64835e-05
201600 0 0 -3.2967e-05 -3.2967e-05 0 -1.64835e-05 -3.2967e-05 -1.64835e-05 -1.64835e-05
201700 0 0 -3.2967e-05 -3.2967e-05 0 -1.64835e-05 -3.2967e-05 -1.64835e-05 -1.64835e-05
201800 0 0 -3.2967e-05 -3.2967e-05 0 -1.64835e-05 -3.2967e-05 -1.64835e-05 -1.64835e-05
201900 0 0 -3.2967e-05 -3.2967e-05 0 -1.64835e-05 -3.2967e-05 -1.64835e-05 -1.64835e-05
202000 0 0 -3.2967e-05 -3.2967e-05 0 -1.64835e-05 -3.2967e-05 -1.64835e-05 -1.64835e-05
202100 0 0 -3.2967e-05 -3.2967e-05 0 -1.64835e-05 -3.2967e-05 -1.64835e-05 -1.64835e-05
202200 0 0 -3.2967e-05 -3.2967e-05 0 -1.64835e-05 -3.2967e-05 -1.64835e-05 -1.64835e-05
202300 0 0 -3.2967e-05 -3.2967e-05 0 -1.64835e-05 -3.2967e-05 -1.64835e-05 -1.64835e-05
202400 0 0 -3.2967e-05 -3.2967e-05 0 -1.64835e-05 -3.2967e-05 -1.64835e-05 -1.64835e-05
202500 0 0 -3.2967e-05 -3.2967e-05 0 -1.64835e-05 -3.2967e-05 -1.64835e-05 -1.64835e-05
202600 0 0 -3.2967e-05 -3.2967e-05 0 -1.64835e-05 -3.2967e-05 -1.64835e-05 -1.64835e-05
202700 0 0 -3.2967e-05 -3.2967e-05 0 -1.64835e-05 -3.2967e-05 -1.64835e-05 -1.64835e-05
202800 0 0 -3.2967e-05 -3.2967e-05 0 -1.64835e-05 -3.2967e-05 -1.64835e-05 -1.64835e-05
202900 0 0 -3.2967e-05 -3.2967e-05 0 -1.64835e-05 -3.2967e-05 -1.64835e-05 -1.64835e-05
203000 0 0 -3.2967e-05 -3.2967e-05 0 -1.64835e-05 -3.2967e-05 -1.64835e-05 -1.64835e-05
203100 0 0 -3.2967e-05 -3.2967e-05 0 -1.64835e-05 -3.2967e-05 -1.64835e-05 -1.64835e-05
203200 0 0 -3.2967e-05 -3.2967e-05 0 -1.64835e-05 -3.2967e-05 -1.64835e-05 -1.64835e-05
203300 0 0 -3.2967e-05 -3.2967e-05 0 -1.64835e-05 -3.2967e-05 -1.64835e-05 -1.64835e-05
203400 0 0 -3.2967e-05 -3.2967e-05 0 -1.64835e-05 -3.2967e-05 -1.64835e-05 -1.64835e-05
203500 0 0 -3.2967e-05 -3.2967e-05 0 -1.64835e-05 -3.2967e-05 -1.64835e-05 -1.64835e-05
203600 0 0 -3.2967e-05 -3.2967e-05 0 -1.64835e-05 -3.2967e-05 -1.64835e-05 -1.64835e-05
203700 0 0 -3.2967e-05 -3.2967e-05 0 -1.64835e-05 -3.2967e-05 -1.64835e-05 -1.64835e-05
203800 0 0 -3.2967e-05 -3.2967e-05 0 -1.64835e-05 -3.2967e-05 -1.64835e-05 -1.64835e-05
203900 0 0 -3.2967e-05 -3.2967e-05 0 -1.64835e-05 -3.2967e-05 -1.64835e-05 -1.64835e-05
204000 0 0 -3.2967e-05 -3.2967e-05 0 -1.64835e-05 -3.2967e-05 -1.64835e-05 -1.64835e-05
204100 0 0 -3.2967e-05 -3.2967e-05 0 -1.64835e-05 -3.2967e-05 -1.64835e-05 -1.64835e-05
204200 0 0 -3.2967e-05 -3.2967e-05 0 -1.64835e-05 -3.2967e-05 -1.64835e-05 -1.64835e-05
204300 0 0 -3.2967e-05 -3.2967e-05 0 -1.64835e-05 -3.2967e-05 -1.64835e-05 -1.64835e-05
204400 0 0 -3.2967e-05 -3.2967e-05 0 -1.64835e-05 -3.2967e-05 -1.64835e-05 -1.64835e-05
204500 0 0 -3.2967e-05 -3.2967e-05 0 -1.64835e-05 -3.2967e-05 -1.64835e-05 -1.64835e-05
204600 0 0 -3.2967e-05 -3.2967e-05 0 -1.64835e-05 -3.2967e-05 -1.64835e-05 -1.64835e-05
204700 0 0 -3.2967e-05 -3.2967e-05 0 -1.64835e-05 -3.2967e-05 -1.64835e-05 -1.64835e-05
204800 0 0 -3.2967e-05 -3.2967e-05 0 -1.64835e-05 -3.2967e-05 -1.64835e-05 -1.64835e-05
204900 0 0 -3.2967e-05 -3.2967e-05 0 -1.64835e-05 -3.2967e-05 -1.64835e-05 -1.64835e-05
205000 0 0 -3.2967e-05 -3.2967e-05 0 -1.64835e-05 -3.2967e-05 -1.64835e-05 -1.64835e-05
205100 0 0 -3.2967e-05 -3.2967e-05 0 -1.64835e-05 -3.2967e-05 -1.64835e-05 -1.64835e-05
205200 0 0 -3.2967e-05 -3.2967e-05 0 -1.64835e-05 -3.2967e-05 -1.64835e-05 -1.64835e-05
205300 0 0 -3.2967e-05 -3.2967e-05 0 -1.64835e-05 -3.2967e-05 -1.64835e-05 -1.64835e-05
205400 0 0 -3.2967e-05 -3.2967e-05 0 -1.64835e-05 -3.2967e-05 -1.64835e-05 -1.64835e-05
205500 0 0 -3.2967e-05 -3.2967e-05 0 -1.64835e-05 -3.2967e-05 -1.64835e-05 -1.64835e-05
205600 0 0 -3.2967e-05 -3.2967e-05 0 -1.64835e-05 -3.2967e-05 -1.64835e-05 -1.64835e-05
205700 0 0 -3.2967e-05 -3.2967e-05 0 -1.64835e-05 -3.2967e-05 -1.64835e-05 -1.64835e-05
205800 0 0 -3.2967e-05 -3.2967e-05 0 -1.64835e-05 -3.2967e-05 -1.64835e-05 -1.64835e-05
205900 0 0 -3.2967e-05 -3.2967e-05 0 -1.64835e-05 -3.2967e-05 -1.64835e-05 -1.64835e-05
206000 0 0 -3.2967e-05 -3.2967e-05 0 -1.64835e-05 -3.2967e-05 -1.64835e-05 -1.64835e-05
206100 0 0 -3.2967e-05 -3.2967e-05 0 -1.64835e-05 -3.2967e-05 -1.64835e-05 -1.64835e-05
206200 0 0 -3.2967e-05 -3.2967e-05 0 -1.64835e-05 -3.2967e-05 -1.64835e-05 -1.64835e-05
206300 0 0 -3.2967e-05 -3.2967e-05 0 -1.64835e-05 -3.2967e-05 -1.64835e-05 -1.64835e-05
206400 0 0 -3.2967e-05 -3.2967e-05 0 -1.64835e-05 -3.2967e-05 -1.64835e-05 -1.64835e-05
206500 0 0 -3.2967e-05 -3.2967e-05 0 -1.64835e-05 -3.2967e-05 -1.64835e-05 -1.64835e-05
206600 0 0 -3.2967e-05 -3.2967e-05 0 -1.64835e-05 -3.2967e-05 -1.64835e-05 -1.64835e-05
206700 0 0 -3.2967e-05 -3.2967e-05 0 -1.64835e-05 -3.2967e-05 -1.64835e-05 -1.64835e-05
206800 0 0 -3.2967e-05 -3.2967e-05 0 -1.64835e-05 -3.2967e-05 -1.64835e-05 -1.64835e-05
206900 0 0 -3.2967e-05 -3.2967e-05 0 -1.64835e-05 -3.2967e-05 -1.64835e-05 -1.64835e-05
207000 0 0 -3.2967e-05 -3.2967e-05 0 -1.64835e-05 -3.2967e-05 -1.64835e-05 -1.64835e-05
207100 0 0 -3.2967e-05 -3.2967e-05 0 -1.64835e-05 -3.2967e-05 -1.64835e-05 -1.64835e-05
207200 0 0 -3.2967e-05 -3.2967e-05 0 -1.64835e-05 -3.2967e-05 -1.64835e-05 -1.64835e-05
207300 0 0 -3.2967e-05 -3.2967e-05 0 -1.64835e-05 -3.2967e-05 -1.64835e-05 -1.64835e-05
207400 0 0 -3.2967e-05 -3.2967e-05 0 -1.64835e-05 -3.2967e-05 -1.64835e-05 -1.64835e-05
207500 0 0 -3.2967e-05 -3.2967e-05 0 -1.64835e-05 -3.2967e-05 -1.64835e-05 -1.64835e-05
207600 0 0 -3.2967e-05 -3.2967e-05 0 -1.64835e-05 -3.2967e-05 -1.64835e-05 -1.64835e-05
207700 0 0 -3.2967e-05 -3.2967e-05 0 -1.64835e-05 -3.2967e-05 -1.64835e-05 -1.64835e-05
207800 0 0 -3.2967e-05 -3.2967e-05 0 -1.64835e-05 -3.2967e-05 -1.64835e-05 -1.64835e-05
207900 0 0 -3.2967e-05 -3.2967e-05 0 -1.64835e-05 -3.2967e-05 -1.64835e-05 -1.64835e-05
208000 0 0 -3.2967e-05 -3.2967e-05 0 -1.64835e-05 -3.2967e-05 -1.64835e-05 -1.64835e-05
208100 0 0 -3.2967e-05 -3.2967e-05 0 -1.64835e-05 -3.2967e-05 -1.64835e-05 -1.64835e-05
208200 0 0 -3.2967e-05 -3.2967e-05 0 -1.64835e-05 -3.2967e-05 -1.64835e-05 -1.64835e-05
208300 0 0 -3.2967e-05 -3.2967e-05 0 -1.64835e-05 -3.2967e-05 -1.64835e-05 -1.64835e-05
208400 0 0 -3.2967e-05 -3.2967e-05 0 -1.64835e-05 -3.2967e-05 -1.64835e-05 -1.64835e-05
208500 0 0 -3.2967e-05 -3.2967e-05 0 -1.64835e-05 -3.2967e-05 -1.64835e-05 -1.64835e-05
208600 0 0 -3.2967e-05 -3.2967e-05 0 -1.64835e-05 -3.2967e-05 -1.64835e-05 -1.64835e-05
208700 0 0 -3.2967e-05 -3.2967e-05 0 -1.64835e-05 -3.2967e-05 -1.64835e-05 -1.64835e-05
208800 0 0 -3.2967e-05 -3.2967e-05 0 -1.64835e-05 -3.2967e-05 -1.64835e-05 -1.64835e-05
208900 0 0 -3.2967e-05 -3.2967e-05 0 -1.64835e-05 -3.2967e-05 -1.64835e-05 -1.64835e-05
209000 0 0 -3.2967e-05 -3.2967e-05 0 -1.64835e-05 -3.2967e-05 -1.64835e-05 -1.64835e-05
209100 0 0 -3.2967e-05 -3.2967e-05 0 -1.64835e-05 -3.2967e-05 -1.64835e-05 -1.64835e-05
209200 0 0 -3.2967e-05 -3.2967e-05 0 -1.64835e-05 -3.2967e-05 -1.64835e-05 -1.64835e-05
209300 0 0 -3.2967e-05 -3.2967e-05 0 -1.64835e-05 -3.2967e-05 -1.64835e-05 -1.64835e-05
209400 0 0 -3.2967e-05 -3.2967e-05 0 -1.64835e-05 -3.2967e-05 -1.64835e-05 -1.64835e-05
209500 0 0 -3.2967e-05 -3.2967e-05 0 -1.64835e-05 -3.2967e-05 -1.64835e-05 -1.64835e-05
209600 0 0 -3.2967e-05 -3.2967e-05 0 -1.64835e-05 -3.2967e-05 -1.64835e-05 -1.64835e-05
209700 0 0 -3.2967e-05 -3.2967e-05 0 -1.64835e-05 -3.2967e-05 -1.64835e-05 -1.64835e-05
209800 0 0 -3.2967e-05 -3.2967e-05 0 -1.64835e-05 -3.2967e-05 -1.64835e-05 -1.64835e-05
209900 0 0 -3.2967e-05 -3.2967e-05 0 -1.64835e-05 -3.2967e-05 -1.64835e-05 -1.64835e-05
210000 0 0 -3.2967e-05 -3.2967e-05 0 -1.64835e-05 -3.2967e-05 -1.64835e-05 -1.64835e-05
211000 0 0 -3.2967e-05 -3.2967e-05 0 -1.64835e-05 -3.2967e-05 -1.64835e-05 -1.64835e-05
212000 0 0 -3.2967e-05 -3.2967e-05 0 -1.64835e-05 -3.2967e-05 -1.64835e-05 -1.64835e-05
213000 0 0 -3.2967e-05 -3.2967e-05 0 -1.64835e-05 -3.2967e-05 -1.64835e-05 -1.64835e-05
214000 0 0 -3.2967e-05 -3.2967e-05 0 -1.64835e-05 -3.2967e-05 -1.64835e-05 -1.64835e-05
215000 0 0 -3.2967e-05 -3.2967e-05 0 -1.64835e-05 -3.2967e-05 -1.64835e-05 -1.64835e-05
216000 0 0 -3.2967e-05 -3.2967e-05 0 -1.64835e-05 -3.2967e-05 -1.64835e-05 -1.64835e-05
217000 0 0 -3.2967e-05 -3.2967e-05 0 -1.64835e-05 -3.2967e-05 -1.64835e-05 -1.64835e-05
218000 0 0 -3.2967e-05 -3.2967e-05 0 -1.64835e-05 -3.2967e-05 -1.64835e-05 -1.64835e-05
219000 0 0 -3.2967e-05 -3.2967e-05 0 -1.64835e-05 -3.2967e-05 -1.64835e-05 -1.64835e-05
220000 0 0 -3.2967e-05 -3.2967e-05 0 -1.64835e-05 -3.2967e-05 -1.64835e-05 -1.64835e-05
221000 0 0 -3.2967e-05 -3.2967e-05 0 -1.64835e-05 -3.2967e-05 -1.64835e-05 -1.64835e-05
222000 0 0 -3.2967e-05 -3.2967e-05 0 -1.64835e-05 -3.2967e-05 -1.64835e-05 -1.64835e-05
223000 0 0 -3.2967e-05 -3.2967e-05 0 -1.64835e-05 -3.2967e-05 -1.64835e-05 -1.64835e-05
224000 0 0 -3.2967e-05 -3.2967e-05 0 -1.64835e-05 -3.2967e-05 -1.64835e-05 -1.64835e-05
225000 0 0 -3.2967e-05 -3.2967e-05 0 -1.64835e-05 -3.2967e-05 -1.64835e-05 -1.64835e-05
226000 0 0 -3.2967e-05 -3.2967e-05 0 -1.64835e-05 -3.2967e-05 -1.64835e-05 -1.64835e-05
227000 0 0 -3.2967e-05 -3.2967e-05 0 -1.64835e-05 -3.2967e-05 -1.64835e-05 -1.64835e-05
228000 0 0 -3.2967e-05 -3.2967e-05 0 -1.64835e-05 -3.2967e-05 -1.64835e-05 -1.64835e-05
229000 0 0 -3.2967e-05 -3.2967e-05 0 -1.64835e-05 -3.2967e-05 -1.64835e-05 -1.64835e-05
230000 0 0 -3.2967e-05 -3.2967e-05 0 -1.64835e-05 -3.2967e-05 -1.64835e-05 -1.64835e-05
231000 0 0 -3.2967e-05 -3.2967e-05 0 -1.64835e-05 -3.2967e-05 -1.64835e-05 -1.64835e-05
232000 0 0 -3.2967e-05 -3.2967e-05 0 -1.64835e-05 -3.2967e-05 -1.64835e-05 -1.64835e-05
233000 0 0 -3.2967e-05 -3.2967e-05 0 -1.64835e-05 -3.2967e-05 -1.64835e-05 -1.64835e-05
234000 0 0 -3.2967e-05 -3.2967e-05 0 -1.64835e-05 -3.2967e-05 -1.64835e-05 -1.64835e-05
235000 0 0 -3.2967e-05 -3.2967e-05 0 -1.64835e-05 -3.2967e-05 -1.64835e-05 -1.64835e-05
236000 0 0 -3.2967e-05 -3.2967e-05 0 -1.64835e-05 -3.2967e-05 -1.64835e-05 -1.64835e-05
237000 0 0 -3.2967e-05 -3.2967e-05 0 -1.64835e-05 -3.2967e-05 -1.64835e-05 -1.64835e-05
238000 0 0 -3.2967e-05 -3.2967e-05 0 -1.64835e-05 -3.2967e-05 -1.64835e-05 -1.64835e-05
239000 0 0 -3.2967e-05 -3.2967e-05 0 -1.64835e-05 -3.2967e-05 -1.64835e-05 -1.64835e-05
240000 0 0 -3.2967e-05 -3.2967e-05 0 -1.64835e-05 -3.2967e-05 -1.64835e-05 -1.64835e-05
241000 0 0 -3.2967e-05 -3.2967e-05 0 -1.64835e-05 -3.2967e-05 -1.64835e-05 -1.64835e-05
242000 0 0 -3.2967e-05 -3.2967e-05 0 -1.64835e-05 -3.2967e-05 -1.64835e-05 -1.64835e-05
243000 0 0 -3.2967e-05 -3.2967e-05 0 -1.64835e-05 -3.2967e-05 -1.64835e-05 -1.64835e-05
244000 0 0 -3.2967e-05 -3.2967e-05 0 -1.64835e-05 -3.2967e-05 -1.64835e-05 -1.64835e-05
245000 0 0 -3.2967e-05 -3.2967e-05 0 -1.64835e-05 -3.2967e-05 -1.64835e-05 -1.64835e-05
246000 0 0 -3.2967e-05 -3.2967e-05 0 -1.64835e-05 -3.2967e-05 -1.64835e-05 -1.64835e-05
247000 0 0 -3.2967e-05 -3.2967e-05 0 -1.64835e-05 -3.2967e-05 -1.64835e-05 -1.64835e-05
248000 0 0 -3.2967e-05 -3.2967e-05 0 -1.64835e-05 -3.2967e-05 -1.64835e-05 -1.64835e-05
249000 0 0 -3.2967e-05 -3.2967e-05 0 -1.64835e-05 -3.2967e-05 -1.64835e-05 -1.64835e-05
250000 0 0 -3.2967e-05 -3.2967e-05 0 -1.64835e-05 -3.2967e-05 -1.64835e-05 -1.64835e-05
251000 0 0 -3.2967e-05 -3.2967e-05 0 -1.64835e-05 -3.2967e-05 -1.64835e-05 -1.64835e-05
252000 0 0 -3.2967e-05 -3.2967e-05 0 -1.64835e-05 -3.2967e-05 -1.64835e-05 -1.64835e-05
253000 0 0 -3.2967e-05 -3.2967e-05 0 -1.64835e-05 -3.2967e-05 -1.64835e-05 -1.64835e-05
254000 0 0 -3.2967e-05 -3.2967e-05 0 -1.64835e-05 -3.2967e-05 -1.64835e-05 -1.64835e-05
255000 0 0 -3.2967e-05 -3.2967e-05 0 -1.64835e-05 -3.2967e-05 -1.64835e-05 -1.64835e-05
256000 0 0 -3.2967e-05 -3.2967e-05 0 -1.64835e-05 -3.2967e-05 -1.64835e-05 -1.64835e-05
257000 0 0 -3.2967e-05 -3.2967e-05 0 -1.64835e-05 -3.2967e-05 -1.64835e-05 -1.64835e-05
258000 0 0 -3.2967e-05 -3.2967e-05 0 -1.64835e-05 -3.2967e-05 -1.64835e-05 -1.64835e-05
259000 0 0 -3.2967e-05 -3.2967e-05 0 -1.64835e-05 -3.2967e-05 -1.64835e-05 -1.64835e-05
260000 0 0 -3.2967e-05 -3.2967e-05 0 -1.64835e-05 -3.2967e-05 -1.64835e-05 -1.64835e-05
261000 0 0 -3.2967e-05 -3.2967e-05 0 -1.64835e-05 -3.2967e-05 -1.64835e-05 -1.64835e-05
262000 0 0 -3.2967e-05 -3.2967e-05 0 -1.64835e-05 -3.2967e-05 -1.64835e-05 -1.64835e-05
263000 0 0 -3.2967e-05 -3.2967e-05 0 -1.64835e-05 -3.2967e-05 -1.64835e-05 -1.64835e-05
264000 0 0 -3.2967e-05 -3.2967e-05 0 -1.64835e-05 -3.2967e-05 -1.64835e-05 -1.64835e-05
265000 0 0 -3.2967e-05 -3.2967e-05 0 -1.64835e-05 -3.2967e-05 -1.64835e-05 -1.64835e-05
266000 0 0 -3.2967e-05 -3.2967e-05 0 -1.64835e-05 -3.2967e-05 -1.64835e-05 -1.64835e-05
267000 0 0 -3.2967e-05 -3.2967e-05 0 -1.64835e-05 -3.2967e-05 -1.64835e-05 -1.64835e-05
268000 0 0 -3.2967e-05 -3.2967e-05 0 -1.64835e-05 -3.2967e-05 -1.64835e-05 -1.64835e-05
269000 0 0 -3.2967e-05 -3.2967e-05 0 -1.64835e-05 -3.2967e-05 -1.64835e-05 -1.64835e-05
270000 0 0 -3.2967e-05 -3.2967e-05 0 -1.64835e-05 -3.2967e-05 -1.64835e-05 -1.64835e-05
271000 0 0 -3.2967e-05 -3.2967e-05 0 -1.64835e-05 -3.2967e-05 -1.64835e-05 -1.64835e-05
272000 0 0 -3.2967e-05 -3.2967e-05 0 -1.64835e-05 -3.2967e-05 -1.64835e-05 -1.64835e-05
273000 0 0 -3.2967e-05 -3.2967e-05 0 -1.64835e-05 -3.2967e-05 -1.64835e-05 -1.64835e-05
274000 0 0 -3.2967e-05 -3.2967e-05 0 -1.64835e-05 -3.2967e-05 -1.64835e-05 -1.64835e-05
275000 0 0 -3.2967e-05 -3.2967e-05 0 -1.64835e-05 -3.2967e-05 -1.64835e-05 -1.64835e-05
276000 0 0 -3.2967e-05 -3.2967e-05 0 -1.64835e-05 -3.2967e-05 -1.64835e-05 -1.64835e-05
277000 0 0 -3.2967e-05 -3.2967e-05 0 -1.64835e-05 -3.2967e-05 -1.64835e-05 -1.64835e-05
278000 0 0 -3.2967e-05 -3.2967e-05 0 -1.64835e-05 -3.2967e-05 -1.64835e-05 -1.64835e-05
279000 0 0 -3.2967e-05 -3.2967e-05 0 -1.64835e-05 -3.2967e-05 -1.64835e-05 -1.64835e-05
280000 0 0 -3.2967e-05 -3.2967e-05 0 -1.64835e-05 -3.2967e-05 -1.64835e-05 -1.64835e-05
281000 0 0 -3.2967e-05 -3.2967e-05 0 -1.64835e-05 -3.2967e-05 -1.64835e-05 -1.64835e-05
282000 0 0 -3.2967e-05 -3.2967e-05 0 -1.64835e-05 -3.2967e-05 -1.64835e-05 -1.64835e-05
283000 0 0 -3.2967e-05 -3.2967e-05 0 -1.64835e-05 -3.2967e-05 -1.64835e-05 -1.64835e-05
284000 0 0 -3.2967e-05 -3.2967e-05 0 -1.64835e-05 -3.2967e-05 -1.64835e-05 -1.64835e-05
285000 0 0 -3.2967e-05 -3.2967e-05 0 -1.64835e-05 -3.2967e-05 -1.64835e-05 -1.64835e-05
286000 0 0 -3.2967e-05 -3.2967e-05 0 -1.64835e-05 -3.2967e-05 -1.64835e-05 -1.64835e-05
287000 0 0 -3.2967e-05 -3.2967e-05 0 -1.64835e-05 -3.2967e-05 -1.64835e-05 -1.64835e-05
288000 0 0 -3.2967e-05 -3.2967e-05 0 -1.64835e-05 -3.2967e-05 -1.64835e-05 -1.64835e-05
289000 0 0 -3.2967e-05 -3.2967e-05 0 -1.64835e-05 -3.2967e-05 -1.64835e-05 -1.64835e-05
290000 0 0 -3.2967e-05 -3.2967e-05 0 -1.64835e-05 -3.2967e-05 -1.64835e-05 -1.64835e-05
291000 0 0 -3.2967e-05 -3.2967e-05 0 -1.64835e-05 -3.2967e-05 -1.64835e-05 -1.64835e-05
292000 0 0 -3.2967e-05 -3.2967e-05 0 -1.64835e-05 -3.2967e-05 -1.64835e-05 -1.64835e-05
293000 0 0 -3.2967e-05 -3.2967e-05 0 -1.64835e-05 -3.2967e-05 -1.64835e-05 -1.64835e-05
294000 0 0 -3.2967e-05 -3.2967e-05 0 -1.64835e-05 -3.2967e-05 -1.64835e-05 -1.64835e-05
295000 0 0 -3.2967e-05 -3.2967e-05 0 -1.64835e-05 -3.2967e-05 -1.64835e-05 -1.64835e-05
296000 0 0 -3.2967e-05 -3.2967e-05 0 -1.64835e-05 -3.2967e-05 -1.64835e-05 -1.64835e-05
297000 0 0 -3.2967e-05 -3.2967e-05 0 -1.64835e-05 -3.2967e-05 -1.64835e-05 -1.64835e-05
298000 0 0 -3.2967e-05 -3.2967e-05 0 -1.64835e-05 -3.2967e-05 -1.64835e-05 -1.64835e-05
299000 0 0 -3.2967e-05 -3.2967e-05 0 -1.64835e-05 -3.2967e-05 -1.64835e-05 -1.64835e-05
300000 0 0 -3.2967e-05 -3.2967e-05 0 -1.64835e-05 -3.2967e-05 -1.64835e-05 -1.64835e-05
301000 0 0 -3.2967e-05 -3.2967e-05 0 -1.64835e-05 -3.2967e-05 -1.64835e-05 -1.64835e-05
302000 0 0 -3.2967e-05 -3.2967e-05 0 -1.64835e-05 -3.2967e-05 -1.64835e-05 -1.64835e-05
303000 0 0 -3.2967e-05 -3.2967e-05 0 -1.64835e-05 -3.2967e-05 -1.64835e-05 -1.64835e-05
304000 0 0 -3.2967e-05 -3.2967e-05 0 -1.64835e-05 -3.2967e-05 -1.64835e-05 -1.64835e-05
305000 0 0 -3.2967e-05 -3.2967e-05 0 -1.64835e-05 -3.2967e-05 -1.64835e-05 -1.64835e-05
306000 0 0 -3.2967e-05 -3.2967e-05 0 -1.64835e-05 -3.2967e-05 -1.64835e-05 -1.64835e-05
307000 0 0 -3.2967e-05 -3.2967e-05 0 -1.64835e-05 -3.2967e-05 -1.64835e-05 -1.64835e-05
308000 0 0 -3.2967e-05 -3.2967e-05 0 -1.64835e-05 -3.2967e-05 -1.64835e-05 -1.64835e-05
309000 0 0 -3.2967e-05 -3.2967e-05 0 -1.64835e-05 -3.2967e-05 -1.64835e-05 -1.64835e-05
310000 0 0 -3.2967e-05 -3.2967e-05 0 -1.64835e-05 -3.2967e-05 -1.64835e-05 -1.64835e-05
311000 0 0 -3.2967e-05 -3.2967e-05 0 -1.64835e-05 -3.2967e-05 -1.64835e-05 -1.64835e-05
312000 0 0 -3.2967e-05 -3.2967e-05 0 -1.64835e-05 -3.2967e-05 -1.64835e-05 -1.64835e-05
313000 0 0 -3.2967e-05 -3.2967e-05 0 -1.64835e-05 -3.2967e-05 -1.64835e-05 -1.64835e-05
314000 0 0 -3.2967e-05 -3.2967e-05 0 -1.64835e-05 -3.2967e-05 -1.64835e-05 -1.64835e-05
315000 0 0 -3.2967e-05 -3.2967e-05 0 -1.64835e-05 -3.2967e-05 -1.64835e-05 -1.64835e-05
316000 0 0 -3.2967e-05 -3.2967e-05 0 -1.64835e-05 -3.2967e-05 -1.64835e-05 -1.64835e-05
317000 0 0 -3.2967e-05 -3.2967e-05 0 -1.64835e-05 -3.2967e-05 -1.64835e-05 -1.64835e-05
318000 0 0 -3.2967e-05 -3.2967e-05 0 -1.64835e-05 -3.2967e-05 -1.64835e-05 -1.64835e-05
319000 0 0 -3.2967e-05 -3.2967e-05 0 -1.64835e-05 -3.2967e-05 -1.64835e-05 -1.64835e-05
320000 0 0 -3.2967e-05 -3.2967e-05 0 -1.64835e-05 -3.2967e-05 -1.64835e-05 -1.64835e-05
321000 0 0 -3.2967e-05 -3.2967e-05 0 -1.64835e-05 -3.2967e-05 -1.64835e-05 -1.64835e-05
322000 0 0 -3.2967e-05 -3.2967e-05 0 -1.64835e-05 -3.2967e-05 -1.64835e-05 -1.64835e-05
323000 0 0 -3.2967e-05 -3.2967e-05 0 -1.64835e-05 -3.2967e-05 -1.64835e-05 -1.64835e-05
324000 0 0 -3.2967e-05 -3.2967e-05 0 -1.64835e-05 -3.2967e-05 -1.64835e-05 -1.64835e-05
325000 0 0 -3.2967e-05 -3.2967e-05 0 -1.64835e-05 -3.2967e-05 -1.64835e-05 -1.64835e-05
326000 0 0 -3.2967e-05 -3.2967e-05 0 -1.64835e-05 -3.2967e-05 -1.64835e-05 -1.64835e-05
327000 0 0 -3.2967e-05 -3.2967e-05 0 -1.64835e-05 -3.2967e-05 -1.64835e-05 -1.64835e-05
328000 0 0 -3.2967e-05 -3.2967e-05 0 -1.64835e-05 -3.2967e-05 -1.64835e-05 -1.64835e-05
329000 0 0 -3.2967e-05 -3.2967e-05 0 -1.64835e-05 -3.2967e-05 -1.64835e-05 -1.64835e-05
330000 0 0 -3.2967e-05 -3.2967e-05 0 -1.64835e-05 -3.2967e-05 -1.64835e-05 -1.64835e-05
331000 0 0 -3.2967e-05 -3.2967e-05 0 -1.64835e-05 -3.2967e-05 -1.64835e-05 -1.64835e-05
332000 0 0 -3.2967e-05 -3.2967e-05 0 -1.64835e-05 -3.2967e-05 -1.64835e-05 -1.64835e-05
333000 0 0 -3.2967e-05 -3.2967e-05 0 -1.64835e-05 -3.2967e-05 -1.64835e-05 -1.64835e-05
334000 0 0 -3.2967e-05 -3.2967e-05 0 -1.64835e-05 -3.2967e-05 -1.64835e-05 -1.64835e-05
335000 0 0 -3.2967e-05 -3.2967e-05 0 -1.64835e-05 -3.2967e-05 -1.64835e-05 -1.64835e-05
336000 0 0 -3.2967e-05 -3.2967e-05 0 -1.64835e-05 -3.2967e-05 -1.64835e-05 -1.64835e-05
337000 0 0 -3.2967e-05 -3.2967e-05 0 -1.64835e-05 -3.2967e-05 -1.64835e-05 -1.64835e-05
338000 0 0 -3.2967e-05 -3.2967e-05 0 -1.64835e-05 -3.2967e-05 -1.64835e-05 -1.64835e-05
339000 0 0 -3.2967e-05 -3.2967e-05 0 -1.64835e-05 -3.2967e-05 -1.64835e-05 -1.64835e-05
340000 0 0 -3.2967e-05 -3.2967e-05 0 -1.64835e-05 -3.2967e-05 -1.64835e-05 -1.64835e-05
341000 0 0 -3.2967e-05 -3.2967e-05 0 -1.64835e-05 -3.2967e-05 -1.64835e-05 -1.64835e-05
342000 0 0 -3.2967e-05 -3.2967e-05 0 -1.64835e-05 -3.2967e-05 -1.64835e-05 -1.64835e-05
343000 0 0 -3.2967e-05 -3.2967e-05 0 -1.64835e-05 -3.2967e-05 -1.64835e-05 -1.64835e-05
344000 0 0 -3.2967e-05 -3.2967e-05 0 -1.64835e-05 -3.2967e-05 -1.64835e-05 -1.64835e-05
345000 0 0 -3.2967e-05 -3.2967e-05 0 -1.64835e-05 -3.2967e-05 -1.64835e-05 -1.64835e-05
346000 0 0 -3.2967e-05 -3.2967e-05 0 -1.64835e-05 -3.2967e-05 -1.64835e-05 -1.64835e-05
347000 0 0 -3.2967e-05 -3.2967e-05 0 -1.64835e-05 -3.2967e-05 -1.64835e-05 -1.64835e-05
348000 0 0 -3.2967e-05 -3.2967e-05 0 -1.64835e-05 -3.2967e-05 -1.64835e-05 -1.64835e-05
349000 0 0 -3.2967e-05 -3.2967e-05 0 -1.64835e-05 -3.2967e-05 -1.64835e-05 -1.64835e-05
350000 0 0 -3.2967e-05 -3.2967e-05 0 -1.64835e-05 -3.2967e-05 -1.64835e-05 -1.64835e-05
351000 0 0 -3.2967e-05 -3.2967e-05 0 -1.64835e-05 -3.2967e-05 -1.64835e-05 -1.64835e-05
352000 0 0 -3.2967e-05 -3.2967e-05 0 -1.64835e-05 -3.2967e-05 -1.64835e-05 -1.64835e-05
353000 0 0 -3.2967e-05 -3.2967e-05 0 -1.64835e-05 -3.2967e-05 -1.64835e-05 -1.64835e-05
354000 0 0 -3.2967e-05 -3.2967e-05 0 -1.64835e-05 -3.2967e-05 -1.64835e-05 -1.64835e-05
355000 0 0 -3.2967e-05 -3.2967e-05 0 -1.64835e-05 -3.2967e-05 -1.64835e-05 -1.64835e-05
356000 0 0 -3.2967e-05 -3.2967e-05 0 -1.64835e-05 -3.2967e-05 -1.64835e-05 -1.64835e-05
357000 0 0 -3.2967e-05 -3.2967e-05 0 -1.64835e-05 -3.2967e-05 -1.64835e-05 -1.64835e-05
358000 0 0 -3.2967e-05 -3.2967e-05 0 -1.64835e-05 -3.2967e-05 -1.64835e-05 -1.64835e-05
359000 0 0 -3.2967e-05 -3.2967e-05 0 -1.64835e-05 -3.2967e-05 -1.64835e-05 -1.64835e-05
360000 0 0 -3.2967e-05 -3.2967e-05 0 -1.64835e-05 -3.2967e-05 -1.64835e-05 -1.64835e-05
361000 0 0 -3.2967e-05 -3.2967e-05 0 -1.64835e-05 -3.2967e-05 -1.64835e-05 -1.64835e-05
362000 0 0 -3.2967e-05 -3.2967e-05 0 -1.64835e-05 -3.2967e-05 -1.64835e-05 -1.64835e-05
363000 0 0 -3.2967e-05 -3.2967e-05 0 -1.64835e-05 -3.2967e-05 -1.64835e-05 -1.64835e-05
364000 0 0 -3.2967e-05 -3.2967e-05 0 -1.64835e-05 -3.2967e-05 -1.64835e-05 -1.64835e-05
365000 0 0 -3.2967e-05 -3.2967e-05 0 -1.64835e-05 -3.2967e-05 -1.64835e-05 -1.64835e-05
366000 0 0 -3.2967e-05 -3.2967e-05 0 -1.64835e-05 -3.2967e-05 -1.64835e-05 -1.64835e-05
367000 0 0 -3.2967e-05 -3.2967e-05 0 -1.64835e-05 -3.2967e-05 -1.64835e-05 -1.64835e-05
368000 0 0 -3.2967e-05 -3.2967e-05 0 -1.64835e-05 -3.2967e-05 -1.64835e-05 -1.64835e-05
369000 0 0 -3.2967e-05 -3.2967e-05 0 -1.64835e-05 -3.2967e-05 -1.64835e-05 -1.64835e-05
370000 0 0 -3.2967e-05 -3.2967e-05 0 -1.64835e-05 -3.2967e-05 -1.64835e-05 -1.64835e-05
371000 0 0 -3.2967e-05 -3.2967e-05 0 -1.64835e-05 -3.2967e-05 -1.64835e-05 -1.64835e-05
372000 0 0 -3.2967e-05 -3.2967e-05 0 -1.64835e-05 -3.2967e-05 -1.64835e-05 -1.64835e-05
373000 0 0 -3.2967e-05 -3.2967e-05 0 -1.64835e-05 -3.2967e-05 -1.64835e-05 -1.64835e-05
374000 0 0 -3.2967e-05 -3.2967e-05 0 -1.64835e-05 -3.2967e-05 -1.64835e-05 -1.64835e-05
375000 0 0 -3.2967e-05 -3.2967e-05 0 -1.64835e-05 -3.2967e-05 -1.64835e-05 -1.64835e-05
376000 0 0 -3.2967e-05 -3.2967e-05 0 -1.64835e-05 -3.2967e-05 -1.64835e-05 -1.64835e-05
377000 0 0 -3.2967e-05 -3.2967e-05 0 -1.64835e-05 -3.2967e-05 -1.64835e-05 -1.64835e-05
378000 0 0 -3.2967e-05 -3.2967e-05 0 -1.64835e-05 -3.2967e-05 -1.64835e-05 -1.64835e-05
379000 0 0 -3.2967e-05 -3.2967e-05 0 -1.64835e-05 -3.2967e-05 -1.64835e-05 -1.64835e-05
380000 0 0 -3.2967e-05 -3.2967e-05 0 -1.64835e-05 -3.2967e-05 -1.64835e-05 -1.64835e-05
381000 0 0 -3.2967e-05 -3.2967e-05 0 -1.64835e-05 -3.2967e-05 -1.64835e-05 -1.64835e-05
382000 0 0 -3.2967e-05 -3.2967e-05 0 -1.64835e-05 -3.2967e-05 -1.64835e-05 -1.64835e-05
383000 0 0 -3.2967e-05 -3.2967e-05 0 -1.64835e-05 -3.2967e-05 -1.64835e-05 -1.64835e-05
384000 0 0 -3.2967e-05 -3.2967e-05 0 -1.64835e-05 -3.2967e-05 -1.64835e-05 -1.64835e-05
385000 0 0 -3.2967e-05 -3.2967e-05 0 -1.64835e-05 -3.2967e-05 -1.64835e-05 -1.64835e-05
386000 0 0 -3.2967e-05 -3.2967e-05 0 -1.64835e-05 -3.2967e-05 -1.64835e-05 -1.64835e-05
387000 0 0 -3.2967e-05 -3.2967e-05 0 -1.64835e-05 -3.2967e-05 -1.64835e-05 -1.64835e-05
388000 0 0 -3.2967e-05 -3.2967e-05 0 -1.64835e-05 -3.2967e-05 -1.64835e-05 -1.64835e-05
389000 0 0 -3.2967e-05 -3.2967e-05 0 -1.64835e-05 -3.2967e-05 -1.64835e-05 -1.64835e-05
390000 0 0 -3.2967e-05 -3.2967e-05 0 -1.64835e-05 -3.2967e-05 -1.64835e-05 -1.64835e-05
391000 0 0 -3.2967e-05 -3.2967e-05 0 -1.64835e-05 -3.2967e-05 -1.64835e-05 -1.64835e-05
392000 0 0 -3.2967e-05 -3.2967e-05 0 -1.64835e-05 -3.2967e-05 -1.64835e-05 -1.64835e-05
393000 0 0 -3.2967e-05 -3.2967e-05 0 -1.64835e-05 -3.2967e-05 -1.64835e-05 -1.64835e-05
394000 0 0 -3.2967e-05 -3.2967e-05 0 -1.64835e-05 -3.2967e-05 -1.64835e-05 -1.64835e-05
395000 0 0 -3.2967e-05 -3.2967e-05 0 -1.64835e-05 -3.2967e-05 -1.64835e-05 -1.64835e-05
396000 0 0 -3.2967e-05 -3.2967e-05 0 -1.64835e-05 -3.2967e-05 -1.64835e-05 -1.64835e-05
397000 0 0 -3.2967e-05 -3.2967e-05 0 -1.64835e-05 -3.2967e-05 -1.64835e-05 -1.64835e-05
398000 0 0 -3.2967e-05 -3.2967e-05 0 -1.64835e-05 -3.2967e-05 -1.64835e-05 -1.64835e-05
399000 0 0 -3.2967e-05 -3.2967e-05 0 -1.64835e-05 -3.2967e-05 -1.64835e-05 -1.64835e-05
400000 0 0 -3.2967e-05 -3.2967e-05 0 -1.64835e-05 -3.2967e-05 -1.64835e-05 -1.64835e-05
401000 0 0 -3.2967e-05 -3.2967e-05 0 -1.64835e-05 -3.2967e-05 -1.64835e-05 -1.64835e-05
402000 0 0 -3.2967e-05 -3.2967e-05 0 -1.64835e-05 -3.2967e-05 -1.64835e-05 -1.64835e-05
403000 0 0 -3.2967e-05 -3.2967e-05 0 -1.64835e-05 -3.2967e-05 -1.64835e-05 -1.64835e-05
404000 0 0 -3.2967e-05 -3.2967e-05 0 -1.64835e-05 -3.2967e-05 -1.64835e-05 -1.64835e-05
405000 0 0 -3.2967e-05 -3.2967e-05 0 -1.64835e-05 -3.2967e-05 -1.64835e-05 -1.64835e-05
406000 0 0 -3.2967e-05 -3.2967e-05 0 -1.64835e-05 -3.2967e-05 -1.64835e-05 -1.64835e-05
407000 0 0 -3.2967e-05 -3.2967e-05 0 -1.64835e-05 -3.2967e-05 -1.64835e-05 -1.64835e-05
408000 0 0 -3.2967e-05 -3.2967e-05 0 -1.64835e-05 -3.2967e-05 -1.64835e-05 -1.64835e-05
409000 0 0 -3.2967e-05 -3.2967e-05 0 -1.64835e-05 -3.2967e-05 -1.64835e-05 -1.64835e-05
410000 0 0 -3.2967e-05 -3.2967e-05 0 -1.64835e-05 -3.2967e-05 -1.64835e-05 -1.64835e-05
0.005 0 0 -3.2967e-05 -3.2967e-05 0 -1.64835e-05 -3.2967e-05 -1.64835e-05 -1.64835e-05
0.01 0 0 -3.29868e-05 -3.29868e-05 0 -1.64934e-05 -3.29868e-05 -1.64934e-05 -1.64934e-05
0.015 0 0 -3.30115e-05 -3.30115e-05 0 -1.65058e-05 -3.30115e-05 -1.65058e-05 -1.65058e-05
0.02 0 0 -3.30378e-05 -3.30378e-05 0 -1.65189e-05 -3.30378e-05 -1.65189e-05 -1.65189e-05
0.025 0 0 -3.30655e-05 -3.30655e-05 0 -1.65328e-05 -3.30655e-05 -1.65328e-05 -1.65328e-05
0.03 0 0 -3.30951e-05 -3.30951e-05 0 -1.65475e-05 -3.30951e-05 -1.65475e-05 -1.65475e-05
0.035 0 0 -3.31269e-05 -3.31269e-05 0 -1.65634e-05 -3.31269e-05 -1.65634e-05 -1.65634e-05
0.04 0 0 -3.31612e-05 -3.31612e-05 0 -1.65806e-05 -3.31612e-05 -1.65806e-05 -1.65806e-05
0.045 0 0 -3.31985e-05 -3.31985e-05 0 -1.65992e-05 -3.31985e-05 -1.65992e-05 -1.65992e-05
0.05 0 0 -3.32392e-05 -3.32392e-05 0 -1.66196e-05 -3.32392e-05 -1.66196e-05 -1.66196e-05
0.055 0 0 -3.32838e-05 -3.32838e-05 0 -1.66419e-05 -3.32838e-05 -1.66419e-05 -1.66419e-05
0.06 0 0 -3.3333e-05 -3.3333e-05 0 -1.66665e-05 -3.3333e-05 -1.66665e-05 -1.66665e-05
0.065 0 0 -3.33874e-05 -3.33874e-05 0 -1.66936e-05 -3.33874e-05 -1.66936e-05 -1.66936e-05
0.07 0 0 -3.34466e-05 -3.34466e-05 0 -1.67231e-05 -3.34466e-05 -1.67231e-05 -1.67231e-05
0.075 0 0 -3.35073e-05 -3.35073e-05 0 -1.67534e-05 -3.35073e-05 -1.67534e-05 -1.67534e-05
0.08 0 0 -3.35605e-05 -3.35605e-05 0 -1.67799e-05 -3.35605e-05 -1.67799e-05 -1.67799e-05
0.085 0 0 -3.35964e-05 -3.35964e-05 0 -1.67979e-05 -3.35964e-05 -1.67979e-05 -1.67979e-05
0.09 0 0 -3.36118e-05 -3.36118e-05 0 -1.68057e-05 -3.36118e-05 -1.68057e-05 -1.68057e-05
0.095 0 0 -3.36104e-05 -3.36104e-05 0 -1.68051e-05 -3.36104e-05 -1.68051e-05 -1.68051e-05
0.1 0 0 -3.35982e-05 -3.35982e-05 0 -1.6799e-05 -3.35982e-05 -1.6799e-05 -1.6799e-05
0.105 0 0 -3.35799e-05 -3.35799e-05 0 -1.67899e-05 -3.35799e-05 -1.67899e-05 -1.67899e-05
0.11 0 0 -3.35585e-05 -3.35585e-05 0 -1.67792e-05 -3.35585e-05 -1.67792e-05 -1.67792e-05
0.115 0 0 -3.3536e-05 -3.3536e-05 0 -1.67679e-05 -3.3536e-05 -1.67679e-05 -1.67679e-05
0.12 0 0 -3.35132e-05 -3.35132e-05 0 -1.67564e-05 -3.35132e-05 -1.67564e-05 -1.67564e-05
0.125 0 0 -3.34906e-05 -3.34906e-05 0 -1.67457e-05 -3.34906e-05 -1.67457e-05 -1.67447e-05
0.13 0 0 -3.34684e-05 -3.34684e-05 0 -1.67352e-05 -3.34684e-05 -1.67352e-05 -1.67334e-05
0.135 0 0 -3.3447e-05 -3.3447e-05 0 -1.67254e-05 -3.3447e-05 -1.67254e-05 -1.67221e-05
0.14 0 0 -3.34262e-05 -3.34262e-05 0 -1.6715e-05 -3.34262e-05 -1.6715e-05 -1.67117e-05
0.145 0 0 -3.34062e-05 -3.34062e-05 0 -1.67028e-05 -3.34062e-05 -1.67028e-05 -1.67027e-05
0.15 0 0 -3.33868e-05 -3.33868e-05 0 -1.66897e-05 -3.33868e-05 -1.66897e-05 -1.66947e-05
0.155 0 0 -3.33683e-05 -3.33683e-05 0 -1.66768e-05 -3.33683e-05 -1.66768e-05 -1.66874e-05
0.16 0 0 -3.33506e-05 -3.33506e-05 0 -1.66697e-05 -3.33506e-05 -1.66697e-05 -1.66776e-05
0.165 0 0 -3.33337e-05 -3.33337e-05 0 -1.66614e-05 -3.33337e-05 -1.66614e-05 -1.6669e-05
0.17 0 0 -3.33175e-05 -3.33175e-05 0 -1.6653e-05 -3.33175e-05 -1.6653e-05 -1.66611e-05
0.175 0 0 -3.33021e-05 -3.33021e-05 0 -1.66456e-05 -3.33021e-05 -1.66456e-05 -1.66532e-05
0.18 0 0 -3.32876e-05 -3.32876e-05 0 -1.66357e-05 -3.32876e-05 -1.66357e-05 -1.66472e-05
0.185 0 0 -3.32739e-05 -3.32739e-05 0 -1.66339e-05 -3.32739e-05 -1.66339e-05 -1.66378e-05
0.19 0 0 -3.3261e-05 -3.3261e-05 0 -1.6622e-05 -3.3261e-05 -1.6622e-05 -1.66341e-05
0.195 0 0 -3.3249e-05 -3.3249e-05 0 -1.66272e-05 -3.3249e-05 -1.66272e-05 -1.66225e-05
0.2 0 0 -3.32378e-05 -3.32378e-05 0 -1.66184e-05 -3.32378e-05 -1.66184e-05 -1.66185e-05
0.205 0 0 -3.32275e-05 -3.32275e-05 0 -1.67291e-05 -3.32275e-05 -1.67291e-05 -1.65554e-05
0.21 0 0 -3.3218e-05 -3.3218e-05 0 -1.66043e-05 -3.3218e-05 -1.66043e-05 -1.66106e-05
0.215 0 0 -3.32095e-05 -3.32095e-05 0 -1.68675e-05 -3.32095e-05 -1.68675e-05 -1.64726e-05
0.22 0 0 -3.32017e-05 -3.32017e-05 0 -1.66103e-05 -3.32017e-05 -1.66103e-05 -1.65954e-05
0.225 0 0 -3.31948e-05 -3.31948e-05 0 -1.65647e-05 -3.31948e-05 -1.65647e-05 -1.66129e-05
0.23 0 0 -3.31889e-05 -3.31889e-05 0 -1.65596e-05 -3.31889e-05 -1.65596e-05 -1.66111e-05
0.235 0 0 -3.31841e-05 -3.31841e-05 0 -1.65644e-05 -3.31841e-05 -1.65644e-05 -1.6605e-05
0.24 0 0 -3.31803e-05 -3.31803e-05 0 -1.65012e-05 -3.31803e-05 -1.65012e-05 -1.66337e-05
0.245 0 0 -3.31772e-05 -3.31772e-05 0 -1.65164e-05 -3.31772e-05 -1.65164e-05 -1.66238e-05
0.25 0 0 -3.31749e-05 -3.31749e-05 0 -1.65312e-05 -3.31749e-05 -1.65312e-05 -1.66146e-05
0.255 0 0 -3.31734e-05 -3.31734e-05 0 -1.65346e-05 -3.31734e-05 -1.65346e-05 -1.66118e-05
0.26 0 0 -3.31727e-05 -3.31727e-05 0 -1.65353e-05 -3.31727e-05 -1.65353e-05 -1.66109e-05
0.265 0 0 -3.31724e-05 -3.31724e-05 0 -1.6536e-05 -3.31724e-05 -1.6536e-05 -1.66103e-05
0.27 0 0 -3.31723e-05 -3.31723e-05 0 -1.6536e-05 -3.31723e-05 -1.6536e-05 -1.66102e-05
0.275 0 0 -3.31723e-05 -3.31723e-05 0 -1.65359e-05 -3.31723e-05 -1.65359e-05 -1.66102e-05
0.28 0 0 -3.31722e-05 -3.31722e-05 0 -1.65359e-05 -3.31722e-05 -1.65359e-05 -1.66101e-05
0.285 0 0 -3.31722e-05 -3.31722e-05 0 -1.6536e-05 -3.31722e-05 -1.6536e-05 -1.66101e-05
0.29 0 0 -3.31722e-05 -3.31722e-05 0 -1.6536e-05 -3.31722e-05 -1.6536e-05 -1.66101e-05
0.295 0 0 -3.31722e-05 -3.31722e-05 0 -1.6536e-05 -3.31722e-05 -1.6536e-05 -1.661e-05
0.3 0 0 -3.31722e-05 -3.31722e-05 0 -1.65361e-05 -3.31722e-05 -1.65361e-05 -1.661e-05
0.305 0 0 -3.31722e-05 -3.31722e-05 0 -1.65361e-05 -3.31722e-05 -1.65361e-05 -1.661e-05
0.31 0 0 -3.31722e-05 -3.31722e-05 0 -1.65362e-05 -3.31722e-05 -1.65362e-05 -1.66099e-05
0.315 0 0 -3.31722e-05 -3.31722e-05 0 -1.65362e-05 -3.31722e-05 -1.65362e-05 -1.66099e-05
0.32 0 0 -3.31722e-05 -3.31722e-05 0 -1.65363e-05 -3.31722e-05 -1.65363e-05 -1.66098e-05
0.325 0 0 -3.31722e-05 -3.31722e-05 0 -1.65363e-05 -3.31722e-05 -1.65363e-05 -1.66098e-05
0.33 0 0 -3.31722e-05 -3.31722e-05 0 -1.65364e-05 -3.31722e-05 -1.65364e-05 -1.66097e-05
0.335 0 0 -3.31722e-05 -3.31722e-05 0 -1.65365e-05 -3.31722e-05 -1.65365e-05 -1.66097e-05
0.34 0 0 -3.31722e-05 -3.31722e-05 0 -1.65365e-05 -3.31722e-05 -1.65365e-05 -1.66096e-05
0.345 0 0 -3.31726e-05 -3.31726e-05 0 -1.65371e-05 -3.31726e-05 -1.65371e-05 -1.66096e-05
0.35 0 0 -3.31741e-05 -3.31741e-05 0 -1.6538e-05 -3.31741e-05 -1.6538e-05 -1.66103e-05
0.355 0 0 -3.31765e-05 -3.31765e-05 0 -1.65392e-05 -3.31765e-05 -1.65392e-05 -1.66114e-05
0.36 0 0 -3.31792e-05 -3.31792e-05 0 -1.65407e-05 -3.31792e-05 -1.65407e-05 -1.66128e-05
0.365 0 0 -3.31823e-05 -3.31823e-05 0 -1.65423e-05 -3.31823e-05 -1.65423e-05 -1.66142e-05
0.37 0 0 -3.31854e-05 -3.31854e-05 0 -1.6544e-05 -3.31854e-05 -1.6544e-05 -1.66158e-05
0.375 0 0 -3.31887e-05 -3.31887e-05 0 -1.65457e-05 -3.31887e-05 -1.65457e-05 -1.66174e-05
0.38 0 0 -3.31921e-05 -3.31921e-05 0 -1.65475e-05 -3.31921e-05 -1.65475e-05 -1.6619e-05
0.385 0 0 -3.31956e-05 -3.31956e-05 0 -1.65493e-05 -3.31956e-05 -1.65493e-05 -1.66207e-05
0.39 0 0 -3.31992e-05 -3.31992e-05 0 -1.65517e-05 -3.31992e-05 -1.65517e-05 -1.66222e-05
0.395 0 0 -3.32039e-05 -3.32039e-05 0 -1.65542e-05 -3.32039e-05 -1.65542e-05 -1.66245e-05
0.4 0 0 -3.32094e-05 -3.32094e-05 0 -1.6557e-05 -3.32094e-05 -1.6557e-05 -1.66272e-05
0.405 0 0 -3.32153e-05 -3.32153e-05 0 -1.65601e-05 -3.32153e-05 -1.65601e-05 -1.66301e-05
0.41 0 0 -3.32215e-05 -3.32215e-05 0 -1.65633e-05 -3.32215e-05 -1.65633e-05 -1.66331e-05
0.415 0 0 -3.32277e-05 -3.32277e-05 0 -1.65665e-05 -3.32277e-05 -1.65665e-05 -1.66361e-05
0.42 0 0 -3.32341e-05 -3.32341e-05 0 -1.65698e-05 -3.32341e-05 -1.65698e-05 -1.66392e-05
0.425 0 0 -3.32404e-05 -3.32404e-05 0 -1.65731e-05 -3.32404e-05 -1.65731e-05 -1.66424e-05
0.43 0 0 -3.32475e-05 -3.32475e-05 0 -1.65774e-05 -3.32475e-05 -1.65774e-05 -1.66455e-05
0.435 0 0 -3.32556e-05 -3.32556e-05 0 -1.65817e-05 -3.32556e-05 -1.65817e-05 -1.66495e-05
0.44 0 0 -3.32643e-05 -3.32643e-05 0 -1.65861e-05 -3.32643e-05 -1.65861e-05 -1.66537e-05
0.445 0 0 -3.32733e-05 -3.32733e-05 0 -1.65907e-05 -3.32733e-05 -1.65907e-05 -1.66582e-05
0.45 0 0 -3.32824e-05 -3.32824e-05 0 -1.65954e-05 -3.32824e-05 -1.65954e-05 -1.66627e-05
0.455 0 0 -3.32916e-05 -3.32916e-05 0 -1.66001e-05 -3.32916e-05 -1.66001e-05 -1.66672e-05
0.46 0 0 -3.33007e-05 -3.33007e-05 0 -1.66048e-05 -3.33007e-05 -1.66048e-05 -1.66717e-05
0.465 0 0 -3.33109e-05 -3.33109e-05 0 -1.6611e-05 -3.33109e-05 -1.6611e-05 -1.66762e-05
0.47 0 0 -3.3322e-05 -3.3322e-05 0 -1.66167e-05 -3.3322e-05 -1.66167e-05 -1.66816e-05
0.475 0 0 -3.33335e-05 -3.33335e-05 0 -1.66226e-05 -3.33335e-05 -1.66226e-05 -1.66873e-05
0.48 0 0 -3.33451e-05 -3.33451e-05 0 -1.66285e-05 -3.33451e-05 -1.66285e-05 -1.66931e-05
0.485 0 0 -3.33567e-05 -3.33567e-05 0 -1.66344e-05 -3.33567e-05 -1.66344e-05 -1.66988e-05
0.49 0 0 -3.33682e-05 -3.33682e-05 0 -1.66403e-05 -3.33682e-05 -1.66403e-05 -1.67045e-05
0.495 0 0 -3.33806e-05 -3.33806e-05 0 -1.6648e-05 -3.33806e-05 -1.6648e-05 -1.67099e-05
0.5 0 0 -3.33938e-05 -3.33938e-05 0 -1.66548e-05 -3.33938e-05 -1.66548e-05 -1.67164e-05
0.505 0 0 -3.34074e-05 -3.34074e-05 0 -1.66617e-05 -3.34074e-05 -1.66617e-05 -1.67232e-05
0.51 0 0 -3.3421e-05 -3.3421e-05 0 -1.66686e-05 -3.3421e-05 -1.66686e-05 -1.67299e-05
0.515 0 0 -3.34345e-05 -3.34345e-05 0 -1.66755e-05 -3.34345e-05 -1.66755e-05 -1.67366e-05
0.52 0 0 -3.34479e-05 -3.34479e-05 0 -1.6684e-05 -3.34479e-05 -1.6684e-05 -1.67424e-05
0.525 0 0 -3.34623e-05 -3.34623e-05 0 -1.66915e-05 -3.34623e-05 -1.66915e-05 -1.67495e-05
0.53 0 0 -3.34774e-05 -3.34774e-05 0 -1.66991e-05 -3.34774e-05 -1.66991e-05 -1.6757e-05
0.535 0 0 -3.34926e-05 -3.34926e-05 0 -1.67068e-05 -3.34926e-05 -1.67068e-05 -1.67645e-05
0.54 0 0 -3.35075e-05 -3.35075e-05 0 -1.67143e-05 -3.35075e-05 -1.67143e-05 -1.67719e-05
0.545 0 0 -3.3522e-05 -3.3522e-05 0 -1.67217e-05 -3.3522e-05 -1.67217e-05 -1.67791e-05
0.55 0 0 -3.35374e-05 -3.35374e-05 0 -1.67316e-05 -3.35374e-05 -1.67316e-05 -1.67857e-05
0.555 0 0 -3.35534e-05 -3.35534e-05 0 -1.67401e-05 -3.35534e-05 -1.67401e-05 -1.67935e-05
0.56 0 0 -3.35694e-05 -3.35694e-05 0 -1.67481e-05 -3.35694e-05 -1.67481e-05 -1.68014e-05
0.565 0 0 -3.35851e-05 -3.35851e-05 0 -1.6756e-05 -3.35851e-05 -1.6756e-05 -1.68092e-05
0.57 0 0 -3.36002e-05 -3.36002e-05 0 -1.67636e-05 -3.36002e-05 -1.67636e-05 -1.68168e-05
0.575 0 0 -3.36161e-05 -3.36161e-05 0 -1.6774e-05 -3.36161e-05 -1.6774e-05 -1.68235e-05
0.58 0 0 -3.36325e-05 -3.36325e-05 0 -1.67825e-05 -3.36325e-05 -1.67825e-05 -1.68315e-05
0.585 0 0 -3.36487e-05 -3.36487e-05 0 -1.67905e-05 -3.36487e-05 -1.67905e-05 -1.68396e-05
0.59 0 0 -3.36643e-05 -3.36643e-05 0 -1.67983e-05 -3.36643e-05 -1.67983e-05 -1.68474e-05
0.595 0 0 -3.36794e-05 -3.36794e-05 0 -1.68086e-05 -3.36794e-05 -1.68086e-05 -1.68536e-05
0.6 0 0 -3.36952e-05 -3.36952e-05 0 -1.68168e-05 -3.36952e-05 -1.68168e-05 -1.68614e-05
0.605 0 0 -3.37111e-05 -3.37111e-05 0 -1.68247e-05 -3.37111e-05 -1.68247e-05 -1.68694e-05
0.61 0 0 -3.37266e-05 -3.37266e-05 0 -1.68323e-05 -3.37266e-05 -1.68323e-05 -1.68771e-05
0.615 0 0 -3.37413e-05 -3.37413e-05 0 -1.68396e-05 -3.37413e-05 -1.68396e-05 -1.68845e-05
0.62 0 0 -3.37558e-05 -3.37558e-05 0 -1.68497e-05 -3.37558e-05 -1.68497e-05 -1.68904e-05
0.625 0 0 -3.37706e-05 -3.37706e-05 0 -1.68573e-05 -3.37706e-05 -1.68573e-05 -1.68977e-05
0.63 0 0 -3.37852e-05 -3.37852e-05 0 -1.68644e-05 -3.37852e-05 -1.68644e-05 -1.6905e-05
0.635 0 0 -3.37991e-05 -3.37991e-05 0 -1.68712e-05 -3.37991e-05 -1.68712e-05 -1.6912e-05
0.64 0 0 -3.38119e-05 -3.38119e-05 0 -1.68775e-05 -3.38119e-05 -1.68775e-05 -1.69186e-05
0.645 0 0 -3.38249e-05 -3.38249e-05 0 -1.68867e-05 -3.38249e-05 -1.68867e-05 -1.69236e-05
0.65 0 0 -3.38379e-05 -3.38379e-05 0 -1.68934e-05 -3.38379e-05 -1.68934e-05 -1.693e-05
0.655 0 0 -3.38503e-05 -3.38503e-05 0 -1.68994e-05 -3.38503e-05 -1.68994e-05 -1.69364e-05
0.66 0 0 -3.38619e-05 -3.38619e-05 0 -1.69049e-05 -3.38619e-05 -1.69049e-05 -1.69423e-05
0.665 0 0 -3.38724e-05 -3.38724e-05 0 -1.69099e-05 -3.38724e-05 -1.69099e-05 -1.69476e-05
0.67 0 0 -3.38827e-05 -3.38827e-05 0 -1.69178e-05 -3.38827e-05 -1.69178e-05 -1.69514e-05
0.675 0 0 -3.3893e-05 -3.3893e-05 0 -1.69232e-05 -3.3893e-05 -1.69232e-05 -1.69565e-05
0.68 0 0 -3.39028e-05 -3.39028e-05 0 -1.69278e-05 -3.39028e-05 -1.69278e-05 -1.69615e-05
0.685 0 0 -3.39118e-05 -3.39118e-05 0 -1.6932e-05 -3.39118e-05 -1.6932e-05 -1.69661e-05
0.69 0 0 -3.39197e-05 -3.39197e-05 0 -1.69358e-05 -3.39197e-05 -1.69358e-05 -1.69702e-05
0.695 0 0 -3.39267e-05 -3.39267e-05 0 -1.6939e-05 -3.39267e-05 -1.6939e-05 -1.69738e-05
0.7 0 0 -3.39334e-05 -3.39334e-05 0 -1.69451e-05 -3.39334e-05 -1.69451e-05 -1.69758e-05
0.705 0 0 -3.394e-05 -3.394e-05 0 -1.69486e-05 -3.394e-05 -1.69486e-05 -1.69789e-05
0.71 0 0 -3.39461e-05 -3.39461e-05 0 -1.69515e-05 -3.39461e-05 -1.69515e-05 -1.69821e-05
0.715 0 0 -3.39516e-05 -3.39516e-05 0 -1.69541e-05 -3.39516e-05 -1.69541e-05 -1.69849e-05
0.72 0 0 -3.39564e-05 -3.39564e-05 0 -1.69563e-05 -3.39564e-05 -1.69563e-05 -1.69874e-05
0.725 0 0 -3.39603e-05 -3.39603e-05 0 -1.69581e-05 -3.39603e-05 -1.69581e-05 -1.69894e-05
0.73 0 0 -3.39636e-05 -3.39636e-05 0 -1.69596e-05 -3.39636e-05 -1.69596e-05 -1.69911e-05
0.735 0 0 -3.39662e-05 -3.39662e-05 0 -1.69608e-05 -3.39662e-05 -1.69608e-05 -1.69925e-05
0.74 0 0 -3.39682e-05 -3.39682e-05 0 -1.69618e-05 -3.39682e-05 -1.69618e-05 -1.69935e-05
0.745 0 0 -3.39697e-05 -3.39697e-05 0 -1.69625e-05 -3.39697e-05 -1.69625e-05 -1.69943e-05
0.75 0 0 -3.39706e-05 -3.39706e-05 0 -1.69629e-05 -3.39706e-05 -1.69629e-05 -1.69947e-05
0.755 0 0 -3.3971e-05 -3.3971e-05 0 -1.69631e-05 -3.3971e-05 -1.69631e-05 -1.6995e-05
0.76 0 0 -3.39713e-05 -3.39713e-05 0 -1.6963e-05 -3.39713e-05 -1.6963e-05 -1.69952e-05
0.765 0 0 -3.39716e-05 -3.39716e-05 0 -1.69628e-05 -3.39716e-05 -1.69628e-05 -1.69955e-05
0.77 0 0 -3.39726e-05 -3.39726e-05 0 -1.69624e-05 -3.39726e-05 -1.69624e-05 -1.69964e-05
0.775 0 0 -3.39746e-05 -3.39746e-05 0 -1.69638e-05 -3.39746e-05 -1.69638e-05 -1.69972e-05
0.78 0 0 -3.39758e-05 -3.39758e-05 0 -1.69644e-05 -3.39758e-05 -1.69644e-05 -1.69978e-05
0.785 0 0 -3.39764e-05 -3.39764e-05 0 -1.69646e-05 -3.39764e-05 -1.69646e-05 -1.69981e-05
0.79 0 0 -3.39766e-05 -3.39766e-05 0 -1.69647e-05 -3.39766e-05 -1.69647e-05 -1.69982e-05
0.795 0 0 -3.39767e-05 -3.39767e-05 0 -1.69647e-05 -3.39767e-05 -1.69647e-05 -1.69982e-05
0.8 0 0 -3.39768e-05 -3.39768e-05 0 -1.69647e-05 -3.39768e-05 -1.69647e-05 -1.69982e-05
0.805 0 0 -3.39768e-05 -3.39768e-05 0 -1.69647e-05 -3.39768e-05 -1.69647e-05 -1.69982e-05
0.81 0 0 -3.39768e-05 -3.39768e-05 0 -1.69646e-05 -3.39768e-05 -1.69646e-05 -1.69982e-05
0.815 0 0 -3.39769e-05 -3.39769e-05 0 -1.69647e-05 -3.39769e-05 -1.69647e-05 -1.69983e-05
0.82 0 0 -3.39773e-05 -3.39773e-05 0 -1.69648e-05 -3.39773e-05 -1.69648e-05 -1.69985e-05
0.825 0 0 -3.39778e-05 -3.39778e-05 0 -1.6965e-05 -3.39778e-05 -1.6965e-05 -1.69988e-05
0.83 0 0 -3.39785e-05 -3.39785e-05 0 -1.69653e-05 -3.39785e-05 -1.69653e-05 -1.69991e-05
0.835 0 0 -3.39791e-05 -3.39791e-05 0 -1.69656e-05 -3.39791e-05 -1.69656e-05 -1.69994e-05
0.84 0 0 -3.39798e-05 -3.39798e-05 0 -1.69659e-05 -3.39798e-05 -1.69659e-05 -1.69998e-05
0.845 0 0 -3.39807e-05 -3.39807e-05 0 -1.69662e-05 -3.39807e-05 -1.69662e-05 -1.70002e-05
0.85 0 0 -3.39818e-05 -3.39818e-05 0 -1.69667e-05 -3.39818e-05 -1.69667e-05 -1.70008e-05
0.855 0 0 -3.3983e-05 -3.3983e-05 0 -1.69672e-05 -3.3983e-05 -1.69672e-05 -1.70014e-05
0.86 0 0 -3.39843e-05 -3.39843e-05 0 -1.69678e-05 -3.39843e-05 -1.69678e-05 -1.70021e-05
0.865 0 0 -3.39856e-05 -3.39856e-05 0 -1.69683e-05 -3.39856e-05 -1.69683e-05 -1.70028e-05
0.87 0 0 -3.39873e-05 -3.39873e-05 0 -1.6969e-05 -3.39873e-05 -1.6969e-05 -1.70036e-05
0.875 0 0 -3.39891e-05 -3.39891e-05 0 -1.69699e-05 -3.39891e-05 -1.69699e-05 -1.70046e-05
0.88 0 0 -3.3991e-05 -3.3991e-05 0 -1.69707e-05 -3.3991e-05 -1.69707e-05 -1.70055e-05
0.885 0 0 -3.39929e-05 -3.39929e-05 0 -1.69715e-05 -3.39929e-05 -1.69715e-05 -1.70066e-05
0.89 0 0 -3.39951e-05 -3.39951e-05 0 -1.69724e-05 -3.39951e-05 -1.69724e-05 -1.70077e-05
0.895 0 0 -3.39975e-05 -3.39975e-05 0 -1.69735e-05 -3.39975e-05 -1.69735e-05 -1.70089e-05
0.9 0 0 -3.39998e-05 -3.39998e-05 0 -1.69745e-05 -3.39998e-05 -1.69745e-05 -1.70101e-05
0.905 0 0 -3.40024e-05 -3.40024e-05 0 -1.69755e-05 -3.40024e-05 -1.69755e-05 -1.70115e-05
0.91 0 0 -3.4005e-05 -3.4005e-05 0 -1.69766e-05 -3.4005e-05 -1.69766e-05 -1.70129e-05
0.915 0 0 -3.40077e-05 -3.40077e-05 0 -1.69778e-05 -3.40077e-05 -1.69778e-05 -1.70143e-05
0.92 0 0 -3.40104e-05 -3.40104e-05 0 -1.69787e-05 -3.40104e-05 -1.69787e-05 -1.70159e-05
0.925 0 0 -3.40132e-05 -3.40132e-05 0 -1.69799e-05 -3.40132e-05 -1.69799e-05 -1.70174e-05
0.93 0 0 -3.4016e-05 -3.4016e-05 0 -1.69811e-05 -3.4016e-05 -1.69811e-05 -1.70188e-05
0.935 0 0 -3.40187e-05 -3.40187e-05 0 -1.69819e-05 -3.40187e-05 -1.69819e-05 -1.70205e-05
0.94 0 0 -3.40215e-05 -3.40215e-05 0 -1.69829e-05 -3.40215e-05 -1.69829e-05 -1.70219e-05
0.945 0 0 -3.4024e-05 -3.4024e-05 0 -1.69835e-05 -3.4024e-05 -1.69835e-05 -1.70236e-05
0.95 0 0 -3.40266e-05 -3.40266e-05 0 -1.69844e-05 -3.40266e-05 -1.69844e-05 -1.7025e-05
0.955 0 0 -3.40289e-05 -3.40289e-05 0 -1.69853e-05 -3.40289e-05 -1.69853e-05 -1.70263e-05
0.96 0 0 -3.40311e-05 -3.40311e-05 0 -1.69855e-05 -3.40311e-05 -1.69855e-05 -1.70278e-05
0.965 0 0 -3.40331e-05 -3.40331e-05 0 -1.6986e-05 -3.40331e-05 -1.6986e-05 -1.7029e-05
0.97 0 0 -3.40348e-05 -3.40348e-05 0 -1.69865e-05 -3.40348e-05 -1.69865e-05 -1.703e-05
0.975 0 0 -3.40363e-05 -3.40363e-05 0 -1.69861e-05 -3.40363e-05 -1.69861e-05 -1.70313e-05
0.98 0 0 -3.40376e-05 -3.40376e-05 0 -1.69862e-05 -3.40376e-05 -1.69862e-05 -1.70322e-05
0.985 0 0 -3.40386e-05 -3.40386e-05 0 -1.69854e-05 -3.40386e-05 -1.69854e-05 -1.70333e-05
0.99 0 0 -3.40394e-05 -3.40394e-05 0 -1.69849e-05 -3.40394e-05 -1.69849e-05 -1.70341e-05
0.995 0 0 -3.40399e-05 -3.40399e-05 0 -1.69846e-05 -3.40399e-05 -1.69846e-05 -1.70346e-05
1 0 0 -3.40403e-05 -3.40403e-05 0 -1.69829e-05 -3.40403e-05 -1.69829e-05 -1.70357e-05
1.005 0 0 -3.40405e-05 -3.40405e-05 0 -1.69821e-05 -3.40405e-05 -1.69821e-05 -1.70363e-05
1.01 0 0 -3.40406e-05 -3.40406e-05 0 -1.69816e-05 -3.40406e-05 -1.69816e-05 -1.70366e-05
1.015 0 0 -3.40404e-05 -3.40404e-05 0 -1.69788e-05 -3.40404e-05 -1.69788e-05 -1.70378e-05
1.02 0 0 -3.40394e-05 -3.40394e-05 0 -1.69769e-05 -3.40394e-05 -1.69769e-05 -1.7038e-05
1.025 0 0 -3.40356e-05 -3.40356e-05 0 -1.69845e-05 -3.40356e-05 -1.69845e-05 -1.70313e-05
1.03 0 0 -3.40268e-05 -3.40268e-05 0 -1.6986e-05 -3.40268e-05 -1.6986e-05 -1.70241e-05
1.035 0 0 -3.40127e-05 -3.40127e-05 0 -1.69782e-05 -3.40127e-05 -1.69782e-05 -1.70176e-05
1.04 0 0 -3.39938e-05 -3.39938e-05 0 -1.69698e-05 -3.39938e-05 -1.69698e-05 -1.70077e-05
1.045 0 0 -3.39708e-05 -3.39708e-05 0 -1.69597e-05 -3.39708e-05 -1.69597e-05 -1.69956e-05
1.05 0 0 -3.39446e-05 -3.39446e-05 0 -1.69481e-05 -3.39446e-05 -1.69481e-05 -1.69818e-05
1.055 0 0 -3.39163e-05 -3.39163e-05 0 -1.69352e-05 -3.39163e-05 -1.69352e-05 -1.6967e-05
1.06 0 0 -3.38869e-05 -3.38869e-05 0 -1.69215e-05 -3.38869e-05 -1.69215e-05 -1.69518e-05
1.065 0 0 -3.38572e-05 -3.38572e-05 0 -1.69072e-05 -3.38572e-05 -1.69072e-05 -1.69366e-05
1.07 0 0 -3.38274e-05 -3.38274e-05 0 -1.6893e-05 -3.38274e-05 -1.6893e-05 -1.69213e-05
1.075 0 0 -3.37979e-05 -3.37979e-05 0 -1.68783e-05 -3.37979e-05 -1.68783e-05 -1.69064e-05
1.08 0 0 -3.37687e-05 -3.37687e-05 0 -1.68648e-05 -3.37687e-05 -1.68648e-05 -1.68912e-05
1.085 0 0 -3.374e-05 -3.374e-05 0 -1.6851e-05 -3.374e-05 -1.6851e-05 -1.68766e-05
1.09 0 0 -3.37119e-05 -3.37119e-05 0 -1.68372e-05 -3.37119e-05 -1.68372e-05 -1.68623e-05
1.095 0 0 -3.36842e-05 -3.36842e-05 0 -1.68128e-05 -3.36842e-05 -1.68128e-05 -1.68537e-05
1.1 0 0 -3.36569e-05 -3.36569e-05 0 -1.68423e-05 -3.36569e-05 -1.68423e-05 -1.68185e-05
