1000 0 0 3e-05 3e-05 0 1.5e-05 3e-05 1.5e-05 1.5e-05
2000 0 0 3e-05 3e-05 0 1.5e-05 3e-05 1.5e-05 1.5e-05
3000 0 0 3e-05 3e-05 0 1.5e-05 3e-05 1.5e-05 1.5e-05
4000 0 0 3e-05 3e-05 0 1.5e-05 3e-05 1.5e-05 1.5e-05
5000 0 0 3e-05 3e-05 0 1.5e-05 3e-05 1.5e-05 1.5e-05
6000 0 0 3e-05 3e-05 0 1.5e-05 3e-05 1.5e-05 1.5e-05
7000 0 0 3e-05 3e-05 0 1.5e-05 3e-05 1.5e-05 1.5e-05
8000 0 0 3e-05 3e-05 0 1.5e-05 3e-05 1.5e-05 1.5e-05
9000 0 0 3e-05 3e-05 0 1.5e-05 3e-05 1.5e-05 1.5e-05
10000 0 0 3e-05 3e-05 0 1.5e-05 3e-05 1.5e-05 1.5e-05
11000 0 0 3e-05 3e-05 0 1.5e-05 3e-05 1.5e-05 1.5e-05
12000 0 0 3e-05 3e-05 0 1.5e-05 3e-05 1.5e-05 1.5e-05
13000 0 0 3e-05 3e-05 0 1.5e-05 3e-05 1.5e-05 1.5e-05
14000 0 0 3e-05 3e-05 0 1.5e-05 3e-05 1.5e-05 1.5e-05
15000 0 0 3e-05 3e-05 0 1.5e-05 3e-05 1.5e-05 1.5e-05
16000 0 0 3e-05 3e-05 0 1.5e-05 3e-05 1.5e-05 1.5e-05
17000 0 0 3e-05 3e-05 0 1.5e-05 3e-05 1.5e-05 1.5e-05
18000 0 0 3e-05 3e-05 0 1.5e-05 3e-05 1.5e-05 1.5e-05
19000 0 0 3e-05 3e-05 0 1.5e-05 3e-05 1.5e-05 1.5e-05
20000 0 0 3e-05 3e-05 0 1.5e-05 3e-05 1.5e-05 1.5e-05
21000 0 0 3e-05 3e-05 0 1.5e-05 3e-05 1.5e-05 1.5e-05
22000 0 0 3e-05 3e-05 0 1.5e-05 3e-05 1.5e-05 1.5e-05
23000 0 0 3e-05 3e-05 0 1.5e-05 3e-05 1.5e-05 1.5e-05
24000 0 0 3e-05 3e-05 0 1.5e-05 3e-05 1.5e-05 1.5e-05
25000 0 0 3e-05 3e-05 0 1.5e-05 3e-05 1.5e-05 1.5e-05
26000 0 0 3e-05 3e-05 0 1.5e-05 3e-05 1.5e-05 1.5e-05
27000 0 0 3e-05 3e-05 0 1.5e-05 3e-05 1.5e-05 1.5e-05
28000 0 0 3e-05 3e-05 0 1.5e-05 3e-05 1.5e-05 1.5e-05
29000 0 0 3e-05 3e-05 0 1.5e-05 3e-05 1.5e-05 1.5e-05
30000 0 0 3e-05 3e-05 0 1.5e-05 3e-05 1.5e-05 1.5e-05
31000 0 0 3e-05 3e-05 0 1.5e-05 3e-05 1.5e-05 1.5e-05
32000 0 0 3e-05 3e-05 0 1.5e-05 3e-05 1.5e-05 1.5e-05
33000 0 0 3e-05 3e-05 0 1.5e-05 3e-05 1.5e-05 1.5e-05
34000 0 0 3e-05 3e-05 0 1.5e-05 3e-05 1.5e-05 1.5e-05
35000 0 0 3e-05 3e-05 0 1.5e-05 3e-05 1.5e-05 1.5e-05
36000 0 0 3e-05 3e-05 0 1.5e-05 3e-05 1.5e-05 1.5e-05
37000 0 0 3e-05 3e-05 0 1.5e-05 3e-05 1.5e-05 1.5e-05
38000 0 0 3e-05 3e-05 0 1.5e-05 3e-05 1.5e-05 1.5e-05
39000 0 0 3e-05 3e-05 0 1.5e-05 3e-05 1.5e-05 1.5e-05
40000 0 0 3e-05 3e-05 0 1.5e-05 3e-05 1.5e-05 1.5e-05
41000 0 0 3e-05 3e-05 0 1.5e-05 3e-05 1.5e-05 1.5e-05
42000 0 0 3e-05 3e-05 0 1.5e-05 3e-05 1.5e-05 1.5e-05
43000 0 0 3e-05 3e-05 0 1.5e-05 3e-05 1.5e-05 1.5e-05
44000 0 0 3e-05 3e-05 0 1.5e-05 3e-05 1.5e-05 1.5e-05
45000 0 0 3e-05 3e-05 0 1.5e-05 3e-05 1.5e-05 1.5e-05
46000 0 0 3e-05 3e-05 0 1.5e-05 3e-05 1.5e-05 1.5e-05
47000 0 0 3e-05 3e-05 0 1.5e-05 3e-05 1.5e-05 1.5e-05
48000 0 0 3e-05 3e-05 0 1.5e-05 3e-05 1.5e-05 1.5e-05
49000 0 0 3e-05 3e-05 0 1.5e-05 3e-05 1.5e-05 1.5e-05
50000 0 0 3e-05 3e-05 0 1.5e-05 3e-05 1.5e-05 1.5e-05
51000 0 0 3e-05 3e-05 0 1.5e-05 3e-05 1.5e-05 1.5e-05
52000 0 0 3e-05 3e-05 0 1.5e-05 3e-05 1.5e-05 1.5e-05
53000 0 0 3e-05 3e-05 0 1.5e-05 3e-05 1.5e-05 1.5e-05
54000 0 0 3e-05 3e-05 0 1.5e-05 3e-05 1.5e-05 1.5e-05
55000 0 0 3e-05 3e-05 0 1.5e-05 3e-05 1.5e-05 1.5e-05
56000 0 0 3e-05 3e-05 0 1.5e-05 3e-05 1.5e-05 1.5e-05
57000 0 0 3e-05 3e-05 0 1.5e-05 3e-05 1.5e-05 1.5e-05
58000 0 0 3e-05 3e-05 0 1.5e-05 3e-05 1.5e-05 1.5e-05
59000 0 0 3e-05 3e-05 0 1.5e-05 3e-05 1.5e-05 1.5e-05
60000 0 0 3e-05 3e-05 0 1.5e-05 3e-05 1.5e-05 1.5e-05
61000 0 0 3e-05 3e-05 0 1.5e-05 3e-05 1.5e-05 1.5e-05
62000 0 0 3e-05 3e-05 0 1.5e-05 3e-05 1.5e-05 1.5e-05
63000 0 0 3e-05 3e-05 0 1.5e-05 3e-05 1.5e-05 1.5e-05
64000 0 0 3e-05 3e-05 0 1.5e-05 3e-05 1.5e-05 1.5e-05
65000 0 0 3e-05 3e-05 0 1.5e-05 3e-05 1.5e-05 1.5e-05
66000 0 0 3e-05 3e-05 0 1.5e-05 3e-05 1.5e-05 1.5e-05
67000 0 0 3e-05 3e-05 0 1.5e-05 3e-05 1.5e-05 1.5e-05
68000 0 0 3e-05 3e-05 0 1.5e-05 3e-05 1.5e-05 1.5e-05
69000 0 0 3e-05 3e-05 0 1.5e-05 3e-05 1.5e-05 1.5e-05
70000 0 0 3e-05 3e-05 0 1.5e-05 3e-05 1.5e-05 1.5e-05
71000 0 0 3e-05 3e-05 0 1.5e-05 3e-05 1.5e-05 1.5e-05
72000 0 0 3e-05 3e-05 0 1.5e-05 3e-05 1.5e-05 1.5e-05
73000 0 0 3e-05 3e-05 0 1.5e-05 3e-05 1.5e-05 1.5e-05
74000 0 0 3e-05 3e-05 0 1.5e-05 3e-05 1.5e-05 1.5e-05
75000 0 0 3e-05 3e-05 0 1.5e-05 3e-05 1.5e-05 1.5e-05
76000 0 0 3e-05 3e-05 0 1.5e-05 3e-05 1.5e-05 1.5e-05
77000 0 0 3e-05 3e-05 0 1.5e-05 3e-05 1.5e-05 1.5e-05
78000 0 0 3e-05 3e-05 0 1.5e-05 3e-05 1.5e-05 1.5e-05
79000 0 0 3e-05 3e-05 0 1.5e-05 3e-05 1.5e-05 1.5e-05
80000 0 0 3e-05 3e-05 0 1.5e-05 3e-05 1.5e-05 1.5e-05
81000 0 0 3e-05 3e-05 0 1.5e-05 3e-05 1.5e-05 1.5e-05
82000 0 0 3e-05 3e-05 0 1.5e-05 3e-05 1.5e-05 1.5e-05
83000 0 0 3e-05 3e-05 0 1.5e-05 3e-05 1.5e-05 1.5e-05
84000 0 0 3e-05 3e-05 0 1.5e-05 3e-05 1.5e-05 1.5e-05
85000 0 0 3e-05 3e-05 0 1.5e-05 3e-05 1.5e-05 1.5e-05
86000 0 0 3e-05 3e-05 0 1.5e-05 3e-05 1.5e-05 1.5e-05
87000 0 0 3e-05 3e-05 0 1.5e-05 3e-05 1.5e-05 1.5e-05
88000 0 0 3e-05 3e-05 0 1.5e-05 3e-05 1.5e-05 1.5e-05
89000 0 0 3e-05 3e-05 0 1.5e-05 3e-05 1.5e-05 1.5e-05
90000 0 0 3e-05 3e-05 0 1.5e-05 3e-05 1.5e-05 1.5e-05
91000 0 0 3e-05 3e-05 0 1.5e-05 3e-05 1.5e-05 1.5e-05
92000 0 0 3e-05 3e-05 0 1.5e-05 3e-05 1.5e-05 1.5e-05
93000 0 0 3e-05 3e-05 0 1.5e-05 3e-05 1.5e-05 1.5e-05
94000 0 0 3e-05 3e-05 0 1.5e-05 3e-05 1.5e-05 1.5e-05
95000 0 0 3e-05 3e-05 0 1.5e-05 3e-05 1.5e-05 1.5e-05
96000 0 0 3e-05 3e-05 0 1.5e-05 3e-05 1.5e-05 1.5e-05
97000 0 0 3e-05 3e-05 0 1.5e-05 3e-05 1.5e-05 1.5e-05
98000 0 0 3e-05 3e-05 0 1.5e-05 3e-05 1.5e-05 1.5e-05
99000 0 0 3e-05 3e-05 0 1.5e-05 3e-05 1.5e-05 1.5e-05
100000 0 0 3e-05 3e-05 0 1.5e-05 3e-05 1.5e-05 1.5e-05
101000 0 0 3e-05 3e-05 0 1.5e-05 3e-05 1.5e-05 1.5e-05
102000 0 0 3e-05 3e-05 0 1.5e-05 3e-05 1.5e-05 1.5e-05
103000 0 0 3e-05 3e-05 0 1.5e-05 3e-05 1.5e-05 1.5e-05
104000 0 0 3e-05 3e-05 0 1.5e-05 3e-05 1.5e-05 1.5e-05
105000 0 0 3e-05 3e-05 0 1.5e-05 3e-05 1.5e-05 1.5e-05
106000 0 0 3e-05 3e-05 0 1.5e-05 3e-05 1.5e-05 1.5e-05
107000 0 0 3e-05 3e-05 0 1.5e-05 3e-05 1.5e-05 1.5e-05
108000 0 0 3e-05 3e-05 0 1.5e-05 3e-05 1.5e-05 1.5e-05
109000 0 0 3e-05 3e-05 0 1.5e-05 3e-05 1.5e-05 1.5e-05
110000 0 0 3e-05 3e-05 0 1.5e-05 3e-05 1.5e-05 1.5e-05
111000 0 0 3e-05 3e-05 0 1.5e-05 3e-05 1.5e-05 1.5e-05
112000 0 0 3e-05 3e-05 0 1.5e-05 3e-05 1.5e-05 1.5e-05
113000 0 0 3e-05 3e-05 0 1.5e-05 3e-05 1.5e-05 1.5e-05
114000 0 0 3e-05 3e-05 0 1.5e-05 3e-05 1.5e-05 1.5e-05
115000 0 0 3e-05 3e-05 0 1.5e-05 3e-05 1.5e-05 1.5e-05
116000 0 0 3e-05 3e-05 0 1.5e-05 3e-05 1.5e-05 1.5e-05
117000 0 0 3e-05 3e-05 0 1.5e-05 3e-05 1.5e-05 1.5e-05
118000 0 0 3e-05 3e-05 0 1.5e-05 3e-05 1.5e-05 1.5e-05
119000 0 0 3e-05 3e-05 0 1.5e-05 3e-05 1.5e-05 1.5e-05
120000 0 0 3e-05 3e-05 0 1.5e-05 3e-05 1.5e-05 1.5e-05
121000 0 0 3e-05 3e-05 0 1.5e-05 3e-05 1.5e-05 1.5e-05
122000 0 0 3e-05 3e-05 0 1.5e-05 3e-05 1.5e-05 1.5e-05
123000 0 0 3e-05 3e-05 0 1.5e-05 3e-05 1.5e-05 1.5e-05
124000 0 0 3e-05 3e-05 0 1.5e-05 3e-05 1.5e-05 1.5e-05
125000 0 0 3e-05 3e-05 0 1.5e-05 3e-05 1.5e-05 1.5e-05
126000 0 0 3e-05 3e-05 0 1.5e-05 3e-05 1.5e-05 1.5e-05
127000 0 0 3e-05 3e-05 0 1.5e-05 3e-05 1.5e-05 1.5e-05
128000 0 0 3e-05 3e-05 0 1.5e-05 3e-05 1.5e-05 1.5e-05
129000 0 0 3e-05 3e-05 0 1.5e-05 3e-05 1.5e-05 1.5e-05
130000 0 0 3e-05 3e-05 0 1.5e-05 3e-05 1.5e-05 1.5e-05
131000 0 0 3e-05 3e-05 0 1.5e-05 3e-05 1.5e-05 1.5e-05
132000 0 0 3e-05 3e-05 0 1.5e-05 3e-05 1.5e-05 1.5e-05
133000 0 0 3e-05 3e-05 0 1.5e-05 3e-05 1.5e-05 1.5e-05
134000 0 0 3e-05 3e-05 0 1.5e-05 3e-05 1.5e-05 1.5e-05
135000 0 0 3e-05 3e-05 0 1.5e-05 3e-05 1.5e-05 1.5e-05
136000 0 0 3e-05 3e-05 0 1.5e-05 3e-05 1.5e-05 1.5e-05
137000 0 0 3e-05 3e-05 0 1.5e-05 3e-05 1.5e-05 1.5e-05
138000 0 0 3e-05 3e-05 0 1.5e-05 3e-05 1.5e-05 1.5e-05
139000 0 0 3e-05 3e-05 0 1.5e-05 3e-05 1.5e-05 1.5e-05
140000 0 0 3e-05 3e-05 0 1.5e-05 3e-05 1.5e-05 1.5e-05
141000 0 0 3e-05 3e-05 0 1.5e-05 3e-05 1.5e-05 1.5e-05
142000 0 0 3e-05 3e-05 0 1.5e-05 3e-05 1.5e-05 1.5e-05
143000 0 0 3e-05 3e-05 0 1.5e-05 3e-05 1.5e-05 1.5e-05
144000 0 0 3e-05 3e-05 0 1.5e-05 3e-05 1.5e-05 1.5e-05
145000 0 0 3e-05 3e-05 0 1.5e-05 3e-05 1.5e-05 1.5e-05
146000 0 0 3e-05 3e-05 0 1.5e-05 3e-05 1.5e-05 1.5e-05
147000 0 0 3e-05 3e-05 0 1.5e-05 3e-05 1.5e-05 1.5e-05
148000 0 0 3e-05 3e-05 0 1.5e-05 3e-05 1.5e-05 1.5e-05
149000 0 0 3e-05 3e-05 0 1.5e-05 3e-05 1.5e-05 1.5e-05
150000 0 0 3e-05 3e-05 0 1.5e-05 3e-05 1.5e-05 1.5e-05
151000 0 0 3e-05 3e-05 0 1.5e-05 3e-05 1.5e-05 1.5e-05
152000 0 0 3e-05 3e-05 0 1.5e-05 3e-05 1.5e-05 1.5e-05
153000 0 0 3e-05 3e-05 0 1.5e-05 3e-05 1.5e-05 1.5e-05
154000 0 0 3e-05 3e-05 0 1.5e-05 3e-05 1.5e-05 1.5e-05
155000 0 0 3e-05 3e-05 0 1.5e-05 3e-05 1.5e-05 1.5e-05
156000 0 0 3e-05 3e-05 0 1.5e-05 3e-05 1.5e-05 1.5e-05
157000 0 0 3e-05 3e-05 0 1.5e-05 3e-05 1.5e-05 1.5e-05
158000 0 0 3e-05 3e-05 0 1.5e-05 3e-05 1.5e-05 1.5e-05
159000 0 0 3e-05 3e-05 0 1.5e-05 3e-05 1.5e-05 1.5e-05
160000 0 0 3e-05 3e-05 0 1.5e-05 3e-05 1.5e-05 1.5e-05
161000 0 0 3e-05 3e-05 0 1.5e-05 3e-05 1.5e-05 1.5e-05
162000 0 0 3e-05 3e-05 0 1.5e-05 3e-05 1.5e-05 1.5e-05
163000 0 0 3e-05 3e-05 0 1.5e-05 3e-05 1.5e-05 1.5e-05
164000 0 0 3e-05 3e-05 0 1.5e-05 3e-05 1.5e-05 1.5e-05
165000 0 0 3e-05 3e-05 0 1.5e-05 3e-05 1.5e-05 1.5e-05
166000 0 0 3e-05 3e-05 0 1.5e-05 3e-05 1.5e-05 1.5e-05
167000 0 0 3e-05 3e-05 0 1.5e-05 3e-05 1.5e-05 1.5e-05
168000 0 0 3e-05 3e-05 0 1.5e-05 3e-05 1.5e-05 1.5e-05
169000 0 0 3e-05 3e-05 0 1.5e-05 3e-05 1.5e-05 1.5e-05
170000 0 0 3e-05 3e-05 0 1.5e-05 3e-05 1.5e-05 1.5e-05
171000 0 0 3e-05 3e-05 0 1.5e-05 3e-05 1.5e-05 1.5e-05
172000 0 0 3e-05 3e-05 0 1.5e-05 3e-05 1.5e-05 1.5e-05
173000 0 0 3e-05 3e-05 0 1.5e-05 3e-05 1.5e-05 1.5e-05
174000 0 0 3e-05 3e-05 0 1.5e-05 3e-05 1.5e-05 1.5e-05
175000 0 0 3e-05 3e-05 0 1.5e-05 3e-05 1.5e-05 1.5e-05
176000 0 0 3e-05 3e-05 0 1.5e-05 3e-05 1.5e-05 1.5e-05
177000 0 0 3e-05 3e-05 0 1.5e-05 3e-05 1.5e-05 1.5e-05
178000 0 0 3e-05 3e-05 0 1.5e-05 3e-05 1.5e-05 1.5e-05
179000 0 0 3e-05 3e-05 0 1.5e-05 3e-05 1.5e-05 1.5e-05
180000 0 0 3e-05 3e-05 0 1.5e-05 3e-05 1.5e-05 1.5e-05
181000 0 0 3e-05 3e-05 0 1.5e-05 3e-05 1.5e-05 1.5e-05
182000 0 0 3e-05 3e-05 0 1.5e-05 3e-05 1.5e-05 1.5e-05
183000 0 0 3e-05 3e-05 0 1.5e-05 3e-05 1.5e-05 1.5e-05
184000 0 0 3e-05 3e-05 0 1.5e-05 3e-05 1.5e-05 1.5e-05
185000 0 0 3e-05 3e-05 0 1.5e-05 3e-05 1.5e-05 1.5e-05
186000 0 0 3e-05 3e-05 0 1.5e-05 3e-05 1.5e-05 1.5e-05
187000 0 0 3e-05 3e-05 0 1.5e-05 3e-05 1.5e-05 1.5e-05
188000 0 0 3e-05 3e-05 0 1.5e-05 3e-05 1.5e-05 1.5e-05
189000 0 0 3e-05 3e-05 0 1.5e-05 3e-05 1.5e-05 1.5e-05
190000 0 0 3e-05 3e-05 0 1.5e-05 3e-05 1.5e-05 1.5e-05
191000 0 0 3e-05 3e-05 0 1.5e-05 3e-05 1.5e-05 1.5e-05
192000 0 0 3e-05 3e-05 0 1.5e-05 3e-05 1.5e-05 1.5e-05
193000 0 0 3e-05 3e-05 0 1.5e-05 3e-05 1.5e-05 1.5e-05
194000 0 0 3e-05 3e-05 0 1.5e-05 3e-05 1.5e-05 1.5e-05
195000 0 0 3e-05 3e-05 0 1.5e-05 3e-05 1.5e-05 1.5e-05
196000 0 0 3e-05 3e-05 0 1.5e-05 3e-05 1.5e-05 1.5e-05
197000 0 0 3e-05 3e-05 0 1.5e-05 3e-05 1.5e-05 1.5e-05
198000 0 0 3e-05 3e-05 0 1.5e-05 3e-05 1.5e-05 1.5e-05
199000 0 0 3e-05 3e-05 0 1.5e-05 3e-05 1.5e-05 1.5e-05
200000 0 0 3e-05 3e-05 0 1.5e-05 3e-05 1.5e-05 1.5e-05
200100 0 0 3e-05 3e-05 0 1.5e-05 3e-05 1.5e-05 1.5e-05
200200 0 0 3e-05 3e-05 0 1.5e-05 3e-05 1.5e-05 1.5e-05
200300 0 0 3e-05 3e-05 0 1.5e-05 3e-05 1.5e-05 1.5e-05
200400 0 0 3e-05 3e-05 0 1.5e-05 3e-05 1.5e-05 1.5e-05
200500 0 0 3e-05 3e-05 0 1.5e-05 3e-05 1.5e-05 1.5e-05
200600 0 0 3e-05 3e-05 0 1.5e-05 3e-05 1.5e-05 1.5e-05
200700 0 0 3e-05 3e-05 0 1.5e-05 3e-05 1.5e-05 1.5e-05
200800 0 0 3e-05 3e-05 0 1.5e-05 3e-05 1.5e-05 1.5e-05
200900 0 0 3e-05 3e-05 0 1.5e-05 3e-05 1.5e-05 1.5e-05
201000 0 0 3e-05 3e-05 0 1.5e-05 3e-05 1.5e-05 1.5e-05
201100 0 0 3e-05 3e-05 0 1.5e-05 3e-05 1.5e-05 1.5e-05
201200 0 0 3e-05 3e-05 0 1.5e-05 3e-05 1.5e-05 1.5e-05
201300 0 0 3e-05 3e-05 0 1.5e-05 3e-05 1.5e-05 1.5e-05
201400 0 0 3e-05 3e-05 0 1.5e-05 3e-05 1.5e-05 1.5e-05
201500 0 0 3e-05 3e-05 0 1.5e-05 3e-05 1.5e-05 1.5e-05
201600 0 0 3e-05 3e-05 0 1.5e-05 3e-05 1.5e-05 1.5e-05
201700 0 0 3e-05 3e-05 0 1.5e-05 3e-05 1.5e-05 1.5e-05
201800 0 0 3e-05 3e-05 0 1.5e-05 3e-05 1.5e-05 1.5e-05
201900 0 0 3e-05 3e-05 0 1.5e-05 3e-05 1.5e-05 1.5e-05
202000 0 0 3e-05 3e-05 0 1.5e-05 3e-05 1.5e-05 1.5e-05
202100 0 0 3e-05 3e-05 0 1.5e-05 3e-05 1.5e-05 1.5e-05
202200 0 0 3e-05 3e-05 0 1.5e-05 3e-05 1.5e-05 1.5e-05
202300 0 0 3e-05 3e-05 0 1.5e-05 3e-05 1.5e-05 1.5e-05
202400 0 0 3e-05 3e-05 0 1.5e-05 3e-05 1.5e-05 1.5e-05
202500 0 0 3e-05 3e-05 0 1.5e-05 3e-05 1.5e-05 1.5e-05
202600 0 0 3e-05 3e-05 0 1.5e-05 3e-05 1.5e-05 1.5e-05
202700 0 0 3e-05 3e-05 0 1.5e-05 3e-05 1.5e-05 1.5e-05
202800 0 0 3e-05 3e-05 0 1.5e-05 3e-05 1.5e-05 1.5e-05
202900 0 0 3e-05 3e-05 0 1.5e-05 3e-05 1.5e-05 1.5e-05
203000 0 0 3e-05 3e-05 0 1.5e-05 3e-05 1.5e-05 1.5e-05
203100 0 0 3e-05 3e-05 0 1.5e-05 3e-05 1.5e-05 1.5e-05
203200 0 0 3e-05 3e-05 0 1.5e-05 3e-05 1.5e-05 1.5e-05
203300 0 0 3e-05 3e-05 0 1.5e-05 3e-05 1.5e-05 1.5e-05
203400 0 0 3e-05 3e-05 0 1.5e-05 3e-05 1.5e-05 1.5e-05
203500 0 0 3e-05 3e-05 0 1.5e-05 3e-05 1.5e-05 1.5e-05
203600 0 0 3e-05 3e-05 0 1.5e-05 3e-05 1.5e-05 1.5e-05
203700 0 0 3e-05 3e-05 0 1.5e-05 3e-05 1.5e-05 1.5e-05
203800 0 0 3e-05 3e-05 0 1.5e-05 3e-05 1.5e-05 1.5e-05
203900 0 0 3e-05 3e-05 0 1.5e-05 3e-05 1.5e-05 1.5e-05
204000 0 0 3e-05 3e-05 0 1.5e-05 3e-05 1.5e-05 1.5e-05
204100 0 0 3e-05 3e-05 0 1.5e-05 3e-05 1.5e-05 1.5e-05
204200 0 0 3e-05 3e-05 0 1.5e-05 3e-05 1.5e-05 1.5e-05
204300 0 0 3e-05 3e-05 0 1.5e-05 3e-05 1.5e-05 1.5e-05
204400 0 0 3e-05 3e-05 0 1.5e-05 3e-05 1.5e-05 1.5e-05
204500 0 0 3e-05 3e-05 0 1.5e-05 3e-05 1.5e-05 1.5e-05
204600 0 0 3e-05 3e-05 0 1.5e-05 3e-05 1.5e-05 1.5e-05
204700 0 0 3e-05 3e-05 0 1.5e-05 3e-05 1.5e-05 1.5e-05
204800 0 0 3e-05 3e-05 0 1.5e-05 3e-05 1.5e-05 1.5e-05
204900 0 0 3e-05 3e-05 0 1.5e-05 3e-05 1.5e-05 1.5e-05
205000 0 0 3e-05 3e-05 0 1.5e-05 3e-05 1.5e-05 1.5e-05
205100 0 0 3e-05 3e-05 0 1.5e-05 3e-05 1.5e-05 1.5e-05
205200 0 0 3e-05 3e-05 0 1.5e-05 3e-05 1.5e-05 1.5e-05
205300 0 0 3e-05 3e-05 0 1.5e-05 3e-05 1.5e-05 1.5e-05
205400 0 0 3e-05 3e-05 0 1.5e-05 3e-05 1.5e-05 1.5e-05
205500 0 0 3e-05 3e-05 0 1.5e-05 3e-05 1.5e-05 1.5e-05
205600 0 0 3e-05 3e-05 0 1.5e-05 3e-05 1.5e-05 1.5e-05
205700 0 0 3e-05 3e-05 0 1.5e-05 3e-05 1.5e-05 1.5e-05
205800 0 0 3e-05 3e-05 0 1.5e-05 3e-05 1.5e-05 1.5e-05
205900 0 0 3e-05 3e-05 0 1.5e-05 3e-05 1.5e-05 1.5e-05
206000 0 0 3e-05 3e-05 0 1.5e-05 3e-05 1.5e-05 1.5e-05
206100 0 0 3e-05 3e-05 0 1.5e-05 3e-05 1.5e-05 1.5e-05
206200 0 0 3e-05 3e-05 0 1.5e-05 3e-05 1.5e-05 1.5e-05
206300 0 0 3e-05 3e-05 0 1.5e-05 3e-05 1.5e-05 1.5e-05
206400 0 0 3e-05 3e-05 0 1.5e-05 3e-05 1.5e-05 1.5e-05
206500 0 0 3e-05 3e-05 0 1.5e-05 3e-05 1.5e-05 1.5e-05
206600 0 0 3e-05 3e-05 0 1.5e-05 3e-05 1.5e-05 1.5e-05
206700 0 0 3e-05 3e-05 0 1.5e-05 3e-05 1.5e-05 1.5e-05
206800 0 0 3e-05 3e-05 0 1.5e-05 3e-05 1.5e-05 1.5e-05
206900 0 0 3e-05 3e-05 0 1.5e-05 3e-05 1.5e-05 1.5e-05
207000 0 0 3e-05 3e-05 0 1.5e-05 3e-05 1.5e-05 1.5e-05
207100 0 0 3e-05 3e-05 0 1.5e-05 3e-05 1.5e-05 1.5e-05
207200 0 0 3e-05 3e-05 0 1.5e-05 3e-05 1.5e-05 1.5e-05
207300 0 0 3e-05 3e-05 0 1.5e-05 3e-05 1.5e-05 1.5e-05
207400 0 0 3e-05 3e-05 0 1.5e-05 3e-05 1.5e-05 1.5e-05
207500 0 0 3e-05 3e-05 0 1.5e-05 3e-05 1.5e-05 1.5e-05
207600 0 0 3e-05 3e-05 0 1.5e-05 3e-05 1.5e-05 1.5e-05
207700 0 0 3e-05 3e-05 0 1.5e-05 3e-05 1.5e-05 1.5e-05
207800 0 0 3e-05 3e-05 0 1.5e-05 3e-05 1.5e-05 1.5e-05
207900 0 0 3e-05 3e-05 0 1.5e-05 3e-05 1.5e-05 1.5e-05
208000 0 0 3e-05 3e-05 0 1.5e-05 3e-05 1.5e-05 1.5e-05
208100 0 0 3e-05 3e-05 0 1.5e-05 3e-05 1.5e-05 1.5e-05
208200 0 0 3e-05 3e-05 0 1.5e-05 3e-05 1.5e-05 1.5e-05
208300 0 0 3e-05 3e-05 0 1.5e-05 3e-05 1.5e-05 1.5e-05
208400 0 0 3e-05 3e-05 0 1.5e-05 3e-05 1.5e-05 1.5e-05
208500 0 0 3e-05 3e-05 0 1.5e-05 3e-05 1.5e-05 1.5e-05
208600 0 0 3e-05 3e-05 0 1.5e-05 3e-05 1.5e-05 1.5e-05
208700 0 0 3e-05 3e-05 0 1.5e-05 3e-05 1.5e-05 1.5e-05
208800 0 0 3e-05 3e-05 0 1.5e-05 3e-05 1.5e-05 1.5e-05
208900 0 0 3e-05 3e-05 0 1.5e-05 3e-05 1.5e-05 1.5e-05
209000 0 0 3e-05 3e-05 0 1.5e-05 3e-05 1.5e-05 1.5e-05
209100 0 0 3e-05 3e-05 0 1.5e-05 3e-05 1.5e-05 1.5e-05
209200 0 0 3e-05 3e-05 0 1.5e-05 3e-05 1.5e-05 1.5e-05
209300 0 0 3e-05 3e-05 0 1.5e-05 3e-05 1.5e-05 1.5e-05
209400 0 0 3e-05 3e-05 0 1.5e-05 3e-05 1.5e-05 1.5e-05
209500 0 0 3e-05 3e-05 0 1.5e-05 3e-05 1.5e-05 1.5e-05
209600 0 0 3e-05 3e-05 0 1.5e-05 3e-05 1.5e-05 1.5e-05
209700 0 0 3e-05 3e-05 0 1.5e-05 3e-05 1.5e-05 1.5e-05
209800 0 0 3e-05 3e-05 0 1.5e-05 3e-05 1.5e-05 1.5e-05
209900 0 0 3e-05 3e-05 0 1.5e-05 3e-05 1.5e-05 1.5e-05
210000 0 0 3e-05 3e-05 0 1.5e-05 3e-05 1.5e-05 1.5e-05
211000 0 0 3e-05 3e-05 0 1.5e-05 3e-05 1.5e-05 1.5e-05
212000 0 0 3e-05 3e-05 0 1.5e-05 3e-05 1.5e-05 1.5e-05
213000 0 0 3e-05 3e-05 0 1.5e-05 3e-05 1.5e-05 1.5e-05
214000 0 0 3e-05 3e-05 0 1.5e-05 3e-05 1.5e-05 1.5e-05
215000 0 0 3e-05 3e-05 0 1.5e-05 3e-05 1.5e-05 1.5e-05
216000 0 0 3e-05 3e-05 0 1.5e-05 3e-05 1.5e-05 1.5e-05
217000 0 0 3e-05 3e-05 0 1.5e-05 3e-05 1.5e-05 1.5e-05
218000 0 0 3e-05 3e-05 0 1.5e-05 3e-05 1.5e-05 1.5e-05
219000 0 0 3e-05 3e-05 0 1.5e-05 3e-05 1.5e-05 1.5e-05
220000 0 0 3e-05 3e-05 0 1.5e-05 3e-05 1.5e-05 1.5e-05
221000 0 0 3e-05 3e-05 0 1.5e-05 3e-05 1.5e-05 1.5e-05
222000 0 0 3e-05 3e-05 0 1.5e-05 3e-05 1.5e-05 1.5e-05
223000 0 0 3e-05 3e-05 0 1.5e-05 3e-05 1.5e-05 1.5e-05
224000 0 0 3e-05 3e-05 0 1.5e-05 3e-05 1.5e-05 1.5e-05
225000 0 0 3e-05 3e-05 0 1.5e-05 3e-05 1.5e-05 1.5e-05
226000 0 0 3e-05 3e-05 0 1.5e-05 3e-05 1.5e-05 1.5e-05
227000 0 0 3e-05 3e-05 0 1.5e-05 3e-05 1.5e-05 1.5e-05
228000 0 0 3e-05 3e-05 0 1.5e-05 3e-05 1.5e-05 1.5e-05
229000 0 0 3e-05 3e-05 0 1.5e-05 3e-05 1.5e-05 1.5e-05
230000 0 0 3e-05 3e-05 0 1.5e-05 3e-05 1.5e-05 1.5e-05
231000 0 0 3e-05 3e-05 0 1.5e-05 3e-05 1.5e-05 1.5e-05
232000 0 0 3e-05 3e-05 0 1.5e-05 3e-05 1.5e-05 1.5e-05
233000 0 0 3e-05 3e-05 0 1.5e-05 3e-05 1.5e-05 1.5e-05
234000 0 0 3e-05 3e-05 0 1.5e-05 3e-05 1.5e-05 1.5e-05
235000 0 0 3e-05 3e-05 0 1.5e-05 3e-05 1.5e-05 1.5e-05
236000 0 0 3e-05 3e-05 0 1.5e-05 3e-05 1.5e-05 1.5e-05
237000 0 0 3e-05 3e-05 0 1.5e-05 3e-05 1.5e-05 1.5e-05
238000 0 0 3e-05 3e-05 0 1.5e-05 3e-05 1.5e-05 1.5e-05
239000 0 0 3e-05 3e-05 0 1.5e-05 3e-05 1.5e-05 1.5e-05
240000 0 0 3e-05 3e-05 0 1.5e-05 3e-05 1.5e-05 1.5e-05
241000 0 0 3e-05 3e-05 0 1.5e-05 3e-05 1.5e-05 1.5e-05
242000 0 0 3e-05 3e-05 0 1.5e-05 3e-05 1.5e-05 1.5e-05
243000 0 0 3e-05 3e-05 0 1.5e-05 3e-05 1.5e-05 1.5e-05
244000 0 0 3e-05 3e-05 0 1.5e-05 3e-05 1.5e-05 1.5e-05
245000 0 0 3e-05 3e-05 0 1.5e-05 3e-05 1.5e-05 1.5e-05
246000 0 0 3e-05 3e-05 0 1.5e-05 3e-05 1.5e-05 1.5e-05
247000 0 0 3e-05 3e-05 0 1.5e-05 3e-05 1.5e-05 1.5e-05
248000 0 0 3e-05 3e-05 0 1.5e-05 3e-05 1.5e-05 1.5e-05
249000 0 0 3e-05 3e-05 0 1.5e-05 3e-05 1.5e-05 1.5e-05
250000 0 0 3e-05 3e-05 0 1.5e-05 3e-05 1.5e-05 1.5e-05
251000 0 0 3e-05 3e-05 0 1.5e-05 3e-05 1.5e-05 1.5e-05
252000 0 0 3e-05 3e-05 0 1.5e-05 3e-05 1.5e-05 1.5e-05
253000 0 0 3e-05 3e-05 0 1.5e-05 3e-05 1.5e-05 1.5e-05
254000 0 0 3e-05 3e-05 0 1.5e-05 3e-05 1.5e-05 1.5e-05
255000 0 0 3e-05 3e-05 0 1.5e-05 3e-05 1.5e-05 1.5e-05
256000 0 0 3e-05 3e-05 0 1.5e-05 3e-05 1.5e-05 1.5e-05
257000 0 0 3e-05 3e-05 0 1.5e-05 3e-05 1.5e-05 1.5e-05
258000 0 0 3e-05 3e-05 0 1.5e-05 3e-05 1.5e-05 1.5e-05
259000 0 0 3e-05 3e-05 0 1.5e-05 3e-05 1.5e-05 1.5e-05
260000 0 0 3e-05 3e-05 0 1.5e-05 3e-05 1.5e-05 1.5e-05
261000 0 0 3e-05 3e-05 0 1.5e-05 3e-05 1.5e-05 1.5e-05
262000 0 0 3e-05 3e-05 0 1.5e-05 3e-05 1.5e-05 1.5e-05
263000 0 0 3e-05 3e-05 0 1.5e-05 3e-05 1.5e-05 1.5e-05
264000 0 0 3e-05 3e-05 0 1.5e-05 3e-05 1.5e-05 1.5e-05
265000 0 0 3e-05 3e-05 0 1.5e-05 3e-05 1.5e-05 1.5e-05
266000 0 0 3e-05 3e-05 0 1.5e-05 3e-05 1.5e-05 1.5e-05
267000 0 0 3e-05 3e-05 0 1.5e-05 3e-05 1.5e-05 1.5e-05
268000 0 0 3e-05 3e-05 0 1.5e-05 3e-05 1.5e-05 1.5e-05
269000 0 0 3e-05 3e-05 0 1.5e-05 3e-05 1.5e-05 1.5e-05
270000 0 0 3e-05 3e-05 0 1.5e-05 3e-05 1.5e-05 1.5e-05
271000 0 0 3e-05 3e-05 0 1.5e-05 3e-05 1.5e-05 1.5e-05
272000 0 0 3e-05 3e-05 0 1.5e-05 3e-05 1.5e-05 1.5e-05
273000 0 0 3e-05 3e-05 0 1.5e-05 3e-05 1.5e-05 1.5e-05
274000 0 0 3e-05 3e-05 0 1.5e-05 3e-05 1.5e-05 1.5e-05
275000 0 0 3e-05 3e-05 0 1.5e-05 3e-05 1.5e-05 1.5e-05
276000 0 0 3e-05 3e-05 0 1.5e-05 3e-05 1.5e-05 1.5e-05
277000 0 0 3e-05 3e-05 0 1.5e-05 3e-05 1.5e-05 1.5e-05
278000 0 0 3e-05 3e-05 0 1.5e-05 3e-05 1.5e-05 1.5e-05
279000 0 0 3e-05 3e-05 0 1.5e-05 3e-05 1.5e-05 1.5e-05
280000 0 0 3e-05 3e-05 0 1.5e-05 3e-05 1.5e-05 1.5e-05
281000 0 0 3e-05 3e-05 0 1.5e-05 3e-05 1.5e-05 1.5e-05
282000 0 0 3e-05 3e-05 0 1.5e-05 3e-05 1.5e-05 1.5e-05
283000 0 0 3e-05 3e-05 0 1.5e-05 3e-05 1.5e-05 1.5e-05
284000 0 0 3e-05 3e-05 0 1.5e-05 3e-05 1.5e-05 1.5e-05
285000 0 0 3e-05 3e-05 0 1.5e-05 3e-05 1.5e-05 1.5e-05
286000 0 0 3e-05 3e-05 0 1.5e-05 3e-05 1.5e-05 1.5e-05
287000 0 0 3e-05 3e-05 0 1.5e-05 3e-05 1.5e-05 1.5e-05
288000 0 0 3e-05 3e-05 0 1.5e-05 3e-05 1.5e-05 1.5e-05
289000 0 0 3e-05 3e-05 0 1.5e-05 3e-05 1.5e-05 1.5e-05
290000 0 0 3e-05 3e-05 0 1.5e-05 3e-05 1.5e-05 1.5e-05
291000 0 0 3e-05 3e-05 0 1.5e-05 3e-05 1.5e-05 1.5e-05
292000 0 0 3e-05 3e-05 0 1.5e-05 3e-05 1.5e-05 1.5e-05
293000 0 0 3e-05 3e-05 0 1.5e-05 3e-05 1.5e-05 1.5e-05
294000 0 0 3e-05 3e-05 0 1.5e-05 3e-05 1.5e-05 1.5e-05
295000 0 0 3e-05 3e-05 0 1.5e-05 3e-05 1.5e-05 1.5e-05
296000 0 0 3e-05 3e-05 0 1.5e-05 3e-05 1.5e-05 1.5e-05
297000 0 0 3e-05 3e-05 0 1.5e-05 3e-05 1.5e-05 1.5e-05
298000 0 0 3e-05 3e-05 0 1.5e-05 3e-05 1.5e-05 1.5e-05
299000 0 0 3e-05 3e-05 0 1.5e-05 3e-05 1.5e-05 1.5e-05
300000 0 0 3e-05 3e-05 0 1.5e-05 3e-05 1.5e-05 1.5e-05
301000 0 0 3e-05 3e-05 0 1.5e-05 3e-05 1.5e-05 1.5e-05
302000 0 0 3e-05 3e-05 0 1.5e-05 3e-05 1.5e-05 1.5e-05
303000 0 0 3e-05 3e-05 0 1.5e-05 3e-05 1.5e-05 1.5e-05
304000 0 0 3e-05 3e-05 0 1.5e-05 3e-05 1.5e-05 1.5e-05
305000 0 0 3e-05 3e-05 0 1.5e-05 3e-05 1.5e-05 1.5e-05
306000 0 0 3e-05 3e-05 0 1.5e-05 3e-05 1.5e-05 1.5e-05
307000 0 0 3e-05 3e-05 0 1.5e-05 3e-05 1.5e-05 1.5e-05
308000 0 0 3e-05 3e-05 0 1.5e-05 3e-05 1.5e-05 1.5e-05
309000 0 0 3e-05 3e-05 0 1.5e-05 3e-05 1.5e-05 1.5e-05
310000 0 0 3e-05 3e-05 0 1.5e-05 3e-05 1.5e-05 1.5e-05
311000 0 0 3e-05 3e-05 0 1.5e-05 3e-05 1.5e-05 1.5e-05
312000 0 0 3e-05 3e-05 0 1.5e-05 3e-05 1.5e-05 1.5e-05
313000 0 0 3e-05 3e-05 0 1.5e-05 3e-05 1.5e-05 1.5e-05
314000 0 0 3e-05 3e-05 0 1.5e-05 3e-05 1.5e-05 1.5e-05
315000 0 0 3e-05 3e-05 0 1.5e-05 3e-05 1.5e-05 1.5e-05
316000 0 0 3e-05 3e-05 0 1.5e-05 3e-05 1.5e-05 1.5e-05
317000 0 0 3e-05 3e-05 0 1.5e-05 3e-05 1.5e-05 1.5e-05
318000 0 0 3e-05 3e-05 0 1.5e-05 3e-05 1.5e-05 1.5e-05
319000 0 0 3e-05 3e-05 0 1.5e-05 3e-05 1.5e-05 1.5e-05
320000 0 0 3e-05 3e-05 0 1.5e-05 3e-05 1.5e-05 1.5e-05
321000 0 0 3e-05 3e-05 0 1.5e-05 3e-05 1.5e-05 1.5e-05
322000 0 0 3e-05 3e-05 0 1.5e-05 3e-05 1.5e-05 1.5e-05
323000 0 0 3e-05 3e-05 0 1.5e-05 3e-05 1.5e-05 1.5e-05
324000 0 0 3e-05 3e-05 0 1.5e-05 3e-05 1.5e-05 1.5e-05
325000 0 0 3e-05 3e-05 0 1.5e-05 3e-05 1.5e-05 1.5e-05
326000 0 0 3e-05 3e-05 0 1.5e-05 3e-05 1.5e-05 1.5e-05
327000 0 0 3e-05 3e-05 0 1.5e-05 3e-05 1.5e-05 1.5e-05
328000 0 0 3e-05 3e-05 0 1.5e-05 3e-05 1.5e-05 1.5e-05
329000 0 0 3e-05 3e-05 0 1.5e-05 3e-05 1.5e-05 1.5e-05
330000 0 0 3e-05 3e-05 0 1.5e-05 3e-05 1.5e-05 1.5e-05
331000 0 0 3e-05 3e-05 0 1.5e-05 3e-05 1.5e-05 1.5e-05
332000 0 0 3e-05 3e-05 0 1.5e-05 3e-05 1.5e-05 1.5e-05
333000 0 0 3e-05 3e-05 0 1.5e-05 3e-05 1.5e-05 1.5e-05
334000 0 0 3e-05 3e-05 0 1.5e-05 3e-05 1.5e-05 1.5e-05
335000 0 0 3e-05 3e-05 0 1.5e-05 3e-05 1.5e-05 1.5e-05
336000 0 0 3e-05 3e-05 0 1.5e-05 3e-05 1.5e-05 1.5e-05
337000 0 0 3e-05 3e-05 0 1.5e-05 3e-05 1.5e-05 1.5e-05
338000 0 0 3e-05 3e-05 0 1.5e-05 3e-05 1.5e-05 1.5e-05
339000 0 0 3e-05 3e-05 0 1.5e-05 3e-05 1.5e-05 1.5e-05
340000 0 0 3e-05 3e-05 0 1.5e-05 3e-05 1.5e-05 1.5e-05
341000 0 0 3e-05 3e-05 0 1.5e-05 3e-05 1.5e-05 1.5e-05
342000 0 0 3e-05 3e-05 0 1.5e-05 3e-05 1.5e-05 1.5e-05
343000 0 0 3e-05 3e-05 0 1.5e-05 3e-05 1.5e-05 1.5e-05
344000 0 0 3e-05 3e-05 0 1.5e-05 3e-05 1.5e-05 1.5e-05
345000 0 0 3e-05 3e-05 0 1.5e-05 3e-05 1.5e-05 1.5e-05
346000 0 0 3e-05 3e-05 0 1.5e-05 3e-05 1.5e-05 1.5e-05
347000 0 0 3e-05 3e-05 0 1.5e-05 3e-05 1.5e-05 1.5e-05
348000 0 0 3e-05 3e-05 0 1.5e-05 3e-05 1.5e-05 1.5e-05
349000 0 0 3e-05 3e-05 0 1.5e-05 3e-05 1.5e-05 1.5e-05
350000 0 0 3e-05 3e-05 0 1.5e-05 3e-05 1.5e-05 1.5e-05
351000 0 0 3e-05 3e-05 0 1.5e-05 3e-05 1.5e-05 1.5e-05
352000 0 0 3e-05 3e-05 0 1.5e-05 3e-05 1.5e-05 1.5e-05
353000 0 0 3e-05 3e-05 0 1.5e-05 3e-05 1.5e-05 1.5e-05
354000 0 0 3e-05 3e-05 0 1.5e-05 3e-05 1.5e-05 1.5e-05
355000 0 0 3e-05 3e-05 0 1.5e-05 3e-05 1.5e-05 1.5e-05
356000 0 0 3e-05 3e-05 0 1.5e-05 3e-05 1.5e-05 1.5e-05
357000 0 0 3e-05 3e-05 0 1.5e-05 3e-05 1.5e-05 1.5e-05
358000 0 0 3e-05 3e-05 0 1.5e-05 3e-05 1.5e-05 1.5e-05
359000 0 0 3e-05 3e-05 0 1.5e-05 3e-05 1.5e-05 1.5e-05
360000 0 0 3e-05 3e-05 0 1.5e-05 3e-05 1.5e-05 1.5e-05
361000 0 0 3e-05 3e-05 0 1.5e-05 3e-05 1.5e-05 1.5e-05
362000 0 0 3e-05 3e-05 0 1.5e-05 3e-05 1.5e-05 1.5e-05
363000 0 0 3e-05 3e-05 0 1.5e-05 3e-05 1.5e-05 1.5e-05
364000 0 0 3e-05 3e-05 0 1.5e-05 3e-05 1.5e-05 1.5e-05
365000 0 0 3e-05 3e-05 0 1.5e-05 3e-05 1.5e-05 1.5e-05
366000 0 0 3e-05 3e-05 0 1.5e-05 3e-05 1.5e-05 1.5e-05
367000 0 0 3e-05 3e-05 0 1.5e-05 3e-05 1.5e-05 1.5e-05
368000 0 0 3e-05 3e-05 0 1.5e-05 3e-05 1.5e-05 1.5e-05
369000 0 0 3e-05 3e-05 0 1.5e-05 3e-05 1.5e-05 1.5e-05
370000 0 0 3e-05 3e-05 0 1.5e-05 3e-05 1.5e-05 1.5e-05
371000 0 0 3e-05 3e-05 0 1.5e-05 3e-05 1.5e-05 1.5e-05
372000 0 0 3e-05 3e-05 0 1.5e-05 3e-05 1.5e-05 1.5e-05
373000 0 0 3e-05 3e-05 0 1.5e-05 3e-05 1.5e-05 1.5e-05
374000 0 0 3e-05 3e-05 0 1.5e-05 3e-05 1.5e-05 1.5e-05
375000 0 0 3e-05 3e-05 0 1.5e-05 3e-05 1.5e-05 1.5e-05
376000 0 0 3e-05 3e-05 0 1.5e-05 3e-05 1.5e-05 1.5e-05
377000 0 0 3e-05 3e-05 0 1.5e-05 3e-05 1.5e-05 1.5e-05
378000 0 0 3e-05 3e-05 0 1.5e-05 3e-05 1.5e-05 1.5e-05
379000 0 0 3e-05 3e-05 0 1.5e-05 3e-05 1.5e-05 1.5e-05
380000 0 0 3e-05 3e-05 0 1.5e-05 3e-05 1.5e-05 1.5e-05
381000 0 0 3e-05 3e-05 0 1.5e-05 3e-05 1.5e-05 1.5e-05
382000 0 0 3e-05 3e-05 0 1.5e-05 3e-05 1.5e-05 1.5e-05
383000 0 0 3e-05 3e-05 0 1.5e-05 3e-05 1.5e-05 1.5e-05
384000 0 0 3e-05 3e-05 0 1.5e-05 3e-05 1.5e-05 1.5e-05
385000 0 0 3e-05 3e-05 0 1.5e-05 3e-05 1.5e-05 1.5e-05
386000 0 0 3e-05 3e-05 0 1.5e-05 3e-05 1.5e-05 1.5e-05
387000 0 0 3e-05 3e-05 0 1.5e-05 3e-05 1.5e-05 1.5e-05
388000 0 0 3e-05 3e-05 0 1.5e-05 3e-05 1.5e-05 1.5e-05
389000 0 0 3e-05 3e-05 0 1.5e-05 3e-05 1.5e-05 1.5e-05
390000 0 0 3e-05 3e-05 0 1.5e-05 3e-05 1.5e-05 1.5e-05
391000 0 0 3e-05 3e-05 0 1.5e-05 3e-05 1.5e-05 1.5e-05
392000 0 0 3e-05 3e-05 0 1.5e-05 3e-05 1.5e-05 1.5e-05
393000 0 0 3e-05 3e-05 0 1.5e-05 3e-05 1.5e-05 1.5e-05
394000 0 0 3e-05 3e-05 0 1.5e-05 3e-05 1.5e-05 1.5e-05
395000 0 0 3e-05 3e-05 0 1.5e-05 3e-05 1.5e-05 1.5e-05
396000 0 0 3e-05 3e-05 0 1.5e-05 3e-05 1.5e-05 1.5e-05
397000 0 0 3e-05 3e-05 0 1.5e-05 3e-05 1.5e-05 1.5e-05
398000 0 0 3e-05 3e-05 0 1.5e-05 3e-05 1.5e-05 1.5e-05
399000 0 0 3e-05 3e-05 0 1.5e-05 3e-05 1.5e-05 1.5e-05
400000 0 0 3e-05 3e-05 0 1.5e-05 3e-05 1.5e-05 1.5e-05
401000 0 0 3e-05 3e-05 0 1.5e-05 3e-05 1.5e-05 1.5e-05
402000 0 0 3e-05 3e-05 0 1.5e-05 3e-05 1.5e-05 1.5e-05
403000 0 0 3e-05 3e-05 0 1.5e-05 3e-05 1.5e-05 1.5e-05
404000 0 0 3e-05 3e-05 0 1.5e-05 3e-05 1.5e-05 1.5e-05
405000 0 0 3e-05 3e-05 0 1.5e-05 3e-05 1.5e-05 1.5e-05
406000 0 0 3e-05 3e-05 0 1.5e-05 3e-05 1.5e-05 1.5e-05
407000 0 0 3e-05 3e-05 0 1.5e-05 3e-05 1.5e-05 1.5e-05
408000 0 0 3e-05 3e-05 0 1.5e-05 3e-05 1.5e-05 1.5e-05
409000 0 0 3e-05 3e-05 0 1.5e-05 3e-05 1.5e-05 1.5e-05
410000 0 0 3e-05 3e-05 0 1.5e-05 3e-05 1.5e-05 1.5e-05
0.005 0 0 3.17895e-05 3.17895e-05 0 1.58936e-05 3.17895e-05 1.58936e-05 1.58936e-05
0.01 0 0 3.62287e-05 3.62287e-05 0 1.81112e-05 3.62287e-05 1.81112e-05 1.81112e-05
0.015 0 0 3.98957e-05 3.98957e-05 0 1.99474e-05 3.98957e-05 1.99474e-05 1.99474e-05
0.02 0 0 4.3656e-05 4.3656e-05 0 2.18261e-05 4.3656e-05 2.18261e-05 2.18261e-05
0.025 0 0 4.7755e-05 4.7755e-05 0 2.38749e-05 4.7755e-05 2.38749e-05 2.38749e-05
0.03 0 0 5.2267e-05 5.2267e-05 0 2.61308e-05 5.2267e-05 2.61308e-05 2.61308e-05
0.035 0 0 5.72635e-05 5.72635e-05 0 2.86288e-05 5.72635e-05 2.86288e-05 2.86288e-05
0.04 0 0 6.28962e-05 6.28962e-05 0 3.14448e-05 6.28962e-05 3.14448e-05 3.14448e-05
0.045 0 0 6.93677e-05 6.93677e-05 0 3.46802e-05 6.93677e-05 3.46802e-05 3.46802e-05
0.05 0 0 7.69514e-05 7.69514e-05 0 3.84706e-05 7.69514e-05 3.84706e-05 3.84706e-05
0.055 0 0 8.615e-05 8.615e-05 0 4.30674e-05 8.615e-05 4.30674e-05 4.30674e-05
0.06 0 0 9.77695e-05 9.77695e-05 0 4.88719e-05 9.77695e-05 4.88719e-05 4.88719e-05
0.065 0 0 0.000113253 0.000113253 0 5.66014e-05 0.000113253 5.66014e-05 5.66014e-05
0.07 0 0 0.000135219 0.000135219 0 6.75509e-05 0.000135219 6.75509e-05 6.75509e-05
0.075 0 0 0.000167826 0.000167826 0 8.38056e-05 0.000167826 8.38056e-05 8.38056e-05
0.08 0 0 0.000215245 0.000215245 0 0.000107373 0.000215245 0.000107373 0.000107373
0.085 0 0 0.000279145 0.000279145 0 0.000139299 0.000279145 0.000139299 0.000139299
0.09 0 0 0.000354385 0.000354385 0 0.000176877 0.000354385 0.000176877 0.000176877
0.095 0 0 0.000437021 0.000437021 0 0.000218204 0.000437021 0.000218204 0.000218204
0.1 0 0 0.000523088 0.000523088 0 0.000261301 0.000523088 0.000261301 0.000261301
0.105 0 0 0.000609473 0.000609473 0 0.00030458 0.000609473 0.00030458 0.00030458
0.11 0 0 0.000694094 0.000694094 0 0.000346979 0.000694094 0.000346979 0.000346979
0.115 0 0 0.000775709 0.000775709 0 0.000387861 0.000775709 0.000387861 0.000387861
0.12 0 0 0.000853237 0.000853237 0 0.000426911 0.000853237 0.000426911 0.000426911
0.125 0 0 0.000927366 0.000927366 0 0.000463989 0.000927366 0.000463989 0.000463989
0.13 0 0 0.000997847 0.000997847 0 0.000499136 0.000997847 0.000499136 0.000499136
0.135 0 0 0.00106395 0.00106395 0 0.000532125 0.00106395 0.000532125 0.000532124
0.14 0 0 0.00112664 0.00112664 0 0.00056365 0.00112664 0.00056365 0.000563648
0.145 0 0 0.0011862 0.0011862 0 0.0005934 0.0011862 0.0005934 0.0005934
0.15 0 0 0.00124249 0.00124249 0 0.000621475 0.00124249 0.000621475 0.000621475
0.155 0 0 0.00129501 0.00129501 0 0.000647515 0.00129501 0.000647515 0.000647515
0.16 0 0 0.00134448 0.00134448 0 0.000672345 0.00134448 0.000672345 0.000672345
0.165 0 0 0.00139113 0.00139113 0 0.000695804 0.00139113 0.000695804 0.000695804
0.17 0 0 0.00143524 0.00143524 0 0.000717732 0.00143524 0.000717732 0.000717731
0.175 0 0 0.00147619 0.00147619 0 0.000738271 0.00147619 0.000738271 0.000738271
0.18 0 0 0.00151424 0.00151424 0 0.000757353 0.00151424 0.000757353 0.000757356
0.185 0 0 0.00154978 0.00154978 0 0.000775081 0.00154978 0.000775081 0.000775082
0.19 0 0 0.00158263 0.00158263 0 0.000791465 0.00158263 0.000791465 0.000791464
0.195 0 0 0.00161261 0.00161261 0 0.000806389 0.00161261 0.000806389 0.000806371
0.2 0 0 0.00164085 0.00164085 0 0.000820475 0.00164085 0.000820475 0.000820481
0.205 0 0 0.00166559 0.00166559 0 0.000833063 0.00166559 0.000833063 0.00083296
0.21 0 0 0.00168838 0.00168838 0 0.000844387 0.00168838 0.000844387 0.000844369
0.215 0 0 0.00170851 0.00170851 0 0.000854583 0.00170851 0.000854583 0.00085433
0.22 0 0 0.00172672 0.00172672 0 0.000863579 0.00172672 0.000863579 0.000863511
0.225 0 0 0.00174247 0.00174247 0 0.000871399 0.00174247 0.000871399 0.000871364
0.23 0 0 0.00175512 0.00175512 0 0.000877751 0.00175512 0.000877751 0.00087771
0.235 0 0 0.00176485 0.00176485 0 0.000882666 0.00176485 0.000882666 0.000882612
0.24 0 0 0.00177246 0.00177246 0 0.000886449 0.00177246 0.000886449 0.000886452
0.245 0 0 0.00177849 0.00177849 0 0.000889459 0.00177849 0.000889459 0.000889446
0.25 0 0 0.00178253 0.00178253 0 0.000891468 0.00178253 0.000891468 0.000891444
0.255 0 0 0.00178416 0.00178416 0 0.000892261 0.00178416 0.000892261 0.000892233
0.26 0 0 0.00178415 0.00178415 0 0.000892254 0.00178415 0.000892254 0.000892224
0.265 0 0 0.00178398 0.00178398 0 0.000892171 0.00178398 0.000892171 0.000892141
0.27 0 0 0.00178382 0.00178382 0 0.000892087 0.00178382 0.000892087 0.000892057
0.275 0 0 0.00178361 0.00178361 0 0.000891982 0.00178361 0.000891982 0.000891952
0.28 0 0 0.00178335 0.00178335 0 0.000891853 0.00178335 0.000891853 0.000891823
0.285 0 0 0.00178305 0.00178305 0 0.000891701 0.00178305 0.000891701 0.000891671
0.29 0 0 0.0017827 0.0017827 0 0.000891526 0.0017827 0.000891526 0.000891496
0.295 0 0 0.0017823 0.0017823 0 0.000891328 0.0017823 0.000891328 0.000891298
0.3 0 0 0.00178186 0.00178186 0 0.000891108 0.00178186 0.000891108 0.000891078
0.305 0 0 0.00178137 0.00178137 0 0.000890865 0.00178137 0.000890865 0.000890835
0.31 0 0 0.00178084 0.00178084 0 0.000890599 0.00178084 0.000890599 0.000890569
0.315 0 0 0.00178027 0.00178027 0 0.000890312 0.00178027 0.000890312 0.000890282
0.32 0 0 0.00177965 0.00177965 0 0.000890003 0.00177965 0.000890003 0.000889973
0.325 0 0 0.00177899 0.00177899 0 0.000889673 0.00177899 0.000889673 0.000889643
0.33 0 0 0.00177829 0.00177829 0 0.000889321 0.00177829 0.000889321 0.000889291
0.335 0 0 0.00177754 0.00177754 0 0.000888949 0.00177754 0.000888949 0.000888919
0.34 0 0 0.00177676 0.00177676 0 0.000888557 0.00177676 0.000888557 0.000888527
0.345 0 0 0.00177591 0.00177591 0 0.000888132 0.00177591 0.000888132 0.000888103
0.35 0 0 0.00177496 0.00177496 0 0.000887656 0.00177496 0.000887656 0.000887627
0.355 0 0 0.00177396 0.00177396 0 0.000887157 0.00177396 0.000887157 0.000887128
0.36 0 0 0.00177292 0.00177292 0 0.000886636 0.00177292 0.000886636 0.000886607
0.365 0 0 0.00177183 0.00177183 0 0.000886094 0.00177183 0.000886094 0.000886065
0.37 0 0 0.00177071 0.00177071 0 0.000885532 0.00177071 0.000885532 0.000885502
0.375 0 0 0.00176954 0.00176954 0 0.000884949 0.00176954 0.000884949 0.000884919
0.38 0 0 0.00176834 0.00176834 0 0.000884346 0.00176834 0.000884346 0.000884316
0.385 0 0 0.00176709 0.00176709 0 0.000883723 0.00176709 0.000883723 0.000883694
0.39 0 0 0.0017658 0.0017658 0 0.000883078 0.0017658 0.000883078 0.000883049
0.395 0 0 0.0017644 0.0017644 0 0.000882377 0.0017644 0.000882377 0.000882348
0.4 0 0 0.00176295 0.00176295 0 0.000881653 0.00176295 0.000881653 0.000881624
0.405 0 0 0.00176146 0.00176146 0 0.00088091 0.00176146 0.00088091 0.000880881
0.41 0 0 0.00175994 0.00175994 0 0.000880147 0.00175994 0.000880147 0.000880118
0.415 0 0 0.00175838 0.00175838 0 0.000879366 0.00175838 0.000879366 0.000879337
0.42 0 0 0.00175678 0.00175678 0 0.000878567 0.00175678 0.000878567 0.000878538
0.425 0 0 0.00175514 0.00175514 0 0.00087775 0.00175514 0.00087775 0.000877721
0.43 0 0 0.00175342 0.00175342 0 0.000876886 0.00175342 0.000876886 0.000876857
0.435 0 0 0.0017516 0.0017516 0 0.000875976 0.0017516 0.000875976 0.000875948
0.44 0 0 0.00174974 0.00174974 0 0.000875046 0.00174974 0.000875046 0.000875018
0.445 0 0 0.00174784 0.00174784 0 0.000874099 0.00174784 0.000874099 0.00087407
0.45 0 0 0.00174591 0.00174591 0 0.000873134 0.00174591 0.000873134 0.000873105
0.455 0 0 0.00174395 0.00174395 0 0.000872152 0.00174395 0.000872152 0.000872123
0.46 0 0 0.00174195 0.00174195 0 0.000871154 0.00174195 0.000871154 0.000871125
0.465 0 0 0.0017398 0.0017398 0 0.000870076 0.0017398 0.000870076 0.000870048
0.47 0 0 0.00173758 0.00173758 0 0.000868965 0.00173758 0.000868965 0.000868938
0.475 0 0 0.00173532 0.00173532 0 0.000867837 0.00173532 0.000867837 0.000867809
0.48 0 0 0.00173303 0.00173303 0 0.000866691 0.00173303 0.000866691 0.000866664
0.485 0 0 0.00173071 0.00173071 0 0.00086553 0.00173071 0.00086553 0.000865502
0.49 0 0 0.00172835 0.00172835 0 0.000864352 0.00172835 0.000864352 0.000864325
0.495 0 0 0.00172581 0.00172581 0 0.000863082 0.00172581 0.000863082 0.000863055
0.5 0 0 0.00172317 0.00172317 0 0.000861762 0.00172317 0.000861762 0.000861736
0.505 0 0 0.0017205 0.0017205 0 0.000860424 0.0017205 0.000860424 0.000860398
0.51 0 0 0.00171779 0.00171779 0 0.00085907 0.00171779 0.00085907 0.000859043
0.515 0 0 0.00171505 0.00171505 0 0.0008577 0.00171505 0.0008577 0.000857674
0.52 0 0 0.00171225 0.00171225 0 0.000856301 0.00171225 0.000856301 0.000856275
0.525 0 0 0.00170918 0.00170918 0 0.000854766 0.00170918 0.000854766 0.00085474
0.53 0 0 0.00170605 0.00170605 0 0.000853201 0.00170605 0.000853201 0.000853175
0.535 0 0 0.00170289 0.00170289 0 0.000851621 0.00170289 0.000851621 0.000851596
0.54 0 0 0.0016997 0.0016997 0 0.000850027 0.0016997 0.000850027 0.000850002
0.545 0 0 0.00169649 0.00169649 0 0.000848421 0.00169649 0.000848421 0.000848395
0.55 0 0 0.00169294 0.00169294 0 0.000846646 0.00169294 0.000846646 0.000846622
0.555 0 0 0.00168927 0.00168927 0 0.000844809 0.00168927 0.000844809 0.000844784
0.56 0 0 0.00168556 0.00168556 0 0.000842953 0.00168556 0.000842953 0.000842929
0.565 0 0 0.00168183 0.00168183 0 0.000841088 0.00168183 0.000841088 0.000841064
0.57 0 0 0.00167808 0.00167808 0 0.000839216 0.00167808 0.000839216 0.000839192
0.575 0 0 0.00167388 0.00167388 0 0.000837114 0.00167388 0.000837114 0.000837091
0.58 0 0 0.00166954 0.00166954 0 0.000834941 0.00166954 0.000834941 0.000834918
0.585 0 0 0.00166518 0.00166518 0 0.000832762 0.00166518 0.000832762 0.000832739
0.59 0 0 0.00166082 0.00166082 0 0.000830584 0.00166082 0.000830584 0.000830561
0.595 0 0 0.00165637 0.00165637 0 0.00082836 0.00165637 0.00082836 0.000828338
0.6 0 0 0.00165134 0.00165134 0 0.000825842 0.00165134 0.000825842 0.00082582
0.605 0 0 0.00164621 0.00164621 0 0.000823276 0.00164621 0.000823276 0.000823254
0.61 0 0 0.00164111 0.00164111 0 0.000820729 0.00164111 0.000820729 0.000820707
0.615 0 0 0.00163607 0.00163607 0 0.000818208 0.00163607 0.000818208 0.000818186
0.62 0 0 0.00163062 0.00163062 0 0.000815482 0.00163062 0.000815482 0.000815461
0.625 0 0 0.00162469 0.00162469 0 0.000812519 0.00162469 0.000812519 0.000812498
0.63 0 0 0.00161875 0.00161875 0 0.000809549 0.00161875 0.000809549 0.000809528
0.635 0 0 0.00161293 0.00161293 0 0.000806639 0.00161293 0.000806639 0.000806618
0.64 0 0 0.00160726 0.00160726 0 0.000803799 0.00160726 0.000803799 0.000803778
0.645 0 0 0.00160074 0.00160074 0 0.000800543 0.00160074 0.000800543 0.000800522
0.65 0 0 0.00159394 0.00159394 0 0.000797143 0.00159394 0.000797143 0.000797123
0.655 0 0 0.0015873 0.0015873 0 0.000793823 0.0015873 0.000793823 0.000793802
0.66 0 0 0.00158093 0.00158093 0 0.000790635 0.00158093 0.000790635 0.000790615
0.665 0 0 0.00157483 0.00157483 0 0.000787587 0.00157483 0.000787587 0.000787567
0.67 0 0 0.00156783 0.00156783 0 0.000784088 0.00156783 0.000784088 0.000784068
0.675 0 0 0.00156055 0.00156055 0 0.000780447 0.00156055 0.000780447 0.000780427
0.68 0 0 0.00155356 0.00155356 0 0.00077695 0.00155356 0.00077695 0.00077693
0.685 0 0 0.00154702 0.00154702 0 0.000773682 0.00154702 0.000773682 0.000773662
0.69 0 0 0.00154096 0.00154096 0 0.000770648 0.00154096 0.000770648 0.000770629
0.695 0 0 0.00153536 0.00153536 0 0.000767847 0.00153536 0.000767847 0.000767828
0.7 0 0 0.00152907 0.00152907 0 0.000764711 0.00152907 0.000764711 0.000764693
0.705 0 0 0.00152263 0.00152263 0 0.00076149 0.00152263 0.00076149 0.000761471
0.71 0 0 0.00151665 0.00151665 0 0.000758492 0.00151665 0.000758492 0.000758474
0.715 0 0 0.00151134 0.00151134 0 0.000755837 0.00151134 0.000755837 0.000755818
0.72 0 0 0.00150674 0.00150674 0 0.000753537 0.00150674 0.000753537 0.000753519
0.725 0 0 0.00150284 0.00150284 0 0.000751585 0.00150284 0.000751585 0.000751566
0.73 0 0 0.00149961 0.00149961 0 0.000749972 0.00149961 0.000749972 0.000749953
0.735 0 0 0.00149706 0.00149706 0 0.000748695 0.00149706 0.000748695 0.000748676
0.74 0 0 0.00149517 0.00149517 0 0.000747754 0.00149517 0.000747754 0.000747735
0.745 0 0 0.00149396 0.00149396 0 0.000747147 0.00149396 0.000747147 0.000747129
0.75 0 0 0.00149342 0.00149342 0 0.000746875 0.00149342 0.000746875 0.000746857
0.755 0 0 0.00149331 0.00149331 0 0.000746821 0.00149331 0.000746821 0.000746803
0.76 0 0 0.0014925 0.0014925 0 0.000746421 0.0014925 0.000746421 0.000746402
0.765 0 0 0.00149035 0.00149035 0 0.000745362 0.00149035 0.000745362 0.000745343
0.77 0 0 0.00148589 0.00148589 0 0.000743173 0.00148589 0.000743173 0.000743155
0.775 0 0 0.00148729 0.00148729 0 0.000743866 0.00148729 0.000743866 0.000743848
0.78 0 0 0.00148781 0.00148781 0 0.00074413 0.00148781 0.00074413 0.000744111
0.785 0 0 0.00148822 0.00148822 0 0.000744337 0.00148822 0.000744337 0.000744318
0.79 0 0 0.00148871 0.00148871 0 0.000744579 0.00148871 0.000744579 0.00074456
0.795 0 0 0.00148926 0.00148926 0 0.000744854 0.00148926 0.000744854 0.000744836
0.8 0 0 0.00148987 0.00148987 0 0.000745162 0.00148987 0.000745162 0.000745143
0.805 0 0 0.00149055 0.00149055 0 0.000745501 0.00149055 0.000745501 0.000745482
0.81 0 0 0.00149129 0.00149129 0 0.000745871 0.00149129 0.000745871 0.000745852
0.815 0 0 0.00149216 0.00149216 0 0.000746306 0.00149216 0.000746306 0.000746287
0.82 0 0 0.00149316 0.00149316 0 0.000746804 0.00149316 0.000746804 0.000746785
0.825 0 0 0.00149423 0.00149423 0 0.000747339 0.00149423 0.000747339 0.00074732
0.83 0 0 0.00149537 0.00149537 0 0.000747908 0.00149537 0.000747908 0.00074789
0.835 0 0 0.00149658 0.00149658 0 0.000748512 0.00149658 0.000748512 0.000748493
0.84 0 0 0.00149785 0.00149785 0 0.000749149 0.00149785 0.000749149 0.00074913
0.845 0 0 0.00149928 0.00149928 0 0.000749862 0.00149928 0.000749862 0.000749844
0.85 0 0 0.00150084 0.00150084 0 0.000750643 0.00150084 0.000750643 0.000750625
0.855 0 0 0.00150248 0.00150248 0 0.000751462 0.00150248 0.000751462 0.000751443
0.86 0 0 0.00150419 0.00150419 0 0.000752316 0.00150419 0.000752316 0.000752297
0.865 0 0 0.00150598 0.00150598 0 0.000753211 0.00150598 0.000753211 0.000753193
0.87 0 0 0.00150804 0.00150804 0 0.000754238 0.00150804 0.000754238 0.00075422
0.875 0 0 0.00151018 0.00151018 0 0.000755313 0.00151018 0.000755313 0.000755295
0.88 0 0 0.00151241 0.00151241 0 0.000756423 0.00151241 0.000756423 0.000756405
0.885 0 0 0.00151476 0.00151476 0 0.000757599 0.00151476 0.000757599 0.00075758
0.89 0 0 0.00151742 0.00151742 0 0.000758926 0.00151742 0.000758926 0.000758908
0.895 0 0 0.00152017 0.00152017 0 0.000760305 0.00152017 0.000760305 0.000760286
0.9 0 0 0.001523 0.001523 0 0.000761717 0.001523 0.000761717 0.000761699
0.905 0 0 0.0015262 0.0015262 0 0.000763315 0.0015262 0.000763315 0.000763296
0.91 0 0 0.00152958 0.00152958 0 0.000765006 0.00152958 0.000765006 0.000764988
0.915 0 0 0.00153304 0.00153304 0 0.000766735 0.00153304 0.000766735 0.000766717
0.92 0 0 0.0015369 0.0015369 0 0.000768665 0.0015369 0.000768665 0.000768646
0.925 0 0 0.00154102 0.00154102 0 0.000770725 0.00154102 0.000770725 0.000770707
0.93 0 0 0.00154522 0.00154522 0 0.000772822 0.00154522 0.000772822 0.000772804
0.935 0 0 0.00154997 0.00154997 0 0.000775196 0.00154997 0.000775196 0.000775178
0.94 0 0 0.00155496 0.00155496 0 0.000777691 0.00155496 0.000777691 0.000777673
0.945 0 0 0.00156007 0.00156007 0 0.000780243 0.00156007 0.000780243 0.000780225
0.95 0 0 0.00156592 0.00156592 0 0.000783167 0.00156592 0.000783167 0.000783148
0.955 0 0 0.00157191 0.00157191 0 0.00078616 0.00157191 0.00078616 0.000786142
0.96 0 0 0.00157834 0.00157834 0 0.000789373 0.00157834 0.000789373 0.000789355
0.965 0 0 0.00158536 0.00158536 0 0.000792879 0.00158536 0.000792879 0.000792861
0.97 0 0 0.00159242 0.00159242 0 0.00079641 0.00159242 0.00079641 0.000796392
0.975 0 0 0.00160053 0.00160053 0 0.000800461 0.00160053 0.000800461 0.000800442
0.98 0 0 0.00160891 0.00160891 0 0.000804647 0.00160891 0.000804647 0.000804628
0.985 0 0 0.00161779 0.00161779 0 0.000809079 0.00161779 0.000809079 0.00080906
0.99 0 0 0.00162758 0.00162758 0 0.000813972 0.00162758 0.000813972 0.000813954
0.995 0 0 0.00163742 0.00163742 0 0.000818893 0.00163742 0.000818893 0.000818875
1 0 0 0.00164878 0.00164878 0 0.000824563 0.00164878 0.000824563 0.000824544
1.005 0 0 0.00166068 0.00166068 0 0.00083052 0.00166068 0.00083052 0.000830501
1.01 0 0 0.00166842 0.00166842 0 0.000834397 0.00166842 0.000834397 0.000834378
1.015 0 0 0.00168569 0.00168569 0 0.000842986 0.00168569 0.000842986 0.000842967
1.02 0 0 0.00170142 0.00170142 0 0.000850874 0.00170142 0.000850874 0.000850855
1.025 0 0 0.00173279 0.00173279 0 0.000866544 0.00173279 0.000866544 0.000866527
1.03 0 0 0.00179049 0.00179049 0 0.000894935 0.00179049 0.000894935 0.000894921
1.035 0 0 0.00187007 0.00187007 0 0.000934453 0.00187007 0.000934453 0.000934439
1.04 0 0 0.00196311 0.00196311 0 0.000980921 0.00196311 0.000980921 0.000980908
1.045 0 0 0.00206325 0.00206325 0 0.00103108 0.00206325 0.00103108 0.00103106
1.05 0 0 0.00216612 0.00216612 0 0.00108265 0.00216612 0.00108265 0.00108264
1.055 0 0 0.00226886 0.00226886 0 0.00113416 0.00226886 0.00113416 0.00113415
1.06 0 0 0.00236978 0.00236978 0 0.00118474 0.00236978 0.00118474 0.00118472
1.065 0 0 0.00246801 0.00246801 0 0.00123394 0.00246801 0.00123394 0.00123393
1.07 0 0 0.00256267 0.00256267 0 0.00128151 0.00256267 0.00128151 0.0012815
1.075 0 0 0.00265466 0.00265466 0 0.00132752 0.00265466 0.00132752 0.00132751
1.08 0 0 0.00274359 0.00274359 0 0.00137195 0.00274359 0.00137195 0.00137194
1.085 0 0 0.0028289 0.0028289 0 0.00141462 0.0028289 0.00141462 0.00141461
1.09 0 0 0.00291114 0.00291114 0 0.00145573 0.00291114 0.00145573 0.00145572
1.095 0 0 0.00299095 0.00299095 0 0.00149558 0.00299095 0.00149558 0.00149558
1.1 0 0 0.00306842 0.00306842 0 0.00153425 0.00306842 0.00153425 0.00153422
