1000 0 0 3e-05 3e-05 0 1.5e-05 3e-05 1.5e-05 1.5e-05
2000 0 0 3e-05 3e-05 0 1.5e-05 3e-05 1.5e-05 1.5e-05
3000 0 0 3e-05 3e-05 0 1.5e-05 3e-05 1.5e-05 1.5e-05
4000 0 0 3e-05 3e-05 0 1.5e-05 3e-05 1.5e-05 1.5e-05
5000 0 0 3e-05 3e-05 0 1.5e-05 3e-05 1.5e-05 1.5e-05
6000 0 0 3e-05 3e-05 0 1.5e-05 3e-05 1.5e-05 1.5e-05
7000 0 0 3e-05 3e-05 0 1.5e-05 3e-05 1.5e-05 1.5e-05
8000 0 0 3e-05 3e-05 0 1.5e-05 3e-05 1.5e-05 1.5e-05
9000 0 0 3e-05 3e-05 0 1.5e-05 3e-05 1.5e-05 1.5e-05
10000 0 0 3e-05 3e-05 0 1.5e-05 3e-05 1.5e-05 1.5e-05
11000 0 0 3e-05 3e-05 0 1.5e-05 3e-05 1.5e-05 1.5e-05
12000 0 0 3e-05 3e-05 0 1.5e-05 3e-05 1.5e-05 1.5e-05
13000 0 0 3e-05 3e-05 0 1.5e-05 3e-05 1.5e-05 1.5e-05
14000 0 0 3e-05 3e-05 0 1.5e-05 3e-05 1.5e-05 1.5e-05
15000 0 0 3e-05 3e-05 0 1.5e-05 3e-05 1.5e-05 1.5e-05
16000 0 0 3e-05 3e-05 0 1.5e-05 3e-05 1.5e-05 1.5e-05
17000 0 0 3e-05 3e-05 0 1.5e-05 3e-05 1.5e-05 1.5e-05
18000 0 0 3e-05 3e-05 0 1.5e-05 3e-05 1.5e-05 1.5e-05
19000 0 0 3e-05 3e-05 0 1.5e-05 3e-05 1.5e-05 1.5e-05
20000 0 0 3e-05 3e-05 0 1.5e-05 3e-05 1.5e-05 1.5e-05
21000 0 0 3e-05 3e-05 0 1.5e-05 3e-05 1.5e-05 1.5e-05
22000 0 0 3e-05 3e-05 0 1.5e-05 3e-05 1.5e-05 1.5e-05
23000 0 0 3e-05 3e-05 0 1.5e-05 3e-05 1.5e-05 1.5e-05
24000 0 0 3e-05 3e-05 0 1.5e-05 3e-05 1.5e-05 1.5e-05
25000 0 0 3e-05 3e-05 0 1.5e-05 3e-05 1.5e-05 1.5e-05
26000 0 0 3e-05 3e-05 0 1.5e-05 3e-05 1.5e-05 1.5e-05
27000 0 0 3e-05 3e-05 0 1.5e-05 3e-05 1.5e-05 1.5e-05
28000 0 0 3e-05 3e-05 0 1.5e-05 3e-05 1.5e-05 1.5e-05
29000 0 0 3e-05 3e-05 0 1.5e-05 3e-05 1.5e-05 1.5e-05
30000 0 0 3e-05 3e-05 0 1.5e-05 3e-05 1.5e-05 1.5e-05
31000 0 0 3e-05 3e-05 0 1.5e-05 3e-05 1.5e-05 1.5e-05
32000 0 0 3e-05 3e-05 0 1.5e-05 3e-05 1.5e-05 1.5e-05
33000 0 0 3e-05 3e-05 0 1.5e-05 3e-05 1.5e-05 1.5e-05
34000 0 0 3e-05 3e-05 0 1.5e-05 3e-05 1.5e-05 1.5e-05
35000 0 0 3e-05 3e-05 0 1.5e-05 3e-05 1.5e-05 1.5e-05
36000 0 0 3e-05 3e-05 0 1.5e-05 3e-05 1.5e-05 1.5e-05
37000 0 0 3e-05 3e-05 0 1.5e-05 3e-05 1.5e-05 1.5e-05
38000 0 0 3e-05 3e-05 0 1.5e-05 3e-05 1.5e-05 1.5e-05
39000 0 0 3e-05 3e-05 0 1.5e-05 3e-05 1.5e-05 1.5e-05
40000 0 0 3e-05 3e-05 0 1.5e-05 3e-05 1.5e-05 1.5e-05
41000 0 0 3e-05 3e-05 0 1.5e-05 3e-05 1.5e-05 1.5e-05
42000 0 0 3e-05 3e-05 0 1.5e-05 3e-05 1.5e-05 1.5e-05
43000 0 0 3e-05 3e-05 0 1.5e-05 3e-05 1.5e-05 1.5e-05
44000 0 0 3e-05 3e-05 0 1.5e-05 3e-05 1.5e-05 1.5e-05
45000 0 0 3e-05 3e-05 0 1.5e-05 3e-05 1.5e-05 1.5e-05
46000 0 0 3e-05 3e-05 0 1.5e-05 3e-05 1.5e-05 1.5e-05
47000 0 0 3e-05 3e-05 0 1.5e-05 3e-05 1.5e-05 1.5e-05
48000 0 0 3e-05 3e-05 0 1.5e-05 3e-05 1.5e-05 1.5e-05
49000 0 0 3e-05 3e-05 0 1.5e-05 3e-05 1.5e-05 1.5e-05
50000 0 0 3e-05 3e-05 0 1.5e-05 3e-05 1.5e-05 1.5e-05
51000 0 0 3e-05 3e-05 0 1.5e-05 3e-05 1.5e-05 1.5e-05
52000 0 0 3e-05 3e-05 0 1.5e-05 3e-05 1.5e-05 1.5e-05
53000 0 0 3e-05 3e-05 0 1.5e-05 3e-05 1.5e-05 1.5e-05
54000 0 0 3e-05 3e-05 0 1.5e-05 3e-05 1.5e-05 1.5e-05
55000 0 0 3e-05 3e-05 0 1.5e-05 3e-05 1.5e-05 1.5e-05
56000 0 0 3e-05 3e-05 0 1.5e-05 3e-05 1.5e-05 1.5e-05
57000 0 0 3e-05 3e-05 0 1.5e-05 3e-05 1.5e-05 1.5e-05
58000 0 0 3e-05 3e-05 0 1.5e-05 3e-05 1.5e-05 1.5e-05
59000 0 0 3e-05 3e-05 0 1.5e-05 3e-05 1.5e-05 1.5e-05
60000 0 0 3e-05 3e-05 0 1.5e-05 3e-05 1.5e-05 1.5e-05
61000 0 0 3e-05 3e-05 0 1.5e-05 3e-05 1.5e-05 1.5e-05
62000 0 0 3e-05 3e-05 0 1.5e-05 3e-05 1.5e-05 1.5e-05
63000 0 0 3e-05 3e-05 0 1.5e-05 3e-05 1.5e-05 1.5e-05
64000 0 0 3e-05 3e-05 0 1.5e-05 3e-05 1.5e-05 1.5e-05
65000 0 0 3e-05 3e-05 0 1.5e-05 3e-05 1.5e-05 1.5e-05
66000 0 0 3e-05 3e-05 0 1.5e-05 3e-05 1.5e-05 1.5e-05
67000 0 0 3e-05 3e-05 0 1.5e-05 3e-05 1.5e-05 1.5e-05
68000 0 0 3e-05 3e-05 0 1.5e-05 3e-05 1.5e-05 1.5e-05
69000 0 0 3e-05 3e-05 0 1.5e-05 3e-05 1.5e-05 1.5e-05
70000 0 0 3e-05 3e-05 0 1.5e-05 3e-05 1.5e-05 1.5e-05
71000 0 0 3e-05 3e-05 0 1.5e-05 3e-05 1.5e-05 1.5e-05
72000 0 0 3e-05 3e-05 0 1.5e-05 3e-05 1.5e-05 1.5e-05
73000 0 0 3e-05 3e-05 0 1.5e-05 3e-05 1.5e-05 1.5e-05
74000 0 0 3e-05 3e-05 0 1.5e-05 3e-05 1.5e-05 1.5e-05
75000 0 0 3e-05 3e-05 0 1.5e-05 3e-05 1.5e-05 1.5e-05
76000 0 0 3e-05 3e-05 0 1.5e-05 3e-05 1.5e-05 1.5e-05
77000 0 0 3e-05 3e-05 0 1.5e-05 3e-05 1.5e-05 1.5e-05
78000 0 0 3e-05 3e-05 0 1.5e-05 3e-05 1.5e-05 1.5e-05
79000 0 0 3e-05 3e-05 0 1.5e-05 3e-05 1.5e-05 1.5e-05
80000 0 0 3e-05 3e-05 0 1.5e-05 3e-05 1.5e-05 1.5e-05
81000 0 0 3e-05 3e-05 0 1.5e-05 3e-05 1.5e-05 1.5e-05
82000 0 0 3e-05 3e-05 0 1.5e-05 3e-05 1.5e-05 1.5e-05
83000 0 0 3e-05 3e-05 0 1.5e-05 3e-05 1.5e-05 1.5e-05
84000 0 0 3e-05 3e-05 0 1.5e-05 3e-05 1.5e-05 1.5e-05
85000 0 0 3e-05 3e-05 0 1.5e-05 3e-05 1.5e-05 1.5e-05
86000 0 0 3e-05 3e-05 0 1.5e-05 3e-05 1.5e-05 1.5e-05
87000 0 0 3e-05 3e-05 0 1.5e-05 3e-05 1.5e-05 1.5e-05
88000 0 0 3e-05 3e-05 0 1.5e-05 3e-05 1.5e-05 1.5e-05
89000 0 0 3e-05 3e-05 0 1.5e-05 3e-05 1.5e-05 1.5e-05
90000 0 0 3e-05 3e-05 0 1.5e-05 3e-05 1.5e-05 1.5e-05
91000 0 0 3e-05 3e-05 0 1.5e-05 3e-05 1.5e-05 1.5e-05
92000 0 0 3e-05 3e-05 0 1.5e-05 3e-05 1.5e-05 1.5e-05
93000 0 0 3e-05 3e-05 0 1.5e-05 3e-05 1.5e-05 1.5e-05
94000 0 0 3e-05 3e-05 0 1.5e-05 3e-05 1.5e-05 1.5e-05
95000 0 0 3e-05 3e-05 0 1.5e-05 3e-05 1.5e-05 1.5e-05
96000 0 0 3e-05 3e-05 0 1.5e-05 3e-05 1.5e-05 1.5e-05
97000 0 0 3e-05 3e-05 0 1.5e-05 3e-05 1.5e-05 1.5e-05
98000 0 0 3e-05 3e-05 0 1.5e-05 3e-05 1.5e-05 1.5e-05
99000 0 0 3e-05 3e-05 0 1.5e-05 3e-05 1.5e-05 1.5e-05
100000 0 0 3e-05 3e-05 0 1.5e-05 3e-05 1.5e-05 1.5e-05
101000 0 0 3e-05 3e-05 0 1.5e-05 3e-05 1.5e-05 1.5e-05
102000 0 0 3e-05 3e-05 0 1.5e-05 3e-05 1.5e-05 1.5e-05
103000 0 0 3e-05 3e-05 0 1.5e-05 3e-05 1.5e-05 1.5e-05
104000 0 0 3e-05 3e-05 0 1.5e-05 3e-05 1.5e-05 1.5e-05
105000 0 0 3e-05 3e-05 0 1.5e-05 3e-05 1.5e-05 1.5e-05
106000 0 0 3e-05 3e-05 0 1.5e-05 3e-05 1.5e-05 1.5e-05
107000 0 0 3e-05 3e-05 0 1.5e-05 3e-05 1.5e-05 1.5e-05
108000 0 0 3e-05 3e-05 0 1.5e-05 3e-05 1.5e-05 1.5e-05
109000 0 0 3e-05 3e-05 0 1.5e-05 3e-05 1.5e-05 1.5e-05
110000 0 0 3e-05 3e-05 0 1.5e-05 3e-05 1.5e-05 1.5e-05
111000 0 0 3e-05 3e-05 0 1.5e-05 3e-05 1.5e-05 1.5e-05
112000 0 0 3e-05 3e-05 0 1.5e-05 3e-05 1.5e-05 1.5e-05
113000 0 0 3e-05 3e-05 0 1.5e-05 3e-05 1.5e-05 1.5e-05
114000 0 0 3e-05 3e-05 0 1.5e-05 3e-05 1.5e-05 1.5e-05
115000 0 0 3e-05 3e-05 0 1.5e-05 3e-05 1.5e-05 1.5e-05
116000 0 0 3e-05 3e-05 0 1.5e-05 3e-05 1.5e-05 1.5e-05
117000 0 0 3e-05 3e-05 0 1.5e-05 3e-05 1.5e-05 1.5e-05
118000 0 0 3e-05 3e-05 0 1.5e-05 3e-05 1.5e-05 1.5e-05
119000 0 0 3e-05 3e-05 0 1.5e-05 3e-05 1.5e-05 1.5e-05
120000 0 0 3e-05 3e-05 0 1.5e-05 3e-05 1.5e-05 1.5e-05
121000 0 0 3e-05 3e-05 0 1.5e-05 3e-05 1.5e-05 1.5e-05
122000 0 0 3e-05 3e-05 0 1.5e-05 3e-05 1.5e-05 1.5e-05
123000 0 0 3e-05 3e-05 0 1.5e-05 3e-05 1.5e-05 1.5e-05
124000 0 0 3e-05 3e-05 0 1.5e-05 3e-05 1.5e-05 1.5e-05
125000 0 0 3e-05 3e-05 0 1.5e-05 3e-05 1.5e-05 1.5e-05
126000 0 0 3e-05 3e-05 0 1.5e-05 3e-05 1.5e-05 1.5e-05
127000 0 0 3e-05 3e-05 0 1.5e-05 3e-05 1.5e-05 1.5e-05
128000 0 0 3e-05 3e-05 0 1.5e-05 3e-05 1.5e-05 1.5e-05
129000 0 0 3e-05 3e-05 0 1.5e-05 3e-05 1.5e-05 1.5e-05
130000 0 0 3e-05 3e-05 0 1.5e-05 3e-05 1.5e-05 1.5e-05
131000 0 0 3e-05 3e-05 0 1.5e-05 3e-05 1.5e-05 1.5e-05
132000 0 0 3e-05 3e-05 0 1.5e-05 3e-05 1.5e-05 1.5e-05
133000 0 0 3e-05 3e-05 0 1.5e-05 3e-05 1.5e-05 1.5e-05
134000 0 0 3e-05 3e-05 0 1.5e-05 3e-05 1.5e-05 1.5e-05
135000 0 0 3e-05 3e-05 0 1.5e-05 3e-05 1.5e-05 1.5e-05
136000 0 0 3e-05 3e-05 0 1.5e-05 3e-05 1.5e-05 1.5e-05
137000 0 0 3e-05 3e-05 0 1.5e-05 3e-05 1.5e-05 1.5e-05
138000 0 0 3e-05 3e-05 0 1.5e-05 3e-05 1.5e-05 1.5e-05
139000 0 0 3e-05 3e-05 0 1.5e-05 3e-05 1.5e-05 1.5e-05
140000 0 0 3e-05 3e-05 0 1.5e-05 3e-05 1.5e-05 1.5e-05
141000 0 0 3e-05 3e-05 0 1.5e-05 3e-05 1.5e-05 1.5e-05
142000 0 0 3e-05 3e-05 0 1.5e-05 3e-05 1.5e-05 1.5e-05
143000 0 0 3e-05 3e-05 0 1.5e-05 3e-05 1.5e-05 1.5e-05
144000 0 0 3e-05 3e-05 0 1.5e-05 3e-05 1.5e-05 1.5e-05
145000 0 0 3e-05 3e-05 0 1.5e-05 3e-05 1.5e-05 1.5e-05
146000 0 0 3e-05 3e-05 0 1.5e-05 3e-05 1.5e-05 1.5e-05
147000 0 0 3e-05 3e-05 0 1.5e-05 3e-05 1.5e-05 1.5e-05
148000 0 0 3e-05 3e-05 0 1.5e-05 3e-05 1.5e-05 1.5e-05
149000 0 0 3e-05 3e-05 0 1.5e-05 3e-05 1.5e-05 1.5e-05
150000 0 0 3e-05 3e-05 0 1.5e-05 3e-05 1.5e-05 1.5e-05
151000 0 0 3e-05 3e-05 0 1.5e-05 3e-05 1.5e-05 1.5e-05
152000 0 0 3e-05 3e-05 0 1.5e-05 3e-05 1.5e-05 1.5e-05
153000 0 0 3e-05 3e-05 0 1.5e-05 3e-05 1.5e-05 1.5e-05
154000 0 0 3e-05 3e-05 0 1.5e-05 3e-05 1.5e-05 1.5e-05
155000 0 0 3e-05 3e-05 0 1.5e-05 3e-05 1.5e-05 1.5e-05
156000 0 0 3e-05 3e-05 0 1.5e-05 3e-05 1.5e-05 1.5e-05
157000 0 0 3e-05 3e-05 0 1.5e-05 3e-05 1.5e-05 1.5e-05
158000 0 0 3e-05 3e-05 0 1.5e-05 3e-05 1.5e-05 1.5e-05
159000 0 0 3e-05 3e-05 0 1.5e-05 3e-05 1.5e-05 1.5e-05
160000 0 0 3e-05 3e-05 0 1.5e-05 3e-05 1.5e-05 1.5e-05
161000 0 0 3e-05 3e-05 0 1.5e-05 3e-05 1.5e-05 1.5e-05
162000 0 0 3e-05 3e-05 0 1.5e-05 3e-05 1.5e-05 1.5e-05
163000 0 0 3e-05 3e-05 0 1.5e-05 3e-05 1.5e-05 1.5e-05
164000 0 0 3e-05 3e-05 0 1.5e-05 3e-05 1.5e-05 1.5e-05
165000 0 0 3e-05 3e-05 0 1.5e-05 3e-05 1.5e-05 1.5e-05
166000 0 0 3e-05 3e-05 0 1.5e-05 3e-05 1.5e-05 1.5e-05
167000 0 0 3e-05 3e-05 0 1.5e-05 3e-05 1.5e-05 1.5e-05
168000 0 0 3e-05 3e-05 0 1.5e-05 3e-05 1.5e-05 1.5e-05
169000 0 0 3e-05 3e-05 0 1.5e-05 3e-05 1.5e-05 1.5e-05
170000 0 0 3e-05 3e-05 0 1.5e-05 3e-05 1.5e-05 1.5e-05
171000 0 0 3e-05 3e-05 0 1.5e-05 3e-05 1.5e-05 1.5e-05
172000 0 0 3e-05 3e-05 0 1.5e-05 3e-05 1.5e-05 1.5e-05
173000 0 0 3e-05 3e-05 0 1.5e-05 3e-05 1.5e-05 1.5e-05
174000 0 0 3e-05 3e-05 0 1.5e-05 3e-05 1.5e-05 1.5e-05
175000 0 0 3e-05 3e-05 0 1.5e-05 3e-05 1.5e-05 1.5e-05
176000 0 0 3e-05 3e-05 0 1.5e-05 3e-05 1.5e-05 1.5e-05
177000 0 0 3e-05 3e-05 0 1.5e-05 3e-05 1.5e-05 1.5e-05
178000 0 0 3e-05 3e-05 0 1.5e-05 3e-05 1.5e-05 1.5e-05
179000 0 0 3e-05 3e-05 0 1.5e-05 3e-05 1.5e-05 1.5e-05
180000 0 0 3e-05 3e-05 0 1.5e-05 3e-05 1.5e-05 1.5e-05
181000 0 0 3e-05 3e-05 0 1.5e-05 3e-05 1.5e-05 1.5e-05
182000 0 0 3e-05 3e-05 0 1.5e-05 3e-05 1.5e-05 1.5e-05
183000 0 0 3e-05 3e-05 0 1.5e-05 3e-05 1.5e-05 1.5e-05
184000 0 0 3e-05 3e-05 0 1.5e-05 3e-05 1.5e-05 1.5e-05
185000 0 0 3e-05 3e-05 0 1.5e-05 3e-05 1.5e-05 1.5e-05
186000 0 0 3e-05 3e-05 0 1.5e-05 3e-05 1.5e-05 1.5e-05
187000 0 0 3e-05 3e-05 0 1.5e-05 3e-05 1.5e-05 1.5e-05
188000 0 0 3e-05 3e-05 0 1.5e-05 3e-05 1.5e-05 1.5e-05
189000 0 0 3e-05 3e-05 0 1.5e-05 3e-05 1.5e-05 1.5e-05
190000 0 0 3e-05 3e-05 0 1.5e-05 3e-05 1.5e-05 1.5e-05
191000 0 0 3e-05 3e-05 0 1.5e-05 3e-05 1.5e-05 1.5e-05
192000 0 0 3e-05 3e-05 0 1.5e-05 3e-05 1.5e-05 1.5e-05
193000 0 0 3e-05 3e-05 0 1.5e-05 3e-05 1.5e-05 1.5e-05
194000 0 0 3e-05 3e-05 0 1.5e-05 3e-05 1.5e-05 1.5e-05
195000 0 0 3e-05 3e-05 0 1.5e-05 3e-05 1.5e-05 1.5e-05
196000 0 0 3e-05 3e-05 0 1.5e-05 3e-05 1.5e-05 1.5e-05
197000 0 0 3e-05 3e-05 0 1.5e-05 3e-05 1.5e-05 1.5e-05
198000 0 0 3e-05 3e-05 0 1.5e-05 3e-05 1.5e-05 1.5e-05
199000 0 0 3e-05 3e-05 0 1.5e-05 3e-05 1.5e-05 1.5e-05
200000 0 0 3e-05 3e-05 0 1.5e-05 3e-05 1.5e-05 1.5e-05
200100 0 0 3e-05 3e-05 0 1.5e-05 3e-05 1.5e-05 1.5e-05
200200 0 0 3e-05 3e-05 0 1.5e-05 3e-05 1.5e-05 1.5e-05
200300 0 0 3e-05 3e-05 0 1.5e-05 3e-05 1.5e-05 1.5e-05
200400 0 0 3e-05 3e-05 0 1.5e-05 3e-05 1.5e-05 1.5e-05
200500 0 0 3e-05 3e-05 0 1.5e-05 3e-05 1.5e-05 1.5e-05
200600 0 0 3e-05 3e-05 0 1.5e-05 3e-05 1.5e-05 1.5e-05
200700 0 0 3e-05 3e-05 0 1.5e-05 3e-05 1.5e-05 1.5e-05
200800 0 0 3e-05 3e-05 0 1.5e-05 3e-05 1.5e-05 1.5e-05
200900 0 0 3e-05 3e-05 0 1.5e-05 3e-05 1.5e-05 1.5e-05
201000 0 0 3e-05 3e-05 0 1.5e-05 3e-05 1.5e-05 1.5e-05
201100 0 0 3e-05 3e-05 0 1.5e-05 3e-05 1.5e-05 1.5e-05
201200 0 0 3e-05 3e-05 0 1.5e-05 3e-05 1.5e-05 1.5e-05
201300 0 0 3e-05 3e-05 0 1.5e-05 3e-05 1.5e-05 1.5e-05
201400 0 0 3e-05 3e-05 0 1.5e-05 3e-05 1.5e-05 1.5e-05
201500 0 0 3e-05 3e-05 0 1.5e-05 3e-05 1.5e-05 1.5e-05
201600 0 0 3e-05 3e-05 0 1.5e-05 3e-05 1.5e-05 1.5e-05
201700 0 0 3e-05 3e-05 0 1.5e-05 3e-05 1.5e-05 1.5e-05
201800 0 0 3e-05 3e-05 0 1.5e-05 3e-05 1.5e-05 1.5e-05
201900 0 0 3e-05 3e-05 0 1.5e-05 3e-05 1.5e-05 1.5e-05
202000 0 0 3e-05 3e-05 0 1.5e-05 3e-05 1.5e-05 1.5e-05
202100 0 0 3e-05 3e-05 0 1.5e-05 3e-05 1.5e-05 1.5e-05
202200 0 0 3e-05 3e-05 0 1.5e-05 3e-05 1.5e-05 1.5e-05
202300 0 0 3e-05 3e-05 0 1.5e-05 3e-05 1.5e-05 1.5e-05
202400 0 0 3e-05 3e-05 0 1.5e-05 3e-05 1.5e-05 1.5e-05
202500 0 0 3e-05 3e-05 0 1.5e-05 3e-05 1.5e-05 1.5e-05
202600 0 0 3e-05 3e-05 0 1.5e-05 3e-05 1.5e-05 1.5e-05
202700 0 0 3e-05 3e-05 0 1.5e-05 3e-05 1.5e-05 1.5e-05
202800 0 0 3e-05 3e-05 0 1.5e-05 3e-05 1.5e-05 1.5e-05
202900 0 0 3e-05 3e-05 0 1.5e-05 3e-05 1.5e-05 1.5e-05
203000 0 0 3e-05 3e-05 0 1.5e-05 3e-05 1.5e-05 1.5e-05
203100 0 0 3e-05 3e-05 0 1.5e-05 3e-05 1.5e-05 1.5e-05
203200 0 0 3e-05 3e-05 0 1.5e-05 3e-05 1.5e-05 1.5e-05
203300 0 0 3e-05 3e-05 0 1.5e-05 3e-05 1.5e-05 1.5e-05
203400 0 0 3e-05 3e-05 0 1.5e-05 3e-05 1.5e-05 1.5e-05
203500 0 0 3e-05 3e-05 0 1.5e-05 3e-05 1.5e-05 1.5e-05
203600 0 0 3e-05 3e-05 0 1.5e-05 3e-05 1.5e-05 1.5e-05
203700 0 0 3e-05 3e-05 0 1.5e-05 3e-05 1.5e-05 1.5e-05
203800 0 0 3e-05 3e-05 0 1.5e-05 3e-05 1.5e-05 1.5e-05
203900 0 0 3e-05 3e-05 0 1.5e-05 3e-05 1.5e-05 1.5e-05
204000 0 0 3e-05 3e-05 0 1.5e-05 3e-05 1.5e-05 1.5e-05
204100 0 0 3e-05 3e-05 0 1.5e-05 3e-05 1.5e-05 1.5e-05
204200 0 0 3e-05 3e-05 0 1.5e-05 3e-05 1.5e-05 1.5e-05
204300 0 0 3e-05 3e-05 0 1.5e-05 3e-05 1.5e-05 1.5e-05
204400 0 0 3e-05 3e-05 0 1.5e-05 3e-05 1.5e-05 1.5e-05
204500 0 0 3e-05 3e-05 0 1.5e-05 3e-05 1.5e-05 1.5e-05
204600 0 0 3e-05 3e-05 0 1.5e-05 3e-05 1.5e-05 1.5e-05
204700 0 0 3e-05 3e-05 0 1.5e-05 3e-05 1.5e-05 1.5e-05
204800 0 0 3e-05 3e-05 0 1.5e-05 3e-05 1.5e-05 1.5e-05
204900 0 0 3e-05 3e-05 0 1.5e-05 3e-05 1.5e-05 1.5e-05
205000 0 0 3e-05 3e-05 0 1.5e-05 3e-05 1.5e-05 1.5e-05
205100 0 0 3e-05 3e-05 0 1.5e-05 3e-05 1.5e-05 1.5e-05
205200 0 0 3e-05 3e-05 0 1.5e-05 3e-05 1.5e-05 1.5e-05
205300 0 0 3e-05 3e-05 0 1.5e-05 3e-05 1.5e-05 1.5e-05
205400 0 0 3e-05 3e-05 0 1.5e-05 3e-05 1.5e-05 1.5e-05
205500 0 0 3e-05 3e-05 0 1.5e-05 3e-05 1.5e-05 1.5e-05
205600 0 0 3e-05 3e-05 0 1.5e-05 3e-05 1.5e-05 1.5e-05
205700 0 0 3e-05 3e-05 0 1.5e-05 3e-05 1.5e-05 1.5e-05
205800 0 0 3e-05 3e-05 0 1.5e-05 3e-05 1.5e-05 1.5e-05
205900 0 0 3e-05 3e-05 0 1.5e-05 3e-05 1.5e-05 1.5e-05
206000 0 0 3e-05 3e-05 0 1.5e-05 3e-05 1.5e-05 1.5e-05
206100 0 0 3e-05 3e-05 0 1.5e-05 3e-05 1.5e-05 1.5e-05
206200 0 0 3e-05 3e-05 0 1.5e-05 3e-05 1.5e-05 1.5e-05
206300 0 0 3e-05 3e-05 0 1.5e-05 3e-05 1.5e-05 1.5e-05
206400 0 0 3e-05 3e-05 0 1.5e-05 3e-05 1.5e-05 1.5e-05
206500 0 0 3e-05 3e-05 0 1.5e-05 3e-05 1.5e-05 1.5e-05
206600 0 0 3e-05 3e-05 0 1.5e-05 3e-05 1.5e-05 1.5e-05
206700 0 0 3e-05 3e-05 0 1.5e-05 3e-05 1.5e-05 1.5e-05
206800 0 0 3e-05 3e-05 0 1.5e-05 3e-05 1.5e-05 1.5e-05
206900 0 0 3e-05 3e-05 0 1.5e-05 3e-05 1.5e-05 1.5e-05
207000 0 0 3e-05 3e-05 0 1.5e-05 3e-05 1.5e-05 1.5e-05
207100 0 0 3e-05 3e-05 0 1.5e-05 3e-05 1.5e-05 1.5e-05
207200 0 0 3e-05 3e-05 0 1.5e-05 3e-05 1.5e-05 1.5e-05
207300 0 0 3e-05 3e-05 0 1.5e-05 3e-05 1.5e-05 1.5e-05
207400 0 0 3e-05 3e-05 0 1.5e-05 3e-05 1.5e-05 1.5e-05
207500 0 0 3e-05 3e-05 0 1.5e-05 3e-05 1.5e-05 1.5e-05
207600 0 0 3e-05 3e-05 0 1.5e-05 3e-05 1.5e-05 1.5e-05
207700 0 0 3e-05 3e-05 0 1.5e-05 3e-05 1.5e-05 1.5e-05
207800 0 0 3e-05 3e-05 0 1.5e-05 3e-05 1.5e-05 1.5e-05
207900 0 0 3e-05 3e-05 0 1.5e-05 3e-05 1.5e-05 1.5e-05
208000 0 0 3e-05 3e-05 0 1.5e-05 3e-05 1.5e-05 1.5e-05
208100 0 0 3e-05 3e-05 0 1.5e-05 3e-05 1.5e-05 1.5e-05
208200 0 0 3e-05 3e-05 0 1.5e-05 3e-05 1.5e-05 1.5e-05
208300 0 0 3e-05 3e-05 0 1.5e-05 3e-05 1.5e-05 1.5e-05
208400 0 0 3e-05 3e-05 0 1.5e-05 3e-05 1.5e-05 1.5e-05
208500 0 0 3e-05 3e-05 0 1.5e-05 3e-05 1.5e-05 1.5e-05
208600 0 0 3e-05 3e-05 0 1.5e-05 3e-05 1.5e-05 1.5e-05
208700 0 0 3e-05 3e-05 0 1.5e-05 3e-05 1.5e-05 1.5e-05
208800 0 0 3e-05 3e-05 0 1.5e-05 3e-05 1.5e-05 1.5e-05
208900 0 0 3e-05 3e-05 0 1.5e-05 3e-05 1.5e-05 1.5e-05
209000 0 0 3e-05 3e-05 0 1.5e-05 3e-05 1.5e-05 1.5e-05
209100 0 0 3e-05 3e-05 0 1.5e-05 3e-05 1.5e-05 1.5e-05
209200 0 0 3e-05 3e-05 0 1.5e-05 3e-05 1.5e-05 1.5e-05
209300 0 0 3e-05 3e-05 0 1.5e-05 3e-05 1.5e-05 1.5e-05
209400 0 0 3e-05 3e-05 0 1.5e-05 3e-05 1.5e-05 1.5e-05
209500 0 0 3e-05 3e-05 0 1.5e-05 3e-05 1.5e-05 1.5e-05
209600 0 0 3e-05 3e-05 0 1.5e-05 3e-05 1.5e-05 1.5e-05
209700 0 0 3e-05 3e-05 0 1.5e-05 3e-05 1.5e-05 1.5e-05
209800 0 0 3e-05 3e-05 0 1.5e-05 3e-05 1.5e-05 1.5e-05
209900 0 0 3e-05 3e-05 0 1.5e-05 3e-05 1.5e-05 1.5e-05
210000 0 0 3e-05 3e-05 0 1.5e-05 3e-05 1.5e-05 1.5e-05
211000 0 0 3e-05 3e-05 0 1.5e-05 3e-05 1.5e-05 1.5e-05
212000 0 0 3e-05 3e-05 0 1.5e-05 3e-05 1.5e-05 1.5e-05
213000 0 0 3e-05 3e-05 0 1.5e-05 3e-05 1.5e-05 1.5e-05
214000 0 0 3e-05 3e-05 0 1.5e-05 3e-05 1.5e-05 1.5e-05
215000 0 0 3e-05 3e-05 0 1.5e-05 3e-05 1.5e-05 1.5e-05
216000 0 0 3e-05 3e-05 0 1.5e-05 3e-05 1.5e-05 1.5e-05
217000 0 0 3e-05 3e-05 0 1.5e-05 3e-05 1.5e-05 1.5e-05
218000 0 0 3e-05 3e-05 0 1.5e-05 3e-05 1.5e-05 1.5e-05
219000 0 0 3e-05 3e-05 0 1.5e-05 3e-05 1.5e-05 1.5e-05
220000 0 0 3e-05 3e-05 0 1.5e-05 3e-05 1.5e-05 1.5e-05
221000 0 0 3e-05 3e-05 0 1.5e-05 3e-05 1.5e-05 1.5e-05
222000 0 0 3e-05 3e-05 0 1.5e-05 3e-05 1.5e-05 1.5e-05
223000 0 0 3e-05 3e-05 0 1.5e-05 3e-05 1.5e-05 1.5e-05
224000 0 0 3e-05 3e-05 0 1.5e-05 3e-05 1.5e-05 1.5e-05
225000 0 0 3e-05 3e-05 0 1.5e-05 3e-05 1.5e-05 1.5e-05
226000 0 0 3e-05 3e-05 0 1.5e-05 3e-05 1.5e-05 1.5e-05
227000 0 0 3e-05 3e-05 0 1.5e-05 3e-05 1.5e-05 1.5e-05
228000 0 0 3e-05 3e-05 0 1.5e-05 3e-05 1.5e-05 1.5e-05
229000 0 0 3e-05 3e-05 0 1.5e-05 3e-05 1.5e-05 1.5e-05
230000 0 0 3e-05 3e-05 0 1.5e-05 3e-05 1.5e-05 1.5e-05
231000 0 0 3e-05 3e-05 0 1.5e-05 3e-05 1.5e-05 1.5e-05
232000 0 0 3e-05 3e-05 0 1.5e-05 3e-05 1.5e-05 1.5e-05
233000 0 0 3e-05 3e-05 0 1.5e-05 3e-05 1.5e-05 1.5e-05
234000 0 0 3e-05 3e-05 0 1.5e-05 3e-05 1.5e-05 1.5e-05
235000 0 0 3e-05 3e-05 0 1.5e-05 3e-05 1.5e-05 1.5e-05
236000 0 0 3e-05 3e-05 0 1.5e-05 3e-05 1.5e-05 1.5e-05
237000 0 0 3e-05 3e-05 0 1.5e-05 3e-05 1.5e-05 1.5e-05
238000 0 0 3e-05 3e-05 0 1.5e-05 3e-05 1.5e-05 1.5e-05
239000 0 0 3e-05 3e-05 0 1.5e-05 3e-05 1.5e-05 1.5e-05
240000 0 0 3e-05 3e-05 0 1.5e-05 3e-05 1.5e-05 1.5e-05
241000 0 0 3e-05 3e-05 0 1.5e-05 3e-05 1.5e-05 1.5e-05
242000 0 0 3e-05 3e-05 0 1.5e-05 3e-05 1.5e-05 1.5e-05
243000 0 0 3e-05 3e-05 0 1.5e-05 3e-05 1.5e-05 1.5e-05
244000 0 0 3e-05 3e-05 0 1.5e-05 3e-05 1.5e-05 1.5e-05
245000 0 0 3e-05 3e-05 0 1.5e-05 3e-05 1.5e-05 1.5e-05
246000 0 0 3e-05 3e-05 0 1.5e-05 3e-05 1.5e-05 1.5e-05
247000 0 0 3e-05 3e-05 0 1.5e-05 3e-05 1.5e-05 1.5e-05
248000 0 0 3e-05 3e-05 0 1.5e-05 3e-05 1.5e-05 1.5e-05
249000 0 0 3e-05 3e-05 0 1.5e-05 3e-05 1.5e-05 1.5e-05
250000 0 0 3e-05 3e-05 0 1.5e-05 3e-05 1.5e-05 1.5e-05
251000 0 0 3e-05 3e-05 0 1.5e-05 3e-05 1.5e-05 1.5e-05
252000 0 0 3e-05 3e-05 0 1.5e-05 3e-05 1.5e-05 1.5e-05
253000 0 0 3e-05 3e-05 0 1.5e-05 3e-05 1.5e-05 1.5e-05
254000 0 0 3e-05 3e-05 0 1.5e-05 3e-05 1.5e-05 1.5e-05
255000 0 0 3e-05 3e-05 0 1.5e-05 3e-05 1.5e-05 1.5e-05
256000 0 0 3e-05 3e-05 0 1.5e-05 3e-05 1.5e-05 1.5e-05
257000 0 0 3e-05 3e-05 0 1.5e-05 3e-05 1.5e-05 1.5e-05
258000 0 0 3e-05 3e-05 0 1.5e-05 3e-05 1.5e-05 1.5e-05
259000 0 0 3e-05 3e-05 0 1.5e-05 3e-05 1.5e-05 1.5e-05
260000 0 0 3e-05 3e-05 0 1.5e-05 3e-05 1.5e-05 1.5e-05
261000 0 0 3e-05 3e-05 0 1.5e-05 3e-05 1.5e-05 1.5e-05
262000 0 0 3e-05 3e-05 0 1.5e-05 3e-05 1.5e-05 1.5e-05
263000 0 0 3e-05 3e-05 0 1.5e-05 3e-05 1.5e-05 1.5e-05
264000 0 0 3e-05 3e-05 0 1.5e-05 3e-05 1.5e-05 1.5e-05
265000 0 0 3e-05 3e-05 0 1.5e-05 3e-05 1.5e-05 1.5e-05
266000 0 0 3e-05 3e-05 0 1.5e-05 3e-05 1.5e-05 1.5e-05
267000 0 0 3e-05 3e-05 0 1.5e-05 3e-05 1.5e-05 1.5e-05
268000 0 0 3e-05 3e-05 0 1.5e-05 3e-05 1.5e-05 1.5e-05
269000 0 0 3e-05 3e-05 0 1.5e-05 3e-05 1.5e-05 1.5e-05
270000 0 0 3e-05 3e-05 0 1.5e-05 3e-05 1.5e-05 1.5e-05
271000 0 0 3e-05 3e-05 0 1.5e-05 3e-05 1.5e-05 1.5e-05
272000 0 0 3e-05 3e-05 0 1.5e-05 3e-05 1.5e-05 1.5e-05
273000 0 0 3e-05 3e-05 0 1.5e-05 3e-05 1.5e-05 1.5e-05
274000 0 0 3e-05 3e-05 0 1.5e-05 3e-05 1.5e-05 1.5e-05
275000 0 0 3e-05 3e-05 0 1.5e-05 3e-05 1.5e-05 1.5e-05
276000 0 0 3e-05 3e-05 0 1.5e-05 3e-05 1.5e-05 1.5e-05
277000 0 0 3e-05 3e-05 0 1.5e-05 3e-05 1.5e-05 1.5e-05
278000 0 0 3e-05 3e-05 0 1.5e-05 3e-05 1.5e-05 1.5e-05
279000 0 0 3e-05 3e-05 0 1.5e-05 3e-05 1.5e-05 1.5e-05
280000 0 0 3e-05 3e-05 0 1.5e-05 3e-05 1.5e-05 1.5e-05
281000 0 0 3e-05 3e-05 0 1.5e-05 3e-05 1.5e-05 1.5e-05
282000 0 0 3e-05 3e-05 0 1.5e-05 3e-05 1.5e-05 1.5e-05
283000 0 0 3e-05 3e-05 0 1.5e-05 3e-05 1.5e-05 1.5e-05
284000 0 0 3e-05 3e-05 0 1.5e-05 3e-05 1.5e-05 1.5e-05
285000 0 0 3e-05 3e-05 0 1.5e-05 3e-05 1.5e-05 1.5e-05
286000 0 0 3e-05 3e-05 0 1.5e-05 3e-05 1.5e-05 1.5e-05
287000 0 0 3e-05 3e-05 0 1.5e-05 3e-05 1.5e-05 1.5e-05
288000 0 0 3e-05 3e-05 0 1.5e-05 3e-05 1.5e-05 1.5e-05
289000 0 0 3e-05 3e-05 0 1.5e-05 3e-05 1.5e-05 1.5e-05
290000 0 0 3e-05 3e-05 0 1.5e-05 3e-05 1.5e-05 1.5e-05
291000 0 0 3e-05 3e-05 0 1.5e-05 3e-05 1.5e-05 1.5e-05
292000 0 0 3e-05 3e-05 0 1.5e-05 3e-05 1.5e-05 1.5e-05
293000 0 0 3e-05 3e-05 0 1.5e-05 3e-05 1.5e-05 1.5e-05
294000 0 0 3e-05 3e-05 0 1.5e-05 3e-05 1.5e-05 1.5e-05
295000 0 0 3e-05 3e-05 0 1.5e-05 3e-05 1.5e-05 1.5e-05
296000 0 0 3e-05 3e-05 0 1.5e-05 3e-05 1.5e-05 1.5e-05
297000 0 0 3e-05 3e-05 0 1.5e-05 3e-05 1.5e-05 1.5e-05
298000 0 0 3e-05 3e-05 0 1.5e-05 3e-05 1.5e-05 1.5e-05
299000 0 0 3e-05 3e-05 0 1.5e-05 3e-05 1.5e-05 1.5e-05
300000 0 0 3e-05 3e-05 0 1.5e-05 3e-05 1.5e-05 1.5e-05
301000 0 0 3e-05 3e-05 0 1.5e-05 3e-05 1.5e-05 1.5e-05
302000 0 0 3e-05 3e-05 0 1.5e-05 3e-05 1.5e-05 1.5e-05
303000 0 0 3e-05 3e-05 0 1.5e-05 3e-05 1.5e-05 1.5e-05
304000 0 0 3e-05 3e-05 0 1.5e-05 3e-05 1.5e-05 1.5e-05
305000 0 0 3e-05 3e-05 0 1.5e-05 3e-05 1.5e-05 1.5e-05
306000 0 0 3e-05 3e-05 0 1.5e-05 3e-05 1.5e-05 1.5e-05
307000 0 0 3e-05 3e-05 0 1.5e-05 3e-05 1.5e-05 1.5e-05
308000 0 0 3e-05 3e-05 0 1.5e-05 3e-05 1.5e-05 1.5e-05
309000 0 0 3e-05 3e-05 0 1.5e-05 3e-05 1.5e-05 1.5e-05
310000 0 0 3e-05 3e-05 0 1.5e-05 3e-05 1.5e-05 1.5e-05
311000 0 0 3e-05 3e-05 0 1.5e-05 3e-05 1.5e-05 1.5e-05
312000 0 0 3e-05 3e-05 0 1.5e-05 3e-05 1.5e-05 1.5e-05
313000 0 0 3e-05 3e-05 0 1.5e-05 3e-05 1.5e-05 1.5e-05
314000 0 0 3e-05 3e-05 0 1.5e-05 3e-05 1.5e-05 1.5e-05
315000 0 0 3e-05 3e-05 0 1.5e-05 3e-05 1.5e-05 1.5e-05
316000 0 0 3e-05 3e-05 0 1.5e-05 3e-05 1.5e-05 1.5e-05
317000 0 0 3e-05 3e-05 0 1.5e-05 3e-05 1.5e-05 1.5e-05
318000 0 0 3e-05 3e-05 0 1.5e-05 3e-05 1.5e-05 1.5e-05
319000 0 0 3e-05 3e-05 0 1.5e-05 3e-05 1.5e-05 1.5e-05
320000 0 0 3e-05 3e-05 0 1.5e-05 3e-05 1.5e-05 1.5e-05
321000 0 0 3e-05 3e-05 0 1.5e-05 3e-05 1.5e-05 1.5e-05
322000 0 0 3e-05 3e-05 0 1.5e-05 3e-05 1.5e-05 1.5e-05
323000 0 0 3e-05 3e-05 0 1.5e-05 3e-05 1.5e-05 1.5e-05
324000 0 0 3e-05 3e-05 0 1.5e-05 3e-05 1.5e-05 1.5e-05
325000 0 0 3e-05 3e-05 0 1.5e-05 3e-05 1.5e-05 1.5e-05
326000 0 0 3e-05 3e-05 0 1.5e-05 3e-05 1.5e-05 1.5e-05
327000 0 0 3e-05 3e-05 0 1.5e-05 3e-05 1.5e-05 1.5e-05
328000 0 0 3e-05 3e-05 0 1.5e-05 3e-05 1.5e-05 1.5e-05
329000 0 0 3e-05 3e-05 0 1.5e-05 3e-05 1.5e-05 1.5e-05
330000 0 0 3e-05 3e-05 0 1.5e-05 3e-05 1.5e-05 1.5e-05
331000 0 0 3e-05 3e-05 0 1.5e-05 3e-05 1.5e-05 1.5e-05
332000 0 0 3e-05 3e-05 0 1.5e-05 3e-05 1.5e-05 1.5e-05
333000 0 0 3e-05 3e-05 0 1.5e-05 3e-05 1.5e-05 1.5e-05
334000 0 0 3e-05 3e-05 0 1.5e-05 3e-05 1.5e-05 1.5e-05
335000 0 0 3e-05 3e-05 0 1.5e-05 3e-05 1.5e-05 1.5e-05
336000 0 0 3e-05 3e-05 0 1.5e-05 3e-05 1.5e-05 1.5e-05
337000 0 0 3e-05 3e-05 0 1.5e-05 3e-05 1.5e-05 1.5e-05
338000 0 0 3e-05 3e-05 0 1.5e-05 3e-05 1.5e-05 1.5e-05
339000 0 0 3e-05 3e-05 0 1.5e-05 3e-05 1.5e-05 1.5e-05
340000 0 0 3e-05 3e-05 0 1.5e-05 3e-05 1.5e-05 1.5e-05
341000 0 0 3e-05 3e-05 0 1.5e-05 3e-05 1.5e-05 1.5e-05
342000 0 0 3e-05 3e-05 0 1.5e-05 3e-05 1.5e-05 1.5e-05
343000 0 0 3e-05 3e-05 0 1.5e-05 3e-05 1.5e-05 1.5e-05
344000 0 0 3e-05 3e-05 0 1.5e-05 3e-05 1.5e-05 1.5e-05
345000 0 0 3e-05 3e-05 0 1.5e-05 3e-05 1.5e-05 1.5e-05
346000 0 0 3e-05 3e-05 0 1.5e-05 3e-05 1.5e-05 1.5e-05
347000 0 0 3e-05 3e-05 0 1.5e-05 3e-05 1.5e-05 1.5e-05
348000 0 0 3e-05 3e-05 0 1.5e-05 3e-05 1.5e-05 1.5e-05
349000 0 0 3e-05 3e-05 0 1.5e-05 3e-05 1.5e-05 1.5e-05
350000 0 0 3e-05 3e-05 0 1.5e-05 3e-05 1.5e-05 1.5e-05
351000 0 0 3e-05 3e-05 0 1.5e-05 3e-05 1.5e-05 1.5e-05
352000 0 0 3e-05 3e-05 0 1.5e-05 3e-05 1.5e-05 1.5e-05
353000 0 0 3e-05 3e-05 0 1.5e-05 3e-05 1.5e-05 1.5e-05
354000 0 0 3e-05 3e-05 0 1.5e-05 3e-05 1.5e-05 1.5e-05
355000 0 0 3e-05 3e-05 0 1.5e-05 3e-05 1.5e-05 1.5e-05
356000 0 0 3e-05 3e-05 0 1.5e-05 3e-05 1.5e-05 1.5e-05
357000 0 0 3e-05 3e-05 0 1.5e-05 3e-05 1.5e-05 1.5e-05
358000 0 0 3e-05 3e-05 0 1.5e-05 3e-05 1.5e-05 1.5e-05
359000 0 0 3e-05 3e-05 0 1.5e-05 3e-05 1.5e-05 1.5e-05
360000 0 0 3e-05 3e-05 0 1.5e-05 3e-05 1.5e-05 1.5e-05
361000 0 0 3e-05 3e-05 0 1.5e-05 3e-05 1.5e-05 1.5e-05
362000 0 0 3e-05 3e-05 0 1.5e-05 3e-05 1.5e-05 1.5e-05
363000 0 0 3e-05 3e-05 0 1.5e-05 3e-05 1.5e-05 1.5e-05
364000 0 0 3e-05 3e-05 0 1.5e-05 3e-05 1.5e-05 1.5e-05
365000 0 0 3e-05 3e-05 0 1.5e-05 3e-05 1.5e-05 1.5e-05
366000 0 0 3e-05 3e-05 0 1.5e-05 3e-05 1.5e-05 1.5e-05
367000 0 0 3e-05 3e-05 0 1.5e-05 3e-05 1.5e-05 1.5e-05
368000 0 0 3e-05 3e-05 0 1.5e-05 3e-05 1.5e-05 1.5e-05
369000 0 0 3e-05 3e-05 0 1.5e-05 3e-05 1.5e-05 1.5e-05
370000 0 0 3e-05 3e-05 0 1.5e-05 3e-05 1.5e-05 1.5e-05
371000 0 0 3e-05 3e-05 0 1.5e-05 3e-05 1.5e-05 1.5e-05
372000 0 0 3e-05 3e-05 0 1.5e-05 3e-05 1.5e-05 1.5e-05
373000 0 0 3e-05 3e-05 0 1.5e-05 3e-05 1.5e-05 1.5e-05
374000 0 0 3e-05 3e-05 0 1.5e-05 3e-05 1.5e-05 1.5e-05
375000 0 0 3e-05 3e-05 0 1.5e-05 3e-05 1.5e-05 1.5e-05
376000 0 0 3e-05 3e-05 0 1.5e-05 3e-05 1.5e-05 1.5e-05
377000 0 0 3e-05 3e-05 0 1.5e-05 3e-05 1.5e-05 1.5e-05
378000 0 0 3e-05 3e-05 0 1.5e-05 3e-05 1.5e-05 1.5e-05
379000 0 0 3e-05 3e-05 0 1.5e-05 3e-05 1.5e-05 1.5e-05
380000 0 0 3e-05 3e-05 0 1.5e-05 3e-05 1.5e-05 1.5e-05
381000 0 0 3e-05 3e-05 0 1.5e-05 3e-05 1.5e-05 1.5e-05
382000 0 0 3e-05 3e-05 0 1.5e-05 3e-05 1.5e-05 1.5e-05
383000 0 0 3e-05 3e-05 0 1.5e-05 3e-05 1.5e-05 1.5e-05
384000 0 0 3e-05 3e-05 0 1.5e-05 3e-05 1.5e-05 1.5e-05
385000 0 0 3e-05 3e-05 0 1.5e-05 3e-05 1.5e-05 1.5e-05
386000 0 0 3e-05 3e-05 0 1.5e-05 3e-05 1.5e-05 1.5e-05
387000 0 0 3e-05 3e-05 0 1.5e-05 3e-05 1.5e-05 1.5e-05
388000 0 0 3e-05 3e-05 0 1.5e-05 3e-05 1.5e-05 1.5e-05
389000 0 0 3e-05 3e-05 0 1.5e-05 3e-05 1.5e-05 1.5e-05
390000 0 0 3e-05 3e-05 0 1.5e-05 3e-05 1.5e-05 1.5e-05
391000 0 0 3e-05 3e-05 0 1.5e-05 3e-05 1.5e-05 1.5e-05
392000 0 0 3e-05 3e-05 0 1.5e-05 3e-05 1.5e-05 1.5e-05
393000 0 0 3e-05 3e-05 0 1.5e-05 3e-05 1.5e-05 1.5e-05
394000 0 0 3e-05 3e-05 0 1.5e-05 3e-05 1.5e-05 1.5e-05
395000 0 0 3e-05 3e-05 0 1.5e-05 3e-05 1.5e-05 1.5e-05
396000 0 0 3e-05 3e-05 0 1.5e-05 3e-05 1.5e-05 1.5e-05
397000 0 0 3e-05 3e-05 0 1.5e-05 3e-05 1.5e-05 1.5e-05
398000 0 0 3e-05 3e-05 0 1.5e-05 3e-05 1.5e-05 1.5e-05
399000 0 0 3e-05 3e-05 0 1.5e-05 3e-05 1.5e-05 1.5e-05
400000 0 0 3e-05 3e-05 0 1.5e-05 3e-05 1.5e-05 1.5e-05
401000 0 0 3e-05 3e-05 0 1.5e-05 3e-05 1.5e-05 1.5e-05
402000 0 0 3e-05 3e-05 0 1.5e-05 3e-05 1.5e-05 1.5e-05
403000 0 0 3e-05 3e-05 0 1.5e-05 3e-05 1.5e-05 1.5e-05
404000 0 0 3e-05 3e-05 0 1.5e-05 3e-05 1.5e-05 1.5e-05
405000 0 0 3e-05 3e-05 0 1.5e-05 3e-05 1.5e-05 1.5e-05
406000 0 0 3e-05 3e-05 0 1.5e-05 3e-05 1.5e-05 1.5e-05
407000 0 0 3e-05 3e-05 0 1.5e-05 3e-05 1.5e-05 1.5e-05
408000 0 0 3e-05 3e-05 0 1.5e-05 3e-05 1.5e-05 1.5e-05
409000 0 0 3e-05 3e-05 0 1.5e-05 3e-05 1.5e-05 1.5e-05
410000 0 0 3e-05 3e-05 0 1.5e-05 3e-05 1.5e-05 1.5e-05
0.005 -2.70422e-12 9.09913e-12 1.5e-05 1.5e-05 1.27898e-11 7.51142e-06 1.5e-05 7.5114e-06 7.51141e-06
0.01 -9.32915e-13 1.11662e-11 3e-05 3e-05 2.04666e-11 1.49788e-05 3e-05 1.49787e-05 1.49787e-05
0.015 -1.45524e-12 1.35969e-11 4.5e-05 4.5e-05 2.42831e-11 2.24965e-05 4.5e-05 2.24965e-05 2.24965e-05
0.02 -2.25017e-12 1.57723e-11 6e-05 6e-05 2.70442e-11 2.9999e-05 6e-05 2.99989e-05 2.9999e-05
0.025 -3.0896e-12 1.75664e-11 7.5e-05 7.5e-05 2.89536e-11 3.74965e-05 7.5e-05 3.74965e-05 3.74965e-05
0.03 -3.88306e-12 1.90139e-11 9e-05 9e-05 3.02616e-11 4.49945e-05 9e-05 4.49945e-05 4.49945e-05
0.035 -4.58617e-12 2.01671e-11 0.000105 0.000105 3.11617e-11 5.24917e-05 0.000105 5.24916e-05 5.24916e-05
0.04 -5.18543e-12 2.10814e-11 0.00012 0.00012 3.17918e-11 5.99882e-05 0.00012 5.99881e-05 5.99881e-05
0.045 -5.68334e-12 2.18059e-11 0.000135 0.000135 3.22451e-11 6.74833e-05 0.000135 6.74832e-05 6.74832e-05
0.05 -6.08881e-12 2.23808e-11 0.00015 0.00015 3.25839e-11 7.49781e-05 0.00015 7.49781e-05 7.49781e-05
0.055 -6.4151e-12 2.28392e-11 0.000165 0.000165 3.28481e-11 8.24715e-05 0.000165 8.24714e-05 8.24715e-05
0.06 -6.67684e-12 2.3209e-11 0.00018 0.00018 3.30641e-11 8.99939e-05 0.00018 8.99939e-05 8.99939e-05
0.065 -6.88251e-12 2.3507e-11 0.000195 0.000195 3.32488e-11 9.75249e-05 0.000195 9.75249e-05 9.75249e-05
0.07 -7.04214e-12 2.37487e-11 0.00021 0.00021 3.34129e-11 0.00010506 0.00021 0.00010506 0.00010506
0.075 -7.16084e-12 2.39425e-11 0.000225 0.000225 3.35632e-11 0.00011252 0.000225 0.00011252 0.00011252
0.08 -7.25029e-12 2.41029e-11 0.00024 0.00024 3.37052e-11 0.000119957 0.00024 0.000119957 0.000119957
0.085 -7.31285e-12 2.42338e-11 0.000255 0.000255 3.38418e-11 0.00012726 0.000255 0.00012726 0.00012726
0.09 -7.36453e-12 2.43512e-11 0.00027 0.00027 3.39733e-11 0.000134837 0.00027 0.000134837 0.000134837
0.095 -7.3946e-12 2.44466e-11 0.000285 0.000285 3.41039e-11 0.000142179 0.000285 0.000142178 0.000142178
0.1 -7.41788e-12 2.45336e-11 0.0003 0.0003 3.42312e-11 0.000149783 0.0003 0.000149783 0.000149783
0.105 -7.42679e-12 2.46065e-11 0.000315 0.000315 3.43593e-11 0.000157142 0.000315 0.000157142 0.000157142
0.11 -7.42884e-12 2.46717e-11 0.00033 0.00033 3.44856e-11 0.000164495 0.00033 0.000164495 0.000164495
0.115 -7.42486e-12 2.47309e-11 0.000345 0.000345 3.4612e-11 0.000171871 0.000345 0.000171871 0.000171871
0.12 -7.41603e-12 2.47853e-11 0.00036 0.00036 3.47384e-11 0.00017927 0.00036 0.00017927 0.00017927
0.125 -7.40323e-12 2.48358e-11 0.000375 0.000375 3.4865e-11 0.000186689 0.000375 0.000186689 0.000186689
0.13 -7.3872e-12 2.48832e-11 0.00039 0.00039 3.49918e-11 0.000194126 0.00039 0.000194126 0.000194126
0.135 -7.36853e-12 2.49281e-11 0.000405 0.000405 3.51189e-11 0.000201579 0.000405 0.000201579 0.000201579
0.14 -7.34763e-12 2.49709e-11 0.00042 0.00042 3.52464e-11 0.000209042 0.00042 0.000209042 0.000209042
0.145 -7.32616e-12 2.5013e-11 0.000435 0.000435 3.53735e-11 0.000216941 0.000435 0.000216941 0.000216941
0.15 -7.30219e-12 2.50538e-11 0.00045 0.00045 3.55031e-11 0.000224684 0.00045 0.000224684 0.000224684
0.155 -7.2777e-12 2.50935e-11 0.000465 0.000465 3.56315e-11 0.000232641 0.000465 0.000232641 0.000232641
0.16 -7.25131e-12 2.51323e-11 0.00048 0.00048 3.57618e-11 0.000240306 0.00048 0.000240306 0.000240306
0.165 -7.22433e-12 2.51701e-11 0.000495 0.000495 3.58914e-11 0.00024792 0.000495 0.00024792 0.00024792
0.17 -7.19603e-12 2.52073e-11 0.00051 0.00051 3.60225e-11 0.000255193 0.00051 0.000255193 0.000255193
0.175 -7.16793e-12 2.52443e-11 0.000525 0.000525 3.61526e-11 0.000262785 0.000525 0.000262785 0.000262785
0.18 -7.13897e-12 2.52815e-11 0.00054 0.00054 3.62849e-11 0.000270405 0.00054 0.000270405 0.000270405
0.185 -7.10971e-12 2.53185e-11 0.000555 0.000555 3.64173e-11 0.000278016 0.000555 0.000278016 0.000278016
0.19 -7.08011e-12 2.53554e-11 0.00057 0.00057 3.65503e-11 0.000285615 0.00057 0.000285615 0.000285615
0.195 -7.05018e-12 2.53922e-11 0.000585 0.000585 3.6684e-11 0.000293203 0.000585 0.000293202 0.000293202
0.2 -7.01967e-12 2.5429e-11 0.0006 0.0006 3.68186e-11 0.000300531 0.0006 0.000300531 0.000300531
0.205 -6.98899e-12 2.54656e-11 0.000615 0.000615 3.69531e-11 0.000307765 0.000615 0.000307765 0.000307765
0.21 -6.95844e-12 2.55025e-11 0.00063 0.00063 3.70879e-11 0.000315369 0.00063 0.000315369 0.000315369
0.215 -6.92713e-12 2.55397e-11 0.000645 0.000645 3.72249e-11 0.00032276 0.000645 0.00032276 0.00032276
0.22 -6.8962e-12 2.55768e-11 0.00066 0.00066 3.7361e-11 0.00033039 0.00066 0.00033039 0.00033039
0.225 -6.86458e-12 2.56142e-11 0.000675 0.000675 3.74991e-11 0.00033779 0.000675 0.00033779 0.00033779
0.23 -6.83304e-12 2.56515e-11 0.00069 0.00069 3.76368e-11 0.000345183 0.00069 0.000345183 0.000345183
0.235 -6.8015e-12 2.56891e-11 0.000705 0.000705 3.7775e-11 0.000352832 0.000705 0.000352832 0.000352832
0.24 -6.76938e-12 2.5727e-11 0.00072 0.00072 3.79152e-11 0.000360257 0.00072 0.000360257 0.000360257
0.245 -6.73735e-12 2.57648e-11 0.000735 0.000735 3.80548e-11 0.000367671 0.000735 0.000367671 0.000367671
0.25 -6.70507e-12 2.58028e-11 0.00075 0.00075 3.81954e-11 0.000375101 0.00075 0.000375101 0.000375101
0.255 -6.67262e-12 2.58411e-11 0.000765 0.000765 3.83367e-11 0.000382547 0.000765 0.000382546 0.000382546
0.26 -6.64004e-12 2.58795e-11 0.00078 0.00078 3.84787e-11 0.000390005 0.00078 0.000390005 0.000390005
0.265 -6.60731e-12 2.5918e-11 0.000795 0.000795 3.86213e-11 0.000397474 0.000795 0.000397474 0.000397474
0.27 -6.57444e-12 2.59568e-11 0.00081 0.00081 3.87646e-11 0.000404952 0.00081 0.000404952 0.000404952
0.275 -6.54142e-12 2.59958e-11 0.000825 0.000825 3.89086e-11 0.000412439 0.000825 0.000412439 0.000412439
0.28 -6.50814e-12 2.60353e-11 0.00084 0.00084 3.9054e-11 0.00041993 0.00084 0.00041993 0.00041993
0.285 -6.47496e-12 2.60743e-11 0.000855 0.000855 3.91984e-11 0.000427447 0.000855 0.000427447 0.000427447
0.29 -6.4415e-12 2.61139e-11 0.00087 0.00087 3.93446e-11 0.000434951 0.00087 0.00043495 0.000434951
0.295 -6.4078e-12 2.61535e-11 0.000885 0.000885 3.94912e-11 0.000442346 0.000885 0.000442346 0.000442346
0.3 -6.37409e-12 2.61934e-11 0.0009 0.0009 3.96384e-11 0.000449863 0.0009 0.000449863 0.000449863
0.305 -6.34014e-12 2.62336e-11 0.000915 0.000915 3.97867e-11 0.000457389 0.000915 0.000457389 0.000457389
0.31 -6.306e-12 2.62738e-11 0.00093 0.00093 3.99353e-11 0.000464822 0.00093 0.000464822 0.000464822
0.315 -6.27184e-12 2.63143e-11 0.000945 0.000945 4.00847e-11 0.000472353 0.000945 0.000472353 0.000472353
0.32 -6.23745e-12 2.63551e-11 0.00096 0.00096 4.02351e-11 0.000479893 0.00096 0.000479893 0.000479893
0.325 -6.20287e-12 2.63959e-11 0.000975 0.000975 4.03858e-11 0.000487347 0.000975 0.000487347 0.000487347
0.33 -6.16798e-12 2.6437e-11 0.00099 0.00099 4.05378e-11 0.000494682 0.00099 0.000494682 0.000494682
0.335 -6.1333e-12 2.64781e-11 0.001005 0.001005 4.06895e-11 0.000502226 0.001005 0.000502226 0.000502226
0.34 -6.09833e-12 2.65197e-11 0.00102 0.00102 4.08425e-11 0.000509842 0.00102 0.000509841 0.000509841
0.345 -6.06317e-12 2.65616e-11 0.001035 0.001035 4.09966e-11 0.000517405 0.001035 0.000517405 0.000517405
0.35 -6.02793e-12 2.66035e-11 0.00105 0.00105 4.11509e-11 0.000524962 0.00105 0.000524962 0.000524962
0.355 -5.99248e-12 2.66456e-11 0.001065 0.001065 4.13061e-11 0.000532481 0.001065 0.000532481 0.000532481
0.36 -5.95687e-12 2.66879e-11 0.00108 0.00108 4.14619e-11 0.000539979 0.00108 0.000539979 0.000539979
0.365 -5.92116e-12 2.67305e-11 0.001095 0.001095 4.16184e-11 0.000547525 0.001095 0.000547525 0.000547525
0.37 -5.88518e-12 2.67732e-11 0.00111 0.00111 4.17758e-11 0.000555016 0.00111 0.000555016 0.000555016
0.375 -5.84916e-12 2.68161e-11 0.001125 0.001125 4.19337e-11 0.000562562 0.001125 0.000562562 0.000562562
0.38 -5.81292e-12 2.68593e-11 0.00114 0.00114 4.20926e-11 0.000570109 0.00114 0.000570109 0.000570109
0.385 -5.77654e-12 2.69027e-11 0.001155 0.001155 4.22521e-11 0.000577652 0.001155 0.000577652 0.000577652
0.39 -5.74001e-12 2.69463e-11 0.00117 0.00117 4.24124e-11 0.000585191 0.00117 0.000585191 0.000585191
0.395 -5.70331e-12 2.69901e-11 0.001185 0.001185 4.25733e-11 0.000592727 0.001185 0.000592727 0.000592727
0.4 -5.66644e-12 2.70341e-11 0.0012 0.0012 4.27351e-11 0.000600259 0.0012 0.000600259 0.000600259
0.405 -5.62941e-12 2.70783e-11 0.001215 0.001215 4.28976e-11 0.000607789 0.001215 0.000607789 0.000607789
0.41 -5.59221e-12 2.71227e-11 0.00123 0.00123 4.30608e-11 0.000615316 0.00123 0.000615316 0.000615316
0.415 -5.55484e-12 2.71673e-11 0.001245 0.001245 4.32248e-11 0.000622841 0.001245 0.000622841 0.000622841
0.42 -5.51731e-12 2.72122e-11 0.00126 0.00126 4.33895e-11 0.000630365 0.00126 0.000630365 0.000630365
0.425 -5.47961e-12 2.72572e-11 0.001275 0.001275 4.3555e-11 0.000637887 0.001275 0.000637887 0.000637887
0.43 -5.4415e-12 2.73024e-11 0.00129 0.00129 4.37216e-11 0.00064524 0.00129 0.00064524 0.00064524
0.435 -5.40336e-12 2.73476e-11 0.001305 0.001305 4.38883e-11 0.000652601 0.001305 0.000652601 0.000652601
0.44 -5.36521e-12 2.73932e-11 0.00132 0.00132 4.40558e-11 0.000660153 0.00132 0.000660153 0.000660153
0.445 -5.32653e-12 2.74391e-11 0.001335 0.001335 4.4225e-11 0.000667553 0.001335 0.000667553 0.000667553
0.45 -5.2879e-12 2.7485e-11 0.00135 0.00135 4.43941e-11 0.000674957 0.00135 0.000674957 0.000674957
0.455 -5.24928e-12 2.75313e-11 0.001365 0.001365 4.45639e-11 0.00068254 0.001365 0.00068254 0.00068254
0.46 -5.21014e-12 2.7578e-11 0.00138 0.00138 4.47354e-11 0.000689971 0.00138 0.000689971 0.000689971
0.465 -5.17103e-12 2.76246e-11 0.001395 0.001395 4.49069e-11 0.0006974 0.001395 0.0006974 0.0006974
0.47 -5.13192e-12 2.76716e-11 0.00141 0.00141 4.50791e-11 0.000704999 0.00141 0.000704999 0.000704999
0.475 -5.0923e-12 2.77189e-11 0.001425 0.001425 4.52529e-11 0.000712448 0.001425 0.000712447 0.000712447
0.48 -5.0527e-12 2.77662e-11 0.00144 0.00144 4.54267e-11 0.000719893 0.00144 0.000719893 0.000719893
0.485 -5.01298e-12 2.78136e-11 0.001455 0.001455 4.56011e-11 0.000727429 0.001455 0.000727429 0.000727429
0.49 -4.97292e-12 2.78617e-11 0.00147 0.00147 4.57774e-11 0.000734892 0.00147 0.000734892 0.000734892
0.495 -4.9328e-12 2.79098e-11 0.001485 0.001485 4.59538e-11 0.000742356 0.001485 0.000742356 0.000742356
0.5 -4.89257e-12 2.7958e-11 0.0015 0.0015 4.61306e-11 0.000749909 0.0015 0.000749909 0.000749909
0.505 -4.85201e-12 2.80068e-11 0.001515 0.001515 4.63093e-11 0.000757386 0.001515 0.000757386 0.000757386
0.51 -4.81139e-12 2.80556e-11 0.00153 0.00153 4.64881e-11 0.000764862 0.00153 0.000764862 0.000764862
0.515 -4.77067e-12 2.81045e-11 0.001545 0.001545 4.66675e-11 0.000772435 0.001545 0.000772435 0.000772435
0.52 -4.7296e-12 2.8154e-11 0.00156 0.00156 4.68486e-11 0.000779919 0.00156 0.000779919 0.000779919
0.525 -4.68826e-12 2.82034e-11 0.001575 0.001575 4.703e-11 0.000787276 0.001575 0.000787276 0.000787276
0.53 -4.6468e-12 2.82529e-11 0.00159 0.00159 4.7212e-11 0.000794649 0.00159 0.000794648 0.000794648
0.535 -4.60497e-12 2.83033e-11 0.001605 0.001605 4.73964e-11 0.000802252 0.001605 0.000802251 0.000802251
0.54 -4.5638e-12 2.83533e-11 0.00162 0.00162 4.75789e-11 0.0008099 0.00162 0.0008099 0.0008099
0.545 -4.52206e-12 2.8404e-11 0.001635 0.001635 4.77637e-11 0.000817528 0.001635 0.000817528 0.000817528
0.55 -4.48016e-12 2.84549e-11 0.00165 0.00165 4.79493e-11 0.000825134 0.00165 0.000825134 0.000825134
0.555 -4.43807e-12 2.8506e-11 0.001665 0.001665 4.81357e-11 0.00083272 0.001665 0.00083272 0.00083272
0.56 -4.39579e-12 2.85574e-11 0.00168 0.00168 4.83229e-11 0.00084029 0.00168 0.00084029 0.00084029
0.565 -4.35332e-12 2.86089e-11 0.001695 0.001695 4.8511e-11 0.000847848 0.001695 0.000847848 0.000847848
0.57 -4.31056e-12 2.86606e-11 0.00171 0.00171 4.86999e-11 0.000855302 0.00171 0.000855302 0.000855302
0.575 -4.26742e-12 2.87125e-11 0.001725 0.001725 4.88899e-11 0.000862592 0.001725 0.000862592 0.000862592
0.58 -4.22424e-12 2.87644e-11 0.00174 0.00174 4.90801e-11 0.000870052 0.00174 0.000870052 0.000870052
0.585 -4.18079e-12 2.88169e-11 0.001755 0.001755 4.92719e-11 0.000877539 0.001755 0.000877539 0.000877539
0.59 -4.1374e-12 2.88696e-11 0.00177 0.00177 4.94642e-11 0.000885127 0.00177 0.000885127 0.000885127
0.595 -4.09363e-12 2.89227e-11 0.001785 0.001785 4.96578e-11 0.000892619 0.001785 0.000892619 0.000892619
0.6 -4.04979e-12 2.89758e-11 0.0018 0.0018 4.98518e-11 0.000900105 0.0018 0.000900105 0.000900105
0.605 -4.00586e-12 2.90293e-11 0.001815 0.001815 5.00467e-11 0.00090768 0.001815 0.00090768 0.00090768
0.61 -3.96155e-12 2.90831e-11 0.00183 0.00183 5.02429e-11 0.000915167 0.00183 0.000915167 0.000915167
0.615 -3.91715e-12 2.91371e-11 0.001845 0.001845 5.04396e-11 0.00092265 0.001845 0.00092265 0.00092265
0.62 -3.87253e-12 2.91913e-11 0.00186 0.00186 5.06373e-11 0.000930137 0.00186 0.000930136 0.000930136
0.625 -3.82772e-12 2.92458e-11 0.001875 0.001875 5.08358e-11 0.000937627 0.001875 0.000937626 0.000937627
0.63 -3.78272e-12 2.93005e-11 0.00189 0.00189 5.10353e-11 0.000945119 0.00189 0.000945119 0.000945119
0.635 -3.73742e-12 2.93555e-11 0.001905 0.001905 5.12358e-11 0.000952538 0.001905 0.000952538 0.000952538
0.64 -3.69213e-12 2.94107e-11 0.00192 0.00192 5.14368e-11 0.00096004 0.00192 0.00096004 0.00096004
0.645 -3.64656e-12 2.94663e-11 0.001935 0.001935 5.16392e-11 0.00096755 0.001935 0.00096755 0.00096755
0.65 -3.60073e-12 2.9522e-11 0.00195 0.00195 5.18424e-11 0.000974991 0.00195 0.000974991 0.000974991
0.655 -3.55488e-12 2.95781e-11 0.001965 0.001965 5.20462e-11 0.000982505 0.001965 0.000982504 0.000982504
0.66 -3.50878e-12 2.96345e-11 0.00198 0.00198 5.22512e-11 0.000990022 0.00198 0.000990022 0.000990022
0.665 -3.4624e-12 2.96911e-11 0.001995 0.001995 5.24572e-11 0.000997474 0.001995 0.000997474 0.000997474
0.67 -3.41602e-12 2.9748e-11 0.00201 0.00201 5.26637e-11 0.00100499 0.00201 0.00100499 0.00100499
0.675 -3.36927e-12 2.98052e-11 0.002025 0.002025 5.28716e-11 0.00101245 0.002025 0.00101245 0.00101245
0.68 -3.32242e-12 2.98626e-11 0.00204 0.00204 5.30801e-11 0.00101992 0.00204 0.00101992 0.00101992
0.685 -3.27536e-12 2.99203e-11 0.002055 0.002055 5.32897e-11 0.0010274 0.002055 0.0010274 0.0010274
0.69 -3.22813e-12 2.99783e-11 0.00207 0.00207 5.35002e-11 0.00103488 0.00207 0.00103488 0.00103488
0.695 -3.18073e-12 3.00367e-11 0.002085 0.002085 5.37116e-11 0.00104237 0.002085 0.00104237 0.00104237
0.7 -3.13316e-12 3.00953e-11 0.0021 0.0021 5.3924e-11 0.00104986 0.0021 0.00104986 0.00104986
0.705 -3.08542e-12 3.01542e-11 0.002115 0.002115 5.41373e-11 0.00105736 0.002115 0.00105736 0.00105736
0.71 -3.03752e-12 3.02135e-11 0.00213 0.00213 5.43516e-11 0.00106485 0.00213 0.00106485 0.00106485
0.715 -2.98947e-12 3.0273e-11 0.002145 0.002145 5.45669e-11 0.00107236 0.002145 0.00107236 0.00107236
0.72 -2.94127e-12 3.03329e-11 0.00216 0.00216 5.47831e-11 0.00107986 0.00216 0.00107986 0.00107986
0.725 -2.89295e-12 3.03932e-11 0.002175 0.002175 5.50002e-11 0.00108737 0.002175 0.00108737 0.00108737
0.73 -2.84567e-12 3.04518e-11 0.00219 0.00219 5.52119e-11 0.00109484 0.00219 0.00109484 0.00109484
0.735 -2.79751e-12 3.05095e-11 0.002205 0.002205 5.54238e-11 0.00110235 0.002205 0.00110235 0.00110235
0.74 -2.7485e-12 3.05668e-11 0.00222 0.00222 5.56363e-11 0.00110991 0.00222 0.00110991 0.00110991
0.745 -2.69868e-12 3.06235e-11 0.002235 0.002235 5.58494e-11 0.00111743 0.002235 0.00111743 0.00111743
0.75 -2.64825e-12 3.06798e-11 0.00225 0.00225 5.60629e-11 0.00112497 0.00225 0.00112497 0.00112497
0.755 -2.59721e-12 3.07358e-11 0.002265 0.002265 5.6277e-11 0.00113248 0.002265 0.00113248 0.00113248
0.76 -2.54568e-12 3.07916e-11 0.00228 0.00228 5.64915e-11 0.00113999 0.00228 0.00113999 0.00113999
0.765 -2.49369e-12 3.08471e-11 0.002295 0.002295 5.67066e-11 0.00114749 0.002295 0.00114749 0.00114749
0.77 -2.44131e-12 3.09026e-11 0.00231 0.00231 5.69222e-11 0.00115499 0.00231 0.00115499 0.00115499
0.775 -2.38864e-12 3.09579e-11 0.002325 0.002325 5.71382e-11 0.00116249 0.002325 0.00116249 0.00116249
0.78 -2.33548e-12 3.10132e-11 0.00234 0.00234 5.73552e-11 0.00116999 0.00234 0.00116999 0.00116999
0.785 -2.2821e-12 3.10685e-11 0.002355 0.002355 5.75725e-11 0.00117749 0.002355 0.00117749 0.00117749
0.79 -2.22845e-12 3.11238e-11 0.00237 0.00237 5.77903e-11 0.00118498 0.00237 0.00118498 0.00118498
0.795 -2.17455e-12 3.11791e-11 0.002385 0.002385 5.80087e-11 0.00119247 0.002385 0.00119247 0.00119247
0.8 -2.12044e-12 3.12344e-11 0.0024 0.0024 5.82276e-11 0.00119998 0.0024 0.00119998 0.00119998
0.805 -2.06608e-12 3.12898e-11 0.002415 0.002415 5.84472e-11 0.00120748 0.002415 0.00120748 0.00120748
0.81 -2.01154e-12 3.13453e-11 0.00243 0.00243 5.86672e-11 0.00121499 0.00243 0.00121499 0.00121499
0.815 -1.95679e-12 3.14009e-11 0.002445 0.002445 5.88879e-11 0.0012225 0.002445 0.0012225 0.0012225
0.82 -1.90184e-12 3.14565e-11 0.00246 0.00246 5.91091e-11 0.00122997 0.00246 0.00122997 0.00122997
0.825 -1.84674e-12 3.15123e-11 0.002475 0.002475 5.93307e-11 0.00123748 0.002475 0.00123748 0.00123748
0.83 -1.79142e-12 3.15682e-11 0.00249 0.00249 5.95532e-11 0.00124495 0.00249 0.00124495 0.00124495
0.835 -1.73597e-12 3.16241e-11 0.002505 0.002505 5.97759e-11 0.00125246 0.002505 0.00125246 0.00125246
0.84 -1.68032e-12 3.16802e-11 0.00252 0.00252 5.99994e-11 0.00125997 0.00252 0.00125997 0.00125997
0.845 -1.62452e-12 3.17364e-11 0.002535 0.002535 6.02235e-11 0.00126744 0.002535 0.00126744 0.00126744
0.85 -1.56858e-12 3.17927e-11 0.00255 0.00255 6.0448e-11 0.00127495 0.00255 0.00127495 0.00127495
0.855 -1.51245e-12 3.18492e-11 0.002565 0.002565 6.06732e-11 0.00128247 0.002565 0.00128247 0.00128247
0.86 -1.45618e-12 3.19058e-11 0.00258 0.00258 6.08989e-11 0.00128998 0.00258 0.00128998 0.00128998
0.865 -1.39977e-12 3.19626e-11 0.002595 0.002595 6.11252e-11 0.00129748 0.002595 0.00129748 0.00129748
0.87 -1.34322e-12 3.20194e-11 0.00261 0.00261 6.1352e-11 0.00130505 0.00261 0.00130505 0.00130505
0.875 -1.28647e-12 3.20765e-11 0.002625 0.002625 6.15797e-11 0.00131255 0.002625 0.00131255 0.00131255
0.88 -1.22964e-12 3.21336e-11 0.00264 0.00264 6.18076e-11 0.00132004 0.00264 0.00132004 0.00132004
0.885 -1.17263e-12 3.21909e-11 0.002655 0.002655 6.20362e-11 0.00132754 0.002655 0.00132754 0.00132754
0.89 -1.11547e-12 3.22483e-11 0.00267 0.00267 6.22654e-11 0.00133503 0.00267 0.00133503 0.00133503
0.895 -1.05817e-12 3.23058e-11 0.002685 0.002685 6.2495e-11 0.00134258 0.002685 0.00134258 0.00134258
0.9 -1.00067e-12 3.23636e-11 0.0027 0.0027 6.27256e-11 0.00135007 0.0027 0.00135007 0.00135007
0.905 -9.43106e-13 3.24214e-11 0.002715 0.002715 6.29563e-11 0.00135762 0.002715 0.00135762 0.00135762
0.91 -8.8534e-13 3.24794e-11 0.00273 0.00273 6.31878e-11 0.00136516 0.00273 0.00136516 0.00136516
0.915 -8.27444e-13 3.25376e-11 0.002745 0.002745 6.342e-11 0.00137263 0.002745 0.00137263 0.00137263
0.92 -7.69444e-13 3.25958e-11 0.00276 0.00276 6.36525e-11 0.00138016 0.00276 0.00138016 0.00138016
0.925 -7.1121e-13 3.26544e-11 0.002775 0.002775 6.3886e-11 0.00138758 0.002775 0.00138758 0.00138758
0.93 -6.52924e-13 3.27128e-11 0.00279 0.00279 6.41194e-11 0.00139512 0.00279 0.00139512 0.00139512
0.935 -5.94377e-13 3.27715e-11 0.002805 0.002805 6.4354e-11 0.00140268 0.002805 0.00140268 0.00140268
0.94 -5.35717e-13 3.28305e-11 0.00282 0.00282 6.45892e-11 0.0014101 0.00282 0.0014101 0.0014101
0.945 -4.77019e-13 3.28893e-11 0.002835 0.002835 6.48243e-11 0.00141768 0.002835 0.00141768 0.00141768
0.95 -4.18044e-13 3.29486e-11 0.00285 0.00285 6.50607e-11 0.00142525 0.00285 0.00142525 0.00142525
0.955 -3.5896e-13 3.30081e-11 0.002865 0.002865 6.52979e-11 0.00143258 0.002865 0.00143258 0.00143258
0.96 -2.99835e-13 3.30674e-11 0.00288 0.00288 6.55347e-11 0.00143991 0.00288 0.00143991 0.00143991
0.965 -2.4042e-13 3.31268e-11 0.002895 0.002895 6.57724e-11 0.00144738 0.002895 0.00144738 0.00144738
0.97 -1.80742e-13 3.31866e-11 0.00291 0.00291 6.60114e-11 0.00145491 0.00291 0.00145491 0.00145491
0.975 -1.21062e-13 3.32463e-11 0.002925 0.002925 6.62502e-11 0.00146245 0.002925 0.00146245 0.00146245
0.98 -6.12059e-14 3.33064e-11 0.00294 0.00294 6.649e-11 0.00146993 0.00294 0.00146993 0.00146993
0.985 -1.26422e-15 3.33665e-11 0.002955 0.002955 6.67301e-11 0.00147745 0.002955 0.00147745 0.00147745
0.99 5.88844e-14 3.34269e-11 0.00297 0.00297 6.69711e-11 0.00148492 0.00297 0.00148492 0.00148492
0.995 1.19132e-13 3.34873e-11 0.002985 0.002985 6.72125e-11 0.00149239 0.002985 0.00149239 0.00149239
1 1.79559e-13 3.35479e-11 0.003 0.003 6.74545e-11 0.00149986 0.003 0.00149986 0.00149986
