1000 0 -7.82026e-05 -7.82026e-05 0 0 -7.82026e-05 -7.82026e-05 0
2000 0 -7.82026e-05 -7.82026e-05 0 0 -7.82026e-05 -7.82026e-05 0
3000 0 -7.82026e-05 -7.82026e-05 0 0 -7.82026e-05 -7.82026e-05 0
4000 0 -7.82026e-05 -7.82026e-05 0 0 -7.82026e-05 -7.82026e-05 0
5000 0 -7.82026e-05 -7.82026e-05 0 0 -7.82026e-05 -7.82026e-05 0
6000 0 -7.82026e-05 -7.82026e-05 0 0 -7.82026e-05 -7.82026e-05 0
7000 0 -7.82026e-05 -7.82026e-05 0 0 -7.82026e-05 -7.82026e-05 0
8000 0 -7.82026e-05 -7.82026e-05 0 0 -7.82026e-05 -7.82026e-05 0
9000 0 -7.82026e-05 -7.82026e-05 0 0 -7.82026e-05 -7.82026e-05 0
10000 0 -7.82026e-05 -7.82026e-05 0 0 -7.82026e-05 -7.82026e-05 0
11000 0 -1.24422e-11 -1.24422e-11 0 0 -1.24422e-11 -1.24422e-11 0
12000 0 4.1472e-12 4.1472e-12 0 0 4.1472e-12 4.1472e-12 0
13000 0 1.50642e-18 1.50642e-18 0 0 1.50642e-18 1.50642e-18 0
14000 0 -2.53101e-19 -2.53101e-19 0 0 -2.53101e-19 -2.53101e-19 0
15000 0 -3.31701e-20 -3.31701e-20 0 0 -3.31701e-20 -3.31701e-20 0
16000 0 -3.317e-20 -3.317e-20 0 0 -3.317e-20 -3.317e-20 0
17000 0 -3.317e-20 -3.317e-20 0 0 -3.317e-20 -3.317e-20 0
18000 0 -3.317e-20 -3.317e-20 0 0 -3.317e-20 -3.317e-20 0
19000 0 -3.317e-20 -3.317e-20 0 0 -3.317e-20 -3.317e-20 0
20000 0 -3.317e-20 -3.317e-20 0 0 -3.317e-20 -3.317e-20 0
21000 0 -3.317e-20 -3.317e-20 0 0 -3.317e-20 -3.317e-20 0
22000 0 -3.317e-20 -3.317e-20 0 0 -3.317e-20 -3.317e-20 0
23000 0 -3.317e-20 -3.317e-20 0 0 -3.317e-20 -3.317e-20 0
24000 0 -3.317e-20 -3.317e-20 0 0 -3.317e-20 -3.317e-20 0
25000 0 -3.317e-20 -3.317e-20 0 0 -3.317e-20 -3.317e-20 0
26000 0 -3.317e-20 -3.317e-20 0 0 -3.317e-20 -3.317e-20 0
27000 0 -3.317e-20 -3.317e-20 0 0 -3.317e-20 -3.317e-20 0
28000 0 -3.317e-20 -3.317e-20 0 0 -3.317e-20 -3.317e-20 0
29000 0 -3.317e-20 -3.317e-20 0 0 -3.317e-20 -3.317e-20 0
30000 0 -3.317e-20 -3.317e-20 0 0 -3.317e-20 -3.317e-20 0
31000 0 -3.317e-20 -3.317e-20 0 0 -3.317e-20 -3.317e-20 0
32000 0 -3.317e-20 -3.317e-20 0 0 -3.317e-20 -3.317e-20 0
33000 0 -3.317e-20 -3.317e-20 0 0 -3.317e-20 -3.317e-20 0
34000 0 -3.317e-20 -3.317e-20 0 0 -3.317e-20 -3.317e-20 0
35000 0 -3.317e-20 -3.317e-20 0 0 -3.317e-20 -3.317e-20 0
36000 0 -3.317e-20 -3.317e-20 0 0 -3.317e-20 -3.317e-20 0
37000 0 -3.317e-20 -3.317e-20 0 0 -3.317e-20 -3.317e-20 0
38000 0 -3.317e-20 -3.317e-20 0 0 -3.317e-20 -3.317e-20 0
39000 0 -3.317e-20 -3.317e-20 0 0 -3.317e-20 -3.317e-20 0
40000 0 -3.317e-20 -3.317e-20 0 0 -3.317e-20 -3.317e-20 0
41000 0 -3.317e-20 -3.317e-20 0 0 -3.317e-20 -3.317e-20 0
42000 0 -3.317e-20 -3.317e-20 0 0 -3.317e-20 -3.317e-20 0
43000 0 -3.317e-20 -3.317e-20 0 0 -3.317e-20 -3.317e-20 0
44000 0 -3.317e-20 -3.317e-20 0 0 -3.317e-20 -3.317e-20 0
45000 0 -3.317e-20 -3.317e-20 0 0 -3.317e-20 -3.317e-20 0
46000 0 -3.317e-20 -3.317e-20 0 0 -3.317e-20 -3.317e-20 0
47000 0 -3.317e-20 -3.317e-20 0 0 -3.317e-20 -3.317e-20 0
48000 0 -3.317e-20 -3.317e-20 0 0 -3.317e-20 -3.317e-20 0
49000 0 -3.317e-20 -3.317e-20 0 0 -3.317e-20 -3.317e-20 0
50000 0 -3.317e-20 -3.317e-20 0 0 -3.317e-20 -3.317e-20 0
51000 0 -3.317e-20 -3.317e-20 0 0 -3.317e-20 -3.317e-20 0
52000 0 -3.317e-20 -3.317e-20 0 0 -3.317e-20 -3.317e-20 0
53000 0 -3.317e-20 -3.317e-20 0 0 -3.317e-20 -3.317e-20 0
54000 0 -3.317e-20 -3.317e-20 0 0 -3.317e-20 -3.317e-20 0
55000 0 -3.317e-20 -3.317e-20 0 0 -3.317e-20 -3.317e-20 0
56000 0 -3.317e-20 -3.317e-20 0 0 -3.317e-20 -3.317e-20 0
57000 0 -3.317e-20 -3.317e-20 0 0 -3.317e-20 -3.317e-20 0
58000 0 -3.317e-20 -3.317e-20 0 0 -3.317e-20 -3.317e-20 0
59000 0 -3.317e-20 -3.317e-20 0 0 -3.317e-20 -3.317e-20 0
60000 0 -3.317e-20 -3.317e-20 0 0 -3.317e-20 -3.317e-20 0
61000 0 -3.317e-20 -3.317e-20 0 0 -3.317e-20 -3.317e-20 0
62000 0 -3.317e-20 -3.317e-20 0 0 -3.317e-20 -3.317e-20 0
63000 0 -3.317e-20 -3.317e-20 0 0 -3.317e-20 -3.317e-20 0
64000 0 -3.317e-20 -3.317e-20 0 0 -3.317e-20 -3.317e-20 0
65000 0 -3.317e-20 -3.317e-20 0 0 -3.317e-20 -3.317e-20 0
66000 0 -3.317e-20 -3.317e-20 0 0 -3.317e-20 -3.317e-20 0
67000 0 -3.317e-20 -3.317e-20 0 0 -3.317e-20 -3.317e-20 0
68000 0 -3.317e-20 -3.317e-20 0 0 -3.317e-20 -3.317e-20 0
69000 0 -3.317e-20 -3.317e-20 0 0 -3.317e-20 -3.317e-20 0
70000 0 -3.317e-20 -3.317e-20 0 0 -3.317e-20 -3.317e-20 0
71000 0 -3.317e-20 -3.317e-20 0 0 -3.317e-20 -3.317e-20 0
72000 0 -3.317e-20 -3.317e-20 0 0 -3.317e-20 -3.317e-20 0
73000 0 -3.317e-20 -3.317e-20 0 0 -3.317e-20 -3.317e-20 0
74000 0 -3.317e-20 -3.317e-20 0 0 -3.317e-20 -3.317e-20 0
75000 0 -3.317e-20 -3.317e-20 0 0 -3.317e-20 -3.317e-20 0
76000 0 -3.317e-20 -3.317e-20 0 0 -3.317e-20 -3.317e-20 0
77000 0 -3.317e-20 -3.317e-20 0 0 -3.317e-20 -3.317e-20 0
78000 0 -3.317e-20 -3.317e-20 0 0 -3.317e-20 -3.317e-20 0
79000 0 -3.317e-20 -3.317e-20 0 0 -3.317e-20 -3.317e-20 0
80000 0 -3.317e-20 -3.317e-20 0 0 -3.317e-20 -3.317e-20 0
81000 0 -3.317e-20 -3.317e-20 0 0 -3.317e-20 -3.317e-20 0
82000 0 -3.317e-20 -3.317e-20 0 0 -3.317e-20 -3.317e-20 0
83000 0 -3.317e-20 -3.317e-20 0 0 -3.317e-20 -3.317e-20 0
84000 0 -3.317e-20 -3.317e-20 0 0 -3.317e-20 -3.317e-20 0
85000 0 -3.317e-20 -3.317e-20 0 0 -3.317e-20 -3.317e-20 0
86000 0 -3.317e-20 -3.317e-20 0 0 -3.317e-20 -3.317e-20 0
87000 0 -3.317e-20 -3.317e-20 0 0 -3.317e-20 -3.317e-20 0
88000 0 -3.317e-20 -3.317e-20 0 0 -3.317e-20 -3.317e-20 0
89000 0 -3.317e-20 -3.317e-20 0 0 -3.317e-20 -3.317e-20 0
90000 0 -3.317e-20 -3.317e-20 0 0 -3.317e-20 -3.317e-20 0
91000 0 -3.317e-20 -3.317e-20 0 0 -3.317e-20 -3.317e-20 0
92000 0 -3.317e-20 -3.317e-20 0 0 -3.317e-20 -3.317e-20 0
93000 0 -3.317e-20 -3.317e-20 0 0 -3.317e-20 -3.317e-20 0
94000 0 -3.317e-20 -3.317e-20 0 0 -3.317e-20 -3.317e-20 0
95000 0 -3.317e-20 -3.317e-20 0 0 -3.317e-20 -3.317e-20 0
96000 0 -3.317e-20 -3.317e-20 0 0 -3.317e-20 -3.317e-20 0
97000 0 -3.317e-20 -3.317e-20 0 0 -3.317e-20 -3.317e-20 0
98000 0 -3.317e-20 -3.317e-20 0 0 -3.317e-20 -3.317e-20 0
99000 0 -3.317e-20 -3.317e-20 0 0 -3.317e-20 -3.317e-20 0
100000 0 -3.317e-20 -3.317e-20 0 0 -3.317e-20 -3.317e-20 0
101000 0 -3.317e-20 -3.317e-20 0 0 -3.317e-20 -3.317e-20 0
102000 0 -3.317e-20 -3.317e-20 0 0 -3.317e-20 -3.317e-20 0
103000 0 -3.317e-20 -3.317e-20 0 0 -3.317e-20 -3.317e-20 0
104000 0 -3.317e-20 -3.317e-20 0 0 -3.317e-20 -3.317e-20 0
105000 0 -3.317e-20 -3.317e-20 0 0 -3.317e-20 -3.317e-20 0
106000 0 -3.317e-20 -3.317e-20 0 0 -3.317e-20 -3.317e-20 0
107000 0 -3.317e-20 -3.317e-20 0 0 -3.317e-20 -3.317e-20 0
108000 0 -3.317e-20 -3.317e-20 0 0 -3.317e-20 -3.317e-20 0
109000 0 -3.317e-20 -3.317e-20 0 0 -3.317e-20 -3.317e-20 0
110000 0 -3.317e-20 -3.317e-20 0 0 -3.317e-20 -3.317e-20 0
111000 0 -3.317e-20 -3.317e-20 0 0 -3.317e-20 -3.317e-20 0
112000 0 -3.317e-20 -3.317e-20 0 0 -3.317e-20 -3.317e-20 0
113000 0 -3.317e-20 -3.317e-20 0 0 -3.317e-20 -3.317e-20 0
114000 0 -3.317e-20 -3.317e-20 0 0 -3.317e-20 -3.317e-20 0
115000 0 -3.317e-20 -3.317e-20 0 0 -3.317e-20 -3.317e-20 0
116000 0 -3.317e-20 -3.317e-20 0 0 -3.317e-20 -3.317e-20 0
117000 0 -3.317e-20 -3.317e-20 0 0 -3.317e-20 -3.317e-20 0
118000 0 -3.317e-20 -3.317e-20 0 0 -3.317e-20 -3.317e-20 0
119000 0 -3.317e-20 -3.317e-20 0 0 -3.317e-20 -3.317e-20 0
120000 0 -3.317e-20 -3.317e-20 0 0 -3.317e-20 -3.317e-20 0
121000 0 -3.317e-20 -3.317e-20 0 0 -3.317e-20 -3.317e-20 0
122000 0 -3.317e-20 -3.317e-20 0 0 -3.317e-20 -3.317e-20 0
123000 0 -3.317e-20 -3.317e-20 0 0 -3.317e-20 -3.317e-20 0
124000 0 -3.317e-20 -3.317e-20 0 0 -3.317e-20 -3.317e-20 0
125000 0 -3.317e-20 -3.317e-20 0 0 -3.317e-20 -3.317e-20 0
126000 0 -3.317e-20 -3.317e-20 0 0 -3.317e-20 -3.317e-20 0
127000 0 -3.317e-20 -3.317e-20 0 0 -3.317e-20 -3.317e-20 0
128000 0 -3.317e-20 -3.317e-20 0 0 -3.317e-20 -3.317e-20 0
129000 0 -3.317e-20 -3.317e-20 0 0 -3.317e-20 -3.317e-20 0
130000 0 -3.317e-20 -3.317e-20 0 0 -3.317e-20 -3.317e-20 0
131000 0 -3.317e-20 -3.317e-20 0 0 -3.317e-20 -3.317e-20 0
132000 0 -3.317e-20 -3.317e-20 0 0 -3.317e-20 -3.317e-20 0
133000 0 -3.317e-20 -3.317e-20 0 0 -3.317e-20 -3.317e-20 0
134000 0 -3.317e-20 -3.317e-20 0 0 -3.317e-20 -3.317e-20 0
135000 0 -3.317e-20 -3.317e-20 0 0 -3.317e-20 -3.317e-20 0
136000 0 -3.317e-20 -3.317e-20 0 0 -3.317e-20 -3.317e-20 0
137000 0 -3.317e-20 -3.317e-20 0 0 -3.317e-20 -3.317e-20 0
138000 0 -3.317e-20 -3.317e-20 0 0 -3.317e-20 -3.317e-20 0
139000 0 -3.317e-20 -3.317e-20 0 0 -3.317e-20 -3.317e-20 0
140000 0 -3.317e-20 -3.317e-20 0 0 -3.317e-20 -3.317e-20 0
141000 0 -3.317e-20 -3.317e-20 0 0 -3.317e-20 -3.317e-20 0
142000 0 -3.317e-20 -3.317e-20 0 0 -3.317e-20 -3.317e-20 0
143000 0 -3.317e-20 -3.317e-20 0 0 -3.317e-20 -3.317e-20 0
144000 0 -3.317e-20 -3.317e-20 0 0 -3.317e-20 -3.317e-20 0
145000 0 -3.317e-20 -3.317e-20 0 0 -3.317e-20 -3.317e-20 0
146000 0 -3.317e-20 -3.317e-20 0 0 -3.317e-20 -3.317e-20 0
147000 0 -3.317e-20 -3.317e-20 0 0 -3.317e-20 -3.317e-20 0
148000 0 -3.317e-20 -3.317e-20 0 0 -3.317e-20 -3.317e-20 0
149000 0 -3.317e-20 -3.317e-20 0 0 -3.317e-20 -3.317e-20 0
150000 0 -3.317e-20 -3.317e-20 0 0 -3.317e-20 -3.317e-20 0
151000 0 -3.317e-20 -3.317e-20 0 0 -3.317e-20 -3.317e-20 0
152000 0 -3.317e-20 -3.317e-20 0 0 -3.317e-20 -3.317e-20 0
153000 0 -3.317e-20 -3.317e-20 0 0 -3.317e-20 -3.317e-20 0
154000 0 -3.317e-20 -3.317e-20 0 0 -3.317e-20 -3.317e-20 0
155000 0 -3.317e-20 -3.317e-20 0 0 -3.317e-20 -3.317e-20 0
156000 0 -3.317e-20 -3.317e-20 0 0 -3.317e-20 -3.317e-20 0
157000 0 -3.317e-20 -3.317e-20 0 0 -3.317e-20 -3.317e-20 0
158000 0 -3.317e-20 -3.317e-20 0 0 -3.317e-20 -3.317e-20 0
159000 0 -3.317e-20 -3.317e-20 0 0 -3.317e-20 -3.317e-20 0
160000 0 -3.317e-20 -3.317e-20 0 0 -3.317e-20 -3.317e-20 0
161000 0 -3.317e-20 -3.317e-20 0 0 -3.317e-20 -3.317e-20 0
162000 0 -3.317e-20 -3.317e-20 0 0 -3.317e-20 -3.317e-20 0
163000 0 -3.317e-20 -3.317e-20 0 0 -3.317e-20 -3.317e-20 0
164000 0 -3.317e-20 -3.317e-20 0 0 -3.317e-20 -3.317e-20 0
165000 0 -3.317e-20 -3.317e-20 0 0 -3.317e-20 -3.317e-20 0
166000 0 -3.317e-20 -3.317e-20 0 0 -3.317e-20 -3.317e-20 0
167000 0 -3.317e-20 -3.317e-20 0 0 -3.317e-20 -3.317e-20 0
168000 0 -3.317e-20 -3.317e-20 0 0 -3.317e-20 -3.317e-20 0
169000 0 -3.317e-20 -3.317e-20 0 0 -3.317e-20 -3.317e-20 0
170000 0 -3.317e-20 -3.317e-20 0 0 -3.317e-20 -3.317e-20 0
171000 0 -3.317e-20 -3.317e-20 0 0 -3.317e-20 -3.317e-20 0
172000 0 -3.317e-20 -3.317e-20 0 0 -3.317e-20 -3.317e-20 0
173000 0 -3.317e-20 -3.317e-20 0 0 -3.317e-20 -3.317e-20 0
174000 0 -3.317e-20 -3.317e-20 0 0 -3.317e-20 -3.317e-20 0
175000 0 -3.317e-20 -3.317e-20 0 0 -3.317e-20 -3.317e-20 0
176000 0 -3.317e-20 -3.317e-20 0 0 -3.317e-20 -3.317e-20 0
177000 0 -3.317e-20 -3.317e-20 0 0 -3.317e-20 -3.317e-20 0
178000 0 -3.317e-20 -3.317e-20 0 0 -3.317e-20 -3.317e-20 0
179000 0 -3.317e-20 -3.317e-20 0 0 -3.317e-20 -3.317e-20 0
180000 0 -3.317e-20 -3.317e-20 0 0 -3.317e-20 -3.317e-20 0
181000 0 -3.317e-20 -3.317e-20 0 0 -3.317e-20 -3.317e-20 0
182000 0 -3.317e-20 -3.317e-20 0 0 -3.317e-20 -3.317e-20 0
183000 0 -3.317e-20 -3.317e-20 0 0 -3.317e-20 -3.317e-20 0
184000 0 -3.317e-20 -3.317e-20 0 0 -3.317e-20 -3.317e-20 0
185000 0 -3.317e-20 -3.317e-20 0 0 -3.317e-20 -3.317e-20 0
186000 0 -3.317e-20 -3.317e-20 0 0 -3.317e-20 -3.317e-20 0
187000 0 -3.317e-20 -3.317e-20 0 0 -3.317e-20 -3.317e-20 0
188000 0 -3.317e-20 -3.317e-20 0 0 -3.317e-20 -3.317e-20 0
189000 0 -3.317e-20 -3.317e-20 0 0 -3.317e-20 -3.317e-20 0
190000 0 -3.317e-20 -3.317e-20 0 0 -3.317e-20 -3.317e-20 0
191000 0 -3.317e-20 -3.317e-20 0 0 -3.317e-20 -3.317e-20 0
192000 0 -3.317e-20 -3.317e-20 0 0 -3.317e-20 -3.317e-20 0
193000 0 -3.317e-20 -3.317e-20 0 0 -3.317e-20 -3.317e-20 0
194000 0 -3.317e-20 -3.317e-20 0 0 -3.317e-20 -3.317e-20 0
195000 0 -3.317e-20 -3.317e-20 0 0 -3.317e-20 -3.317e-20 0
196000 0 -3.317e-20 -3.317e-20 0 0 -3.317e-20 -3.317e-20 0
197000 0 -3.317e-20 -3.317e-20 0 0 -3.317e-20 -3.317e-20 0
198000 0 -3.317e-20 -3.317e-20 0 0 -3.317e-20 -3.317e-20 0
199000 0 -3.317e-20 -3.317e-20 0 0 -3.317e-20 -3.317e-20 0
200000 0 -3.317e-20 -3.317e-20 0 0 -3.317e-20 -3.317e-20 0
200100 0 -3.317e-20 -3.317e-20 0 0 -3.317e-20 -3.317e-20 0
200200 0 -3.317e-20 -3.317e-20 0 0 -3.317e-20 -3.317e-20 0
200300 0 -3.317e-20 -3.317e-20 0 0 -3.317e-20 -3.317e-20 0
200400 0 -3.317e-20 -3.317e-20 0 0 -3.317e-20 -3.317e-20 0
200500 0 -3.317e-20 -3.317e-20 0 0 -3.317e-20 -3.317e-20 0
200600 0 -3.317e-20 -3.317e-20 0 0 -3.317e-20 -3.317e-20 0
200700 0 -3.317e-20 -3.317e-20 0 0 -3.317e-20 -3.317e-20 0
200800 0 -3.317e-20 -3.317e-20 0 0 -3.317e-20 -3.317e-20 0
200900 0 -3.317e-20 -3.317e-20 0 0 -3.317e-20 -3.317e-20 0
201000 0 -3.317e-20 -3.317e-20 0 0 -3.317e-20 -3.317e-20 0
201100 0 -3.317e-20 -3.317e-20 0 0 -3.317e-20 -3.317e-20 0
201200 0 -3.317e-20 -3.317e-20 0 0 -3.317e-20 -3.317e-20 0
201300 0 -3.317e-20 -3.317e-20 0 0 -3.317e-20 -3.317e-20 0
201400 0 -3.317e-20 -3.317e-20 0 0 -3.317e-20 -3.317e-20 0
201500 0 -3.317e-20 -3.317e-20 0 0 -3.317e-20 -3.317e-20 0
201600 0 -3.317e-20 -3.317e-20 0 0 -3.317e-20 -3.317e-20 0
201700 0 -3.317e-20 -3.317e-20 0 0 -3.317e-20 -3.317e-20 0
201800 0 -3.317e-20 -3.317e-20 0 0 -3.317e-20 -3.317e-20 0
201900 0 -3.317e-20 -3.317e-20 0 0 -3.317e-20 -3.317e-20 0
202000 0 -3.317e-20 -3.317e-20 0 0 -3.317e-20 -3.317e-20 0
202100 0 -3.317e-20 -3.317e-20 0 0 -3.317e-20 -3.317e-20 0
202200 0 -3.317e-20 -3.317e-20 0 0 -3.317e-20 -3.317e-20 0
202300 0 -3.317e-20 -3.317e-20 0 0 -3.317e-20 -3.317e-20 0
202400 0 -3.317e-20 -3.317e-20 0 0 -3.317e-20 -3.317e-20 0
202500 0 -3.317e-20 -3.317e-20 0 0 -3.317e-20 -3.317e-20 0
202600 0 -3.317e-20 -3.317e-20 0 0 -3.317e-20 -3.317e-20 0
202700 0 -3.317e-20 -3.317e-20 0 0 -3.317e-20 -3.317e-20 0
202800 0 -3.317e-20 -3.317e-20 0 0 -3.317e-20 -3.317e-20 0
202900 0 -3.317e-20 -3.317e-20 0 0 -3.317e-20 -3.317e-20 0
203000 0 -3.317e-20 -3.317e-20 0 0 -3.317e-20 -3.317e-20 0
203100 0 -3.317e-20 -3.317e-20 0 0 -3.317e-20 -3.317e-20 0
203200 0 -3.317e-20 -3.317e-20 0 0 -3.317e-20 -3.317e-20 0
203300 0 -3.317e-20 -3.317e-20 0 0 -3.317e-20 -3.317e-20 0
203400 0 -3.317e-20 -3.317e-20 0 0 -3.317e-20 -3.317e-20 0
203500 0 -3.317e-20 -3.317e-20 0 0 -3.317e-20 -3.317e-20 0
203600 0 -3.317e-20 -3.317e-20 0 0 -3.317e-20 -3.317e-20 0
203700 0 -3.317e-20 -3.317e-20 0 0 -3.317e-20 -3.317e-20 0
203800 0 -3.317e-20 -3.317e-20 0 0 -3.317e-20 -3.317e-20 0
203900 0 -3.317e-20 -3.317e-20 0 0 -3.317e-20 -3.317e-20 0
204000 0 -3.317e-20 -3.317e-20 0 0 -3.317e-20 -3.317e-20 0
204100 0 -3.317e-20 -3.317e-20 0 0 -3.317e-20 -3.317e-20 0
204200 0 -3.317e-20 -3.317e-20 0 0 -3.317e-20 -3.317e-20 0
204300 0 -3.317e-20 -3.317e-20 0 0 -3.317e-20 -3.317e-20 0
204400 0 -3.317e-20 -3.317e-20 0 0 -3.317e-20 -3.317e-20 0
204500 0 -3.317e-20 -3.317e-20 0 0 -3.317e-20 -3.317e-20 0
204600 0 -3.317e-20 -3.317e-20 0 0 -3.317e-20 -3.317e-20 0
204700 0 -3.317e-20 -3.317e-20 0 0 -3.317e-20 -3.317e-20 0
204800 0 -3.317e-20 -3.317e-20 0 0 -3.317e-20 -3.317e-20 0
204900 0 -3.317e-20 -3.317e-20 0 0 -3.317e-20 -3.317e-20 0
205000 0 -3.317e-20 -3.317e-20 0 0 -3.317e-20 -3.317e-20 0
205100 0 -3.317e-20 -3.317e-20 0 0 -3.317e-20 -3.317e-20 0
205200 0 -3.317e-20 -3.317e-20 0 0 -3.317e-20 -3.317e-20 0
205300 0 -3.317e-20 -3.317e-20 0 0 -3.317e-20 -3.317e-20 0
205400 0 -3.317e-20 -3.317e-20 0 0 -3.317e-20 -3.317e-20 0
205500 0 -3.317e-20 -3.317e-20 0 0 -3.317e-20 -3.317e-20 0
205600 0 -3.317e-20 -3.317e-20 0 0 -3.317e-20 -3.317e-20 0
205700 0 -3.317e-20 -3.317e-20 0 0 -3.317e-20 -3.317e-20 0
205800 0 -3.317e-20 -3.317e-20 0 0 -3.317e-20 -3.317e-20 0
205900 0 -3.317e-20 -3.317e-20 0 0 -3.317e-20 -3.317e-20 0
206000 0 -3.317e-20 -3.317e-20 0 0 -3.317e-20 -3.317e-20 0
206100 0 -3.317e-20 -3.317e-20 0 0 -3.317e-20 -3.317e-20 0
206200 0 -3.317e-20 -3.317e-20 0 0 -3.317e-20 -3.317e-20 0
206300 0 -3.317e-20 -3.317e-20 0 0 -3.317e-20 -3.317e-20 0
206400 0 -3.317e-20 -3.317e-20 0 0 -3.317e-20 -3.317e-20 0
206500 0 -3.317e-20 -3.317e-20 0 0 -3.317e-20 -3.317e-20 0
206600 0 -3.317e-20 -3.317e-20 0 0 -3.317e-20 -3.317e-20 0
206700 0 -3.317e-20 -3.317e-20 0 0 -3.317e-20 -3.317e-20 0
206800 0 -3.317e-20 -3.317e-20 0 0 -3.317e-20 -3.317e-20 0
206900 0 -3.317e-20 -3.317e-20 0 0 -3.317e-20 -3.317e-20 0
207000 0 -3.317e-20 -3.317e-20 0 0 -3.317e-20 -3.317e-20 0
207100 0 -3.317e-20 -3.317e-20 0 0 -3.317e-20 -3.317e-20 0
207200 0 -3.317e-20 -3.317e-20 0 0 -3.317e-20 -3.317e-20 0
207300 0 -3.317e-20 -3.317e-20 0 0 -3.317e-20 -3.317e-20 0
207400 0 -3.317e-20 -3.317e-20 0 0 -3.317e-20 -3.317e-20 0
207500 0 -3.317e-20 -3.317e-20 0 0 -3.317e-20 -3.317e-20 0
207600 0 -3.317e-20 -3.317e-20 0 0 -3.317e-20 -3.317e-20 0
207700 0 -3.317e-20 -3.317e-20 0 0 -3.317e-20 -3.317e-20 0
207800 0 -3.317e-20 -3.317e-20 0 0 -3.317e-20 -3.317e-20 0
207900 0 -3.317e-20 -3.317e-20 0 0 -3.317e-20 -3.317e-20 0
208000 0 -3.317e-20 -3.317e-20 0 0 -3.317e-20 -3.317e-20 0
208100 0 -3.317e-20 -3.317e-20 0 0 -3.317e-20 -3.317e-20 0
208200 0 -3.317e-20 -3.317e-20 0 0 -3.317e-20 -3.317e-20 0
208300 0 -3.317e-20 -3.317e-20 0 0 -3.317e-20 -3.317e-20 0
208400 0 -3.317e-20 -3.317e-20 0 0 -3.317e-20 -3.317e-20 0
208500 0 -3.317e-20 -3.317e-20 0 0 -3.317e-20 -3.317e-20 0
208600 0 -3.317e-20 -3.317e-20 0 0 -3.317e-20 -3.317e-20 0
208700 0 -3.317e-20 -3.317e-20 0 0 -3.317e-20 -3.317e-20 0
208800 0 -3.317e-20 -3.317e-20 0 0 -3.317e-20 -3.317e-20 0
208900 0 -3.317e-20 -3.317e-20 0 0 -3.317e-20 -3.317e-20 0
209000 0 -3.317e-20 -3.317e-20 0 0 -3.317e-20 -3.317e-20 0
209100 0 -3.317e-20 -3.317e-20 0 0 -3.317e-20 -3.317e-20 0
209200 0 -3.317e-20 -3.317e-20 0 0 -3.317e-20 -3.317e-20 0
209300 0 -3.317e-20 -3.317e-20 0 0 -3.317e-20 -3.317e-20 0
209400 0 -3.317e-20 -3.317e-20 0 0 -3.317e-20 -3.317e-20 0
209500 0 -3.317e-20 -3.317e-20 0 0 -3.317e-20 -3.317e-20 0
209600 0 -3.317e-20 -3.317e-20 0 0 -3.317e-20 -3.317e-20 0
209700 0 -3.317e-20 -3.317e-20 0 0 -3.317e-20 -3.317e-20 0
209800 0 -3.317e-20 -3.317e-20 0 0 -3.317e-20 -3.317e-20 0
209900 0 -3.317e-20 -3.317e-20 0 0 -3.317e-20 -3.317e-20 0
210000 0 -3.317e-20 -3.317e-20 0 0 -3.317e-20 -3.317e-20 0
211000 0 -3.317e-20 -3.317e-20 0 0 -3.317e-20 -3.317e-20 0
212000 0 -3.317e-20 -3.317e-20 0 0 -3.317e-20 -3.317e-20 0
213000 0 -3.317e-20 -3.317e-20 0 0 -3.317e-20 -3.317e-20 0
214000 0 -3.317e-20 -3.317e-20 0 0 -3.317e-20 -3.317e-20 0
215000 0 -3.317e-20 -3.317e-20 0 0 -3.317e-20 -3.317e-20 0
216000 0 -3.317e-20 -3.317e-20 0 0 -3.317e-20 -3.317e-20 0
217000 0 -3.317e-20 -3.317e-20 0 0 -3.317e-20 -3.317e-20 0
218000 0 -3.317e-20 -3.317e-20 0 0 -3.317e-20 -3.317e-20 0
219000 0 -3.317e-20 -3.317e-20 0 0 -3.317e-20 -3.317e-20 0
220000 0 -3.317e-20 -3.317e-20 0 0 -3.317e-20 -3.317e-20 0
221000 0 -3.317e-20 -3.317e-20 0 0 -3.317e-20 -3.317e-20 0
222000 0 -3.317e-20 -3.317e-20 0 0 -3.317e-20 -3.317e-20 0
223000 0 -3.317e-20 -3.317e-20 0 0 -3.317e-20 -3.317e-20 0
224000 0 -3.317e-20 -3.317e-20 0 0 -3.317e-20 -3.317e-20 0
225000 0 -3.317e-20 -3.317e-20 0 0 -3.317e-20 -3.317e-20 0
226000 0 -3.317e-20 -3.317e-20 0 0 -3.317e-20 -3.317e-20 0
227000 0 -3.317e-20 -3.317e-20 0 0 -3.317e-20 -3.317e-20 0
228000 0 -3.317e-20 -3.317e-20 0 0 -3.317e-20 -3.317e-20 0
229000 0 -3.317e-20 -3.317e-20 0 0 -3.317e-20 -3.317e-20 0
230000 0 -3.317e-20 -3.317e-20 0 0 -3.317e-20 -3.317e-20 0
231000 0 -3.317e-20 -3.317e-20 0 0 -3.317e-20 -3.317e-20 0
232000 0 -3.317e-20 -3.317e-20 0 0 -3.317e-20 -3.317e-20 0
233000 0 -3.317e-20 -3.317e-20 0 0 -3.317e-20 -3.317e-20 0
234000 0 -3.317e-20 -3.317e-20 0 0 -3.317e-20 -3.317e-20 0
235000 0 -3.317e-20 -3.317e-20 0 0 -3.317e-20 -3.317e-20 0
236000 0 -3.317e-20 -3.317e-20 0 0 -3.317e-20 -3.317e-20 0
237000 0 -3.317e-20 -3.317e-20 0 0 -3.317e-20 -3.317e-20 0
238000 0 -3.317e-20 -3.317e-20 0 0 -3.317e-20 -3.317e-20 0
239000 0 -3.317e-20 -3.317e-20 0 0 -3.317e-20 -3.317e-20 0
240000 0 -3.317e-20 -3.317e-20 0 0 -3.317e-20 -3.317e-20 0
241000 0 -3.317e-20 -3.317e-20 0 0 -3.317e-20 -3.317e-20 0
242000 0 -3.317e-20 -3.317e-20 0 0 -3.317e-20 -3.317e-20 0
243000 0 -3.317e-20 -3.317e-20 0 0 -3.317e-20 -3.317e-20 0
244000 0 -3.317e-20 -3.317e-20 0 0 -3.317e-20 -3.317e-20 0
245000 0 -3.317e-20 -3.317e-20 0 0 -3.317e-20 -3.317e-20 0
246000 0 -3.317e-20 -3.317e-20 0 0 -3.317e-20 -3.317e-20 0
247000 0 -3.317e-20 -3.317e-20 0 0 -3.317e-20 -3.317e-20 0
248000 0 -3.317e-20 -3.317e-20 0 0 -3.317e-20 -3.317e-20 0
249000 0 -3.317e-20 -3.317e-20 0 0 -3.317e-20 -3.317e-20 0
250000 0 -3.317e-20 -3.317e-20 0 0 -3.317e-20 -3.317e-20 0
251000 0 -3.317e-20 -3.317e-20 0 0 -3.317e-20 -3.317e-20 0
252000 0 -3.317e-20 -3.317e-20 0 0 -3.317e-20 -3.317e-20 0
253000 0 -3.317e-20 -3.317e-20 0 0 -3.317e-20 -3.317e-20 0
254000 0 -3.317e-20 -3.317e-20 0 0 -3.317e-20 -3.317e-20 0
255000 0 -3.317e-20 -3.317e-20 0 0 -3.317e-20 -3.317e-20 0
256000 0 -3.317e-20 -3.317e-20 0 0 -3.317e-20 -3.317e-20 0
257000 0 -3.317e-20 -3.317e-20 0 0 -3.317e-20 -3.317e-20 0
258000 0 -3.317e-20 -3.317e-20 0 0 -3.317e-20 -3.317e-20 0
259000 0 -3.317e-20 -3.317e-20 0 0 -3.317e-20 -3.317e-20 0
260000 0 -3.317e-20 -3.317e-20 0 0 -3.317e-20 -3.317e-20 0
261000 0 -3.317e-20 -3.317e-20 0 0 -3.317e-20 -3.317e-20 0
262000 0 -3.317e-20 -3.317e-20 0 0 -3.317e-20 -3.317e-20 0
263000 0 -3.317e-20 -3.317e-20 0 0 -3.317e-20 -3.317e-20 0
264000 0 -3.317e-20 -3.317e-20 0 0 -3.317e-20 -3.317e-20 0
265000 0 -3.317e-20 -3.317e-20 0 0 -3.317e-20 -3.317e-20 0
266000 0 -3.317e-20 -3.317e-20 0 0 -3.317e-20 -3.317e-20 0
267000 0 -3.317e-20 -3.317e-20 0 0 -3.317e-20 -3.317e-20 0
268000 0 -3.317e-20 -3.317e-20 0 0 -3.317e-20 -3.317e-20 0
269000 0 -3.317e-20 -3.317e-20 0 0 -3.317e-20 -3.317e-20 0
270000 0 -3.317e-20 -3.317e-20 0 0 -3.317e-20 -3.317e-20 0
271000 0 -3.317e-20 -3.317e-20 0 0 -3.317e-20 -3.317e-20 0
272000 0 -3.317e-20 -3.317e-20 0 0 -3.317e-20 -3.317e-20 0
273000 0 -3.317e-20 -3.317e-20 0 0 -3.317e-20 -3.317e-20 0
274000 0 -3.317e-20 -3.317e-20 0 0 -3.317e-20 -3.317e-20 0
275000 0 -3.317e-20 -3.317e-20 0 0 -3.317e-20 -3.317e-20 0
276000 0 -3.317e-20 -3.317e-20 0 0 -3.317e-20 -3.317e-20 0
277000 0 -3.317e-20 -3.317e-20 0 0 -3.317e-20 -3.317e-20 0
278000 0 -3.317e-20 -3.317e-20 0 0 -3.317e-20 -3.317e-20 0
279000 0 -3.317e-20 -3.317e-20 0 0 -3.317e-20 -3.317e-20 0
280000 0 -3.317e-20 -3.317e-20 0 0 -3.317e-20 -3.317e-20 0
281000 0 -3.317e-20 -3.317e-20 0 0 -3.317e-20 -3.317e-20 0
282000 0 -3.317e-20 -3.317e-20 0 0 -3.317e-20 -3.317e-20 0
283000 0 -3.317e-20 -3.317e-20 0 0 -3.317e-20 -3.317e-20 0
284000 0 -3.317e-20 -3.317e-20 0 0 -3.317e-20 -3.317e-20 0
285000 0 -3.317e-20 -3.317e-20 0 0 -3.317e-20 -3.317e-20 0
286000 0 -3.317e-20 -3.317e-20 0 0 -3.317e-20 -3.317e-20 0
287000 0 -3.317e-20 -3.317e-20 0 0 -3.317e-20 -3.317e-20 0
288000 0 -3.317e-20 -3.317e-20 0 0 -3.317e-20 -3.317e-20 0
289000 0 -3.317e-20 -3.317e-20 0 0 -3.317e-20 -3.317e-20 0
290000 0 -3.317e-20 -3.317e-20 0 0 -3.317e-20 -3.317e-20 0
291000 0 -3.317e-20 -3.317e-20 0 0 -3.317e-20 -3.317e-20 0
292000 0 -3.317e-20 -3.317e-20 0 0 -3.317e-20 -3.317e-20 0
293000 0 -3.317e-20 -3.317e-20 0 0 -3.317e-20 -3.317e-20 0
294000 0 -3.317e-20 -3.317e-20 0 0 -3.317e-20 -3.317e-20 0
295000 0 -3.317e-20 -3.317e-20 0 0 -3.317e-20 -3.317e-20 0
296000 0 -3.317e-20 -3.317e-20 0 0 -3.317e-20 -3.317e-20 0
297000 0 -3.317e-20 -3.317e-20 0 0 -3.317e-20 -3.317e-20 0
298000 0 -3.317e-20 -3.317e-20 0 0 -3.317e-20 -3.317e-20 0
299000 0 -3.317e-20 -3.317e-20 0 0 -3.317e-20 -3.317e-20 0
300000 0 -3.317e-20 -3.317e-20 0 0 -3.317e-20 -3.317e-20 0
301000 0 -3.317e-20 -3.317e-20 0 0 -3.317e-20 -3.317e-20 0
302000 0 -3.317e-20 -3.317e-20 0 0 -3.317e-20 -3.317e-20 0
303000 0 -3.317e-20 -3.317e-20 0 0 -3.317e-20 -3.317e-20 0
304000 0 -3.317e-20 -3.317e-20 0 0 -3.317e-20 -3.317e-20 0
305000 0 -3.317e-20 -3.317e-20 0 0 -3.317e-20 -3.317e-20 0
306000 0 -3.317e-20 -3.317e-20 0 0 -3.317e-20 -3.317e-20 0
307000 0 -3.317e-20 -3.317e-20 0 0 -3.317e-20 -3.317e-20 0
308000 0 -3.317e-20 -3.317e-20 0 0 -3.317e-20 -3.317e-20 0
309000 0 -3.317e-20 -3.317e-20 0 0 -3.317e-20 -3.317e-20 0
310000 0 -3.317e-20 -3.317e-20 0 0 -3.317e-20 -3.317e-20 0
311000 0 -3.317e-20 -3.317e-20 0 0 -3.317e-20 -3.317e-20 0
312000 0 -3.317e-20 -3.317e-20 0 0 -3.317e-20 -3.317e-20 0
313000 0 -3.317e-20 -3.317e-20 0 0 -3.317e-20 -3.317e-20 0
314000 0 -3.317e-20 -3.317e-20 0 0 -3.317e-20 -3.317e-20 0
315000 0 -3.317e-20 -3.317e-20 0 0 -3.317e-20 -3.317e-20 0
316000 0 -3.317e-20 -3.317e-20 0 0 -3.317e-20 -3.317e-20 0
317000 0 -3.317e-20 -3.317e-20 0 0 -3.317e-20 -3.317e-20 0
318000 0 -3.317e-20 -3.317e-20 0 0 -3.317e-20 -3.317e-20 0
319000 0 -3.317e-20 -3.317e-20 0 0 -3.317e-20 -3.317e-20 0
320000 0 -3.317e-20 -3.317e-20 0 0 -3.317e-20 -3.317e-20 0
321000 0 -3.317e-20 -3.317e-20 0 0 -3.317e-20 -3.317e-20 0
322000 0 -3.317e-20 -3.317e-20 0 0 -3.317e-20 -3.317e-20 0
323000 0 -3.317e-20 -3.317e-20 0 0 -3.317e-20 -3.317e-20 0
324000 0 -3.317e-20 -3.317e-20 0 0 -3.317e-20 -3.317e-20 0
325000 0 -3.317e-20 -3.317e-20 0 0 -3.317e-20 -3.317e-20 0
326000 0 -3.317e-20 -3.317e-20 0 0 -3.317e-20 -3.317e-20 0
327000 0 -3.317e-20 -3.317e-20 0 0 -3.317e-20 -3.317e-20 0
328000 0 -3.317e-20 -3.317e-20 0 0 -3.317e-20 -3.317e-20 0
329000 0 -3.317e-20 -3.317e-20 0 0 -3.317e-20 -3.317e-20 0
330000 0 -3.317e-20 -3.317e-20 0 0 -3.317e-20 -3.317e-20 0
331000 0 -3.317e-20 -3.317e-20 0 0 -3.317e-20 -3.317e-20 0
332000 0 -3.317e-20 -3.317e-20 0 0 -3.317e-20 -3.317e-20 0
333000 0 -3.317e-20 -3.317e-20 0 0 -3.317e-20 -3.317e-20 0
334000 0 -3.317e-20 -3.317e-20 0 0 -3.317e-20 -3.317e-20 0
335000 0 -3.317e-20 -3.317e-20 0 0 -3.317e-20 -3.317e-20 0
336000 0 -3.317e-20 -3.317e-20 0 0 -3.317e-20 -3.317e-20 0
337000 0 -3.317e-20 -3.317e-20 0 0 -3.317e-20 -3.317e-20 0
338000 0 -3.317e-20 -3.317e-20 0 0 -3.317e-20 -3.317e-20 0
339000 0 -3.317e-20 -3.317e-20 0 0 -3.317e-20 -3.317e-20 0
340000 0 -3.317e-20 -3.317e-20 0 0 -3.317e-20 -3.317e-20 0
341000 0 -3.317e-20 -3.317e-20 0 0 -3.317e-20 -3.317e-20 0
342000 0 -3.317e-20 -3.317e-20 0 0 -3.317e-20 -3.317e-20 0
343000 0 -3.317e-20 -3.317e-20 0 0 -3.317e-20 -3.317e-20 0
344000 0 -3.317e-20 -3.317e-20 0 0 -3.317e-20 -3.317e-20 0
345000 0 -3.317e-20 -3.317e-20 0 0 -3.317e-20 -3.317e-20 0
346000 0 -3.317e-20 -3.317e-20 0 0 -3.317e-20 -3.317e-20 0
347000 0 -3.317e-20 -3.317e-20 0 0 -3.317e-20 -3.317e-20 0
348000 0 -3.317e-20 -3.317e-20 0 0 -3.317e-20 -3.317e-20 0
349000 0 -3.317e-20 -3.317e-20 0 0 -3.317e-20 -3.317e-20 0
350000 0 -3.317e-20 -3.317e-20 0 0 -3.317e-20 -3.317e-20 0
351000 0 -3.317e-20 -3.317e-20 0 0 -3.317e-20 -3.317e-20 0
352000 0 -3.317e-20 -3.317e-20 0 0 -3.317e-20 -3.317e-20 0
353000 0 -3.317e-20 -3.317e-20 0 0 -3.317e-20 -3.317e-20 0
354000 0 -3.317e-20 -3.317e-20 0 0 -3.317e-20 -3.317e-20 0
355000 0 -3.317e-20 -3.317e-20 0 0 -3.317e-20 -3.317e-20 0
356000 0 -3.317e-20 -3.317e-20 0 0 -3.317e-20 -3.317e-20 0
357000 0 -3.317e-20 -3.317e-20 0 0 -3.317e-20 -3.317e-20 0
358000 0 -3.317e-20 -3.317e-20 0 0 -3.317e-20 -3.317e-20 0
359000 0 -3.317e-20 -3.317e-20 0 0 -3.317e-20 -3.317e-20 0
360000 0 -3.317e-20 -3.317e-20 0 0 -3.317e-20 -3.317e-20 0
361000 0 -3.317e-20 -3.317e-20 0 0 -3.317e-20 -3.317e-20 0
362000 0 -3.317e-20 -3.317e-20 0 0 -3.317e-20 -3.317e-20 0
363000 0 -3.317e-20 -3.317e-20 0 0 -3.317e-20 -3.317e-20 0
364000 0 -3.317e-20 -3.317e-20 0 0 -3.317e-20 -3.317e-20 0
365000 0 -3.317e-20 -3.317e-20 0 0 -3.317e-20 -3.317e-20 0
366000 0 -3.317e-20 -3.317e-20 0 0 -3.317e-20 -3.317e-20 0
367000 0 -3.317e-20 -3.317e-20 0 0 -3.317e-20 -3.317e-20 0
368000 0 -3.317e-20 -3.317e-20 0 0 -3.317e-20 -3.317e-20 0
369000 0 -3.317e-20 -3.317e-20 0 0 -3.317e-20 -3.317e-20 0
370000 0 -3.317e-20 -3.317e-20 0 0 -3.317e-20 -3.317e-20 0
371000 0 -3.317e-20 -3.317e-20 0 0 -3.317e-20 -3.317e-20 0
372000 0 -3.317e-20 -3.317e-20 0 0 -3.317e-20 -3.317e-20 0
373000 0 -3.317e-20 -3.317e-20 0 0 -3.317e-20 -3.317e-20 0
374000 0 -3.317e-20 -3.317e-20 0 0 -3.317e-20 -3.317e-20 0
375000 0 -3.317e-20 -3.317e-20 0 0 -3.317e-20 -3.317e-20 0
376000 0 -3.317e-20 -3.317e-20 0 0 -3.317e-20 -3.317e-20 0
377000 0 -3.317e-20 -3.317e-20 0 0 -3.317e-20 -3.317e-20 0
378000 0 -3.317e-20 -3.317e-20 0 0 -3.317e-20 -3.317e-20 0
379000 0 -3.317e-20 -3.317e-20 0 0 -3.317e-20 -3.317e-20 0
380000 0 -3.317e-20 -3.317e-20 0 0 -3.317e-20 -3.317e-20 0
381000 0 -3.317e-20 -3.317e-20 0 0 -3.317e-20 -3.317e-20 0
382000 0 -3.317e-20 -3.317e-20 0 0 -3.317e-20 -3.317e-20 0
383000 0 -3.317e-20 -3.317e-20 0 0 -3.317e-20 -3.317e-20 0
384000 0 -3.317e-20 -3.317e-20 0 0 -3.317e-20 -3.317e-20 0
385000 0 -3.317e-20 -3.317e-20 0 0 -3.317e-20 -3.317e-20 0
386000 0 -3.317e-20 -3.317e-20 0 0 -3.317e-20 -3.317e-20 0
387000 0 -3.317e-20 -3.317e-20 0 0 -3.317e-20 -3.317e-20 0
388000 0 -3.317e-20 -3.317e-20 0 0 -3.317e-20 -3.317e-20 0
389000 0 -3.317e-20 -3.317e-20 0 0 -3.317e-20 -3.317e-20 0
390000 0 -3.317e-20 -3.317e-20 0 0 -3.317e-20 -3.317e-20 0
391000 0 -3.317e-20 -3.317e-20 0 0 -3.317e-20 -3.317e-20 0
392000 0 -3.317e-20 -3.317e-20 0 0 -3.317e-20 -3.317e-20 0
393000 0 -3.317e-20 -3.317e-20 0 0 -3.317e-20 -3.317e-20 0
394000 0 -3.317e-20 -3.317e-20 0 0 -3.317e-20 -3.317e-20 0
395000 0 -3.317e-20 -3.317e-20 0 0 -3.317e-20 -3.317e-20 0
396000 0 -3.317e-20 -3.317e-20 0 0 -3.317e-20 -3.317e-20 0
397000 0 -3.317e-20 -3.317e-20 0 0 -3.317e-20 -3.317e-20 0
398000 0 -3.317e-20 -3.317e-20 0 0 -3.317e-20 -3.317e-20 0
399000 0 -3.317e-20 -3.317e-20 0 0 -3.317e-20 -3.317e-20 0
400000 0 -3.317e-20 -3.317e-20 0 0 -3.317e-20 -3.317e-20 0
401000 0 -3.317e-20 -3.317e-20 0 0 -3.317e-20 -3.317e-20 0
402000 0 -3.317e-20 -3.317e-20 0 0 -3.317e-20 -3.317e-20 0
403000 0 -3.317e-20 -3.317e-20 0 0 -3.317e-20 -3.317e-20 0
404000 0 -3.317e-20 -3.317e-20 0 0 -3.317e-20 -3.317e-20 0
405000 0 -3.317e-20 -3.317e-20 0 0 -3.317e-20 -3.317e-20 0
406000 0 -3.317e-20 -3.317e-20 0 0 -3.317e-20 -3.317e-20 0
407000 0 -3.317e-20 -3.317e-20 0 0 -3.317e-20 -3.317e-20 0
408000 0 -3.317e-20 -3.317e-20 0 0 -3.317e-20 -3.317e-20 0
409000 0 -3.317e-20 -3.317e-20 0 0 -3.317e-20 -3.317e-20 0
410000 0 -3.317e-20 -3.317e-20 0 0 -3.317e-20 -3.317e-20 0
