1000 0 0 -3.29263e-05 -3.29263e-05 0 -1.6453e-05 -3.29263e-05 -1.6453e-05 -1.6453e-05
2000 0 0 -3.29805e-05 -3.29805e-05 0 -1.64936e-05 -3.29805e-05 -1.64936e-05 -1.64936e-05
3000 0 0 -3.29671e-05 -3.29671e-05 0 -1.64836e-05 -3.29671e-05 -1.64836e-05 -1.64836e-05
4000 0 0 -3.2967e-05 -3.2967e-05 0 -1.64835e-05 -3.2967e-05 -1.64835e-05 -1.64835e-05
5000 0 0 -3.2967e-05 -3.2967e-05 0 -1.64835e-05 -3.2967e-05 -1.64835e-05 -1.64835e-05
6000 0 0 -3.2967e-05 -3.2967e-05 0 -1.64835e-05 -3.2967e-05 -1.64835e-05 -1.64835e-05
7000 0 0 -3.2967e-05 -3.2967e-05 0 -1.64835e-05 -3.2967e-05 -1.64835e-05 -1.64835e-05
8000 0 0 -3.2967e-05 -3.2967e-05 0 -1.64835e-05 -3.2967e-05 -1.64835e-05 -1.64835e-05
9000 0 0 -3.2967e-05 -3.2967e-05 0 -1.64835e-05 -3.2967e-05 -1.64835e-05 -1.64835e-05
10000 0 0 -3.2967e-05 -3.2967e-05 0 -1.64835e-05 -3.2967e-05 -1.64835e-05 -1.64835e-05
11000 0 0 -3.2967e-05 -3.2967e-05 0 -1.64835e-05 -3.2967e-05 -1.64835e-05 -1.64835e-05
12000 0 0 -3.2967e-05 -3.2967e-05 0 -1.64835e-05 -3.2967e-05 -1.64835e-05 -1.64835e-05
13000 0 0 -3.2967e-05 -3.2967e-05 0 -1.64835e-05 -3.2967e-05 -1.64835e-05 -1.64835e-05
14000 0 0 -3.2967e-05 -3.2967e-05 0 -1.64835e-05 -3.2967e-05 -1.64835e-05 -1.64835e-05
15000 0 0 -3.2967e-05 -3.2967e-05 0 -1.64835e-05 -3.2967e-05 -1.64835e-05 -1.64835e-05
16000 0 0 -3.2967e-05 -3.2967e-05 0 -1.64835e-05 -3.2967e-05 -1.64835e-05 -1.64835e-05
17000 0 0 -3.2967e-05 -3.2967e-05 0 -1.64835e-05 -3.2967e-05 -1.64835e-05 -1.64835e-05
18000 0 0 -3.2967e-05 -3.2967e-05 0 -1.64835e-05 -3.2967e-05 -1.64835e-05 -1.64835e-05
19000 0 0 -3.2967e-05 -3.2967e-05 0 -1.64835e-05 -3.2967e-05 -1.64835e-05 -1.64835e-05
20000 0 0 -3.2967e-05 -3.2967e-05 0 -1.64835e-05 -3.2967e-05 -1.64835e-05 -1.64835e-05
21000 0 0 -3.2967e-05 -3.2967e-05 0 -1.64835e-05 -3.2967e-05 -1.64835e-05 -1.64835e-05
22000 0 0 -3.2967e-05 -3.2967e-05 0 -1.64835e-05 -3.2967e-05 -1.64835e-05 -1.64835e-05
23000 0 0 -3.2967e-05 -3.2967e-05 0 -1.64835e-05 -3.2967e-05 -1.64835e-05 -1.64835e-05
24000 0 0 -3.2967e-05 -3.2967e-05 0 -1.64835e-05 -3.2967e-05 -1.64835e-05 -1.64835e-05
25000 0 0 -3.2967e-05 -3.2967e-05 0 -1.64835e-05 -3.2967e-05 -1.64835e-05 -1.64835e-05
26000 0 0 -3.2967e-05 -3.2967e-05 0 -1.64835e-05 -3.2967e-05 -1.64835e-05 -1.64835e-05
27000 0 0 -3.2967e-05 -3.2967e-05 0 -1.64835e-05 -3.2967e-05 -1.64835e-05 -1.64835e-05
28000 0 0 -3.2967e-05 -3.2967e-05 0 -1.64835e-05 -3.2967e-05 -1.64835e-05 -1.64835e-05
29000 0 0 -3.2967e-05 -3.2967e-05 0 -1.64835e-05 -3.2967e-05 -1.64835e-05 -1.64835e-05
30000 0 0 -3.2967e-05 -3.2967e-05 0 -1.64835e-05 -3.2967e-05 -1.64835e-05 -1.64835e-05
31000 0 0 -3.2967e-05 -3.2967e-05 0 -1.64835e-05 -3.2967e-05 -1.64835e-05 -1.64835e-05
32000 0 0 -3.2967e-05 -3.2967e-05 0 -1.64835e-05 -3.2967e-05 -1.64835e-05 -1.64835e-05
33000 0 0 -3.2967e-05 -3.2967e-05 0 -1.64835e-05 -3.2967e-05 -1.64835e-05 -1.64835e-05
34000 0 0 -3.2967e-05 -3.2967e-05 0 -1.64835e-05 -3.2967e-05 -1.64835e-05 -1.64835e-05
35000 0 0 -3.2967e-05 -3.2967e-05 0 -1.64835e-05 -3.2967e-05 -1.64835e-05 -1.64835e-05
36000 0 0 -3.2967e-05 -3.2967e-05 0 -1.64835e-05 -3.2967e-05 -1.64835e-05 -1.64835e-05
37000 0 0 -3.2967e-05 -3.2967e-05 0 -1.64835e-05 -3.2967e-05 -1.64835e-05 -1.64835e-05
38000 0 0 -3.2967e-05 -3.2967e-05 0 -1.64835e-05 -3.2967e-05 -1.64835e-05 -1.64835e-05
39000 0 0 -3.2967e-05 -3.2967e-05 0 -1.64835e-05 -3.2967e-05 -1.64835e-05 -1.64835e-05
40000 0 0 -3.2967e-05 -3.2967e-05 0 -1.64835e-05 -3.2967e-05 -1.64835e-05 -1.64835e-05
41000 0 0 -3.2967e-05 -3.2967e-05 0 -1.64835e-05 -3.2967e-05 -1.64835e-05 -1.64835e-05
42000 0 0 -3.2967e-05 -3.2967e-05 0 -1.64835e-05 -3.2967e-05 -1.64835e-05 -1.64835e-05
43000 0 0 -3.2967e-05 -3.2967e-05 0 -1.64835e-05 -3.2967e-05 -1.64835e-05 -1.64835e-05
44000 0 0 -3.2967e-05 -3.2967e-05 0 -1.64835e-05 -3.2967e-05 -1.64835e-05 -1.64835e-05
45000 0 0 -3.2967e-05 -3.2967e-05 0 -1.64835e-05 -3.2967e-05 -1.64835e-05 -1.64835e-05
46000 0 0 -3.2967e-05 -3.2967e-05 0 -1.64835e-05 -3.2967e-05 -1.64835e-05 -1.64835e-05
47000 0 0 -3.2967e-05 -3.2967e-05 0 -1.64835e-05 -3.2967e-05 -1.64835e-05 -1.64835e-05
48000 0 0 -3.2967e-05 -3.2967e-05 0 -1.64835e-05 -3.2967e-05 -1.64835e-05 -1.64835e-05
49000 0 0 -3.2967e-05 -3.2967e-05 0 -1.64835e-05 -3.2967e-05 -1.64835e-05 -1.64835e-05
50000 0 0 -3.2967e-05 -3.2967e-05 0 -1.64835e-05 -3.2967e-05 -1.64835e-05 -1.64835e-05
51000 0 0 -3.2967e-05 -3.2967e-05 0 -1.64835e-05 -3.2967e-05 -1.64835e-05 -1.64835e-05
52000 0 0 -3.2967e-05 -3.2967e-05 0 -1.64835e-05 -3.2967e-05 -1.64835e-05 -1.64835e-05
53000 0 0 -3.2967e-05 -3.2967e-05 0 -1.64835e-05 -3.2967e-05 -1.64835e-05 -1.64835e-05
54000 0 0 -3.2967e-05 -3.2967e-05 0 -1.64835e-05 -3.2967e-05 -1.64835e-05 -1.64835e-05
55000 0 0 -3.2967e-05 -3.2967e-05 0 -1.64835e-05 -3.2967e-05 -1.64835e-05 -1.64835e-05
56000 0 0 -3.2967e-05 -3.2967e-05 0 -1.64835e-05 -3.2967e-05 -1.64835e-05 -1.64835e-05
57000 0 0 -3.2967e-05 -3.2967e-05 0 -1.64835e-05 -3.2967e-05 -1.64835e-05 -1.64835e-05
58000 0 0 -3.2967e-05 -3.2967e-05 0 -1.64835e-05 -3.2967e-05 -1.64835e-05 -1.64835e-05
59000 0 0 -3.2967e-05 -3.2967e-05 0 -1.64835e-05 -3.2967e-05 -1.64835e-05 -1.64835e-05
60000 0 0 -3.2967e-05 -3.2967e-05 0 -1.64835e-05 -3.2967e-05 -1.64835e-05 -1.64835e-05
61000 0 0 -3.2967e-05 -3.2967e-05 0 -1.64835e-05 -3.2967e-05 -1.64835e-05 -1.64835e-05
62000 0 0 -3.2967e-05 -3.2967e-05 0 -1.64835e-05 -3.2967e-05 -1.64835e-05 -1.64835e-05
63000 0 0 -3.2967e-05 -3.2967e-05 0 -1.64835e-05 -3.2967e-05 -1.64835e-05 -1.64835e-05
64000 0 0 -3.2967e-05 -3.2967e-05 0 -1.64835e-05 -3.2967e-05 -1.64835e-05 -1.64835e-05
65000 0 0 -3.2967e-05 -3.2967e-05 0 -1.64835e-05 -3.2967e-05 -1.64835e-05 -1.64835e-05
66000 0 0 -3.2967e-05 -3.2967e-05 0 -1.64835e-05 -3.2967e-05 -1.64835e-05 -1.64835e-05
67000 0 0 -3.2967e-05 -3.2967e-05 0 -1.64835e-05 -3.2967e-05 -1.64835e-05 -1.64835e-05
68000 0 0 -3.2967e-05 -3.2967e-05 0 -1.64835e-05 -3.2967e-05 -1.64835e-05 -1.64835e-05
69000 0 0 -3.2967e-05 -3.2967e-05 0 -1.64835e-05 -3.2967e-05 -1.64835e-05 -1.64835e-05
70000 0 0 -3.2967e-05 -3.2967e-05 0 -1.64835e-05 -3.2967e-05 -1.64835e-05 -1.64835e-05
71000 0 0 -3.2967e-05 -3.2967e-05 0 -1.64835e-05 -3.2967e-05 -1.64835e-05 -1.64835e-05
72000 0 0 -3.2967e-05 -3.2967e-05 0 -1.64835e-05 -3.2967e-05 -1.64835e-05 -1.64835e-05
73000 0 0 -3.2967e-05 -3.2967e-05 0 -1.64835e-05 -3.2967e-05 -1.64835e-05 -1.64835e-05
74000 0 0 -3.2967e-05 -3.2967e-05 0 -1.64835e-05 -3.2967e-05 -1.64835e-05 -1.64835e-05
75000 0 0 -3.2967e-05 -3.2967e-05 0 -1.64835e-05 -3.2967e-05 -1.64835e-05 -1.64835e-05
76000 0 0 -3.2967e-05 -3.2967e-05 0 -1.64835e-05 -3.2967e-05 -1.64835e-05 -1.64835e-05
77000 0 0 -3.2967e-05 -3.2967e-05 0 -1.64835e-05 -3.2967e-05 -1.64835e-05 -1.64835e-05
78000 0 0 -3.2967e-05 -3.2967e-05 0 -1.64835e-05 -3.2967e-05 -1.64835e-05 -1.64835e-05
79000 0 0 -3.2967e-05 -3.2967e-05 0 -1.64835e-05 -3.2967e-05 -1.64835e-05 -1.64835e-05
80000 0 0 -3.2967e-05 -3.2967e-05 0 -1.64835e-05 -3.2967e-05 -1.64835e-05 -1.64835e-05
81000 0 0 -3.2967e-05 -3.2967e-05 0 -1.64835e-05 -3.2967e-05 -1.64835e-05 -1.64835e-05
82000 0 0 -3.2967e-05 -3.2967e-05 0 -1.64835e-05 -3.2967e-05 -1.64835e-05 -1.64835e-05
83000 0 0 -3.2967e-05 -3.2967e-05 0 -1.64835e-05 -3.2967e-05 -1.64835e-05 -1.64835e-05
84000 0 0 -3.2967e-05 -3.2967e-05 0 -1.64835e-05 -3.2967e-05 -1.64835e-05 -1.64835e-05
85000 0 0 -3.2967e-05 -3.2967e-05 0 -1.64835e-05 -3.2967e-05 -1.64835e-05 -1.64835e-05
86000 0 0 -3.2967e-05 -3.2967e-05 0 -1.64835e-05 -3.2967e-05 -1.64835e-05 -1.64835e-05
87000 0 0 -3.2967e-05 -3.2967e-05 0 -1.64835e-05 -3.2967e-05 -1.64835e-05 -1.64835e-05
88000 0 0 -3.2967e-05 -3.2967e-05 0 -1.64835e-05 -3.2967e-05 -1.64835e-05 -1.64835e-05
89000 0 0 -3.2967e-05 -3.2967e-05 0 -1.64835e-05 -3.2967e-05 -1.64835e-05 -1.64835e-05
90000 0 0 -3.2967e-05 -3.2967e-05 0 -1.64835e-05 -3.2967e-05 -1.64835e-05 -1.64835e-05
91000 0 0 -3.2967e-05 -3.2967e-05 0 -1.64835e-05 -3.2967e-05 -1.64835e-05 -1.64835e-05
92000 0 0 -3.2967e-05 -3.2967e-05 0 -1.64835e-05 -3.2967e-05 -1.64835e-05 -1.64835e-05
93000 0 0 -3.2967e-05 -3.2967e-05 0 -1.64835e-05 -3.2967e-05 -1.64835e-05 -1.64835e-05
94000 0 0 -3.2967e-05 -3.2967e-05 0 -1.64835e-05 -3.2967e-05 -1.64835e-05 -1.64835e-05
95000 0 0 -3.2967e-05 -3.2967e-05 0 -1.64835e-05 -3.2967e-05 -1.64835e-05 -1.64835e-05
96000 0 0 -3.2967e-05 -3.2967e-05 0 -1.64835e-05 -3.2967e-05 -1.64835e-05 -1.64835e-05
97000 0 0 -3.2967e-05 -3.2967e-05 0 -1.64835e-05 -3.2967e-05 -1.64835e-05 -1.64835e-05
98000 0 0 -3.2967e-05 -3.2967e-05 0 -1.64835e-05 -3.2967e-05 -1.64835e-05 -1.64835e-05
99000 0 0 -3.2967e-05 -3.2967e-05 0 -1.64835e-05 -3.2967e-05 -1.64835e-05 -1.64835e-05
100000 0 0 -3.2967e-05 -3.2967e-05 0 -1.64835e-05 -3.2967e-05 -1.64835e-05 -1.64835e-05
101000 0 0 -3.2967e-05 -3.2967e-05 0 -1.64835e-05 -3.2967e-05 -1.64835e-05 -1.64835e-05
102000 0 0 -3.2967e-05 -3.2967e-05 0 -1.64835e-05 -3.2967e-05 -1.64835e-05 -1.64835e-05
103000 0 0 -3.2967e-05 -3.2967e-05 0 -1.64835e-05 -3.2967e-05 -1.64835e-05 -1.64835e-05
104000 0 0 -3.2967e-05 -3.2967e-05 0 -1.64835e-05 -3.2967e-05 -1.64835e-05 -1.64835e-05
105000 0 0 -3.2967e-05 -3.2967e-05 0 -1.64835e-05 -3.2967e-05 -1.64835e-05 -1.64835e-05
106000 0 0 -3.2967e-05 -3.2967e-05 0 -1.64835e-05 -3.2967e-05 -1.64835e-05 -1.64835e-05
107000 0 0 -3.2967e-05 -3.2967e-05 0 -1.64835e-05 -3.2967e-05 -1.64835e-05 -1.64835e-05
108000 0 0 -3.2967e-05 -3.2967e-05 0 -1.64835e-05 -3.2967e-05 -1.64835e-05 -1.64835e-05
109000 0 0 -3.2967e-05 -3.2967e-05 0 -1.64835e-05 -3.2967e-05 -1.64835e-05 -1.64835e-05
110000 0 0 -3.2967e-05 -3.2967e-05 0 -1.64835e-05 -3.2967e-05 -1.64835e-05 -1.64835e-05
111000 0 0 -3.2967e-05 -3.2967e-05 0 -1.64835e-05 -3.2967e-05 -1.64835e-05 -1.64835e-05
112000 0 0 -3.2967e-05 -3.2967e-05 0 -1.64835e-05 -3.2967e-05 -1.64835e-05 -1.64835e-05
113000 0 0 -3.2967e-05 -3.2967e-05 0 -1.64835e-05 -3.2967e-05 -1.64835e-05 -1.64835e-05
114000 0 0 -3.2967e-05 -3.2967e-05 0 -1.64835e-05 -3.2967e-05 -1.64835e-05 -1.64835e-05
115000 0 0 -3.2967e-05 -3.2967e-05 0 -1.64835e-05 -3.2967e-05 -1.64835e-05 -1.64835e-05
116000 0 0 -3.2967e-05 -3.2967e-05 0 -1.64835e-05 -3.2967e-05 -1.64835e-05 -1.64835e-05
117000 0 0 -3.2967e-05 -3.2967e-05 0 -1.64835e-05 -3.2967e-05 -1.64835e-05 -1.64835e-05
118000 0 0 -3.2967e-05 -3.2967e-05 0 -1.64835e-05 -3.2967e-05 -1.64835e-05 -1.64835e-05
119000 0 0 -3.2967e-05 -3.2967e-05 0 -1.64835e-05 -3.2967e-05 -1.64835e-05 -1.64835e-05
120000 0 0 -3.2967e-05 -3.2967e-05 0 -1.64835e-05 -3.2967e-05 -1.64835e-05 -1.64835e-05
121000 0 0 -3.2967e-05 -3.2967e-05 0 -1.64835e-05 -3.2967e-05 -1.64835e-05 -1.64835e-05
122000 0 0 -3.2967e-05 -3.2967e-05 0 -1.64835e-05 -3.2967e-05 -1.64835e-05 -1.64835e-05
123000 0 0 -3.2967e-05 -3.2967e-05 0 -1.64835e-05 -3.2967e-05 -1.64835e-05 -1.64835e-05
124000 0 0 -3.2967e-05 -3.2967e-05 0 -1.64835e-05 -3.2967e-05 -1.64835e-05 -1.64835e-05
125000 0 0 -3.2967e-05 -3.2967e-05 0 -1.64835e-05 -3.2967e-05 -1.64835e-05 -1.64835e-05
126000 0 0 -3.2967e-05 -3.2967e-05 0 -1.64835e-05 -3.2967e-05 -1.64835e-05 -1.64835e-05
127000 0 0 -3.2967e-05 -3.2967e-05 0 -1.64835e-05 -3.2967e-05 -1.64835e-05 -1.64835e-05
128000 0 0 -3.2967e-05 -3.2967e-05 0 -1.64835e-05 -3.2967e-05 -1.64835e-05 -1.64835e-05
129000 0 0 -3.2967e-05 -3.2967e-05 0 -1.64835e-05 -3.2967e-05 -1.64835e-05 -1.64835e-05
130000 0 0 -3.2967e-05 -3.2967e-05 0 -1.64835e-05 -3.2967e-05 -1.64835e-05 -1.64835e-05
131000 0 0 -3.2967e-05 -3.2967e-05 0 -1.64835e-05 -3.2967e-05 -1.64835e-05 -1.64835e-05
132000 0 0 -3.2967e-05 -3.2967e-05 0 -1.64835e-05 -3.2967e-05 -1.64835e-05 -1.64835e-05
133000 0 0 -3.2967e-05 -3.2967e-05 0 -1.64835e-05 -3.2967e-05 -1.64835e-05 -1.64835e-05
134000 0 0 -3.2967e-05 -3.2967e-05 0 -1.64835e-05 -3.2967e-05 -1.64835e-05 -1.64835e-05
135000 0 0 -3.2967e-05 -3.2967e-05 0 -1.64835e-05 -3.2967e-05 -1.64835e-05 -1.64835e-05
136000 0 0 -3.2967e-05 -3.2967e-05 0 -1.64835e-05 -3.2967e-05 -1.64835e-05 -1.64835e-05
137000 0 0 -3.2967e-05 -3.2967e-05 0 -1.64835e-05 -3.2967e-05 -1.64835e-05 -1.64835e-05
138000 0 0 -3.2967e-05 -3.2967e-05 0 -1.64835e-05 -3.2967e-05 -1.64835e-05 -1.64835e-05
139000 0 0 -3.2967e-05 -3.2967e-05 0 -1.64835e-05 -3.2967e-05 -1.64835e-05 -1.64835e-05
140000 0 0 -3.2967e-05 -3.2967e-05 0 -1.64835e-05 -3.2967e-05 -1.64835e-05 -1.64835e-05
141000 0 0 -3.2967e-05 -3.2967e-05 0 -1.64835e-05 -3.2967e-05 -1.64835e-05 -1.64835e-05
142000 0 0 -3.2967e-05 -3.2967e-05 0 -1.64835e-05 -3.2967e-05 -1.64835e-05 -1.64835e-05
143000 0 0 -3.2967e-05 -3.2967e-05 0 -1.64835e-05 -3.2967e-05 -1.64835e-05 -1.64835e-05
144000 0 0 -3.2967e-05 -3.2967e-05 0 -1.64835e-05 -3.2967e-05 -1.64835e-05 -1.64835e-05
145000 0 0 -3.2967e-05 -3.2967e-05 0 -1.64835e-05 -3.2967e-05 -1.64835e-05 -1.64835e-05
146000 0 0 -3.2967e-05 -3.2967e-05 0 -1.64835e-05 -3.2967e-05 -1.64835e-05 -1.64835e-05
147000 0 0 -3.2967e-05 -3.2967e-05 0 -1.64835e-05 -3.2967e-05 -1.64835e-05 -1.64835e-05
148000 0 0 -3.2967e-05 -3.2967e-05 0 -1.64835e-05 -3.2967e-05 -1.64835e-05 -1.64835e-05
149000 0 0 -3.2967e-05 -3.2967e-05 0 -1.64835e-05 -3.2967e-05 -1.64835e-05 -1.64835e-05
150000 0 0 -3.2967e-05 -3.2967e-05 0 -1.64835e-05 -3.2967e-05 -1.64835e-05 -1.64835e-05
151000 0 0 -3.2967e-05 -3.2967e-05 0 -1.64835e-05 -3.2967e-05 -1.64835e-05 -1.64835e-05
152000 0 0 -3.2967e-05 -3.2967e-05 0 -1.64835e-05 -3.2967e-05 -1.64835e-05 -1.64835e-05
153000 0 0 -3.2967e-05 -3.2967e-05 0 -1.64835e-05 -3.2967e-05 -1.64835e-05 -1.64835e-05
154000 0 0 -3.2967e-05 -3.2967e-05 0 -1.64835e-05 -3.2967e-05 -1.64835e-05 -1.64835e-05
155000 0 0 -3.2967e-05 -3.2967e-05 0 -1.64835e-05 -3.2967e-05 -1.64835e-05 -1.64835e-05
156000 0 0 -3.2967e-05 -3.2967e-05 0 -1.64835e-05 -3.2967e-05 -1.64835e-05 -1.64835e-05
157000 0 0 -3.2967e-05 -3.2967e-05 0 -1.64835e-05 -3.2967e-05 -1.64835e-05 -1.64835e-05
158000 0 0 -3.2967e-05 -3.2967e-05 0 -1.64835e-05 -3.2967e-05 -1.64835e-05 -1.64835e-05
159000 0 0 -3.2967e-05 -3.2967e-05 0 -1.64835e-05 -3.2967e-05 -1.64835e-05 -1.64835e-05
160000 0 0 -3.2967e-05 -3.2967e-05 0 -1.64835e-05 -3.2967e-05 -1.64835e-05 -1.64835e-05
161000 0 0 -3.2967e-05 -3.2967e-05 0 -1.64835e-05 -3.2967e-05 -1.64835e-05 -1.64835e-05
162000 0 0 -3.2967e-05 -3.2967e-05 0 -1.64835e-05 -3.2967e-05 -1.64835e-05 -1.64835e-05
163000 0 0 -3.2967e-05 -3.2967e-05 0 -1.64835e-05 -3.2967e-05 -1.64835e-05 -1.64835e-05
164000 0 0 -3.2967e-05 -3.2967e-05 0 -1.64835e-05 -3.2967e-05 -1.64835e-05 -1.64835e-05
165000 0 0 -3.2967e-05 -3.2967e-05 0 -1.64835e-05 -3.2967e-05 -1.64835e-05 -1.64835e-05
166000 0 0 -3.2967e-05 -3.2967e-05 0 -1.64835e-05 -3.2967e-05 -1.64835e-05 -1.64835e-05
167000 0 0 -3.2967e-05 -3.2967e-05 0 -1.64835e-05 -3.2967e-05 -1.64835e-05 -1.64835e-05
168000 0 0 -3.2967e-05 -3.2967e-05 0 -1.64835e-05 -3.2967e-05 -1.64835e-05 -1.64835e-05
169000 0 0 -3.2967e-05 -3.2967e-05 0 -1.64835e-05 -3.2967e-05 -1.64835e-05 -1.64835e-05
170000 0 0 -3.2967e-05 -3.2967e-05 0 -1.64835e-05 -3.2967e-05 -1.64835e-05 -1.64835e-05
171000 0 0 -3.2967e-05 -3.2967e-05 0 -1.64835e-05 -3.2967e-05 -1.64835e-05 -1.64835e-05
172000 0 0 -3.2967e-05 -3.2967e-05 0 -1.64835e-05 -3.2967e-05 -1.64835e-05 -1.64835e-05
173000 0 0 -3.2967e-05 -3.2967e-05 0 -1.64835e-05 -3.2967e-05 -1.64835e-05 -1.64835e-05
174000 0 0 -3.2967e-05 -3.2967e-05 0 -1.64835e-05 -3.2967e-05 -1.64835e-05 -1.64835e-05
175000 0 0 -3.2967e-05 -3.2967e-05 0 -1.64835e-05 -3.2967e-05 -1.64835e-05 -1.64835e-05
176000 0 0 -3.2967e-05 -3.2967e-05 0 -1.64835e-05 -3.2967e-05 -1.64835e-05 -1.64835e-05
177000 0 0 -3.2967e-05 -3.2967e-05 0 -1.64835e-05 -3.2967e-05 -1.64835e-05 -1.64835e-05
178000 0 0 -3.2967e-05 -3.2967e-05 0 -1.64835e-05 -3.2967e-05 -1.64835e-05 -1.64835e-05
179000 0 0 -3.2967e-05 -3.2967e-05 0 -1.64835e-05 -3.2967e-05 -1.64835e-05 -1.64835e-05
180000 0 0 -3.2967e-05 -3.2967e-05 0 -1.64835e-05 -3.2967e-05 -1.64835e-05 -1.64835e-05
181000 0 0 -3.2967e-05 -3.2967e-05 0 -1.64835e-05 -3.2967e-05 -1.64835e-05 -1.64835e-05
182000 0 0 -3.2967e-05 -3.2967e-05 0 -1.64835e-05 -3.2967e-05 -1.64835e-05 -1.64835e-05
183000 0 0 -3.2967e-05 -3.2967e-05 0 -1.64835e-05 -3.2967e-05 -1.64835e-05 -1.64835e-05
184000 0 0 -3.2967e-05 -3.2967e-05 0 -1.64835e-05 -3.2967e-05 -1.64835e-05 -1.64835e-05
185000 0 0 -3.2967e-05 -3.2967e-05 0 -1.64835e-05 -3.2967e-05 -1.64835e-05 -1.64835e-05
186000 0 0 -3.2967e-05 -3.2967e-05 0 -1.64835e-05 -3.2967e-05 -1.64835e-05 -1.64835e-05
187000 0 0 -3.2967e-05 -3.2967e-05 0 -1.64835e-05 -3.2967e-05 -1.64835e-05 -1.64835e-05
188000 0 0 -3.2967e-05 -3.2967e-05 0 -1.64835e-05 -3.2967e-05 -1.64835e-05 -1.64835e-05
189000 0 0 -3.2967e-05 -3.2967e-05 0 -1.64835e-05 -3.2967e-05 -1.64835e-05 -1.64835e-05
190000 0 0 -3.2967e-05 -3.2967e-05 0 -1.64835e-05 -3.2967e-05 -1.64835e-05 -1.64835e-05
191000 0 0 -3.2967e-05 -3.2967e-05 0 -1.64835e-05 -3.2967e-05 -1.64835e-05 -1.64835e-05
192000 0 0 -3.2967e-05 -3.2967e-05 0 -1.64835e-05 -3.2967e-05 -1.64835e-05 -1.64835e-05
193000 0 0 -3.2967e-05 -3.2967e-05 0 -1.64835e-05 -3.2967e-05 -1.64835e-05 -1.64835e-05
194000 0 0 -3.2967e-05 -3.2967e-05 0 -1.64835e-05 -3.2967e-05 -1.64835e-05 -1.64835e-05
195000 0 0 -3.2967e-05 -3.2967e-05 0 -1.64835e-05 -3.2967e-05 -1.64835e-05 -1.64835e-05
196000 0 0 -3.2967e-05 -3.2967e-05 0 -1.64835e-05 -3.2967e-05 -1.64835e-05 -1.64835e-05
197000 0 0 -3.2967e-05 -3.2967e-05 0 -1.64835e-05 -3.2967e-05 -1.64835e-05 -1.64835e-05
198000 0 0 -3.2967e-05 -3.2967e-05 0 -1.64835e-05 -3.2967e-05 -1.64835e-05 -1.64835e-05
199000 0 0 -3.2967e-05 -3.2967e-05 0 -1.64835e-05 -3.2967e-05 -1.64835e-05 -1.64835e-05
200000 0 0 -3.2967e-05 -3.2967e-05 0 -1.64835e-05 -3.2967e-05 -1.64835e-05 -1.64835e-05
200100 0 0 -3.2967e-05 -3.2967e-05 0 -1.64835e-05 -3.2967e-05 -1.64835e-05 -1.64835e-05
200200 0 0 -3.2967e-05 -3.2967e-05 0 -1.64835e-05 -3.2967e-05 -1.64835e-05 -1.64835e-05
200300 0 0 -3.2967e-05 -3.2967e-05 0 -1.64835e-05 -3.2967e-05 -1.64835e-05 -1.64835e-05
200400 0 0 -3.2967e-05 -3.2967e-05 0 -1.64835e-05 -3.2967e-05 -1.64835e-05 -1.64835e-05
200500 0 0 -3.2967e-05 -3.2967e-05 0 -1.64835e-05 -3.2967e-05 -1.64835e-05 -1.64835e-05
200600 0 0 -3.2967e-05 -3.2967e-05 0 -1.64835e-05 -3.2967e-05 -1.64835e-05 -1.64835e-05
200700 0 0 -3.2967e-05 -3.2967e-05 0 -1.64835e-05 -3.2967e-05 -1.64835e-05 -1.64835e-05
200800 0 0 -3.2967e-05 -3.2967e-05 0 -1.64835e-05 -3.2967e-05 -1.64835e-05 -1.64835e-05
200900 0 0 -3.2967e-05 -3.2967e-05 0 -1.64835e-05 -3.2967e-05 -1.64835e-05 -1.64835e-05
201000 0 0 -3.2967e-05 -3.2967e-05 0 -1.64835e-05 -3.2967e-05 -1.64835e-05 -1.64835e-05
201100 0 0 -3.2967e-05 -3.2967e-05 0 -1.64835e-05 -3.2967e-05 -1.64835e-05 -1.64835e-05
201200 0 0 -3.2967e-05 -3.2967e-05 0 -1.64835e-05 -3.2967e-05 -1.64835e-05 -1.64835e-05
201300 0 0 -3.2967e-05 -3.2967e-05 0 -1.64835e-05 -3.2967e-05 -1.64835e-05 -1.64835e-05
201400 0 0 -3.2967e-05 -3.2967e-05 0 -1.64835e-05 -3.2967e-05 -1.64835e-05 -1.64835e-05
201500 0 0 -3.2967e-05 -3.2967e-05 0 -1.64835e-05 -3.2967e-05 -1.64835e-05 -1.64835e-05
201600 0 0 -3.2967e-05 -3.2967e-05 0 -1.64835e-05 -3.2967e-05 -1.64835e-05 -1.64835e-05
201700 0 0 -3.2967e-05 -3.2967e-05 0 -1.64835e-05 -3.2967e-05 -1.64835e-05 -1.64835e-05
201800 0 0 -3.2967e-05 -3.2967e-05 0 -1.64835e-05 -3.2967e-05 -1.64835e-05 -1.64835e-05
201900 0 0 -3.2967e-05 -3.2967e-05 0 -1.64835e-05 -3.2967e-05 -1.64835e-05 -1.64835e-05
202000 0 0 -3.2967e-05 -3.2967e-05 0 -1.64835e-05 -3.2967e-05 -1.64835e-05 -1.64835e-05
202100 0 0 -3.2967e-05 -3.2967e-05 0 -1.64835e-05 -3.2967e-05 -1.64835e-05 -1.64835e-05
202200 0 0 -3.2967e-05 -3.2967e-05 0 -1.64835e-05 -3.2967e-05 -1.64835e-05 -1.64835e-05
202300 0 0 -3.2967e-05 -3.2967e-05 0 -1.64835e-05 -3.2967e-05 -1.64835e-05 -1.64835e-05
202400 0 0 -3.2967e-05 -3.2967e-05 0 -1.64835e-05 -3.2967e-05 -1.64835e-05 -1.64835e-05
202500 0 0 -3.2967e-05 -3.2967e-05 0 -1.64835e-05 -3.2967e-05 -1.64835e-05 -1.64835e-05
202600 0 0 -3.2967e-05 -3.2967e-05 0 -1.64835e-05 -3.2967e-05 -1.64835e-05 -1.64835e-05
202700 0 0 -3.2967e-05 -3.2967e-05 0 -1.64835e-05 -3.2967e-05 -1.64835e-05 -1.64835e-05
202800 0 0 -3.2967e-05 -3.2967e-05 0 -1.64835e-05 -3.2967e-05 -1.64835e-05 -1.64835e-05
202900 0 0 -3.2967e-05 -3.2967e-05 0 -1.64835e-05 -3.2967e-05 -1.64835e-05 -1.64835e-05
203000 0 0 -3.2967e-05 -3.2967e-05 0 -1.64835e-05 -3.2967e-05 -1.64835e-05 -1.64835e-05
203100 0 0 -3.2967e-05 -3.2967e-05 0 -1.64835e-05 -3.2967e-05 -1.64835e-05 -1.64835e-05
203200 0 0 -3.2967e-05 -3.2967e-05 0 -1.64835e-05 -3.2967e-05 -1.64835e-05 -1.64835e-05
203300 0 0 -3.2967e-05 -3.2967e-05 0 -1.64835e-05 -3.2967e-05 -1.64835e-05 -1.64835e-05
203400 0 0 -3.2967e-05 -3.2967e-05 0 -1.64835e-05 -3.2967e-05 -1.64835e-05 -1.64835e-05
203500 0 0 -3.2967e-05 -3.2967e-05 0 -1.64835e-05 -3.2967e-05 -1.64835e-05 -1.64835e-05
203600 0 0 -3.2967e-05 -3.2967e-05 0 -1.64835e-05 -3.2967e-05 -1.64835e-05 -1.64835e-05
203700 0 0 -3.2967e-05 -3.2967e-05 0 -1.64835e-05 -3.2967e-05 -1.64835e-05 -1.64835e-05
203800 0 0 -3.2967e-05 -3.2967e-05 0 -1.64835e-05 -3.2967e-05 -1.64835e-05 -1.64835e-05
203900 0 0 -3.2967e-05 -3.2967e-05 0 -1.64835e-05 -3.2967e-05 -1.64835e-05 -1.64835e-05
204000 0 0 -3.2967e-05 -3.2967e-05 0 -1.64835e-05 -3.2967e-05 -1.64835e-05 -1.64835e-05
204100 0 0 -3.2967e-05 -3.2967e-05 0 -1.64835e-05 -3.2967e-05 -1.64835e-05 -1.64835e-05
204200 0 0 -3.2967e-05 -3.2967e-05 0 -1.64835e-05 -3.2967e-05 -1.64835e-05 -1.64835e-05
204300 0 0 -3.2967e-05 -3.2967e-05 0 -1.64835e-05 -3.2967e-05 -1.64835e-05 -1.64835e-05
204400 0 0 -3.2967e-05 -3.2967e-05 0 -1.64835e-05 -3.2967e-05 -1.64835e-05 -1.64835e-05
204500 0 0 -3.2967e-05 -3.2967e-05 0 -1.64835e-05 -3.2967e-05 -1.64835e-05 -1.64835e-05
204600 0 0 -3.2967e-05 -3.2967e-05 0 -1.64835e-05 -3.2967e-05 -1.64835e-05 -1.64835e-05
204700 0 0 -3.2967e-05 -3.2967e-05 0 -1.64835e-05 -3.2967e-05 -1.64835e-05 -1.64835e-05
204800 0 0 -3.2967e-05 -3.2967e-05 0 -1.64835e-05 -3.2967e-05 -1.64835e-05 -1.64835e-05
204900 0 0 -3.2967e-05 -3.2967e-05 0 -1.64835e-05 -3.2967e-05 -1.64835e-05 -1.64835e-05
205000 0 0 -3.2967e-05 -3.2967e-05 0 -1.64835e-05 -3.2967e-05 -1.64835e-05 -1.64835e-05
205100 0 0 -3.2967e-05 -3.2967e-05 0 -1.64835e-05 -3.2967e-05 -1.64835e-05 -1.64835e-05
205200 0 0 -3.2967e-05 -3.2967e-05 0 -1.64835e-05 -3.2967e-05 -1.64835e-05 -1.64835e-05
205300 0 0 -3.2967e-05 -3.2967e-05 0 -1.64835e-05 -3.2967e-05 -1.64835e-05 -1.64835e-05
205400 0 0 -3.2967e-05 -3.2967e-05 0 -1.64835e-05 -3.2967e-05 -1.64835e-05 -1.64835e-05
205500 0 0 -3.2967e-05 -3.2967e-05 0 -1.64835e-05 -3.2967e-05 -1.64835e-05 -1.64835e-05
205600 0 0 -3.2967e-05 -3.2967e-05 0 -1.64835e-05 -3.2967e-05 -1.64835e-05 -1.64835e-05
205700 0 0 -3.2967e-05 -3.2967e-05 0 -1.64835e-05 -3.2967e-05 -1.64835e-05 -1.64835e-05
205800 0 0 -3.2967e-05 -3.2967e-05 0 -1.64835e-05 -3.2967e-05 -1.64835e-05 -1.64835e-05
205900 0 0 -3.2967e-05 -3.2967e-05 0 -1.64835e-05 -3.2967e-05 -1.64835e-05 -1.64835e-05
206000 0 0 -3.2967e-05 -3.2967e-05 0 -1.64835e-05 -3.2967e-05 -1.64835e-05 -1.64835e-05
206100 0 0 -3.2967e-05 -3.2967e-05 0 -1.64835e-05 -3.2967e-05 -1.64835e-05 -1.64835e-05
206200 0 0 -3.2967e-05 -3.2967e-05 0 -1.64835e-05 -3.2967e-05 -1.64835e-05 -1.64835e-05
206300 0 0 -3.2967e-05 -3.2967e-05 0 -1.64835e-05 -3.2967e-05 -1.64835e-05 -1.64835e-05
206400 0 0 -3.2967e-05 -3.2967e-05 0 -1.64835e-05 -3.2967e-05 -1.64835e-05 -1.64835e-05
206500 0 0 -3.2967e-05 -3.2967e-05 0 -1.64835e-05 -3.2967e-05 -1.64835e-05 -1.64835e-05
206600 0 0 -3.2967e-05 -3.2967e-05 0 -1.64835e-05 -3.2967e-05 -1.64835e-05 -1.64835e-05
206700 0 0 -3.2967e-05 -3.2967e-05 0 -1.64835e-05 -3.2967e-05 -1.64835e-05 -1.64835e-05
206800 0 0 -3.2967e-05 -3.2967e-05 0 -1.64835e-05 -3.2967e-05 -1.64835e-05 -1.64835e-05
206900 0 0 -3.2967e-05 -3.2967e-05 0 -1.64835e-05 -3.2967e-05 -1.64835e-05 -1.64835e-05
207000 0 0 -3.2967e-05 -3.2967e-05 0 -1.64835e-05 -3.2967e-05 -1.64835e-05 -1.64835e-05
207100 0 0 -3.2967e-05 -3.2967e-05 0 -1.64835e-05 -3.2967e-05 -1.64835e-05 -1.64835e-05
207200 0 0 -3.2967e-05 -3.2967e-05 0 -1.64835e-05 -3.2967e-05 -1.64835e-05 -1.64835e-05
207300 0 0 -3.2967e-05 -3.2967e-05 0 -1.64835e-05 -3.2967e-05 -1.64835e-05 -1.64835e-05
207400 0 0 -3.2967e-05 -3.2967e-05 0 -1.64835e-05 -3.2967e-05 -1.64835e-05 -1.64835e-05
207500 0 0 -3.2967e-05 -3.2967e-05 0 -1.64835e-05 -3.2967e-05 -1.64835e-05 -1.64835e-05
207600 0 0 -3.2967e-05 -3.2967e-05 0 -1.64835e-05 -3.2967e-05 -1.64835e-05 -1.64835e-05
207700 0 0 -3.2967e-05 -3.2967e-05 0 -1.64835e-05 -3.2967e-05 -1.64835e-05 -1.64835e-05
207800 0 0 -3.2967e-05 -3.2967e-05 0 -1.64835e-05 -3.2967e-05 -1.64835e-05 -1.64835e-05
207900 0 0 -3.2967e-05 -3.2967e-05 0 -1.64835e-05 -3.2967e-05 -1.64835e-05 -1.64835e-05
208000 0 0 -3.2967e-05 -3.2967e-05 0 -1.64835e-05 -3.2967e-05 -1.64835e-05 -1.64835e-05
208100 0 0 -3.2967e-05 -3.2967e-05 0 -1.64835e-05 -3.2967e-05 -1.64835e-05 -1.64835e-05
208200 0 0 -3.2967e-05 -3.2967e-05 0 -1.64835e-05 -3.2967e-05 -1.64835e-05 -1.64835e-05
208300 0 0 -3.2967e-05 -3.2967e-05 0 -1.64835e-05 -3.2967e-05 -1.64835e-05 -1.64835e-05
208400 0 0 -3.2967e-05 -3.2967e-05 0 -1.64835e-05 -3.2967e-05 -1.64835e-05 -1.64835e-05
208500 0 0 -3.2967e-05 -3.2967e-05 0 -1.64835e-05 -3.2967e-05 -1.64835e-05 -1.64835e-05
208600 0 0 -3.2967e-05 -3.2967e-05 0 -1.64835e-05 -3.2967e-05 -1.64835e-05 -1.64835e-05
208700 0 0 -3.2967e-05 -3.2967e-05 0 -1.64835e-05 -3.2967e-05 -1.64835e-05 -1.64835e-05
208800 0 0 -3.2967e-05 -3.2967e-05 0 -1.64835e-05 -3.2967e-05 -1.64835e-05 -1.64835e-05
208900 0 0 -3.2967e-05 -3.2967e-05 0 -1.64835e-05 -3.2967e-05 -1.64835e-05 -1.64835e-05
209000 0 0 -3.2967e-05 -3.2967e-05 0 -1.64835e-05 -3.2967e-05 -1.64835e-05 -1.64835e-05
209100 0 0 -3.2967e-05 -3.2967e-05 0 -1.64835e-05 -3.2967e-05 -1.64835e-05 -1.64835e-05
209200 0 0 -3.2967e-05 -3.2967e-05 0 -1.64835e-05 -3.2967e-05 -1.64835e-05 -1.64835e-05
209300 0 0 -3.2967e-05 -3.2967e-05 0 -1.64835e-05 -3.2967e-05 -1.64835e-05 -1.64835e-05
209400 0 0 -3.2967e-05 -3.2967e-05 0 -1.64835e-05 -3.2967e-05 -1.64835e-05 -1.64835e-05
209500 0 0 -3.2967e-05 -3.2967e-05 0 -1.64835e-05 -3.2967e-05 -1.64835e-05 -1.64835e-05
209600 0 0 -3.2967e-05 -3.2967e-05 0 -1.64835e-05 -3.2967e-05 -1.64835e-05 -1.64835e-05
209700 0 0 -3.2967e-05 -3.2967e-05 0 -1.64835e-05 -3.2967e-05 -1.64835e-05 -1.64835e-05
209800 0 0 -3.2967e-05 -3.2967e-05 0 -1.64835e-05 -3.2967e-05 -1.64835e-05 -1.64835e-05
209900 0 0 -3.2967e-05 -3.2967e-05 0 -1.64835e-05 -3.2967e-05 -1.64835e-05 -1.64835e-05
210000 0 0 -3.2967e-05 -3.2967e-05 0 -1.64835e-05 -3.2967e-05 -1.64835e-05 -1.64835e-05
211000 0 0 -3.2967e-05 -3.2967e-05 0 -1.64835e-05 -3.2967e-05 -1.64835e-05 -1.64835e-05
212000 0 0 -3.2967e-05 -3.2967e-05 0 -1.64835e-05 -3.2967e-05 -1.64835e-05 -1.64835e-05
213000 0 0 -3.2967e-05 -3.2967e-05 0 -1.64835e-05 -3.2967e-05 -1.64835e-05 -1.64835e-05
214000 0 0 -3.2967e-05 -3.2967e-05 0 -1.64835e-05 -3.2967e-05 -1.64835e-05 -1.64835e-05
215000 0 0 -3.2967e-05 -3.2967e-05 0 -1.64835e-05 -3.2967e-05 -1.64835e-05 -1.64835e-05
216000 0 0 -3.2967e-05 -3.2967e-05 0 -1.64835e-05 -3.2967e-05 -1.64835e-05 -1.64835e-05
217000 0 0 -3.2967e-05 -3.2967e-05 0 -1.64835e-05 -3.2967e-05 -1.64835e-05 -1.64835e-05
218000 0 0 -3.2967e-05 -3.2967e-05 0 -1.64835e-05 -3.2967e-05 -1.64835e-05 -1.64835e-05
219000 0 0 -3.2967e-05 -3.2967e-05 0 -1.64835e-05 -3.2967e-05 -1.64835e-05 -1.64835e-05
220000 0 0 -3.2967e-05 -3.2967e-05 0 -1.64835e-05 -3.2967e-05 -1.64835e-05 -1.64835e-05
221000 0 0 -3.2967e-05 -3.2967e-05 0 -1.64835e-05 -3.2967e-05 -1.64835e-05 -1.64835e-05
222000 0 0 -3.2967e-05 -3.2967e-05 0 -1.64835e-05 -3.2967e-05 -1.64835e-05 -1.64835e-05
223000 0 0 -3.2967e-05 -3.2967e-05 0 -1.64835e-05 -3.2967e-05 -1.64835e-05 -1.64835e-05
224000 0 0 -3.2967e-05 -3.2967e-05 0 -1.64835e-05 -3.2967e-05 -1.64835e-05 -1.64835e-05
225000 0 0 -3.2967e-05 -3.2967e-05 0 -1.64835e-05 -3.2967e-05 -1.64835e-05 -1.64835e-05
226000 0 0 -3.2967e-05 -3.2967e-05 0 -1.64835e-05 -3.2967e-05 -1.64835e-05 -1.64835e-05
227000 0 0 -3.2967e-05 -3.2967e-05 0 -1.64835e-05 -3.2967e-05 -1.64835e-05 -1.64835e-05
228000 0 0 -3.2967e-05 -3.2967e-05 0 -1.64835e-05 -3.2967e-05 -1.64835e-05 -1.64835e-05
229000 0 0 -3.2967e-05 -3.2967e-05 0 -1.64835e-05 -3.2967e-05 -1.64835e-05 -1.64835e-05
230000 0 0 -3.2967e-05 -3.2967e-05 0 -1.64835e-05 -3.2967e-05 -1.64835e-05 -1.64835e-05
231000 0 0 -3.2967e-05 -3.2967e-05 0 -1.64835e-05 -3.2967e-05 -1.64835e-05 -1.64835e-05
232000 0 0 -3.2967e-05 -3.2967e-05 0 -1.64835e-05 -3.2967e-05 -1.64835e-05 -1.64835e-05
233000 0 0 -3.2967e-05 -3.2967e-05 0 -1.64835e-05 -3.2967e-05 -1.64835e-05 -1.64835e-05
234000 0 0 -3.2967e-05 -3.2967e-05 0 -1.64835e-05 -3.2967e-05 -1.64835e-05 -1.64835e-05
235000 0 0 -3.2967e-05 -3.2967e-05 0 -1.64835e-05 -3.2967e-05 -1.64835e-05 -1.64835e-05
236000 0 0 -3.2967e-05 -3.2967e-05 0 -1.64835e-05 -3.2967e-05 -1.64835e-05 -1.64835e-05
237000 0 0 -3.2967e-05 -3.2967e-05 0 -1.64835e-05 -3.2967e-05 -1.64835e-05 -1.64835e-05
238000 0 0 -3.2967e-05 -3.2967e-05 0 -1.64835e-05 -3.2967e-05 -1.64835e-05 -1.64835e-05
239000 0 0 -3.2967e-05 -3.2967e-05 0 -1.64835e-05 -3.2967e-05 -1.64835e-05 -1.64835e-05
240000 0 0 -3.2967e-05 -3.2967e-05 0 -1.64835e-05 -3.2967e-05 -1.64835e-05 -1.64835e-05
241000 0 0 -3.2967e-05 -3.2967e-05 0 -1.64835e-05 -3.2967e-05 -1.64835e-05 -1.64835e-05
242000 0 0 -3.2967e-05 -3.2967e-05 0 -1.64835e-05 -3.2967e-05 -1.64835e-05 -1.64835e-05
243000 0 0 -3.2967e-05 -3.2967e-05 0 -1.64835e-05 -3.2967e-05 -1.64835e-05 -1.64835e-05
244000 0 0 -3.2967e-05 -3.2967e-05 0 -1.64835e-05 -3.2967e-05 -1.64835e-05 -1.64835e-05
245000 0 0 -3.2967e-05 -3.2967e-05 0 -1.64835e-05 -3.2967e-05 -1.64835e-05 -1.64835e-05
246000 0 0 -3.2967e-05 -3.2967e-05 0 -1.64835e-05 -3.2967e-05 -1.64835e-05 -1.64835e-05
247000 0 0 -3.2967e-05 -3.2967e-05 0 -1.64835e-05 -3.2967e-05 -1.64835e-05 -1.64835e-05
248000 0 0 -3.2967e-05 -3.2967e-05 0 -1.64835e-05 -3.2967e-05 -1.64835e-05 -1.64835e-05
249000 0 0 -3.2967e-05 -3.2967e-05 0 -1.64835e-05 -3.2967e-05 -1.64835e-05 -1.64835e-05
250000 0 0 -3.2967e-05 -3.2967e-05 0 -1.64835e-05 -3.2967e-05 -1.64835e-05 -1.64835e-05
251000 0 0 -3.2967e-05 -3.2967e-05 0 -1.64835e-05 -3.2967e-05 -1.64835e-05 -1.64835e-05
252000 0 0 -3.2967e-05 -3.2967e-05 0 -1.64835e-05 -3.2967e-05 -1.64835e-05 -1.64835e-05
253000 0 0 -3.2967e-05 -3.2967e-05 0 -1.64835e-05 -3.2967e-05 -1.64835e-05 -1.64835e-05
254000 0 0 -3.2967e-05 -3.2967e-05 0 -1.64835e-05 -3.2967e-05 -1.64835e-05 -1.64835e-05
255000 0 0 -3.2967e-05 -3.2967e-05 0 -1.64835e-05 -3.2967e-05 -1.64835e-05 -1.64835e-05
256000 0 0 -3.2967e-05 -3.2967e-05 0 -1.64835e-05 -3.2967e-05 -1.64835e-05 -1.64835e-05
257000 0 0 -3.2967e-05 -3.2967e-05 0 -1.64835e-05 -3.2967e-05 -1.64835e-05 -1.64835e-05
258000 0 0 -3.2967e-05 -3.2967e-05 0 -1.64835e-05 -3.2967e-05 -1.64835e-05 -1.64835e-05
259000 0 0 -3.2967e-05 -3.2967e-05 0 -1.64835e-05 -3.2967e-05 -1.64835e-05 -1.64835e-05
260000 0 0 -3.2967e-05 -3.2967e-05 0 -1.64835e-05 -3.2967e-05 -1.64835e-05 -1.64835e-05
261000 0 0 -3.2967e-05 -3.2967e-05 0 -1.64835e-05 -3.2967e-05 -1.64835e-05 -1.64835e-05
262000 0 0 -3.2967e-05 -3.2967e-05 0 -1.64835e-05 -3.2967e-05 -1.64835e-05 -1.64835e-05
263000 0 0 -3.2967e-05 -3.2967e-05 0 -1.64835e-05 -3.2967e-05 -1.64835e-05 -1.64835e-05
264000 0 0 -3.2967e-05 -3.2967e-05 0 -1.64835e-05 -3.2967e-05 -1.64835e-05 -1.64835e-05
265000 0 0 -3.2967e-05 -3.2967e-05 0 -1.64835e-05 -3.2967e-05 -1.64835e-05 -1.64835e-05
266000 0 0 -3.2967e-05 -3.2967e-05 0 -1.64835e-05 -3.2967e-05 -1.64835e-05 -1.64835e-05
267000 0 0 -3.2967e-05 -3.2967e-05 0 -1.64835e-05 -3.2967e-05 -1.64835e-05 -1.64835e-05
268000 0 0 -3.2967e-05 -3.2967e-05 0 -1.64835e-05 -3.2967e-05 -1.64835e-05 -1.64835e-05
269000 0 0 -3.2967e-05 -3.2967e-05 0 -1.64835e-05 -3.2967e-05 -1.64835e-05 -1.64835e-05
270000 0 0 -3.2967e-05 -3.2967e-05 0 -1.64835e-05 -3.2967e-05 -1.64835e-05 -1.64835e-05
271000 0 0 -3.2967e-05 -3.2967e-05 0 -1.64835e-05 -3.2967e-05 -1.64835e-05 -1.64835e-05
272000 0 0 -3.2967e-05 -3.2967e-05 0 -1.64835e-05 -3.2967e-05 -1.64835e-05 -1.64835e-05
273000 0 0 -3.2967e-05 -3.2967e-05 0 -1.64835e-05 -3.2967e-05 -1.64835e-05 -1.64835e-05
274000 0 0 -3.2967e-05 -3.2967e-05 0 -1.64835e-05 -3.2967e-05 -1.64835e-05 -1.64835e-05
275000 0 0 -3.2967e-05 -3.2967e-05 0 -1.64835e-05 -3.2967e-05 -1.64835e-05 -1.64835e-05
276000 0 0 -3.2967e-05 -3.2967e-05 0 -1.64835e-05 -3.2967e-05 -1.64835e-05 -1.64835e-05
277000 0 0 -3.2967e-05 -3.2967e-05 0 -1.64835e-05 -3.2967e-05 -1.64835e-05 -1.64835e-05
278000 0 0 -3.2967e-05 -3.2967e-05 0 -1.64835e-05 -3.2967e-05 -1.64835e-05 -1.64835e-05
279000 0 0 -3.2967e-05 -3.2967e-05 0 -1.64835e-05 -3.2967e-05 -1.64835e-05 -1.64835e-05
280000 0 0 -3.2967e-05 -3.2967e-05 0 -1.64835e-05 -3.2967e-05 -1.64835e-05 -1.64835e-05
281000 0 0 -3.2967e-05 -3.2967e-05 0 -1.64835e-05 -3.2967e-05 -1.64835e-05 -1.64835e-05
282000 0 0 -3.2967e-05 -3.2967e-05 0 -1.64835e-05 -3.2967e-05 -1.64835e-05 -1.64835e-05
283000 0 0 -3.2967e-05 -3.2967e-05 0 -1.64835e-05 -3.2967e-05 -1.64835e-05 -1.64835e-05
284000 0 0 -3.2967e-05 -3.2967e-05 0 -1.64835e-05 -3.2967e-05 -1.64835e-05 -1.64835e-05
285000 0 0 -3.2967e-05 -3.2967e-05 0 -1.64835e-05 -3.2967e-05 -1.64835e-05 -1.64835e-05
286000 0 0 -3.2967e-05 -3.2967e-05 0 -1.64835e-05 -3.2967e-05 -1.64835e-05 -1.64835e-05
287000 0 0 -3.2967e-05 -3.2967e-05 0 -1.64835e-05 -3.2967e-05 -1.64835e-05 -1.64835e-05
288000 0 0 -3.2967e-05 -3.2967e-05 0 -1.64835e-05 -3.2967e-05 -1.64835e-05 -1.64835e-05
289000 0 0 -3.2967e-05 -3.2967e-05 0 -1.64835e-05 -3.2967e-05 -1.64835e-05 -1.64835e-05
290000 0 0 -3.2967e-05 -3.2967e-05 0 -1.64835e-05 -3.2967e-05 -1.64835e-05 -1.64835e-05
291000 0 0 -3.2967e-05 -3.2967e-05 0 -1.64835e-05 -3.2967e-05 -1.64835e-05 -1.64835e-05
292000 0 0 -3.2967e-05 -3.2967e-05 0 -1.64835e-05 -3.2967e-05 -1.64835e-05 -1.64835e-05
293000 0 0 -3.2967e-05 -3.2967e-05 0 -1.64835e-05 -3.2967e-05 -1.64835e-05 -1.64835e-05
294000 0 0 -3.2967e-05 -3.2967e-05 0 -1.64835e-05 -3.2967e-05 -1.64835e-05 -1.64835e-05
295000 0 0 -3.2967e-05 -3.2967e-05 0 -1.64835e-05 -3.2967e-05 -1.64835e-05 -1.64835e-05
296000 0 0 -3.2967e-05 -3.2967e-05 0 -1.64835e-05 -3.2967e-05 -1.64835e-05 -1.64835e-05
297000 0 0 -3.2967e-05 -3.2967e-05 0 -1.64835e-05 -3.2967e-05 -1.64835e-05 -1.64835e-05
298000 0 0 -3.2967e-05 -3.2967e-05 0 -1.64835e-05 -3.2967e-05 -1.64835e-05 -1.64835e-05
299000 0 0 -3.2967e-05 -3.2967e-05 0 -1.64835e-05 -3.2967e-05 -1.64835e-05 -1.64835e-05
300000 0 0 -3.2967e-05 -3.2967e-05 0 -1.64835e-05 -3.2967e-05 -1.64835e-05 -1.64835e-05
301000 0 0 -3.2967e-05 -3.2967e-05 0 -1.64835e-05 -3.2967e-05 -1.64835e-05 -1.64835e-05
302000 0 0 -3.2967e-05 -3.2967e-05 0 -1.64835e-05 -3.2967e-05 -1.64835e-05 -1.64835e-05
303000 0 0 -3.2967e-05 -3.2967e-05 0 -1.64835e-05 -3.2967e-05 -1.64835e-05 -1.64835e-05
304000 0 0 -3.2967e-05 -3.2967e-05 0 -1.64835e-05 -3.2967e-05 -1.64835e-05 -1.64835e-05
305000 0 0 -3.2967e-05 -3.2967e-05 0 -1.64835e-05 -3.2967e-05 -1.64835e-05 -1.64835e-05
306000 0 0 -3.2967e-05 -3.2967e-05 0 -1.64835e-05 -3.2967e-05 -1.64835e-05 -1.64835e-05
307000 0 0 -3.2967e-05 -3.2967e-05 0 -1.64835e-05 -3.2967e-05 -1.64835e-05 -1.64835e-05
308000 0 0 -3.2967e-05 -3.2967e-05 0 -1.64835e-05 -3.2967e-05 -1.64835e-05 -1.64835e-05
309000 0 0 -3.2967e-05 -3.2967e-05 0 -1.64835e-05 -3.2967e-05 -1.64835e-05 -1.64835e-05
310000 0 0 -3.2967e-05 -3.2967e-05 0 -1.64835e-05 -3.2967e-05 -1.64835e-05 -1.64835e-05
311000 0 0 -3.2967e-05 -3.2967e-05 0 -1.64835e-05 -3.2967e-05 -1.64835e-05 -1.64835e-05
312000 0 0 -3.2967e-05 -3.2967e-05 0 -1.64835e-05 -3.2967e-05 -1.64835e-05 -1.64835e-05
313000 0 0 -3.2967e-05 -3.2967e-05 0 -1.64835e-05 -3.2967e-05 -1.64835e-05 -1.64835e-05
314000 0 0 -3.2967e-05 -3.2967e-05 0 -1.64835e-05 -3.2967e-05 -1.64835e-05 -1.64835e-05
315000 0 0 -3.2967e-05 -3.2967e-05 0 -1.64835e-05 -3.2967e-05 -1.64835e-05 -1.64835e-05
316000 0 0 -3.2967e-05 -3.2967e-05 0 -1.64835e-05 -3.2967e-05 -1.64835e-05 -1.64835e-05
317000 0 0 -3.2967e-05 -3.2967e-05 0 -1.64835e-05 -3.2967e-05 -1.64835e-05 -1.64835e-05
318000 0 0 -3.2967e-05 -3.2967e-05 0 -1.64835e-05 -3.2967e-05 -1.64835e-05 -1.64835e-05
319000 0 0 -3.2967e-05 -3.2967e-05 0 -1.64835e-05 -3.2967e-05 -1.64835e-05 -1.64835e-05
320000 0 0 -3.2967e-05 -3.2967e-05 0 -1.64835e-05 -3.2967e-05 -1.64835e-05 -1.64835e-05
321000 0 0 -3.2967e-05 -3.2967e-05 0 -1.64835e-05 -3.2967e-05 -1.64835e-05 -1.64835e-05
322000 0 0 -3.2967e-05 -3.2967e-05 0 -1.64835e-05 -3.2967e-05 -1.64835e-05 -1.64835e-05
323000 0 0 -3.2967e-05 -3.2967e-05 0 -1.64835e-05 -3.2967e-05 -1.64835e-05 -1.64835e-05
324000 0 0 -3.2967e-05 -3.2967e-05 0 -1.64835e-05 -3.2967e-05 -1.64835e-05 -1.64835e-05
325000 0 0 -3.2967e-05 -3.2967e-05 0 -1.64835e-05 -3.2967e-05 -1.64835e-05 -1.64835e-05
326000 0 0 -3.2967e-05 -3.2967e-05 0 -1.64835e-05 -3.2967e-05 -1.64835e-05 -1.64835e-05
327000 0 0 -3.2967e-05 -3.2967e-05 0 -1.64835e-05 -3.2967e-05 -1.64835e-05 -1.64835e-05
328000 0 0 -3.2967e-05 -3.2967e-05 0 -1.64835e-05 -3.2967e-05 -1.64835e-05 -1.64835e-05
329000 0 0 -3.2967e-05 -3.2967e-05 0 -1.64835e-05 -3.2967e-05 -1.64835e-05 -1.64835e-05
330000 0 0 -3.2967e-05 -3.2967e-05 0 -1.64835e-05 -3.2967e-05 -1.64835e-05 -1.64835e-05
331000 0 0 -3.2967e-05 -3.2967e-05 0 -1.64835e-05 -3.2967e-05 -1.64835e-05 -1.64835e-05
332000 0 0 -3.2967e-05 -3.2967e-05 0 -1.64835e-05 -3.2967e-05 -1.64835e-05 -1.64835e-05
333000 0 0 -3.2967e-05 -3.2967e-05 0 -1.64835e-05 -3.2967e-05 -1.64835e-05 -1.64835e-05
334000 0 0 -3.2967e-05 -3.2967e-05 0 -1.64835e-05 -3.2967e-05 -1.64835e-05 -1.64835e-05
335000 0 0 -3.2967e-05 -3.2967e-05 0 -1.64835e-05 -3.2967e-05 -1.64835e-05 -1.64835e-05
336000 0 0 -3.2967e-05 -3.2967e-05 0 -1.64835e-05 -3.2967e-05 -1.64835e-05 -1.64835e-05
337000 0 0 -3.2967e-05 -3.2967e-05 0 -1.64835e-05 -3.2967e-05 -1.64835e-05 -1.64835e-05
338000 0 0 -3.2967e-05 -3.2967e-05 0 -1.64835e-05 -3.2967e-05 -1.64835e-05 -1.64835e-05
339000 0 0 -3.2967e-05 -3.2967e-05 0 -1.64835e-05 -3.2967e-05 -1.64835e-05 -1.64835e-05
340000 0 0 -3.2967e-05 -3.2967e-05 0 -1.64835e-05 -3.2967e-05 -1.64835e-05 -1.64835e-05
341000 0 0 -3.2967e-05 -3.2967e-05 0 -1.64835e-05 -3.2967e-05 -1.64835e-05 -1.64835e-05
342000 0 0 -3.2967e-05 -3.2967e-05 0 -1.64835e-05 -3.2967e-05 -1.64835e-05 -1.64835e-05
343000 0 0 -3.2967e-05 -3.2967e-05 0 -1.64835e-05 -3.2967e-05 -1.64835e-05 -1.64835e-05
344000 0 0 -3.2967e-05 -3.2967e-05 0 -1.64835e-05 -3.2967e-05 -1.64835e-05 -1.64835e-05
345000 0 0 -3.2967e-05 -3.2967e-05 0 -1.64835e-05 -3.2967e-05 -1.64835e-05 -1.64835e-05
346000 0 0 -3.2967e-05 -3.2967e-05 0 -1.64835e-05 -3.2967e-05 -1.64835e-05 -1.64835e-05
347000 0 0 -3.2967e-05 -3.2967e-05 0 -1.64835e-05 -3.2967e-05 -1.64835e-05 -1.64835e-05
348000 0 0 -3.2967e-05 -3.2967e-05 0 -1.64835e-05 -3.2967e-05 -1.64835e-05 -1.64835e-05
349000 0 0 -3.2967e-05 -3.2967e-05 0 -1.64835e-05 -3.2967e-05 -1.64835e-05 -1.64835e-05
350000 0 0 -3.2967e-05 -3.2967e-05 0 -1.64835e-05 -3.2967e-05 -1.64835e-05 -1.64835e-05
351000 0 0 -3.2967e-05 -3.2967e-05 0 -1.64835e-05 -3.2967e-05 -1.64835e-05 -1.64835e-05
352000 0 0 -3.2967e-05 -3.2967e-05 0 -1.64835e-05 -3.2967e-05 -1.64835e-05 -1.64835e-05
353000 0 0 -3.2967e-05 -3.2967e-05 0 -1.64835e-05 -3.2967e-05 -1.64835e-05 -1.64835e-05
354000 0 0 -3.2967e-05 -3.2967e-05 0 -1.64835e-05 -3.2967e-05 -1.64835e-05 -1.64835e-05
355000 0 0 -3.2967e-05 -3.2967e-05 0 -1.64835e-05 -3.2967e-05 -1.64835e-05 -1.64835e-05
356000 0 0 -3.2967e-05 -3.2967e-05 0 -1.64835e-05 -3.2967e-05 -1.64835e-05 -1.64835e-05
357000 0 0 -3.2967e-05 -3.2967e-05 0 -1.64835e-05 -3.2967e-05 -1.64835e-05 -1.64835e-05
358000 0 0 -3.2967e-05 -3.2967e-05 0 -1.64835e-05 -3.2967e-05 -1.64835e-05 -1.64835e-05
359000 0 0 -3.2967e-05 -3.2967e-05 0 -1.64835e-05 -3.2967e-05 -1.64835e-05 -1.64835e-05
360000 0 0 -3.2967e-05 -3.2967e-05 0 -1.64835e-05 -3.2967e-05 -1.64835e-05 -1.64835e-05
361000 0 0 -3.2967e-05 -3.2967e-05 0 -1.64835e-05 -3.2967e-05 -1.64835e-05 -1.64835e-05
362000 0 0 -3.2967e-05 -3.2967e-05 0 -1.64835e-05 -3.2967e-05 -1.64835e-05 -1.64835e-05
363000 0 0 -3.2967e-05 -3.2967e-05 0 -1.64835e-05 -3.2967e-05 -1.64835e-05 -1.64835e-05
364000 0 0 -3.2967e-05 -3.2967e-05 0 -1.64835e-05 -3.2967e-05 -1.64835e-05 -1.64835e-05
365000 0 0 -3.2967e-05 -3.2967e-05 0 -1.64835e-05 -3.2967e-05 -1.64835e-05 -1.64835e-05
366000 0 0 -3.2967e-05 -3.2967e-05 0 -1.64835e-05 -3.2967e-05 -1.64835e-05 -1.64835e-05
367000 0 0 -3.2967e-05 -3.2967e-05 0 -1.64835e-05 -3.2967e-05 -1.64835e-05 -1.64835e-05
368000 0 0 -3.2967e-05 -3.2967e-05 0 -1.64835e-05 -3.2967e-05 -1.64835e-05 -1.64835e-05
369000 0 0 -3.2967e-05 -3.2967e-05 0 -1.64835e-05 -3.2967e-05 -1.64835e-05 -1.64835e-05
370000 0 0 -3.2967e-05 -3.2967e-05 0 -1.64835e-05 -3.2967e-05 -1.64835e-05 -1.64835e-05
371000 0 0 -3.2967e-05 -3.2967e-05 0 -1.64835e-05 -3.2967e-05 -1.64835e-05 -1.64835e-05
372000 0 0 -3.2967e-05 -3.2967e-05 0 -1.64835e-05 -3.2967e-05 -1.64835e-05 -1.64835e-05
373000 0 0 -3.2967e-05 -3.2967e-05 0 -1.64835e-05 -3.2967e-05 -1.64835e-05 -1.64835e-05
374000 0 0 -3.2967e-05 -3.2967e-05 0 -1.64835e-05 -3.2967e-05 -1.64835e-05 -1.64835e-05
375000 0 0 -3.2967e-05 -3.2967e-05 0 -1.64835e-05 -3.2967e-05 -1.64835e-05 -1.64835e-05
376000 0 0 -3.2967e-05 -3.2967e-05 0 -1.64835e-05 -3.2967e-05 -1.64835e-05 -1.64835e-05
377000 0 0 -3.2967e-05 -3.2967e-05 0 -1.64835e-05 -3.2967e-05 -1.64835e-05 -1.64835e-05
378000 0 0 -3.2967e-05 -3.2967e-05 0 -1.64835e-05 -3.2967e-05 -1.64835e-05 -1.64835e-05
379000 0 0 -3.2967e-05 -3.2967e-05 0 -1.64835e-05 -3.2967e-05 -1.64835e-05 -1.64835e-05
380000 0 0 -3.2967e-05 -3.2967e-05 0 -1.64835e-05 -3.2967e-05 -1.64835e-05 -1.64835e-05
381000 0 0 -3.2967e-05 -3.2967e-05 0 -1.64835e-05 -3.2967e-05 -1.64835e-05 -1.64835e-05
382000 0 0 -3.2967e-05 -3.2967e-05 0 -1.64835e-05 -3.2967e-05 -1.64835e-05 -1.64835e-05
383000 0 0 -3.2967e-05 -3.2967e-05 0 -1.64835e-05 -3.2967e-05 -1.64835e-05 -1.64835e-05
384000 0 0 -3.2967e-05 -3.2967e-05 0 -1.64835e-05 -3.2967e-05 -1.64835e-05 -1.64835e-05
385000 0 0 -3.2967e-05 -3.2967e-05 0 -1.64835e-05 -3.2967e-05 -1.64835e-05 -1.64835e-05
386000 0 0 -3.2967e-05 -3.2967e-05 0 -1.64835e-05 -3.2967e-05 -1.64835e-05 -1.64835e-05
387000 0 0 -3.2967e-05 -3.2967e-05 0 -1.64835e-05 -3.2967e-05 -1.64835e-05 -1.64835e-05
388000 0 0 -3.2967e-05 -3.2967e-05 0 -1.64835e-05 -3.2967e-05 -1.64835e-05 -1.64835e-05
389000 0 0 -3.2967e-05 -3.2967e-05 0 -1.64835e-05 -3.2967e-05 -1.64835e-05 -1.64835e-05
390000 0 0 -3.2967e-05 -3.2967e-05 0 -1.64835e-05 -3.2967e-05 -1.64835e-05 -1.64835e-05
391000 0 0 -3.2967e-05 -3.2967e-05 0 -1.64835e-05 -3.2967e-05 -1.64835e-05 -1.64835e-05
392000 0 0 -3.2967e-05 -3.2967e-05 0 -1.64835e-05 -3.2967e-05 -1.64835e-05 -1.64835e-05
393000 0 0 -3.2967e-05 -3.2967e-05 0 -1.64835e-05 -3.2967e-05 -1.64835e-05 -1.64835e-05
394000 0 0 -3.2967e-05 -3.2967e-05 0 -1.64835e-05 -3.2967e-05 -1.64835e-05 -1.64835e-05
395000 0 0 -3.2967e-05 -3.2967e-05 0 -1.64835e-05 -3.2967e-05 -1.64835e-05 -1.64835e-05
396000 0 0 -3.2967e-05 -3.2967e-05 0 -1.64835e-05 -3.2967e-05 -1.64835e-05 -1.64835e-05
397000 0 0 -3.2967e-05 -3.2967e-05 0 -1.64835e-05 -3.2967e-05 -1.64835e-05 -1.64835e-05
398000 0 0 -3.2967e-05 -3.2967e-05 0 -1.64835e-05 -3.2967e-05 -1.64835e-05 -1.64835e-05
399000 0 0 -3.2967e-05 -3.2967e-05 0 -1.64835e-05 -3.2967e-05 -1.64835e-05 -1.64835e-05
400000 0 0 -3.2967e-05 -3.2967e-05 0 -1.64835e-05 -3.2967e-05 -1.64835e-05 -1.64835e-05
401000 0 0 -3.2967e-05 -3.2967e-05 0 -1.64835e-05 -3.2967e-05 -1.64835e-05 -1.64835e-05
402000 0 0 -3.2967e-05 -3.2967e-05 0 -1.64835e-05 -3.2967e-05 -1.64835e-05 -1.64835e-05
403000 0 0 -3.2967e-05 -3.2967e-05 0 -1.64835e-05 -3.2967e-05 -1.64835e-05 -1.64835e-05
404000 0 0 -3.2967e-05 -3.2967e-05 0 -1.64835e-05 -3.2967e-05 -1.64835e-05 -1.64835e-05
405000 0 0 -3.2967e-05 -3.2967e-05 0 -1.64835e-05 -3.2967e-05 -1.64835e-05 -1.64835e-05
406000 0 0 -3.2967e-05 -3.2967e-05 0 -1.64835e-05 -3.2967e-05 -1.64835e-05 -1.64835e-05
407000 0 0 -3.2967e-05 -3.2967e-05 0 -1.64835e-05 -3.2967e-05 -1.64835e-05 -1.64835e-05
408000 0 0 -3.2967e-05 -3.2967e-05 0 -1.64835e-05 -3.2967e-05 -1.64835e-05 -1.64835e-05
409000 0 0 -3.2967e-05 -3.2967e-05 0 -1.64835e-05 -3.2967e-05 -1.64835e-05 -1.64835e-05
410000 0 0 -3.2967e-05 -3.2967e-05 0 -1.64835e-05 -3.2967e-05 -1.64835e-05 -1.64835e-05
0.005 -1.34676e-11 -1.98658e-11 -3.29806e-05 -3.29806e-05 -6.66666e-11 -1.64903e-05 -3.29806e-05 -1.64903e-05 -1.64903e-05
0.01 -1.15533e-11 -2.17801e-11 -3.29942e-05 -3.29942e-05 -6.66666e-11 -1.64971e-05 -3.29942e-05 -1.6497e-05 -1.64971e-05
0.015 -1.05959e-11 -2.27374e-11 -3.30476e-05 -3.30476e-05 -6.66665e-11 -1.65237e-05 -3.30476e-05 -1.65237e-05 -1.65237e-05
0.02 -9.90561e-12 -2.34277e-11 -3.31271e-05 -3.31271e-05 -6.66666e-11 -1.65634e-05 -3.31271e-05 -1.65634e-05 -1.65634e-05
0.025 -9.42827e-12 -2.39051e-11 -3.32141e-05 -3.32141e-05 -6.66666e-11 -1.6607e-05 -3.32141e-05 -1.66069e-05 -1.66069e-05
0.03 -9.10127e-12 -2.42321e-11 -3.32969e-05 -3.32969e-05 -6.66666e-11 -1.66483e-05 -3.32969e-05 -1.66483e-05 -1.66483e-05
0.035 -8.87623e-12 -2.44572e-11 -3.33699e-05 -3.33699e-05 -6.66667e-11 -1.66848e-05 -3.33698e-05 -1.66847e-05 -1.66848e-05
0.04 -8.71873e-12 -2.46147e-11 -3.34313e-05 -3.34313e-05 -6.66667e-11 -1.67155e-05 -3.34313e-05 -1.67154e-05 -1.67155e-05
0.045 -8.60541e-12 -2.4728e-11 -3.34816e-05 -3.34816e-05 -6.66667e-11 -1.67406e-05 -3.34816e-05 -1.67406e-05 -1.67406e-05
0.05 -8.5207e-12 -2.48127e-11 -3.3522e-05 -3.3522e-05 -6.66667e-11 -1.67607e-05 -3.35219e-05 -1.67607e-05 -1.67607e-05
0.055 -8.45463e-12 -2.48788e-11 -3.35538e-05 -3.35538e-05 -6.66666e-11 -1.67767e-05 -3.35538e-05 -1.67766e-05 -1.67767e-05
0.06 -8.40063e-12 -2.49328e-11 -3.35787e-05 -3.35787e-05 -6.66666e-11 -1.67891e-05 -3.35787e-05 -1.67891e-05 -1.67891e-05
0.065 -8.35446e-12 -2.49789e-11 -3.35978e-05 -3.35978e-05 -6.66666e-11 -1.67987e-05 -3.35978e-05 -1.67986e-05 -1.67987e-05
0.07 -8.31343e-12 -2.502e-11 -3.36123e-05 -3.36123e-05 -6.66666e-11 -1.68059e-05 -3.36123e-05 -1.68059e-05 -1.68059e-05
0.075 -8.27586e-12 -2.50575e-11 -3.36231e-05 -3.36231e-05 -6.66666e-11 -1.68113e-05 -3.36231e-05 -1.68113e-05 -1.68113e-05
0.08 -8.24036e-12 -2.5093e-11 -3.3631e-05 -3.3631e-05 -6.66666e-11 -1.68152e-05 -3.3631e-05 -1.68152e-05 -1.68152e-05
0.085 -8.2062e-12 -2.51272e-11 -3.36364e-05 -3.36364e-05 -6.66666e-11 -1.68179e-05 -3.36364e-05 -1.68179e-05 -1.68179e-05
0.09 -8.17336e-12 -2.516e-11 -3.364e-05 -3.364e-05 -6.66666e-11 -1.68197e-05 -3.364e-05 -1.68197e-05 -1.68197e-05
0.095 -8.14066e-12 -2.51927e-11 -3.36421e-05 -3.36421e-05 -6.66666e-11 -1.68208e-05 -3.36421e-05 -1.68207e-05 -1.68208e-05
0.1 -8.10887e-12 -2.52245e-11 -3.3643e-05 -3.3643e-05 -6.66666e-11 -1.68212e-05 -3.3643e-05 -1.68212e-05 -1.68212e-05
0.105 -8.0768e-12 -2.52566e-11 -3.3643e-05 -3.3643e-05 -6.66666e-11 -1.68212e-05 -3.36429e-05 -1.68212e-05 -1.68212e-05
0.11 -8.04526e-12 -2.52881e-11 -3.36421e-05 -3.36421e-05 -6.66666e-11 -1.68208e-05 -3.36421e-05 -1.68208e-05 -1.68208e-05
0.115 -8.01366e-12 -2.53197e-11 -3.36407e-05 -3.36407e-05 -6.66666e-11 -1.68202e-05 -3.36407e-05 -1.68201e-05 -1.68202e-05
0.12 -7.98206e-12 -2.53513e-11 -3.36388e-05 -3.36388e-05 -6.66666e-11 -1.68193e-05 -3.36388e-05 -1.68192e-05 -1.68193e-05
0.125 -7.95042e-12 -2.5383e-11 -3.36365e-05 -3.36365e-05 -6.66666e-11 -1.68182e-05 -3.36364e-05 -1.68181e-05 -1.68182e-05
0.13 -7.91871e-12 -2.54147e-11 -3.36338e-05 -3.36338e-05 -6.66666e-11 -1.68169e-05 -3.36338e-05 -1.68169e-05 -1.68169e-05
0.135 -7.88692e-12 -2.54465e-11 -3.36309e-05 -3.36309e-05 -6.66666e-11 -1.68156e-05 -3.36309e-05 -1.68155e-05 -1.68156e-05
0.14 -7.85505e-12 -2.54783e-11 -3.36279e-05 -3.36279e-05 -6.66666e-11 -1.68141e-05 -3.36278e-05 -1.68141e-05 -1.68141e-05
0.145 -7.82333e-12 -2.55101e-11 -3.36246e-05 -3.36246e-05 -6.66666e-11 -1.68125e-05 -3.36246e-05 -1.68124e-05 -1.68125e-05
0.15 -7.79087e-12 -2.55425e-11 -3.36212e-05 -3.36212e-05 -6.66666e-11 -1.68108e-05 -3.36212e-05 -1.68107e-05 -1.68108e-05
0.155 -7.7588e-12 -2.55746e-11 -3.36177e-05 -3.36177e-05 -6.66666e-11 -1.68089e-05 -3.36177e-05 -1.68089e-05 -1.68089e-05
0.16 -7.72618e-12 -2.56072e-11 -3.36141e-05 -3.36141e-05 -6.66666e-11 -1.6807e-05 -3.3614e-05 -1.6807e-05 -1.6807e-05
0.165 -7.69379e-12 -2.56396e-11 -3.36104e-05 -3.36104e-05 -6.66666e-11 -1.68051e-05 -3.36104e-05 -1.6805e-05 -1.68051e-05
0.17 -7.66101e-12 -2.56724e-11 -3.36066e-05 -3.36066e-05 -6.66666e-11 -1.68032e-05 -3.36066e-05 -1.68031e-05 -1.68032e-05
0.175 -7.62854e-12 -2.57048e-11 -3.36028e-05 -3.36028e-05 -6.66666e-11 -1.68012e-05 -3.36028e-05 -1.68012e-05 -1.68012e-05
0.18 -7.59544e-12 -2.57379e-11 -3.35989e-05 -3.35989e-05 -6.66666e-11 -1.67992e-05 -3.35989e-05 -1.67992e-05 -1.67992e-05
0.185 -7.56232e-12 -2.57711e-11 -3.3595e-05 -3.3595e-05 -6.66666e-11 -1.67972e-05 -3.3595e-05 -1.67972e-05 -1.67972e-05
0.19 -7.52907e-12 -2.58043e-11 -3.35911e-05 -3.35911e-05 -6.66666e-11 -1.67952e-05 -3.35911e-05 -1.67951e-05 -1.67952e-05
0.195 -7.49567e-12 -2.58377e-11 -3.35871e-05 -3.35871e-05 -6.66666e-11 -1.67931e-05 -3.35871e-05 -1.67931e-05 -1.67931e-05
0.2 -7.462e-12 -2.58714e-11 -3.35831e-05 -3.35831e-05 -6.66666e-11 -1.67911e-05 -3.35831e-05 -1.6791e-05 -1.67911e-05
0.205 -7.42837e-12 -2.5905e-11 -3.35791e-05 -3.35791e-05 -6.66666e-11 -1.6789e-05 -3.3579e-05 -1.6789e-05 -1.6789e-05
0.21 -7.39473e-12 -2.59387e-11 -3.3575e-05 -3.3575e-05 -6.66666e-11 -1.6787e-05 -3.3575e-05 -1.6787e-05 -1.6787e-05
0.215 -7.36041e-12 -2.5973e-11 -3.35709e-05 -3.35709e-05 -6.66666e-11 -1.67849e-05 -3.35709e-05 -1.67849e-05 -1.67849e-05
0.22 -7.32644e-12 -2.60069e-11 -3.35668e-05 -3.35668e-05 -6.66666e-11 -1.67828e-05 -3.35668e-05 -1.67828e-05 -1.67828e-05
0.225 -7.29186e-12 -2.60415e-11 -3.35626e-05 -3.35626e-05 -6.66666e-11 -1.67807e-05 -3.35626e-05 -1.67807e-05 -1.67807e-05
0.23 -7.25747e-12 -2.60759e-11 -3.35585e-05 -3.35585e-05 -6.66666e-11 -1.67787e-05 -3.35585e-05 -1.67786e-05 -1.67787e-05
0.235 -7.22292e-12 -2.61105e-11 -3.35543e-05 -3.35543e-05 -6.66666e-11 -1.67765e-05 -3.35543e-05 -1.67765e-05 -1.67765e-05
0.24 -7.18785e-12 -2.61455e-11 -3.35501e-05 -3.35501e-05 -6.66666e-11 -1.67744e-05 -3.35501e-05 -1.67744e-05 -1.67744e-05
0.245 -7.15296e-12 -2.61804e-11 -3.35459e-05 -3.35459e-05 -6.66666e-11 -1.67723e-05 -3.35458e-05 -1.67722e-05 -1.67723e-05
0.25 -7.11781e-12 -2.62156e-11 -3.35416e-05 -3.35416e-05 -6.66666e-11 -1.67702e-05 -3.35416e-05 -1.67701e-05 -1.67702e-05
0.255 -7.08249e-12 -2.62509e-11 -3.35373e-05 -3.35373e-05 -6.66666e-11 -1.67681e-05 -3.35373e-05 -1.6768e-05 -1.67681e-05
0.26 -7.047e-12 -2.62864e-11 -3.3533e-05 -3.3533e-05 -6.66666e-11 -1.67659e-05 -3.3533e-05 -1.67659e-05 -1.67659e-05
0.265 -7.01134e-12 -2.6322e-11 -3.35287e-05 -3.35287e-05 -6.66666e-11 -1.67638e-05 -3.35287e-05 -1.67637e-05 -1.67638e-05
0.27 -6.97551e-12 -2.63579e-11 -3.35243e-05 -3.35243e-05 -6.66666e-11 -1.67616e-05 -3.35243e-05 -1.67616e-05 -1.67616e-05
0.275 -6.93952e-12 -2.63939e-11 -3.352e-05 -3.352e-05 -6.66666e-11 -1.67594e-05 -3.35199e-05 -1.67594e-05 -1.67594e-05
0.28 -6.90315e-12 -2.64302e-11 -3.35156e-05 -3.35156e-05 -6.66666e-11 -1.67573e-05 -3.35156e-05 -1.67572e-05 -1.67573e-05
0.285 -6.86705e-12 -2.64663e-11 -3.35112e-05 -3.35112e-05 -6.66666e-11 -1.67551e-05 -3.35112e-05 -1.6755e-05 -1.67551e-05
0.29 -6.83052e-12 -2.65029e-11 -3.35068e-05 -3.35068e-05 -6.66666e-11 -1.67529e-05 -3.35067e-05 -1.67528e-05 -1.67529e-05
0.295 -6.79386e-12 -2.65395e-11 -3.35023e-05 -3.35023e-05 -6.66666e-11 -1.67507e-05 -3.35023e-05 -1.67506e-05 -1.67507e-05
0.3 -6.75708e-12 -2.65763e-11 -3.34979e-05 -3.34979e-05 -6.66666e-11 -1.67485e-05 -3.34979e-05 -1.67484e-05 -1.67485e-05
0.305 -6.71999e-12 -2.66134e-11 -3.34934e-05 -3.34934e-05 -6.66666e-11 -1.67462e-05 -3.34934e-05 -1.67462e-05 -1.67462e-05
0.31 -6.68282e-12 -2.66506e-11 -3.34889e-05 -3.34889e-05 -6.66666e-11 -1.6744e-05 -3.34889e-05 -1.6744e-05 -1.6744e-05
0.315 -6.64549e-12 -2.66879e-11 -3.34844e-05 -3.34844e-05 -6.66666e-11 -1.67418e-05 -3.34844e-05 -1.67417e-05 -1.67418e-05
0.32 -6.60789e-12 -2.67255e-11 -3.34798e-05 -3.34798e-05 -6.66666e-11 -1.67395e-05 -3.34798e-05 -1.67394e-05 -1.67395e-05
0.325 -6.5702e-12 -2.67632e-11 -3.34753e-05 -3.34753e-05 -6.66666e-11 -1.67372e-05 -3.34753e-05 -1.67372e-05 -1.67372e-05
0.33 -6.53219e-12 -2.68012e-11 -3.34707e-05 -3.34707e-05 -6.66666e-11 -1.6735e-05 -3.34707e-05 -1.67349e-05 -1.6735e-05
0.335 -6.49432e-12 -2.68391e-11 -3.34661e-05 -3.34661e-05 -6.66666e-11 -1.67327e-05 -3.34661e-05 -1.67327e-05 -1.67327e-05
0.34 -6.45604e-12 -2.68773e-11 -3.34615e-05 -3.34615e-05 -6.66666e-11 -1.67304e-05 -3.34615e-05 -1.67304e-05 -1.67304e-05
0.345 -6.41751e-12 -2.69159e-11 -3.34568e-05 -3.34568e-05 -6.66666e-11 -1.67281e-05 -3.34568e-05 -1.6728e-05 -1.67281e-05
0.35 -6.37893e-12 -2.69545e-11 -3.34522e-05 -3.34522e-05 -6.66666e-11 -1.67257e-05 -3.34521e-05 -1.67257e-05 -1.67257e-05
0.355 -6.34013e-12 -2.69933e-11 -3.34475e-05 -3.34475e-05 -6.66666e-11 -1.67234e-05 -3.34475e-05 -1.67233e-05 -1.67234e-05
0.36 -6.30118e-12 -2.70322e-11 -3.34428e-05 -3.34428e-05 -6.66666e-11 -1.6721e-05 -3.34428e-05 -1.6721e-05 -1.6721e-05
0.365 -6.26207e-12 -2.70713e-11 -3.34381e-05 -3.3438e-05 -6.66666e-11 -1.67186e-05 -3.3438e-05 -1.67186e-05 -1.67186e-05
0.37 -6.22271e-12 -2.71107e-11 -3.34333e-05 -3.34333e-05 -6.66666e-11 -1.67162e-05 -3.34333e-05 -1.67162e-05 -1.67162e-05
0.375 -6.18324e-12 -2.71502e-11 -3.34285e-05 -3.34285e-05 -6.66666e-11 -1.67138e-05 -3.34285e-05 -1.67138e-05 -1.67138e-05
0.38 -6.14352e-12 -2.71899e-11 -3.34237e-05 -3.34237e-05 -6.66666e-11 -1.67114e-05 -3.34237e-05 -1.67114e-05 -1.67114e-05
0.385 -6.10364e-12 -2.72298e-11 -3.34189e-05 -3.34189e-05 -6.66666e-11 -1.6709e-05 -3.34189e-05 -1.67089e-05 -1.6709e-05
0.39 -6.06358e-12 -2.72698e-11 -3.34141e-05 -3.34141e-05 -6.66666e-11 -1.67065e-05 -3.34141e-05 -1.67065e-05 -1.67065e-05
0.395 -6.02333e-12 -2.73101e-11 -3.34092e-05 -3.34092e-05 -6.66666e-11 -1.67041e-05 -3.34092e-05 -1.6704e-05 -1.67041e-05
0.4 -5.9829e-12 -2.73505e-11 -3.34044e-05 -3.34044e-05 -6.66666e-11 -1.67016e-05 -3.34043e-05 -1.67015e-05 -1.67016e-05
0.405 -5.94228e-12 -2.73911e-11 -3.33995e-05 -3.33995e-05 -6.66666e-11 -1.66991e-05 -3.33994e-05 -1.6699e-05 -1.66991e-05
0.41 -5.90147e-12 -2.74319e-11 -3.33945e-05 -3.33945e-05 -6.66666e-11 -1.66966e-05 -3.33945e-05 -1.66965e-05 -1.66966e-05
0.415 -5.86047e-12 -2.74729e-11 -3.33896e-05 -3.33896e-05 -6.66666e-11 -1.66941e-05 -3.33896e-05 -1.6694e-05 -1.66941e-05
0.42 -5.81928e-12 -2.75141e-11 -3.33846e-05 -3.33846e-05 -6.66666e-11 -1.66915e-05 -3.33846e-05 -1.66915e-05 -1.66915e-05
0.425 -5.77791e-12 -2.75555e-11 -3.33796e-05 -3.33796e-05 -6.66666e-11 -1.6689e-05 -3.33796e-05 -1.66889e-05 -1.6689e-05
0.43 -5.73625e-12 -2.75971e-11 -3.33746e-05 -3.33746e-05 -6.66666e-11 -1.66865e-05 -3.33746e-05 -1.66864e-05 -1.66865e-05
0.435 -5.69459e-12 -2.76388e-11 -3.33696e-05 -3.33696e-05 -6.66666e-11 -1.6684e-05 -3.33696e-05 -1.66839e-05 -1.6684e-05
0.44 -5.65273e-12 -2.76807e-11 -3.33645e-05 -3.33645e-05 -6.66666e-11 -1.66814e-05 -3.33645e-05 -1.66814e-05 -1.66814e-05
0.445 -5.61041e-12 -2.7723e-11 -3.33595e-05 -3.33595e-05 -6.66666e-11 -1.66789e-05 -3.33594e-05 -1.66789e-05 -1.66789e-05
0.45 -5.56815e-12 -2.77652e-11 -3.33544e-05 -3.33544e-05 -6.66666e-11 -1.66764e-05 -3.33543e-05 -1.66763e-05 -1.66764e-05
0.455 -5.5257e-12 -2.78077e-11 -3.33492e-05 -3.33492e-05 -6.66666e-11 -1.66738e-05 -3.33492e-05 -1.66738e-05 -1.66738e-05
0.46 -5.4828e-12 -2.78506e-11 -3.33441e-05 -3.33441e-05 -6.66666e-11 -1.66713e-05 -3.33441e-05 -1.66712e-05 -1.66713e-05
0.465 -5.43995e-12 -2.78934e-11 -3.33389e-05 -3.33389e-05 -6.66666e-11 -1.66687e-05 -3.33389e-05 -1.66687e-05 -1.66687e-05
0.47 -5.39692e-12 -2.79365e-11 -3.33337e-05 -3.33337e-05 -6.66666e-11 -1.66661e-05 -3.33337e-05 -1.66661e-05 -1.66661e-05
0.475 -5.35343e-12 -2.798e-11 -3.33285e-05 -3.33285e-05 -6.66666e-11 -1.66635e-05 -3.33285e-05 -1.66635e-05 -1.66635e-05
0.48 -5.30998e-12 -2.80234e-11 -3.33233e-05 -3.33233e-05 -6.66666e-11 -1.66609e-05 -3.33233e-05 -1.66609e-05 -1.66609e-05
0.485 -5.2664e-12 -2.8067e-11 -3.3318e-05 -3.3318e-05 -6.66666e-11 -1.66583e-05 -3.3318e-05 -1.66582e-05 -1.66583e-05
0.49 -5.2223e-12 -2.81111e-11 -3.33127e-05 -3.33127e-05 -6.66666e-11 -1.66557e-05 -3.33127e-05 -1.66556e-05 -1.66557e-05
0.495 -5.17822e-12 -2.81552e-11 -3.33074e-05 -3.33074e-05 -6.66666e-11 -1.6653e-05 -3.33074e-05 -1.6653e-05 -1.6653e-05
0.5 -5.13403e-12 -2.81994e-11 -3.33021e-05 -3.33021e-05 -6.66666e-11 -1.66504e-05 -3.33021e-05 -1.66503e-05 -1.66504e-05
0.505 -5.08933e-12 -2.82441e-11 -3.32967e-05 -3.32967e-05 -6.66666e-11 -1.66477e-05 -3.32967e-05 -1.66477e-05 -1.66477e-05
0.51 -5.04464e-12 -2.82888e-11 -3.32913e-05 -3.32913e-05 -6.66666e-11 -1.6645e-05 -3.32913e-05 -1.6645e-05 -1.6645e-05
0.515 -4.99981e-12 -2.83336e-11 -3.32859e-05 -3.32859e-05 -6.66666e-11 -1.66423e-05 -3.32859e-05 -1.66423e-05 -1.66423e-05
0.52 -4.95452e-12 -2.83789e-11 -3.32805e-05 -3.32805e-05 -6.66666e-11 -1.66396e-05 -3.32805e-05 -1.66395e-05 -1.66396e-05
0.525 -4.90915e-12 -2.84243e-11 -3.3275e-05 -3.3275e-05 -6.66666e-11 -1.66369e-05 -3.3275e-05 -1.66369e-05 -1.66369e-05
0.53 -4.86367e-12 -2.84697e-11 -3.32696e-05 -3.32696e-05 -6.66666e-11 -1.66343e-05 -3.32696e-05 -1.66342e-05 -1.66342e-05
0.535 -4.81759e-12 -2.85158e-11 -3.32641e-05 -3.32641e-05 -6.66666e-11 -1.66315e-05 -3.32641e-05 -1.66315e-05 -1.66315e-05
0.54 -4.77196e-12 -2.85614e-11 -3.32586e-05 -3.32585e-05 -6.66666e-11 -1.66288e-05 -3.32585e-05 -1.66287e-05 -1.66287e-05
0.545 -4.72574e-12 -2.86077e-11 -3.3253e-05 -3.3253e-05 -6.66666e-11 -1.66259e-05 -3.3253e-05 -1.66259e-05 -1.66259e-05
0.55 -4.67935e-12 -2.8654e-11 -3.32474e-05 -3.32474e-05 -6.66666e-11 -1.66231e-05 -3.32474e-05 -1.66231e-05 -1.66231e-05
0.555 -4.63275e-12 -2.87006e-11 -3.32418e-05 -3.32418e-05 -6.66666e-11 -1.66202e-05 -3.32418e-05 -1.66202e-05 -1.66202e-05
0.56 -4.58594e-12 -2.87475e-11 -3.32362e-05 -3.32362e-05 -6.66666e-11 -1.66174e-05 -3.32362e-05 -1.66173e-05 -1.66174e-05
0.565 -4.53891e-12 -2.87945e-11 -3.32306e-05 -3.32306e-05 -6.66666e-11 -1.66145e-05 -3.32306e-05 -1.66144e-05 -1.66145e-05
0.57 -4.49168e-12 -2.88417e-11 -3.32249e-05 -3.32249e-05 -6.66666e-11 -1.66116e-05 -3.32249e-05 -1.66115e-05 -1.66116e-05
0.575 -4.44418e-12 -2.88892e-11 -3.32192e-05 -3.32192e-05 -6.66666e-11 -1.66088e-05 -3.32192e-05 -1.66087e-05 -1.66088e-05
0.58 -4.39666e-12 -2.89367e-11 -3.32135e-05 -3.32135e-05 -6.66666e-11 -1.66059e-05 -3.32135e-05 -1.66059e-05 -1.66059e-05
0.585 -4.34869e-12 -2.89847e-11 -3.32078e-05 -3.32078e-05 -6.66666e-11 -1.66031e-05 -3.32078e-05 -1.6603e-05 -1.66031e-05
0.59 -4.30063e-12 -2.90328e-11 -3.3202e-05 -3.3202e-05 -6.66666e-11 -1.66002e-05 -3.3202e-05 -1.66001e-05 -1.66002e-05
0.595 -4.25221e-12 -2.90812e-11 -3.31962e-05 -3.31962e-05 -6.66666e-11 -1.65972e-05 -3.31962e-05 -1.65972e-05 -1.65972e-05
0.6 -4.20372e-12 -2.91297e-11 -3.31904e-05 -3.31904e-05 -6.66666e-11 -1.65943e-05 -3.31904e-05 -1.65943e-05 -1.65943e-05
0.605 -4.155e-12 -2.91784e-11 -3.31846e-05 -3.31846e-05 -6.66666e-11 -1.65914e-05 -3.31846e-05 -1.65913e-05 -1.65914e-05
0.61 -4.10593e-12 -2.92275e-11 -3.31787e-05 -3.31787e-05 -6.66666e-11 -1.65884e-05 -3.31787e-05 -1.65884e-05 -1.65884e-05
0.615 -4.05678e-12 -2.92766e-11 -3.31728e-05 -3.31728e-05 -6.66666e-11 -1.65854e-05 -3.31728e-05 -1.65854e-05 -1.65854e-05
0.62 -4.00736e-12 -2.9326e-11 -3.31669e-05 -3.31669e-05 -6.66666e-11 -1.65825e-05 -3.31669e-05 -1.65824e-05 -1.65825e-05
0.625 -3.95771e-12 -2.93757e-11 -3.3161e-05 -3.3161e-05 -6.66666e-11 -1.65795e-05 -3.3161e-05 -1.65794e-05 -1.65795e-05
0.63 -3.90784e-12 -2.94256e-11 -3.3155e-05 -3.3155e-05 -6.66666e-11 -1.65765e-05 -3.3155e-05 -1.65765e-05 -1.65765e-05
0.635 -3.85771e-12 -2.94757e-11 -3.3149e-05 -3.3149e-05 -6.66666e-11 -1.65735e-05 -3.3149e-05 -1.65735e-05 -1.65735e-05
0.64 -3.80747e-12 -2.95259e-11 -3.3143e-05 -3.3143e-05 -6.66666e-11 -1.65705e-05 -3.3143e-05 -1.65705e-05 -1.65705e-05
0.645 -3.75688e-12 -2.95765e-11 -3.3137e-05 -3.3137e-05 -6.66666e-11 -1.65675e-05 -3.31369e-05 -1.65674e-05 -1.65675e-05
0.65 -3.70607e-12 -2.96273e-11 -3.31309e-05 -3.31309e-05 -6.66666e-11 -1.65645e-05 -3.31309e-05 -1.65644e-05 -1.65645e-05
0.655 -3.65514e-12 -2.96783e-11 -3.31248e-05 -3.31248e-05 -6.66666e-11 -1.65614e-05 -3.31248e-05 -1.65614e-05 -1.65614e-05
0.66 -3.60387e-12 -2.97295e-11 -3.31187e-05 -3.31187e-05 -6.66666e-11 -1.65583e-05 -3.31187e-05 -1.65583e-05 -1.65583e-05
0.665 -3.55237e-12 -2.9781e-11 -3.31125e-05 -3.31125e-05 -6.66666e-11 -1.65553e-05 -3.31125e-05 -1.65552e-05 -1.65553e-05
0.67 -3.50075e-12 -2.98327e-11 -3.31063e-05 -3.31063e-05 -6.66666e-11 -1.65522e-05 -3.31063e-05 -1.65521e-05 -1.65522e-05
0.675 -3.44877e-12 -2.98846e-11 -3.31001e-05 -3.31001e-05 -6.66666e-11 -1.65491e-05 -3.31001e-05 -1.65491e-05 -1.65491e-05
0.68 -3.39664e-12 -2.99368e-11 -3.30939e-05 -3.30939e-05 -6.66666e-11 -1.6546e-05 -3.30939e-05 -1.6546e-05 -1.6546e-05
0.685 -3.34426e-12 -2.99892e-11 -3.30876e-05 -3.30876e-05 -6.66666e-11 -1.65429e-05 -3.30876e-05 -1.65428e-05 -1.65429e-05
0.69 -3.29163e-12 -3.00418e-11 -3.30813e-05 -3.30813e-05 -6.66666e-11 -1.65398e-05 -3.30813e-05 -1.65397e-05 -1.65398e-05
0.695 -3.23878e-12 -3.00946e-11 -3.3075e-05 -3.3075e-05 -6.66666e-11 -1.65367e-05 -3.3075e-05 -1.65366e-05 -1.65366e-05
0.7 -3.18568e-12 -3.01477e-11 -3.30687e-05 -3.30687e-05 -6.66666e-11 -1.65335e-05 -3.30687e-05 -1.65335e-05 -1.65335e-05
0.705 -3.13235e-12 -3.02011e-11 -3.30623e-05 -3.30623e-05 -6.66666e-11 -1.65304e-05 -3.30623e-05 -1.65303e-05 -1.65303e-05
0.71 -3.07877e-12 -3.02546e-11 -3.30559e-05 -3.30559e-05 -6.66666e-11 -1.65272e-05 -3.30559e-05 -1.65271e-05 -1.65272e-05
0.715 -3.02496e-12 -3.03085e-11 -3.30495e-05 -3.30495e-05 -6.66666e-11 -1.6524e-05 -3.30495e-05 -1.65239e-05 -1.6524e-05
0.72 -2.9709e-12 -3.03625e-11 -3.30431e-05 -3.30431e-05 -6.66666e-11 -1.65208e-05 -3.30431e-05 -1.65208e-05 -1.65208e-05
0.725 -2.91662e-12 -3.04168e-11 -3.30367e-05 -3.30366e-05 -6.66666e-11 -1.65176e-05 -3.30366e-05 -1.65175e-05 -1.65176e-05
0.73 -2.8637e-12 -3.04697e-11 -3.30302e-05 -3.30302e-05 -6.66666e-11 -1.65144e-05 -3.30302e-05 -1.65143e-05 -1.65144e-05
0.735 -2.81073e-12 -3.05227e-11 -3.30236e-05 -3.30236e-05 -6.66666e-11 -1.65111e-05 -3.30236e-05 -1.65111e-05 -1.65111e-05
0.74 -2.75761e-12 -3.05758e-11 -3.3017e-05 -3.3017e-05 -6.66666e-11 -1.65078e-05 -3.3017e-05 -1.65078e-05 -1.65078e-05
0.745 -2.70432e-12 -3.06291e-11 -3.30104e-05 -3.30103e-05 -6.66666e-11 -1.65045e-05 -3.30103e-05 -1.65044e-05 -1.65045e-05
0.75 -2.65096e-12 -3.06825e-11 -3.30036e-05 -3.30036e-05 -6.66666e-11 -1.65011e-05 -3.30036e-05 -1.65011e-05 -1.65011e-05
0.755 -2.59743e-12 -3.0736e-11 -3.29968e-05 -3.29968e-05 -6.66666e-11 -1.64977e-05 -3.29968e-05 -1.64977e-05 -1.64977e-05
0.76 -2.54379e-12 -3.07896e-11 -3.299e-05 -3.299e-05 -6.66666e-11 -1.64943e-05 -3.299e-05 -1.64942e-05 -1.64943e-05
0.765 -2.49002e-12 -3.08434e-11 -3.29831e-05 -3.29831e-05 -6.66666e-11 -1.64909e-05 -3.29831e-05 -1.64908e-05 -1.64908e-05
0.77 -2.43611e-12 -3.08973e-11 -3.29762e-05 -3.29762e-05 -6.66666e-11 -1.64874e-05 -3.29762e-05 -1.64873e-05 -1.64874e-05
0.775 -2.38213e-12 -3.09513e-11 -3.29692e-05 -3.29692e-05 -6.66666e-11 -1.64839e-05 -3.29692e-05 -1.64838e-05 -1.64839e-05
0.78 -2.32787e-12 -3.10055e-11 -3.29622e-05 -3.29622e-05 -6.66666e-11 -1.64804e-05 -3.29622e-05 -1.64803e-05 -1.64804e-05
0.785 -2.27355e-12 -3.10599e-11 -3.29552e-05 -3.29552e-05 -6.66666e-11 -1.64769e-05 -3.29552e-05 -1.64768e-05 -1.64769e-05
0.79 -2.21909e-12 -3.11143e-11 -3.29481e-05 -3.29481e-05 -6.66666e-11 -1.64734e-05 -3.29481e-05 -1.64733e-05 -1.64734e-05
0.795 -2.16449e-12 -3.11689e-11 -3.29411e-05 -3.29411e-05 -6.66666e-11 -1.64699e-05 -3.2941e-05 -1.64698e-05 -1.64698e-05
0.8 -2.10977e-12 -3.12237e-11 -3.2934e-05 -3.29339e-05 -6.66666e-11 -1.64663e-05 -3.29339e-05 -1.64662e-05 -1.64663e-05
0.805 -2.05487e-12 -3.12786e-11 -3.29268e-05 -3.29268e-05 -6.66666e-11 -1.64627e-05 -3.29268e-05 -1.64627e-05 -1.64627e-05
0.81 -1.99987e-12 -3.13336e-11 -3.29197e-05 -3.29197e-05 -6.66666e-11 -1.64591e-05 -3.29196e-05 -1.64591e-05 -1.64591e-05
0.815 -1.94471e-12 -3.13887e-11 -3.29125e-05 -3.29125e-05 -6.66666e-11 -1.64556e-05 -3.29125e-05 -1.64555e-05 -1.64555e-05
0.82 -1.88939e-12 -3.1444e-11 -3.29053e-05 -3.29053e-05 -6.66666e-11 -1.6452e-05 -3.29052e-05 -1.64519e-05 -1.64519e-05
0.825 -1.83399e-12 -3.14994e-11 -3.2898e-05 -3.2898e-05 -6.66666e-11 -1.64483e-05 -3.2898e-05 -1.64483e-05 -1.64483e-05
0.83 -1.77837e-12 -3.15551e-11 -3.28908e-05 -3.28908e-05 -6.66666e-11 -1.64447e-05 -3.28908e-05 -1.64447e-05 -1.64447e-05
0.835 -1.72269e-12 -3.16107e-11 -3.28835e-05 -3.28835e-05 -6.66666e-11 -1.64411e-05 -3.28835e-05 -1.6441e-05 -1.64411e-05
0.84 -1.66681e-12 -3.16666e-11 -3.28762e-05 -3.28762e-05 -6.66666e-11 -1.64375e-05 -3.28762e-05 -1.64374e-05 -1.64374e-05
0.845 -1.61078e-12 -3.17226e-11 -3.28689e-05 -3.28689e-05 -6.66666e-11 -1.64338e-05 -3.28689e-05 -1.64338e-05 -1.64338e-05
0.85 -1.55468e-12 -3.17787e-11 -3.28616e-05 -3.28616e-05 -6.66666e-11 -1.64301e-05 -3.28616e-05 -1.64301e-05 -1.64301e-05
0.855 -1.49837e-12 -3.18351e-11 -3.28542e-05 -3.28542e-05 -6.66666e-11 -1.64265e-05 -3.28542e-05 -1.64264e-05 -1.64265e-05
0.86 -1.44193e-12 -3.18915e-11 -3.28469e-05 -3.28468e-05 -6.66666e-11 -1.64228e-05 -3.28468e-05 -1.64227e-05 -1.64228e-05
0.865 -1.38536e-12 -3.19481e-11 -3.28395e-05 -3.28395e-05 -6.66666e-11 -1.64191e-05 -3.28394e-05 -1.6419e-05 -1.64191e-05
0.87 -1.32867e-12 -3.20048e-11 -3.28321e-05 -3.2832e-05 -6.66666e-11 -1.64154e-05 -3.2832e-05 -1.64153e-05 -1.64153e-05
0.875 -1.27174e-12 -3.20617e-11 -3.28246e-05 -3.28246e-05 -6.66666e-11 -1.64116e-05 -3.28246e-05 -1.64116e-05 -1.64116e-05
0.88 -1.21477e-12 -3.21187e-11 -3.28172e-05 -3.28172e-05 -6.66666e-11 -1.64079e-05 -3.28172e-05 -1.64078e-05 -1.64079e-05
0.885 -1.15762e-12 -3.21758e-11 -3.28097e-05 -3.28097e-05 -6.66666e-11 -1.64041e-05 -3.28097e-05 -1.64041e-05 -1.64041e-05
0.89 -1.10033e-12 -3.22331e-11 -3.28022e-05 -3.28022e-05 -6.66666e-11 -1.64004e-05 -3.28022e-05 -1.64003e-05 -1.64004e-05
0.895 -1.04292e-12 -3.22905e-11 -3.27947e-05 -3.27947e-05 -6.66666e-11 -1.63966e-05 -3.27947e-05 -1.63965e-05 -1.63966e-05
0.9 -9.85273e-13 -3.23482e-11 -3.27872e-05 -3.27872e-05 -6.66666e-11 -1.63928e-05 -3.27872e-05 -1.63928e-05 -1.63928e-05
0.905 -9.27608e-13 -3.24058e-11 -3.27796e-05 -3.27796e-05 -6.66666e-11 -1.6389e-05 -3.27796e-05 -1.6389e-05 -1.6389e-05
0.91 -8.69707e-13 -3.24637e-11 -3.27721e-05 -3.27721e-05 -6.66666e-11 -1.63852e-05 -3.27721e-05 -1.63851e-05 -1.63852e-05
0.915 -8.11653e-13 -3.25218e-11 -3.27645e-05 -3.27645e-05 -6.66666e-11 -1.63814e-05 -3.27645e-05 -1.63813e-05 -1.63814e-05
0.92 -7.53557e-13 -3.25799e-11 -3.27569e-05 -3.27569e-05 -6.66666e-11 -1.63775e-05 -3.27569e-05 -1.63775e-05 -1.63775e-05
0.925 -6.95164e-13 -3.26383e-11 -3.27493e-05 -3.27493e-05 -6.66666e-11 -1.63737e-05 -3.27492e-05 -1.63737e-05 -1.63737e-05
0.93 -6.36825e-13 -3.26966e-11 -3.27416e-05 -3.27416e-05 -6.66666e-11 -1.63699e-05 -3.27416e-05 -1.63698e-05 -1.63699e-05
0.935 -5.78174e-13 -3.27553e-11 -3.2734e-05 -3.2734e-05 -6.66666e-11 -1.6366e-05 -3.2734e-05 -1.6366e-05 -1.6366e-05
0.94 -5.19349e-13 -3.28141e-11 -3.27263e-05 -3.27263e-05 -6.66666e-11 -1.63622e-05 -3.27263e-05 -1.63621e-05 -1.63622e-05
0.945 -4.60606e-13 -3.28728e-11 -3.27186e-05 -3.27186e-05 -6.66666e-11 -1.63583e-05 -3.27186e-05 -1.63582e-05 -1.63583e-05
0.95 -4.0149e-13 -3.29319e-11 -3.27109e-05 -3.27109e-05 -6.66666e-11 -1.63544e-05 -3.27109e-05 -1.63543e-05 -1.63544e-05
0.955 -3.42177e-13 -3.29913e-11 -3.27031e-05 -3.27031e-05 -6.66666e-11 -1.63505e-05 -3.27031e-05 -1.63504e-05 -1.63505e-05
0.96 -2.82987e-13 -3.30504e-11 -3.26954e-05 -3.26954e-05 -6.66666e-11 -1.63467e-05 -3.26954e-05 -1.63466e-05 -1.63467e-05
0.965 -2.23578e-13 -3.31099e-11 -3.26876e-05 -3.26876e-05 -6.66666e-11 -1.63429e-05 -3.26876e-05 -1.63428e-05 -1.63429e-05
0.97 -1.6382e-13 -3.31696e-11 -3.26798e-05 -3.26798e-05 -6.66666e-11 -1.6339e-05 -3.26798e-05 -1.63389e-05 -1.6339e-05
0.975 -1.04119e-13 -3.32293e-11 -3.2672e-05 -3.2672e-05 -6.66666e-11 -1.63351e-05 -3.2672e-05 -1.6335e-05 -1.63351e-05
0.98 -4.41515e-14 -3.32893e-11 -3.26641e-05 -3.26641e-05 -6.66666e-11 -1.63312e-05 -3.26641e-05 -1.63311e-05 -1.63312e-05
0.985 1.5861e-14 -3.33493e-11 -3.26563e-05 -3.26563e-05 -6.66666e-11 -1.63273e-05 -3.26563e-05 -1.63272e-05 -1.63273e-05
0.99 7.61248e-14 -3.34096e-11 -3.26484e-05 -3.26484e-05 -6.66666e-11 -1.63233e-05 -3.26484e-05 -1.63233e-05 -1.63233e-05
0.995 1.3646e-13 -3.34699e-11 -3.26405e-05 -3.26405e-05 -6.66666e-11 -1.63194e-05 -3.26405e-05 -1.63194e-05 -1.63194e-05
1 1.96968e-13 -3.35304e-11 -3.26326e-05 -3.26326e-05 -6.66666e-11 -1.63155e-05 -3.26326e-05 -1.63154e-05 -1.63155e-05
