1000 -8.44804e-07
2000 2.81601e-07
3000 1.04608e-13
4000 -1.49442e-14
5000 -8.97576e-21
6000 1.04399e-21
7000 7.01254e-23
8000 -2.06661e-23
9000 -7.19831e-24
10000 7.34684e-40
11000 8.44804e-07
12000 -2.81601e-07
13000 -1.04608e-13
14000 1.49442e-14
15000 8.72364e-21
16000 -7.93074e-22
17000 -6.313e-28
18000 4.20875e-29
19000 4.23679e-35
20000 -2.20075e-36
21000 4.77499e-38
22000 -3.54032e-38
23000 -1.71761e-39
24000 5.88449e-39
25000 -1.27982e-38
26000 9.73271e-39
27000 -1.05307e-38
28000 7.1243e-39
29000 2.04399e-39
30000 1.63097e-39
31000 -7.75839e-39
32000 8.89327e-39
33000 1.11154e-39
34000 -2.83958e-40
35000 -5.90842e-39
36000 6.15468e-39
37000 -4.12804e-39
38000 5.15683e-39
39000 -3.77119e-39
40000 -4.5317e-39
41000 3.65582e-39
42000 -2.60612e-38
43000 3.18453e-38
44000 -3.6356e-38
45000 4.95999e-38
46000 -1.1599e-38
47000 -1.04199e-38
48000 7.44916e-39
49000 -4.10004e-39
50000 5.15917e-39
51000 -5.98012e-39
52000 4.84456e-39
53000 -8.37586e-39
54000 8.9684e-39
55000 -3.29736e-39
56000 -4.80203e-39
57000 5.88327e-39
58000 -2.33768e-39
59000 3.53666e-39
60000 -3.37032e-39
61000 1.14724e-39
62000 -3.85963e-38
63000 4.91946e-38
64000 -1.78414e-38
65000 5.04743e-39
66000 -6.72551e-39
67000 1.22024e-38
68000 -3.90887e-39
69000 -5.78904e-40
70000 2.71408e-39
71000 -2.89852e-38
72000 3.58281e-38
73000 -4.49585e-38
74000 6.49204e-38
75000 -4.70613e-38
76000 2.92934e-38
77000 -3.33889e-38
78000 6.59989e-38
79000 -8.4337e-38
80000 3.8835e-38
81000 2.96123e-39
82000 5.27891e-38
83000 -7.34264e-38
84000 3.27034e-38
85000 -1.75762e-39
86000 3.44271e-38
87000 -1.29162e-38
88000 -3.24846e-39
89000 -5.99407e-39
90000 1.30592e-38
91000 -6.78744e-39
92000 5.58632e-39
93000 -6.0642e-39
94000 4.84456e-39
95000 -8.37586e-39
96000 8.9684e-39
97000 -3.29736e-39
98000 -4.80203e-39
99000 5.88327e-39
100000 -2.33768e-39
101000 3.53666e-39
102000 -3.37032e-39
103000 1.14724e-39
104000 -3.85963e-38
105000 4.91946e-38
106000 -1.78414e-38
107000 5.04743e-39
108000 -6.72551e-39
109000 1.22024e-38
110000 -3.90887e-39
111000 -5.78904e-40
112000 2.71408e-39
113000 -2.89852e-38
114000 3.58281e-38
115000 -4.49585e-38
116000 6.49204e-38
117000 -4.70613e-38
118000 2.92934e-38
119000 -3.33889e-38
120000 6.59989e-38
121000 -8.4337e-38
122000 3.8835e-38
123000 2.96123e-39
124000 5.27891e-38
125000 -7.34264e-38
126000 3.27034e-38
127000 -1.75762e-39
128000 3.44271e-38
129000 -1.29162e-38
130000 -3.24846e-39
131000 -5.99407e-39
132000 1.30592e-38
133000 -6.78744e-39
134000 5.58632e-39
135000 -6.0642e-39
136000 4.84456e-39
137000 -8.37586e-39
138000 8.9684e-39
139000 -3.29736e-39
140000 -4.80203e-39
141000 5.88327e-39
142000 -2.33768e-39
143000 3.53666e-39
144000 -3.37032e-39
145000 1.14724e-39
146000 -3.85963e-38
147000 4.91946e-38
148000 -1.78414e-38
149000 5.04743e-39
150000 -6.72551e-39
151000 1.22024e-38
152000 -3.90887e-39
153000 -5.78904e-40
154000 2.71408e-39
155000 -2.89852e-38
156000 3.58281e-38
157000 -4.49585e-38
158000 6.49204e-38
159000 -4.70613e-38
160000 2.92934e-38
161000 -3.33889e-38
162000 6.59989e-38
163000 -8.4337e-38
164000 3.8835e-38
165000 2.96123e-39
166000 5.27891e-38
167000 -7.34264e-38
168000 3.27034e-38
169000 -1.75762e-39
170000 3.44271e-38
171000 -1.29162e-38
172000 -3.24846e-39
173000 -5.99407e-39
174000 1.30592e-38
175000 -6.78744e-39
176000 5.58632e-39
177000 -6.0642e-39
178000 4.84456e-39
179000 -8.37586e-39
180000 8.9684e-39
181000 -3.29736e-39
182000 -4.80203e-39
183000 5.88327e-39
184000 -2.33768e-39
185000 3.53666e-39
186000 -3.37032e-39
187000 1.14724e-39
188000 -3.85963e-38
189000 4.91946e-38
190000 -1.78414e-38
191000 5.04743e-39
192000 -6.72551e-39
193000 1.22024e-38
194000 -3.90887e-39
195000 -5.78904e-40
196000 2.71408e-39
197000 -2.89852e-38
198000 3.58281e-38
199000 -4.49585e-38
200000 6.49204e-38
200100 -1.54677e-36
200200 5.99765e-37
200300 3.4099e-37
200400 -2.90461e-37
200500 -1.06929e-37
200600 -1.29856e-37
200700 2.10932e-37
200800 3.93198e-38
200900 1.28617e-37
201000 5.91892e-38
201100 5.7233e-38
201200 1.3831e-37
201300 4.66783e-37
201400 2.4145e-37
201500 -2.98988e-38
201600 4.54326e-38
201700 1.74758e-37
201800 -7.69078e-37
201900 7.30857e-37
202000 -4.98689e-38
202100 1.30166e-37
202200 6.4992e-38
202300 2.85991e-37
202400 -7.61425e-37
202500 1.06064e-36
202600 -9.91229e-37
202700 5.38188e-37
202800 -9.22573e-38
202900 4.93583e-37
203000 -7.75702e-37
203100 3.29167e-37
203200 8.64189e-37
203300 -1.01921e-36
203400 4.56775e-37
203500 -3.67471e-37
203600 8.04963e-37
203700 -9.25148e-37
203800 5.55063e-37
203900 -3.26937e-37
204000 8.43543e-37
204100 -3.87931e-37
204200 4.0617e-37
204300 -9.60315e-37
204400 2.33043e-37
204500 8.86805e-38
204600 -2.25183e-38
204700 -1.8015e-38
204800 4.25556e-37
204900 -1.7074e-37
205000 1.6977e-37
205100 -5.75136e-38
205200 5.1228e-37
205300 -7.99244e-37
205400 6.185e-37
205500 5.04996e-40
205600 8.31142e-38
205700 2.31741e-38
205800 1.72902e-37
205900 -2.46028e-37
206000 -4.73914e-37
206100 4.66374e-37
206200 1.44758e-37
206300 -2.91143e-37
206400 3.21854e-37
206500 -1.66838e-37
206600 -4.78497e-38
206700 -2.71626e-38
206800 -2.83342e-38
206900 -1.56404e-37
207000 -6.85849e-37
207100 4.59785e-37
207200 -8.76003e-41
207300 1.04901e-37
207400 -1.71728e-38
207500 -1.35734e-37
207600 2.01923e-37
207700 4.46713e-37
207800 -3.46867e-37
207900 -3.62647e-38
208000 -4.83062e-38
208100 -4.63246e-38
208200 -1.50851e-38
208300 -4.03566e-38
208400 -9.06482e-39
208500 -6.13322e-38
208600 -7.80887e-39
208700 -1.18907e-37
208800 7.13407e-38
208900 -1.21107e-37
209000 6.51585e-38
209100 2.69721e-38
209200 -3.16572e-38
209300 5.06335e-38
209400 -5.11905e-38
209500 6.72409e-38
209600 -3.51988e-38
209700 4.93385e-38
209800 -4.5591e-38
209900 4.7924e-38
210000 1.07909e-38
211000 -2.86226e-38
212000 7.60201e-40
213000 7.46413e-40
214000 4.03438e-40
215000 2.30188e-39
216000 3.36135e-39
217000 2.01536e-39
218000 1.45866e-39
219000 -7.72205e-40
220000 4.32111e-39
221000 -7.26819e-39
222000 3.92657e-39
223000 1.69683e-39
224000 -2.44196e-39
225000 3.74002e-39
226000 2.5357e-39
227000 -3.96011e-39
228000 2.07728e-38
229000 -3.32609e-38
230000 3.21859e-38
231000 7.26455e-39
232000 -1.19773e-39
233000 1.69211e-38
234000 -4.17849e-38
235000 -2.78436e-39
236000 3.32917e-38
237000 -4.02868e-38
238000 1.73793e-38
239000 3.70048e-38
240000 -3.56397e-38
241000 5.6589e-38
242000 -3.33047e-38
243000 -1.557e-39
244000 -9.91862e-39
245000 -2.16457e-39
246000 7.9787e-40
247000 -2.34577e-38
248000 3.18169e-38
249000 -8.669e-39
250000 -1.708e-39
251000 -1.71403e-38
252000 -4.96625e-39
253000 1.49593e-38
254000 -8.54492e-39
255000 -6.21694e-39
256000 3.76002e-40
257000 -1.5138e-39
258000 -2.05146e-39
259000 5.48626e-40
260000 -5.55872e-39
261000 -7.29897e-40
262000 2.72104e-39
263000 -4.6117e-39
264000 -3.28779e-39
265000 3.51661e-39
266000 2.84972e-40
267000 -1.03427e-41
268000 2.85146e-39
269000 7.38117e-38
270000 -8.62479e-38
271000 5.02165e-38
272000 3.98484e-39
273000 1.69066e-38
274000 -6.28884e-39
275000 -4.39174e-38
276000 -2.33512e-38
277000 6.67308e-38
278000 -3.36355e-38
279000 5.08854e-38
280000 -5.3943e-40
281000 -3.7097e-38
282000 5.39743e-38
283000 -4.22532e-38
284000 5.73263e-38
285000 -4.09114e-38
286000 5.58097e-38
287000 -3.64303e-38
288000 6.033e-38
289000 4.60218e-40
290000 -5.2431e-38
291000 3.61799e-39
292000 4.0818e-38
293000 2.82477e-38
294000 -7.83068e-38
295000 5.20184e-38
296000 4.70446e-39
297000 9.86617e-39
298000 1.93875e-38
299000 -5.21731e-38
300000 9.50693e-38
301000 -4.91734e-38
302000 8.01119e-38
303000 1.17779e-38
304000 -1.76856e-38
305000 9.70609e-40
306000 1.38699e-38
307000 -1.76123e-39
308000 2.11063e-38
309000 -9.84082e-38
310000 9.00248e-38
311000 2.43393e-38
312000 -7.61402e-38
313000 1.12008e-37
314000 -9.99531e-38
315000 7.89215e-38
316000 -6.46336e-38
317000 2.20616e-38
318000 3.62556e-38
319000 -1.52284e-38
320000 1.01714e-38
321000 6.19573e-39
322000 6.07593e-39
323000 2.39598e-39
324000 1.99744e-38
325000 -3.62646e-38
326000 9.43978e-39
327000 7.07836e-38
328000 -9.84822e-38
329000 6.63477e-38
330000 3.16697e-38
331000 -7.91784e-38
332000 5.99424e-38
333000 -1.66624e-38
334000 -3.09479e-38
335000 1.68928e-38
336000 6.15996e-38
337000 -7.23963e-38
338000 4.52813e-39
339000 -3.0281e-38
340000 1.80545e-38
341000 6.33938e-38
342000 -5.8767e-38
343000 3.31115e-39
344000 -2.30035e-38
345000 2.63831e-38
346000 6.77566e-38
347000 -1.07806e-37
348000 6.39894e-38
349000 -8.13116e-38
350000 1.28625e-37
351000 -1.07553e-37
352000 6.8069e-38
353000 -1.02001e-37
354000 1.4032e-37
355000 -7.80455e-38
356000 3.10027e-38
357000 -4.64057e-38
358000 1.06209e-37
359000 -8.83622e-38
360000 -2.09291e-38
361000 8.56122e-38
362000 -4.12853e-38
363000 6.06288e-38
364000 -1.60851e-37
365000 1.46271e-37
366000 -1.194e-37
367000 1.48141e-40
368000 7.27713e-38
369000 -2.87256e-38
370000 -7.09484e-38
371000 1.23985e-37
372000 -1.22518e-37
373000 8.11968e-38
374000 -4.08993e-38
375000 3.00467e-38
376000 -4.70174e-38
377000 -2.18343e-38
378000 1.35757e-37
379000 -5.45174e-38
380000 -7.74645e-39
381000 -6.61845e-38
382000 1.76022e-38
383000 -2.17797e-38
384000 9.20724e-38
385000 -2.79306e-38
386000 1.27477e-38
387000 7.5121e-39
388000 -1.67876e-38
389000 1.50039e-38
390000 5.04464e-39
391000 -1.03477e-38
392000 2.07857e-38
393000 -3.74741e-38
394000 2.48035e-38
395000 -2.10553e-38
396000 1.87369e-38
397000 3.48487e-39
398000 -4.65932e-39
399000 1.7635e-38
400000 -1.59938e-38
401000 2.06597e-38
402000 -3.24843e-39
403000 -7.53771e-39
404000 1.98324e-38
405000 -3.06808e-38
406000 3.64491e-38
407000 1.2444e-38
408000 -1.04682e-38
409000 -6.36313e-38
410000 1.80741e-38
