1000 0.246836 0.246836 0 0
2000 -0.0817303 -0.0817303 0 0
3000 -0.000314735 -0.000314735 0 0
4000 4.41412e-05 4.41412e-05 0 0
5000 2.6952e-07 2.6952e-07 0 0
6000 -2.36149e-08 -2.36149e-08 0 0
7000 -1.97446e-10 -1.97446e-10 0 0
8000 1.32576e-11 1.32576e-11 0 0
9000 3.83133e-13 3.83133e-13 0 0
10000 7.55327e-14 7.55327e-14 0 0
11000 2.72093e-14 2.72093e-14 0 0
12000 9.2192e-15 9.2192e-15 0 0
13000 2.92549e-15 2.92549e-15 0 0
14000 1.11993e-15 1.11993e-15 0 0
15000 2.6852e-16 2.6852e-16 0 0
16000 1.83878e-16 1.83878e-16 0 0
17000 -4.61052e-17 -4.61052e-17 0 0
18000 7.61388e-17 7.61388e-17 0 0
19000 -2.66424e-17 -2.66424e-17 0 0
20000 -3.3193e-19 -3.3193e-19 0 0
21000 1.01683e-17 1.01683e-17 0 0
22000 -4.5802e-17 -4.5802e-17 0 0
23000 2.94402e-17 2.94402e-17 0 0
24000 2.05788e-17 2.05788e-17 0 0
25000 2.14216e-17 2.14216e-17 0 0
26000 -4.16688e-17 -4.16688e-17 0 0
27000 2.85345e-17 2.85345e-17 0 0
28000 -3.25341e-17 -3.25341e-17 0 0
29000 3.71004e-17 3.71004e-17 0 0
30000 -3.85263e-17 -3.85263e-17 0 0
31000 1.5689e-17 1.5689e-17 0 0
32000 2.11286e-17 2.11286e-17 0 0
33000 -2.91106e-17 -2.91106e-17 0 0
34000 -2.29225e-18 -2.29225e-18 0 0
35000 2.88307e-17 2.88307e-17 0 0
36000 -1.62627e-17 -1.62627e-17 0 0
37000 2.8256e-17 2.8256e-17 0 0
38000 1.88489e-17 1.88489e-17 0 0
39000 -5.87991e-17 -5.87991e-17 0 0
40000 5.50766e-17 5.50766e-17 0 0
41000 -6.5069e-17 -6.5069e-17 0 0
42000 4.30854e-17 4.30854e-17 0 0
43000 3.94062e-17 3.94062e-17 0 0
44000 -4.42344e-17 -4.42344e-17 0 0
45000 -4.02629e-17 -4.02629e-17 0 0
46000 7.99168e-17 7.99168e-17 0 0
47000 -9.38931e-17 -9.38931e-17 0 0
48000 6.02046e-17 6.02046e-17 0 0
49000 8.73863e-19 8.73863e-19 0 0
50000 -3.33984e-17 -3.33984e-17 0 0
51000 -1.00011e-17 -1.00011e-17 0 0
52000 5.28071e-17 5.28071e-17 0 0
53000 -5.47928e-17 -5.47928e-17 0 0
54000 6.62109e-17 6.62109e-17 0 0
55000 -6.47801e-17 -6.47801e-17 0 0
56000 4.65112e-17 4.65112e-17 0 0
57000 -5.12472e-18 -5.12472e-18 0 0
58000 -2.05545e-17 -2.05545e-17 0 0
59000 2.854e-17 2.854e-17 0 0
60000 -2.6254e-17 -2.6254e-17 0 0
61000 7.12883e-18 7.12883e-18 0 0
62000 2.11261e-17 2.11261e-17 0 0
63000 -2.34015e-17 -2.34015e-17 0 0
64000 2.76829e-17 2.76829e-17 0 0
65000 -2.62543e-17 -2.62543e-17 0 0
66000 2.68257e-17 2.68257e-17 0 0
67000 -2.56836e-17 -2.56836e-17 0 0
68000 2.85386e-17 2.85386e-17 0 0
69000 -3.65306e-17 -3.65306e-17 0 0
70000 1.56896e-17 1.56896e-17 0 0
71000 2.02722e-17 2.02722e-17 0 0
72000 -2.62563e-17 -2.62563e-17 0 0
73000 2.34001e-17 2.34001e-17 0 0
74000 -1.94045e-17 -1.94045e-17 0 0
75000 2.93968e-17 2.93968e-17 0 0
76000 -2.71101e-17 -2.71101e-17 0 0
77000 2.85382e-17 2.85382e-17 0 0
78000 -3.65306e-17 -3.65306e-17 0 0
79000 4.30939e-17 4.30939e-17 0 0
80000 -1.36894e-17 -1.36894e-17 0 0
81000 -3.85411e-17 -3.85411e-17 0 0
82000 3.88111e-17 3.88111e-17 0 0
83000 -7.69612e-18 -7.69612e-18 0 0
84000 -3.96812e-17 -3.96812e-17 0 0
85000 6.96406e-17 6.96406e-17 0 0
86000 -1.96762e-17 -1.96762e-17 0 0
87000 -8.2838e-18 -8.2838e-18 0 0
88000 -3.14032e-17 -3.14032e-17 0 0
89000 5.25153e-17 5.25153e-17 0 0
90000 -4.28037e-17 -4.28037e-17 0 0
91000 3.96666e-17 3.96666e-17 0 0
92000 -1.85433e-17 -1.85433e-17 0 0
93000 -1.3422e-17 -1.3422e-17 0 0
94000 4.56697e-17 4.56697e-17 0 0
95000 -2.11105e-17 -2.11105e-17 0 0
96000 -1.88464e-17 -1.88464e-17 0 0
97000 2.93968e-17 2.93968e-17 0 0
98000 -2.11155e-17 -2.11155e-17 0 0
99000 3.71038e-17 3.71038e-17 0 0
100000 -7.07834e-17 -7.07834e-17 0 0
101000 6.10677e-17 6.10677e-17 0 0
102000 -3.50939e-17 -3.50939e-17 0 0
103000 -1.68524e-17 -1.68524e-17 0 0
104000 2.85409e-17 2.85409e-17 0 0
105000 6.00307e-18 6.00307e-18 0 0
106000 1.54169e-17 1.54169e-17 0 0
107000 -3.9917e-18 -3.9917e-18 0 0
108000 -2.2267e-17 -2.2267e-17 0 0
109000 7.98624e-18 7.98624e-18 0 0
110000 1.51317e-17 1.51317e-17 0 0
111000 2.22705e-17 2.22705e-17 0 0
112000 -6.55877e-18 -6.55877e-18 0 0
113000 -6.33741e-17 -6.33741e-17 0 0
114000 7.22026e-17 7.22026e-17 0 0
115000 -8.47608e-17 -8.47608e-17 0 0
116000 7.39094e-17 7.39094e-17 0 0
117000 -9.39857e-18 -9.39857e-18 0 0
118000 -2.36906e-21 -2.36906e-21 0 0
119000 -8.56377e-18 -8.56377e-18 0 0
120000 -2.14122e-17 -2.14122e-17 0 0
121000 4.82364e-17 4.82364e-17 0 0
122000 -5.69492e-18 -5.69492e-18 0 0
123000 5.13695e-18 5.13695e-18 0 0
124000 5.13992e-18 5.13992e-18 0 0
125000 5.13992e-18 5.13992e-18 0 0
126000 5.13992e-18 5.13992e-18 0 0
127000 5.13992e-18 5.13992e-18 0 0
128000 5.13992e-18 5.13992e-18 0 0
129000 5.13992e-18 5.13992e-18 0 0
130000 5.13992e-18 5.13992e-18 0 0
131000 5.13992e-18 5.13992e-18 0 0
132000 5.13992e-18 5.13992e-18 0 0
133000 5.13992e-18 5.13992e-18 0 0
134000 5.13992e-18 5.13992e-18 0 0
135000 5.13992e-18 5.13992e-18 0 0
136000 5.13992e-18 5.13992e-18 0 0
137000 5.13992e-18 5.13992e-18 0 0
138000 5.13992e-18 5.13992e-18 0 0
139000 5.13992e-18 5.13992e-18 0 0
140000 5.13992e-18 5.13992e-18 0 0
141000 5.13992e-18 5.13992e-18 0 0
142000 5.13992e-18 5.13992e-18 0 0
143000 5.13992e-18 5.13992e-18 0 0
144000 5.13992e-18 5.13992e-18 0 0
145000 5.13992e-18 5.13992e-18 0 0
146000 5.13992e-18 5.13992e-18 0 0
147000 5.13992e-18 5.13992e-18 0 0
148000 5.13992e-18 5.13992e-18 0 0
149000 5.13992e-18 5.13992e-18 0 0
150000 5.13992e-18 5.13992e-18 0 0
151000 5.13992e-18 5.13992e-18 0 0
152000 5.13992e-18 5.13992e-18 0 0
153000 5.13992e-18 5.13992e-18 0 0
154000 5.13992e-18 5.13992e-18 0 0
155000 5.13992e-18 5.13992e-18 0 0
156000 5.13992e-18 5.13992e-18 0 0
157000 5.13992e-18 5.13992e-18 0 0
158000 5.13992e-18 5.13992e-18 0 0
159000 5.13992e-18 5.13992e-18 0 0
160000 5.13992e-18 5.13992e-18 0 0
161000 5.13992e-18 5.13992e-18 0 0
162000 5.13992e-18 5.13992e-18 0 0
163000 5.13992e-18 5.13992e-18 0 0
164000 5.13992e-18 5.13992e-18 0 0
165000 5.13992e-18 5.13992e-18 0 0
166000 5.13992e-18 5.13992e-18 0 0
167000 5.13992e-18 5.13992e-18 0 0
168000 5.13992e-18 5.13992e-18 0 0
169000 5.13992e-18 5.13992e-18 0 0
170000 5.13992e-18 5.13992e-18 0 0
171000 5.13992e-18 5.13992e-18 0 0
172000 5.13992e-18 5.13992e-18 0 0
173000 5.13992e-18 5.13992e-18 0 0
174000 5.13992e-18 5.13992e-18 0 0
175000 5.13992e-18 5.13992e-18 0 0
176000 5.13992e-18 5.13992e-18 0 0
177000 5.13992e-18 5.13992e-18 0 0
178000 5.13992e-18 5.13992e-18 0 0
179000 5.13992e-18 5.13992e-18 0 0
180000 5.13992e-18 5.13992e-18 0 0
181000 5.13992e-18 5.13992e-18 0 0
182000 5.13992e-18 5.13992e-18 0 0
183000 5.13992e-18 5.13992e-18 0 0
184000 5.13992e-18 5.13992e-18 0 0
185000 5.13992e-18 5.13992e-18 0 0
186000 5.13992e-18 5.13992e-18 0 0
187000 5.13992e-18 5.13992e-18 0 0
188000 5.13992e-18 5.13992e-18 0 0
189000 5.13992e-18 5.13992e-18 0 0
190000 5.13992e-18 5.13992e-18 0 0
191000 5.13992e-18 5.13992e-18 0 0
192000 5.13992e-18 5.13992e-18 0 0
193000 5.13992e-18 5.13992e-18 0 0
194000 5.13992e-18 5.13992e-18 0 0
195000 5.13992e-18 5.13992e-18 0 0
196000 5.13992e-18 5.13992e-18 0 0
197000 5.13992e-18 5.13992e-18 0 0
198000 5.13992e-18 5.13992e-18 0 0
199000 5.13992e-18 5.13992e-18 0 0
200000 5.13992e-18 5.13992e-18 0 0
200100 1.84426e-16 1.84426e-16 0 0
200200 -5.0341e-15 -5.0341e-15 0 0
200300 6.59331e-15 6.59331e-15 0 0
200400 -3.79296e-15 -3.79296e-15 0 0
200500 1.31889e-15 1.31889e-15 0 0
200600 -9.86729e-18 -9.86729e-18 0 0
200700 -2.29578e-16 -2.29578e-16 0 0
200800 -5.56255e-16 -5.56255e-16 0 0
200900 2.38567e-16 2.38567e-16 0 0
201000 -2.69498e-16 -2.69498e-16 0 0
201100 -8.16438e-17 -8.16438e-17 0 0
201200 1.75004e-16 1.75004e-16 0 0
201300 -7.26031e-17 -7.26031e-17 0 0
201400 1.92762e-16 1.92762e-16 0 0
201500 -8.33744e-16 -8.33744e-16 0 0
201600 1.12119e-15 1.12119e-15 0 0
201700 -3.51237e-16 -3.51237e-16 0 0
201800 -1.12345e-16 -1.12345e-16 0 0
201900 -2.26505e-17 -2.26505e-17 0 0
202000 -4.88845e-16 -4.88845e-16 0 0
202100 5.90547e-16 5.90547e-16 0 0
202200 -7.18412e-17 -7.18412e-17 0 0
202300 -1.55748e-16 -1.55748e-16 0 0
202400 -8.94522e-17 -8.94522e-17 0 0
202500 -1.55864e-16 -1.55864e-16 0 0
202600 3.21521e-16 3.21521e-16 0 0
202700 -4.81754e-16 -4.81754e-16 0 0
202800 1.30783e-16 1.30783e-16 0 0
202900 4.23481e-16 4.23481e-16 0 0
203000 -1.11688e-15 -1.11688e-15 0 0
203100 3.67505e-16 3.67505e-16 0 0
203200 5.52519e-16 5.52519e-16 0 0
203300 -1.20071e-16 -1.20071e-16 0 0
203400 1.10214e-16 1.10214e-16 0 0
203500 -5.43707e-16 -5.43707e-16 0 0
203600 7.09877e-16 7.09877e-16 0 0
203700 -1.45943e-16 -1.45943e-16 0 0
203800 -1.11535e-16 -1.11535e-16 0 0
203900 6.62242e-17 6.62242e-17 0 0
204000 -1.10835e-16 -1.10835e-16 0 0
204100 6.62267e-17 6.62267e-17 0 0
204200 -1.10835e-16 -1.10835e-16 0 0
204300 6.62266e-17 6.62266e-17 0 0
204400 -1.10835e-16 -1.10835e-16 0 0
204500 6.62266e-17 6.62266e-17 0 0
204600 -1.10835e-16 -1.10835e-16 0 0
204700 6.62266e-17 6.62266e-17 0 0
204800 -1.10835e-16 -1.10835e-16 0 0
204900 6.62266e-17 6.62266e-17 0 0
205000 -1.10835e-16 -1.10835e-16 0 0
205100 6.62266e-17 6.62266e-17 0 0
205200 -1.10835e-16 -1.10835e-16 0 0
205300 6.62266e-17 6.62266e-17 0 0
205400 -1.10835e-16 -1.10835e-16 0 0
205500 6.62266e-17 6.62266e-17 0 0
205600 -1.10835e-16 -1.10835e-16 0 0
205700 6.62266e-17 6.62266e-17 0 0
205800 -1.10835e-16 -1.10835e-16 0 0
205900 6.62266e-17 6.62266e-17 0 0
206000 -1.10835e-16 -1.10835e-16 0 0
206100 6.62266e-17 6.62266e-17 0 0
206200 -1.10835e-16 -1.10835e-16 0 0
206300 6.62266e-17 6.62266e-17 0 0
206400 -1.10835e-16 -1.10835e-16 0 0
206500 6.62266e-17 6.62266e-17 0 0
206600 -1.10835e-16 -1.10835e-16 0 0
206700 6.62266e-17 6.62266e-17 0 0
206800 -1.10835e-16 -1.10835e-16 0 0
206900 6.62266e-17 6.62266e-17 0 0
207000 -1.10835e-16 -1.10835e-16 0 0
207100 6.62266e-17 6.62266e-17 0 0
207200 -1.10835e-16 -1.10835e-16 0 0
207300 6.62266e-17 6.62266e-17 0 0
207400 -1.10835e-16 -1.10835e-16 0 0
207500 6.62266e-17 6.62266e-17 0 0
207600 -1.10835e-16 -1.10835e-16 0 0
207700 6.62266e-17 6.62266e-17 0 0
207800 -1.10835e-16 -1.10835e-16 0 0
207900 6.62266e-17 6.62266e-17 0 0
208000 -1.10835e-16 -1.10835e-16 0 0
208100 6.62266e-17 6.62266e-17 0 0
208200 -1.10835e-16 -1.10835e-16 0 0
208300 6.62266e-17 6.62266e-17 0 0
208400 -1.10835e-16 -1.10835e-16 0 0
208500 6.62266e-17 6.62266e-17 0 0
208600 -1.10835e-16 -1.10835e-16 0 0
208700 6.62266e-17 6.62266e-17 0 0
208800 -1.10835e-16 -1.10835e-16 0 0
208900 6.62266e-17 6.62266e-17 0 0
209000 -1.10835e-16 -1.10835e-16 0 0
209100 6.62266e-17 6.62266e-17 0 0
209200 -1.10835e-16 -1.10835e-16 0 0
209300 6.62266e-17 6.62266e-17 0 0
209400 -1.10835e-16 -1.10835e-16 0 0
209500 6.62266e-17 6.62266e-17 0 0
209600 -1.10835e-16 -1.10835e-16 0 0
209700 6.62266e-17 6.62266e-17 0 0
209800 -1.10835e-16 -1.10835e-16 0 0
209900 6.62266e-17 6.62266e-17 0 0
210000 -1.10835e-16 -1.10835e-16 0 0
211000 -1.62417e-16 -1.62417e-16 0 0
212000 -1.13884e-17 -1.13884e-17 0 0
213000 6.79334e-18 6.79334e-18 0 0
214000 -1.1327e-17 -1.1327e-17 0 0
215000 6.79336e-18 6.79336e-18 0 0
216000 -1.1327e-17 -1.1327e-17 0 0
217000 6.79336e-18 6.79336e-18 0 0
218000 -1.1327e-17 -1.1327e-17 0 0
219000 6.79336e-18 6.79336e-18 0 0
220000 -1.1327e-17 -1.1327e-17 0 0
221000 6.79336e-18 6.79336e-18 0 0
222000 -1.1327e-17 -1.1327e-17 0 0
223000 6.79336e-18 6.79336e-18 0 0
224000 -1.1327e-17 -1.1327e-17 0 0
225000 6.79336e-18 6.79336e-18 0 0
226000 -1.1327e-17 -1.1327e-17 0 0
227000 6.79336e-18 6.79336e-18 0 0
228000 -1.1327e-17 -1.1327e-17 0 0
229000 6.79336e-18 6.79336e-18 0 0
230000 -1.1327e-17 -1.1327e-17 0 0
231000 6.79336e-18 6.79336e-18 0 0
232000 -1.1327e-17 -1.1327e-17 0 0
233000 6.79336e-18 6.79336e-18 0 0
234000 -1.1327e-17 -1.1327e-17 0 0
235000 6.79336e-18 6.79336e-18 0 0
236000 -1.1327e-17 -1.1327e-17 0 0
237000 6.79336e-18 6.79336e-18 0 0
238000 -1.1327e-17 -1.1327e-17 0 0
239000 6.79336e-18 6.79336e-18 0 0
240000 -1.1327e-17 -1.1327e-17 0 0
241000 6.79336e-18 6.79336e-18 0 0
242000 -1.1327e-17 -1.1327e-17 0 0
243000 6.79336e-18 6.79336e-18 0 0
244000 -1.1327e-17 -1.1327e-17 0 0
245000 6.79336e-18 6.79336e-18 0 0
246000 -1.1327e-17 -1.1327e-17 0 0
247000 6.79336e-18 6.79336e-18 0 0
248000 -1.1327e-17 -1.1327e-17 0 0
249000 6.79336e-18 6.79336e-18 0 0
250000 -1.1327e-17 -1.1327e-17 0 0
251000 6.79336e-18 6.79336e-18 0 0
252000 -1.1327e-17 -1.1327e-17 0 0
253000 6.79336e-18 6.79336e-18 0 0
254000 -1.1327e-17 -1.1327e-17 0 0
255000 6.79336e-18 6.79336e-18 0 0
256000 -1.1327e-17 -1.1327e-17 0 0
257000 6.79336e-18 6.79336e-18 0 0
258000 -1.1327e-17 -1.1327e-17 0 0
259000 6.79336e-18 6.79336e-18 0 0
260000 -1.1327e-17 -1.1327e-17 0 0
261000 6.79336e-18 6.79336e-18 0 0
262000 -1.1327e-17 -1.1327e-17 0 0
263000 6.79336e-18 6.79336e-18 0 0
264000 -1.1327e-17 -1.1327e-17 0 0
265000 6.79336e-18 6.79336e-18 0 0
266000 -1.1327e-17 -1.1327e-17 0 0
267000 6.79336e-18 6.79336e-18 0 0
268000 -1.1327e-17 -1.1327e-17 0 0
269000 6.79336e-18 6.79336e-18 0 0
270000 -1.1327e-17 -1.1327e-17 0 0
271000 6.79336e-18 6.79336e-18 0 0
272000 -1.1327e-17 -1.1327e-17 0 0
273000 6.79336e-18 6.79336e-18 0 0
274000 -1.1327e-17 -1.1327e-17 0 0
275000 6.79336e-18 6.79336e-18 0 0
276000 -1.1327e-17 -1.1327e-17 0 0
277000 6.79336e-18 6.79336e-18 0 0
278000 -1.1327e-17 -1.1327e-17 0 0
279000 6.79336e-18 6.79336e-18 0 0
280000 -1.1327e-17 -1.1327e-17 0 0
281000 6.79336e-18 6.79336e-18 0 0
282000 -1.1327e-17 -1.1327e-17 0 0
283000 6.79336e-18 6.79336e-18 0 0
284000 -1.1327e-17 -1.1327e-17 0 0
285000 6.79336e-18 6.79336e-18 0 0
286000 -1.1327e-17 -1.1327e-17 0 0
287000 6.79336e-18 6.79336e-18 0 0
288000 -1.1327e-17 -1.1327e-17 0 0
289000 6.79336e-18 6.79336e-18 0 0
290000 -1.1327e-17 -1.1327e-17 0 0
291000 6.79336e-18 6.79336e-18 0 0
292000 -1.1327e-17 -1.1327e-17 0 0
293000 6.79336e-18 6.79336e-18 0 0
294000 -1.1327e-17 -1.1327e-17 0 0
295000 6.79336e-18 6.79336e-18 0 0
296000 -1.1327e-17 -1.1327e-17 0 0
297000 6.79336e-18 6.79336e-18 0 0
298000 -1.1327e-17 -1.1327e-17 0 0
299000 6.79336e-18 6.79336e-18 0 0
300000 -1.1327e-17 -1.1327e-17 0 0
301000 6.79336e-18 6.79336e-18 0 0
302000 -1.1327e-17 -1.1327e-17 0 0
303000 6.79336e-18 6.79336e-18 0 0
304000 -1.1327e-17 -1.1327e-17 0 0
305000 6.79336e-18 6.79336e-18 0 0
306000 -1.1327e-17 -1.1327e-17 0 0
307000 6.79336e-18 6.79336e-18 0 0
308000 -1.1327e-17 -1.1327e-17 0 0
309000 6.79336e-18 6.79336e-18 0 0
310000 -1.1327e-17 -1.1327e-17 0 0
311000 6.79336e-18 6.79336e-18 0 0
312000 -1.1327e-17 -1.1327e-17 0 0
313000 6.79336e-18 6.79336e-18 0 0
314000 -1.1327e-17 -1.1327e-17 0 0
315000 6.79336e-18 6.79336e-18 0 0
316000 -1.1327e-17 -1.1327e-17 0 0
317000 6.79336e-18 6.79336e-18 0 0
318000 -1.1327e-17 -1.1327e-17 0 0
319000 6.79336e-18 6.79336e-18 0 0
320000 -1.1327e-17 -1.1327e-17 0 0
321000 6.79336e-18 6.79336e-18 0 0
322000 -1.1327e-17 -1.1327e-17 0 0
323000 6.79336e-18 6.79336e-18 0 0
324000 -1.1327e-17 -1.1327e-17 0 0
325000 6.79336e-18 6.79336e-18 0 0
326000 -1.1327e-17 -1.1327e-17 0 0
327000 6.79336e-18 6.79336e-18 0 0
328000 -1.1327e-17 -1.1327e-17 0 0
329000 6.79336e-18 6.79336e-18 0 0
330000 -1.1327e-17 -1.1327e-17 0 0
331000 6.79336e-18 6.79336e-18 0 0
332000 -1.1327e-17 -1.1327e-17 0 0
333000 6.79336e-18 6.79336e-18 0 0
334000 -1.1327e-17 -1.1327e-17 0 0
335000 6.79336e-18 6.79336e-18 0 0
336000 -1.1327e-17 -1.1327e-17 0 0
337000 6.79336e-18 6.79336e-18 0 0
338000 -1.1327e-17 -1.1327e-17 0 0
339000 6.79336e-18 6.79336e-18 0 0
340000 -1.1327e-17 -1.1327e-17 0 0
341000 6.79336e-18 6.79336e-18 0 0
342000 -1.1327e-17 -1.1327e-17 0 0
343000 6.79336e-18 6.79336e-18 0 0
344000 -1.1327e-17 -1.1327e-17 0 0
345000 6.79336e-18 6.79336e-18 0 0
346000 -1.1327e-17 -1.1327e-17 0 0
347000 6.79336e-18 6.79336e-18 0 0
348000 -1.1327e-17 -1.1327e-17 0 0
349000 6.79336e-18 6.79336e-18 0 0
350000 -1.1327e-17 -1.1327e-17 0 0
351000 6.79336e-18 6.79336e-18 0 0
352000 -1.1327e-17 -1.1327e-17 0 0
353000 6.79336e-18 6.79336e-18 0 0
354000 -1.1327e-17 -1.1327e-17 0 0
355000 6.79336e-18 6.79336e-18 0 0
356000 -1.1327e-17 -1.1327e-17 0 0
357000 6.79336e-18 6.79336e-18 0 0
358000 -1.1327e-17 -1.1327e-17 0 0
359000 6.79336e-18 6.79336e-18 0 0
360000 -1.1327e-17 -1.1327e-17 0 0
361000 6.79336e-18 6.79336e-18 0 0
362000 -1.1327e-17 -1.1327e-17 0 0
363000 6.79336e-18 6.79336e-18 0 0
364000 -1.1327e-17 -1.1327e-17 0 0
365000 6.79336e-18 6.79336e-18 0 0
366000 -1.1327e-17 -1.1327e-17 0 0
367000 6.79336e-18 6.79336e-18 0 0
368000 -1.1327e-17 -1.1327e-17 0 0
369000 6.79336e-18 6.79336e-18 0 0
370000 -1.1327e-17 -1.1327e-17 0 0
371000 6.79336e-18 6.79336e-18 0 0
372000 -1.1327e-17 -1.1327e-17 0 0
373000 6.79336e-18 6.79336e-18 0 0
374000 -1.1327e-17 -1.1327e-17 0 0
375000 6.79336e-18 6.79336e-18 0 0
376000 -1.1327e-17 -1.1327e-17 0 0
377000 6.79336e-18 6.79336e-18 0 0
378000 -1.1327e-17 -1.1327e-17 0 0
379000 6.79336e-18 6.79336e-18 0 0
380000 -1.1327e-17 -1.1327e-17 0 0
381000 6.79336e-18 6.79336e-18 0 0
382000 -1.1327e-17 -1.1327e-17 0 0
383000 6.79336e-18 6.79336e-18 0 0
384000 -1.1327e-17 -1.1327e-17 0 0
385000 6.79336e-18 6.79336e-18 0 0
386000 -1.1327e-17 -1.1327e-17 0 0
387000 6.79336e-18 6.79336e-18 0 0
388000 -1.1327e-17 -1.1327e-17 0 0
389000 6.79336e-18 6.79336e-18 0 0
390000 -1.1327e-17 -1.1327e-17 0 0
391000 6.79336e-18 6.79336e-18 0 0
392000 -1.1327e-17 -1.1327e-17 0 0
393000 6.79336e-18 6.79336e-18 0 0
394000 -1.1327e-17 -1.1327e-17 0 0
395000 6.79336e-18 6.79336e-18 0 0
396000 -1.1327e-17 -1.1327e-17 0 0
397000 6.79336e-18 6.79336e-18 0 0
398000 -1.1327e-17 -1.1327e-17 0 0
399000 6.79336e-18 6.79336e-18 0 0
400000 -1.1327e-17 -1.1327e-17 0 0
401000 6.79336e-18 6.79336e-18 0 0
402000 -1.1327e-17 -1.1327e-17 0 0
403000 6.79336e-18 6.79336e-18 0 0
404000 -1.1327e-17 -1.1327e-17 0 0
405000 6.79336e-18 6.79336e-18 0 0
406000 -1.1327e-17 -1.1327e-17 0 0
407000 6.79336e-18 6.79336e-18 0 0
408000 -1.1327e-17 -1.1327e-17 0 0
409000 6.79336e-18 6.79336e-18 0 0
410000 -1.1327e-17 -1.1327e-17 0 0
0.005 1.65858 1.65858 1.67945 1.67945
0.01 2.2242 2.2242 2.26596 2.26596
0.015 7.88809 7.88809 7.91925 7.91925
0.02 13.5234 13.5234 13.5447 13.5447
0.025 18.4637 18.4637 18.4902 18.4902
0.03 22.618 22.618 22.6446 22.6446
0.035 26.0135 26.0135 26.0412 26.0412
0.04 28.7381 28.7381 28.7664 28.7664
0.045 30.8962 30.8962 30.9205 30.9205
0.05 32.5831 32.5831 32.6116 32.6116
0.055 33.891 33.891 33.9184 33.9184
0.06 34.9006 34.9006 34.9107 34.9107
0.065 35.662 35.662 35.6602 35.6602
0.07 36.2247 36.2247 36.2162 36.2162
0.075 36.6226 36.6226 36.6254 36.6254
0.08 36.8963 36.8963 36.9087 36.9087
0.085 37.0676 37.0676 37.0957 37.0957
0.09 37.1757 37.1757 37.189 37.189
0.095 37.2149 37.2149 37.2249 37.2249
0.1 37.2057 37.2057 37.2091 37.2091
0.105 37.1579 37.1579 37.1513 37.1513
0.11 37.0797 37.0797 37.0598 37.0598
0.115 36.9763 36.9763 36.9421 36.9421
0.12 36.8519 36.8519 36.804 36.804
0.125 36.7101 36.7101 36.65 36.65
0.13 36.554 36.554 36.4835 36.4835
0.135 36.3854 36.3854 36.3075 36.3075
0.14 36.2083 36.2083 36.1223 36.1223
0.145 35.9995 35.9995 35.9546 35.9546
0.15 35.7925 35.7925 35.7723 35.7723
0.155 35.5672 35.5672 35.5983 35.5983
0.16 35.3557 35.3557 35.4024 35.4024
0.165 35.1419 35.1419 35.2015 35.2015
0.17 34.9464 34.9464 34.9764 34.9764
0.175 34.7261 34.7261 34.7705 34.7705
0.18 34.5039 34.5039 34.5619 34.5619
0.185 34.28 34.28 34.3509 34.3509
0.19 34.0549 34.0549 34.1373 34.1373
0.195 33.8287 33.8287 33.9214 33.9214
0.2 33.6182 33.6182 33.687 33.687
0.205 33.4108 33.4108 33.4463 33.4463
0.21 33.1768 33.1768 33.2293 33.2293
0.215 32.9584 32.9584 32.9943 32.9943
0.22 32.7207 32.7207 32.7758 32.7758
0.225 32.4993 32.4993 32.5388 32.5388
0.23 32.2754 32.2754 32.3018 32.3018
0.235 32.0329 32.0329 32.0809 32.0809
0.24 31.8065 31.8065 31.8418 31.8418
0.245 31.5779 31.5779 31.6025 31.6025
0.25 31.3472 31.3472 31.3631 31.3631
0.255 31.1144 31.1144 31.1236 31.1236
0.26 30.8796 30.8796 30.8839 30.8839
0.265 30.643 30.643 30.6436 30.6436
0.27 30.4048 30.4048 30.4028 30.4028
0.275 30.1649 30.1649 30.1614 30.1614
0.28 29.9217 29.9217 29.9198 29.9198
0.285 29.6804 29.6804 29.6768 29.6768
0.29 29.4353 29.4353 29.4337 29.4337
0.295 29.1986 29.1986 29.1805 29.1805
0.3 28.9499 28.9499 28.9362 28.9362
0.305 28.7003 28.7003 28.691 28.691
0.31 28.4578 28.4578 28.4369 28.4369
0.315 28.2046 28.2046 28.1904 28.1904
0.32 27.9508 27.9508 27.9425 27.9425
0.325 27.7035 27.7035 27.6864 27.6864
0.33 27.4613 27.4613 27.4218 27.4218
0.335 27.2027 27.2027 27.1721 27.1721
0.34 26.9395 26.9395 26.9248 26.9248
0.345 26.6782 26.6782 26.6727 26.6727
0.35 26.4165 26.4165 26.4191 26.4191
0.355 26.1566 26.1566 26.1612 26.1612
0.36 25.897 25.897 25.9008 25.9008
0.365 25.6321 25.6321 25.6433 25.6433
0.37 25.3711 25.3711 25.3796 25.3796
0.375 25.1036 25.1036 25.1198 25.1198
0.38 24.8356 24.8356 24.8584 24.8584
0.385 24.5666 24.5666 24.5955 24.5955
0.39 24.2968 24.2968 24.3311 24.3311
0.395 24.026 24.026 24.0652 24.0652
0.4 23.7542 23.7542 23.7978 23.7978
0.405 23.4815 23.4815 23.5291 23.5291
0.41 23.2077 23.2077 23.259 23.259
0.415 22.9328 22.9328 22.9876 22.9876
0.42 22.6568 22.6568 22.7148 22.7148
0.425 22.3798 22.3798 22.4406 22.4406
0.43 22.1154 22.1154 22.1512 22.1512
0.435 21.8477 21.8477 21.8628 21.8628
0.44 21.5631 21.5631 21.5887 21.5887
0.445 21.2915 21.2915 21.2992 21.2992
0.45 21.0168 21.0168 21.0103 21.0103
0.455 20.7259 20.7259 20.735 20.735
0.46 20.4483 20.4483 20.444 20.444
0.465 20.168 20.168 20.1532 20.1532
0.47 19.8721 19.8721 19.8754 19.8754
0.475 19.5893 19.5893 19.5819 19.5819
0.48 19.304 19.304 19.2885 19.2885
0.485 19.0117 19.0117 19 19
0.49 18.7214 18.7214 18.7059 18.7059
0.495 18.4308 18.4308 18.41 18.41
0.5 18.1333 18.1333 18.119 18.119
0.505 17.838 17.838 17.8221 17.8221
0.51 17.5428 17.5428 17.5231 17.5231
0.515 17.2389 17.2389 17.2305 17.2305
0.52 16.94 16.94 16.9296 16.9296
0.525 16.6514 16.6514 16.616 16.616
0.53 16.3593 16.3593 16.3034 16.3034
0.535 16.0443 16.0443 16.0083 16.0083
0.54 15.7276 15.7276 15.7178 15.7178
0.545 15.4106 15.4106 15.4221 15.4221
0.55 15.0942 15.0942 15.1231 15.1231
0.555 14.7782 14.7782 14.821 14.821
0.56 14.4622 14.4622 14.5163 14.5163
0.565 14.1459 14.1459 14.2092 14.2092
0.57 13.8378 13.8378 13.8915 13.8915
0.575 13.5412 13.5412 13.5591 13.5591
0.58 13.2293 13.2293 13.2393 13.2393
0.585 12.9134 12.9134 12.9209 12.9209
0.59 12.5862 12.5862 12.611 12.611
0.595 12.268 12.268 12.2895 12.2895
0.6 11.9479 11.9479 11.9671 11.9671
0.605 11.618 11.618 11.6517 11.6517
0.61 11.296 11.296 11.3256 11.3256
0.615 10.9721 10.9721 10.9987 10.9987
0.62 10.6466 10.6466 10.6706 10.6706
0.625 10.3193 10.3193 10.3414 10.3414
0.63 9.99039 9.99039 10.0112 10.0112
0.635 9.66753 9.66753 9.67204 9.67204
0.64 9.33412 9.33412 9.34064 9.34064
0.645 8.99947 8.99947 9.00769 9.00769
0.65 8.67026 8.67026 8.66652 8.66652
0.655 8.33166 8.33166 8.33186 8.33186
0.66 7.99202 7.99202 7.99545 7.99545
0.665 7.65763 7.65763 7.65099 7.65099
0.67 7.31439 7.31439 7.31255 7.31255
0.675 6.97623 6.97623 6.96621 6.96621
0.68 6.63556 6.63556 6.61957 6.61957
0.685 6.29274 6.29274 6.27226 6.27226
0.69 5.9478 5.9478 5.92423 5.92423
0.695 5.60089 5.60089 5.57535 5.57535
0.7 5.25212 5.25212 5.22552 5.22552
0.705 4.9016 4.9016 4.87466 4.87466
0.71 4.54941 4.54941 4.5227 4.5227
0.715 4.19565 4.19565 4.16962 4.16962
0.72 3.8404 3.8404 3.81541 3.81541
0.725 3.48382 3.48382 3.46013 3.46013
0.73 3.12728 3.12728 3.09891 3.09891
0.735 2.76274 2.76274 2.73675 2.73675
0.74 2.38977 2.38977 2.37525 2.37525
0.745 2.01679 2.01679 2.00694 2.00694
0.75 1.63962 1.63962 1.6368 1.6368
0.755 1.26225 1.26225 1.26148 1.26148
0.76 0.882798 0.882798 0.883395 0.883395
0.765 0.501463 0.501463 0.502804 0.502804
0.77 0.118387 0.118387 0.119938 0.119938
0.775 -0.266934 -0.266934 -0.264044 -0.264044
0.78 -0.652784 -0.652784 -0.65183 -0.65183
0.785 -1.04042 -1.04042 -1.04062 -1.04062
0.79 -1.42947 -1.42947 -1.43106 -1.43106
0.795 -1.81975 -1.81975 -1.82313 -1.82313
0.8 -2.21413 -2.21413 -2.21384 -2.21384
0.805 -2.60747 -2.60747 -2.60826 -2.60826
0.81 -3.00344 -3.00344 -3.0026 -3.0026
0.815 -3.40051 -3.40051 -3.39831 -3.39831
0.82 -3.79522 -3.79522 -3.79879 -3.79879
0.825 -4.19516 -4.19516 -4.19639 -4.19639
0.83 -4.59173 -4.59173 -4.59968 -4.59968
0.835 -4.99442 -4.99442 -4.99913 -4.99913
0.84 -5.39788 -5.39788 -5.40004 -5.40004
0.845 -5.79737 -5.79737 -5.80714 -5.80714
0.85 -6.20349 -6.20349 -6.20981 -6.20981
0.855 -6.6103 -6.6103 -6.61396 -6.61396
0.86 -7.01796 -7.01796 -7.01942 -7.01942
0.865 -7.42641 -7.42641 -7.42624 -7.42624
0.87 -7.84342 -7.84342 -7.82665 -7.82665
0.875 -8.25214 -8.25214 -8.23746 -8.23746
0.88 -8.66207 -8.66207 -8.64918 -8.64918
0.885 -9.073 -9.073 -9.06202 -9.06202
0.89 -9.48506 -9.48506 -9.47585 -9.47585
0.895 -9.90575 -9.90575 -9.88314 -9.88314
0.9 -10.3185 -10.3185 -10.3005 -10.3005
0.905 -10.7406 -10.7406 -10.7107 -10.7107
0.91 -11.1623 -11.1623 -11.1232 -11.1232
0.915 -11.5762 -11.5762 -11.5458 -11.5458
0.92 -11.9996 -11.9996 -11.9609 -11.9609
0.925 -12.4094 -12.4094 -12.3918 -12.3918
0.93 -12.8365 -12.8365 -12.8074 -12.8074
0.935 -13.2653 -13.2653 -13.2235 -13.2235
0.94 -13.6787 -13.6787 -13.6571 -13.6571
0.945 -14.1137 -14.1137 -14.0712 -14.0712
0.95 -14.5478 -14.5478 -14.4883 -14.4883
0.955 -14.9504 -14.9504 -14.9388 -14.9388
0.96 -15.3586 -15.3586 -15.3861 -15.3861
0.965 -15.7862 -15.7862 -15.816 -15.816
0.97 -16.2206 -16.2206 -16.2418 -16.2418
0.975 -16.6561 -16.6561 -16.6676 -16.6676
0.98 -17.0847 -17.0847 -17.1029 -17.1029
0.985 -17.5215 -17.5215 -17.5321 -17.5321
0.99 -17.9512 -17.9512 -17.9706 -17.9706
0.995 -18.3824 -18.3824 -18.4097 -18.4097
1 -18.8149 -18.8149 -18.8496 -18.8496
