1000 0.246836 0.246836 0 0
2000 -0.0817303 -0.0817303 0 0
3000 -0.000314735 -0.000314735 0 0
4000 4.41412e-05 4.41412e-05 0 0
5000 2.6952e-07 2.6952e-07 0 0
6000 -2.36149e-08 -2.36149e-08 0 0
7000 -1.97446e-10 -1.97446e-10 0 0
8000 1.32576e-11 1.32576e-11 0 0
9000 3.83133e-13 3.83133e-13 0 0
10000 7.55327e-14 7.55327e-14 0 0
11000 2.72093e-14 2.72093e-14 0 0
12000 9.2192e-15 9.2192e-15 0 0
13000 2.92549e-15 2.92549e-15 0 0
14000 1.11993e-15 1.11993e-15 0 0
15000 2.6852e-16 2.6852e-16 0 0
16000 1.83878e-16 1.83878e-16 0 0
17000 -4.61052e-17 -4.61052e-17 0 0
18000 7.61388e-17 7.61388e-17 0 0
19000 -2.66424e-17 -2.66424e-17 0 0
20000 -3.3193e-19 -3.3193e-19 0 0
21000 1.01683e-17 1.01683e-17 0 0
22000 -4.5802e-17 -4.5802e-17 0 0
23000 2.94402e-17 2.94402e-17 0 0
24000 2.05788e-17 2.05788e-17 0 0
25000 2.14216e-17 2.14216e-17 0 0
26000 -4.16688e-17 -4.16688e-17 0 0
27000 2.85345e-17 2.85345e-17 0 0
28000 -3.25341e-17 -3.25341e-17 0 0
29000 3.71004e-17 3.71004e-17 0 0
30000 -3.85263e-17 -3.85263e-17 0 0
31000 1.5689e-17 1.5689e-17 0 0
32000 2.11286e-17 2.11286e-17 0 0
33000 -2.91106e-17 -2.91106e-17 0 0
34000 -2.29225e-18 -2.29225e-18 0 0
35000 2.88307e-17 2.88307e-17 0 0
36000 -1.62627e-17 -1.62627e-17 0 0
37000 2.8256e-17 2.8256e-17 0 0
38000 1.88489e-17 1.88489e-17 0 0
39000 -5.87991e-17 -5.87991e-17 0 0
40000 5.50766e-17 5.50766e-17 0 0
41000 -6.5069e-17 -6.5069e-17 0 0
42000 4.30854e-17 4.30854e-17 0 0
43000 3.94062e-17 3.94062e-17 0 0
44000 -4.42344e-17 -4.42344e-17 0 0
45000 -4.02629e-17 -4.02629e-17 0 0
46000 7.99168e-17 7.99168e-17 0 0
47000 -9.38931e-17 -9.38931e-17 0 0
48000 6.02046e-17 6.02046e-17 0 0
49000 8.73863e-19 8.73863e-19 0 0
50000 -3.33984e-17 -3.33984e-17 0 0
51000 -1.00011e-17 -1.00011e-17 0 0
52000 5.28071e-17 5.28071e-17 0 0
53000 -5.47928e-17 -5.47928e-17 0 0
54000 6.62109e-17 6.62109e-17 0 0
55000 -6.47801e-17 -6.47801e-17 0 0
56000 4.65112e-17 4.65112e-17 0 0
57000 -5.12472e-18 -5.12472e-18 0 0
58000 -2.05545e-17 -2.05545e-17 0 0
59000 2.854e-17 2.854e-17 0 0
60000 -2.6254e-17 -2.6254e-17 0 0
61000 7.12883e-18 7.12883e-18 0 0
62000 2.11261e-17 2.11261e-17 0 0
63000 -2.34015e-17 -2.34015e-17 0 0
64000 2.76829e-17 2.76829e-17 0 0
65000 -2.62543e-17 -2.62543e-17 0 0
66000 2.68257e-17 2.68257e-17 0 0
67000 -2.56836e-17 -2.56836e-17 0 0
68000 2.85386e-17 2.85386e-17 0 0
69000 -3.65306e-17 -3.65306e-17 0 0
70000 1.56896e-17 1.56896e-17 0 0
71000 2.02722e-17 2.02722e-17 0 0
72000 -2.62563e-17 -2.62563e-17 0 0
73000 2.34001e-17 2.34001e-17 0 0
74000 -1.94045e-17 -1.94045e-17 0 0
75000 2.93968e-17 2.93968e-17 0 0
76000 -2.71101e-17 -2.71101e-17 0 0
77000 2.85382e-17 2.85382e-17 0 0
78000 -3.65306e-17 -3.65306e-17 0 0
79000 4.30939e-17 4.30939e-17 0 0
80000 -1.36894e-17 -1.36894e-17 0 0
81000 -3.85411e-17 -3.85411e-17 0 0
82000 3.88111e-17 3.88111e-17 0 0
83000 -7.69612e-18 -7.69612e-18 0 0
84000 -3.96812e-17 -3.96812e-17 0 0
85000 6.96406e-17 6.96406e-17 0 0
86000 -1.96762e-17 -1.96762e-17 0 0
87000 -8.2838e-18 -8.2838e-18 0 0
88000 -3.14032e-17 -3.14032e-17 0 0
89000 5.25153e-17 5.25153e-17 0 0
90000 -4.28037e-17 -4.28037e-17 0 0
91000 3.96666e-17 3.96666e-17 0 0
92000 -1.85433e-17 -1.85433e-17 0 0
93000 -1.3422e-17 -1.3422e-17 0 0
94000 4.56697e-17 4.56697e-17 0 0
95000 -2.11105e-17 -2.11105e-17 0 0
96000 -1.88464e-17 -1.88464e-17 0 0
97000 2.93968e-17 2.93968e-17 0 0
98000 -2.11155e-17 -2.11155e-17 0 0
99000 3.71038e-17 3.71038e-17 0 0
100000 -7.07834e-17 -7.07834e-17 0 0
101000 6.10677e-17 6.10677e-17 0 0
102000 -3.50939e-17 -3.50939e-17 0 0
103000 -1.68524e-17 -1.68524e-17 0 0
104000 2.85409e-17 2.85409e-17 0 0
105000 6.00307e-18 6.00307e-18 0 0
106000 1.54169e-17 1.54169e-17 0 0
107000 -3.9917e-18 -3.9917e-18 0 0
108000 -2.2267e-17 -2.2267e-17 0 0
109000 7.98624e-18 7.98624e-18 0 0
110000 1.51317e-17 1.51317e-17 0 0
111000 2.22705e-17 2.22705e-17 0 0
112000 -6.55877e-18 -6.55877e-18 0 0
113000 -6.33741e-17 -6.33741e-17 0 0
114000 7.22026e-17 7.22026e-17 0 0
115000 -8.47608e-17 -8.47608e-17 0 0
116000 7.39094e-17 7.39094e-17 0 0
117000 -9.39857e-18 -9.39857e-18 0 0
118000 -2.36906e-21 -2.36906e-21 0 0
119000 -8.56377e-18 -8.56377e-18 0 0
120000 -2.14122e-17 -2.14122e-17 0 0
121000 4.82364e-17 4.82364e-17 0 0
122000 -5.69492e-18 -5.69492e-18 0 0
123000 5.13695e-18 5.13695e-18 0 0
124000 5.13992e-18 5.13992e-18 0 0
125000 5.13992e-18 5.13992e-18 0 0
126000 5.13992e-18 5.13992e-18 0 0
127000 5.13992e-18 5.13992e-18 0 0
128000 5.13992e-18 5.13992e-18 0 0
129000 5.13992e-18 5.13992e-18 0 0
130000 5.13992e-18 5.13992e-18 0 0
131000 5.13992e-18 5.13992e-18 0 0
132000 5.13992e-18 5.13992e-18 0 0
133000 5.13992e-18 5.13992e-18 0 0
134000 5.13992e-18 5.13992e-18 0 0
135000 5.13992e-18 5.13992e-18 0 0
136000 5.13992e-18 5.13992e-18 0 0
137000 5.13992e-18 5.13992e-18 0 0
138000 5.13992e-18 5.13992e-18 0 0
139000 5.13992e-18 5.13992e-18 0 0
140000 5.13992e-18 5.13992e-18 0 0
141000 5.13992e-18 5.13992e-18 0 0
142000 5.13992e-18 5.13992e-18 0 0
143000 5.13992e-18 5.13992e-18 0 0
144000 5.13992e-18 5.13992e-18 0 0
145000 5.13992e-18 5.13992e-18 0 0
146000 5.13992e-18 5.13992e-18 0 0
147000 5.13992e-18 5.13992e-18 0 0
148000 5.13992e-18 5.13992e-18 0 0
149000 5.13992e-18 5.13992e-18 0 0
150000 5.13992e-18 5.13992e-18 0 0
151000 5.13992e-18 5.13992e-18 0 0
152000 5.13992e-18 5.13992e-18 0 0
153000 5.13992e-18 5.13992e-18 0 0
154000 5.13992e-18 5.13992e-18 0 0
155000 5.13992e-18 5.13992e-18 0 0
156000 5.13992e-18 5.13992e-18 0 0
157000 5.13992e-18 5.13992e-18 0 0
158000 5.13992e-18 5.13992e-18 0 0
159000 5.13992e-18 5.13992e-18 0 0
160000 5.13992e-18 5.13992e-18 0 0
161000 5.13992e-18 5.13992e-18 0 0
162000 5.13992e-18 5.13992e-18 0 0
163000 5.13992e-18 5.13992e-18 0 0
164000 5.13992e-18 5.13992e-18 0 0
165000 5.13992e-18 5.13992e-18 0 0
166000 5.13992e-18 5.13992e-18 0 0
167000 5.13992e-18 5.13992e-18 0 0
168000 5.13992e-18 5.13992e-18 0 0
169000 5.13992e-18 5.13992e-18 0 0
170000 5.13992e-18 5.13992e-18 0 0
171000 5.13992e-18 5.13992e-18 0 0
172000 5.13992e-18 5.13992e-18 0 0
173000 5.13992e-18 5.13992e-18 0 0
174000 5.13992e-18 5.13992e-18 0 0
175000 5.13992e-18 5.13992e-18 0 0
176000 5.13992e-18 5.13992e-18 0 0
177000 5.13992e-18 5.13992e-18 0 0
178000 5.13992e-18 5.13992e-18 0 0
179000 5.13992e-18 5.13992e-18 0 0
180000 5.13992e-18 5.13992e-18 0 0
181000 5.13992e-18 5.13992e-18 0 0
182000 5.13992e-18 5.13992e-18 0 0
183000 5.13992e-18 5.13992e-18 0 0
184000 5.13992e-18 5.13992e-18 0 0
185000 5.13992e-18 5.13992e-18 0 0
186000 5.13992e-18 5.13992e-18 0 0
187000 5.13992e-18 5.13992e-18 0 0
188000 5.13992e-18 5.13992e-18 0 0
189000 5.13992e-18 5.13992e-18 0 0
190000 5.13992e-18 5.13992e-18 0 0
191000 5.13992e-18 5.13992e-18 0 0
192000 5.13992e-18 5.13992e-18 0 0
193000 5.13992e-18 5.13992e-18 0 0
194000 5.13992e-18 5.13992e-18 0 0
195000 5.13992e-18 5.13992e-18 0 0
196000 5.13992e-18 5.13992e-18 0 0
197000 5.13992e-18 5.13992e-18 0 0
198000 5.13992e-18 5.13992e-18 0 0
199000 5.13992e-18 5.13992e-18 0 0
200000 5.13992e-18 5.13992e-18 0 0
200100 1.84426e-16 1.84426e-16 0 0
200200 -5.0341e-15 -5.0341e-15 0 0
200300 6.59331e-15 6.59331e-15 0 0
200400 -3.79296e-15 -3.79296e-15 0 0
200500 1.31889e-15 1.31889e-15 0 0
200600 -9.86729e-18 -9.86729e-18 0 0
200700 -2.29578e-16 -2.29578e-16 0 0
200800 -5.56255e-16 -5.56255e-16 0 0
200900 2.38567e-16 2.38567e-16 0 0
201000 -2.69498e-16 -2.69498e-16 0 0
201100 -8.16438e-17 -8.16438e-17 0 0
201200 1.75004e-16 1.75004e-16 0 0
201300 -7.26031e-17 -7.26031e-17 0 0
201400 1.92762e-16 1.92762e-16 0 0
201500 -8.33744e-16 -8.33744e-16 0 0
201600 1.12119e-15 1.12119e-15 0 0
201700 -3.51237e-16 -3.51237e-16 0 0
201800 -1.12345e-16 -1.12345e-16 0 0
201900 -2.26505e-17 -2.26505e-17 0 0
202000 -4.88845e-16 -4.88845e-16 0 0
202100 5.90547e-16 5.90547e-16 0 0
202200 -7.18412e-17 -7.18412e-17 0 0
202300 -1.55748e-16 -1.55748e-16 0 0
202400 -8.94522e-17 -8.94522e-17 0 0
202500 -1.55864e-16 -1.55864e-16 0 0
202600 3.21521e-16 3.21521e-16 0 0
202700 -4.81754e-16 -4.81754e-16 0 0
202800 1.30783e-16 1.30783e-16 0 0
202900 4.23481e-16 4.23481e-16 0 0
203000 -1.11688e-15 -1.11688e-15 0 0
203100 3.67505e-16 3.67505e-16 0 0
203200 5.52519e-16 5.52519e-16 0 0
203300 -1.20071e-16 -1.20071e-16 0 0
203400 1.10214e-16 1.10214e-16 0 0
203500 -5.43707e-16 -5.43707e-16 0 0
203600 7.09877e-16 7.09877e-16 0 0
203700 -1.45943e-16 -1.45943e-16 0 0
203800 -1.11535e-16 -1.11535e-16 0 0
203900 6.62242e-17 6.62242e-17 0 0
204000 -1.10835e-16 -1.10835e-16 0 0
204100 6.62267e-17 6.62267e-17 0 0
204200 -1.10835e-16 -1.10835e-16 0 0
204300 6.62266e-17 6.62266e-17 0 0
204400 -1.10835e-16 -1.10835e-16 0 0
204500 6.62266e-17 6.62266e-17 0 0
204600 -1.10835e-16 -1.10835e-16 0 0
204700 6.62266e-17 6.62266e-17 0 0
204800 -1.10835e-16 -1.10835e-16 0 0
204900 6.62266e-17 6.62266e-17 0 0
205000 -1.10835e-16 -1.10835e-16 0 0
205100 6.62266e-17 6.62266e-17 0 0
205200 -1.10835e-16 -1.10835e-16 0 0
205300 6.62266e-17 6.62266e-17 0 0
205400 -1.10835e-16 -1.10835e-16 0 0
205500 6.62266e-17 6.62266e-17 0 0
205600 -1.10835e-16 -1.10835e-16 0 0
205700 6.62266e-17 6.62266e-17 0 0
205800 -1.10835e-16 -1.10835e-16 0 0
205900 6.62266e-17 6.62266e-17 0 0
206000 -1.10835e-16 -1.10835e-16 0 0
206100 6.62266e-17 6.62266e-17 0 0
206200 -1.10835e-16 -1.10835e-16 0 0
206300 6.62266e-17 6.62266e-17 0 0
206400 -1.10835e-16 -1.10835e-16 0 0
206500 6.62266e-17 6.62266e-17 0 0
206600 -1.10835e-16 -1.10835e-16 0 0
206700 6.62266e-17 6.62266e-17 0 0
206800 -1.10835e-16 -1.10835e-16 0 0
206900 6.62266e-17 6.62266e-17 0 0
207000 -1.10835e-16 -1.10835e-16 0 0
207100 6.62266e-17 6.62266e-17 0 0
207200 -1.10835e-16 -1.10835e-16 0 0
207300 6.62266e-17 6.62266e-17 0 0
207400 -1.10835e-16 -1.10835e-16 0 0
207500 6.62266e-17 6.62266e-17 0 0
207600 -1.10835e-16 -1.10835e-16 0 0
207700 6.62266e-17 6.62266e-17 0 0
207800 -1.10835e-16 -1.10835e-16 0 0
207900 6.62266e-17 6.62266e-17 0 0
208000 -1.10835e-16 -1.10835e-16 0 0
208100 6.62266e-17 6.62266e-17 0 0
208200 -1.10835e-16 -1.10835e-16 0 0
208300 6.62266e-17 6.62266e-17 0 0
208400 -1.10835e-16 -1.10835e-16 0 0
208500 6.62266e-17 6.62266e-17 0 0
208600 -1.10835e-16 -1.10835e-16 0 0
208700 6.62266e-17 6.62266e-17 0 0
208800 -1.10835e-16 -1.10835e-16 0 0
208900 6.62266e-17 6.62266e-17 0 0
209000 -1.10835e-16 -1.10835e-16 0 0
209100 6.62266e-17 6.62266e-17 0 0
209200 -1.10835e-16 -1.10835e-16 0 0
209300 6.62266e-17 6.62266e-17 0 0
209400 -1.10835e-16 -1.10835e-16 0 0
209500 6.62266e-17 6.62266e-17 0 0
209600 -1.10835e-16 -1.10835e-16 0 0
209700 6.62266e-17 6.62266e-17 0 0
209800 -1.10835e-16 -1.10835e-16 0 0
209900 6.62266e-17 6.62266e-17 0 0
210000 -1.10835e-16 -1.10835e-16 0 0
211000 -1.62417e-16 -1.62417e-16 0 0
212000 -1.13884e-17 -1.13884e-17 0 0
213000 6.79334e-18 6.79334e-18 0 0
214000 -1.1327e-17 -1.1327e-17 0 0
215000 6.79336e-18 6.79336e-18 0 0
216000 -1.1327e-17 -1.1327e-17 0 0
217000 6.79336e-18 6.79336e-18 0 0
218000 -1.1327e-17 -1.1327e-17 0 0
219000 6.79336e-18 6.79336e-18 0 0
220000 -1.1327e-17 -1.1327e-17 0 0
221000 6.79336e-18 6.79336e-18 0 0
222000 -1.1327e-17 -1.1327e-17 0 0
223000 6.79336e-18 6.79336e-18 0 0
224000 -1.1327e-17 -1.1327e-17 0 0
225000 6.79336e-18 6.79336e-18 0 0
226000 -1.1327e-17 -1.1327e-17 0 0
227000 6.79336e-18 6.79336e-18 0 0
228000 -1.1327e-17 -1.1327e-17 0 0
229000 6.79336e-18 6.79336e-18 0 0
230000 -1.1327e-17 -1.1327e-17 0 0
231000 6.79336e-18 6.79336e-18 0 0
232000 -1.1327e-17 -1.1327e-17 0 0
233000 6.79336e-18 6.79336e-18 0 0
234000 -1.1327e-17 -1.1327e-17 0 0
235000 6.79336e-18 6.79336e-18 0 0
236000 -1.1327e-17 -1.1327e-17 0 0
237000 6.79336e-18 6.79336e-18 0 0
238000 -1.1327e-17 -1.1327e-17 0 0
239000 6.79336e-18 6.79336e-18 0 0
240000 -1.1327e-17 -1.1327e-17 0 0
241000 6.79336e-18 6.79336e-18 0 0
242000 -1.1327e-17 -1.1327e-17 0 0
243000 6.79336e-18 6.79336e-18 0 0
244000 -1.1327e-17 -1.1327e-17 0 0
245000 6.79336e-18 6.79336e-18 0 0
246000 -1.1327e-17 -1.1327e-17 0 0
247000 6.79336e-18 6.79336e-18 0 0
248000 -1.1327e-17 -1.1327e-17 0 0
249000 6.79336e-18 6.79336e-18 0 0
250000 -1.1327e-17 -1.1327e-17 0 0
251000 6.79336e-18 6.79336e-18 0 0
252000 -1.1327e-17 -1.1327e-17 0 0
253000 6.79336e-18 6.79336e-18 0 0
254000 -1.1327e-17 -1.1327e-17 0 0
255000 6.79336e-18 6.79336e-18 0 0
256000 -1.1327e-17 -1.1327e-17 0 0
257000 6.79336e-18 6.79336e-18 0 0
258000 -1.1327e-17 -1.1327e-17 0 0
259000 6.79336e-18 6.79336e-18 0 0
260000 -1.1327e-17 -1.1327e-17 0 0
261000 6.79336e-18 6.79336e-18 0 0
262000 -1.1327e-17 -1.1327e-17 0 0
263000 6.79336e-18 6.79336e-18 0 0
264000 -1.1327e-17 -1.1327e-17 0 0
265000 6.79336e-18 6.79336e-18 0 0
266000 -1.1327e-17 -1.1327e-17 0 0
267000 6.79336e-18 6.79336e-18 0 0
268000 -1.1327e-17 -1.1327e-17 0 0
269000 6.79336e-18 6.79336e-18 0 0
270000 -1.1327e-17 -1.1327e-17 0 0
271000 6.79336e-18 6.79336e-18 0 0
272000 -1.1327e-17 -1.1327e-17 0 0
273000 6.79336e-18 6.79336e-18 0 0
274000 -1.1327e-17 -1.1327e-17 0 0
275000 6.79336e-18 6.79336e-18 0 0
276000 -1.1327e-17 -1.1327e-17 0 0
277000 6.79336e-18 6.79336e-18 0 0
278000 -1.1327e-17 -1.1327e-17 0 0
279000 6.79336e-18 6.79336e-18 0 0
280000 -1.1327e-17 -1.1327e-17 0 0
281000 6.79336e-18 6.79336e-18 0 0
282000 -1.1327e-17 -1.1327e-17 0 0
283000 6.79336e-18 6.79336e-18 0 0
284000 -1.1327e-17 -1.1327e-17 0 0
285000 6.79336e-18 6.79336e-18 0 0
286000 -1.1327e-17 -1.1327e-17 0 0
287000 6.79336e-18 6.79336e-18 0 0
288000 -1.1327e-17 -1.1327e-17 0 0
289000 6.79336e-18 6.79336e-18 0 0
290000 -1.1327e-17 -1.1327e-17 0 0
291000 6.79336e-18 6.79336e-18 0 0
292000 -1.1327e-17 -1.1327e-17 0 0
293000 6.79336e-18 6.79336e-18 0 0
294000 -1.1327e-17 -1.1327e-17 0 0
295000 6.79336e-18 6.79336e-18 0 0
296000 -1.1327e-17 -1.1327e-17 0 0
297000 6.79336e-18 6.79336e-18 0 0
298000 -1.1327e-17 -1.1327e-17 0 0
299000 6.79336e-18 6.79336e-18 0 0
300000 -1.1327e-17 -1.1327e-17 0 0
301000 6.79336e-18 6.79336e-18 0 0
302000 -1.1327e-17 -1.1327e-17 0 0
303000 6.79336e-18 6.79336e-18 0 0
304000 -1.1327e-17 -1.1327e-17 0 0
305000 6.79336e-18 6.79336e-18 0 0
306000 -1.1327e-17 -1.1327e-17 0 0
307000 6.79336e-18 6.79336e-18 0 0
308000 -1.1327e-17 -1.1327e-17 0 0
309000 6.79336e-18 6.79336e-18 0 0
310000 -1.1327e-17 -1.1327e-17 0 0
311000 6.79336e-18 6.79336e-18 0 0
312000 -1.1327e-17 -1.1327e-17 0 0
313000 6.79336e-18 6.79336e-18 0 0
314000 -1.1327e-17 -1.1327e-17 0 0
315000 6.79336e-18 6.79336e-18 0 0
316000 -1.1327e-17 -1.1327e-17 0 0
317000 6.79336e-18 6.79336e-18 0 0
318000 -1.1327e-17 -1.1327e-17 0 0
319000 6.79336e-18 6.79336e-18 0 0
320000 -1.1327e-17 -1.1327e-17 0 0
321000 6.79336e-18 6.79336e-18 0 0
322000 -1.1327e-17 -1.1327e-17 0 0
323000 6.79336e-18 6.79336e-18 0 0
324000 -1.1327e-17 -1.1327e-17 0 0
325000 6.79336e-18 6.79336e-18 0 0
326000 -1.1327e-17 -1.1327e-17 0 0
327000 6.79336e-18 6.79336e-18 0 0
328000 -1.1327e-17 -1.1327e-17 0 0
329000 6.79336e-18 6.79336e-18 0 0
330000 -1.1327e-17 -1.1327e-17 0 0
331000 6.79336e-18 6.79336e-18 0 0
332000 -1.1327e-17 -1.1327e-17 0 0
333000 6.79336e-18 6.79336e-18 0 0
334000 -1.1327e-17 -1.1327e-17 0 0
335000 6.79336e-18 6.79336e-18 0 0
336000 -1.1327e-17 -1.1327e-17 0 0
337000 6.79336e-18 6.79336e-18 0 0
338000 -1.1327e-17 -1.1327e-17 0 0
339000 6.79336e-18 6.79336e-18 0 0
340000 -1.1327e-17 -1.1327e-17 0 0
341000 6.79336e-18 6.79336e-18 0 0
342000 -1.1327e-17 -1.1327e-17 0 0
343000 6.79336e-18 6.79336e-18 0 0
344000 -1.1327e-17 -1.1327e-17 0 0
345000 6.79336e-18 6.79336e-18 0 0
346000 -1.1327e-17 -1.1327e-17 0 0
347000 6.79336e-18 6.79336e-18 0 0
348000 -1.1327e-17 -1.1327e-17 0 0
349000 6.79336e-18 6.79336e-18 0 0
350000 -1.1327e-17 -1.1327e-17 0 0
351000 6.79336e-18 6.79336e-18 0 0
352000 -1.1327e-17 -1.1327e-17 0 0
353000 6.79336e-18 6.79336e-18 0 0
354000 -1.1327e-17 -1.1327e-17 0 0
355000 6.79336e-18 6.79336e-18 0 0
356000 -1.1327e-17 -1.1327e-17 0 0
357000 6.79336e-18 6.79336e-18 0 0
358000 -1.1327e-17 -1.1327e-17 0 0
359000 6.79336e-18 6.79336e-18 0 0
360000 -1.1327e-17 -1.1327e-17 0 0
361000 6.79336e-18 6.79336e-18 0 0
362000 -1.1327e-17 -1.1327e-17 0 0
363000 6.79336e-18 6.79336e-18 0 0
364000 -1.1327e-17 -1.1327e-17 0 0
365000 6.79336e-18 6.79336e-18 0 0
366000 -1.1327e-17 -1.1327e-17 0 0
367000 6.79336e-18 6.79336e-18 0 0
368000 -1.1327e-17 -1.1327e-17 0 0
369000 6.79336e-18 6.79336e-18 0 0
370000 -1.1327e-17 -1.1327e-17 0 0
371000 6.79336e-18 6.79336e-18 0 0
372000 -1.1327e-17 -1.1327e-17 0 0
373000 6.79336e-18 6.79336e-18 0 0
374000 -1.1327e-17 -1.1327e-17 0 0
375000 6.79336e-18 6.79336e-18 0 0
376000 -1.1327e-17 -1.1327e-17 0 0
377000 6.79336e-18 6.79336e-18 0 0
378000 -1.1327e-17 -1.1327e-17 0 0
379000 6.79336e-18 6.79336e-18 0 0
380000 -1.1327e-17 -1.1327e-17 0 0
381000 6.79336e-18 6.79336e-18 0 0
382000 -1.1327e-17 -1.1327e-17 0 0
383000 6.79336e-18 6.79336e-18 0 0
384000 -1.1327e-17 -1.1327e-17 0 0
385000 6.79336e-18 6.79336e-18 0 0
386000 -1.1327e-17 -1.1327e-17 0 0
387000 6.79336e-18 6.79336e-18 0 0
388000 -1.1327e-17 -1.1327e-17 0 0
389000 6.79336e-18 6.79336e-18 0 0
390000 -1.1327e-17 -1.1327e-17 0 0
391000 6.79336e-18 6.79336e-18 0 0
392000 -1.1327e-17 -1.1327e-17 0 0
393000 6.79336e-18 6.79336e-18 0 0
394000 -1.1327e-17 -1.1327e-17 0 0
395000 6.79336e-18 6.79336e-18 0 0
396000 -1.1327e-17 -1.1327e-17 0 0
397000 6.79336e-18 6.79336e-18 0 0
398000 -1.1327e-17 -1.1327e-17 0 0
399000 6.79336e-18 6.79336e-18 0 0
400000 -1.1327e-17 -1.1327e-17 0 0
401000 6.79336e-18 6.79336e-18 0 0
402000 -1.1327e-17 -1.1327e-17 0 0
403000 6.79336e-18 6.79336e-18 0 0
404000 -1.1327e-17 -1.1327e-17 0 0
405000 6.79336e-18 6.79336e-18 0 0
406000 -1.1327e-17 -1.1327e-17 0 0
407000 6.79336e-18 6.79336e-18 0 0
408000 -1.1327e-17 -1.1327e-17 0 0
409000 6.79336e-18 6.79336e-18 0 0
410000 -1.1327e-17 -1.1327e-17 0 0
0.005 2.12857e-15 2.12857e-15 -3.16974e-16 -3.16974e-16
0.01 2.44135 2.44135 2.451 2.451
0.015 3.88073 3.88073 3.8756 3.8756
0.02 5.3603 5.3603 5.35948 5.35948
0.025 6.96039 6.96039 6.9615 6.9615
0.03 8.69555 8.69555 8.69697 8.69697
0.035 10.568 10.568 10.57 10.57
0.04 12.601 12.601 12.6036 12.6036
0.045 14.8247 14.8247 14.8279 14.8279
0.05 17.2489 17.2489 17.2558 17.2558
0.055 19.925 19.925 19.9366 19.9366
0.06 22.8902 22.8902 22.9098 22.9098
0.065 26.1658 26.1658 26.1996 26.1996
0.07 29.6721 29.6721 29.7338 29.7338
0.075 33.0368 33.0368 33.0982 33.0982
0.08 35.4345 35.4345 35.4928 35.4928
0.085 36.3519 36.3519 36.3542 36.3542
0.09 36.0348 36.0348 36.0104 36.0104
0.095 35.0983 35.0983 35.0647 35.0647
0.1 33.9069 33.9069 33.8774 33.8774
0.105 32.6255 32.6255 32.6054 32.6054
0.11 31.3234 31.3234 31.3138 31.3138
0.115 30.0328 30.0328 30.0325 30.0325
0.12 28.7613 28.7613 28.8018 28.8018
0.125 27.5358 27.5358 27.5752 27.5752
0.13 26.3521 26.3521 26.3779 26.3779
0.135 25.2182 25.2182 25.2358 25.2358
0.14 24.1013 24.1013 24.1485 24.1485
0.145 23.0387 23.0387 23.0786 23.0786
0.15 22.0192 22.0192 22.0486 22.0486
0.155 21.0669 21.0669 21.0608 21.0608
0.16 20.128 20.128 20.1418 20.1418
0.165 19.2291 19.2291 19.2638 19.2638
0.17 18.3893 18.3893 18.4002 18.4002
0.175 17.5833 17.5833 17.6077 17.6077
0.18 16.8272 16.8272 16.8613 16.8613
0.185 16.1216 16.1216 16.1468 16.1468
0.19 15.4629 15.4629 15.481 15.481
0.195 14.8606 14.8606 14.8653 14.8653
0.2 14.28 14.28 14.2832 14.2832
0.205 13.7578 13.7578 13.7875 13.7875
0.21 13.285 13.285 13.3099 13.3099
0.215 12.8678 12.8678 12.8884 12.8884
0.22 12.4812 12.4812 12.5047 12.5047
0.225 12.1531 12.1531 12.1696 12.1696
0.23 11.8847 11.8847 11.9061 11.9061
0.235 11.6768 11.6768 11.7057 11.7057
0.24 11.5146 11.5146 11.5453 11.5453
0.245 11.3875 11.3875 11.4153 11.4153
0.25 11.3041 11.3041 11.3273 11.3273
0.255 11.2738 11.2738 11.2922 11.2922
0.26 11.2759 11.2759 11.2939 11.2939
0.265 11.2768 11.2768 11.2946 11.2946
0.27 11.2773 11.2773 11.2948 11.2948
0.275 11.2776 11.2776 11.2948 11.2948
0.28 11.2778 11.2778 11.2947 11.2947
0.285 11.2779 11.2779 11.2946 11.2946
0.29 11.278 11.278 11.2945 11.2945
0.295 11.2782 11.2782 11.2943 11.2943
0.3 11.2783 11.2783 11.2942 11.2942
0.305 11.2784 11.2784 11.2941 11.2941
0.31 11.2786 11.2786 11.294 11.294
0.315 11.2787 11.2787 11.2938 11.2938
0.32 11.2788 11.2788 11.2937 11.2937
0.325 11.2789 11.2789 11.2936 11.2936
0.33 11.279 11.279 11.2935 11.2935
0.335 11.2792 11.2792 11.2934 11.2934
0.34 11.2793 11.2793 11.2932 11.2932
0.345 11.3235 11.3235 11.3344 11.3344
0.35 11.486 11.486 11.4968 11.4968
0.355 11.6534 11.6534 11.664 11.664
0.36 11.8254 11.8254 11.836 11.836
0.365 12.0025 12.0025 12.0129 12.0129
0.37 12.1845 12.1845 12.1948 12.1948
0.375 12.3712 12.3712 12.3813 12.3813
0.38 12.5621 12.5621 12.5721 12.5721
0.385 12.757 12.757 12.7668 12.7668
0.39 12.9677 12.9677 12.9759 12.9759
0.395 13.302 13.302 13.3103 13.3103
0.4 13.6408 13.6408 13.649 13.649
0.405 13.9833 13.9833 13.9914 13.9914
0.41 14.3296 14.3296 14.3376 14.3376
0.415 14.6792 14.6792 14.6871 14.6871
0.42 15.0317 15.0317 15.0395 15.0395
0.425 15.3863 15.3863 15.394 15.394
0.43 15.8232 15.8232 15.8299 15.8299
0.435 16.3286 16.3286 16.3352 16.3352
0.44 16.8347 16.8347 16.8412 16.8412
0.445 17.3406 17.3406 17.347 17.347
0.45 17.8459 17.8459 17.8522 17.8522
0.455 18.3498 18.3498 18.3561 18.3561
0.46 18.8516 18.8516 18.8579 18.8579
0.465 19.486 19.486 19.4916 19.4916
0.47 20.1408 20.1408 20.1463 20.1463
0.475 20.7897 20.7897 20.7951 20.7951
0.48 21.4319 21.4319 21.4373 21.4373
0.485 22.0669 22.0669 22.0722 22.0722
0.49 22.6936 22.6936 22.6989 22.6989
0.495 23.4349 23.4349 23.4398 23.4398
0.5 24.2093 24.2093 24.214 24.214
0.505 24.9698 24.9698 24.9744 24.9744
0.51 25.7153 25.7153 25.7198 25.7198
0.515 26.445 26.445 26.4496 26.4496
0.52 27.1785 27.1785 27.1826 27.1826
0.525 28.0505 28.0505 28.0552 28.0552
0.53 28.9058 28.9058 28.91 28.91
0.535 29.7354 29.7354 29.7395 29.7395
0.54 30.5398 30.5398 30.5439 30.5439
0.545 31.3184 31.3184 31.3225 31.3225
0.55 32.2266 32.2266 32.2311 32.2311
0.555 33.137 33.137 33.1421 33.1421
0.56 34.0104 34.0104 34.0165 34.0165
0.565 34.8481 34.8481 34.854 34.854
0.57 35.6491 35.6491 35.655 35.655
0.575 36.5809 36.5809 36.5876 36.5876
0.58 37.5017 37.5017 37.5077 37.5077
0.585 38.3745 38.3745 38.38 38.38
0.59 39.1987 39.1987 39.2041 39.2041
0.595 40.0039 40.0039 40.0094 40.0094
0.6 40.9229 40.9229 40.9297 40.9297
0.605 41.8017 41.8017 41.8073 41.8073
0.61 42.6189 42.6189 42.6239 42.6239
0.615 43.3771 43.3771 43.382 43.382
0.62 44.176 44.176 44.1822 44.1822
0.625 45.015 45.015 45.021 45.021
0.63 45.7978 45.7978 45.8029 45.8029
0.635 46.5118 46.5118 46.5163 46.5163
0.64 47.1614 47.1614 47.1657 47.1657
0.645 47.893 47.893 47.8999 47.8999
0.65 48.6094 48.6094 48.6152 48.6152
0.655 49.2582 49.2582 49.2625 49.2625
0.66 49.8365 49.8365 49.8401 49.8401
0.665 50.3522 50.3522 50.3558 50.3558
0.67 50.9301 50.9301 50.9366 50.9366
0.675 51.4945 51.4945 51.5002 51.5002
0.68 51.9983 51.9983 52.0021 52.0021
0.685 52.4368 52.4368 52.4397 52.4397
0.69 52.8183 52.8183 52.821 52.821
0.695 53.1494 53.1494 53.1521 53.1521
0.7 53.5129 53.5129 53.5181 53.5181
0.705 53.8686 53.8686 53.8735 53.8735
0.71 54.182 54.182 54.1847 54.1847
0.715 54.4447 54.4447 54.4466 54.4466
0.72 54.662 54.662 54.6633 54.6633
0.725 54.8388 54.8388 54.8405 54.8405
0.73 54.9802 54.9802 54.982 54.982
0.735 55.0888 55.0888 55.0907 55.0907
0.74 55.1671 55.1671 55.1691 55.1691
0.745 55.2164 55.2164 55.2183 55.2183
0.75 55.2377 55.2377 55.2396 55.2396
0.755 55.2369 55.2369 55.2388 55.2388
0.76 55.241 55.241 55.2429 55.2429
0.765 55.2739 55.2739 55.2768 55.2768
0.77 55.3595 55.3595 55.3677 55.3677
0.775 55.5293 55.5293 55.5509 55.5509
0.78 55.5271 55.5271 55.5483 55.5483
0.785 55.5261 55.5261 55.547 55.547
0.79 55.5258 55.5258 55.5464 55.5464
0.795 55.5257 55.5257 55.546 55.546
0.8 55.5257 55.5257 55.5458 55.5458
0.805 55.5258 55.5258 55.5457 55.5457
0.81 55.5259 55.5259 55.5456 55.5456
0.815 55.5444 55.5444 55.5659 55.5659
0.82 55.5793 55.5793 55.6006 55.6006
0.825 55.6157 55.6157 55.6367 55.6367
0.83 55.6532 55.6532 55.674 55.674
0.835 55.6917 55.6917 55.7123 55.7123
0.84 55.7311 55.7311 55.7515 55.7515
0.845 55.7903 55.7903 55.812 55.812
0.85 55.8636 55.8636 55.885 55.885
0.855 55.9371 55.9371 55.9584 55.9584
0.86 56.0105 56.0105 56.0316 56.0316
0.865 56.0856 56.0856 56.1082 56.1082
0.87 56.1954 56.1954 56.2176 56.2176
0.875 56.3042 56.3042 56.3262 56.3262
0.88 56.4103 56.4103 56.432 56.432
0.885 56.5217 56.5217 56.5447 56.5447
0.89 56.6601 56.6601 56.683 56.683
0.895 56.7936 56.7936 56.8163 56.8163
0.9 56.9204 56.9204 56.9428 56.9428
0.905 57.0732 57.0732 57.097 57.097
0.91 57.226 57.226 57.2496 57.2496
0.915 57.3688 57.3688 57.392 57.392
0.92 57.5267 57.5267 57.5512 57.5512
0.925 57.6845 57.6845 57.7088 57.7088
0.93 57.8271 57.8271 57.851 57.851
0.935 57.9841 57.9841 58.0092 58.0092
0.94 58.1305 58.1305 58.1553 58.1553
0.945 58.2605 58.2605 58.2861 58.2861
0.95 58.3996 58.3996 58.425 58.425
0.955 58.5189 58.5189 58.5437 58.5437
0.96 58.6277 58.6277 58.6531 58.6531
0.965 58.7281 58.7281 58.7533 58.7533
0.97 58.8072 58.8072 58.8319 58.8319
0.975 58.8805 58.8805 58.9056 58.9056
0.98 58.9358 58.9358 58.9604 58.9604
0.985 58.9761 58.9761 59.0009 59.0009
0.99 59.006 59.006 59.0304 59.0304
0.995 59.0211 59.0211 59.0456 59.0456
1 59.0322 59.0322 59.0561 59.0561
1.005 59.037 59.037 59.0607 59.0607
1.01 59.0377 59.0377 59.0612 59.0612
1.015 59.0068 59.0068 59.0291 59.0291
1.02 58.9097 58.9097 58.9316 58.9316
1.025 58.5046 58.5046 58.5275 58.5275
1.03 57.7582 57.7582 57.7276 57.7276
1.035 56.6909 56.6909 56.632 56.632
1.04 55.3964 55.3964 55.3304 55.3304
1.045 53.9193 53.9193 53.8585 53.8585
1.05 52.3031 52.3031 52.2574 52.2574
1.055 50.6408 50.6408 50.6125 50.6125
1.06 48.9714 48.9714 48.9582 48.9582
1.065 47.3135 47.3135 47.3117 47.3117
1.07 45.6714 45.6714 45.7069 45.7069
1.075 44.0608 44.0608 44.0952 44.0952
1.08 42.4778 42.4778 42.5063 42.5063
1.085 40.9279 40.9279 40.9617 40.9617
1.09 39.4105 39.4105 39.4421 39.4421
1.095 37.9151 37.9151 37.939 37.939
1.1 36.4434 36.4434 36.4534 36.4534
