1000 0 -0.000329263 0.0003
2000 0 -0.000329805 0.0003
3000 0 -0.000329671 0.0003
4000 0 -0.00032967 0.0003
5000 0 -0.00032967 0.0003
6000 0 -0.00032967 0.0003
7000 0 -0.00032967 0.0003
8000 0 -0.00032967 0.0003
9000 0 -0.00032967 0.0003
10000 0 -0.00032967 0.0003
11000 0 -0.00032967 0.0003
12000 0 -0.00032967 0.0003
13000 0 -0.00032967 0.0003
14000 0 -0.00032967 0.0003
15000 0 -0.00032967 0.0003
16000 0 -0.00032967 0.0003
17000 0 -0.00032967 0.0003
18000 0 -0.00032967 0.0003
19000 0 -0.00032967 0.0003
20000 0 -0.00032967 0.0003
21000 0 -0.00032967 0.0003
22000 0 -0.00032967 0.0003
23000 0 -0.00032967 0.0003
24000 0 -0.00032967 0.0003
25000 0 -0.00032967 0.0003
26000 0 -0.00032967 0.0003
27000 0 -0.00032967 0.0003
28000 0 -0.00032967 0.0003
29000 0 -0.00032967 0.0003
30000 0 -0.00032967 0.0003
31000 0 -0.00032967 0.0003
32000 0 -0.00032967 0.0003
33000 0 -0.00032967 0.0003
34000 0 -0.00032967 0.0003
35000 0 -0.00032967 0.0003
36000 0 -0.00032967 0.0003
37000 0 -0.00032967 0.0003
38000 0 -0.00032967 0.0003
39000 0 -0.00032967 0.0003
40000 0 -0.00032967 0.0003
41000 0 -0.00032967 0.0003
42000 0 -0.00032967 0.0003
43000 0 -0.00032967 0.0003
44000 0 -0.00032967 0.0003
45000 0 -0.00032967 0.0003
46000 0 -0.00032967 0.0003
47000 0 -0.00032967 0.0003
48000 0 -0.00032967 0.0003
49000 0 -0.00032967 0.0003
50000 0 -0.00032967 0.0003
51000 0 -0.00032967 0.0003
52000 0 -0.00032967 0.0003
53000 0 -0.00032967 0.0003
54000 0 -0.00032967 0.0003
55000 0 -0.00032967 0.0003
56000 0 -0.00032967 0.0003
57000 0 -0.00032967 0.0003
58000 0 -0.00032967 0.0003
59000 0 -0.00032967 0.0003
60000 0 -0.00032967 0.0003
61000 0 -0.00032967 0.0003
62000 0 -0.00032967 0.0003
63000 0 -0.00032967 0.0003
64000 0 -0.00032967 0.0003
65000 0 -0.00032967 0.0003
66000 0 -0.00032967 0.0003
67000 0 -0.00032967 0.0003
68000 0 -0.00032967 0.0003
69000 0 -0.00032967 0.0003
70000 0 -0.00032967 0.0003
71000 0 -0.00032967 0.0003
72000 0 -0.00032967 0.0003
73000 0 -0.00032967 0.0003
74000 0 -0.00032967 0.0003
75000 0 -0.00032967 0.0003
76000 0 -0.00032967 0.0003
77000 0 -0.00032967 0.0003
78000 0 -0.00032967 0.0003
79000 0 -0.00032967 0.0003
80000 0 -0.00032967 0.0003
81000 0 -0.00032967 0.0003
82000 0 -0.00032967 0.0003
83000 0 -0.00032967 0.0003
84000 0 -0.00032967 0.0003
85000 0 -0.00032967 0.0003
86000 0 -0.00032967 0.0003
87000 0 -0.00032967 0.0003
88000 0 -0.00032967 0.0003
89000 0 -0.00032967 0.0003
90000 0 -0.00032967 0.0003
91000 0 -0.00032967 0.0003
92000 0 -0.00032967 0.0003
93000 0 -0.00032967 0.0003
94000 0 -0.00032967 0.0003
95000 0 -0.00032967 0.0003
96000 0 -0.00032967 0.0003
97000 0 -0.00032967 0.0003
98000 0 -0.00032967 0.0003
99000 0 -0.00032967 0.0003
100000 0 -0.00032967 0.0003
101000 0 -0.00032967 0.0003
102000 0 -0.00032967 0.0003
103000 0 -0.00032967 0.0003
104000 0 -0.00032967 0.0003
105000 0 -0.00032967 0.0003
106000 0 -0.00032967 0.0003
107000 0 -0.00032967 0.0003
108000 0 -0.00032967 0.0003
109000 0 -0.00032967 0.0003
110000 0 -0.00032967 0.0003
111000 0 -0.00032967 0.0003
112000 0 -0.00032967 0.0003
113000 0 -0.00032967 0.0003
114000 0 -0.00032967 0.0003
115000 0 -0.00032967 0.0003
116000 0 -0.00032967 0.0003
117000 0 -0.00032967 0.0003
118000 0 -0.00032967 0.0003
119000 0 -0.00032967 0.0003
120000 0 -0.00032967 0.0003
121000 0 -0.00032967 0.0003
122000 0 -0.00032967 0.0003
123000 0 -0.00032967 0.0003
124000 0 -0.00032967 0.0003
125000 0 -0.00032967 0.0003
126000 0 -0.00032967 0.0003
127000 0 -0.00032967 0.0003
128000 0 -0.00032967 0.0003
129000 0 -0.00032967 0.0003
130000 0 -0.00032967 0.0003
131000 0 -0.00032967 0.0003
132000 0 -0.00032967 0.0003
133000 0 -0.00032967 0.0003
134000 0 -0.00032967 0.0003
135000 0 -0.00032967 0.0003
136000 0 -0.00032967 0.0003
137000 0 -0.00032967 0.0003
138000 0 -0.00032967 0.0003
139000 0 -0.00032967 0.0003
140000 0 -0.00032967 0.0003
141000 0 -0.00032967 0.0003
142000 0 -0.00032967 0.0003
143000 0 -0.00032967 0.0003
144000 0 -0.00032967 0.0003
145000 0 -0.00032967 0.0003
146000 0 -0.00032967 0.0003
147000 0 -0.00032967 0.0003
148000 0 -0.00032967 0.0003
149000 0 -0.00032967 0.0003
150000 0 -0.00032967 0.0003
151000 0 -0.00032967 0.0003
152000 0 -0.00032967 0.0003
153000 0 -0.00032967 0.0003
154000 0 -0.00032967 0.0003
155000 0 -0.00032967 0.0003
156000 0 -0.00032967 0.0003
157000 0 -0.00032967 0.0003
158000 0 -0.00032967 0.0003
159000 0 -0.00032967 0.0003
160000 0 -0.00032967 0.0003
161000 0 -0.00032967 0.0003
162000 0 -0.00032967 0.0003
163000 0 -0.00032967 0.0003
164000 0 -0.00032967 0.0003
165000 0 -0.00032967 0.0003
166000 0 -0.00032967 0.0003
167000 0 -0.00032967 0.0003
168000 0 -0.00032967 0.0003
169000 0 -0.00032967 0.0003
170000 0 -0.00032967 0.0003
171000 0 -0.00032967 0.0003
172000 0 -0.00032967 0.0003
173000 0 -0.00032967 0.0003
174000 0 -0.00032967 0.0003
175000 0 -0.00032967 0.0003
176000 0 -0.00032967 0.0003
177000 0 -0.00032967 0.0003
178000 0 -0.00032967 0.0003
179000 0 -0.00032967 0.0003
180000 0 -0.00032967 0.0003
181000 0 -0.00032967 0.0003
182000 0 -0.00032967 0.0003
183000 0 -0.00032967 0.0003
184000 0 -0.00032967 0.0003
185000 0 -0.00032967 0.0003
186000 0 -0.00032967 0.0003
187000 0 -0.00032967 0.0003
188000 0 -0.00032967 0.0003
189000 0 -0.00032967 0.0003
190000 0 -0.00032967 0.0003
191000 0 -0.00032967 0.0003
192000 0 -0.00032967 0.0003
193000 0 -0.00032967 0.0003
194000 0 -0.00032967 0.0003
195000 0 -0.00032967 0.0003
196000 0 -0.00032967 0.0003
197000 0 -0.00032967 0.0003
198000 0 -0.00032967 0.0003
199000 0 -0.00032967 0.0003
200000 0 -0.00032967 0.0003
200100 0 -0.00032967 0.0003
200200 0 -0.00032967 0.0003
200300 0 -0.00032967 0.0003
200400 0 -0.00032967 0.0003
200500 0 -0.00032967 0.0003
200600 0 -0.00032967 0.0003
200700 0 -0.00032967 0.0003
200800 0 -0.00032967 0.0003
200900 0 -0.00032967 0.0003
201000 0 -0.00032967 0.0003
201100 0 -0.00032967 0.0003
201200 0 -0.00032967 0.0003
201300 0 -0.00032967 0.0003
201400 0 -0.00032967 0.0003
201500 0 -0.00032967 0.0003
201600 0 -0.00032967 0.0003
201700 0 -0.00032967 0.0003
201800 0 -0.00032967 0.0003
201900 0 -0.00032967 0.0003
202000 0 -0.00032967 0.0003
202100 0 -0.00032967 0.0003
202200 0 -0.00032967 0.0003
202300 0 -0.00032967 0.0003
202400 0 -0.00032967 0.0003
202500 0 -0.00032967 0.0003
202600 0 -0.00032967 0.0003
202700 0 -0.00032967 0.0003
202800 0 -0.00032967 0.0003
202900 0 -0.00032967 0.0003
203000 0 -0.00032967 0.0003
203100 0 -0.00032967 0.0003
203200 0 -0.00032967 0.0003
203300 0 -0.00032967 0.0003
203400 0 -0.00032967 0.0003
203500 0 -0.00032967 0.0003
203600 0 -0.00032967 0.0003
203700 0 -0.00032967 0.0003
203800 0 -0.00032967 0.0003
203900 0 -0.00032967 0.0003
204000 0 -0.00032967 0.0003
204100 0 -0.00032967 0.0003
204200 0 -0.00032967 0.0003
204300 0 -0.00032967 0.0003
204400 0 -0.00032967 0.0003
204500 0 -0.00032967 0.0003
204600 0 -0.00032967 0.0003
204700 0 -0.00032967 0.0003
204800 0 -0.00032967 0.0003
204900 0 -0.00032967 0.0003
205000 0 -0.00032967 0.0003
205100 0 -0.00032967 0.0003
205200 0 -0.00032967 0.0003
205300 0 -0.00032967 0.0003
205400 0 -0.00032967 0.0003
205500 0 -0.00032967 0.0003
205600 0 -0.00032967 0.0003
205700 0 -0.00032967 0.0003
205800 0 -0.00032967 0.0003
205900 0 -0.00032967 0.0003
206000 0 -0.00032967 0.0003
206100 0 -0.00032967 0.0003
206200 0 -0.00032967 0.0003
206300 0 -0.00032967 0.0003
206400 0 -0.00032967 0.0003
206500 0 -0.00032967 0.0003
206600 0 -0.00032967 0.0003
206700 0 -0.00032967 0.0003
206800 0 -0.00032967 0.0003
206900 0 -0.00032967 0.0003
207000 0 -0.00032967 0.0003
207100 0 -0.00032967 0.0003
207200 0 -0.00032967 0.0003
207300 0 -0.00032967 0.0003
207400 0 -0.00032967 0.0003
207500 0 -0.00032967 0.0003
207600 0 -0.00032967 0.0003
207700 0 -0.00032967 0.0003
207800 0 -0.00032967 0.0003
207900 0 -0.00032967 0.0003
208000 0 -0.00032967 0.0003
208100 0 -0.00032967 0.0003
208200 0 -0.00032967 0.0003
208300 0 -0.00032967 0.0003
208400 0 -0.00032967 0.0003
208500 0 -0.00032967 0.0003
208600 0 -0.00032967 0.0003
208700 0 -0.00032967 0.0003
208800 0 -0.00032967 0.0003
208900 0 -0.00032967 0.0003
209000 0 -0.00032967 0.0003
209100 0 -0.00032967 0.0003
209200 0 -0.00032967 0.0003
209300 0 -0.00032967 0.0003
209400 0 -0.00032967 0.0003
209500 0 -0.00032967 0.0003
209600 0 -0.00032967 0.0003
209700 0 -0.00032967 0.0003
209800 0 -0.00032967 0.0003
209900 0 -0.00032967 0.0003
210000 0 -0.00032967 0.0003
211000 0 -0.00032967 0.0003
212000 0 -0.00032967 0.0003
213000 0 -0.00032967 0.0003
214000 0 -0.00032967 0.0003
215000 0 -0.00032967 0.0003
216000 0 -0.00032967 0.0003
217000 0 -0.00032967 0.0003
218000 0 -0.00032967 0.0003
219000 0 -0.00032967 0.0003
220000 0 -0.00032967 0.0003
221000 0 -0.00032967 0.0003
222000 0 -0.00032967 0.0003
223000 0 -0.00032967 0.0003
224000 0 -0.00032967 0.0003
225000 0 -0.00032967 0.0003
226000 0 -0.00032967 0.0003
227000 0 -0.00032967 0.0003
228000 0 -0.00032967 0.0003
229000 0 -0.00032967 0.0003
230000 0 -0.00032967 0.0003
231000 0 -0.00032967 0.0003
232000 0 -0.00032967 0.0003
233000 0 -0.00032967 0.0003
234000 0 -0.00032967 0.0003
235000 0 -0.00032967 0.0003
236000 0 -0.00032967 0.0003
237000 0 -0.00032967 0.0003
238000 0 -0.00032967 0.0003
239000 0 -0.00032967 0.0003
240000 0 -0.00032967 0.0003
241000 0 -0.00032967 0.0003
242000 0 -0.00032967 0.0003
243000 0 -0.00032967 0.0003
244000 0 -0.00032967 0.0003
245000 0 -0.00032967 0.0003
246000 0 -0.00032967 0.0003
247000 0 -0.00032967 0.0003
248000 0 -0.00032967 0.0003
249000 0 -0.00032967 0.0003
250000 0 -0.00032967 0.0003
251000 0 -0.00032967 0.0003
252000 0 -0.00032967 0.0003
253000 0 -0.00032967 0.0003
254000 0 -0.00032967 0.0003
255000 0 -0.00032967 0.0003
256000 0 -0.00032967 0.0003
257000 0 -0.00032967 0.0003
258000 0 -0.00032967 0.0003
259000 0 -0.00032967 0.0003
260000 0 -0.00032967 0.0003
261000 0 -0.00032967 0.0003
262000 0 -0.00032967 0.0003
263000 0 -0.00032967 0.0003
264000 0 -0.00032967 0.0003
265000 0 -0.00032967 0.0003
266000 0 -0.00032967 0.0003
267000 0 -0.00032967 0.0003
268000 0 -0.00032967 0.0003
269000 0 -0.00032967 0.0003
270000 0 -0.00032967 0.0003
271000 0 -0.00032967 0.0003
272000 0 -0.00032967 0.0003
273000 0 -0.00032967 0.0003
274000 0 -0.00032967 0.0003
275000 0 -0.00032967 0.0003
276000 0 -0.00032967 0.0003
277000 0 -0.00032967 0.0003
278000 0 -0.00032967 0.0003
279000 0 -0.00032967 0.0003
280000 0 -0.00032967 0.0003
281000 0 -0.00032967 0.0003
282000 0 -0.00032967 0.0003
283000 0 -0.00032967 0.0003
284000 0 -0.00032967 0.0003
285000 0 -0.00032967 0.0003
286000 0 -0.00032967 0.0003
287000 0 -0.00032967 0.0003
288000 0 -0.00032967 0.0003
289000 0 -0.00032967 0.0003
290000 0 -0.00032967 0.0003
291000 0 -0.00032967 0.0003
292000 0 -0.00032967 0.0003
293000 0 -0.00032967 0.0003
294000 0 -0.00032967 0.0003
295000 0 -0.00032967 0.0003
296000 0 -0.00032967 0.0003
297000 0 -0.00032967 0.0003
298000 0 -0.00032967 0.0003
299000 0 -0.00032967 0.0003
300000 0 -0.00032967 0.0003
301000 0 -0.00032967 0.0003
302000 0 -0.00032967 0.0003
303000 0 -0.00032967 0.0003
304000 0 -0.00032967 0.0003
305000 0 -0.00032967 0.0003
306000 0 -0.00032967 0.0003
307000 0 -0.00032967 0.0003
308000 0 -0.00032967 0.0003
309000 0 -0.00032967 0.0003
310000 0 -0.00032967 0.0003
311000 0 -0.00032967 0.0003
312000 0 -0.00032967 0.0003
313000 0 -0.00032967 0.0003
314000 0 -0.00032967 0.0003
315000 0 -0.00032967 0.0003
316000 0 -0.00032967 0.0003
317000 0 -0.00032967 0.0003
318000 0 -0.00032967 0.0003
319000 0 -0.00032967 0.0003
320000 0 -0.00032967 0.0003
321000 0 -0.00032967 0.0003
322000 0 -0.00032967 0.0003
323000 0 -0.00032967 0.0003
324000 0 -0.00032967 0.0003
325000 0 -0.00032967 0.0003
326000 0 -0.00032967 0.0003
327000 0 -0.00032967 0.0003
328000 0 -0.00032967 0.0003
329000 0 -0.00032967 0.0003
330000 0 -0.00032967 0.0003
331000 0 -0.00032967 0.0003
332000 0 -0.00032967 0.0003
333000 0 -0.00032967 0.0003
334000 0 -0.00032967 0.0003
335000 0 -0.00032967 0.0003
336000 0 -0.00032967 0.0003
337000 0 -0.00032967 0.0003
338000 0 -0.00032967 0.0003
339000 0 -0.00032967 0.0003
340000 0 -0.00032967 0.0003
341000 0 -0.00032967 0.0003
342000 0 -0.00032967 0.0003
343000 0 -0.00032967 0.0003
344000 0 -0.00032967 0.0003
345000 0 -0.00032967 0.0003
346000 0 -0.00032967 0.0003
347000 0 -0.00032967 0.0003
348000 0 -0.00032967 0.0003
349000 0 -0.00032967 0.0003
350000 0 -0.00032967 0.0003
351000 0 -0.00032967 0.0003
352000 0 -0.00032967 0.0003
353000 0 -0.00032967 0.0003
354000 0 -0.00032967 0.0003
355000 0 -0.00032967 0.0003
356000 0 -0.00032967 0.0003
357000 0 -0.00032967 0.0003
358000 0 -0.00032967 0.0003
359000 0 -0.00032967 0.0003
360000 0 -0.00032967 0.0003
361000 0 -0.00032967 0.0003
362000 0 -0.00032967 0.0003
363000 0 -0.00032967 0.0003
364000 0 -0.00032967 0.0003
365000 0 -0.00032967 0.0003
366000 0 -0.00032967 0.0003
367000 0 -0.00032967 0.0003
368000 0 -0.00032967 0.0003
369000 0 -0.00032967 0.0003
370000 0 -0.00032967 0.0003
371000 0 -0.00032967 0.0003
372000 0 -0.00032967 0.0003
373000 0 -0.00032967 0.0003
374000 0 -0.00032967 0.0003
375000 0 -0.00032967 0.0003
376000 0 -0.00032967 0.0003
377000 0 -0.00032967 0.0003
378000 0 -0.00032967 0.0003
379000 0 -0.00032967 0.0003
380000 0 -0.00032967 0.0003
381000 0 -0.00032967 0.0003
382000 0 -0.00032967 0.0003
383000 0 -0.00032967 0.0003
384000 0 -0.00032967 0.0003
385000 0 -0.00032967 0.0003
386000 0 -0.00032967 0.0003
387000 0 -0.00032967 0.0003
388000 0 -0.00032967 0.0003
389000 0 -0.00032967 0.0003
390000 0 -0.00032967 0.0003
391000 0 -0.00032967 0.0003
392000 0 -0.00032967 0.0003
393000 0 -0.00032967 0.0003
394000 0 -0.00032967 0.0003
395000 0 -0.00032967 0.0003
396000 0 -0.00032967 0.0003
397000 0 -0.00032967 0.0003
398000 0 -0.00032967 0.0003
399000 0 -0.00032967 0.0003
400000 0 -0.00032967 0.0003
401000 0 -0.00032967 0.0003
402000 0 -0.00032967 0.0003
403000 0 -0.00032967 0.0003
404000 0 -0.00032967 0.0003
405000 0 -0.00032967 0.0003
406000 0 -0.00032967 0.0003
407000 0 -0.00032967 0.0003
408000 0 -0.00032967 0.0003
409000 0 -0.00032967 0.0003
410000 0 -0.00032967 0.0003
0.005 0 -0.00032967 0.000317895
0.01 0 -0.000329868 0.000362287
0.015 0 -0.000330115 0.000398957
0.02 0 -0.000330378 0.00043656
0.025 0 -0.000330655 0.00047755
0.03 0 -0.000330951 0.00052267
0.035 0 -0.000331269 0.000572635
0.04 0 -0.000331612 0.000628962
0.045 0 -0.000331985 0.000693677
0.05 0 -0.000332392 0.000769514
0.055 0 -0.000332838 0.0008615
0.06 0 -0.00033333 0.000977695
0.065 0 -0.000333874 0.00113253
0.07 0 -0.000334466 0.00135219
0.075 0 -0.000335073 0.00167826
0.08 0 -0.000335605 0.00215245
0.085 0 -0.000335964 0.00279145
0.09 0 -0.000336118 0.00354385
0.095 0 -0.000336104 0.00437021
0.1 0 -0.000335982 0.00523088
0.105 0 -0.000335799 0.00609473
0.11 0 -0.000335585 0.00694094
0.115 0 -0.00033536 0.00775709
0.12 0 -0.000335132 0.00853237
0.125 0 -0.000334906 0.00927366
0.13 0 -0.000334684 0.00997847
0.135 0 -0.00033447 0.0106395
0.14 0 -0.000334262 0.0112664
0.145 0 -0.000334062 0.011862
0.15 0 -0.000333868 0.0124249
0.155 0 -0.000333683 0.0129501
0.16 0 -0.000333506 0.0134448
0.165 0 -0.000333337 0.0139113
0.17 0 -0.000333175 0.0143524
0.175 0 -0.000333021 0.0147619
0.18 0 -0.000332876 0.0151424
0.185 0 -0.000332739 0.0154978
0.19 0 -0.00033261 0.0158263
0.195 0 -0.00033249 0.0161261
0.2 0 -0.000332378 0.0164085
0.205 0 -0.000332275 0.0166559
0.21 0 -0.00033218 0.0168838
0.215 0 -0.000332095 0.0170851
0.22 0 -0.000332017 0.0172672
0.225 0 -0.000331948 0.0174247
0.23 0 -0.000331889 0.0175512
0.235 0 -0.000331841 0.0176485
0.24 0 -0.000331803 0.0177246
0.245 0 -0.000331772 0.0177849
0.25 0 -0.000331749 0.0178253
0.255 0 -0.000331734 0.0178416
0.26 0 -0.000331727 0.0178415
0.265 0 -0.000331724 0.0178398
0.27 0 -0.000331723 0.0178382
0.275 0 -0.000331723 0.0178361
0.28 0 -0.000331722 0.0178335
0.285 0 -0.000331722 0.0178305
0.29 0 -0.000331722 0.017827
0.295 0 -0.000331722 0.017823
0.3 0 -0.000331722 0.0178186
0.305 0 -0.000331722 0.0178137
0.31 0 -0.000331722 0.0178084
0.315 0 -0.000331722 0.0178027
0.32 0 -0.000331722 0.0177965
0.325 0 -0.000331722 0.0177899
0.33 0 -0.000331722 0.0177829
0.335 0 -0.000331722 0.0177754
0.34 0 -0.000331722 0.0177676
0.345 0 -0.000331726 0.0177591
0.35 0 -0.000331741 0.0177496
0.355 0 -0.000331765 0.0177396
0.36 0 -0.000331792 0.0177292
0.365 0 -0.000331823 0.0177183
0.37 0 -0.000331854 0.0177071
0.375 0 -0.000331887 0.0176954
0.38 0 -0.000331921 0.0176834
0.385 0 -0.000331956 0.0176709
0.39 0 -0.000331992 0.017658
0.395 0 -0.000332039 0.017644
0.4 0 -0.000332094 0.0176295
0.405 0 -0.000332153 0.0176146
0.41 0 -0.000332215 0.0175994
0.415 0 -0.000332277 0.0175838
0.42 0 -0.000332341 0.0175678
0.425 0 -0.000332404 0.0175514
0.43 0 -0.000332475 0.0175342
0.435 0 -0.000332556 0.017516
0.44 0 -0.000332643 0.0174974
0.445 0 -0.000332733 0.0174784
0.45 0 -0.000332824 0.0174591
0.455 0 -0.000332916 0.0174395
0.46 0 -0.000333007 0.0174195
0.465 0 -0.000333109 0.017398
0.47 0 -0.00033322 0.0173758
0.475 0 -0.000333335 0.0173532
0.48 0 -0.000333451 0.0173303
0.485 0 -0.000333567 0.0173071
0.49 0 -0.000333682 0.0172835
0.495 0 -0.000333806 0.0172581
0.5 0 -0.000333938 0.0172317
0.505 0 -0.000334074 0.017205
0.51 0 -0.00033421 0.0171779
0.515 0 -0.000334345 0.0171505
0.52 0 -0.000334479 0.0171225
0.525 0 -0.000334623 0.0170918
0.53 0 -0.000334774 0.0170605
0.535 0 -0.000334926 0.0170289
0.54 0 -0.000335075 0.016997
0.545 0 -0.00033522 0.0169649
0.55 0 -0.000335374 0.0169294
0.555 0 -0.000335534 0.0168927
0.56 0 -0.000335694 0.0168556
0.565 0 -0.000335851 0.0168183
0.57 0 -0.000336002 0.0167808
0.575 0 -0.000336161 0.0167388
0.58 0 -0.000336325 0.0166954
0.585 0 -0.000336487 0.0166518
0.59 0 -0.000336643 0.0166082
0.595 0 -0.000336794 0.0165637
0.6 0 -0.000336952 0.0165134
0.605 0 -0.000337111 0.0164621
0.61 0 -0.000337266 0.0164111
0.615 0 -0.000337413 0.0163607
0.62 0 -0.000337558 0.0163062
0.625 0 -0.000337706 0.0162469
0.63 0 -0.000337852 0.0161875
0.635 0 -0.000337991 0.0161293
0.64 0 -0.000338119 0.0160726
0.645 0 -0.000338249 0.0160074
0.65 0 -0.000338379 0.0159394
0.655 0 -0.000338503 0.015873
0.66 0 -0.000338619 0.0158093
0.665 0 -0.000338724 0.0157483
0.67 0 -0.000338827 0.0156783
0.675 0 -0.00033893 0.0156055
0.68 0 -0.000339028 0.0155356
0.685 0 -0.000339118 0.0154702
0.69 0 -0.000339197 0.0154096
0.695 0 -0.000339267 0.0153536
0.7 0 -0.000339334 0.0152907
0.705 0 -0.0003394 0.0152263
0.71 0 -0.000339461 0.0151665
0.715 0 -0.000339516 0.0151134
0.72 0 -0.000339564 0.0150674
0.725 0 -0.000339603 0.0150284
0.73 0 -0.000339636 0.0149961
0.735 0 -0.000339662 0.0149706
0.74 0 -0.000339682 0.0149517
0.745 0 -0.000339697 0.0149396
0.75 0 -0.000339706 0.0149342
0.755 0 -0.00033971 0.0149331
0.76 0 -0.000339713 0.014925
0.765 0 -0.000339716 0.0149035
0.77 0 -0.000339726 0.0148589
0.775 0 -0.000339746 0.0148729
0.78 0 -0.000339758 0.0148781
0.785 0 -0.000339764 0.0148822
0.79 0 -0.000339766 0.0148871
0.795 0 -0.000339767 0.0148926
0.8 0 -0.000339768 0.0148987
0.805 0 -0.000339768 0.0149055
0.81 0 -0.000339768 0.0149129
0.815 0 -0.000339769 0.0149216
0.82 0 -0.000339773 0.0149316
0.825 0 -0.000339778 0.0149423
0.83 0 -0.000339785 0.0149537
0.835 0 -0.000339791 0.0149658
0.84 0 -0.000339798 0.0149785
0.845 0 -0.000339807 0.0149928
0.85 0 -0.000339818 0.0150084
0.855 0 -0.00033983 0.0150248
0.86 0 -0.000339843 0.0150419
0.865 0 -0.000339856 0.0150598
0.87 0 -0.000339873 0.0150804
0.875 0 -0.000339891 0.0151018
0.88 0 -0.00033991 0.0151241
0.885 0 -0.000339929 0.0151476
0.89 0 -0.000339951 0.0151742
0.895 0 -0.000339975 0.0152017
0.9 0 -0.000339998 0.01523
0.905 0 -0.000340024 0.015262
0.91 0 -0.00034005 0.0152958
0.915 0 -0.000340077 0.0153304
0.92 0 -0.000340104 0.015369
0.925 0 -0.000340132 0.0154102
0.93 0 -0.00034016 0.0154522
0.935 0 -0.000340187 0.0154997
0.94 0 -0.000340215 0.0155496
0.945 0 -0.00034024 0.0156007
0.95 0 -0.000340266 0.0156592
0.955 0 -0.000340289 0.0157191
0.96 0 -0.000340311 0.0157834
0.965 0 -0.000340331 0.0158536
0.97 0 -0.000340348 0.0159242
0.975 0 -0.000340363 0.0160053
0.98 0 -0.000340376 0.0160891
0.985 0 -0.000340386 0.0161779
0.99 0 -0.000340394 0.0162758
0.995 0 -0.000340399 0.0163742
1 0 -0.000340403 0.0164878
1.005 0 -0.000340405 0.0166068
1.01 0 -0.000340406 0.0166842
1.015 0 -0.000340404 0.0168569
1.02 0 -0.000340394 0.0170142
1.025 0 -0.000340356 0.0173279
1.03 0 -0.000340268 0.0179049
1.035 0 -0.000340127 0.0187007
1.04 0 -0.000339938 0.0196311
1.045 0 -0.000339708 0.0206325
1.05 0 -0.000339446 0.0216612
1.055 0 -0.000339163 0.0226886
1.06 0 -0.000338869 0.0236978
1.065 0 -0.000338572 0.0246801
1.07 0 -0.000338274 0.0256267
1.075 0 -0.000337979 0.0265466
1.08 0 -0.000337687 0.0274359
1.085 0 -0.0003374 0.028289
1.09 0 -0.000337119 0.0291114
1.095 0 -0.000336842 0.0299095
1.1 0 -0.000336569 0.0306842
