1000 -7.82026e-05 -7.82026e-05 -0.000563203 -3.38813e-20 0 5.42101e-20
2000 -7.82026e-05 -7.82026e-05 -0.000563203 -3.38813e-20 -2.71051e-20 5.42101e-20
3000 -7.82026e-05 -7.82026e-05 -0.000563203 -3.38813e-20 0 0
4000 -7.82026e-05 -7.82026e-05 -0.000563203 -2.03288e-20 2.71051e-20 5.42101e-20
5000 -7.82026e-05 -7.82026e-05 -0.000563203 -2.03288e-20 2.71051e-20 5.42101e-20
6000 -7.82026e-05 -7.82026e-05 -0.000563203 -2.03288e-20 2.71051e-20 5.42101e-20
7000 -7.82026e-05 -7.82026e-05 -0.000563203 -2.03288e-20 2.71051e-20 5.42101e-20
8000 -7.82026e-05 -7.82026e-05 -0.000563203 -2.03288e-20 0 5.42101e-20
9000 -7.82026e-05 -7.82026e-05 -0.000563203 -2.03288e-20 0 5.42101e-20
10000 -7.82026e-05 -7.82026e-05 -0.000563203 -2.03288e-20 0 5.42101e-20
11000 -1.24422e-11 -1.24422e-11 -8.96619e-11 -5.65455e-27 0 6.46235e-27
12000 4.1472e-12 4.1472e-12 2.98885e-11 -1.13091e-26 1.61559e-27 1.29247e-26
13000 1.51997e-18 1.50642e-18 1.12845e-17 -6.05845e-28 6.86625e-27 -7.47209e-27
14000 -2.39549e-19 -2.53101e-19 -1.40431e-18 4.11542e-30 -1.02758e-30 -1.03095e-30
15000 -1.96176e-20 -3.31701e-20 1.81839e-19 2.16667e-34 -1.56482e-34 5.65742e-34
16000 -1.96175e-20 -3.317e-20 1.8184e-19 -3.00927e-36 -2.40741e-35 1.20371e-35
17000 -1.96175e-20 -3.317e-20 1.8184e-19 0 6.01853e-36 6.01853e-36
18000 -1.96175e-20 -3.317e-20 1.8184e-19 1.50463e-36 0 -6.01853e-36
19000 -1.96175e-20 -3.317e-20 1.8184e-19 0 0 0
20000 -1.96175e-20 -3.317e-20 1.8184e-19 0 0 -6.01853e-36
21000 -1.96175e-20 -3.317e-20 1.8184e-19 0 6.01853e-36 1.80556e-35
22000 -1.96175e-20 -3.317e-20 1.8184e-19 1.50463e-36 0 -1.20371e-35
23000 -1.96175e-20 -3.317e-20 1.8184e-19 0 -6.01853e-36 1.20371e-35
24000 -1.96175e-20 -3.317e-20 1.8184e-19 -1.50463e-36 1.20371e-35 -1.20371e-35
25000 -1.96175e-20 -3.317e-20 1.8184e-19 0 -6.01853e-36 1.20371e-35
26000 -1.96175e-20 -3.317e-20 1.8184e-19 0 6.01853e-36 -1.20371e-35
27000 -1.96175e-20 -3.317e-20 1.8184e-19 0 0 1.20371e-35
28000 -1.96175e-20 -3.317e-20 1.8184e-19 0 6.01853e-36 0
29000 -1.96175e-20 -3.317e-20 1.8184e-19 -1.50463e-36 -6.01853e-36 0
30000 -1.96175e-20 -3.317e-20 1.8184e-19 -1.50463e-36 0 0
31000 -1.96175e-20 -3.317e-20 1.8184e-19 1.50463e-36 0 1.20371e-35
32000 -1.96175e-20 -3.317e-20 1.8184e-19 0 6.01853e-36 0
33000 -1.96175e-20 -3.317e-20 1.8184e-19 1.50463e-36 -6.01853e-36 0
34000 -1.96175e-20 -3.317e-20 1.8184e-19 0 0 0
35000 -1.96175e-20 -3.317e-20 1.8184e-19 0 0 1.20371e-35
36000 -1.96175e-20 -3.317e-20 1.8184e-19 -1.50463e-36 0 0
37000 -1.96175e-20 -3.317e-20 1.8184e-19 1.50463e-36 6.01853e-36 0
38000 -1.96175e-20 -3.317e-20 1.8184e-19 0 -6.01853e-36 1.20371e-35
39000 -1.96175e-20 -3.317e-20 1.8184e-19 -1.50463e-36 0 -1.20371e-35
40000 -1.96175e-20 -3.317e-20 1.8184e-19 -1.50463e-36 0 1.20371e-35
41000 -1.96175e-20 -3.317e-20 1.8184e-19 1.50463e-36 6.01853e-36 -6.01853e-36
42000 -1.96175e-20 -3.317e-20 1.8184e-19 0 -1.20371e-35 0
43000 -1.96175e-20 -3.317e-20 1.8184e-19 1.50463e-36 1.20371e-35 -6.01853e-36
44000 -1.96175e-20 -3.317e-20 1.8184e-19 -1.50463e-36 -6.01853e-36 0
45000 -1.96175e-20 -3.317e-20 1.8184e-19 0 0 6.01853e-36
46000 -1.96175e-20 -3.317e-20 1.8184e-19 1.50463e-36 6.01853e-36 -1.20371e-35
47000 -1.96175e-20 -3.317e-20 1.8184e-19 -1.50463e-36 0 1.20371e-35
48000 -1.96175e-20 -3.317e-20 1.8184e-19 0 -6.01853e-36 0
49000 -1.96175e-20 -3.317e-20 1.8184e-19 1.50463e-36 6.01853e-36 0
50000 -1.96175e-20 -3.317e-20 1.8184e-19 0 -6.01853e-36 0
51000 -1.96175e-20 -3.317e-20 1.8184e-19 1.50463e-36 0 1.20371e-35
52000 -1.96175e-20 -3.317e-20 1.8184e-19 1.50463e-36 0 -1.20371e-35
53000 -1.96175e-20 -3.317e-20 1.8184e-19 -1.50463e-36 6.01853e-36 1.20371e-35
54000 -1.96175e-20 -3.317e-20 1.8184e-19 0 -6.01853e-36 0
55000 -1.96175e-20 -3.317e-20 1.8184e-19 -3.00927e-36 -6.01853e-36 0
56000 -1.96175e-20 -3.317e-20 1.8184e-19 1.50463e-36 0 1.20371e-35
57000 -1.96175e-20 -3.317e-20 1.8184e-19 -1.50463e-36 0 0
58000 -1.96175e-20 -3.317e-20 1.8184e-19 1.50463e-36 6.01853e-36 0
59000 -1.96175e-20 -3.317e-20 1.8184e-19 -1.50463e-36 -6.01853e-36 0
60000 -1.96175e-20 -3.317e-20 1.8184e-19 -3.00927e-36 -6.01853e-36 1.20371e-35
61000 -1.96175e-20 -3.317e-20 1.8184e-19 1.50463e-36 6.01853e-36 -1.80556e-35
62000 -1.96175e-20 -3.317e-20 1.8184e-19 -3.00927e-36 0 0
63000 -1.96175e-20 -3.317e-20 1.8184e-19 1.50463e-36 0 0
64000 -1.96175e-20 -3.317e-20 1.8184e-19 0 6.01853e-36 0
65000 -1.96175e-20 -3.317e-20 1.8184e-19 0 -6.01853e-36 0
66000 -1.96175e-20 -3.317e-20 1.8184e-19 1.50463e-36 6.01853e-36 1.20371e-35
67000 -1.96175e-20 -3.317e-20 1.8184e-19 1.50463e-36 -6.01853e-36 0
68000 -1.96175e-20 -3.317e-20 1.8184e-19 3.00927e-36 6.01853e-36 0
69000 -1.96175e-20 -3.317e-20 1.8184e-19 -3.00927e-36 -6.01853e-36 1.20371e-35
70000 -1.96175e-20 -3.317e-20 1.8184e-19 1.50463e-36 1.20371e-35 -6.01853e-36
71000 -1.96175e-20 -3.317e-20 1.8184e-19 1.50463e-36 -1.20371e-35 0
72000 -1.96175e-20 -3.317e-20 1.8184e-19 1.50463e-36 6.01853e-36 -6.01853e-36
73000 -1.96175e-20 -3.317e-20 1.8184e-19 0 1.20371e-35 -6.01853e-36
74000 -1.96175e-20 -3.317e-20 1.8184e-19 -1.50463e-36 6.01853e-36 6.01853e-36
75000 -1.96175e-20 -3.317e-20 1.8184e-19 1.50463e-36 0 -6.01853e-36
76000 -1.96175e-20 -3.317e-20 1.8184e-19 -1.50463e-36 -6.01853e-36 6.01853e-36
77000 -1.96175e-20 -3.317e-20 1.8184e-19 1.50463e-36 1.80556e-35 -6.01853e-36
78000 -1.96175e-20 -3.317e-20 1.8184e-19 0 -1.20371e-35 6.01853e-36
79000 -1.96175e-20 -3.317e-20 1.8184e-19 0 0 -6.01853e-36
80000 -1.96175e-20 -3.317e-20 1.8184e-19 -3.00927e-36 1.20371e-35 1.20371e-35
81000 -1.96175e-20 -3.317e-20 1.8184e-19 0 0 0
82000 -1.96175e-20 -3.317e-20 1.8184e-19 0 0 6.01853e-36
83000 -1.96175e-20 -3.317e-20 1.8184e-19 1.50463e-36 6.01853e-36 -6.01853e-36
84000 -1.96175e-20 -3.317e-20 1.8184e-19 -1.50463e-36 6.01853e-36 1.20371e-35
85000 -1.96175e-20 -3.317e-20 1.8184e-19 1.50463e-36 0 0
86000 -1.96175e-20 -3.317e-20 1.8184e-19 0 -6.01853e-36 0
87000 -1.96175e-20 -3.317e-20 1.8184e-19 -1.50463e-36 -6.01853e-36 0
88000 -1.96175e-20 -3.317e-20 1.8184e-19 -1.50463e-36 0 0
89000 -1.96175e-20 -3.317e-20 1.8184e-19 1.50463e-36 6.01853e-36 1.20371e-35
90000 -1.96175e-20 -3.317e-20 1.8184e-19 3.00927e-36 -6.01853e-36 0
91000 -1.96175e-20 -3.317e-20 1.8184e-19 0 6.01853e-36 0
92000 -1.96175e-20 -3.317e-20 1.8184e-19 0 -6.01853e-36 0
93000 -1.96175e-20 -3.317e-20 1.8184e-19 1.50463e-36 0 1.20371e-35
94000 -1.96175e-20 -3.317e-20 1.8184e-19 1.50463e-36 0 -1.20371e-35
95000 -1.96175e-20 -3.317e-20 1.8184e-19 -1.50463e-36 6.01853e-36 1.20371e-35
96000 -1.96175e-20 -3.317e-20 1.8184e-19 0 -6.01853e-36 0
97000 -1.96175e-20 -3.317e-20 1.8184e-19 -3.00927e-36 -6.01853e-36 0
98000 -1.96175e-20 -3.317e-20 1.8184e-19 1.50463e-36 0 1.20371e-35
99000 -1.96175e-20 -3.317e-20 1.8184e-19 -1.50463e-36 0 0
100000 -1.96175e-20 -3.317e-20 1.8184e-19 1.50463e-36 6.01853e-36 0
101000 -1.96175e-20 -3.317e-20 1.8184e-19 -1.50463e-36 -6.01853e-36 0
102000 -1.96175e-20 -3.317e-20 1.8184e-19 -3.00927e-36 -6.01853e-36 1.20371e-35
103000 -1.96175e-20 -3.317e-20 1.8184e-19 1.50463e-36 6.01853e-36 -1.80556e-35
104000 -1.96175e-20 -3.317e-20 1.8184e-19 -3.00927e-36 0 0
105000 -1.96175e-20 -3.317e-20 1.8184e-19 1.50463e-36 0 0
106000 -1.96175e-20 -3.317e-20 1.8184e-19 0 6.01853e-36 0
107000 -1.96175e-20 -3.317e-20 1.8184e-19 0 -6.01853e-36 0
108000 -1.96175e-20 -3.317e-20 1.8184e-19 1.50463e-36 6.01853e-36 1.20371e-35
109000 -1.96175e-20 -3.317e-20 1.8184e-19 1.50463e-36 -6.01853e-36 0
110000 -1.96175e-20 -3.317e-20 1.8184e-19 3.00927e-36 6.01853e-36 0
111000 -1.96175e-20 -3.317e-20 1.8184e-19 -3.00927e-36 -6.01853e-36 1.20371e-35
112000 -1.96175e-20 -3.317e-20 1.8184e-19 1.50463e-36 1.20371e-35 -6.01853e-36
113000 -1.96175e-20 -3.317e-20 1.8184e-19 1.50463e-36 -1.20371e-35 0
114000 -1.96175e-20 -3.317e-20 1.8184e-19 1.50463e-36 6.01853e-36 -6.01853e-36
115000 -1.96175e-20 -3.317e-20 1.8184e-19 0 1.20371e-35 -6.01853e-36
116000 -1.96175e-20 -3.317e-20 1.8184e-19 -1.50463e-36 6.01853e-36 6.01853e-36
117000 -1.96175e-20 -3.317e-20 1.8184e-19 1.50463e-36 0 -6.01853e-36
118000 -1.96175e-20 -3.317e-20 1.8184e-19 -1.50463e-36 -6.01853e-36 6.01853e-36
119000 -1.96175e-20 -3.317e-20 1.8184e-19 1.50463e-36 1.80556e-35 -6.01853e-36
120000 -1.96175e-20 -3.317e-20 1.8184e-19 0 -1.20371e-35 6.01853e-36
121000 -1.96175e-20 -3.317e-20 1.8184e-19 0 0 -6.01853e-36
122000 -1.96175e-20 -3.317e-20 1.8184e-19 -3.00927e-36 1.20371e-35 1.20371e-35
123000 -1.96175e-20 -3.317e-20 1.8184e-19 0 0 0
124000 -1.96175e-20 -3.317e-20 1.8184e-19 0 0 6.01853e-36
125000 -1.96175e-20 -3.317e-20 1.8184e-19 1.50463e-36 6.01853e-36 -6.01853e-36
126000 -1.96175e-20 -3.317e-20 1.8184e-19 -1.50463e-36 6.01853e-36 1.20371e-35
127000 -1.96175e-20 -3.317e-20 1.8184e-19 1.50463e-36 0 0
128000 -1.96175e-20 -3.317e-20 1.8184e-19 0 -6.01853e-36 0
129000 -1.96175e-20 -3.317e-20 1.8184e-19 -1.50463e-36 -6.01853e-36 0
130000 -1.96175e-20 -3.317e-20 1.8184e-19 -1.50463e-36 0 0
131000 -1.96175e-20 -3.317e-20 1.8184e-19 1.50463e-36 6.01853e-36 1.20371e-35
132000 -1.96175e-20 -3.317e-20 1.8184e-19 3.00927e-36 -6.01853e-36 0
133000 -1.96175e-20 -3.317e-20 1.8184e-19 0 6.01853e-36 0
134000 -1.96175e-20 -3.317e-20 1.8184e-19 0 -6.01853e-36 0
135000 -1.96175e-20 -3.317e-20 1.8184e-19 1.50463e-36 0 1.20371e-35
136000 -1.96175e-20 -3.317e-20 1.8184e-19 1.50463e-36 0 -1.20371e-35
137000 -1.96175e-20 -3.317e-20 1.8184e-19 -1.50463e-36 6.01853e-36 1.20371e-35
138000 -1.96175e-20 -3.317e-20 1.8184e-19 0 -6.01853e-36 0
139000 -1.96175e-20 -3.317e-20 1.8184e-19 -3.00927e-36 -6.01853e-36 0
140000 -1.96175e-20 -3.317e-20 1.8184e-19 1.50463e-36 0 1.20371e-35
141000 -1.96175e-20 -3.317e-20 1.8184e-19 -1.50463e-36 0 0
142000 -1.96175e-20 -3.317e-20 1.8184e-19 1.50463e-36 6.01853e-36 0
143000 -1.96175e-20 -3.317e-20 1.8184e-19 -1.50463e-36 -6.01853e-36 0
144000 -1.96175e-20 -3.317e-20 1.8184e-19 -3.00927e-36 -6.01853e-36 1.20371e-35
145000 -1.96175e-20 -3.317e-20 1.8184e-19 1.50463e-36 6.01853e-36 -1.80556e-35
146000 -1.96175e-20 -3.317e-20 1.8184e-19 -3.00927e-36 0 0
147000 -1.96175e-20 -3.317e-20 1.8184e-19 1.50463e-36 0 0
148000 -1.96175e-20 -3.317e-20 1.8184e-19 0 6.01853e-36 0
149000 -1.96175e-20 -3.317e-20 1.8184e-19 0 -6.01853e-36 0
150000 -1.96175e-20 -3.317e-20 1.8184e-19 1.50463e-36 6.01853e-36 1.20371e-35
151000 -1.96175e-20 -3.317e-20 1.8184e-19 1.50463e-36 -6.01853e-36 0
152000 -1.96175e-20 -3.317e-20 1.8184e-19 3.00927e-36 6.01853e-36 0
153000 -1.96175e-20 -3.317e-20 1.8184e-19 -3.00927e-36 -6.01853e-36 1.20371e-35
154000 -1.96175e-20 -3.317e-20 1.8184e-19 1.50463e-36 1.20371e-35 -6.01853e-36
155000 -1.96175e-20 -3.317e-20 1.8184e-19 1.50463e-36 -1.20371e-35 0
156000 -1.96175e-20 -3.317e-20 1.8184e-19 1.50463e-36 6.01853e-36 -6.01853e-36
157000 -1.96175e-20 -3.317e-20 1.8184e-19 0 1.20371e-35 -6.01853e-36
158000 -1.96175e-20 -3.317e-20 1.8184e-19 -1.50463e-36 6.01853e-36 6.01853e-36
159000 -1.96175e-20 -3.317e-20 1.8184e-19 1.50463e-36 0 -6.01853e-36
160000 -1.96175e-20 -3.317e-20 1.8184e-19 -1.50463e-36 -6.01853e-36 6.01853e-36
161000 -1.96175e-20 -3.317e-20 1.8184e-19 1.50463e-36 1.80556e-35 -6.01853e-36
162000 -1.96175e-20 -3.317e-20 1.8184e-19 0 -1.20371e-35 6.01853e-36
163000 -1.96175e-20 -3.317e-20 1.8184e-19 0 0 -6.01853e-36
164000 -1.96175e-20 -3.317e-20 1.8184e-19 -3.00927e-36 1.20371e-35 1.20371e-35
165000 -1.96175e-20 -3.317e-20 1.8184e-19 0 0 0
166000 -1.96175e-20 -3.317e-20 1.8184e-19 0 0 6.01853e-36
167000 -1.96175e-20 -3.317e-20 1.8184e-19 1.50463e-36 6.01853e-36 -6.01853e-36
168000 -1.96175e-20 -3.317e-20 1.8184e-19 -1.50463e-36 6.01853e-36 1.20371e-35
169000 -1.96175e-20 -3.317e-20 1.8184e-19 1.50463e-36 0 0
170000 -1.96175e-20 -3.317e-20 1.8184e-19 0 -6.01853e-36 0
171000 -1.96175e-20 -3.317e-20 1.8184e-19 -1.50463e-36 -6.01853e-36 0
172000 -1.96175e-20 -3.317e-20 1.8184e-19 -1.50463e-36 0 0
173000 -1.96175e-20 -3.317e-20 1.8184e-19 1.50463e-36 6.01853e-36 1.20371e-35
174000 -1.96175e-20 -3.317e-20 1.8184e-19 3.00927e-36 -6.01853e-36 0
175000 -1.96175e-20 -3.317e-20 1.8184e-19 0 6.01853e-36 0
176000 -1.96175e-20 -3.317e-20 1.8184e-19 0 -6.01853e-36 0
177000 -1.96175e-20 -3.317e-20 1.8184e-19 1.50463e-36 0 1.20371e-35
178000 -1.96175e-20 -3.317e-20 1.8184e-19 1.50463e-36 0 -1.20371e-35
179000 -1.96175e-20 -3.317e-20 1.8184e-19 -1.50463e-36 6.01853e-36 1.20371e-35
180000 -1.96175e-20 -3.317e-20 1.8184e-19 0 -6.01853e-36 0
181000 -1.96175e-20 -3.317e-20 1.8184e-19 -3.00927e-36 -6.01853e-36 0
182000 -1.96175e-20 -3.317e-20 1.8184e-19 1.50463e-36 0 1.20371e-35
183000 -1.96175e-20 -3.317e-20 1.8184e-19 -1.50463e-36 0 0
184000 -1.96175e-20 -3.317e-20 1.8184e-19 1.50463e-36 6.01853e-36 0
185000 -1.96175e-20 -3.317e-20 1.8184e-19 -1.50463e-36 -6.01853e-36 0
186000 -1.96175e-20 -3.317e-20 1.8184e-19 -3.00927e-36 -6.01853e-36 1.20371e-35
187000 -1.96175e-20 -3.317e-20 1.8184e-19 1.50463e-36 6.01853e-36 -1.80556e-35
188000 -1.96175e-20 -3.317e-20 1.8184e-19 -3.00927e-36 0 0
189000 -1.96175e-20 -3.317e-20 1.8184e-19 1.50463e-36 0 0
190000 -1.96175e-20 -3.317e-20 1.8184e-19 0 6.01853e-36 0
191000 -1.96175e-20 -3.317e-20 1.8184e-19 0 -6.01853e-36 0
192000 -1.96175e-20 -3.317e-20 1.8184e-19 1.50463e-36 6.01853e-36 1.20371e-35
193000 -1.96175e-20 -3.317e-20 1.8184e-19 1.50463e-36 -6.01853e-36 0
194000 -1.96175e-20 -3.317e-20 1.8184e-19 3.00927e-36 6.01853e-36 0
195000 -1.96175e-20 -3.317e-20 1.8184e-19 -3.00927e-36 -6.01853e-36 1.20371e-35
196000 -1.96175e-20 -3.317e-20 1.8184e-19 1.50463e-36 1.20371e-35 -6.01853e-36
197000 -1.96175e-20 -3.317e-20 1.8184e-19 1.50463e-36 -1.20371e-35 0
198000 -1.96175e-20 -3.317e-20 1.8184e-19 1.50463e-36 6.01853e-36 -6.01853e-36
199000 -1.96175e-20 -3.317e-20 1.8184e-19 0 1.20371e-35 -6.01853e-36
200000 -1.96175e-20 -3.317e-20 1.8184e-19 -1.50463e-36 6.01853e-36 6.01853e-36
200100 -1.96175e-20 -3.317e-20 1.8184e-19 6.01853e-36 -6.01853e-36 -1.20371e-35
200200 -1.96175e-20 -3.317e-20 1.8184e-19 3.00927e-36 -6.01853e-36 -1.20371e-35
200300 -1.96175e-20 -3.317e-20 1.8184e-19 1.50463e-36 -1.20371e-35 -1.20371e-35
200400 -1.96175e-20 -3.317e-20 1.8184e-19 4.5139e-36 -1.80556e-35 0
200500 -1.96175e-20 -3.317e-20 1.8184e-19 1.50463e-36 -6.01853e-36 -2.40741e-35
200600 -1.96175e-20 -3.317e-20 1.8184e-19 3.00927e-36 -6.01853e-36 6.01853e-36
200700 -1.96175e-20 -3.317e-20 1.8184e-19 4.5139e-36 0 -1.80556e-35
200800 -1.96175e-20 -3.317e-20 1.8184e-19 3.00927e-36 -6.01853e-36 6.01853e-36
200900 -1.96175e-20 -3.317e-20 1.8184e-19 3.00927e-36 -6.01853e-36 -6.01853e-36
201000 -1.96175e-20 -3.317e-20 1.8184e-19 7.52316e-36 -6.01853e-36 -6.01853e-36
201100 -1.96175e-20 -3.317e-20 1.8184e-19 3.00927e-36 0 6.01853e-36
201200 -1.96175e-20 -3.317e-20 1.8184e-19 7.52316e-36 -6.01853e-36 -1.80556e-35
201300 -1.96175e-20 -3.317e-20 1.8184e-19 7.52316e-36 0 -6.01853e-36
201400 -1.96175e-20 -3.317e-20 1.8184e-19 3.00927e-36 -6.01853e-36 -1.20371e-35
201500 -1.96175e-20 -3.317e-20 1.8184e-19 9.0278e-36 -1.80556e-35 -6.01853e-36
201600 -1.96175e-20 -3.317e-20 1.8184e-19 7.52316e-36 -2.40741e-35 -6.01853e-36
201700 -1.96175e-20 -3.317e-20 1.8184e-19 6.01853e-36 -1.20371e-35 -1.80556e-35
201800 -1.96175e-20 -3.317e-20 1.8184e-19 3.00927e-36 0 -6.01853e-36
201900 -1.96175e-20 -3.317e-20 1.8184e-19 7.52316e-36 0 -1.20371e-35
202000 -1.96175e-20 -3.317e-20 1.8184e-19 7.52316e-36 0 -1.20371e-35
202100 -1.96175e-20 -3.317e-20 1.8184e-19 6.01853e-36 -6.01853e-36 -1.20371e-35
202200 -1.96175e-20 -3.317e-20 1.8184e-19 6.01853e-36 -6.01853e-36 -1.20371e-35
202300 -1.96175e-20 -3.317e-20 1.8184e-19 7.52316e-36 -1.80556e-35 -1.80556e-35
202400 -1.96175e-20 -3.317e-20 1.8184e-19 6.01853e-36 -1.20371e-35 0
202500 -1.96175e-20 -3.317e-20 1.8184e-19 4.5139e-36 -1.20371e-35 -2.40741e-35
202600 -1.96175e-20 -3.317e-20 1.8184e-19 4.5139e-36 -6.01853e-36 0
202700 -1.96175e-20 -3.317e-20 1.8184e-19 0 -6.01853e-36 0
202800 -1.96175e-20 -3.317e-20 1.8184e-19 4.5139e-36 -1.20371e-35 -6.01853e-36
202900 -1.96175e-20 -3.317e-20 1.8184e-19 9.0278e-36 -1.20371e-35 -1.20371e-35
203000 -1.96175e-20 -3.317e-20 1.8184e-19 7.52316e-36 -6.01853e-36 -1.20371e-35
203100 -1.96175e-20 -3.317e-20 1.8184e-19 0 -1.20371e-35 0
203200 -1.96175e-20 -3.317e-20 1.8184e-19 4.5139e-36 -1.20371e-35 -2.40741e-35
203300 -1.96175e-20 -3.317e-20 1.8184e-19 1.50463e-36 -6.01853e-36 -6.01853e-36
203400 -1.96175e-20 -3.317e-20 1.8184e-19 0 -1.20371e-35 -1.20371e-35
203500 -1.96175e-20 -3.317e-20 1.8184e-19 6.01853e-36 -1.20371e-35 -6.01853e-36
203600 -1.96175e-20 -3.317e-20 1.8184e-19 7.52316e-36 -1.80556e-35 0
203700 -1.96175e-20 -3.317e-20 1.8184e-19 3.00927e-36 -6.01853e-36 0
203800 -1.96175e-20 -3.317e-20 1.8184e-19 1.50463e-36 -1.20371e-35 -1.20371e-35
203900 -1.96175e-20 -3.317e-20 1.8184e-19 6.01853e-36 -1.20371e-35 -6.01853e-36
204000 -1.96175e-20 -3.317e-20 1.8184e-19 6.01853e-36 -1.20371e-35 -6.01853e-36
204100 -1.96175e-20 -3.317e-20 1.8184e-19 3.00927e-36 0 -6.01853e-36
204200 -1.96175e-20 -3.317e-20 1.8184e-19 4.5139e-36 0 6.01853e-36
204300 -1.96175e-20 -3.317e-20 1.8184e-19 1.50463e-36 -1.20371e-35 -1.80556e-35
204400 -1.96175e-20 -3.317e-20 1.8184e-19 4.5139e-36 -1.20371e-35 6.01853e-36
204500 -1.96175e-20 -3.317e-20 1.8184e-19 4.5139e-36 0 -2.40741e-35
204600 -1.96175e-20 -3.317e-20 1.8184e-19 4.5139e-36 -6.01853e-36 -1.20371e-35
204700 -1.96175e-20 -3.317e-20 1.8184e-19 1.50463e-36 0 0
204800 -1.96175e-20 -3.317e-20 1.8184e-19 4.5139e-36 -1.20371e-35 -1.20371e-35
204900 -1.96175e-20 -3.317e-20 1.8184e-19 4.5139e-36 -6.01853e-36 -6.01853e-36
205000 -1.96175e-20 -3.317e-20 1.8184e-19 1.50463e-36 -6.01853e-36 -1.20371e-35
205100 -1.96175e-20 -3.317e-20 1.8184e-19 3.00927e-36 -6.01853e-36 -6.01853e-36
205200 -1.96175e-20 -3.317e-20 1.8184e-19 9.0278e-36 -1.20371e-35 -6.01853e-36
205300 -1.96175e-20 -3.317e-20 1.8184e-19 4.5139e-36 -1.20371e-35 0
205400 -1.96175e-20 -3.317e-20 1.8184e-19 3.00927e-36 -1.20371e-35 -1.20371e-35
205500 -1.96175e-20 -3.317e-20 1.8184e-19 6.01853e-36 -1.20371e-35 -1.20371e-35
205600 -1.96175e-20 -3.317e-20 1.8184e-19 6.01853e-36 -1.20371e-35 -1.20371e-35
205700 -1.96175e-20 -3.317e-20 1.8184e-19 4.5139e-36 -1.20371e-35 -1.20371e-35
205800 -1.96175e-20 -3.317e-20 1.8184e-19 4.5139e-36 -1.80556e-35 -1.80556e-35
205900 -1.96175e-20 -3.317e-20 1.8184e-19 9.0278e-36 -1.20371e-35 -1.20371e-35
206000 -1.96175e-20 -3.317e-20 1.8184e-19 1.50463e-36 0 0
206100 -1.96175e-20 -3.317e-20 1.8184e-19 3.00927e-36 -6.01853e-36 -1.20371e-35
206200 -1.96175e-20 -3.317e-20 1.8184e-19 6.01853e-36 -1.20371e-35 -6.01853e-36
206300 -1.96175e-20 -3.317e-20 1.8184e-19 6.01853e-36 -6.01853e-36 -1.20371e-35
206400 -1.96175e-20 -3.317e-20 1.8184e-19 4.5139e-36 -1.20371e-35 -1.80556e-35
206500 -1.96175e-20 -3.317e-20 1.8184e-19 6.01853e-36 -1.20371e-35 -1.80556e-35
206600 -1.96175e-20 -3.317e-20 1.8184e-19 4.5139e-36 -1.20371e-35 -1.80556e-35
206700 -1.96175e-20 -3.317e-20 1.8184e-19 4.5139e-36 -6.01853e-36 -6.01853e-36
206800 -1.96175e-20 -3.317e-20 1.8184e-19 4.5139e-36 -1.20371e-35 -1.80556e-35
206900 -1.96175e-20 -3.317e-20 1.8184e-19 4.5139e-36 -1.20371e-35 -1.80556e-35
207000 -1.96175e-20 -3.317e-20 1.8184e-19 6.01853e-36 0 -6.01853e-36
207100 -1.96175e-20 -3.317e-20 1.8184e-19 3.00927e-36 -6.01853e-36 0
207200 -1.96175e-20 -3.317e-20 1.8184e-19 3.00927e-36 -1.80556e-35 -6.01853e-36
207300 -1.96175e-20 -3.317e-20 1.8184e-19 1.50463e-36 -6.01853e-36 6.01853e-36
207400 -1.96175e-20 -3.317e-20 1.8184e-19 6.01853e-36 -6.01853e-36 -1.20371e-35
207500 -1.96175e-20 -3.317e-20 1.8184e-19 1.50463e-36 -6.01853e-36 6.01853e-36
207600 -1.96175e-20 -3.317e-20 1.8184e-19 6.01853e-36 6.01853e-36 -1.20371e-35
207700 -1.96175e-20 -3.317e-20 1.8184e-19 4.5139e-36 -1.20371e-35 0
207800 -1.96175e-20 -3.317e-20 1.8184e-19 3.00927e-36 -1.20371e-35 -1.20371e-35
207900 -1.96175e-20 -3.317e-20 1.8184e-19 7.52316e-36 -1.20371e-35 0
208000 -1.96175e-20 -3.317e-20 1.8184e-19 4.5139e-36 -1.20371e-35 -1.20371e-35
208100 -1.96175e-20 -3.317e-20 1.8184e-19 7.52316e-36 -1.20371e-35 0
208200 -1.96175e-20 -3.317e-20 1.8184e-19 7.52316e-36 -1.20371e-35 0
208300 -1.96175e-20 -3.317e-20 1.8184e-19 4.5139e-36 -1.20371e-35 0
208400 -1.96175e-20 -3.317e-20 1.8184e-19 4.5139e-36 -6.01853e-36 0
208500 -1.96175e-20 -3.317e-20 1.8184e-19 6.01853e-36 -1.20371e-35 -2.40741e-35
208600 -1.96175e-20 -3.317e-20 1.8184e-19 7.52316e-36 -1.20371e-35 0
208700 -1.96175e-20 -3.317e-20 1.8184e-19 7.52316e-36 -1.20371e-35 0
208800 -1.96175e-20 -3.317e-20 1.8184e-19 6.01853e-36 -1.20371e-35 0
208900 -1.96175e-20 -3.317e-20 1.8184e-19 6.01853e-36 -6.01853e-36 -1.20371e-35
209000 -1.96175e-20 -3.317e-20 1.8184e-19 4.5139e-36 -1.20371e-35 -1.20371e-35
209100 -1.96175e-20 -3.317e-20 1.8184e-19 9.0278e-36 -1.20371e-35 0
209200 -1.96175e-20 -3.317e-20 1.8184e-19 9.0278e-36 -1.20371e-35 -1.20371e-35
209300 -1.96175e-20 -3.317e-20 1.8184e-19 7.52316e-36 -6.01853e-36 -1.20371e-35
209400 -1.96175e-20 -3.317e-20 1.8184e-19 3.00927e-36 -1.20371e-35 0
209500 -1.96175e-20 -3.317e-20 1.8184e-19 7.52316e-36 -6.01853e-36 -1.20371e-35
209600 -1.96175e-20 -3.317e-20 1.8184e-19 6.01853e-36 -1.20371e-35 -1.20371e-35
209700 -1.96175e-20 -3.317e-20 1.8184e-19 6.01853e-36 -6.01853e-36 -1.20371e-35
209800 -1.96175e-20 -3.317e-20 1.8184e-19 4.5139e-36 -1.20371e-35 0
209900 -1.96175e-20 -3.317e-20 1.8184e-19 4.5139e-36 -6.01853e-36 0
210000 -1.96175e-20 -3.317e-20 1.8184e-19 4.5139e-36 -6.01853e-36 -1.20371e-35
211000 -1.96175e-20 -3.317e-20 1.8184e-19 4.5139e-36 -6.01853e-36 0
212000 -1.96175e-20 -3.317e-20 1.8184e-19 4.5139e-36 -6.01853e-36 -1.20371e-35
213000 -1.96175e-20 -3.317e-20 1.8184e-19 3.00927e-36 -1.20371e-35 -1.20371e-35
214000 -1.96175e-20 -3.317e-20 1.8184e-19 7.52316e-36 -1.20371e-35 0
215000 -1.96175e-20 -3.317e-20 1.8184e-19 4.5139e-36 -6.01853e-36 0
216000 -1.96175e-20 -3.317e-20 1.8184e-19 7.52316e-36 -6.01853e-36 0
217000 -1.96175e-20 -3.317e-20 1.8184e-19 3.00927e-36 -1.20371e-35 -1.20371e-35
218000 -1.96175e-20 -3.317e-20 1.8184e-19 6.01853e-36 -6.01853e-36 -1.20371e-35
219000 -1.96175e-20 -3.317e-20 1.8184e-19 4.5139e-36 -1.20371e-35 0
220000 -1.96175e-20 -3.317e-20 1.8184e-19 7.52316e-36 -6.01853e-36 -1.20371e-35
221000 -1.96175e-20 -3.317e-20 1.8184e-19 6.01853e-36 -6.01853e-36 0
222000 -1.96175e-20 -3.317e-20 1.8184e-19 6.01853e-36 -1.20371e-35 -1.20371e-35
223000 -1.96175e-20 -3.317e-20 1.8184e-19 6.01853e-36 -6.01853e-36 0
224000 -1.96175e-20 -3.317e-20 1.8184e-19 1.50463e-36 -1.20371e-35 0
225000 -1.96175e-20 -3.317e-20 1.8184e-19 9.0278e-36 -1.20371e-35 -1.20371e-35
226000 -1.96175e-20 -3.317e-20 1.8184e-19 6.01853e-36 -6.01853e-36 -1.20371e-35
227000 -1.96175e-20 -3.317e-20 1.8184e-19 6.01853e-36 -1.80556e-35 0
228000 -1.96175e-20 -3.317e-20 1.8184e-19 4.5139e-36 -1.80556e-35 0
229000 -1.96175e-20 -3.317e-20 1.8184e-19 1.50463e-36 -6.01853e-36 -6.01853e-36
230000 -1.96175e-20 -3.317e-20 1.8184e-19 3.00927e-36 -6.01853e-36 -1.20371e-35
231000 -1.96175e-20 -3.317e-20 1.8184e-19 1.50463e-36 -1.20371e-35 -6.01853e-36
232000 -1.96175e-20 -3.317e-20 1.8184e-19 3.00927e-36 -1.80556e-35 -1.20371e-35
233000 -1.96175e-20 -3.317e-20 1.8184e-19 4.5139e-36 -1.20371e-35 0
234000 -1.96175e-20 -3.317e-20 1.8184e-19 7.52316e-36 -1.20371e-35 -1.20371e-35
235000 -1.96175e-20 -3.317e-20 1.8184e-19 1.50463e-36 -1.20371e-35 -1.20371e-35
236000 -1.96175e-20 -3.317e-20 1.8184e-19 6.01853e-36 -1.20371e-35 0
237000 -1.96175e-20 -3.317e-20 1.8184e-19 4.5139e-36 -6.01853e-36 -6.01853e-36
238000 -1.96175e-20 -3.317e-20 1.8184e-19 4.5139e-36 -6.01853e-36 -1.80556e-35
239000 -1.96175e-20 -3.317e-20 1.8184e-19 3.00927e-36 -1.20371e-35 6.01853e-36
240000 -1.96175e-20 -3.317e-20 1.8184e-19 1.50463e-36 6.01853e-36 -1.80556e-35
241000 -1.96175e-20 -3.317e-20 1.8184e-19 1.50463e-36 -6.01853e-36 6.01853e-36
242000 -1.96175e-20 -3.317e-20 1.8184e-19 -1.50463e-36 -6.01853e-36 -6.01853e-36
243000 -1.96175e-20 -3.317e-20 1.8184e-19 0 -1.20371e-35 6.01853e-36
244000 -1.96175e-20 -3.317e-20 1.8184e-19 1.50463e-36 -1.20371e-35 6.01853e-36
245000 -1.96175e-20 -3.317e-20 1.8184e-19 3.00927e-36 -1.20371e-35 -6.01853e-36
246000 -1.96175e-20 -3.317e-20 1.8184e-19 0 -1.20371e-35 0
247000 -1.96175e-20 -3.317e-20 1.8184e-19 3.00927e-36 -6.01853e-36 -1.20371e-35
248000 -1.96175e-20 -3.317e-20 1.8184e-19 1.50463e-36 -6.01853e-36 0
249000 -1.96175e-20 -3.317e-20 1.8184e-19 0 0 -6.01853e-36
250000 -1.96175e-20 -3.317e-20 1.8184e-19 1.50463e-36 6.01853e-36 -6.01853e-36
251000 -1.96175e-20 -3.317e-20 1.8184e-19 0 6.01853e-36 -6.01853e-36
252000 -1.96175e-20 -3.317e-20 1.8184e-19 4.5139e-36 0 -6.01853e-36
253000 -1.96175e-20 -3.317e-20 1.8184e-19 1.50463e-36 1.20371e-35 -6.01853e-36
254000 -1.96175e-20 -3.317e-20 1.8184e-19 6.01853e-36 6.01853e-36 -6.01853e-36
255000 -1.96175e-20 -3.317e-20 1.8184e-19 3.00927e-36 0 -6.01853e-36
256000 -1.96175e-20 -3.317e-20 1.8184e-19 0 6.01853e-36 -6.01853e-36
257000 -1.96175e-20 -3.317e-20 1.8184e-19 1.50463e-36 6.01853e-36 -6.01853e-36
258000 -1.96175e-20 -3.317e-20 1.8184e-19 1.50463e-36 1.20371e-35 -6.01853e-36
259000 -1.96175e-20 -3.317e-20 1.8184e-19 4.5139e-36 6.01853e-36 -6.01853e-36
260000 -1.96175e-20 -3.317e-20 1.8184e-19 1.50463e-36 6.01853e-36 -6.01853e-36
261000 -1.96175e-20 -3.317e-20 1.8184e-19 -1.50463e-36 6.01853e-36 -6.01853e-36
262000 -1.96175e-20 -3.317e-20 1.8184e-19 4.5139e-36 6.01853e-36 -6.01853e-36
263000 -1.96175e-20 -3.317e-20 1.8184e-19 0 0 -6.01853e-36
264000 -1.96175e-20 -3.317e-20 1.8184e-19 1.50463e-36 0 -6.01853e-36
265000 -1.96175e-20 -3.317e-20 1.8184e-19 0 0 -6.01853e-36
266000 -1.96175e-20 -3.317e-20 1.8184e-19 1.50463e-36 6.01853e-36 -6.01853e-36
267000 -1.96175e-20 -3.317e-20 1.8184e-19 -3.00927e-36 0 -6.01853e-36
268000 -1.96175e-20 -3.317e-20 1.8184e-19 1.50463e-36 0 -6.01853e-36
269000 -1.96175e-20 -3.317e-20 1.8184e-19 6.01853e-36 0 6.01853e-36
270000 -1.96175e-20 -3.317e-20 1.8184e-19 4.5139e-36 -1.80556e-35 0
271000 -1.96175e-20 -3.317e-20 1.8184e-19 -1.50463e-36 -6.01853e-36 -1.20371e-35
272000 -1.96175e-20 -3.317e-20 1.8184e-19 -1.50463e-36 0 -1.20371e-35
273000 -1.96175e-20 -3.317e-20 1.8184e-19 0 -1.20371e-35 -6.01853e-36
274000 -1.96175e-20 -3.317e-20 1.8184e-19 0 -2.40741e-35 6.01853e-36
275000 -1.96175e-20 -3.317e-20 1.8184e-19 3.00927e-36 -1.20371e-35 -6.01853e-36
276000 -1.96175e-20 -3.317e-20 1.8184e-19 -1.50463e-36 -6.01853e-36 -1.80556e-35
277000 -1.96175e-20 -3.317e-20 1.8184e-19 3.00927e-36 0 6.01853e-36
278000 -1.96175e-20 -3.317e-20 1.8184e-19 0 -6.01853e-36 -6.01853e-36
279000 -1.96175e-20 -3.317e-20 1.8184e-19 6.01853e-36 -2.40741e-35 -6.01853e-36
280000 -1.96175e-20 -3.317e-20 1.8184e-19 0 6.01853e-36 0
281000 -1.96175e-20 -3.317e-20 1.8184e-19 4.5139e-36 -6.01853e-36 -1.20371e-35
282000 -1.96175e-20 -3.317e-20 1.8184e-19 1.50463e-36 -1.80556e-35 6.01853e-36
283000 -1.96175e-20 -3.317e-20 1.8184e-19 3.00927e-36 6.01853e-36 -1.20371e-35
284000 -1.96175e-20 -3.317e-20 1.8184e-19 3.00927e-36 0 0
285000 -1.96175e-20 -3.317e-20 1.8184e-19 1.50463e-36 -6.01853e-36 -1.20371e-35
286000 -1.96175e-20 -3.317e-20 1.8184e-19 1.50463e-36 -1.20371e-35 0
287000 -1.96175e-20 -3.317e-20 1.8184e-19 1.50463e-36 -6.01853e-36 -1.20371e-35
288000 -1.96175e-20 -3.317e-20 1.8184e-19 3.00927e-36 0 0
289000 -1.96175e-20 -3.317e-20 1.8184e-19 3.00927e-36 -1.80556e-35 0
290000 -1.96175e-20 -3.317e-20 1.8184e-19 1.50463e-36 -1.20371e-35 -6.01853e-36
291000 -1.96175e-20 -3.317e-20 1.8184e-19 1.50463e-36 -6.01853e-36 -1.80556e-35
292000 -1.96175e-20 -3.317e-20 1.8184e-19 0 -1.80556e-35 -1.20371e-35
293000 -1.96175e-20 -3.317e-20 1.8184e-19 1.50463e-36 -1.20371e-35 0
294000 -1.96175e-20 -3.317e-20 1.8184e-19 6.01853e-36 -6.01853e-36 -1.20371e-35
295000 -1.96175e-20 -3.317e-20 1.8184e-19 4.5139e-36 -6.01853e-36 1.20371e-35
296000 -1.96175e-20 -3.317e-20 1.8184e-19 4.5139e-36 -1.20371e-35 1.20371e-35
297000 -1.96175e-20 -3.317e-20 1.8184e-19 1.50463e-36 -1.20371e-35 1.20371e-35
298000 -1.96175e-20 -3.317e-20 1.8184e-19 4.5139e-36 -6.01853e-36 -1.20371e-35
299000 -1.96175e-20 -3.317e-20 1.8184e-19 7.52316e-36 -6.01853e-36 -1.20371e-35
300000 -1.96175e-20 -3.317e-20 1.8184e-19 6.01853e-36 -1.20371e-35 -1.80556e-35
301000 -1.96175e-20 -3.317e-20 1.8184e-19 1.50463e-36 -1.20371e-35 6.01853e-36
302000 -1.96175e-20 -3.317e-20 1.8184e-19 9.0278e-36 -1.20371e-35 -1.20371e-35
303000 -1.96175e-20 -3.317e-20 1.8184e-19 3.00927e-36 -6.01853e-36 -6.01853e-36
304000 -1.96175e-20 -3.317e-20 1.8184e-19 9.0278e-36 -1.20371e-35 0
305000 -1.96175e-20 -3.317e-20 1.8184e-19 6.01853e-36 -1.80556e-35 0
306000 -1.96175e-20 -3.317e-20 1.8184e-19 1.05324e-35 -1.20371e-35 0
307000 -1.96175e-20 -3.317e-20 1.8184e-19 9.0278e-36 -6.01853e-36 -6.01853e-36
308000 -1.96175e-20 -3.317e-20 1.8184e-19 6.01853e-36 -1.20371e-35 -6.01853e-36
309000 -1.96175e-20 -3.317e-20 1.8184e-19 0 0 0
310000 -1.96175e-20 -3.317e-20 1.8184e-19 4.5139e-36 -6.01853e-36 -6.01853e-36
311000 -1.96175e-20 -3.317e-20 1.8184e-19 4.5139e-36 -1.20371e-35 6.01853e-36
312000 -1.96175e-20 -3.317e-20 1.8184e-19 4.5139e-36 0 -6.01853e-36
313000 -1.96175e-20 -3.317e-20 1.8184e-19 6.01853e-36 -1.20371e-35 -6.01853e-36
314000 -1.96175e-20 -3.317e-20 1.8184e-19 6.01853e-36 -1.20371e-35 -1.20371e-35
315000 -1.96175e-20 -3.317e-20 1.8184e-19 4.5139e-36 -6.01853e-36 -6.01853e-36
316000 -1.96175e-20 -3.317e-20 1.8184e-19 3.00927e-36 0 -1.20371e-35
317000 -1.96175e-20 -3.317e-20 1.8184e-19 4.5139e-36 -6.01853e-36 -1.80556e-35
318000 -1.96175e-20 -3.317e-20 1.8184e-19 4.5139e-36 0 -1.20371e-35
319000 -1.96175e-20 -3.317e-20 1.8184e-19 1.50463e-36 -6.01853e-36 -3.00927e-35
320000 -1.96175e-20 -3.317e-20 1.8184e-19 4.5139e-36 -6.01853e-36 -1.20371e-35
321000 -1.96175e-20 -3.317e-20 1.8184e-19 3.00927e-36 -1.80556e-35 -1.20371e-35
322000 -1.96175e-20 -3.317e-20 1.8184e-19 7.52316e-36 -6.01853e-36 -1.20371e-35
323000 -1.96175e-20 -3.317e-20 1.8184e-19 1.50463e-36 -6.01853e-36 -1.20371e-35
324000 -1.96175e-20 -3.317e-20 1.8184e-19 7.52316e-36 -1.20371e-35 -1.20371e-35
325000 -1.96175e-20 -3.317e-20 1.8184e-19 6.01853e-36 -1.20371e-35 -6.01853e-36
326000 -1.96175e-20 -3.317e-20 1.8184e-19 4.5139e-36 -1.20371e-35 -6.01853e-36
327000 -1.96175e-20 -3.317e-20 1.8184e-19 1.50463e-36 -6.01853e-36 -6.01853e-36
328000 -1.96175e-20 -3.317e-20 1.8184e-19 7.52316e-36 -1.20371e-35 -2.40741e-35
329000 -1.96175e-20 -3.317e-20 1.8184e-19 3.00927e-36 -1.20371e-35 -1.80556e-35
330000 -1.96175e-20 -3.317e-20 1.8184e-19 3.00927e-36 -1.80556e-35 -6.01853e-36
331000 -1.96175e-20 -3.317e-20 1.8184e-19 4.5139e-36 -6.01853e-36 -6.01853e-36
332000 -1.96175e-20 -3.317e-20 1.8184e-19 3.00927e-36 -6.01853e-36 -1.80556e-35
333000 -1.96175e-20 -3.317e-20 1.8184e-19 1.50463e-36 -1.20371e-35 0
334000 -1.96175e-20 -3.317e-20 1.8184e-19 4.5139e-36 -6.01853e-36 0
335000 -1.96175e-20 -3.317e-20 1.8184e-19 7.52316e-36 -1.20371e-35 -1.20371e-35
336000 -1.96175e-20 -3.317e-20 1.8184e-19 0 0 -1.20371e-35
337000 -1.96175e-20 -3.317e-20 1.8184e-19 4.5139e-36 -1.80556e-35 -1.20371e-35
338000 -1.96175e-20 -3.317e-20 1.8184e-19 4.5139e-36 -1.20371e-35 0
339000 -1.96175e-20 -3.317e-20 1.8184e-19 6.01853e-36 -1.80556e-35 0
340000 -1.96175e-20 -3.317e-20 1.8184e-19 4.5139e-36 -1.20371e-35 -1.20371e-35
341000 -1.96175e-20 -3.317e-20 1.8184e-19 7.52316e-36 0 -1.20371e-35
342000 -1.96175e-20 -3.317e-20 1.8184e-19 4.5139e-36 -6.01853e-36 -1.80556e-35
343000 -1.96175e-20 -3.317e-20 1.8184e-19 1.50463e-36 -1.20371e-35 0
344000 -1.96175e-20 -3.317e-20 1.8184e-19 6.01853e-36 6.01853e-36 -1.80556e-35
345000 -1.96175e-20 -3.317e-20 1.8184e-19 7.52316e-36 -1.20371e-35 -1.20371e-35
346000 -1.96175e-20 -3.317e-20 1.8184e-19 3.00927e-36 -6.01853e-36 0
347000 -1.96175e-20 -3.317e-20 1.8184e-19 4.5139e-36 -6.01853e-36 -6.01853e-36
348000 -1.96175e-20 -3.317e-20 1.8184e-19 6.01853e-36 -1.20371e-35 -1.20371e-35
349000 -1.96175e-20 -3.317e-20 1.8184e-19 1.50463e-36 -6.01853e-36 0
350000 -1.96175e-20 -3.317e-20 1.8184e-19 1.50463e-36 -6.01853e-36 0
351000 -1.96175e-20 -3.317e-20 1.8184e-19 4.5139e-36 -6.01853e-36 -6.01853e-36
352000 -1.96175e-20 -3.317e-20 1.8184e-19 3.00927e-36 0 0
353000 -1.96175e-20 -3.317e-20 1.8184e-19 4.5139e-36 -1.20371e-35 -1.20371e-35
354000 -1.96175e-20 -3.317e-20 1.8184e-19 4.5139e-36 -6.01853e-36 -6.01853e-36
355000 -1.96175e-20 -3.317e-20 1.8184e-19 9.0278e-36 -2.40741e-35 -1.80556e-35
356000 -1.96175e-20 -3.317e-20 1.8184e-19 3.00927e-36 0 6.01853e-36
357000 -1.96175e-20 -3.317e-20 1.8184e-19 1.50463e-36 0 -1.20371e-35
358000 -1.96175e-20 -3.317e-20 1.8184e-19 4.5139e-36 -1.20371e-35 -1.80556e-35
359000 -1.96175e-20 -3.317e-20 1.8184e-19 3.00927e-36 -6.01853e-36 6.01853e-36
360000 -1.96175e-20 -3.317e-20 1.8184e-19 4.5139e-36 -1.20371e-35 -1.80556e-35
361000 -1.96175e-20 -3.317e-20 1.8184e-19 3.00927e-36 -6.01853e-36 -6.01853e-36
362000 -1.96175e-20 -3.317e-20 1.8184e-19 1.05324e-35 -1.80556e-35 -2.40741e-35
363000 -1.96175e-20 -3.317e-20 1.8184e-19 4.5139e-36 -1.80556e-35 -6.01853e-36
364000 -1.96175e-20 -3.317e-20 1.8184e-19 1.50463e-36 -6.01853e-36 -1.20371e-35
365000 -1.96175e-20 -3.317e-20 1.8184e-19 3.00927e-36 -6.01853e-36 0
366000 -1.96175e-20 -3.317e-20 1.8184e-19 4.5139e-36 -1.20371e-35 0
367000 -1.96175e-20 -3.317e-20 1.8184e-19 6.01853e-36 -6.01853e-36 0
368000 -1.96175e-20 -3.317e-20 1.8184e-19 1.50463e-36 -1.20371e-35 -1.20371e-35
369000 -1.96175e-20 -3.317e-20 1.8184e-19 4.5139e-36 -6.01853e-36 -6.01853e-36
370000 -1.96175e-20 -3.317e-20 1.8184e-19 4.5139e-36 -1.80556e-35 -1.20371e-35
371000 -1.96175e-20 -3.317e-20 1.8184e-19 4.5139e-36 -1.20371e-35 -6.01853e-36
372000 -1.96175e-20 -3.317e-20 1.8184e-19 4.5139e-36 -1.20371e-35 -6.01853e-36
373000 -1.96175e-20 -3.317e-20 1.8184e-19 3.00927e-36 -6.01853e-36 -6.01853e-36
374000 -1.96175e-20 -3.317e-20 1.8184e-19 3.00927e-36 -6.01853e-36 -6.01853e-36
375000 -1.96175e-20 -3.317e-20 1.8184e-19 6.01853e-36 -1.80556e-35 -6.01853e-36
376000 -1.96175e-20 -3.317e-20 1.8184e-19 1.50463e-36 0 0
377000 -1.96175e-20 -3.317e-20 1.8184e-19 6.01853e-36 -1.20371e-35 -1.20371e-35
378000 -1.96175e-20 -3.317e-20 1.8184e-19 6.01853e-36 -6.01853e-36 0
379000 -1.96175e-20 -3.317e-20 1.8184e-19 0 0 -1.80556e-35
380000 -1.96175e-20 -3.317e-20 1.8184e-19 7.52316e-36 -1.20371e-35 -6.01853e-36
381000 -1.96175e-20 -3.317e-20 1.8184e-19 3.00927e-36 -1.20371e-35 -1.20371e-35
382000 -1.96175e-20 -3.317e-20 1.8184e-19 4.5139e-36 -6.01853e-36 0
383000 -1.96175e-20 -3.317e-20 1.8184e-19 7.52316e-36 -6.01853e-36 1.20371e-35
384000 -1.96175e-20 -3.317e-20 1.8184e-19 -1.50463e-36 0 -1.20371e-35
385000 -1.96175e-20 -3.317e-20 1.8184e-19 7.52316e-36 -6.01853e-36 -1.20371e-35
386000 -1.96175e-20 -3.317e-20 1.8184e-19 4.5139e-36 -1.20371e-35 -1.20371e-35
387000 -1.96175e-20 -3.317e-20 1.8184e-19 1.50463e-36 0 -1.20371e-35
388000 -1.96175e-20 -3.317e-20 1.8184e-19 4.5139e-36 -1.80556e-35 -6.01853e-36
389000 -1.96175e-20 -3.317e-20 1.8184e-19 4.5139e-36 -6.01853e-36 -2.40741e-35
390000 -1.96175e-20 -3.317e-20 1.8184e-19 6.01853e-36 -6.01853e-36 -1.20371e-35
391000 -1.96175e-20 -3.317e-20 1.8184e-19 0 -6.01853e-36 -1.20371e-35
392000 -1.96175e-20 -3.317e-20 1.8184e-19 3.00927e-36 -1.20371e-35 -1.80556e-35
393000 -1.96175e-20 -3.317e-20 1.8184e-19 6.01853e-36 -6.01853e-36 -1.20371e-35
394000 -1.96175e-20 -3.317e-20 1.8184e-19 3.00927e-36 -6.01853e-36 -1.20371e-35
395000 -1.96175e-20 -3.317e-20 1.8184e-19 -1.50463e-36 -1.80556e-35 -6.01853e-36
396000 -1.96175e-20 -3.317e-20 1.8184e-19 6.01853e-36 -1.20371e-35 -1.20371e-35
397000 -1.96175e-20 -3.317e-20 1.8184e-19 1.50463e-36 -6.01853e-36 0
398000 -1.96175e-20 -3.317e-20 1.8184e-19 3.00927e-36 -6.01853e-36 -1.20371e-35
399000 -1.96175e-20 -3.317e-20 1.8184e-19 7.52316e-36 -6.01853e-36 -1.20371e-35
400000 -1.96175e-20 -3.317e-20 1.8184e-19 4.5139e-36 -1.20371e-35 -6.01853e-36
401000 -1.96175e-20 -3.317e-20 1.8184e-19 7.52316e-36 -6.01853e-36 -2.40741e-35
402000 -1.96175e-20 -3.317e-20 1.8184e-19 6.01853e-36 -6.01853e-36 -1.20371e-35
403000 -1.96175e-20 -3.317e-20 1.8184e-19 3.00927e-36 -1.80556e-35 -1.20371e-35
404000 -1.96175e-20 -3.317e-20 1.8184e-19 6.01853e-36 -6.01853e-36 -1.20371e-35
405000 -1.96175e-20 -3.317e-20 1.8184e-19 3.00927e-36 -6.01853e-36 -2.40741e-35
406000 -1.96175e-20 -3.317e-20 1.8184e-19 4.5139e-36 0 -1.20371e-35
407000 -1.96175e-20 -3.317e-20 1.8184e-19 6.01853e-36 -1.20371e-35 -1.80556e-35
408000 -1.96175e-20 -3.317e-20 1.8184e-19 6.01853e-36 -1.20371e-35 -2.40741e-35
409000 -1.96175e-20 -3.317e-20 1.8184e-19 3.00927e-36 -1.20371e-35 0
410000 -1.96175e-20 -3.317e-20 1.8184e-19 4.5139e-36 0 -1.20371e-35
