1000 0 -0.000329263 0.0003
2000 0 -0.000329805 0.0003
3000 0 -0.000329671 0.0003
4000 0 -0.00032967 0.0003
5000 0 -0.00032967 0.0003
6000 0 -0.00032967 0.0003
7000 0 -0.00032967 0.0003
8000 0 -0.00032967 0.0003
9000 0 -0.00032967 0.0003
10000 0 -0.00032967 0.0003
11000 0 -0.00032967 0.0003
12000 0 -0.00032967 0.0003
13000 0 -0.00032967 0.0003
14000 0 -0.00032967 0.0003
15000 0 -0.00032967 0.0003
16000 0 -0.00032967 0.0003
17000 0 -0.00032967 0.0003
18000 0 -0.00032967 0.0003
19000 0 -0.00032967 0.0003
20000 0 -0.00032967 0.0003
21000 0 -0.00032967 0.0003
22000 0 -0.00032967 0.0003
23000 0 -0.00032967 0.0003
24000 0 -0.00032967 0.0003
25000 0 -0.00032967 0.0003
26000 0 -0.00032967 0.0003
27000 0 -0.00032967 0.0003
28000 0 -0.00032967 0.0003
29000 0 -0.00032967 0.0003
30000 0 -0.00032967 0.0003
31000 0 -0.00032967 0.0003
32000 0 -0.00032967 0.0003
33000 0 -0.00032967 0.0003
34000 0 -0.00032967 0.0003
35000 0 -0.00032967 0.0003
36000 0 -0.00032967 0.0003
37000 0 -0.00032967 0.0003
38000 0 -0.00032967 0.0003
39000 0 -0.00032967 0.0003
40000 0 -0.00032967 0.0003
41000 0 -0.00032967 0.0003
42000 0 -0.00032967 0.0003
43000 0 -0.00032967 0.0003
44000 0 -0.00032967 0.0003
45000 0 -0.00032967 0.0003
46000 0 -0.00032967 0.0003
47000 0 -0.00032967 0.0003
48000 0 -0.00032967 0.0003
49000 0 -0.00032967 0.0003
50000 0 -0.00032967 0.0003
51000 0 -0.00032967 0.0003
52000 0 -0.00032967 0.0003
53000 0 -0.00032967 0.0003
54000 0 -0.00032967 0.0003
55000 0 -0.00032967 0.0003
56000 0 -0.00032967 0.0003
57000 0 -0.00032967 0.0003
58000 0 -0.00032967 0.0003
59000 0 -0.00032967 0.0003
60000 0 -0.00032967 0.0003
61000 0 -0.00032967 0.0003
62000 0 -0.00032967 0.0003
63000 0 -0.00032967 0.0003
64000 0 -0.00032967 0.0003
65000 0 -0.00032967 0.0003
66000 0 -0.00032967 0.0003
67000 0 -0.00032967 0.0003
68000 0 -0.00032967 0.0003
69000 0 -0.00032967 0.0003
70000 0 -0.00032967 0.0003
71000 0 -0.00032967 0.0003
72000 0 -0.00032967 0.0003
73000 0 -0.00032967 0.0003
74000 0 -0.00032967 0.0003
75000 0 -0.00032967 0.0003
76000 0 -0.00032967 0.0003
77000 0 -0.00032967 0.0003
78000 0 -0.00032967 0.0003
79000 0 -0.00032967 0.0003
80000 0 -0.00032967 0.0003
81000 0 -0.00032967 0.0003
82000 0 -0.00032967 0.0003
83000 0 -0.00032967 0.0003
84000 0 -0.00032967 0.0003
85000 0 -0.00032967 0.0003
86000 0 -0.00032967 0.0003
87000 0 -0.00032967 0.0003
88000 0 -0.00032967 0.0003
89000 0 -0.00032967 0.0003
90000 0 -0.00032967 0.0003
91000 0 -0.00032967 0.0003
92000 0 -0.00032967 0.0003
93000 0 -0.00032967 0.0003
94000 0 -0.00032967 0.0003
95000 0 -0.00032967 0.0003
96000 0 -0.00032967 0.0003
97000 0 -0.00032967 0.0003
98000 0 -0.00032967 0.0003
99000 0 -0.00032967 0.0003
100000 0 -0.00032967 0.0003
101000 0 -0.00032967 0.0003
102000 0 -0.00032967 0.0003
103000 0 -0.00032967 0.0003
104000 0 -0.00032967 0.0003
105000 0 -0.00032967 0.0003
106000 0 -0.00032967 0.0003
107000 0 -0.00032967 0.0003
108000 0 -0.00032967 0.0003
109000 0 -0.00032967 0.0003
110000 0 -0.00032967 0.0003
111000 0 -0.00032967 0.0003
112000 0 -0.00032967 0.0003
113000 0 -0.00032967 0.0003
114000 0 -0.00032967 0.0003
115000 0 -0.00032967 0.0003
116000 0 -0.00032967 0.0003
117000 0 -0.00032967 0.0003
118000 0 -0.00032967 0.0003
119000 0 -0.00032967 0.0003
120000 0 -0.00032967 0.0003
121000 0 -0.00032967 0.0003
122000 0 -0.00032967 0.0003
123000 0 -0.00032967 0.0003
124000 0 -0.00032967 0.0003
125000 0 -0.00032967 0.0003
126000 0 -0.00032967 0.0003
127000 0 -0.00032967 0.0003
128000 0 -0.00032967 0.0003
129000 0 -0.00032967 0.0003
130000 0 -0.00032967 0.0003
131000 0 -0.00032967 0.0003
132000 0 -0.00032967 0.0003
133000 0 -0.00032967 0.0003
134000 0 -0.00032967 0.0003
135000 0 -0.00032967 0.0003
136000 0 -0.00032967 0.0003
137000 0 -0.00032967 0.0003
138000 0 -0.00032967 0.0003
139000 0 -0.00032967 0.0003
140000 0 -0.00032967 0.0003
141000 0 -0.00032967 0.0003
142000 0 -0.00032967 0.0003
143000 0 -0.00032967 0.0003
144000 0 -0.00032967 0.0003
145000 0 -0.00032967 0.0003
146000 0 -0.00032967 0.0003
147000 0 -0.00032967 0.0003
148000 0 -0.00032967 0.0003
149000 0 -0.00032967 0.0003
150000 0 -0.00032967 0.0003
151000 0 -0.00032967 0.0003
152000 0 -0.00032967 0.0003
153000 0 -0.00032967 0.0003
154000 0 -0.00032967 0.0003
155000 0 -0.00032967 0.0003
156000 0 -0.00032967 0.0003
157000 0 -0.00032967 0.0003
158000 0 -0.00032967 0.0003
159000 0 -0.00032967 0.0003
160000 0 -0.00032967 0.0003
161000 0 -0.00032967 0.0003
162000 0 -0.00032967 0.0003
163000 0 -0.00032967 0.0003
164000 0 -0.00032967 0.0003
165000 0 -0.00032967 0.0003
166000 0 -0.00032967 0.0003
167000 0 -0.00032967 0.0003
168000 0 -0.00032967 0.0003
169000 0 -0.00032967 0.0003
170000 0 -0.00032967 0.0003
171000 0 -0.00032967 0.0003
172000 0 -0.00032967 0.0003
173000 0 -0.00032967 0.0003
174000 0 -0.00032967 0.0003
175000 0 -0.00032967 0.0003
176000 0 -0.00032967 0.0003
177000 0 -0.00032967 0.0003
178000 0 -0.00032967 0.0003
179000 0 -0.00032967 0.0003
180000 0 -0.00032967 0.0003
181000 0 -0.00032967 0.0003
182000 0 -0.00032967 0.0003
183000 0 -0.00032967 0.0003
184000 0 -0.00032967 0.0003
185000 0 -0.00032967 0.0003
186000 0 -0.00032967 0.0003
187000 0 -0.00032967 0.0003
188000 0 -0.00032967 0.0003
189000 0 -0.00032967 0.0003
190000 0 -0.00032967 0.0003
191000 0 -0.00032967 0.0003
192000 0 -0.00032967 0.0003
193000 0 -0.00032967 0.0003
194000 0 -0.00032967 0.0003
195000 0 -0.00032967 0.0003
196000 0 -0.00032967 0.0003
197000 0 -0.00032967 0.0003
198000 0 -0.00032967 0.0003
199000 0 -0.00032967 0.0003
200000 0 -0.00032967 0.0003
200100 0 -0.00032967 0.0003
200200 0 -0.00032967 0.0003
200300 0 -0.00032967 0.0003
200400 0 -0.00032967 0.0003
200500 0 -0.00032967 0.0003
200600 0 -0.00032967 0.0003
200700 0 -0.00032967 0.0003
200800 0 -0.00032967 0.0003
200900 0 -0.00032967 0.0003
201000 0 -0.00032967 0.0003
201100 0 -0.00032967 0.0003
201200 0 -0.00032967 0.0003
201300 0 -0.00032967 0.0003
201400 0 -0.00032967 0.0003
201500 0 -0.00032967 0.0003
201600 0 -0.00032967 0.0003
201700 0 -0.00032967 0.0003
201800 0 -0.00032967 0.0003
201900 0 -0.00032967 0.0003
202000 0 -0.00032967 0.0003
202100 0 -0.00032967 0.0003
202200 0 -0.00032967 0.0003
202300 0 -0.00032967 0.0003
202400 0 -0.00032967 0.0003
202500 0 -0.00032967 0.0003
202600 0 -0.00032967 0.0003
202700 0 -0.00032967 0.0003
202800 0 -0.00032967 0.0003
202900 0 -0.00032967 0.0003
203000 0 -0.00032967 0.0003
203100 0 -0.00032967 0.0003
203200 0 -0.00032967 0.0003
203300 0 -0.00032967 0.0003
203400 0 -0.00032967 0.0003
203500 0 -0.00032967 0.0003
203600 0 -0.00032967 0.0003
203700 0 -0.00032967 0.0003
203800 0 -0.00032967 0.0003
203900 0 -0.00032967 0.0003
204000 0 -0.00032967 0.0003
204100 0 -0.00032967 0.0003
204200 0 -0.00032967 0.0003
204300 0 -0.00032967 0.0003
204400 0 -0.00032967 0.0003
204500 0 -0.00032967 0.0003
204600 0 -0.00032967 0.0003
204700 0 -0.00032967 0.0003
204800 0 -0.00032967 0.0003
204900 0 -0.00032967 0.0003
205000 0 -0.00032967 0.0003
205100 0 -0.00032967 0.0003
205200 0 -0.00032967 0.0003
205300 0 -0.00032967 0.0003
205400 0 -0.00032967 0.0003
205500 0 -0.00032967 0.0003
205600 0 -0.00032967 0.0003
205700 0 -0.00032967 0.0003
205800 0 -0.00032967 0.0003
205900 0 -0.00032967 0.0003
206000 0 -0.00032967 0.0003
206100 0 -0.00032967 0.0003
206200 0 -0.00032967 0.0003
206300 0 -0.00032967 0.0003
206400 0 -0.00032967 0.0003
206500 0 -0.00032967 0.0003
206600 0 -0.00032967 0.0003
206700 0 -0.00032967 0.0003
206800 0 -0.00032967 0.0003
206900 0 -0.00032967 0.0003
207000 0 -0.00032967 0.0003
207100 0 -0.00032967 0.0003
207200 0 -0.00032967 0.0003
207300 0 -0.00032967 0.0003
207400 0 -0.00032967 0.0003
207500 0 -0.00032967 0.0003
207600 0 -0.00032967 0.0003
207700 0 -0.00032967 0.0003
207800 0 -0.00032967 0.0003
207900 0 -0.00032967 0.0003
208000 0 -0.00032967 0.0003
208100 0 -0.00032967 0.0003
208200 0 -0.00032967 0.0003
208300 0 -0.00032967 0.0003
208400 0 -0.00032967 0.0003
208500 0 -0.00032967 0.0003
208600 0 -0.00032967 0.0003
208700 0 -0.00032967 0.0003
208800 0 -0.00032967 0.0003
208900 0 -0.00032967 0.0003
209000 0 -0.00032967 0.0003
209100 0 -0.00032967 0.0003
209200 0 -0.00032967 0.0003
209300 0 -0.00032967 0.0003
209400 0 -0.00032967 0.0003
209500 0 -0.00032967 0.0003
209600 0 -0.00032967 0.0003
209700 0 -0.00032967 0.0003
209800 0 -0.00032967 0.0003
209900 0 -0.00032967 0.0003
210000 0 -0.00032967 0.0003
211000 0 -0.00032967 0.0003
212000 0 -0.00032967 0.0003
213000 0 -0.00032967 0.0003
214000 0 -0.00032967 0.0003
215000 0 -0.00032967 0.0003
216000 0 -0.00032967 0.0003
217000 0 -0.00032967 0.0003
218000 0 -0.00032967 0.0003
219000 0 -0.00032967 0.0003
220000 0 -0.00032967 0.0003
221000 0 -0.00032967 0.0003
222000 0 -0.00032967 0.0003
223000 0 -0.00032967 0.0003
224000 0 -0.00032967 0.0003
225000 0 -0.00032967 0.0003
226000 0 -0.00032967 0.0003
227000 0 -0.00032967 0.0003
228000 0 -0.00032967 0.0003
229000 0 -0.00032967 0.0003
230000 0 -0.00032967 0.0003
231000 0 -0.00032967 0.0003
232000 0 -0.00032967 0.0003
233000 0 -0.00032967 0.0003
234000 0 -0.00032967 0.0003
235000 0 -0.00032967 0.0003
236000 0 -0.00032967 0.0003
237000 0 -0.00032967 0.0003
238000 0 -0.00032967 0.0003
239000 0 -0.00032967 0.0003
240000 0 -0.00032967 0.0003
241000 0 -0.00032967 0.0003
242000 0 -0.00032967 0.0003
243000 0 -0.00032967 0.0003
244000 0 -0.00032967 0.0003
245000 0 -0.00032967 0.0003
246000 0 -0.00032967 0.0003
247000 0 -0.00032967 0.0003
248000 0 -0.00032967 0.0003
249000 0 -0.00032967 0.0003
250000 0 -0.00032967 0.0003
251000 0 -0.00032967 0.0003
252000 0 -0.00032967 0.0003
253000 0 -0.00032967 0.0003
254000 0 -0.00032967 0.0003
255000 0 -0.00032967 0.0003
256000 0 -0.00032967 0.0003
257000 0 -0.00032967 0.0003
258000 0 -0.00032967 0.0003
259000 0 -0.00032967 0.0003
260000 0 -0.00032967 0.0003
261000 0 -0.00032967 0.0003
262000 0 -0.00032967 0.0003
263000 0 -0.00032967 0.0003
264000 0 -0.00032967 0.0003
265000 0 -0.00032967 0.0003
266000 0 -0.00032967 0.0003
267000 0 -0.00032967 0.0003
268000 0 -0.00032967 0.0003
269000 0 -0.00032967 0.0003
270000 0 -0.00032967 0.0003
271000 0 -0.00032967 0.0003
272000 0 -0.00032967 0.0003
273000 0 -0.00032967 0.0003
274000 0 -0.00032967 0.0003
275000 0 -0.00032967 0.0003
276000 0 -0.00032967 0.0003
277000 0 -0.00032967 0.0003
278000 0 -0.00032967 0.0003
279000 0 -0.00032967 0.0003
280000 0 -0.00032967 0.0003
281000 0 -0.00032967 0.0003
282000 0 -0.00032967 0.0003
283000 0 -0.00032967 0.0003
284000 0 -0.00032967 0.0003
285000 0 -0.00032967 0.0003
286000 0 -0.00032967 0.0003
287000 0 -0.00032967 0.0003
288000 0 -0.00032967 0.0003
289000 0 -0.00032967 0.0003
290000 0 -0.00032967 0.0003
291000 0 -0.00032967 0.0003
292000 0 -0.00032967 0.0003
293000 0 -0.00032967 0.0003
294000 0 -0.00032967 0.0003
295000 0 -0.00032967 0.0003
296000 0 -0.00032967 0.0003
297000 0 -0.00032967 0.0003
298000 0 -0.00032967 0.0003
299000 0 -0.00032967 0.0003
300000 0 -0.00032967 0.0003
301000 0 -0.00032967 0.0003
302000 0 -0.00032967 0.0003
303000 0 -0.00032967 0.0003
304000 0 -0.00032967 0.0003
305000 0 -0.00032967 0.0003
306000 0 -0.00032967 0.0003
307000 0 -0.00032967 0.0003
308000 0 -0.00032967 0.0003
309000 0 -0.00032967 0.0003
310000 0 -0.00032967 0.0003
311000 0 -0.00032967 0.0003
312000 0 -0.00032967 0.0003
313000 0 -0.00032967 0.0003
314000 0 -0.00032967 0.0003
315000 0 -0.00032967 0.0003
316000 0 -0.00032967 0.0003
317000 0 -0.00032967 0.0003
318000 0 -0.00032967 0.0003
319000 0 -0.00032967 0.0003
320000 0 -0.00032967 0.0003
321000 0 -0.00032967 0.0003
322000 0 -0.00032967 0.0003
323000 0 -0.00032967 0.0003
324000 0 -0.00032967 0.0003
325000 0 -0.00032967 0.0003
326000 0 -0.00032967 0.0003
327000 0 -0.00032967 0.0003
328000 0 -0.00032967 0.0003
329000 0 -0.00032967 0.0003
330000 0 -0.00032967 0.0003
331000 0 -0.00032967 0.0003
332000 0 -0.00032967 0.0003
333000 0 -0.00032967 0.0003
334000 0 -0.00032967 0.0003
335000 0 -0.00032967 0.0003
336000 0 -0.00032967 0.0003
337000 0 -0.00032967 0.0003
338000 0 -0.00032967 0.0003
339000 0 -0.00032967 0.0003
340000 0 -0.00032967 0.0003
341000 0 -0.00032967 0.0003
342000 0 -0.00032967 0.0003
343000 0 -0.00032967 0.0003
344000 0 -0.00032967 0.0003
345000 0 -0.00032967 0.0003
346000 0 -0.00032967 0.0003
347000 0 -0.00032967 0.0003
348000 0 -0.00032967 0.0003
349000 0 -0.00032967 0.0003
350000 0 -0.00032967 0.0003
351000 0 -0.00032967 0.0003
352000 0 -0.00032967 0.0003
353000 0 -0.00032967 0.0003
354000 0 -0.00032967 0.0003
355000 0 -0.00032967 0.0003
356000 0 -0.00032967 0.0003
357000 0 -0.00032967 0.0003
358000 0 -0.00032967 0.0003
359000 0 -0.00032967 0.0003
360000 0 -0.00032967 0.0003
361000 0 -0.00032967 0.0003
362000 0 -0.00032967 0.0003
363000 0 -0.00032967 0.0003
364000 0 -0.00032967 0.0003
365000 0 -0.00032967 0.0003
366000 0 -0.00032967 0.0003
367000 0 -0.00032967 0.0003
368000 0 -0.00032967 0.0003
369000 0 -0.00032967 0.0003
370000 0 -0.00032967 0.0003
371000 0 -0.00032967 0.0003
372000 0 -0.00032967 0.0003
373000 0 -0.00032967 0.0003
374000 0 -0.00032967 0.0003
375000 0 -0.00032967 0.0003
376000 0 -0.00032967 0.0003
377000 0 -0.00032967 0.0003
378000 0 -0.00032967 0.0003
379000 0 -0.00032967 0.0003
380000 0 -0.00032967 0.0003
381000 0 -0.00032967 0.0003
382000 0 -0.00032967 0.0003
383000 0 -0.00032967 0.0003
384000 0 -0.00032967 0.0003
385000 0 -0.00032967 0.0003
386000 0 -0.00032967 0.0003
387000 0 -0.00032967 0.0003
388000 0 -0.00032967 0.0003
389000 0 -0.00032967 0.0003
390000 0 -0.00032967 0.0003
391000 0 -0.00032967 0.0003
392000 0 -0.00032967 0.0003
393000 0 -0.00032967 0.0003
394000 0 -0.00032967 0.0003
395000 0 -0.00032967 0.0003
396000 0 -0.00032967 0.0003
397000 0 -0.00032967 0.0003
398000 0 -0.00032967 0.0003
399000 0 -0.00032967 0.0003
400000 0 -0.00032967 0.0003
401000 0 -0.00032967 0.0003
402000 0 -0.00032967 0.0003
403000 0 -0.00032967 0.0003
404000 0 -0.00032967 0.0003
405000 0 -0.00032967 0.0003
406000 0 -0.00032967 0.0003
407000 0 -0.00032967 0.0003
408000 0 -0.00032967 0.0003
409000 0 -0.00032967 0.0003
410000 0 -0.00032967 0.0003
0.005 2.36123e-10 -0.000329805 0.00015
0.01 2.4215e-10 -0.000329942 0.0003
0.015 3.01154e-10 -0.000330475 0.000449999
0.02 3.60514e-10 -0.00033127 0.000599999
0.025 4.13214e-10 -0.000332141 0.000749999
0.03 4.58035e-10 -0.000332968 0.000899999
0.035 4.95169e-10 -0.000333698 0.00105
0.04 5.25445e-10 -0.000334312 0.0012
0.045 5.49883e-10 -0.000334815 0.00135
0.05 5.6951e-10 -0.000335219 0.0015
0.055 5.85202e-10 -0.000335537 0.00165
0.06 5.97732e-10 -0.000335786 0.0018
0.065 6.07726e-10 -0.000335977 0.00195
0.07 6.15697e-10 -0.000336122 0.0021
0.075 6.22054e-10 -0.00033623 0.00225
0.08 6.27132e-10 -0.000336309 0.0024
0.085 6.3119e-10 -0.000336364 0.00255
0.09 6.34438e-10 -0.0003364 0.0027
0.095 6.37042e-10 -0.00033642 0.00285
0.1 6.39135e-10 -0.000336429 0.003
0.105 6.40822e-10 -0.000336429 0.00315
0.11 6.42185e-10 -0.00033642 0.0033
0.115 6.43292e-10 -0.000336406 0.00345
0.12 6.44194e-10 -0.000336387 0.0036
0.125 6.44935e-10 -0.000336364 0.00375
0.13 6.45546e-10 -0.000336338 0.0039
0.135 6.46055e-10 -0.000336309 0.00405
0.14 6.46481e-10 -0.000336278 0.0042
0.145 6.46843e-10 -0.000336245 0.00435
0.15 6.47153e-10 -0.000336211 0.0045
0.155 6.47422e-10 -0.000336176 0.00465
0.16 6.47658e-10 -0.00033614 0.0048
0.165 6.47868e-10 -0.000336103 0.00495
0.17 6.48057e-10 -0.000336065 0.0051
0.175 6.4823e-10 -0.000336027 0.00525
0.18 6.4839e-10 -0.000335988 0.0054
0.185 6.4854e-10 -0.000335949 0.00555
0.19 6.48682e-10 -0.00033591 0.0057
0.195 6.48817e-10 -0.00033587 0.00585
0.2 6.48948e-10 -0.00033583 0.006
0.205 6.49075e-10 -0.00033579 0.00615
0.21 6.49199e-10 -0.000335749 0.0063
0.215 6.49321e-10 -0.000335708 0.00645
0.22 6.49442e-10 -0.000335667 0.0066
0.225 6.49561e-10 -0.000335626 0.00675
0.23 6.49679e-10 -0.000335584 0.0069
0.235 6.49797e-10 -0.000335542 0.00705
0.24 6.49915e-10 -0.0003355 0.0072
0.245 6.50033e-10 -0.000335458 0.00735
0.25 6.50151e-10 -0.000335415 0.0075
0.255 6.50269e-10 -0.000335372 0.00765
0.26 6.50388e-10 -0.000335329 0.0078
0.265 6.50507e-10 -0.000335286 0.00795
0.27 6.50626e-10 -0.000335242 0.0081
0.275 6.50746e-10 -0.000335199 0.00825
0.28 6.50868e-10 -0.000335155 0.0084
0.285 6.50988e-10 -0.000335111 0.00855
0.29 6.5111e-10 -0.000335067 0.0087
0.295 6.51232e-10 -0.000335022 0.00885
0.3 6.51356e-10 -0.000334978 0.009
0.305 6.5148e-10 -0.000334933 0.00915
0.31 6.51604e-10 -0.000334888 0.0093
0.315 6.51731e-10 -0.000334843 0.00945
0.32 6.51857e-10 -0.000334798 0.0096
0.325 6.51984e-10 -0.000334752 0.00975
0.33 6.52112e-10 -0.000334706 0.0099
0.335 6.52241e-10 -0.00033466 0.01005
0.34 6.52371e-10 -0.000334614 0.0102
0.345 6.52502e-10 -0.000334567 0.01035
0.35 6.52633e-10 -0.000334521 0.0105
0.355 6.52766e-10 -0.000334474 0.01065
0.36 6.52899e-10 -0.000334427 0.0108
0.365 6.53033e-10 -0.00033438 0.01095
0.37 6.53168e-10 -0.000334332 0.0111
0.375 6.53304e-10 -0.000334284 0.01125
0.38 6.53441e-10 -0.000334237 0.0114
0.385 6.53579e-10 -0.000334188 0.01155
0.39 6.53717e-10 -0.00033414 0.0117
0.395 6.53857e-10 -0.000334092 0.01185
0.4 6.53998e-10 -0.000334043 0.012
0.405 6.54139e-10 -0.000333994 0.01215
0.41 6.54282e-10 -0.000333944 0.0123
0.415 6.54425e-10 -0.000333895 0.01245
0.42 6.5457e-10 -0.000333845 0.0126
0.425 6.54715e-10 -0.000333795 0.01275
0.43 6.54861e-10 -0.000333745 0.0129
0.435 6.55009e-10 -0.000333695 0.01305
0.44 6.55157e-10 -0.000333644 0.0132
0.445 6.55307e-10 -0.000333594 0.01335
0.45 6.55457e-10 -0.000333543 0.0135
0.455 6.55609e-10 -0.000333491 0.01365
0.46 6.55761e-10 -0.00033344 0.0138
0.465 6.55915e-10 -0.000333388 0.01395
0.47 6.5607e-10 -0.000333336 0.0141
0.475 6.56225e-10 -0.000333284 0.01425
0.48 6.56382e-10 -0.000333232 0.0144
0.485 6.5654e-10 -0.000333179 0.01455
0.49 6.56699e-10 -0.000333126 0.0147
0.495 6.5686e-10 -0.000333073 0.01485
0.5 6.5702e-10 -0.00033302 0.015
0.505 6.57184e-10 -0.000332966 0.01515
0.51 6.57347e-10 -0.000332913 0.0153
0.515 6.57512e-10 -0.000332858 0.01545
0.52 6.57678e-10 -0.000332804 0.0156
0.525 6.57845e-10 -0.00033275 0.01575
0.53 6.58013e-10 -0.000332695 0.0159
0.535 6.58186e-10 -0.00033264 0.01605
0.54 6.58354e-10 -0.000332585 0.0162
0.545 6.58526e-10 -0.000332529 0.01635
0.55 6.58699e-10 -0.000332474 0.0165
0.555 6.58873e-10 -0.000332418 0.01665
0.56 6.59049e-10 -0.000332361 0.0168
0.565 6.59226e-10 -0.000332305 0.01695
0.57 6.59405e-10 -0.000332248 0.0171
0.575 6.59585e-10 -0.000332191 0.01725
0.58 6.59766e-10 -0.000332134 0.0174
0.585 6.59948e-10 -0.000332077 0.01755
0.59 6.60132e-10 -0.000332019 0.0177
0.595 6.60317e-10 -0.000331961 0.01785
0.6 6.60504e-10 -0.000331903 0.018
0.605 6.60692e-10 -0.000331845 0.01815
0.61 6.60882e-10 -0.000331786 0.0183
0.615 6.61073e-10 -0.000331727 0.01845
0.62 6.61265e-10 -0.000331668 0.0186
0.625 6.61459e-10 -0.000331609 0.01875
0.63 6.61655e-10 -0.000331549 0.0189
0.635 6.61852e-10 -0.000331489 0.01905
0.64 6.62051e-10 -0.000331429 0.0192
0.645 6.62252e-10 -0.000331369 0.01935
0.65 6.62454e-10 -0.000331308 0.0195
0.655 6.62658e-10 -0.000331247 0.01965
0.66 6.62864e-10 -0.000331186 0.0198
0.665 6.63072e-10 -0.000331124 0.01995
0.67 6.63281e-10 -0.000331062 0.0201
0.675 6.63492e-10 -0.000331 0.02025
0.68 6.63706e-10 -0.000330938 0.0204
0.685 6.63922e-10 -0.000330875 0.02055
0.69 6.64139e-10 -0.000330812 0.0207
0.695 6.64359e-10 -0.000330749 0.02085
0.7 6.64581e-10 -0.000330686 0.021
0.705 6.64806e-10 -0.000330622 0.02115
0.71 6.65034e-10 -0.000330559 0.0213
0.715 6.65265e-10 -0.000330494 0.02145
0.72 6.65499e-10 -0.00033043 0.0216
0.725 6.65738e-10 -0.000330366 0.02175
0.73 6.65964e-10 -0.000330301 0.0219
0.735 6.66155e-10 -0.000330235 0.02205
0.74 6.66316e-10 -0.000330169 0.0222
0.745 6.66452e-10 -0.000330103 0.02235
0.75 6.66568e-10 -0.000330035 0.0225
0.755 6.66666e-10 -0.000329967 0.02265
0.76 6.66749e-10 -0.000329899 0.0228
0.765 6.6682e-10 -0.00032983 0.02295
0.77 6.6688e-10 -0.000329761 0.0231
0.775 6.66931e-10 -0.000329691 0.02325
0.78 6.66976e-10 -0.000329621 0.0234
0.785 6.67013e-10 -0.000329551 0.02355
0.79 6.67046e-10 -0.000329481 0.0237
0.795 6.67074e-10 -0.00032941 0.02385
0.8 6.67098e-10 -0.000329339 0.024
0.805 6.67119e-10 -0.000329267 0.02415
0.81 6.67138e-10 -0.000329196 0.0243
0.815 6.67154e-10 -0.000329124 0.02445
0.82 6.67168e-10 -0.000329052 0.0246
0.825 6.67181e-10 -0.00032898 0.02475
0.83 6.67192e-10 -0.000328907 0.0249
0.835 6.67202e-10 -0.000328834 0.02505
0.84 6.67212e-10 -0.000328761 0.0252
0.845 6.6722e-10 -0.000328688 0.02535
0.85 6.67228e-10 -0.000328615 0.0255
0.855 6.67235e-10 -0.000328541 0.02565
0.86 6.67241e-10 -0.000328468 0.0258
0.865 6.67247e-10 -0.000328394 0.02595
0.87 6.67253e-10 -0.00032832 0.0261
0.875 6.67259e-10 -0.000328245 0.02625
0.88 6.67264e-10 -0.000328171 0.0264
0.885 6.67269e-10 -0.000328096 0.02655
0.89 6.67274e-10 -0.000328021 0.0267
0.895 6.67279e-10 -0.000327946 0.02685
0.9 6.67283e-10 -0.000327871 0.027
0.905 6.67288e-10 -0.000327796 0.02715
0.91 6.67292e-10 -0.00032772 0.0273
0.915 6.67296e-10 -0.000327644 0.02745
0.92 6.67301e-10 -0.000327568 0.0276
0.925 6.67305e-10 -0.000327492 0.02775
0.93 6.67309e-10 -0.000327415 0.0279
0.935 6.67313e-10 -0.000327339 0.02805
0.94 6.67318e-10 -0.000327262 0.0282
0.945 6.67322e-10 -0.000327185 0.02835
0.95 6.67326e-10 -0.000327108 0.0285
0.955 6.6733e-10 -0.00032703 0.02865
0.96 6.67335e-10 -0.000326953 0.0288
0.965 6.67339e-10 -0.000326875 0.02895
0.97 6.67343e-10 -0.000326797 0.0291
0.975 6.67347e-10 -0.000326719 0.02925
0.98 6.67351e-10 -0.000326641 0.0294
0.985 6.67356e-10 -0.000326562 0.02955
0.99 6.6736e-10 -0.000326483 0.0297
0.995 6.67364e-10 -0.000326404 0.02985
1 6.67368e-10 -0.000326325 0.03
