1000 -90 -90 -187 -3.38813e-15 0 5.42101e-15 0
2000 -90 -90 -187 -3.38813e-15 -2.71051e-15 5.42101e-15 0
3000 -90 -90 -187 -3.38813e-15 0 0 0
4000 -90 -90 -187 -2.03288e-15 2.71051e-15 5.42101e-15 0
5000 -90 -90 -187 -2.03288e-15 2.71051e-15 5.42101e-15 0
6000 -90 -90 -187 -2.03288e-15 2.71051e-15 5.42101e-15 0
7000 -90 -90 -187 -2.03288e-15 2.71051e-15 5.42101e-15 0
8000 -90 -90 -187 -2.03288e-15 0 5.42101e-15 0
9000 -90 -90 -187 -2.03288e-15 0 5.42101e-15 0
10000 -90 -90 -187 -2.03288e-15 0 5.42101e-15 0
11000 -1.43249e-05 -1.43249e-05 -2.97688e-05 -5.65455e-22 0 6.46235e-22 0
12000 4.77501e-06 4.77501e-06 9.92328e-06 -1.13091e-21 1.61559e-22 1.29247e-21 0
13000 1.77338e-12 1.77338e-12 3.68599e-12 -6.05845e-23 6.86625e-22 -7.47209e-22 0
14000 -2.53341e-13 -2.53341e-13 -5.26585e-13 4.11542e-25 -1.02758e-25 -1.03095e-25 0
15000 -1.47852e-19 -1.47852e-19 -3.07371e-19 2.16667e-29 -1.56482e-29 5.65742e-29 0
16000 1.34412e-20 1.34412e-20 2.79435e-20 -3.00927e-31 -2.40741e-30 1.20371e-30 0
17000 1.06941e-26 1.06946e-26 2.22332e-26 0 6.01853e-31 6.01853e-31 0
18000 -7.12113e-28 -7.12215e-28 -1.47905e-27 1.50463e-31 0 -6.01853e-31 0
19000 -1.37415e-30 -2.07884e-30 -6.9669e-30 0 0 0 0
20000 -2.28696e-30 -2.38979e-30 -7.27786e-30 0 0 -6.01853e-31 0
21000 1.77555e-30 2.27457e-30 7.01615e-30 0 6.01853e-31 1.80556e-30 0
22000 8.22614e-31 1.92349e-30 6.46539e-31 1.50463e-31 0 -1.20371e-30 0
23000 2.00699e-31 9.78648e-32 2.46238e-32 0 -6.01853e-31 1.20371e-30 0
24000 1.11351e-30 4.08822e-31 3.35581e-31 -1.50463e-31 1.20371e-30 -1.20371e-30 0
25000 -7.12112e-31 -2.13093e-31 -2.86334e-31 0 -6.01853e-31 1.20371e-30 0
26000 2.00699e-31 9.78648e-32 2.46238e-32 0 6.01853e-31 -1.20371e-30 0
27000 2.00699e-31 9.78648e-32 2.46238e-32 0 0 1.20371e-30 0
28000 8.22614e-31 1.92349e-30 6.46539e-31 0 6.01853e-31 0 0
29000 4.91595e-31 -1.4168e-30 -2.86334e-31 -1.50463e-31 -6.01853e-31 0 0
30000 2.00699e-31 9.78648e-32 2.46238e-32 -1.50463e-31 0 0 0
31000 -7.12112e-31 -2.13093e-31 -2.86334e-31 1.50463e-31 0 1.20371e-30 0
32000 8.22614e-31 1.92349e-30 6.46539e-31 0 6.01853e-31 0 0
33000 1.11351e-30 4.08822e-31 3.35581e-31 1.50463e-31 -6.01853e-31 0 0
34000 2.00699e-31 9.78648e-32 2.46238e-32 0 0 0 0
35000 -7.12112e-31 -2.13093e-31 -2.86334e-31 0 0 1.20371e-30 0
36000 1.11351e-30 4.08822e-31 3.35581e-31 -1.50463e-31 0 0 0
37000 2.00699e-31 9.78648e-32 2.46238e-32 1.50463e-31 6.01853e-31 0 0
38000 2.00699e-31 9.78648e-32 2.46238e-32 0 -6.01853e-31 1.20371e-30 0
39000 1.11351e-30 4.08822e-31 3.35581e-31 -1.50463e-31 0 -1.20371e-30 0
40000 2.00699e-31 9.78648e-32 2.46238e-32 -1.50463e-31 0 1.20371e-30 0
41000 2.68836e-30 2.58552e-30 7.32711e-30 1.50463e-31 6.01853e-31 -6.01853e-31 0
42000 -2.28696e-30 -2.38979e-30 -7.27786e-30 0 -1.20371e-30 0 0
43000 2.39746e-30 4.10019e-30 7.63807e-30 1.50463e-31 1.20371e-30 -6.01853e-31 0
44000 -2.90888e-30 -4.21542e-30 -7.89978e-30 -1.50463e-31 -6.01853e-31 0 0
45000 8.22614e-31 1.92349e-30 6.46539e-31 0 0 6.01853e-31 0
46000 2.00699e-31 9.78648e-32 2.46238e-32 1.50463e-31 6.01853e-31 -1.20371e-30 0
47000 2.00699e-31 9.78648e-32 2.46238e-32 -1.50463e-31 0 1.20371e-30 0
48000 -7.12112e-31 -2.13093e-31 -2.86334e-31 0 -6.01853e-31 0 0
49000 1.11351e-30 4.08822e-31 3.35581e-31 1.50463e-31 6.01853e-31 0 0
50000 2.00699e-31 9.78648e-32 2.46238e-32 0 -6.01853e-31 0 0
51000 -7.12112e-31 -2.13093e-31 -2.86334e-31 1.50463e-31 0 1.20371e-30 0
52000 1.11351e-30 4.08822e-31 3.35581e-31 1.50463e-31 0 -1.20371e-30 0
53000 8.22614e-31 1.92349e-30 6.46539e-31 -1.50463e-31 6.01853e-31 1.20371e-30 0
54000 1.11351e-30 4.08822e-31 3.35581e-31 0 -6.01853e-31 0 0
55000 -7.12112e-31 -2.13093e-31 -2.86334e-31 -3.00927e-31 -6.01853e-31 0 0
56000 1.11351e-30 4.08822e-31 3.35581e-31 1.50463e-31 0 1.20371e-30 0
57000 -7.12112e-31 -2.13093e-31 -2.86334e-31 -1.50463e-31 0 0 0
58000 1.73542e-30 2.23444e-30 9.57496e-31 1.50463e-31 6.01853e-31 0 0
59000 -1.62492e-30 -5.2405e-31 -5.97291e-31 -1.50463e-31 -6.01853e-31 0 0
60000 1.11351e-30 4.08822e-31 3.35581e-31 -3.00927e-31 -6.01853e-31 1.20371e-30 0
61000 2.68836e-30 2.58552e-30 7.32711e-30 1.50463e-31 6.01853e-31 -1.80556e-30 0
62000 -2.28696e-30 -2.38979e-30 -7.27786e-30 -3.00927e-31 0 0 0
63000 1.11351e-30 4.08822e-31 3.35581e-31 1.50463e-31 0 0 0
64000 2.00699e-31 9.78648e-32 2.46238e-32 0 6.01853e-31 0 0
65000 2.00699e-31 9.78648e-32 2.46238e-32 0 -6.01853e-31 0 0
66000 -9.01967e-32 1.61253e-30 3.35581e-31 1.50463e-31 6.01853e-31 1.20371e-30 0
67000 -4.21216e-31 -1.72776e-30 -5.97291e-31 1.50463e-31 -6.01853e-31 0 0
68000 2.00699e-31 9.78648e-32 2.46238e-32 3.00927e-31 6.01853e-31 0 0
69000 2.00699e-31 9.78648e-32 2.46238e-32 -3.00927e-31 -6.01853e-31 1.20371e-30 0
70000 4.22308e-30 4.7221e-30 8.25998e-30 1.50463e-31 1.20371e-30 -6.01853e-31 0
71000 -2.28696e-30 -2.38979e-30 -7.27786e-30 1.50463e-31 -1.20371e-30 0 0
72000 1.77555e-30 2.27457e-30 7.01615e-30 1.50463e-31 6.01853e-31 -6.01853e-31 0
73000 -1.37415e-30 -2.07884e-30 -6.9669e-30 0 1.20371e-30 -6.01853e-31 0
74000 2.68836e-30 2.58552e-30 7.32711e-30 -1.50463e-31 6.01853e-31 6.01853e-31 0
75000 -2.28696e-30 -2.38979e-30 -7.27786e-30 1.50463e-31 0 -6.01853e-31 0
76000 1.77555e-30 2.27457e-30 7.01615e-30 -1.50463e-31 -6.01853e-31 6.01853e-31 0
77000 -7.52235e-31 -2.53216e-31 -6.34499e-30 1.50463e-31 1.80556e-30 -6.01853e-31 0
78000 2.68836e-30 2.58552e-30 7.32711e-30 0 -1.20371e-30 6.01853e-31 0
79000 -2.28696e-30 -2.38979e-30 -7.27786e-30 0 0 -6.01853e-31 0
80000 2.68836e-30 2.58552e-30 7.32711e-30 -3.00927e-31 1.20371e-30 1.20371e-30 0
81000 -2.28696e-30 -2.38979e-30 -7.27786e-30 0 0 0 0
82000 3.60117e-30 2.89648e-30 7.63807e-30 0 0 6.01853e-31 0
83000 -2.28696e-30 -2.38979e-30 -7.27786e-30 1.50463e-31 6.01853e-31 -6.01853e-31 0
84000 2.68836e-30 2.58552e-30 7.32711e-30 -1.50463e-31 6.01853e-31 1.20371e-30 0
85000 -2.28696e-30 -2.38979e-30 -7.27786e-30 1.50463e-31 0 0 0
86000 2.00699e-31 9.78648e-32 2.46238e-32 0 -6.01853e-31 0 0
87000 -7.12112e-31 -2.13093e-31 -2.86334e-31 -1.50463e-31 -6.01853e-31 0 0
88000 1.11351e-30 4.08822e-31 3.35581e-31 -1.50463e-31 0 0 0
89000 -7.12112e-31 -2.13093e-31 -2.86334e-31 1.50463e-31 6.01853e-31 1.20371e-30 0
90000 2.00699e-31 9.78648e-32 2.46238e-32 3.00927e-31 -6.01853e-31 0 0
91000 1.11351e-30 4.08822e-31 3.35581e-31 0 6.01853e-31 0 0
92000 2.00699e-31 9.78648e-32 2.46238e-32 0 -6.01853e-31 0 0
93000 -7.12112e-31 -2.13093e-31 -2.86334e-31 1.50463e-31 0 1.20371e-30 0
94000 1.11351e-30 4.08822e-31 3.35581e-31 1.50463e-31 0 -1.20371e-30 0
95000 8.22614e-31 1.92349e-30 6.46539e-31 -1.50463e-31 6.01853e-31 1.20371e-30 0
96000 1.11351e-30 4.08822e-31 3.35581e-31 0 -6.01853e-31 0 0
97000 -7.12112e-31 -2.13093e-31 -2.86334e-31 -3.00927e-31 -6.01853e-31 0 0
98000 1.11351e-30 4.08822e-31 3.35581e-31 1.50463e-31 0 1.20371e-30 0
99000 -7.12112e-31 -2.13093e-31 -2.86334e-31 -1.50463e-31 0 0 0
100000 1.73542e-30 2.23444e-30 9.57496e-31 1.50463e-31 6.01853e-31 0 0
101000 -1.62492e-30 -5.2405e-31 -5.97291e-31 -1.50463e-31 -6.01853e-31 0 0
102000 1.11351e-30 4.08822e-31 3.35581e-31 -3.00927e-31 -6.01853e-31 1.20371e-30 0
103000 2.68836e-30 2.58552e-30 7.32711e-30 1.50463e-31 6.01853e-31 -1.80556e-30 0
104000 -2.28696e-30 -2.38979e-30 -7.27786e-30 -3.00927e-31 0 0 0
105000 1.11351e-30 4.08822e-31 3.35581e-31 1.50463e-31 0 0 0
106000 2.00699e-31 9.78648e-32 2.46238e-32 0 6.01853e-31 0 0
107000 2.00699e-31 9.78648e-32 2.46238e-32 0 -6.01853e-31 0 0
108000 -9.01967e-32 1.61253e-30 3.35581e-31 1.50463e-31 6.01853e-31 1.20371e-30 0
109000 -4.21216e-31 -1.72776e-30 -5.97291e-31 1.50463e-31 -6.01853e-31 0 0
110000 2.00699e-31 9.78648e-32 2.46238e-32 3.00927e-31 6.01853e-31 0 0
111000 2.00699e-31 9.78648e-32 2.46238e-32 -3.00927e-31 -6.01853e-31 1.20371e-30 0
112000 4.22308e-30 4.7221e-30 8.25998e-30 1.50463e-31 1.20371e-30 -6.01853e-31 0
113000 -2.28696e-30 -2.38979e-30 -7.27786e-30 1.50463e-31 -1.20371e-30 0 0
114000 1.77555e-30 2.27457e-30 7.01615e-30 1.50463e-31 6.01853e-31 -6.01853e-31 0
115000 -1.37415e-30 -2.07884e-30 -6.9669e-30 0 1.20371e-30 -6.01853e-31 0
116000 2.68836e-30 2.58552e-30 7.32711e-30 -1.50463e-31 6.01853e-31 6.01853e-31 0
117000 -2.28696e-30 -2.38979e-30 -7.27786e-30 1.50463e-31 0 -6.01853e-31 0
118000 1.77555e-30 2.27457e-30 7.01615e-30 -1.50463e-31 -6.01853e-31 6.01853e-31 0
119000 -7.52235e-31 -2.53216e-31 -6.34499e-30 1.50463e-31 1.80556e-30 -6.01853e-31 0
120000 2.68836e-30 2.58552e-30 7.32711e-30 0 -1.20371e-30 6.01853e-31 0
121000 -2.28696e-30 -2.38979e-30 -7.27786e-30 0 0 -6.01853e-31 0
122000 2.68836e-30 2.58552e-30 7.32711e-30 -3.00927e-31 1.20371e-30 1.20371e-30 0
123000 -2.28696e-30 -2.38979e-30 -7.27786e-30 0 0 0 0
124000 3.60117e-30 2.89648e-30 7.63807e-30 0 0 6.01853e-31 0
125000 -2.28696e-30 -2.38979e-30 -7.27786e-30 1.50463e-31 6.01853e-31 -6.01853e-31 0
126000 2.68836e-30 2.58552e-30 7.32711e-30 -1.50463e-31 6.01853e-31 1.20371e-30 0
127000 -2.28696e-30 -2.38979e-30 -7.27786e-30 1.50463e-31 0 0 0
128000 2.00699e-31 9.78648e-32 2.46238e-32 0 -6.01853e-31 0 0
129000 -7.12112e-31 -2.13093e-31 -2.86334e-31 -1.50463e-31 -6.01853e-31 0 0
130000 1.11351e-30 4.08822e-31 3.35581e-31 -1.50463e-31 0 0 0
131000 -7.12112e-31 -2.13093e-31 -2.86334e-31 1.50463e-31 6.01853e-31 1.20371e-30 0
132000 2.00699e-31 9.78648e-32 2.46238e-32 3.00927e-31 -6.01853e-31 0 0
133000 1.11351e-30 4.08822e-31 3.35581e-31 0 6.01853e-31 0 0
134000 2.00699e-31 9.78648e-32 2.46238e-32 0 -6.01853e-31 0 0
135000 -7.12112e-31 -2.13093e-31 -2.86334e-31 1.50463e-31 0 1.20371e-30 0
136000 1.11351e-30 4.08822e-31 3.35581e-31 1.50463e-31 0 -1.20371e-30 0
137000 8.22614e-31 1.92349e-30 6.46539e-31 -1.50463e-31 6.01853e-31 1.20371e-30 0
138000 1.11351e-30 4.08822e-31 3.35581e-31 0 -6.01853e-31 0 0
139000 -7.12112e-31 -2.13093e-31 -2.86334e-31 -3.00927e-31 -6.01853e-31 0 0
140000 1.11351e-30 4.08822e-31 3.35581e-31 1.50463e-31 0 1.20371e-30 0
141000 -7.12112e-31 -2.13093e-31 -2.86334e-31 -1.50463e-31 0 0 0
142000 1.73542e-30 2.23444e-30 9.57496e-31 1.50463e-31 6.01853e-31 0 0
143000 -1.62492e-30 -5.2405e-31 -5.97291e-31 -1.50463e-31 -6.01853e-31 0 0
144000 1.11351e-30 4.08822e-31 3.35581e-31 -3.00927e-31 -6.01853e-31 1.20371e-30 0
145000 2.68836e-30 2.58552e-30 7.32711e-30 1.50463e-31 6.01853e-31 -1.80556e-30 0
146000 -2.28696e-30 -2.38979e-30 -7.27786e-30 -3.00927e-31 0 0 0
147000 1.11351e-30 4.08822e-31 3.35581e-31 1.50463e-31 0 0 0
148000 2.00699e-31 9.78648e-32 2.46238e-32 0 6.01853e-31 0 0
149000 2.00699e-31 9.78648e-32 2.46238e-32 0 -6.01853e-31 0 0
150000 -9.01967e-32 1.61253e-30 3.35581e-31 1.50463e-31 6.01853e-31 1.20371e-30 0
151000 -4.21216e-31 -1.72776e-30 -5.97291e-31 1.50463e-31 -6.01853e-31 0 0
152000 2.00699e-31 9.78648e-32 2.46238e-32 3.00927e-31 6.01853e-31 0 0
153000 2.00699e-31 9.78648e-32 2.46238e-32 -3.00927e-31 -6.01853e-31 1.20371e-30 0
154000 4.22308e-30 4.7221e-30 8.25998e-30 1.50463e-31 1.20371e-30 -6.01853e-31 0
155000 -2.28696e-30 -2.38979e-30 -7.27786e-30 1.50463e-31 -1.20371e-30 0 0
156000 1.77555e-30 2.27457e-30 7.01615e-30 1.50463e-31 6.01853e-31 -6.01853e-31 0
157000 -1.37415e-30 -2.07884e-30 -6.9669e-30 0 1.20371e-30 -6.01853e-31 0
158000 2.68836e-30 2.58552e-30 7.32711e-30 -1.50463e-31 6.01853e-31 6.01853e-31 0
159000 -2.28696e-30 -2.38979e-30 -7.27786e-30 1.50463e-31 0 -6.01853e-31 0
160000 1.77555e-30 2.27457e-30 7.01615e-30 -1.50463e-31 -6.01853e-31 6.01853e-31 0
161000 -7.52235e-31 -2.53216e-31 -6.34499e-30 1.50463e-31 1.80556e-30 -6.01853e-31 0
162000 2.68836e-30 2.58552e-30 7.32711e-30 0 -1.20371e-30 6.01853e-31 0
163000 -2.28696e-30 -2.38979e-30 -7.27786e-30 0 0 -6.01853e-31 0
164000 2.68836e-30 2.58552e-30 7.32711e-30 -3.00927e-31 1.20371e-30 1.20371e-30 0
165000 -2.28696e-30 -2.38979e-30 -7.27786e-30 0 0 0 0
166000 3.60117e-30 2.89648e-30 7.63807e-30 0 0 6.01853e-31 0
167000 -2.28696e-30 -2.38979e-30 -7.27786e-30 1.50463e-31 6.01853e-31 -6.01853e-31 0
168000 2.68836e-30 2.58552e-30 7.32711e-30 -1.50463e-31 6.01853e-31 1.20371e-30 0
169000 -2.28696e-30 -2.38979e-30 -7.27786e-30 1.50463e-31 0 0 0
170000 2.00699e-31 9.78648e-32 2.46238e-32 0 -6.01853e-31 0 0
171000 -7.12112e-31 -2.13093e-31 -2.86334e-31 -1.50463e-31 -6.01853e-31 0 0
172000 1.11351e-30 4.08822e-31 3.35581e-31 -1.50463e-31 0 0 0
173000 -7.12112e-31 -2.13093e-31 -2.86334e-31 1.50463e-31 6.01853e-31 1.20371e-30 0
174000 2.00699e-31 9.78648e-32 2.46238e-32 3.00927e-31 -6.01853e-31 0 0
175000 1.11351e-30 4.08822e-31 3.35581e-31 0 6.01853e-31 0 0
176000 2.00699e-31 9.78648e-32 2.46238e-32 0 -6.01853e-31 0 0
177000 -7.12112e-31 -2.13093e-31 -2.86334e-31 1.50463e-31 0 1.20371e-30 0
178000 1.11351e-30 4.08822e-31 3.35581e-31 1.50463e-31 0 -1.20371e-30 0
179000 8.22614e-31 1.92349e-30 6.46539e-31 -1.50463e-31 6.01853e-31 1.20371e-30 0
180000 1.11351e-30 4.08822e-31 3.35581e-31 0 -6.01853e-31 0 0
181000 -7.12112e-31 -2.13093e-31 -2.86334e-31 -3.00927e-31 -6.01853e-31 0 0
182000 1.11351e-30 4.08822e-31 3.35581e-31 1.50463e-31 0 1.20371e-30 0
183000 -7.12112e-31 -2.13093e-31 -2.86334e-31 -1.50463e-31 0 0 0
184000 1.73542e-30 2.23444e-30 9.57496e-31 1.50463e-31 6.01853e-31 0 0
185000 -1.62492e-30 -5.2405e-31 -5.97291e-31 -1.50463e-31 -6.01853e-31 0 0
186000 1.11351e-30 4.08822e-31 3.35581e-31 -3.00927e-31 -6.01853e-31 1.20371e-30 0
187000 2.68836e-30 2.58552e-30 7.32711e-30 1.50463e-31 6.01853e-31 -1.80556e-30 0
188000 -2.28696e-30 -2.38979e-30 -7.27786e-30 -3.00927e-31 0 0 0
189000 1.11351e-30 4.08822e-31 3.35581e-31 1.50463e-31 0 0 0
190000 2.00699e-31 9.78648e-32 2.46238e-32 0 6.01853e-31 0 0
191000 2.00699e-31 9.78648e-32 2.46238e-32 0 -6.01853e-31 0 0
192000 -9.01967e-32 1.61253e-30 3.35581e-31 1.50463e-31 6.01853e-31 1.20371e-30 0
193000 -4.21216e-31 -1.72776e-30 -5.97291e-31 1.50463e-31 -6.01853e-31 0 0
194000 2.00699e-31 9.78648e-32 2.46238e-32 3.00927e-31 6.01853e-31 0 0
195000 2.00699e-31 9.78648e-32 2.46238e-32 -3.00927e-31 -6.01853e-31 1.20371e-30 0
196000 4.22308e-30 4.7221e-30 8.25998e-30 1.50463e-31 1.20371e-30 -6.01853e-31 0
197000 -2.28696e-30 -2.38979e-30 -7.27786e-30 1.50463e-31 -1.20371e-30 0 0
198000 1.77555e-30 2.27457e-30 7.01615e-30 1.50463e-31 6.01853e-31 -6.01853e-31 0
199000 -1.37415e-30 -2.07884e-30 -6.9669e-30 0 1.20371e-30 -6.01853e-31 0
200000 2.68836e-30 2.58552e-30 7.32711e-30 -1.50463e-31 6.01853e-31 6.01853e-31 0
200100 3.31749e-31 2.28915e-31 -5.60665e-31 -3.52307e-32 4.17481e-31 3.25295e-31 3.60896e-31
200200 -4.18031e-31 -5.20865e-31 -9.417e-31 -8.13237e-32 4.17481e-31 3.25295e-31 3.01897e-31
200300 -3.69948e-32 4.45432e-32 -7.5483e-33 -1.0437e-31 3.25295e-31 3.25295e-31 2.37046e-31
200400 -8.76972e-32 -4.6709e-31 -1.50437e-31 -5.82772e-32 2.33109e-31 5.09667e-31 2.99877e-31
200500 8.59199e-32 -1.69142e-32 -6.90057e-32 -1.0437e-31 4.17481e-31 1.40923e-31 2.30086e-31
200600 -5.38956e-32 -6.45437e-32 -1.16635e-31 -8.13237e-32 4.17481e-31 6.01853e-31 3.69307e-31
200700 -5.38956e-32 -6.45437e-32 -1.16635e-31 -5.82772e-32 5.09667e-31 2.33109e-31 2.82568e-31
200800 8.59199e-32 -1.69142e-32 -6.90057e-32 -8.13237e-32 4.17481e-31 6.01853e-31 3.71029e-31
200900 8.59199e-32 -1.69142e-32 -6.90057e-32 -8.13237e-32 4.17481e-31 4.17481e-31 3.00943e-31
201000 8.59199e-32 -1.69142e-32 -6.90057e-32 -1.21842e-32 4.17481e-31 4.17481e-31 2.98239e-31
201100 -5.38956e-32 -6.45437e-32 -1.16635e-31 -8.13237e-32 5.09667e-31 6.01853e-31 3.97247e-31
201200 -1.553e-31 -3.5032e-31 -1.1399e-30 -1.21842e-32 4.17481e-31 2.33109e-31 3.54184e-31
201300 -3.33527e-31 -1.59803e-31 -2.11894e-31 -1.21842e-32 5.09667e-31 4.17481e-31 3.32865e-31
201400 8.59199e-32 -1.69142e-32 -6.90057e-32 -8.13237e-32 4.17481e-31 3.25295e-31 2.70938e-31
201500 8.59199e-32 -1.69142e-32 -6.90057e-32 1.08623e-32 2.33109e-31 4.17481e-31 2.42652e-31
201600 2.44625e-32 1.06001e-31 -1.30463e-31 -1.21842e-32 1.40923e-31 4.17481e-31 2.28703e-31
201700 -2.10612e-31 -2.2126e-31 -2.73351e-31 -3.52307e-32 3.25295e-31 2.33109e-31 2.01811e-31
201800 2.08835e-31 -7.83716e-32 -1.30463e-31 -8.13237e-32 5.09667e-31 4.17481e-31 3.44665e-31
201900 -2.10612e-31 -2.2126e-31 -2.73351e-31 -1.21842e-32 5.09667e-31 3.25295e-31 3.03201e-31
202000 1.47377e-31 4.45432e-32 -1.9192e-31 -1.21842e-32 5.09667e-31 3.25295e-31 3.15013e-31
202100 5.21183e-32 -2.35088e-31 -2.87179e-31 -3.52307e-32 4.17481e-31 3.25295e-31 2.80839e-31
202200 -1.32254e-31 -5.07158e-32 -2.87179e-31 -3.52307e-32 4.17481e-31 3.25295e-31 2.72249e-31
202300 -4.05739e-31 -5.08573e-31 9.14312e-31 -1.21842e-32 2.33109e-31 2.33109e-31 4.30174e-31
202400 -1.384e-31 -4.25606e-31 -8.46441e-31 -3.52307e-32 3.25295e-31 5.09667e-31 3.51713e-31
202500 -2.21367e-31 -5.08573e-31 7.2994e-31 -5.82772e-32 3.25295e-31 1.40923e-31 3.71014e-31
202600 1.41232e-31 -1.45975e-31 -9.35555e-31 -5.82772e-32 4.17481e-31 5.09667e-31 4.33048e-31
202700 2.08835e-31 -1.70558e-31 -3.8277e-32 -1.27417e-31 4.17481e-31 5.09667e-31 3.49473e-31
202800 6.28734e-32 -2.24333e-31 -1.01391e-30 -5.82772e-32 3.25295e-31 4.17481e-31 3.85944e-31
202900 -9.84522e-32 -4.77845e-31 5.76297e-31 1.08623e-32 3.25295e-31 3.25295e-31 3.52847e-31
203000 2.1959e-31 1.16756e-31 -1.04157e-30 -1.21842e-32 4.17481e-31 3.25295e-31 4.39475e-31
203100 -6.00414e-32 2.14966e-32 -1.13683e-30 -1.27417e-31 3.25295e-31 5.09667e-31 4.47683e-31
203200 -3.69948e-32 -3.24201e-31 3.61196e-31 -5.82772e-32 3.25295e-31 1.40923e-31 2.49062e-31
203300 5.21183e-32 -5.07158e-32 -4.71551e-31 -1.0437e-31 4.17481e-31 4.17481e-31 3.30717e-31
203400 8.59199e-32 -2.93472e-31 2.07553e-31 -1.27417e-31 3.25295e-31 3.25295e-31 2.72426e-31
203500 -3.45818e-31 -4.48652e-31 -1.79135e-30 -3.52307e-32 3.25295e-31 4.17481e-31 4.83232e-31
203600 -3.69948e-32 -1.39829e-31 1.76824e-31 -1.21842e-32 2.33109e-31 5.09667e-31 2.9204e-31
203700 1.91934e-31 1.81286e-31 -6.08294e-31 -8.13237e-32 4.17481e-31 5.09667e-31 4.03999e-31
203800 2.08835e-31 -2.62744e-31 5.39091e-32 -1.0437e-31 3.25295e-31 3.25295e-31 2.65032e-31
203900 -6.93052e-31 -1.07244e-30 -2.23077e-30 -3.52307e-32 3.25295e-31 4.17481e-31 4.80948e-31
204000 2.44625e-32 1.38145e-32 -3.8277e-32 -3.52307e-32 3.25295e-31 4.17481e-31 2.66057e-31
204100 2.08835e-31 -7.83716e-32 -1.30463e-31 -8.13237e-32 5.09667e-31 4.17481e-31 3.44665e-31
204200 -4.05739e-31 -6.00759e-31 1.0065e-30 -5.82772e-32 5.09667e-31 6.01853e-31 5.91181e-31
204300 2.70292e-31 2.59644e-31 -5.29936e-31 -1.0437e-31 3.25295e-31 2.33109e-31 3.09276e-31
204400 1.30477e-31 2.12015e-31 -5.77565e-31 -5.82772e-32 3.25295e-31 6.01853e-31 4.06686e-31
204500 -6.00414e-32 -3.47248e-31 -7.68083e-31 -5.82772e-32 5.09667e-31 1.40923e-31 3.20471e-31
204600 -1.49155e-31 1.16756e-31 -6.72824e-31 -5.82772e-32 4.17481e-31 3.25295e-31 3.33899e-31
204700 2.70292e-31 2.59644e-31 -5.29936e-31 -1.0437e-31 5.09667e-31 5.09667e-31 4.30936e-31
204800 2.08835e-31 -3.5493e-31 1.46095e-31 -5.82772e-32 3.25295e-31 3.25295e-31 2.78941e-31
204900 1.13576e-31 1.02928e-31 -6.86652e-31 -5.82772e-32 4.17481e-31 4.17481e-31 3.75488e-31
205000 -9.84522e-32 -1.69142e-32 1.15366e-31 -1.0437e-31 4.17481e-31 3.25295e-31 2.75392e-31
205100 -9.33903e-33 2.56571e-31 -7.17381e-31 -8.13237e-32 4.17481e-31 4.17481e-31 3.90536e-31
205200 -2.82824e-31 -3.85658e-31 6.68483e-31 1.08623e-32 3.25295e-31 4.17481e-31 3.93537e-31
205300 -6.00414e-32 -7.06894e-32 -1.04464e-30 -5.82772e-32 3.25295e-31 5.09667e-31 4.1542e-31
205400 1.47377e-31 4.45432e-32 -1.9192e-31 -8.13237e-32 3.25295e-31 3.25295e-31 2.49552e-31
205500 1.47377e-31 4.45432e-32 -1.9192e-31 -3.52307e-32 3.25295e-31 3.25295e-31 2.4684e-31
205600 7.56175e-33 -3.08631e-33 -2.3955e-31 -3.52307e-32 3.25295e-31 3.25295e-31 2.4132e-31
205700 2.70292e-31 -1.69142e-32 -2.53378e-31 -5.82772e-32 3.25295e-31 3.25295e-31 2.66681e-31
205800 2.70292e-31 -1.69142e-32 -2.53378e-31 -5.82772e-32 2.33109e-31 2.33109e-31 2.12883e-31
205900 8.59199e-32 1.67458e-31 -2.53378e-31 1.08623e-32 3.25295e-31 3.25295e-31 2.5602e-31
206000 1.24331e-31 -7.06894e-32 -1.22901e-30 -1.0437e-31 5.09667e-31 5.09667e-31 5.16758e-31
206100 -9.33903e-33 -1.12173e-31 -3.48637e-31 -8.13237e-32 4.17481e-31 3.25295e-31 2.81843e-31
206200 1.30477e-31 -6.45437e-32 -3.01007e-31 -3.52307e-32 3.25295e-31 4.17481e-31 2.86712e-31
206300 8.59199e-32 2.59644e-31 -3.45564e-31 -3.52307e-32 4.17481e-31 3.25295e-31 3.07958e-31
206400 1.47377e-31 2.28915e-31 -3.76293e-31 -5.82772e-32 3.25295e-31 2.33109e-31 2.60795e-31
206500 2.08835e-31 1.98187e-31 -4.07021e-31 -3.52307e-32 3.25295e-31 2.33109e-31 2.6756e-31
206600 1.13576e-31 -8.14445e-32 -5.0228e-31 -5.82772e-32 3.25295e-31 2.33109e-31 2.56537e-31
206700 6.90191e-32 1.50557e-31 -4.54651e-31 -5.82772e-32 4.17481e-31 4.17481e-31 3.39458e-31
206800 1.13576e-31 -8.14445e-32 -5.0228e-31 -5.82772e-32 3.25295e-31 2.33109e-31 2.56537e-31
206900 2.08835e-31 2.90373e-31 -4.99207e-31 -5.82772e-32 3.25295e-31 2.33109e-31 2.97051e-31
207000 -8.30879e-32 -5.54666e-31 -1.71299e-30 -3.52307e-32 5.09667e-31 4.17481e-31 5.34191e-31
207100 1.47377e-31 -4.76429e-32 -9.97344e-32 -8.13237e-32 4.17481e-31 5.09667e-31 3.38644e-31
207200 -1.44545e-31 -1.55193e-31 -2.05101e-30 -8.13237e-32 2.33109e-31 4.17481e-31 6.00721e-31
207300 1.47377e-31 4.45432e-32 -1.9192e-31 -1.0437e-31 4.17481e-31 6.01853e-31 3.80477e-31
207400 1.41232e-31 3.83974e-32 -1.11993e-30 -3.52307e-32 4.17481e-31 3.25295e-31 4.39786e-31
207500 3.31749e-31 -4.76429e-32 -2.84106e-31 -1.0437e-31 4.17481e-31 6.01853e-31 4.01703e-31
207600 4.59726e-32 -1.49048e-31 -1.30737e-30 -3.52307e-32 6.01853e-31 3.25295e-31 5.01718e-31
207700 2.44625e-32 2.90373e-31 -3.14835e-31 -5.82772e-32 3.25295e-31 5.09667e-31 3.39884e-31
207800 2.08835e-31 1.98187e-31 -4.07021e-31 -8.13237e-32 3.25295e-31 3.25295e-31 2.92975e-31
207900 2.08835e-31 1.98187e-31 -4.07021e-31 -1.21842e-32 3.25295e-31 5.09667e-31 3.50416e-31
208000 1.47377e-31 3.21101e-31 -4.68479e-31 -5.82772e-32 3.25295e-31 3.25295e-31 3.11487e-31
208100 -4.31406e-32 -2.38161e-31 -6.58996e-31 -1.21842e-32 3.25295e-31 5.09667e-31 3.41283e-31
208200 9.66749e-32 -1.90531e-31 -6.11367e-31 -1.21842e-32 3.25295e-31 5.09667e-31 3.51324e-31
208300 9.66749e-32 -1.90531e-31 -6.11367e-31 -5.82772e-32 3.25295e-31 5.09667e-31 3.5248e-31
208400 2.08835e-31 2.90373e-31 -4.99207e-31 -5.82772e-32 4.17481e-31 5.09667e-31 3.96075e-31
208500 2.08835e-31 2.90373e-31 -4.99207e-31 -3.52307e-32 3.25295e-31 1.40923e-31 2.81173e-31
208600 2.97948e-31 -1.73631e-31 -5.94466e-31 -1.21842e-32 3.25295e-31 5.09667e-31 3.76292e-31
208700 2.08835e-31 2.90373e-31 -4.99207e-31 -1.21842e-32 3.25295e-31 5.09667e-31 3.72696e-31
208800 1.83168e-32 -2.68889e-31 -6.89725e-31 -3.52307e-32 3.25295e-31 5.09667e-31 3.51713e-31
208900 2.70292e-31 3.5183e-31 -6.22122e-31 -3.52307e-32 4.17481e-31 3.25295e-31 3.79027e-31
209000 1.75033e-31 7.2199e-32 -7.17381e-31 -5.82772e-32 3.25295e-31 3.25295e-31 3.37086e-31
209100 -2.95116e-31 -5.82322e-31 -1.00316e-30 1.08623e-32 3.25295e-31 5.09667e-31 3.51313e-31
209200 4.54664e-31 1.67458e-31 -6.22122e-31 1.08623e-32 3.25295e-31 3.25295e-31 3.61901e-31
209300 1.75033e-31 7.2199e-32 -7.17381e-31 -1.21842e-32 4.17481e-31 3.25295e-31 3.60516e-31
209400 1.75033e-31 7.2199e-32 -7.17381e-31 -8.13237e-32 3.25295e-31 5.09667e-31 3.91165e-31
209500 1.24331e-31 -4.39434e-31 -8.60269e-31 -1.21842e-32 4.17481e-31 3.25295e-31 3.62478e-31
209600 1.75033e-31 7.2199e-32 -7.17381e-31 -3.52307e-32 3.25295e-31 3.25295e-31 3.36284e-31
209700 2.1959e-31 -1.59803e-31 -7.6501e-31 -3.52307e-32 4.17481e-31 3.25295e-31 3.63734e-31
209800 2.70292e-31 3.5183e-31 -6.22122e-31 -5.82772e-32 3.25295e-31 5.09667e-31 4.06964e-31
209900 -1.04598e-31 -2.306e-32 -8.1264e-31 -5.82772e-32 4.17481e-31 5.09667e-31 3.96075e-31
210000 3.52176e-32 2.45695e-32 -7.6501e-31 -5.82772e-32 4.17481e-31 3.25295e-31 3.51898e-31
211000 1.75033e-31 7.2199e-32 -7.17381e-31 -5.82772e-32 4.17481e-31 5.09667e-31 4.11538e-31
212000 2.70292e-31 3.5183e-31 -6.22122e-31 -5.82772e-32 4.17481e-31 3.25295e-31 3.79739e-31
213000 4.54664e-31 1.67458e-31 -6.22122e-31 -8.13237e-32 3.25295e-31 3.25295e-31 3.64143e-31
214000 -1.99857e-31 -3.02691e-31 -9.07899e-31 -1.21842e-32 3.25295e-31 5.09667e-31 3.58226e-31
215000 3.14849e-31 1.19828e-31 -6.69752e-31 -5.82772e-32 4.17481e-31 5.09667e-31 4.21589e-31
216000 -9.33903e-33 2.56571e-31 -7.17381e-31 -1.21842e-32 4.17481e-31 5.09667e-31 4.1511e-31
217000 1.75033e-31 7.2199e-32 -7.17381e-31 -8.13237e-32 3.25295e-31 3.25295e-31 3.3828e-31
218000 -1.54848e-32 -4.87063e-31 -9.07899e-31 -3.52307e-32 4.17481e-31 3.25295e-31 3.4706e-31
219000 3.52176e-32 2.45695e-32 -7.6501e-31 -5.82772e-32 3.25295e-31 5.09667e-31 3.81117e-31
220000 3.14849e-31 1.19828e-31 -6.69752e-31 -1.21842e-32 4.17481e-31 3.25295e-31 3.71949e-31
221000 8.59199e-32 5.36202e-31 -6.22122e-31 -3.52307e-32 4.17481e-31 5.09667e-31 4.4105e-31
222000 3.14849e-31 1.19828e-31 -6.69752e-31 -3.52307e-32 3.25295e-31 3.25295e-31 3.48512e-31
223000 -1.04598e-31 -2.306e-32 -8.1264e-31 -3.52307e-32 4.17481e-31 5.09667e-31 3.95392e-31
224000 3.31749e-31 3.21101e-31 -6.52851e-31 -1.0437e-31 3.25295e-31 5.09667e-31 4.17675e-31
225000 -4.31406e-32 -5.37886e-32 -8.43369e-31 1.08623e-32 3.25295e-31 3.25295e-31 3.25348e-31
226000 9.66749e-32 -6.15918e-33 -7.95739e-31 -3.52307e-32 4.17481e-31 3.25295e-31 3.60896e-31
227000 7.56175e-33 4.57844e-31 -7.0048e-31 -3.52307e-32 2.33109e-31 5.09667e-31 4.05544e-31
228000 2.44625e-32 -7.83716e-32 5.39091e-32 -5.82772e-32 2.33109e-31 5.09667e-31 2.84203e-31
229000 1.13576e-31 1.95114e-31 -7.78838e-31 -1.0437e-31 4.17481e-31 4.17481e-31 4.04029e-31
230000 2.97948e-31 1.07416e-32 -7.78838e-31 -8.13237e-32 4.17481e-31 3.25295e-31 3.86987e-31
231000 8.59199e-32 -1.091e-31 2.31804e-32 -1.0437e-31 3.25295e-31 4.17481e-31 2.74602e-31
232000 -6.00414e-32 -1.62875e-31 -9.52455e-31 -8.13237e-32 2.33109e-31 3.25295e-31 3.18643e-31
233000 -9.84522e-32 -3.85658e-31 4.84111e-31 -5.82772e-32 3.25295e-31 5.09667e-31 3.764e-31
234000 8.59199e-32 1.67458e-31 -2.53378e-31 -1.21842e-32 3.25295e-31 3.25295e-31 2.56035e-31
235000 -4.34931e-31 -2.61207e-31 -1.41953e-30 -1.0437e-31 3.25295e-31 3.25295e-31 3.91855e-31
236000 -2.21367e-31 -4.76429e-32 2.6901e-31 -3.52307e-32 3.25295e-31 5.09667e-31 3.2774e-31
237000 -9.84522e-32 -1.69142e-32 1.15366e-31 -5.82772e-32 4.17481e-31 4.17481e-31 3.01862e-31
238000 -1.49155e-31 2.08942e-31 -7.6501e-31 -5.82772e-32 4.17481e-31 2.33109e-31 3.44904e-31
239000 2.44625e-32 1.38145e-32 -3.8277e-32 -8.13237e-32 3.25295e-31 6.01853e-31 3.45295e-31
240000 -4.96389e-31 -4.14851e-31 -1.20443e-30 -1.0437e-31 6.01853e-31 2.33109e-31 3.92903e-31
241000 8.59199e-32 -1.69142e-32 -6.90057e-32 -1.0437e-31 4.17481e-31 6.01853e-31 3.72471e-31
242000 2.44625e-32 1.98187e-31 -2.22649e-31 -1.50463e-31 4.17481e-31 4.17481e-31 3.22851e-31
243000 -2.10612e-31 -1.29074e-31 -3.65538e-31 -1.27417e-31 3.25295e-31 6.01853e-31 3.53514e-31
244000 2.44625e-32 2.90373e-31 -3.14835e-31 -1.0437e-31 3.25295e-31 6.01853e-31 3.78256e-31
245000 2.08835e-31 1.06001e-31 -3.14835e-31 -8.13237e-32 3.25295e-31 4.17481e-31 3.01897e-31
246000 -7.07964e-32 1.07416e-32 -4.10094e-31 -1.27417e-31 3.25295e-31 5.09667e-31 3.2888e-31
247000 1.83168e-32 2.84227e-31 -1.24284e-30 -8.13237e-32 4.17481e-31 3.25295e-31 4.88494e-31
248000 8.59199e-32 2.59644e-31 -3.45564e-31 -1.0437e-31 4.17481e-31 5.09667e-31 3.68557e-31
249000 -9.33903e-33 -1.99871e-32 -4.40823e-31 -1.27417e-31 5.09667e-31 4.17481e-31 3.57793e-31
250000 8.59199e-32 2.59644e-31 -3.45564e-31 -1.0437e-31 6.01853e-31 4.17481e-31 4.01885e-31
251000 8.59199e-32 3.5183e-31 -4.3775e-31 -1.27417e-31 6.01853e-31 4.17481e-31 4.23037e-31
252000 2.70292e-31 2.59644e-31 -5.29936e-31 -5.82772e-32 5.09667e-31 4.17481e-31 4.03e-31
253000 -1.49155e-31 1.16756e-31 -6.72824e-31 -1.0437e-31 6.94039e-31 4.17481e-31 4.55586e-31
254000 8.59199e-32 4.44016e-31 -5.29936e-31 -3.52307e-32 6.01853e-31 4.17481e-31 4.42237e-31
255000 3.31749e-31 2.28915e-31 -5.60665e-31 -8.13237e-32 5.09667e-31 4.17481e-31 4.12516e-31
256000 -1.32254e-31 3.18028e-31 -6.55924e-31 -1.27417e-31 6.01853e-31 4.17481e-31 4.45034e-31
257000 2.08835e-31 3.82559e-31 -5.91393e-31 -1.0437e-31 6.01853e-31 4.17481e-31 4.52549e-31
258000 1.13576e-31 1.02928e-31 -6.86652e-31 -1.0437e-31 6.94039e-31 4.17481e-31 4.68937e-31
259000 2.08835e-31 3.82559e-31 -5.91393e-31 -5.82772e-32 6.01853e-31 4.17481e-31 4.50469e-31
260000 2.70292e-31 3.5183e-31 -6.22122e-31 -1.0437e-31 6.01853e-31 4.17481e-31 4.58623e-31
261000 -9.33903e-33 2.56571e-31 -7.17381e-31 -1.50463e-31 6.01853e-31 4.17481e-31 4.51254e-31
262000 2.70292e-31 3.5183e-31 -6.22122e-31 -5.82772e-32 6.01853e-31 4.17481e-31 4.5657e-31
263000 -5.38956e-32 4.88573e-31 -6.69752e-31 -1.27417e-31 5.09667e-31 4.17481e-31 4.43855e-31
264000 2.08835e-31 4.74745e-31 -6.83579e-31 -1.0437e-31 5.09667e-31 4.17481e-31 4.5139e-31
265000 2.08835e-31 4.74745e-31 -6.83579e-31 -1.27417e-31 5.09667e-31 4.17481e-31 4.5287e-31
266000 -2.62398e-32 1.47484e-31 -8.26468e-31 -1.0437e-31 6.01853e-31 4.17481e-31 4.52549e-31
267000 8.59199e-32 6.28388e-31 -7.14308e-31 -1.7351e-31 5.09667e-31 4.17481e-31 4.80256e-31
268000 8.59199e-32 6.28388e-31 -7.14308e-31 -1.0437e-31 5.09667e-31 4.17481e-31 4.75218e-31
269000 -2.82824e-31 -2.01286e-31 4.84111e-31 -3.52307e-32 5.09667e-31 6.01853e-31 4.47929e-31
270000 -1.553e-31 -1.65948e-31 -1.32427e-30 -5.82772e-32 2.33109e-31 5.09667e-31 4.3895e-31
271000 2.70292e-31 -1.69142e-32 -2.53378e-31 -1.50463e-31 4.17481e-31 3.25295e-31 3.05123e-31
272000 8.59199e-32 2.59644e-31 -3.45564e-31 -1.50463e-31 5.09667e-31 3.25295e-31 3.48738e-31
273000 8.59199e-32 2.59644e-31 -3.45564e-31 -1.27417e-31 3.25295e-31 4.17481e-31 3.13999e-31
274000 -2.21367e-31 4.45432e-32 1.76824e-31 -1.27417e-31 1.40923e-31 6.01853e-31 3.31847e-31
275000 1.47377e-31 4.13287e-31 -5.60665e-31 -8.13237e-32 3.25295e-31 4.17481e-31 3.67912e-31
276000 -6.53105e-31 -1.10637e-31 -1.82208e-30 -1.50463e-31 4.17481e-31 2.33109e-31 5.0464e-31
277000 -3.44282e-31 3.82559e-31 -3.8277e-32 -8.13237e-32 5.09667e-31 6.01853e-31 4.36916e-31
278000 1.13576e-31 2.873e-31 -8.71024e-31 -1.27417e-31 4.17481e-31 4.17481e-31 4.3498e-31
279000 -2.62398e-32 2.3967e-31 -9.18654e-31 -3.52307e-32 1.40923e-31 4.17481e-31 3.75788e-31
280000 1.47377e-31 -4.76429e-32 -9.97344e-32 -1.27417e-31 6.01853e-31 5.09667e-31 4.05199e-31
281000 2.3649e-31 2.25842e-31 -9.32482e-31 -5.82772e-32 4.17481e-31 3.25295e-31 4.29137e-31
282000 -9.84522e-32 2.59644e-31 -1.61192e-31 -1.0437e-31 2.33109e-31 6.01853e-31 3.46461e-31
283000 3.31749e-31 5.9766e-31 -9.29409e-31 -8.13237e-32 6.01853e-31 3.25295e-31 5.3453e-31
284000 -2.72069e-31 -9.83452e-32 -3.34809e-31 -8.13237e-32 5.09667e-31 5.09667e-31 3.68247e-31
285000 1.91934e-31 5.5003e-31 -9.77038e-31 -1.0437e-31 4.17481e-31 3.25295e-31 4.82437e-31
286000 8.59199e-32 1.67458e-31 -2.53378e-31 -1.0437e-31 3.25295e-31 5.09667e-31 3.26839e-31
287000 -1.04598e-31 3.45684e-31 -1.18138e-30 -1.0437e-31 4.17481e-31 3.25295e-31 4.76667e-31
288000 1.47377e-31 1.36729e-31 -2.84106e-31 -8.13237e-32 5.09667e-31 5.09667e-31 3.83436e-31
289000 -2.72069e-31 -6.15918e-33 -4.26995e-31 -8.13237e-32 2.33109e-31 5.09667e-31 3.02855e-31
290000 8.59199e-32 3.5183e-31 -4.3775e-31 -1.0437e-31 3.25295e-31 4.17481e-31 3.36701e-31
291000 -1.54848e-32 6.60532e-32 -1.46102e-30 -1.0437e-31 4.17481e-31 2.33109e-31 4.94941e-31
292000 -1.49155e-31 2.45695e-32 -5.80638e-31 -1.27417e-31 2.33109e-31 3.25295e-31 2.61795e-31
293000 -5.90111e-31 -1.39829e-31 7.2994e-31 -1.0437e-31 3.25295e-31 5.09667e-31 4.55173e-31
294000 3.31749e-31 4.13287e-31 -7.45037e-31 -3.52307e-32 4.17481e-31 3.25295e-31 4.18623e-31
295000 -1.7681e-31 -3.08631e-33 -5.51778e-32 -5.82772e-32 4.17481e-31 6.94039e-31 4.08934e-31
296000 -9.84522e-32 1.67458e-31 -6.90057e-32 -5.82772e-32 3.25295e-31 6.94039e-31 3.91664e-31
297000 8.59199e-32 7.52718e-32 -1.61192e-31 -1.0437e-31 3.25295e-31 6.94039e-31 3.93504e-31
298000 -2.21367e-31 -4.76429e-32 2.6901e-31 -5.82772e-32 4.17481e-31 3.25295e-31 2.94169e-31
299000 -2.33658e-31 -5.99344e-32 -1.587e-30 -1.21842e-32 4.17481e-31 3.25295e-31 4.95359e-31
300000 -6.51569e-31 -4.77845e-31 1.12941e-30 -3.52307e-32 3.25295e-31 2.33109e-31 5.31106e-31
301000 -8.03676e-31 -5.37765e-31 -7.74229e-31 -1.0437e-31 3.25295e-31 6.01853e-31 3.54038e-31
302000 -3.44282e-31 -3.5493e-31 6.99212e-31 1.08623e-32 3.25295e-31 3.25295e-31 3.80731e-31
303000 -2.82824e-31 -3.85658e-31 6.68483e-31 -8.13237e-32 4.17481e-31 4.17481e-31 4.16724e-31
304000 -2.21367e-31 -2.32015e-31 4.53382e-31 1.08623e-32 3.25295e-31 5.09667e-31 3.60944e-31
305000 -1.5991e-31 -1.70558e-31 3.30467e-31 -3.52307e-32 2.33109e-31 5.09667e-31 3.15523e-31
306000 2.44625e-32 -3.5493e-31 3.30467e-31 3.39089e-32 3.25295e-31 5.09667e-31 3.48485e-31
307000 8.59199e-32 -3.85658e-31 2.99739e-31 1.08623e-32 4.17481e-31 4.17481e-31 3.43801e-31
308000 -6.51569e-31 -6.62217e-31 1.31379e-30 -3.52307e-32 3.25295e-31 4.17481e-31 6.28418e-31
309000 -1.10744e-31 -4.90136e-31 -1.27972e-30 -1.27417e-31 5.09667e-31 5.09667e-31 4.7263e-31
310000 1.30477e-31 -1.5673e-31 -2.08821e-31 -5.82772e-32 4.17481e-31 4.17481e-31 3.10757e-31
311000 -4.67196e-31 -4.77845e-31 9.45041e-31 -5.82772e-32 3.25295e-31 6.01853e-31 5.3479e-31
312000 -3.39672e-31 -4.42507e-31 -8.63342e-31 -5.82772e-32 5.09667e-31 4.17481e-31 3.59045e-31
313000 -4.67196e-31 -7.54403e-31 1.2216e-30 -3.52307e-32 3.25295e-31 4.17481e-31 5.96777e-31
314000 -6.70006e-31 -5.88468e-31 -1.56242e-30 -3.52307e-32 3.25295e-31 3.25295e-31 3.55672e-31
315000 -3.44282e-31 -4.47116e-31 7.91398e-31 -5.82772e-32 4.17481e-31 4.17481e-31 4.54508e-31
316000 -3.69948e-32 4.45432e-32 -7.5483e-33 -8.13237e-32 5.09667e-31 3.25295e-31 3.06097e-31
317000 -3.7962e-31 -5.7464e-31 -2.10171e-30 -5.82772e-32 4.17481e-31 2.33109e-31 5.30082e-31
318000 -2.21367e-31 -1.39829e-31 3.61196e-31 -5.82772e-32 5.09667e-31 3.25295e-31 3.42635e-31
319000 -8.76972e-32 -9.83452e-32 -5.19181e-31 -1.0437e-31 4.17481e-31 4.87367e-32 2.49356e-31
320000 -9.84522e-32 -2.01286e-31 2.99739e-31 -5.82772e-32 4.17481e-31 3.25295e-31 2.97644e-31
321000 -4.05739e-31 1.36729e-31 2.6901e-31 -8.13237e-32 2.33109e-31 3.25295e-31 2.71713e-31
322000 -9.84522e-32 -1.091e-31 2.07553e-31 -1.21842e-32 4.17481e-31 3.25295e-31 2.79881e-31
323000 -3.69948e-32 -1.39829e-31 1.76824e-31 -1.0437e-31 4.17481e-31 3.25295e-31 2.81889e-31
324000 -3.44282e-31 -2.62744e-31 6.07025e-31 -1.21842e-32 3.25295e-31 3.25295e-31 3.50345e-31
325000 1.47377e-31 4.45432e-32 -1.9192e-31 -3.52307e-32 3.25295e-31 4.17481e-31 2.79444e-31
326000 1.47377e-31 4.45432e-32 -1.9192e-31 -5.82772e-32 3.25295e-31 4.17481e-31 2.80409e-31
327000 -1.7681e-31 -5.56203e-31 4.97939e-31 -1.0437e-31 4.17481e-31 4.17481e-31 4.01894e-31
328000 1.47377e-31 2.28915e-31 -3.76293e-31 -1.21842e-32 3.25295e-31 1.40923e-31 2.41991e-31
329000 -2.27513e-31 -1.45975e-31 -5.6681e-31 -8.13237e-32 3.25295e-31 2.33109e-31 2.32968e-31
330000 -9.84522e-32 -2.01286e-31 2.99739e-31 -8.13237e-32 2.33109e-31 4.17481e-31 2.76584e-31
331000 2.70292e-31 3.5183e-31 -6.22122e-31 -5.82772e-32 4.17481e-31 4.17481e-31 4.01698e-31
332000 -1.04598e-31 -2.306e-32 -8.1264e-31 -8.13237e-32 4.17481e-31 2.33109e-31 3.2589e-31
333000 -9.33903e-33 -4.80917e-31 2.01075e-32 -1.0437e-31 3.25295e-31 5.09667e-31 3.3786e-31
334000 1.24331e-31 2.98055e-31 -1.59776e-30 -5.82772e-32 4.17481e-31 5.09667e-31 6.20363e-31
335000 2.70292e-31 3.5183e-31 -6.22122e-31 -1.21842e-32 3.25295e-31 3.25295e-31 3.55287e-31
336000 -2.8897e-31 -5.76176e-31 -7.51514e-32 -1.27417e-31 5.09667e-31 3.25295e-31 3.33944e-31
337000 4.54664e-31 2.59644e-31 -7.14308e-31 -5.82772e-32 2.33109e-31 3.25295e-31 3.73181e-31
338000 -3.69948e-32 4.45432e-32 -7.5483e-33 -5.82772e-32 3.25295e-31 5.09667e-31 3.04778e-31
339000 3.25604e-31 4.07142e-31 -1.67304e-30 -3.52307e-32 2.33109e-31 5.09667e-31 6.53347e-31
340000 -4.31406e-32 3.83974e-32 -9.35555e-31 -5.82772e-32 3.25295e-31 3.25295e-31 3.56431e-31
341000 1.91934e-31 -3.71831e-31 -5.51778e-32 -1.21842e-32 5.09667e-31 3.25295e-31 3.34157e-31
342000 2.81047e-31 -9.83452e-32 -8.87925e-31 -5.82772e-32 4.17481e-31 2.33109e-31 3.83753e-31
343000 -2.21367e-31 3.21101e-31 -9.97344e-32 -1.0437e-31 3.25295e-31 5.09667e-31 3.38594e-31
344000 5.77579e-31 2.90373e-31 -8.67952e-31 -3.52307e-32 6.01853e-31 2.33109e-31 5.01452e-31
345000 -7.69421e-32 -1.79776e-31 -1.15373e-30 -1.21842e-32 3.25295e-31 3.25295e-31 3.7624e-31
346000 -9.84522e-32 -3.85658e-31 4.84111e-31 -8.13237e-32 4.17481e-31 5.09667e-31 3.99553e-31
347000 5.16122e-31 5.05473e-31 -1.0216e-30 -5.82772e-32 4.17481e-31 4.17481e-31 5.33254e-31
348000 5.21183e-32 -1.42902e-31 -3.79365e-31 -3.52307e-32 3.25295e-31 3.25295e-31 2.55038e-31
349000 1.35086e-31 1.24438e-31 -2.14012e-30 -1.0437e-31 4.17481e-31 5.09667e-31 7.36131e-31
350000 2.44625e-32 -3.5493e-31 3.30467e-31 -1.0437e-31 4.17481e-31 5.09667e-31 3.75556e-31
351000 3.42504e-31 2.3967e-31 -1.2874e-30 -5.82772e-32 4.17481e-31 4.17481e-31 5.4497e-31
352000 -2.62398e-32 -1.29074e-31 -5.4991e-31 -8.13237e-32 5.09667e-31 5.09667e-31 3.88764e-31
353000 5.26877e-31 7.92787e-31 -2.02489e-30 -5.82772e-32 3.25295e-31 3.25295e-31 8.12639e-31
354000 -7.07964e-32 1.02928e-31 -5.0228e-31 -5.82772e-32 4.17481e-31 4.17481e-31 3.35465e-31
355000 2.02689e-31 1.92041e-31 -1.33503e-30 1.08623e-32 1.40923e-31 2.33109e-31 4.63444e-31
356000 -1.5991e-31 -7.83716e-32 2.38281e-31 -8.13237e-32 5.09667e-31 6.01853e-31 4.10622e-31
357000 3.87061e-31 9.98548e-32 -1.42721e-30 -1.0437e-31 5.09667e-31 3.25295e-31 5.76763e-31
358000 -5.40945e-31 -4.59407e-31 -8.80243e-31 -5.82772e-32 3.25295e-31 2.33109e-31 2.31231e-31
359000 4.54664e-31 1.67458e-31 -6.22122e-31 -8.13237e-32 4.17481e-31 6.01853e-31 4.62616e-31
360000 -1.10744e-31 -2.92057e-32 -1.74065e-30 -5.82772e-32 3.25295e-31 2.33109e-31 5.23974e-31
361000 -9.33903e-33 2.56571e-31 -7.17381e-31 -8.13237e-32 4.17481e-31 4.17481e-31 3.90536e-31
362000 1.18185e-31 -4.45579e-31 -1.78828e-30 3.39089e-32 2.33109e-31 1.40923e-31 5.09169e-31
363000 -5.28654e-31 -7.83716e-32 6.07025e-31 -5.82772e-32 2.33109e-31 4.17481e-31 3.743e-31
364000 3.36359e-31 -4.30336e-32 -1.93885e-30 -1.0437e-31 4.17481e-31 3.25295e-31 6.67267e-31
365000 -4.67196e-31 7.52718e-32 3.91925e-31 -8.13237e-32 4.17481e-31 5.09667e-31 3.97155e-31
366000 4.99221e-31 3.96387e-31 -1.13068e-30 -5.82772e-32 3.25295e-31 5.09667e-31 5.48864e-31
367000 -6.00414e-32 2.05869e-31 -1.3212e-30 -3.52307e-32 4.17481e-31 5.09667e-31 5.25222e-31
368000 -2.50559e-31 -3.53393e-31 -1.51172e-30 -1.0437e-31 3.25295e-31 3.25295e-31 4.22696e-31
369000 3.59405e-31 3.48757e-31 -1.17831e-30 -5.82772e-32 4.17481e-31 4.17481e-31 5.33254e-31
370000 3.53259e-31 3.42611e-31 -2.10632e-30 -5.82772e-32 2.33109e-31 3.25295e-31 7.37651e-31
371000 -1.5991e-31 -7.83716e-32 2.38281e-31 -5.82772e-32 3.25295e-31 4.17481e-31 2.86586e-31
372000 -1.78347e-31 -9.68088e-32 -2.54574e-30 -5.82772e-32 3.25295e-31 4.17481e-31 7.45571e-31
373000 -2.61314e-31 -3.64148e-31 -7.84984e-31 -8.13237e-32 4.17481e-31 4.17481e-31 3.29091e-31
374000 6.28734e-32 2.36597e-31 -1.47484e-30 -8.13237e-32 4.17481e-31 4.17481e-31 5.57996e-31
375000 2.97948e-31 5.63858e-31 -1.33195e-30 -3.52307e-32 2.33109e-31 4.17481e-31 5.67116e-31
376000 1.0743e-31 4.59586e-33 -1.52247e-30 -1.0437e-31 5.09667e-31 5.09667e-31 5.84558e-31
377000 1.01284e-31 -1.54988e-33 -2.45048e-30 -3.52307e-32 3.25295e-31 3.25295e-31 7.59092e-31
378000 -2.55169e-31 -3.58003e-31 1.43022e-31 -3.52307e-32 4.17481e-31 5.09667e-31 3.5585e-31
379000 -3.12017e-31 -1.38293e-31 -1.66536e-30 -1.27417e-31 5.09667e-31 2.33109e-31 5.07868e-31
380000 -3.69948e-32 1.36729e-31 -9.97344e-32 -1.21842e-32 3.25295e-31 4.17481e-31 2.72012e-31
381000 -3.28917e-31 2.91788e-32 -2.05101e-30 -8.13237e-32 3.25295e-31 3.25295e-31 6.03848e-31
382000 9.05292e-32 1.72067e-31 -1.90812e-30 -5.82772e-32 4.17481e-31 5.09667e-31 6.76359e-31
383000 3.25604e-31 4.99328e-31 -1.76523e-30 -1.21842e-32 4.17481e-31 6.94039e-31 7.49964e-31
384000 -3.22772e-31 3.53245e-32 -1.123e-30 -1.50463e-31 5.09667e-31 3.25295e-31 4.30607e-31
385000 -2.84361e-31 -2.02823e-31 -2.09864e-30 -1.21842e-32 4.17481e-31 3.25295e-31 5.98408e-31
386000 -9.38429e-32 3.56439e-31 -1.90812e-30 -5.82772e-32 3.25295e-31 3.25295e-31 6.43437e-31
387000 2.81047e-31 7.31329e-31 -1.7176e-30 -1.0437e-31 5.09667e-31 3.25295e-31 7.21196e-31
388000 2.81047e-31 7.31329e-31 -1.7176e-30 -5.82772e-32 2.33109e-31 4.17481e-31 6.95648e-31
389000 4.59726e-32 4.04069e-31 -1.86049e-30 -5.82772e-32 4.17481e-31 1.40923e-31 6.48724e-31
390000 1.41232e-31 -5.37886e-32 -1.02774e-30 -3.52307e-32 4.17481e-31 3.25295e-31 4.10832e-31
391000 -9.38429e-32 3.56439e-31 -1.90812e-30 -1.27417e-31 4.17481e-31 3.25295e-31 6.59081e-31
392000 2.74901e-31 -1.23049e-32 -1.90812e-30 -8.13237e-32 3.25295e-31 2.33109e-31 6.27999e-31
393000 -2.84361e-31 -2.02823e-31 -2.09864e-30 -3.52307e-32 4.17481e-31 3.25295e-31 5.98637e-31
394000 1.85788e-31 4.51698e-31 -1.81286e-30 -8.13237e-32 4.17481e-31 3.25295e-31 6.75146e-31
395000 1.85788e-31 4.51698e-31 -1.81286e-30 -1.50463e-31 2.33109e-31 4.17481e-31 6.68534e-31
396000 2.81047e-31 7.31329e-31 -1.7176e-30 -3.52307e-32 3.25295e-31 3.25295e-31 6.9219e-31
397000 2.08835e-31 6.59117e-31 -8.67952e-31 -1.0437e-31 4.17481e-31 5.09667e-31 5.15547e-31
398000 -2.22903e-31 -2.33551e-31 -2.12936e-30 -8.13237e-32 4.17481e-31 3.25295e-31 6.11363e-31
399000 1.51987e-31 1.41339e-31 -1.93885e-30 -1.21842e-32 4.17481e-31 3.25295e-31 6.5844e-31
400000 3.87061e-31 4.68599e-31 -1.79596e-30 -5.82772e-32 3.25295e-31 4.17481e-31 6.9609e-31
401000 1.0743e-31 3.7334e-31 -1.89122e-30 -1.21842e-32 4.17481e-31 1.40923e-31 6.5777e-31
402000 3.93207e-31 4.74745e-31 -8.67952e-31 -3.52307e-32 4.17481e-31 3.25295e-31 4.60985e-31
403000 -2.6746e-31 -1.54988e-33 -2.08173e-30 -8.13237e-32 2.33109e-31 3.25295e-31 6.0245e-31
404000 1.96543e-31 -9.06631e-32 -1.98648e-30 -3.52307e-32 4.17481e-31 3.25295e-31 6.50458e-31
405000 1.01284e-31 3.67194e-31 -2.81922e-30 -8.13237e-32 4.17481e-31 1.40923e-31 9.12991e-31
406000 -7.69421e-32 5.57712e-31 -1.89122e-30 -5.82772e-32 5.09667e-31 3.25295e-31 7.05151e-31
407000 -8.30879e-32 -1.85922e-31 -2.08173e-30 -3.52307e-32 3.25295e-31 2.33109e-31 5.98191e-31
408000 8.59199e-32 3.5183e-31 -4.3775e-31 -3.52307e-32 3.25295e-31 1.40923e-31 2.68792e-31
409000 -2.56705e-31 -2.67353e-31 -2.53191e-30 -8.13237e-32 3.25295e-31 5.09667e-31 7.23642e-31
410000 1.68887e-31 6.1917e-31 -2.1985e-30 -5.82772e-32 5.09667e-31 3.25295e-31 8.16453e-31
