1000 -34.0239 -99.8766 -34.0239 30 0
2000 -34.0799 -100.041 -34.0799 30 0
3000 -34.066 -100 -34.066 30 0
4000 -34.0659 -100 -34.0659 30 0
5000 -34.0659 -100 -34.0659 30 0
6000 -34.0659 -100 -34.0659 30 0
7000 -34.0659 -100 -34.0659 30 0
8000 -34.0659 -100 -34.0659 30 0
9000 -34.0659 -100 -34.0659 30 0
10000 -34.0659 -100 -34.0659 30 0
11000 -34.0659 -100 -34.0659 30 0
12000 -34.0659 -100 -34.0659 30 0
13000 -34.0659 -100 -34.0659 30 0
14000 -34.0659 -100 -34.0659 30 0
15000 -34.0659 -100 -34.0659 30 0
16000 -34.0659 -100 -34.0659 30 0
17000 -34.0659 -100 -34.0659 30 0
18000 -34.0659 -100 -34.0659 30 0
19000 -34.0659 -100 -34.0659 30 0
20000 -34.0659 -100 -34.0659 30 0
21000 -34.0659 -100 -34.0659 30 0
22000 -34.0659 -100 -34.0659 30 0
23000 -34.0659 -100 -34.0659 30 0
24000 -34.0659 -100 -34.0659 30 0
25000 -34.0659 -100 -34.0659 30 0
26000 -34.0659 -100 -34.0659 30 0
27000 -34.0659 -100 -34.0659 30 0
28000 -34.0659 -100 -34.0659 30 0
29000 -34.0659 -100 -34.0659 30 0
30000 -34.0659 -100 -34.0659 30 0
31000 -34.0659 -100 -34.0659 30 0
32000 -34.0659 -100 -34.0659 30 0
33000 -34.0659 -100 -34.0659 30 0
34000 -34.0659 -100 -34.0659 30 0
35000 -34.0659 -100 -34.0659 30 0
36000 -34.0659 -100 -34.0659 30 0
37000 -34.0659 -100 -34.0659 30 0
38000 -34.0659 -100 -34.0659 30 0
39000 -34.0659 -100 -34.0659 30 0
40000 -34.0659 -100 -34.0659 30 0
41000 -34.0659 -100 -34.0659 30 0
42000 -34.0659 -100 -34.0659 30 0
43000 -34.0659 -100 -34.0659 30 0
44000 -34.0659 -100 -34.0659 30 0
45000 -34.0659 -100 -34.0659 30 0
46000 -34.0659 -100 -34.0659 30 0
47000 -34.0659 -100 -34.0659 30 0
48000 -34.0659 -100 -34.0659 30 0
49000 -34.0659 -100 -34.0659 30 0
50000 -34.0659 -100 -34.0659 30 0
51000 -34.0659 -100 -34.0659 30 0
52000 -34.0659 -100 -34.0659 30 0
53000 -34.0659 -100 -34.0659 30 0
54000 -34.0659 -100 -34.0659 30 0
55000 -34.0659 -100 -34.0659 30 0
56000 -34.0659 -100 -34.0659 30 0
57000 -34.0659 -100 -34.0659 30 0
58000 -34.0659 -100 -34.0659 30 0
59000 -34.0659 -100 -34.0659 30 0
60000 -34.0659 -100 -34.0659 30 0
61000 -34.0659 -100 -34.0659 30 0
62000 -34.0659 -100 -34.0659 30 0
63000 -34.0659 -100 -34.0659 30 0
64000 -34.0659 -100 -34.0659 30 0
65000 -34.0659 -100 -34.0659 30 0
66000 -34.0659 -100 -34.0659 30 0
67000 -34.0659 -100 -34.0659 30 0
68000 -34.0659 -100 -34.0659 30 0
69000 -34.0659 -100 -34.0659 30 0
70000 -34.0659 -100 -34.0659 30 0
71000 -34.0659 -100 -34.0659 30 0
72000 -34.0659 -100 -34.0659 30 0
73000 -34.0659 -100 -34.0659 30 0
74000 -34.0659 -100 -34.0659 30 0
75000 -34.0659 -100 -34.0659 30 0
76000 -34.0659 -100 -34.0659 30 0
77000 -34.0659 -100 -34.0659 30 0
78000 -34.0659 -100 -34.0659 30 0
79000 -34.0659 -100 -34.0659 30 0
80000 -34.0659 -100 -34.0659 30 0
81000 -34.0659 -100 -34.0659 30 0
82000 -34.0659 -100 -34.0659 30 0
83000 -34.0659 -100 -34.0659 30 0
84000 -34.0659 -100 -34.0659 30 0
85000 -34.0659 -100 -34.0659 30 0
86000 -34.0659 -100 -34.0659 30 0
87000 -34.0659 -100 -34.0659 30 0
88000 -34.0659 -100 -34.0659 30 0
89000 -34.0659 -100 -34.0659 30 0
90000 -34.0659 -100 -34.0659 30 0
91000 -34.0659 -100 -34.0659 30 0
92000 -34.0659 -100 -34.0659 30 0
93000 -34.0659 -100 -34.0659 30 0
94000 -34.0659 -100 -34.0659 30 0
95000 -34.0659 -100 -34.0659 30 0
96000 -34.0659 -100 -34.0659 30 0
97000 -34.0659 -100 -34.0659 30 0
98000 -34.0659 -100 -34.0659 30 0
99000 -34.0659 -100 -34.0659 30 0
100000 -34.0659 -100 -34.0659 30 0
101000 -34.0659 -100 -34.0659 30 0
102000 -34.0659 -100 -34.0659 30 0
103000 -34.0659 -100 -34.0659 30 0
104000 -34.0659 -100 -34.0659 30 0
105000 -34.0659 -100 -34.0659 30 0
106000 -34.0659 -100 -34.0659 30 0
107000 -34.0659 -100 -34.0659 30 0
108000 -34.0659 -100 -34.0659 30 0
109000 -34.0659 -100 -34.0659 30 0
110000 -34.0659 -100 -34.0659 30 0
111000 -34.0659 -100 -34.0659 30 0
112000 -34.0659 -100 -34.0659 30 0
113000 -34.0659 -100 -34.0659 30 0
114000 -34.0659 -100 -34.0659 30 0
115000 -34.0659 -100 -34.0659 30 0
116000 -34.0659 -100 -34.0659 30 0
117000 -34.0659 -100 -34.0659 30 0
118000 -34.0659 -100 -34.0659 30 0
119000 -34.0659 -100 -34.0659 30 0
120000 -34.0659 -100 -34.0659 30 0
121000 -34.0659 -100 -34.0659 30 0
122000 -34.0659 -100 -34.0659 30 0
123000 -34.0659 -100 -34.0659 30 0
124000 -34.0659 -100 -34.0659 30 0
125000 -34.0659 -100 -34.0659 30 0
126000 -34.0659 -100 -34.0659 30 0
127000 -34.0659 -100 -34.0659 30 0
128000 -34.0659 -100 -34.0659 30 0
129000 -34.0659 -100 -34.0659 30 0
130000 -34.0659 -100 -34.0659 30 0
131000 -34.0659 -100 -34.0659 30 0
132000 -34.0659 -100 -34.0659 30 0
133000 -34.0659 -100 -34.0659 30 0
134000 -34.0659 -100 -34.0659 30 0
135000 -34.0659 -100 -34.0659 30 0
136000 -34.0659 -100 -34.0659 30 0
137000 -34.0659 -100 -34.0659 30 0
138000 -34.0659 -100 -34.0659 30 0
139000 -34.0659 -100 -34.0659 30 0
140000 -34.0659 -100 -34.0659 30 0
141000 -34.0659 -100 -34.0659 30 0
142000 -34.0659 -100 -34.0659 30 0
143000 -34.0659 -100 -34.0659 30 0
144000 -34.0659 -100 -34.0659 30 0
145000 -34.0659 -100 -34.0659 30 0
146000 -34.0659 -100 -34.0659 30 0
147000 -34.0659 -100 -34.0659 30 0
148000 -34.0659 -100 -34.0659 30 0
149000 -34.0659 -100 -34.0659 30 0
150000 -34.0659 -100 -34.0659 30 0
151000 -34.0659 -100 -34.0659 30 0
152000 -34.0659 -100 -34.0659 30 0
153000 -34.0659 -100 -34.0659 30 0
154000 -34.0659 -100 -34.0659 30 0
155000 -34.0659 -100 -34.0659 30 0
156000 -34.0659 -100 -34.0659 30 0
157000 -34.0659 -100 -34.0659 30 0
158000 -34.0659 -100 -34.0659 30 0
159000 -34.0659 -100 -34.0659 30 0
160000 -34.0659 -100 -34.0659 30 0
161000 -34.0659 -100 -34.0659 30 0
162000 -34.0659 -100 -34.0659 30 0
163000 -34.0659 -100 -34.0659 30 0
164000 -34.0659 -100 -34.0659 30 0
165000 -34.0659 -100 -34.0659 30 0
166000 -34.0659 -100 -34.0659 30 0
167000 -34.0659 -100 -34.0659 30 0
168000 -34.0659 -100 -34.0659 30 0
169000 -34.0659 -100 -34.0659 30 0
170000 -34.0659 -100 -34.0659 30 0
171000 -34.0659 -100 -34.0659 30 0
172000 -34.0659 -100 -34.0659 30 0
173000 -34.0659 -100 -34.0659 30 0
174000 -34.0659 -100 -34.0659 30 0
175000 -34.0659 -100 -34.0659 30 0
176000 -34.0659 -100 -34.0659 30 0
177000 -34.0659 -100 -34.0659 30 0
178000 -34.0659 -100 -34.0659 30 0
179000 -34.0659 -100 -34.0659 30 0
180000 -34.0659 -100 -34.0659 30 0
181000 -34.0659 -100 -34.0659 30 0
182000 -34.0659 -100 -34.0659 30 0
183000 -34.0659 -100 -34.0659 30 0
184000 -34.0659 -100 -34.0659 30 0
185000 -34.0659 -100 -34.0659 30 0
186000 -34.0659 -100 -34.0659 30 0
187000 -34.0659 -100 -34.0659 30 0
188000 -34.0659 -100 -34.0659 30 0
189000 -34.0659 -100 -34.0659 30 0
190000 -34.0659 -100 -34.0659 30 0
191000 -34.0659 -100 -34.0659 30 0
192000 -34.0659 -100 -34.0659 30 0
193000 -34.0659 -100 -34.0659 30 0
194000 -34.0659 -100 -34.0659 30 0
195000 -34.0659 -100 -34.0659 30 0
196000 -34.0659 -100 -34.0659 30 0
197000 -34.0659 -100 -34.0659 30 0
198000 -34.0659 -100 -34.0659 30 0
199000 -34.0659 -100 -34.0659 30 0
200000 -34.0659 -100 -34.0659 30 0
200100 -34.0659 -100 -34.0659 30 0.997326
200200 -34.0659 -100 -34.0659 30 0.997326
200300 -34.0659 -100 -34.0659 30 0.997326
200400 -34.0659 -100 -34.0659 30 0.997326
200500 -34.0659 -100 -34.0659 30 0.997326
200600 -34.0659 -100 -34.0659 30 0.997326
200700 -34.0659 -100 -34.0659 30 0.997326
200800 -34.0659 -100 -34.0659 30 0.997326
200900 -34.0659 -100 -34.0659 30 0.997326
201000 -34.0659 -100 -34.0659 30 0.997326
201100 -34.0659 -100 -34.0659 30 0.997326
201200 -34.0659 -100 -34.0659 30 0.997326
201300 -34.0659 -100 -34.0659 30 0.997326
201400 -34.0659 -100 -34.0659 30 0.997326
201500 -34.0659 -100 -34.0659 30 0.997326
201600 -34.0659 -100 -34.0659 30 0.997326
201700 -34.0659 -100 -34.0659 30 0.997326
201800 -34.0659 -100 -34.0659 30 0.997326
201900 -34.0659 -100 -34.0659 30 0.997326
202000 -34.0659 -100 -34.0659 30 0.997326
202100 -34.0659 -100 -34.0659 30 0.997326
202200 -34.0659 -100 -34.0659 30 0.997326
202300 -34.0659 -100 -34.0659 30 0.997326
202400 -34.0659 -100 -34.0659 30 0.997326
202500 -34.0659 -100 -34.0659 30 0.997326
202600 -34.0659 -100 -34.0659 30 0.997326
202700 -34.0659 -100 -34.0659 30 0.997326
202800 -34.0659 -100 -34.0659 30 0.997326
202900 -34.0659 -100 -34.0659 30 0.997326
203000 -34.0659 -100 -34.0659 30 0.997326
203100 -34.0659 -100 -34.0659 30 0.997326
203200 -34.0659 -100 -34.0659 30 0.997326
203300 -34.0659 -100 -34.0659 30 0.997326
203400 -34.0659 -100 -34.0659 30 0.997326
203500 -34.0659 -100 -34.0659 30 0.997326
203600 -34.0659 -100 -34.0659 30 0.997326
203700 -34.0659 -100 -34.0659 30 0.997326
203800 -34.0659 -100 -34.0659 30 0.997326
203900 -34.0659 -100 -34.0659 30 0.997326
204000 -34.0659 -100 -34.0659 30 0.997326
204100 -34.0659 -100 -34.0659 30 0.997326
204200 -34.0659 -100 -34.0659 30 0.997326
204300 -34.0659 -100 -34.0659 30 0.997326
204400 -34.0659 -100 -34.0659 30 0.997326
204500 -34.0659 -100 -34.0659 30 0.997326
204600 -34.0659 -100 -34.0659 30 0.997326
204700 -34.0659 -100 -34.0659 30 0.997326
204800 -34.0659 -100 -34.0659 30 0.997326
204900 -34.0659 -100 -34.0659 30 0.997326
205000 -34.0659 -100 -34.0659 30 0.997326
205100 -34.0659 -100 -34.0659 30 0.997326
205200 -34.0659 -100 -34.0659 30 0.997326
205300 -34.0659 -100 -34.0659 30 0.997326
205400 -34.0659 -100 -34.0659 30 0.997326
205500 -34.0659 -100 -34.0659 30 0.997326
205600 -34.0659 -100 -34.0659 30 0.997326
205700 -34.0659 -100 -34.0659 30 0.997326
205800 -34.0659 -100 -34.0659 30 0.997326
205900 -34.0659 -100 -34.0659 30 0.997326
206000 -34.0659 -100 -34.0659 30 0.997326
206100 -34.0659 -100 -34.0659 30 0.997326
206200 -34.0659 -100 -34.0659 30 0.997326
206300 -34.0659 -100 -34.0659 30 0.997326
206400 -34.0659 -100 -34.0659 30 0.997326
206500 -34.0659 -100 -34.0659 30 0.997326
206600 -34.0659 -100 -34.0659 30 0.997326
206700 -34.0659 -100 -34.0659 30 0.997326
206800 -34.0659 -100 -34.0659 30 0.997326
206900 -34.0659 -100 -34.0659 30 0.997326
207000 -34.0659 -100 -34.0659 30 0.997326
207100 -34.0659 -100 -34.0659 30 0.997326
207200 -34.0659 -100 -34.0659 30 0.997326
207300 -34.0659 -100 -34.0659 30 0.997326
207400 -34.0659 -100 -34.0659 30 0.997326
207500 -34.0659 -100 -34.0659 30 0.997326
207600 -34.0659 -100 -34.0659 30 0.997326
207700 -34.0659 -100 -34.0659 30 0.997326
207800 -34.0659 -100 -34.0659 30 0.997326
207900 -34.0659 -100 -34.0659 30 0.997326
208000 -34.0659 -100 -34.0659 30 0.997326
208100 -34.0659 -100 -34.0659 30 0.997326
208200 -34.0659 -100 -34.0659 30 0.997326
208300 -34.0659 -100 -34.0659 30 0.997326
208400 -34.0659 -100 -34.0659 30 0.997326
208500 -34.0659 -100 -34.0659 30 0.997326
208600 -34.0659 -100 -34.0659 30 0.997326
208700 -34.0659 -100 -34.0659 30 0.997326
208800 -34.0659 -100 -34.0659 30 0.997326
208900 -34.0659 -100 -34.0659 30 0.997326
209000 -34.0659 -100 -34.0659 30 0.997326
209100 -34.0659 -100 -34.0659 30 0.997326
209200 -34.0659 -100 -34.0659 30 0.997326
209300 -34.0659 -100 -34.0659 30 0.997326
209400 -34.0659 -100 -34.0659 30 0.997326
209500 -34.0659 -100 -34.0659 30 0.997326
209600 -34.0659 -100 -34.0659 30 0.997326
209700 -34.0659 -100 -34.0659 30 0.997326
209800 -34.0659 -100 -34.0659 30 0.997326
209900 -34.0659 -100 -34.0659 30 0.997326
210000 -34.0659 -100 -34.0659 30 0.997326
211000 -34.0659 -100 -34.0659 30 0.997326
212000 -34.0659 -100 -34.0659 30 0.997326
213000 -34.0659 -100 -34.0659 30 0.997326
214000 -34.0659 -100 -34.0659 30 0.997326
215000 -34.0659 -100 -34.0659 30 0.997326
216000 -34.0659 -100 -34.0659 30 0.997326
217000 -34.0659 -100 -34.0659 30 0.997326
218000 -34.0659 -100 -34.0659 30 0.997326
219000 -34.0659 -100 -34.0659 30 0.997326
220000 -34.0659 -100 -34.0659 30 0.997326
221000 -34.0659 -100 -34.0659 30 0.997326
222000 -34.0659 -100 -34.0659 30 0.997326
223000 -34.0659 -100 -34.0659 30 0.997326
224000 -34.0659 -100 -34.0659 30 0.997326
225000 -34.0659 -100 -34.0659 30 0.997326
226000 -34.0659 -100 -34.0659 30 0.997326
227000 -34.0659 -100 -34.0659 30 0.997326
228000 -34.0659 -100 -34.0659 30 0.997326
229000 -34.0659 -100 -34.0659 30 0.997326
230000 -34.0659 -100 -34.0659 30 0.997326
231000 -34.0659 -100 -34.0659 30 0.997326
232000 -34.0659 -100 -34.0659 30 0.997326
233000 -34.0659 -100 -34.0659 30 0.997326
234000 -34.0659 -100 -34.0659 30 0.997326
235000 -34.0659 -100 -34.0659 30 0.997326
236000 -34.0659 -100 -34.0659 30 0.997326
237000 -34.0659 -100 -34.0659 30 0.997326
238000 -34.0659 -100 -34.0659 30 0.997326
239000 -34.0659 -100 -34.0659 30 0.997326
240000 -34.0659 -100 -34.0659 30 0.997326
241000 -34.0659 -100 -34.0659 30 0.997326
242000 -34.0659 -100 -34.0659 30 0.997326
243000 -34.0659 -100 -34.0659 30 0.997326
244000 -34.0659 -100 -34.0659 30 0.997326
245000 -34.0659 -100 -34.0659 30 0.997326
246000 -34.0659 -100 -34.0659 30 0.997326
247000 -34.0659 -100 -34.0659 30 0.997326
248000 -34.0659 -100 -34.0659 30 0.997326
249000 -34.0659 -100 -34.0659 30 0.997326
250000 -34.0659 -100 -34.0659 30 0.997326
251000 -34.0659 -100 -34.0659 30 0.997326
252000 -34.0659 -100 -34.0659 30 0.997326
253000 -34.0659 -100 -34.0659 30 0.997326
254000 -34.0659 -100 -34.0659 30 0.997326
255000 -34.0659 -100 -34.0659 30 0.997326
256000 -34.0659 -100 -34.0659 30 0.997326
257000 -34.0659 -100 -34.0659 30 0.997326
258000 -34.0659 -100 -34.0659 30 0.997326
259000 -34.0659 -100 -34.0659 30 0.997326
260000 -34.0659 -100 -34.0659 30 0.997326
261000 -34.0659 -100 -34.0659 30 0.997326
262000 -34.0659 -100 -34.0659 30 0.997326
263000 -34.0659 -100 -34.0659 30 0.997326
264000 -34.0659 -100 -34.0659 30 0.997326
265000 -34.0659 -100 -34.0659 30 0.997326
266000 -34.0659 -100 -34.0659 30 0.997326
267000 -34.0659 -100 -34.0659 30 0.997326
268000 -34.0659 -100 -34.0659 30 0.997326
269000 -34.0659 -100 -34.0659 30 0.997326
270000 -34.0659 -100 -34.0659 30 0.997326
271000 -34.0659 -100 -34.0659 30 0.997326
272000 -34.0659 -100 -34.0659 30 0.997326
273000 -34.0659 -100 -34.0659 30 0.997326
274000 -34.0659 -100 -34.0659 30 0.997326
275000 -34.0659 -100 -34.0659 30 0.997326
276000 -34.0659 -100 -34.0659 30 0.997326
277000 -34.0659 -100 -34.0659 30 0.997326
278000 -34.0659 -100 -34.0659 30 0.997326
279000 -34.0659 -100 -34.0659 30 0.997326
280000 -34.0659 -100 -34.0659 30 0.997326
281000 -34.0659 -100 -34.0659 30 0.997326
282000 -34.0659 -100 -34.0659 30 0.997326
283000 -34.0659 -100 -34.0659 30 0.997326
284000 -34.0659 -100 -34.0659 30 0.997326
285000 -34.0659 -100 -34.0659 30 0.997326
286000 -34.0659 -100 -34.0659 30 0.997326
287000 -34.0659 -100 -34.0659 30 0.997326
288000 -34.0659 -100 -34.0659 30 0.997326
289000 -34.0659 -100 -34.0659 30 0.997326
290000 -34.0659 -100 -34.0659 30 0.997326
291000 -34.0659 -100 -34.0659 30 0.997326
292000 -34.0659 -100 -34.0659 30 0.997326
293000 -34.0659 -100 -34.0659 30 0.997326
294000 -34.0659 -100 -34.0659 30 0.997326
295000 -34.0659 -100 -34.0659 30 0.997326
296000 -34.0659 -100 -34.0659 30 0.997326
297000 -34.0659 -100 -34.0659 30 0.997326
298000 -34.0659 -100 -34.0659 30 0.997326
299000 -34.0659 -100 -34.0659 30 0.997326
300000 -34.0659 -100 -34.0659 30 0.997326
301000 -34.0659 -100 -34.0659 30 0.997326
302000 -34.0659 -100 -34.0659 30 0.997326
303000 -34.0659 -100 -34.0659 30 0.997326
304000 -34.0659 -100 -34.0659 30 0.997326
305000 -34.0659 -100 -34.0659 30 0.997326
306000 -34.0659 -100 -34.0659 30 0.997326
307000 -34.0659 -100 -34.0659 30 0.997326
308000 -34.0659 -100 -34.0659 30 0.997326
309000 -34.0659 -100 -34.0659 30 0.997326
310000 -34.0659 -100 -34.0659 30 0.997326
311000 -34.0659 -100 -34.0659 30 0.997326
312000 -34.0659 -100 -34.0659 30 0.997326
313000 -34.0659 -100 -34.0659 30 0.997326
314000 -34.0659 -100 -34.0659 30 0.997326
315000 -34.0659 -100 -34.0659 30 0.997326
316000 -34.0659 -100 -34.0659 30 0.997326
317000 -34.0659 -100 -34.0659 30 0.997326
318000 -34.0659 -100 -34.0659 30 0.997326
319000 -34.0659 -100 -34.0659 30 0.997326
320000 -34.0659 -100 -34.0659 30 0.997326
321000 -34.0659 -100 -34.0659 30 0.997326
322000 -34.0659 -100 -34.0659 30 0.997326
323000 -34.0659 -100 -34.0659 30 0.997326
324000 -34.0659 -100 -34.0659 30 0.997326
325000 -34.0659 -100 -34.0659 30 0.997326
326000 -34.0659 -100 -34.0659 30 0.997326
327000 -34.0659 -100 -34.0659 30 0.997326
328000 -34.0659 -100 -34.0659 30 0.997326
329000 -34.0659 -100 -34.0659 30 0.997326
330000 -34.0659 -100 -34.0659 30 0.997326
331000 -34.0659 -100 -34.0659 30 0.997326
332000 -34.0659 -100 -34.0659 30 0.997326
333000 -34.0659 -100 -34.0659 30 0.997326
334000 -34.0659 -100 -34.0659 30 0.997326
335000 -34.0659 -100 -34.0659 30 0.997326
336000 -34.0659 -100 -34.0659 30 0.997326
337000 -34.0659 -100 -34.0659 30 0.997326
338000 -34.0659 -100 -34.0659 30 0.997326
339000 -34.0659 -100 -34.0659 30 0.997326
340000 -34.0659 -100 -34.0659 30 0.997326
341000 -34.0659 -100 -34.0659 30 0.997326
342000 -34.0659 -100 -34.0659 30 0.997326
343000 -34.0659 -100 -34.0659 30 0.997326
344000 -34.0659 -100 -34.0659 30 0.997326
345000 -34.0659 -100 -34.0659 30 0.997326
346000 -34.0659 -100 -34.0659 30 0.997326
347000 -34.0659 -100 -34.0659 30 0.997326
348000 -34.0659 -100 -34.0659 30 0.997326
349000 -34.0659 -100 -34.0659 30 0.997326
350000 -34.0659 -100 -34.0659 30 0.997326
351000 -34.0659 -100 -34.0659 30 0.997326
352000 -34.0659 -100 -34.0659 30 0.997326
353000 -34.0659 -100 -34.0659 30 0.997326
354000 -34.0659 -100 -34.0659 30 0.997326
355000 -34.0659 -100 -34.0659 30 0.997326
356000 -34.0659 -100 -34.0659 30 0.997326
357000 -34.0659 -100 -34.0659 30 0.997326
358000 -34.0659 -100 -34.0659 30 0.997326
359000 -34.0659 -100 -34.0659 30 0.997326
360000 -34.0659 -100 -34.0659 30 0.997326
361000 -34.0659 -100 -34.0659 30 0.997326
362000 -34.0659 -100 -34.0659 30 0.997326
363000 -34.0659 -100 -34.0659 30 0.997326
364000 -34.0659 -100 -34.0659 30 0.997326
365000 -34.0659 -100 -34.0659 30 0.997326
366000 -34.0659 -100 -34.0659 30 0.997326
367000 -34.0659 -100 -34.0659 30 0.997326
368000 -34.0659 -100 -34.0659 30 0.997326
369000 -34.0659 -100 -34.0659 30 0.997326
370000 -34.0659 -100 -34.0659 30 0.997326
371000 -34.0659 -100 -34.0659 30 0.997326
372000 -34.0659 -100 -34.0659 30 0.997326
373000 -34.0659 -100 -34.0659 30 0.997326
374000 -34.0659 -100 -34.0659 30 0.997326
375000 -34.0659 -100 -34.0659 30 0.997326
376000 -34.0659 -100 -34.0659 30 0.997326
377000 -34.0659 -100 -34.0659 30 0.997326
378000 -34.0659 -100 -34.0659 30 0.997326
379000 -34.0659 -100 -34.0659 30 0.997326
380000 -34.0659 -100 -34.0659 30 0.997326
381000 -34.0659 -100 -34.0659 30 0.997326
382000 -34.0659 -100 -34.0659 30 0.997326
383000 -34.0659 -100 -34.0659 30 0.997326
384000 -34.0659 -100 -34.0659 30 0.997326
385000 -34.0659 -100 -34.0659 30 0.997326
386000 -34.0659 -100 -34.0659 30 0.997326
387000 -34.0659 -100 -34.0659 30 0.997326
388000 -34.0659 -100 -34.0659 30 0.997326
389000 -34.0659 -100 -34.0659 30 0.997326
390000 -34.0659 -100 -34.0659 30 0.997326
391000 -34.0659 -100 -34.0659 30 0.997326
392000 -34.0659 -100 -34.0659 30 0.997326
393000 -34.0659 -100 -34.0659 30 0.997326
394000 -34.0659 -100 -34.0659 30 0.997326
395000 -34.0659 -100 -34.0659 30 0.997326
396000 -34.0659 -100 -34.0659 30 0.997326
397000 -34.0659 -100 -34.0659 30 0.997326
398000 -34.0659 -100 -34.0659 30 0.997326
399000 -34.0659 -100 -34.0659 30 0.997326
400000 -34.0659 -100 -34.0659 30 0.997326
401000 -34.0659 -100 -34.0659 30 0.997326
402000 -34.0659 -100 -34.0659 30 0.997326
403000 -34.0659 -100 -34.0659 30 0.997326
404000 -34.0659 -100 -34.0659 30 0.997326
405000 -34.0659 -100 -34.0659 30 0.997326
406000 -34.0659 -100 -34.0659 30 0.997326
407000 -34.0659 -100 -34.0659 30 0.997326
408000 -34.0659 -100 -34.0659 30 0.997326
409000 -34.0659 -100 -34.0659 30 0.997326
410000 -34.0659 -100 -34.0659 30 0.997326
0.005 -34.4323 -99.3255 -34.4323 30.7726 0.997325
0.01 -35.4273 -97.5633 -35.4273 32.7016 0.997239
0.015 -36.2619 -96.1209 -36.2619 34.1664 0.997082
0.02 -37.1231 -94.6402 -37.1231 35.558 0.996853
0.025 -38.0567 -93.0387 -38.0567 36.947 0.996538
0.03 -39.0709 -91.3048 -39.0709 38.331 0.996127
0.035 -40.1725 -89.4302 -40.1725 39.7032 0.995612
0.04 -41.3749 -87.3963 -41.3749 41.0621 0.994979
0.045 -42.698 -85.1746 -42.698 42.4075 0.994208
0.05 -44.1582 -82.7461 -44.1582 43.7297 0.993281
0.055 -45.7899 -80.0672 -45.7899 45.0263 0.992169
0.06 -47.6327 -77.0975 -47.6327 46.2869 0.990835
0.065 -49.7308 -73.8143 -49.7308 47.4919 0.989253
0.07 -52.1023 -70.294 -52.1023 48.6081 0.987448
0.075 -54.6326 -66.929 -54.6326 49.5964 0.985639
0.08 -56.9846 -64.5335 -56.9846 50.4779 0.984337
0.085 -58.913 -63.6457 -58.913 51.3811 0.983917
0.09 -60.4631 -63.9773 -60.4631 52.3661 0.984214
0.095 -61.8806 -64.9192 -61.8806 53.4416 0.984854
0.1 -63.2819 -66.109 -63.2819 54.578 0.985616
0.105 -64.6897 -67.386 -64.6897 55.7432 0.986404
0.11 -66.0937 -68.6829 -66.0937 56.9122 0.987178
0.115 -67.4789 -69.9688 -67.4789 58.0676 0.987921
0.12 -68.8258 -71.2208 -68.8258 59.1917 0.988623
0.125 -70.1436 -72.4459 -70.1436 60.2917 0.989291
0.13 -71.4245 -73.6363 -71.4245 61.361 0.989921
0.135 -72.6511 -74.7754 -72.6511 62.385 0.99051
0.14 -73.8377 -75.8769 -73.8377 63.3755 0.991064
0.145 -74.9864 -76.9427 -74.9864 64.3343 0.991589
0.15 -76.0915 -77.9673 -76.0915 65.2567 0.992082
0.155 -77.1396 -78.9383 -77.1396 66.1315 0.99254
0.16 -78.1425 -79.8669 -78.1425 66.9684 0.992969
0.165 -79.1021 -80.7551 -79.1021 67.7692 0.993372
0.17 -80.0221 -81.6061 -80.0221 68.5369 0.993751
0.175 -80.8874 -82.4059 -80.8874 69.2588 0.994102
0.18 -81.7007 -83.1572 -81.7007 69.9374 0.994427
0.185 -82.4691 -83.8667 -82.4691 70.5784 0.99473
0.19 -83.1867 -84.529 -83.1867 71.177 0.995009
0.195 -83.8475 -85.1384 -83.8475 71.7282 0.995262
0.2 -84.4757 -85.7177 -84.4757 72.2522 0.995501
0.205 -85.0302 -86.2284 -85.0302 72.7146 0.995709
0.21 -85.5446 -86.7022 -85.5446 73.1435 0.995901
0.215 -86.0017 -87.1229 -86.0017 73.5247 0.996069
0.22 -86.4177 -87.5058 -86.4177 73.8716 0.996222
0.225 -86.7792 -87.8381 -86.7792 74.1729 0.996353
0.23 -87.0704 -88.1053 -87.0704 74.4155 0.996459
0.235 -87.2948 -88.3106 -87.2948 74.6023 0.99654
0.24 -87.4708 -88.4717 -87.4708 74.7488 0.996603
0.245 -87.6103 -88.5994 -87.6103 74.865 0.996653
0.25 -87.704 -88.6846 -87.704 74.9429 0.996687
0.255 -87.7411 -88.7174 -87.7411 74.9735 0.996701
0.26 -87.7404 -88.7154 -87.7404 74.9595 0.996527
0.265 -87.7401 -88.7145 -87.7401 74.806 0.994492
0.27 -87.74 -88.7142 -87.74 74.6491 0.992407
0.275 -87.74 -88.7141 -87.74 74.4513 0.98978
0.28 -87.74 -88.714 -87.74 74.2093 0.986563
0.285 -87.74 -88.714 -87.74 73.9236 0.982765
0.29 -87.74 -88.714 -87.74 73.5946 0.978391
0.295 -87.74 -88.714 -87.74 73.2225 0.973445
0.3 -87.74 -88.714 -87.74 72.8078 0.967932
0.305 -87.74 -88.714 -87.74 72.3509 0.961857
0.31 -87.74 -88.714 -87.74 71.8521 0.955227
0.315 -87.74 -88.714 -87.74 71.312 0.948048
0.32 -87.74 -88.714 -87.74 70.7312 0.940326
0.325 -87.74 -88.714 -87.74 70.1102 0.932071
0.33 -87.74 -88.714 -87.74 69.4496 0.923289
0.335 -87.74 -88.714 -87.74 68.75 0.91399
0.34 -87.74 -88.714 -87.74 68.0123 0.904182
0.345 -87.6966 -88.6712 -87.6966 67.2377 0.894313
0.35 -87.5312 -88.5087 -87.5312 66.4276 0.885148
0.355 -87.3597 -88.3414 -87.3597 65.5791 0.875492
0.36 -87.1828 -88.1694 -87.1828 64.6961 0.865389
0.365 -87.0006 -87.9923 -87.0006 63.7789 0.854837
0.37 -86.8133 -87.8104 -86.8133 62.8283 0.843843
0.375 -86.6212 -87.6238 -86.6212 61.8454 0.832411
0.38 -86.4248 -87.4329 -86.4248 60.831 0.820547
0.385 -86.2244 -87.2381 -86.2244 59.7862 0.808256
0.39 -86.0083 -87.0278 -86.0083 58.7123 0.795653
0.395 -85.6673 -86.6938 -85.6673 57.6124 0.78374
0.4 -85.3204 -86.355 -85.3204 56.4819 0.771368
0.405 -84.9693 -86.0125 -84.9693 55.3261 0.758584
0.41 -84.6144 -85.6662 -84.6144 54.1453 0.745389
0.415 -84.2561 -85.3166 -84.2561 52.9408 0.731787
0.42 -83.8951 -84.9643 -83.8951 51.7136 0.717781
0.425 -83.5321 -84.6097 -83.5321 50.465 0.703377
0.43 -83.087 -84.1732 -83.087 49.1983 0.689258
0.435 -82.5723 -83.6678 -82.5723 47.9117 0.675261
0.44 -82.0563 -83.1617 -82.0563 46.6058 0.660831
0.445 -81.5404 -82.6558 -81.5404 45.2841 0.645998
0.45 -81.0254 -82.1506 -81.0254 43.9474 0.630763
0.455 -80.5121 -81.6467 -80.5121 42.597 0.61513
0.46 -80.0014 -81.1449 -80.0014 41.2341 0.599107
0.465 -79.3592 -80.5108 -79.3592 39.8644 0.583723
0.47 -78.6957 -79.8559 -78.6957 38.4804 0.568032
0.475 -78.0381 -79.2071 -78.0381 37.0881 0.551922
0.48 -77.3875 -78.5648 -77.3875 35.6893 0.535404
0.485 -76.7448 -77.9299 -76.7448 34.2848 0.518483
0.49 -76.1111 -77.3032 -76.1111 32.8762 0.501168
0.495 -75.3654 -76.5618 -75.3654 31.47 0.484311
0.5 -74.5873 -75.7877 -74.5873 30.0575 0.467228
0.505 -73.8228 -75.0271 -73.8228 28.644 0.449703
0.51 -73.074 -74.2817 -73.074 27.2325 0.43177
0.515 -72.3418 -73.552 -72.3418 25.8238 0.413437
0.52 -71.6073 -72.8187 -71.6073 24.4203 0.39484
0.525 -70.7373 -71.9463 -70.7373 23.0294 0.376778
0.53 -69.8843 -71.0913 -69.8843 21.6352 0.358147
0.535 -69.0572 -70.2617 -69.0572 20.2511 0.339122
0.54 -68.256 -69.4573 -68.256 18.8771 0.319709
0.545 -67.4816 -68.6788 -67.4816 17.5141 0.299929
0.55 -66.582 -67.7703 -66.582 16.1741 0.280619
0.555 -65.6799 -66.8587 -65.6799 14.8361 0.260848
0.56 -64.8156 -65.9844 -64.8156 13.5129 0.240679
0.565 -63.9885 -65.1468 -63.9885 12.2071 0.220181
0.57 -63.1985 -64.3459 -63.1985 10.9189 0.199383
0.575 -62.2833 -63.4136 -62.2833 9.66513 0.179064
0.58 -61.3799 -62.4931 -61.3799 8.41458 0.158205
0.585 -60.5239 -61.6206 -60.5239 7.18526 0.137062
0.59 -59.7162 -60.7966 -59.7162 5.9797 0.115729
0.595 -58.9283 -59.9913 -58.9283 4.80154 0.0943765
0.6 -58.0325 -59.0716 -58.0325 3.66397 0.0734634
0.605 -57.1768 -58.1935 -57.1768 2.52887 0.0521083
0.61 -56.3809 -57.3767 -56.3809 1.42311 0.0312254
0.615 -55.6428 -56.6186 -55.6428 0.346918 0.0136317
0.62 -54.8668 -55.819 -54.8668 -0.683771 0.0183233
0.625 -54.0538 -54.9801 -54.0538 -1.68809 0.037517
0.63 -53.2952 -54.1979 -53.2952 -2.6777 0.0585873
0.635 -52.6031 -53.4842 -52.6031 -3.63337 0.0797904
0.64 -51.9736 -52.8348 -51.9736 -4.55467 0.100804
0.645 -51.2661 -52.1019 -51.2661 -5.40775 0.121036
0.65 -50.5747 -51.3861 -50.5747 -6.258 0.14174
0.655 -49.9482 -50.7381 -49.9482 -7.08003 0.162173
0.66 -49.3892 -50.1603 -49.3892 -7.86315 0.181981
0.665 -48.8904 -49.6447 -48.8904 -8.60783 0.2011
0.67 -48.3322 -49.0653 -48.3322 -9.27319 0.218995
0.675 -47.7883 -48.5013 -47.7883 -9.93724 0.237196
0.68 -47.3026 -47.9986 -47.3026 -10.5729 0.254816
0.685 -46.8791 -47.5605 -46.8791 -11.1664 0.271422
0.69 -46.5102 -47.1793 -46.5102 -11.7175 0.286957
0.695 -46.1901 -46.8482 -46.1901 -12.2269 0.301401
0.7 -45.8388 -46.4835 -45.8388 -12.6554 0.314238
0.705 -45.496 -46.1279 -45.496 -13.0744 0.32697
0.71 -45.1943 -45.8157 -45.1943 -13.4651 0.33888
0.715 -44.9406 -45.5534 -44.9406 -13.8127 0.349493
0.72 -44.7303 -45.3365 -44.7303 -14.1147 0.358732
0.725 -44.5589 -45.1596 -44.5589 -14.3723 0.366613
0.73 -44.4217 -45.0182 -44.4217 -14.5857 0.373148
0.735 -44.3163 -44.9096 -44.3163 -14.755 0.378334
0.74 -44.24 -44.8312 -44.24 -14.8801 0.382166
0.745 -44.1919 -44.782 -44.1919 -14.9609 0.384637
0.75 -44.1708 -44.7607 -44.1708 -14.9973 0.385747
0.755 -44.1668 -44.757 -44.1668 -15.0046 0.385967
0.76 -44.1349 -44.7233 -44.1349 -15.0582 0.387616
0.765 -44.0502 -44.6339 -44.0502 -15.2011 0.392014
0.77 -43.8805 -44.4551 -43.8805 -15.499 0.401174
0.775 -43.8819 -44.4592 -43.8819 -14.5531 0.376684
0.78 -43.8828 -44.4617 -43.8828 -14.2024 0.3676
0.785 -43.8832 -44.4629 -43.8832 -13.9236 0.360385
0.79 -43.8834 -44.4634 -43.8834 -13.5975 0.351946
0.795 -43.8834 -44.4636 -43.8834 -13.2258 0.342332
0.8 -43.8835 -44.4637 -43.8835 -12.8115 0.331613
0.805 -43.8835 -44.4637 -43.8835 -12.3549 0.319803
0.81 -43.8835 -44.4637 -43.8835 -11.8565 0.306912
0.815 -43.8641 -44.4443 -43.8641 -11.3192 0.293138
0.82 -43.8292 -44.4094 -43.8292 -10.7401 0.278362
0.825 -43.7927 -44.3732 -43.7927 -10.119 0.262487
0.83 -43.755 -44.3358 -43.755 -9.4589 0.245583
0.835 -43.7161 -44.2974 -43.7161 -8.75995 0.22765
0.84 -43.6764 -44.2581 -43.6764 -8.02273 0.2087
0.845 -43.6162 -44.1982 -43.6162 -7.25105 0.188908
0.85 -43.5428 -44.1251 -43.5428 -6.44073 0.168112
0.855 -43.469 -44.0516 -43.469 -5.5928 0.146278
0.86 -43.3953 -43.9783 -43.3953 -4.71033 0.123486
0.865 -43.3194 -43.9028 -43.3194 -3.7939 0.0997627
0.87 -43.2097 -43.7928 -43.2097 -2.85074 0.0753673
0.875 -43.101 -43.6841 -43.101 -1.86676 0.0499215
0.88 -42.9951 -43.5782 -42.9951 -0.852775 0.0241849
0.885 -42.8832 -43.4661 -42.8832 0.189163 0.010209
0.89 -42.7461 -43.3278 -42.7461 1.25544 0.0344703
0.895 -42.6137 -43.1943 -42.6137 2.35925 0.0633911
0.9 -42.4882 -43.0677 -42.4882 3.48867 0.0934916
0.905 -42.3368 -42.9142 -42.3368 4.63327 0.124337
0.91 -42.1859 -42.7611 -42.1859 5.81339 0.156385
0.915 -42.046 -42.6189 -42.046 7.01865 0.189305
0.92 -41.8908 -42.4603 -41.8908 8.23352 0.222782
0.925 -41.7369 -42.3027 -41.7369 9.47938 0.257338
0.93 -41.598 -42.1602 -41.598 10.7498 0.292711
0.935 -41.4454 -42.0026 -41.4454 12.0198 0.328408
0.94 -41.3042 -41.8564 -41.3042 13.3252 0.365231
0.945 -41.1791 -41.7263 -41.1791 14.6472 0.402608
0.95 -41.0462 -41.587 -41.0462 15.96 0.440034
0.955 -40.9332 -41.468 -40.9332 17.3164 0.478676
0.96 -40.8308 -41.359 -40.8308 18.6663 0.517222
0.965 -40.7374 -41.2587 -40.7374 20.0268 0.556134
0.97 -40.665 -41.1798 -40.665 21.4171 0.595759
0.975 -40.5991 -41.1063 -40.5991 22.7739 0.634496
0.98 -40.5508 -41.0511 -40.5508 24.1782 0.674405
0.985 -40.5173 -41.0106 -40.5173 25.5724 0.71388
0.99 -40.4948 -40.981 -40.4948 26.9537 0.752868
0.995 -40.4846 -40.9645 -40.4846 28.3723 0.792713
1 -40.482 -40.9552 -40.482 29.7382 0.830965
1.005 -40.4836 -40.9508 -40.4836 31.1494 0.870403
1.01 -40.4866 -40.9504 -40.4866 32.0825 0.896433
1.015 -40.5248 -40.9814 -40.5248 33.7482 0.94219
1.02 -40.628 -41.0788 -40.628 35.3286 0.983995
1.025 -41.0542 -41.4847 -41.0542 36.1441 0.997021
1.03 -41.8896 -42.2579 -41.8896 36.8454 0.997714
1.035 -43.0786 -43.3391 -43.0786 37.8381 0.998662
1.04 -44.519 -44.6375 -44.519 39.0379 0.999758
1.045 -46.1036 -46.1123 -46.1036 40.3346 1
1.05 -47.7369 -47.721 -47.7369 41.6858 1
1.055 -49.3971 -49.3747 -49.3971 43.0645 1
1.06 -51.0619 -51.0365 -51.0619 44.4479 1
1.065 -52.7162 -52.6887 -52.7162 45.8228 1
1.07 -54.3426 -54.3133 -54.3426 47.1747 1
1.075 -55.9541 -55.9232 -55.9541 48.5142 1
1.08 -57.5416 -57.5091 -57.5416 49.8337 1
1.085 -59.0915 -59.0574 -59.0915 51.122 1
1.09 -60.6115 -60.5759 -60.6115 52.3855 1
1.095 -62.1111 -62.0741 -62.1111 53.6319 1
1.1 -63.5899 -63.5515 -63.5899 54.8612 1
