1000 -34.0239 -99.8766 -34.0239 30 0
2000 -34.0799 -100.041 -34.0799 30 0
3000 -34.066 -100 -34.066 30 0
4000 -34.0659 -100 -34.0659 30 0
5000 -34.0659 -100 -34.0659 30 0
6000 -34.0659 -100 -34.0659 30 0
7000 -34.0659 -100 -34.0659 30 0
8000 -34.0659 -100 -34.0659 30 0
9000 -34.0659 -100 -34.0659 30 0
10000 -34.0659 -100 -34.0659 30 0
11000 -34.0659 -100 -34.0659 30 0
12000 -34.0659 -100 -34.0659 30 0
13000 -34.0659 -100 -34.0659 30 0
14000 -34.0659 -100 -34.0659 30 0
15000 -34.0659 -100 -34.0659 30 0
16000 -34.0659 -100 -34.0659 30 0
17000 -34.0659 -100 -34.0659 30 0
18000 -34.0659 -100 -34.0659 30 0
19000 -34.0659 -100 -34.0659 30 0
20000 -34.0659 -100 -34.0659 30 0
21000 -34.0659 -100 -34.0659 30 0
22000 -34.0659 -100 -34.0659 30 0
23000 -34.0659 -100 -34.0659 30 0
24000 -34.0659 -100 -34.0659 30 0
25000 -34.0659 -100 -34.0659 30 0
26000 -34.0659 -100 -34.0659 30 0
27000 -34.0659 -100 -34.0659 30 0
28000 -34.0659 -100 -34.0659 30 0
29000 -34.0659 -100 -34.0659 30 0
30000 -34.0659 -100 -34.0659 30 0
31000 -34.0659 -100 -34.0659 30 0
32000 -34.0659 -100 -34.0659 30 0
33000 -34.0659 -100 -34.0659 30 0
34000 -34.0659 -100 -34.0659 30 0
35000 -34.0659 -100 -34.0659 30 0
36000 -34.0659 -100 -34.0659 30 0
37000 -34.0659 -100 -34.0659 30 0
38000 -34.0659 -100 -34.0659 30 0
39000 -34.0659 -100 -34.0659 30 0
40000 -34.0659 -100 -34.0659 30 0
41000 -34.0659 -100 -34.0659 30 0
42000 -34.0659 -100 -34.0659 30 0
43000 -34.0659 -100 -34.0659 30 0
44000 -34.0659 -100 -34.0659 30 0
45000 -34.0659 -100 -34.0659 30 0
46000 -34.0659 -100 -34.0659 30 0
47000 -34.0659 -100 -34.0659 30 0
48000 -34.0659 -100 -34.0659 30 0
49000 -34.0659 -100 -34.0659 30 0
50000 -34.0659 -100 -34.0659 30 0
51000 -34.0659 -100 -34.0659 30 0
52000 -34.0659 -100 -34.0659 30 0
53000 -34.0659 -100 -34.0659 30 0
54000 -34.0659 -100 -34.0659 30 0
55000 -34.0659 -100 -34.0659 30 0
56000 -34.0659 -100 -34.0659 30 0
57000 -34.0659 -100 -34.0659 30 0
58000 -34.0659 -100 -34.0659 30 0
59000 -34.0659 -100 -34.0659 30 0
60000 -34.0659 -100 -34.0659 30 0
61000 -34.0659 -100 -34.0659 30 0
62000 -34.0659 -100 -34.0659 30 0
63000 -34.0659 -100 -34.0659 30 0
64000 -34.0659 -100 -34.0659 30 0
65000 -34.0659 -100 -34.0659 30 0
66000 -34.0659 -100 -34.0659 30 0
67000 -34.0659 -100 -34.0659 30 0
68000 -34.0659 -100 -34.0659 30 0
69000 -34.0659 -100 -34.0659 30 0
70000 -34.0659 -100 -34.0659 30 0
71000 -34.0659 -100 -34.0659 30 0
72000 -34.0659 -100 -34.0659 30 0
73000 -34.0659 -100 -34.0659 30 0
74000 -34.0659 -100 -34.0659 30 0
75000 -34.0659 -100 -34.0659 30 0
76000 -34.0659 -100 -34.0659 30 0
77000 -34.0659 -100 -34.0659 30 0
78000 -34.0659 -100 -34.0659 30 0
79000 -34.0659 -100 -34.0659 30 0
80000 -34.0659 -100 -34.0659 30 0
81000 -34.0659 -100 -34.0659 30 0
82000 -34.0659 -100 -34.0659 30 0
83000 -34.0659 -100 -34.0659 30 0
84000 -34.0659 -100 -34.0659 30 0
85000 -34.0659 -100 -34.0659 30 0
86000 -34.0659 -100 -34.0659 30 0
87000 -34.0659 -100 -34.0659 30 0
88000 -34.0659 -100 -34.0659 30 0
89000 -34.0659 -100 -34.0659 30 0
90000 -34.0659 -100 -34.0659 30 0
91000 -34.0659 -100 -34.0659 30 0
92000 -34.0659 -100 -34.0659 30 0
93000 -34.0659 -100 -34.0659 30 0
94000 -34.0659 -100 -34.0659 30 0
95000 -34.0659 -100 -34.0659 30 0
96000 -34.0659 -100 -34.0659 30 0
97000 -34.0659 -100 -34.0659 30 0
98000 -34.0659 -100 -34.0659 30 0
99000 -34.0659 -100 -34.0659 30 0
100000 -34.0659 -100 -34.0659 30 0
101000 -34.0659 -100 -34.0659 30 0
102000 -34.0659 -100 -34.0659 30 0
103000 -34.0659 -100 -34.0659 30 0
104000 -34.0659 -100 -34.0659 30 0
105000 -34.0659 -100 -34.0659 30 0
106000 -34.0659 -100 -34.0659 30 0
107000 -34.0659 -100 -34.0659 30 0
108000 -34.0659 -100 -34.0659 30 0
109000 -34.0659 -100 -34.0659 30 0
110000 -34.0659 -100 -34.0659 30 0
111000 -34.0659 -100 -34.0659 30 0
112000 -34.0659 -100 -34.0659 30 0
113000 -34.0659 -100 -34.0659 30 0
114000 -34.0659 -100 -34.0659 30 0
115000 -34.0659 -100 -34.0659 30 0
116000 -34.0659 -100 -34.0659 30 0
117000 -34.0659 -100 -34.0659 30 0
118000 -34.0659 -100 -34.0659 30 0
119000 -34.0659 -100 -34.0659 30 0
120000 -34.0659 -100 -34.0659 30 0
121000 -34.0659 -100 -34.0659 30 0
122000 -34.0659 -100 -34.0659 30 0
123000 -34.0659 -100 -34.0659 30 0
124000 -34.0659 -100 -34.0659 30 0
125000 -34.0659 -100 -34.0659 30 0
126000 -34.0659 -100 -34.0659 30 0
127000 -34.0659 -100 -34.0659 30 0
128000 -34.0659 -100 -34.0659 30 0
129000 -34.0659 -100 -34.0659 30 0
130000 -34.0659 -100 -34.0659 30 0
131000 -34.0659 -100 -34.0659 30 0
132000 -34.0659 -100 -34.0659 30 0
133000 -34.0659 -100 -34.0659 30 0
134000 -34.0659 -100 -34.0659 30 0
135000 -34.0659 -100 -34.0659 30 0
136000 -34.0659 -100 -34.0659 30 0
137000 -34.0659 -100 -34.0659 30 0
138000 -34.0659 -100 -34.0659 30 0
139000 -34.0659 -100 -34.0659 30 0
140000 -34.0659 -100 -34.0659 30 0
141000 -34.0659 -100 -34.0659 30 0
142000 -34.0659 -100 -34.0659 30 0
143000 -34.0659 -100 -34.0659 30 0
144000 -34.0659 -100 -34.0659 30 0
145000 -34.0659 -100 -34.0659 30 0
146000 -34.0659 -100 -34.0659 30 0
147000 -34.0659 -100 -34.0659 30 0
148000 -34.0659 -100 -34.0659 30 0
149000 -34.0659 -100 -34.0659 30 0
150000 -34.0659 -100 -34.0659 30 0
151000 -34.0659 -100 -34.0659 30 0
152000 -34.0659 -100 -34.0659 30 0
153000 -34.0659 -100 -34.0659 30 0
154000 -34.0659 -100 -34.0659 30 0
155000 -34.0659 -100 -34.0659 30 0
156000 -34.0659 -100 -34.0659 30 0
157000 -34.0659 -100 -34.0659 30 0
158000 -34.0659 -100 -34.0659 30 0
159000 -34.0659 -100 -34.0659 30 0
160000 -34.0659 -100 -34.0659 30 0
161000 -34.0659 -100 -34.0659 30 0
162000 -34.0659 -100 -34.0659 30 0
163000 -34.0659 -100 -34.0659 30 0
164000 -34.0659 -100 -34.0659 30 0
165000 -34.0659 -100 -34.0659 30 0
166000 -34.0659 -100 -34.0659 30 0
167000 -34.0659 -100 -34.0659 30 0
168000 -34.0659 -100 -34.0659 30 0
169000 -34.0659 -100 -34.0659 30 0
170000 -34.0659 -100 -34.0659 30 0
171000 -34.0659 -100 -34.0659 30 0
172000 -34.0659 -100 -34.0659 30 0
173000 -34.0659 -100 -34.0659 30 0
174000 -34.0659 -100 -34.0659 30 0
175000 -34.0659 -100 -34.0659 30 0
176000 -34.0659 -100 -34.0659 30 0
177000 -34.0659 -100 -34.0659 30 0
178000 -34.0659 -100 -34.0659 30 0
179000 -34.0659 -100 -34.0659 30 0
180000 -34.0659 -100 -34.0659 30 0
181000 -34.0659 -100 -34.0659 30 0
182000 -34.0659 -100 -34.0659 30 0
183000 -34.0659 -100 -34.0659 30 0
184000 -34.0659 -100 -34.0659 30 0
185000 -34.0659 -100 -34.0659 30 0
186000 -34.0659 -100 -34.0659 30 0
187000 -34.0659 -100 -34.0659 30 0
188000 -34.0659 -100 -34.0659 30 0
189000 -34.0659 -100 -34.0659 30 0
190000 -34.0659 -100 -34.0659 30 0
191000 -34.0659 -100 -34.0659 30 0
192000 -34.0659 -100 -34.0659 30 0
193000 -34.0659 -100 -34.0659 30 0
194000 -34.0659 -100 -34.0659 30 0
195000 -34.0659 -100 -34.0659 30 0
196000 -34.0659 -100 -34.0659 30 0
197000 -34.0659 -100 -34.0659 30 0
198000 -34.0659 -100 -34.0659 30 0
199000 -34.0659 -100 -34.0659 30 0
200000 -34.0659 -100 -34.0659 30 0
200100 -34.0659 -100 -34.0659 30 0.997326
200200 -34.0659 -100 -34.0659 30 0.997326
200300 -34.0659 -100 -34.0659 30 0.997326
200400 -34.0659 -100 -34.0659 30 0.997326
200500 -34.0659 -100 -34.0659 30 0.997326
200600 -34.0659 -100 -34.0659 30 0.997326
200700 -34.0659 -100 -34.0659 30 0.997326
200800 -34.0659 -100 -34.0659 30 0.997326
200900 -34.0659 -100 -34.0659 30 0.997326
201000 -34.0659 -100 -34.0659 30 0.997326
201100 -34.0659 -100 -34.0659 30 0.997326
201200 -34.0659 -100 -34.0659 30 0.997326
201300 -34.0659 -100 -34.0659 30 0.997326
201400 -34.0659 -100 -34.0659 30 0.997326
201500 -34.0659 -100 -34.0659 30 0.997326
201600 -34.0659 -100 -34.0659 30 0.997326
201700 -34.0659 -100 -34.0659 30 0.997326
201800 -34.0659 -100 -34.0659 30 0.997326
201900 -34.0659 -100 -34.0659 30 0.997326
202000 -34.0659 -100 -34.0659 30 0.997326
202100 -34.0659 -100 -34.0659 30 0.997326
202200 -34.0659 -100 -34.0659 30 0.997326
202300 -34.0659 -100 -34.0659 30 0.997326
202400 -34.0659 -100 -34.0659 30 0.997326
202500 -34.0659 -100 -34.0659 30 0.997326
202600 -34.0659 -100 -34.0659 30 0.997326
202700 -34.0659 -100 -34.0659 30 0.997326
202800 -34.0659 -100 -34.0659 30 0.997326
202900 -34.0659 -100 -34.0659 30 0.997326
203000 -34.0659 -100 -34.0659 30 0.997326
203100 -34.0659 -100 -34.0659 30 0.997326
203200 -34.0659 -100 -34.0659 30 0.997326
203300 -34.0659 -100 -34.0659 30 0.997326
203400 -34.0659 -100 -34.0659 30 0.997326
203500 -34.0659 -100 -34.0659 30 0.997326
203600 -34.0659 -100 -34.0659 30 0.997326
203700 -34.0659 -100 -34.0659 30 0.997326
203800 -34.0659 -100 -34.0659 30 0.997326
203900 -34.0659 -100 -34.0659 30 0.997326
204000 -34.0659 -100 -34.0659 30 0.997326
204100 -34.0659 -100 -34.0659 30 0.997326
204200 -34.0659 -100 -34.0659 30 0.997326
204300 -34.0659 -100 -34.0659 30 0.997326
204400 -34.0659 -100 -34.0659 30 0.997326
204500 -34.0659 -100 -34.0659 30 0.997326
204600 -34.0659 -100 -34.0659 30 0.997326
204700 -34.0659 -100 -34.0659 30 0.997326
204800 -34.0659 -100 -34.0659 30 0.997326
204900 -34.0659 -100 -34.0659 30 0.997326
205000 -34.0659 -100 -34.0659 30 0.997326
205100 -34.0659 -100 -34.0659 30 0.997326
205200 -34.0659 -100 -34.0659 30 0.997326
205300 -34.0659 -100 -34.0659 30 0.997326
205400 -34.0659 -100 -34.0659 30 0.997326
205500 -34.0659 -100 -34.0659 30 0.997326
205600 -34.0659 -100 -34.0659 30 0.997326
205700 -34.0659 -100 -34.0659 30 0.997326
205800 -34.0659 -100 -34.0659 30 0.997326
205900 -34.0659 -100 -34.0659 30 0.997326
206000 -34.0659 -100 -34.0659 30 0.997326
206100 -34.0659 -100 -34.0659 30 0.997326
206200 -34.0659 -100 -34.0659 30 0.997326
206300 -34.0659 -100 -34.0659 30 0.997326
206400 -34.0659 -100 -34.0659 30 0.997326
206500 -34.0659 -100 -34.0659 30 0.997326
206600 -34.0659 -100 -34.0659 30 0.997326
206700 -34.0659 -100 -34.0659 30 0.997326
206800 -34.0659 -100 -34.0659 30 0.997326
206900 -34.0659 -100 -34.0659 30 0.997326
207000 -34.0659 -100 -34.0659 30 0.997326
207100 -34.0659 -100 -34.0659 30 0.997326
207200 -34.0659 -100 -34.0659 30 0.997326
207300 -34.0659 -100 -34.0659 30 0.997326
207400 -34.0659 -100 -34.0659 30 0.997326
207500 -34.0659 -100 -34.0659 30 0.997326
207600 -34.0659 -100 -34.0659 30 0.997326
207700 -34.0659 -100 -34.0659 30 0.997326
207800 -34.0659 -100 -34.0659 30 0.997326
207900 -34.0659 -100 -34.0659 30 0.997326
208000 -34.0659 -100 -34.0659 30 0.997326
208100 -34.0659 -100 -34.0659 30 0.997326
208200 -34.0659 -100 -34.0659 30 0.997326
208300 -34.0659 -100 -34.0659 30 0.997326
208400 -34.0659 -100 -34.0659 30 0.997326
208500 -34.0659 -100 -34.0659 30 0.997326
208600 -34.0659 -100 -34.0659 30 0.997326
208700 -34.0659 -100 -34.0659 30 0.997326
208800 -34.0659 -100 -34.0659 30 0.997326
208900 -34.0659 -100 -34.0659 30 0.997326
209000 -34.0659 -100 -34.0659 30 0.997326
209100 -34.0659 -100 -34.0659 30 0.997326
209200 -34.0659 -100 -34.0659 30 0.997326
209300 -34.0659 -100 -34.0659 30 0.997326
209400 -34.0659 -100 -34.0659 30 0.997326
209500 -34.0659 -100 -34.0659 30 0.997326
209600 -34.0659 -100 -34.0659 30 0.997326
209700 -34.0659 -100 -34.0659 30 0.997326
209800 -34.0659 -100 -34.0659 30 0.997326
209900 -34.0659 -100 -34.0659 30 0.997326
210000 -34.0659 -100 -34.0659 30 0.997326
211000 -34.0659 -100 -34.0659 30 0.997326
212000 -34.0659 -100 -34.0659 30 0.997326
213000 -34.0659 -100 -34.0659 30 0.997326
214000 -34.0659 -100 -34.0659 30 0.997326
215000 -34.0659 -100 -34.0659 30 0.997326
216000 -34.0659 -100 -34.0659 30 0.997326
217000 -34.0659 -100 -34.0659 30 0.997326
218000 -34.0659 -100 -34.0659 30 0.997326
219000 -34.0659 -100 -34.0659 30 0.997326
220000 -34.0659 -100 -34.0659 30 0.997326
221000 -34.0659 -100 -34.0659 30 0.997326
222000 -34.0659 -100 -34.0659 30 0.997326
223000 -34.0659 -100 -34.0659 30 0.997326
224000 -34.0659 -100 -34.0659 30 0.997326
225000 -34.0659 -100 -34.0659 30 0.997326
226000 -34.0659 -100 -34.0659 30 0.997326
227000 -34.0659 -100 -34.0659 30 0.997326
228000 -34.0659 -100 -34.0659 30 0.997326
229000 -34.0659 -100 -34.0659 30 0.997326
230000 -34.0659 -100 -34.0659 30 0.997326
231000 -34.0659 -100 -34.0659 30 0.997326
232000 -34.0659 -100 -34.0659 30 0.997326
233000 -34.0659 -100 -34.0659 30 0.997326
234000 -34.0659 -100 -34.0659 30 0.997326
235000 -34.0659 -100 -34.0659 30 0.997326
236000 -34.0659 -100 -34.0659 30 0.997326
237000 -34.0659 -100 -34.0659 30 0.997326
238000 -34.0659 -100 -34.0659 30 0.997326
239000 -34.0659 -100 -34.0659 30 0.997326
240000 -34.0659 -100 -34.0659 30 0.997326
241000 -34.0659 -100 -34.0659 30 0.997326
242000 -34.0659 -100 -34.0659 30 0.997326
243000 -34.0659 -100 -34.0659 30 0.997326
244000 -34.0659 -100 -34.0659 30 0.997326
245000 -34.0659 -100 -34.0659 30 0.997326
246000 -34.0659 -100 -34.0659 30 0.997326
247000 -34.0659 -100 -34.0659 30 0.997326
248000 -34.0659 -100 -34.0659 30 0.997326
249000 -34.0659 -100 -34.0659 30 0.997326
250000 -34.0659 -100 -34.0659 30 0.997326
251000 -34.0659 -100 -34.0659 30 0.997326
252000 -34.0659 -100 -34.0659 30 0.997326
253000 -34.0659 -100 -34.0659 30 0.997326
254000 -34.0659 -100 -34.0659 30 0.997326
255000 -34.0659 -100 -34.0659 30 0.997326
256000 -34.0659 -100 -34.0659 30 0.997326
257000 -34.0659 -100 -34.0659 30 0.997326
258000 -34.0659 -100 -34.0659 30 0.997326
259000 -34.0659 -100 -34.0659 30 0.997326
260000 -34.0659 -100 -34.0659 30 0.997326
261000 -34.0659 -100 -34.0659 30 0.997326
262000 -34.0659 -100 -34.0659 30 0.997326
263000 -34.0659 -100 -34.0659 30 0.997326
264000 -34.0659 -100 -34.0659 30 0.997326
265000 -34.0659 -100 -34.0659 30 0.997326
266000 -34.0659 -100 -34.0659 30 0.997326
267000 -34.0659 -100 -34.0659 30 0.997326
268000 -34.0659 -100 -34.0659 30 0.997326
269000 -34.0659 -100 -34.0659 30 0.997326
270000 -34.0659 -100 -34.0659 30 0.997326
271000 -34.0659 -100 -34.0659 30 0.997326
272000 -34.0659 -100 -34.0659 30 0.997326
273000 -34.0659 -100 -34.0659 30 0.997326
274000 -34.0659 -100 -34.0659 30 0.997326
275000 -34.0659 -100 -34.0659 30 0.997326
276000 -34.0659 -100 -34.0659 30 0.997326
277000 -34.0659 -100 -34.0659 30 0.997326
278000 -34.0659 -100 -34.0659 30 0.997326
279000 -34.0659 -100 -34.0659 30 0.997326
280000 -34.0659 -100 -34.0659 30 0.997326
281000 -34.0659 -100 -34.0659 30 0.997326
282000 -34.0659 -100 -34.0659 30 0.997326
283000 -34.0659 -100 -34.0659 30 0.997326
284000 -34.0659 -100 -34.0659 30 0.997326
285000 -34.0659 -100 -34.0659 30 0.997326
286000 -34.0659 -100 -34.0659 30 0.997326
287000 -34.0659 -100 -34.0659 30 0.997326
288000 -34.0659 -100 -34.0659 30 0.997326
289000 -34.0659 -100 -34.0659 30 0.997326
290000 -34.0659 -100 -34.0659 30 0.997326
291000 -34.0659 -100 -34.0659 30 0.997326
292000 -34.0659 -100 -34.0659 30 0.997326
293000 -34.0659 -100 -34.0659 30 0.997326
294000 -34.0659 -100 -34.0659 30 0.997326
295000 -34.0659 -100 -34.0659 30 0.997326
296000 -34.0659 -100 -34.0659 30 0.997326
297000 -34.0659 -100 -34.0659 30 0.997326
298000 -34.0659 -100 -34.0659 30 0.997326
299000 -34.0659 -100 -34.0659 30 0.997326
300000 -34.0659 -100 -34.0659 30 0.997326
301000 -34.0659 -100 -34.0659 30 0.997326
302000 -34.0659 -100 -34.0659 30 0.997326
303000 -34.0659 -100 -34.0659 30 0.997326
304000 -34.0659 -100 -34.0659 30 0.997326
305000 -34.0659 -100 -34.0659 30 0.997326
306000 -34.0659 -100 -34.0659 30 0.997326
307000 -34.0659 -100 -34.0659 30 0.997326
308000 -34.0659 -100 -34.0659 30 0.997326
309000 -34.0659 -100 -34.0659 30 0.997326
310000 -34.0659 -100 -34.0659 30 0.997326
311000 -34.0659 -100 -34.0659 30 0.997326
312000 -34.0659 -100 -34.0659 30 0.997326
313000 -34.0659 -100 -34.0659 30 0.997326
314000 -34.0659 -100 -34.0659 30 0.997326
315000 -34.0659 -100 -34.0659 30 0.997326
316000 -34.0659 -100 -34.0659 30 0.997326
317000 -34.0659 -100 -34.0659 30 0.997326
318000 -34.0659 -100 -34.0659 30 0.997326
319000 -34.0659 -100 -34.0659 30 0.997326
320000 -34.0659 -100 -34.0659 30 0.997326
321000 -34.0659 -100 -34.0659 30 0.997326
322000 -34.0659 -100 -34.0659 30 0.997326
323000 -34.0659 -100 -34.0659 30 0.997326
324000 -34.0659 -100 -34.0659 30 0.997326
325000 -34.0659 -100 -34.0659 30 0.997326
326000 -34.0659 -100 -34.0659 30 0.997326
327000 -34.0659 -100 -34.0659 30 0.997326
328000 -34.0659 -100 -34.0659 30 0.997326
329000 -34.0659 -100 -34.0659 30 0.997326
330000 -34.0659 -100 -34.0659 30 0.997326
331000 -34.0659 -100 -34.0659 30 0.997326
332000 -34.0659 -100 -34.0659 30 0.997326
333000 -34.0659 -100 -34.0659 30 0.997326
334000 -34.0659 -100 -34.0659 30 0.997326
335000 -34.0659 -100 -34.0659 30 0.997326
336000 -34.0659 -100 -34.0659 30 0.997326
337000 -34.0659 -100 -34.0659 30 0.997326
338000 -34.0659 -100 -34.0659 30 0.997326
339000 -34.0659 -100 -34.0659 30 0.997326
340000 -34.0659 -100 -34.0659 30 0.997326
341000 -34.0659 -100 -34.0659 30 0.997326
342000 -34.0659 -100 -34.0659 30 0.997326
343000 -34.0659 -100 -34.0659 30 0.997326
344000 -34.0659 -100 -34.0659 30 0.997326
345000 -34.0659 -100 -34.0659 30 0.997326
346000 -34.0659 -100 -34.0659 30 0.997326
347000 -34.0659 -100 -34.0659 30 0.997326
348000 -34.0659 -100 -34.0659 30 0.997326
349000 -34.0659 -100 -34.0659 30 0.997326
350000 -34.0659 -100 -34.0659 30 0.997326
351000 -34.0659 -100 -34.0659 30 0.997326
352000 -34.0659 -100 -34.0659 30 0.997326
353000 -34.0659 -100 -34.0659 30 0.997326
354000 -34.0659 -100 -34.0659 30 0.997326
355000 -34.0659 -100 -34.0659 30 0.997326
356000 -34.0659 -100 -34.0659 30 0.997326
357000 -34.0659 -100 -34.0659 30 0.997326
358000 -34.0659 -100 -34.0659 30 0.997326
359000 -34.0659 -100 -34.0659 30 0.997326
360000 -34.0659 -100 -34.0659 30 0.997326
361000 -34.0659 -100 -34.0659 30 0.997326
362000 -34.0659 -100 -34.0659 30 0.997326
363000 -34.0659 -100 -34.0659 30 0.997326
364000 -34.0659 -100 -34.0659 30 0.997326
365000 -34.0659 -100 -34.0659 30 0.997326
366000 -34.0659 -100 -34.0659 30 0.997326
367000 -34.0659 -100 -34.0659 30 0.997326
368000 -34.0659 -100 -34.0659 30 0.997326
369000 -34.0659 -100 -34.0659 30 0.997326
370000 -34.0659 -100 -34.0659 30 0.997326
371000 -34.0659 -100 -34.0659 30 0.997326
372000 -34.0659 -100 -34.0659 30 0.997326
373000 -34.0659 -100 -34.0659 30 0.997326
374000 -34.0659 -100 -34.0659 30 0.997326
375000 -34.0659 -100 -34.0659 30 0.997326
376000 -34.0659 -100 -34.0659 30 0.997326
377000 -34.0659 -100 -34.0659 30 0.997326
378000 -34.0659 -100 -34.0659 30 0.997326
379000 -34.0659 -100 -34.0659 30 0.997326
380000 -34.0659 -100 -34.0659 30 0.997326
381000 -34.0659 -100 -34.0659 30 0.997326
382000 -34.0659 -100 -34.0659 30 0.997326
383000 -34.0659 -100 -34.0659 30 0.997326
384000 -34.0659 -100 -34.0659 30 0.997326
385000 -34.0659 -100 -34.0659 30 0.997326
386000 -34.0659 -100 -34.0659 30 0.997326
387000 -34.0659 -100 -34.0659 30 0.997326
388000 -34.0659 -100 -34.0659 30 0.997326
389000 -34.0659 -100 -34.0659 30 0.997326
390000 -34.0659 -100 -34.0659 30 0.997326
391000 -34.0659 -100 -34.0659 30 0.997326
392000 -34.0659 -100 -34.0659 30 0.997326
393000 -34.0659 -100 -34.0659 30 0.997326
394000 -34.0659 -100 -34.0659 30 0.997326
395000 -34.0659 -100 -34.0659 30 0.997326
396000 -34.0659 -100 -34.0659 30 0.997326
397000 -34.0659 -100 -34.0659 30 0.997326
398000 -34.0659 -100 -34.0659 30 0.997326
399000 -34.0659 -100 -34.0659 30 0.997326
400000 -34.0659 -100 -34.0659 30 0.997326
401000 -34.0659 -100 -34.0659 30 0.997326
402000 -34.0659 -100 -34.0659 30 0.997326
403000 -34.0659 -100 -34.0659 30 0.997326
404000 -34.0659 -100 -34.0659 30 0.997326
405000 -34.0659 -100 -34.0659 30 0.997326
406000 -34.0659 -100 -34.0659 30 0.997326
407000 -34.0659 -100 -34.0659 30 0.997326
408000 -34.0659 -100 -34.0659 30 0.997326
409000 -34.0659 -100 -34.0659 30 0.997326
410000 -34.0659 -100 -34.0659 30 0.997326
0.005 -33.7489 -98.3296 -33.749 19.6428 0.87874
0.01 -34.0771 -97.754 -34.0771 30.102 0.990293
0.015 -37.2678 -92.0911 -37.2678 36.1066 0.996594
0.02 -40.5409 -86.4594 -40.5409 40.248 0.995066
0.025 -43.5033 -81.517 -43.5033 43.1122 0.993246
0.03 -46.0723 -77.3634 -46.0723 45.0742 0.991445
0.035 -48.2466 -73.9681 -48.2466 46.4244 0.989818
0.04 -50.0634 -71.2441 -50.0634 47.3694 0.988427
0.045 -51.5735 -69.088 -51.5735 48.0495 0.987279
0.05 -52.8284 -67.4004 -52.8285 48.5575 0.986357
0.055 -53.8751 -66.0934 -53.8752 48.954 0.985633
0.06 -54.7537 -65.0929 -54.7537 49.278 0.985076
0.065 -55.4975 -64.3378 -55.4975 49.555 0.984658
0.07 -56.1338 -63.7787 -56.1338 49.8011 0.984354
0.075 -56.6846 -63.3758 -56.6846 50.0272 0.984141
0.08 -57.1675 -63.0973 -57.1675 50.24 0.984002
0.085 -57.5967 -62.9178 -57.5967 50.444 0.983921
0.09 -57.9834 -62.8173 -57.9834 50.6424 0.983887
0.095 -58.3364 -62.7798 -58.3364 50.837 0.98389
0.1 -58.663 -62.7924 -58.663 51.0293 0.983923
0.105 -58.9687 -62.8452 -58.9687 51.2201 0.983978
0.11 -59.2581 -62.93 -59.2581 51.4101 0.984052
0.115 -59.5347 -63.0406 -59.5347 51.5998 0.98414
0.12 -59.8013 -63.1719 -59.8013 51.7894 0.984239
0.125 -60.0602 -63.3198 -60.0602 51.9792 0.984347
0.13 -60.3132 -63.4812 -60.3132 52.1694 0.984463
0.135 -60.5618 -63.6535 -60.5618 52.3601 0.984583
0.14 -60.807 -63.8347 -60.807 52.5514 0.984708
0.145 -61.0497 -64.0232 -61.0497 52.7433 0.984836
0.15 -61.2907 -64.2178 -61.2907 52.936 0.984967
0.155 -61.5306 -64.4173 -61.5306 53.1295 0.9851
0.16 -61.7697 -64.6211 -61.7697 53.3237 0.985234
0.165 -62.0086 -64.8285 -62.0086 53.5188 0.98537
0.17 -62.2474 -65.0388 -62.2474 53.7147 0.985506
0.175 -62.4864 -65.2519 -62.4864 53.9115 0.985643
0.18 -62.7257 -65.4673 -62.7257 54.1091 0.98578
0.185 -62.9657 -65.6847 -62.9657 54.3077 0.985918
0.19 -63.2063 -65.9041 -63.2063 54.5072 0.986057
0.195 -63.4476 -66.1251 -63.4476 54.7076 0.986195
0.2 -63.6898 -66.3477 -63.6898 54.909 0.986333
0.205 -63.9329 -66.5717 -63.9329 55.1113 0.986472
0.21 -64.1769 -66.7972 -64.1769 55.3145 0.98661
0.215 -64.422 -67.0239 -64.422 55.5187 0.986748
0.22 -64.6681 -67.2519 -64.6681 55.7238 0.986887
0.225 -64.9152 -67.4812 -64.9152 55.9299 0.987025
0.23 -65.1634 -67.7117 -65.1634 56.1369 0.987163
0.235 -65.4128 -67.9433 -65.4128 56.345 0.987301
0.24 -65.6632 -68.1761 -65.6632 56.554 0.987439
0.245 -65.9148 -68.41 -65.9148 56.764 0.987577
0.25 -66.1676 -68.6451 -66.1676 56.9749 0.987714
0.255 -66.4215 -68.8813 -66.4215 57.1869 0.987852
0.26 -66.6766 -69.1185 -66.6766 57.3998 0.987989
0.265 -66.9328 -69.357 -66.9328 57.6138 0.988126
0.27 -67.1903 -69.5965 -67.1903 57.8287 0.988263
0.275 -67.4489 -69.8371 -67.4489 58.0447 0.9884
0.28 -67.7088 -70.0789 -67.7088 58.2616 0.988537
0.285 -67.9699 -70.3218 -67.9699 58.4796 0.988673
0.29 -68.2322 -70.5658 -68.2322 58.6987 0.988809
0.295 -68.4957 -70.811 -68.4957 58.9187 0.988945
0.3 -68.7605 -71.0573 -68.7605 59.1398 0.989081
0.305 -69.0265 -71.3047 -69.0265 59.3619 0.989217
0.31 -69.2938 -71.5532 -69.2938 59.5851 0.989353
0.315 -69.5623 -71.8029 -69.5623 59.8093 0.989488
0.32 -69.8321 -72.0537 -69.8321 60.0345 0.989623
0.325 -70.1031 -72.3056 -70.1031 60.2608 0.989759
0.33 -70.3754 -72.5587 -70.3754 60.4882 0.989893
0.335 -70.649 -72.8129 -70.649 60.7166 0.990028
0.34 -70.9238 -73.0683 -70.9238 60.946 0.990163
0.345 -71.2 -73.3248 -71.2 61.1766 0.990297
0.35 -71.4774 -73.5825 -71.4774 61.4082 0.990431
0.355 -71.7561 -73.8414 -71.7561 61.6409 0.990565
0.36 -72.0361 -74.1015 -72.0361 61.8747 0.990699
0.365 -72.3175 -74.3627 -72.3175 62.1096 0.990833
0.37 -72.6001 -74.625 -72.6001 62.3455 0.990967
0.375 -72.8841 -74.8886 -72.8841 62.5826 0.9911
0.38 -73.1693 -75.1534 -73.1693 62.8207 0.991233
0.385 -73.456 -75.4193 -73.456 63.06 0.991366
0.39 -73.7439 -75.6864 -73.7439 63.3004 0.991499
0.395 -74.0332 -75.9548 -74.0332 63.5419 0.991632
0.4 -74.3238 -76.2243 -74.3238 63.7845 0.991764
0.405 -74.6158 -76.4951 -74.6158 64.0282 0.991896
0.41 -74.9091 -76.767 -74.9091 64.273 0.992029
0.415 -75.2038 -77.0402 -75.2038 64.519 0.992161
0.42 -75.4999 -77.3146 -75.4999 64.7661 0.992292
0.425 -75.7973 -77.5902 -75.7973 65.0144 0.992424
0.43 -76.0961 -77.8671 -76.0961 65.2638 0.992555
0.435 -76.3963 -78.1451 -76.3963 65.5144 0.992687
0.44 -76.6979 -78.4245 -76.6979 65.7661 0.992818
0.445 -77.0009 -78.705 -77.0009 66.019 0.992949
0.45 -77.3053 -78.9869 -77.3053 66.273 0.993079
0.455 -77.6111 -79.2699 -77.6111 66.5282 0.99321
0.46 -77.9183 -79.5542 -77.9183 66.7846 0.99334
0.465 -78.2269 -79.8398 -78.2269 67.0422 0.99347
0.47 -78.537 -80.1267 -78.537 67.3009 0.9936
0.475 -78.8484 -80.4148 -78.8484 67.5609 0.99373
0.48 -79.1614 -80.7042 -79.1614 67.822 0.99386
0.485 -79.4757 -80.9949 -79.4757 68.0843 0.993989
0.49 -79.7915 -81.2868 -79.7915 68.3479 0.994119
0.495 -80.1088 -81.58 -80.1088 68.6126 0.994248
0.5 -80.4275 -81.8745 -80.4275 68.8785 0.994377
0.505 -80.7477 -82.1704 -80.7477 69.1457 0.994506
0.51 -81.0694 -82.4675 -81.0694 69.4141 0.994634
0.515 -81.3925 -82.7659 -81.3925 69.6837 0.994763
0.52 -81.7171 -83.0656 -81.7172 69.9545 0.994891
0.525 -82.0433 -83.3667 -82.0433 70.2266 0.995019
0.53 -82.3709 -83.669 -82.3709 70.4999 0.995147
0.535 -82.7 -83.9727 -82.7 70.7745 0.995275
0.54 -83.0306 -84.2777 -83.0306 71.0503 0.995402
0.545 -83.3628 -84.5841 -83.3628 71.3274 0.995529
0.55 -83.6965 -84.8918 -83.6965 71.6058 0.995657
0.555 -84.0317 -85.2008 -84.0317 71.8854 0.995784
0.56 -84.3684 -85.5112 -84.3684 72.1662 0.995911
0.565 -84.7067 -85.8229 -84.7067 72.4484 0.996037
0.57 -85.0465 -86.136 -85.0465 72.7318 0.996164
0.575 -85.3879 -86.4504 -85.3879 73.0166 0.99629
0.58 -85.7309 -86.7662 -85.7309 73.3026 0.996416
0.585 -86.0754 -87.0833 -86.0754 73.5899 0.996542
0.59 -86.4215 -87.4018 -86.4215 73.8785 0.996668
0.595 -86.7692 -87.7217 -86.7692 74.1684 0.996793
0.6 -87.1184 -88.043 -87.1184 74.4597 0.996919
0.605 -87.4693 -88.3656 -87.4693 74.7522 0.997044
0.61 -87.8218 -88.6897 -87.8218 75.0461 0.997169
0.615 -88.1758 -89.0151 -88.1758 75.3413 0.997294
0.62 -88.5315 -89.3419 -88.5315 75.6379 0.997419
0.625 -88.8888 -89.6701 -88.8888 75.9358 0.997543
0.63 -89.2478 -89.9997 -89.2478 76.235 0.997668
0.635 -89.6084 -90.3307 -89.6084 76.5355 0.997792
0.64 -89.9706 -90.6631 -89.9706 76.8375 0.997916
0.645 -90.3345 -90.9969 -90.3345 77.1407 0.99804
0.65 -90.7 -91.3321 -90.7001 77.4454 0.998164
0.655 -91.0673 -91.6688 -91.0673 77.7514 0.998287
0.66 -91.4362 -92.0068 -91.4362 78.0588 0.99841
0.665 -91.8067 -92.3462 -91.8067 78.3676 0.998534
0.67 -92.179 -92.6871 -92.179 78.6777 0.998657
0.675 -92.553 -93.0293 -92.553 78.9892 0.998779
0.68 -92.9286 -93.373 -92.9286 79.3022 0.998902
0.685 -93.3061 -93.718 -93.3061 79.6165 0.999025
0.69 -93.6852 -94.0645 -93.6852 79.9322 0.999147
0.695 -94.0661 -94.4124 -94.0661 80.2494 0.999269
0.7 -94.4487 -94.7617 -94.4487 80.568 0.999391
0.705 -94.8332 -95.1124 -94.8332 80.888 0.999513
0.71 -95.2194 -95.4645 -95.2194 81.2094 0.999634
0.715 -95.6074 -95.8179 -95.6074 81.5323 0.999756
0.72 -95.9973 -96.1727 -95.9973 81.8566 0.999877
0.725 -96.3891 -96.5286 -96.3891 82.1824 0.999998
0.73 -96.7819 -96.8875 -96.7819 82.4998 1
0.735 -97.1739 -97.2508 -97.1739 82.8178 1
0.74 -97.5652 -97.6181 -97.5652 83.1365 1
0.745 -97.9563 -97.9888 -97.9563 83.456 1
0.75 -98.3473 -98.3624 -98.3473 83.7763 1
0.755 -98.7383 -98.7388 -98.7383 84.0974 1
0.76 -99.1296 -99.1175 -99.1296 84.4193 1
0.765 -99.5212 -99.4985 -99.5212 84.7419 1
0.77 -99.9132 -99.8815 -99.9132 85.0654 1
0.775 -100.306 -100.266 -100.306 85.3897 1
0.78 -100.699 -100.653 -100.699 85.7148 1
0.785 -101.093 -101.041 -101.093 86.0407 1
0.79 -101.488 -101.431 -101.488 86.3675 1
0.795 -101.883 -101.822 -101.883 86.6951 1
0.8 -102.279 -102.215 -102.279 87.0235 1
0.805 -102.676 -102.609 -102.676 87.3528 1
0.81 -103.074 -103.004 -103.074 87.6829 1
0.815 -103.473 -103.4 -103.473 88.0138 1
0.82 -103.873 -103.798 -103.873 88.3456 1
0.825 -104.273 -104.196 -104.273 88.6782 1
0.83 -104.675 -104.596 -104.675 89.0117 1
0.835 -105.078 -104.997 -105.078 89.346 1
0.84 -105.481 -105.4 -105.481 89.6812 1
0.845 -105.886 -105.803 -105.886 90.0172 1
0.85 -106.291 -106.207 -106.291 90.3541 1
0.855 -106.698 -106.613 -106.698 90.6919 1
0.86 -107.105 -107.019 -107.105 91.0304 1
0.865 -107.514 -107.427 -107.514 91.3699 1
0.87 -107.923 -107.836 -107.923 91.7102 1
0.875 -108.334 -108.246 -108.334 92.0514 1
0.88 -108.746 -108.656 -108.746 92.3934 1
0.885 -109.158 -109.068 -109.158 92.7363 1
0.89 -109.572 -109.481 -109.572 93.0801 1
0.895 -109.987 -109.895 -109.987 93.4247 1
0.9 -110.402 -110.31 -110.402 93.7702 1
0.905 -110.819 -110.726 -110.819 94.1166 1
0.91 -111.237 -111.143 -111.237 94.4638 1
0.915 -111.656 -111.562 -111.656 94.8119 1
0.92 -112.076 -111.981 -112.076 95.1609 1
0.925 -112.497 -112.401 -112.497 95.5107 1
0.93 -112.919 -112.823 -112.919 95.8615 1
0.935 -113.342 -113.245 -113.342 96.2131 1
0.94 -113.766 -113.669 -113.766 96.5655 1
0.945 -114.191 -114.093 -114.191 96.9189 1
0.95 -114.617 -114.519 -114.617 97.2731 1
0.955 -115.045 -114.945 -115.045 97.6282 1
0.96 -115.473 -115.373 -115.473 97.9842 1
0.965 -115.902 -115.802 -115.902 98.3411 1
0.97 -116.333 -116.232 -116.333 98.6988 1
0.975 -116.764 -116.663 -116.764 99.0574 1
0.98 -117.197 -117.095 -117.197 99.417 1
0.985 -117.631 -117.528 -117.631 99.7774 1
0.99 -118.065 -117.962 -118.065 100.139 1
0.995 -118.501 -118.397 -118.501 100.501 1
1 -118.938 -118.833 -118.938 100.864 1
