0.01 2.83181e-05 -3.7402e-05 2.52545e-06
0.02 2.83181e-05 -3.7402e-05 -2.25306e-05
0.03 2.83181e-05 -3.7402e-05 -5.21891e-05
0.04 2.83181e-05 -3.7402e-05 -6.81222e-05
0.05 2.83181e-05 -3.7402e-05 -7.70919e-05
0.06 2.83181e-05 -3.7402e-05 -9.56587e-05
0.07 2.83181e-05 -3.7402e-05 -0.00012136
0.08 2.83181e-05 -3.7402e-05 -0.000139738
0.09 2.83181e-05 -3.7402e-05 -0.000149844
0.1 2.83181e-05 -3.7402e-05 -0.000163474
0.11 2.83181e-05 -3.7402e-05 -0.00018367
0.12 2.83181e-05 -3.7402e-05 -0.000201076
0.13 2.83181e-05 -3.7402e-05 -0.000211177
0.14 2.83181e-05 -3.7402e-05 -0.000220802
0.15 2.83181e-05 -3.7402e-05 -0.000235007
0.16 2.83181e-05 -3.7402e-05 -0.000249009
0.17 2.83181e-05 -3.7402e-05 -0.000257546
0.18 2.83181e-05 -3.7402e-05 -0.000263498
0.19 2.83181e-05 -3.7402e-05 -0.000271778
0.2 2.83181e-05 -3.7402e-05 -0.000280903
0.21 2.83181e-05 -3.7402e-05 -0.000286421
0.22 2.83181e-05 -3.7402e-05 -0.000288636
0.23 2.83181e-05 -3.7402e-05 -0.000291302
0.24 2.83181e-05 -3.7402e-05 -0.000294886
0.25 2.83181e-05 -3.7402e-05 -0.000296322
0.26 2.83181e-05 -3.7402e-05 -0.000294597
0.27 2.83181e-05 -3.7402e-05 -0.000292066
0.28 2.83181e-05 -3.7402e-05 -0.000290053
0.29 2.83181e-05 -3.7402e-05 -0.000286864
0.3 2.83181e-05 -3.7402e-05 -0.000281073
0.31 2.83181e-05 -3.7402e-05 -0.000273837
0.32 2.83181e-05 -3.7402e-05 -0.000266616
0.33 2.83181e-05 -3.7402e-05 -0.000258776
0.34 2.83181e-05 -3.7402e-05 -0.000249017
0.35 2.83181e-05 -3.7402e-05 -0.000237668
0.36 2.83181e-05 -3.7402e-05 -0.000225942
0.37 2.83181e-05 -3.7402e-05 -0.000213879
0.38 2.83181e-05 -3.7402e-05 -0.000200546
0.39 2.83181e-05 -3.7402e-05 -0.000185805
0.4 2.83181e-05 -3.7402e-05 -0.000170498
0.41 2.83181e-05 -3.7402e-05 -0.000154999
0.42 2.83181e-05 -3.7402e-05 -0.000138778
0.43 2.83181e-05 -3.7402e-05 -0.000121518
0.44 2.83181e-05 -3.7402e-05 -0.000103706
0.45 2.83181e-05 -3.7402e-05 -8.58132e-05
0.46 2.83181e-05 -3.7402e-05 -6.76422e-05
0.47 2.83181e-05 -3.7402e-05 -4.8874e-05
0.48 2.83181e-05 -3.7402e-05 -2.97295e-05
0.49 2.83181e-05 -3.7402e-05 -1.06403e-05
0.5 2.83181e-05 -3.7402e-05 8.36997e-06
0.51 2.83181e-05 -3.7402e-05 2.75343e-05
0.52 2.83181e-05 -3.7402e-05 4.67954e-05
0.53 2.83181e-05 -3.7402e-05 6.58235e-05
0.54 2.83181e-05 -3.7402e-05 8.44771e-05
0.55 2.83181e-05 -3.7402e-05 0.000102882
0.56 2.83181e-05 -3.7402e-05 0.00012106
0.57 2.83181e-05 -3.7402e-05 0.000138793
0.58 2.83181e-05 -3.7402e-05 0.000155901
0.59 2.83181e-05 -3.7402e-05 0.000172419
0.6 2.83181e-05 -3.7402e-05 0.000188392
0.61 2.83181e-05 -3.7402e-05 0.000203696
0.62 2.83181e-05 -3.7402e-05 0.000218163
0.63 2.83181e-05 -3.7402e-05 0.000231768
0.64 2.83181e-05 -3.7402e-05 0.000244552
0.65 2.83181e-05 -3.7402e-05 0.000256458
0.66 2.83181e-05 -3.7402e-05 0.000267357
0.67 2.83181e-05 -3.7402e-05 0.000277197
0.68 2.83181e-05 -3.7402e-05 0.000286004
0.69 2.83181e-05 -3.7402e-05 0.000293766
0.7 2.83181e-05 -3.7402e-05 0.0003004
0.71 2.83181e-05 -3.7402e-05 0.000305853
0.72 2.83181e-05 -3.7402e-05 0.000310139
0.73 2.83181e-05 -3.7402e-05 0.000313273
0.74 2.83181e-05 -3.7402e-05 0.000315218
0.75 2.83181e-05 -3.7402e-05 0.000315935
0.76 2.83181e-05 -3.7402e-05 0.000315437
0.77 2.83181e-05 -3.7402e-05 0.000313753
0.78 2.83181e-05 -3.7402e-05 0.000310883
0.79 2.83181e-05 -3.7402e-05 0.000306815
0.8 2.83181e-05 -3.7402e-05 0.000301564
0.81 2.83181e-05 -3.7402e-05 0.000295172
0.82 2.83181e-05 -3.7402e-05 0.000287668
0.83 2.83181e-05 -3.7402e-05 0.000279065
0.84 2.83181e-05 -3.7402e-05 0.000269391
0.85 2.83181e-05 -3.7402e-05 0.000258696
0.86 2.83181e-05 -3.7402e-05 0.000247031
0.87 2.83181e-05 -3.7402e-05 0.000234432
0.88 2.83181e-05 -3.7402e-05 0.000220941
0.89 2.83181e-05 -3.7402e-05 0.000206617
0.9 2.83181e-05 -3.7402e-05 0.000191524
0.91 2.83181e-05 -3.7402e-05 0.00017572
0.92 2.83181e-05 -3.7402e-05 0.000159259
0.93 2.83181e-05 -3.7402e-05 0.000142206
0.94 2.83181e-05 -3.7402e-05 0.000124636
0.95 2.83181e-05 -3.7402e-05 0.000106619
0.96 2.83181e-05 -3.7402e-05 8.82201e-05
0.97 2.83181e-05 -3.7402e-05 6.95105e-05
0.98 2.83181e-05 -3.7402e-05 5.05684e-05
0.99 2.83181e-05 -3.7402e-05 3.14707e-05
1 2.83181e-05 -3.7402e-05 1.22894e-05
1.01 2.83181e-05 -3.7402e-05 -6.90192e-06
1.02 2.83181e-05 -3.7402e-05 -2.60255e-05
1.03 2.83181e-05 -3.7402e-05 -4.50034e-05
1.04 2.83181e-05 -3.7402e-05 -6.37621e-05
1.05 2.83181e-05 -3.7402e-05 -8.22298e-05
1.06 2.83181e-05 -3.7402e-05 -0.000100333
1.07 2.83181e-05 -3.7402e-05 -0.000117998
1.08 2.83181e-05 -3.7402e-05 -0.000135156
1.09 2.83181e-05 -3.7402e-05 -0.00015174
1.1 2.83181e-05 -3.7402e-05 -0.000167685
1.11 2.83181e-05 -3.7402e-05 -0.000182927
1.12 2.83181e-05 -3.7402e-05 -0.000197406
1.13 2.83181e-05 -3.7402e-05 -0.000211064
1.14 2.83181e-05 -3.7402e-05 -0.00022385
1.15 2.83181e-05 -3.7402e-05 -0.000235711
1.16 2.83181e-05 -3.7402e-05 -0.0002466
1.17 2.83181e-05 -3.7402e-05 -0.000256476
1.18 2.83181e-05 -3.7402e-05 -0.000265298
1.19 2.83181e-05 -3.7402e-05 -0.000273033
1.2 2.83181e-05 -3.7402e-05 -0.000279649
1.21 2.83181e-05 -3.7402e-05 -0.00028512
1.22 2.83181e-05 -3.7402e-05 -0.000289425
1.23 2.83181e-05 -3.7402e-05 -0.000292548
1.24 2.83181e-05 -3.7402e-05 -0.000294475
1.25 2.83181e-05 -3.7402e-05 -0.000295198
1.26 2.83181e-05 -3.7402e-05 -0.000294716
1.27 2.83181e-05 -3.7402e-05 -0.00029303
1.28 2.83181e-05 -3.7402e-05 -0.000290146
1.29 2.83181e-05 -3.7402e-05 -0.000286077
1.3 2.83181e-05 -3.7402e-05 -0.000280837
1.31 2.83181e-05 -3.7402e-05 -0.000274448
1.32 2.83181e-05 -3.7402e-05 -0.000266936
1.33 2.83181e-05 -3.7402e-05 -0.000258329
1.34 2.83181e-05 -3.7402e-05 -0.000248661
1.35 2.83181e-05 -3.7402e-05 -0.000237971
1.36 2.83181e-05 -3.7402e-05 -0.000226301
1.37 2.83181e-05 -3.7402e-05 -0.000213697
1.38 2.83181e-05 -3.7402e-05 -0.000200209
1.39 2.83181e-05 -3.7402e-05 -0.00018589
1.4 2.83181e-05 -3.7402e-05 -0.000170796
1.41 2.83181e-05 -3.7402e-05 -0.000154988
1.42 2.83181e-05 -3.7402e-05 -0.000138526
1.43 2.83181e-05 -3.7402e-05 -0.000121477
1.44 2.83181e-05 -3.7402e-05 -0.000103908
1.45 2.83181e-05 -3.7402e-05 -8.5888e-05
1.46 2.83181e-05 -3.7402e-05 -6.74879e-05
1.47 2.83181e-05 -3.7402e-05 -4.87806e-05
1.48 2.83181e-05 -3.7402e-05 -2.98399e-05
1.49 2.83181e-05 -3.7402e-05 -1.07405e-05
1.5 2.83181e-05 -3.7402e-05 8.44222e-06
1.51 2.83181e-05 -3.7402e-05 2.76325e-05
1.52 2.83181e-05 -3.7402e-05 4.67547e-05
1.53 2.83181e-05 -3.7402e-05 6.57332e-05
1.54 2.83181e-05 -3.7402e-05 8.44932e-05
1.55 2.83181e-05 -3.7402e-05 0.000102961
1.56 2.83181e-05 -3.7402e-05 0.000121063
1.57 2.83181e-05 -3.7402e-05 0.000138728
1.58 2.83181e-05 -3.7402e-05 0.000155886
1.59 2.83181e-05 -3.7402e-05 0.000172471
1.6 2.83181e-05 -3.7402e-05 0.000188415
1.61 2.83181e-05 -3.7402e-05 0.000203657
1.62 2.83181e-05 -3.7402e-05 0.000218136
1.63 2.83181e-05 -3.7402e-05 0.000231795
1.64 2.83181e-05 -3.7402e-05 0.00024458
1.65 2.83181e-05 -3.7402e-05 0.000256441
1.66 2.83181e-05 -3.7402e-05 0.000267331
1.67 2.83181e-05 -3.7402e-05 0.000277206
1.68 2.83181e-05 -3.7402e-05 0.000286028
1.69 2.83181e-05 -3.7402e-05 0.000293763
1.7 2.83181e-05 -3.7402e-05 0.000300379
1.71 2.83181e-05 -3.7402e-05 0.000305851
1.72 2.83181e-05 -3.7402e-05 0.000310156
1.73 2.83181e-05 -3.7402e-05 0.000313278
1.74 2.83181e-05 -3.7402e-05 0.000315205
1.75 2.83181e-05 -3.7402e-05 0.000315929
1.76 2.83181e-05 -3.7402e-05 0.000315446
1.77 2.83181e-05 -3.7402e-05 0.00031376
1.78 2.83181e-05 -3.7402e-05 0.000310877
1.79 2.83181e-05 -3.7402e-05 0.000306807
1.8 2.83181e-05 -3.7402e-05 0.000301567
1.81 2.83181e-05 -3.7402e-05 0.000295179
1.82 2.83181e-05 -3.7402e-05 0.000287666
1.83 2.83181e-05 -3.7402e-05 0.000279059
1.84 2.83181e-05 -3.7402e-05 0.000269391
1.85 2.83181e-05 -3.7402e-05 0.000258701
1.86 2.83181e-05 -3.7402e-05 0.000247032
1.87 2.83181e-05 -3.7402e-05 0.000234428
1.88 2.83181e-05 -3.7402e-05 0.000220939
1.89 2.83181e-05 -3.7402e-05 0.00020662
1.9 2.83181e-05 -3.7402e-05 0.000191526
1.91 2.83181e-05 -3.7402e-05 0.000175718
1.92 2.83181e-05 -3.7402e-05 0.000159257
1.93 2.83181e-05 -3.7402e-05 0.000142208
1.94 2.83181e-05 -3.7402e-05 0.000124638
1.95 2.83181e-05 -3.7402e-05 0.000106618
1.96 2.83181e-05 -3.7402e-05 8.82182e-05
1.97 2.83181e-05 -3.7402e-05 6.95109e-05
1.98 2.83181e-05 -3.7402e-05 5.05701e-05
1.99 2.83181e-05 -3.7402e-05 3.14707e-05
2 2.83181e-05 -3.7402e-05 1.2288e-05
2.01 2.83181e-05 -3.7402e-05 -6.90224e-06
2.02 2.83181e-05 -3.7402e-05 -2.60244e-05
2.03 2.83181e-05 -3.7402e-05 -4.50029e-05
2.04 2.83181e-05 -3.7402e-05 -6.37629e-05
2.05 2.83181e-05 -3.7402e-05 -8.22304e-05
2.06 2.83181e-05 -3.7402e-05 -0.000100332
2.07 2.83181e-05 -3.7402e-05 -0.000117998
2.08 2.83181e-05 -3.7402e-05 -0.000135156
2.09 2.83181e-05 -3.7402e-05 -0.00015174
2.1 2.83181e-05 -3.7402e-05 -0.000167685
2.11 2.83181e-05 -3.7402e-05 -0.000182927
2.12 2.83181e-05 -3.7402e-05 -0.000197406
2.13 2.83181e-05 -3.7402e-05 -0.000211065
2.14 2.83181e-05 -3.7402e-05 -0.00022385
2.15 2.83181e-05 -3.7402e-05 -0.000235711
2.16 2.83181e-05 -3.7402e-05 -0.0002466
2.17 2.83181e-05 -3.7402e-05 -0.000256476
2.18 2.83181e-05 -3.7402e-05 -0.000265298
2.19 2.83181e-05 -3.7402e-05 -0.000273033
2.2 2.83181e-05 -3.7402e-05 -0.000279649
2.21 2.83181e-05 -3.7402e-05 -0.00028512
2.22 2.83181e-05 -3.7402e-05 -0.000289426
2.23 2.83181e-05 -3.7402e-05 -0.000292548
2.24 2.83181e-05 -3.7402e-05 -0.000294475
2.25 2.83181e-05 -3.7402e-05 -0.000295198
2.26 2.83181e-05 -3.7402e-05 -0.000294716
2.27 2.83181e-05 -3.7402e-05 -0.00029303
2.28 2.83181e-05 -3.7402e-05 -0.000290146
2.29 2.83181e-05 -3.7402e-05 -0.000286077
2.3 2.83181e-05 -3.7402e-05 -0.000280837
2.31 2.83181e-05 -3.7402e-05 -0.000274448
2.32 2.83181e-05 -3.7402e-05 -0.000266936
2.33 2.83181e-05 -3.7402e-05 -0.000258329
2.34 2.83181e-05 -3.7402e-05 -0.000248661
2.35 2.83181e-05 -3.7402e-05 -0.000237971
2.36 2.83181e-05 -3.7402e-05 -0.000226301
2.37 2.83181e-05 -3.7402e-05 -0.000213697
2.38 2.83181e-05 -3.7402e-05 -0.000200209
2.39 2.83181e-05 -3.7402e-05 -0.00018589
2.4 2.83181e-05 -3.7402e-05 -0.000170796
2.41 2.83181e-05 -3.7402e-05 -0.000154988
2.42 2.83181e-05 -3.7402e-05 -0.000138526
2.43 2.83181e-05 -3.7402e-05 -0.000121477
2.44 2.83181e-05 -3.7402e-05 -0.000103908
2.45 2.83181e-05 -3.7402e-05 -8.5888e-05
2.46 2.83181e-05 -3.7402e-05 -6.74879e-05
2.47 2.83181e-05 -3.7402e-05 -4.87806e-05
2.48 2.83181e-05 -3.7402e-05 -2.98399e-05
2.49 2.83181e-05 -3.7402e-05 -1.07405e-05
2.5 2.83181e-05 -3.7402e-05 8.44223e-06
2.51 2.83181e-05 -3.7402e-05 2.76325e-05
2.52 2.83181e-05 -3.7402e-05 4.67546e-05
2.53 2.83181e-05 -3.7402e-05 6.57332e-05
2.54 2.83181e-05 -3.7402e-05 8.44932e-05
2.55 2.83181e-05 -3.7402e-05 0.000102961
2.56 2.83181e-05 -3.7402e-05 0.000121063
2.57 2.83181e-05 -3.7402e-05 0.000138728
2.58 2.83181e-05 -3.7402e-05 0.000155886
2.59 2.83181e-05 -3.7402e-05 0.000172471
2.6 2.83181e-05 -3.7402e-05 0.000188415
2.61 2.83181e-05 -3.7402e-05 0.000203657
2.62 2.83181e-05 -3.7402e-05 0.000218136
2.63 2.83181e-05 -3.7402e-05 0.000231795
2.64 2.83181e-05 -3.7402e-05 0.00024458
2.65 2.83181e-05 -3.7402e-05 0.000256441
2.66 2.83181e-05 -3.7402e-05 0.000267331
2.67 2.83181e-05 -3.7402e-05 0.000277206
2.68 2.83181e-05 -3.7402e-05 0.000286028
2.69 2.83181e-05 -3.7402e-05 0.000293763
2.7 2.83181e-05 -3.7402e-05 0.000300379
2.71 2.83181e-05 -3.7402e-05 0.000305851
2.72 2.83181e-05 -3.7402e-05 0.000310156
2.73 2.83181e-05 -3.7402e-05 0.000313278
2.74 2.83181e-05 -3.7402e-05 0.000315205
2.75 2.83181e-05 -3.7402e-05 0.000315929
2.76 2.83181e-05 -3.7402e-05 0.000315446
2.77 2.83181e-05 -3.7402e-05 0.00031376
2.78 2.83181e-05 -3.7402e-05 0.000310877
2.79 2.83181e-05 -3.7402e-05 0.000306807
2.8 2.83181e-05 -3.7402e-05 0.000301567
2.81 2.83181e-05 -3.7402e-05 0.000295179
2.82 2.83181e-05 -3.7402e-05 0.000287666
2.83 2.83181e-05 -3.7402e-05 0.000279059
2.84 2.83181e-05 -3.7402e-05 0.000269391
2.85 2.83181e-05 -3.7402e-05 0.000258701
2.86 2.83181e-05 -3.7402e-05 0.000247032
2.87 2.83181e-05 -3.7402e-05 0.000234428
2.88 2.83181e-05 -3.7402e-05 0.000220939
2.89 2.83181e-05 -3.7402e-05 0.00020662
2.9 2.83181e-05 -3.7402e-05 0.000191526
2.91 2.83181e-05 -3.7402e-05 0.000175718
2.92 2.83181e-05 -3.7402e-05 0.000159257
2.93 2.83181e-05 -3.7402e-05 0.000142208
2.94 2.83181e-05 -3.7402e-05 0.000124638
2.95 2.83181e-05 -3.7402e-05 0.000106618
2.96 2.83181e-05 -3.7402e-05 8.82182e-05
2.97 2.83181e-05 -3.7402e-05 6.95109e-05
2.98 2.83181e-05 -3.7402e-05 5.05701e-05
2.99 2.83181e-05 -3.7402e-05 3.14707e-05
3 2.83181e-05 -3.7402e-05 1.2288e-05
3.01 2.83181e-05 -3.7402e-05 -6.90224e-06
3.02 2.83181e-05 -3.7402e-05 -2.60244e-05
3.03 2.83181e-05 -3.7402e-05 -4.50029e-05
3.04 2.83181e-05 -3.7402e-05 -6.37629e-05
3.05 2.83181e-05 -3.7402e-05 -8.22304e-05
3.06 2.83181e-05 -3.7402e-05 -0.000100332
3.07 2.83181e-05 -3.7402e-05 -0.000117998
3.08 2.83181e-05 -3.7402e-05 -0.000135156
3.09 2.83181e-05 -3.7402e-05 -0.00015174
3.1 2.83181e-05 -3.7402e-05 -0.000167685
3.11 2.83181e-05 -3.7402e-05 -0.000182927
3.12 2.83181e-05 -3.7402e-05 -0.000197406
3.13 2.83181e-05 -3.7402e-05 -0.000211065
3.14 2.83181e-05 -3.7402e-05 -0.00022385
3.15 2.83181e-05 -3.7402e-05 -0.000235711
3.16 2.83181e-05 -3.7402e-05 -0.0002466
3.17 2.83181e-05 -3.7402e-05 -0.000256476
3.18 2.83181e-05 -3.7402e-05 -0.000265298
3.19 2.83181e-05 -3.7402e-05 -0.000273033
3.2 2.83181e-05 -3.7402e-05 -0.000279649
3.21 2.83181e-05 -3.7402e-05 -0.00028512
3.22 2.83181e-05 -3.7402e-05 -0.000289426
3.23 2.83181e-05 -3.7402e-05 -0.000292548
3.24 2.83181e-05 -3.7402e-05 -0.000294475
3.25 2.83181e-05 -3.7402e-05 -0.000295198
3.26 2.83181e-05 -3.7402e-05 -0.000294716
3.27 2.83181e-05 -3.7402e-05 -0.00029303
3.28 2.83181e-05 -3.7402e-05 -0.000290146
3.29 2.83181e-05 -3.7402e-05 -0.000286077
3.3 2.83181e-05 -3.7402e-05 -0.000280837
3.31 2.83181e-05 -3.7402e-05 -0.000274448
3.32 2.83181e-05 -3.7402e-05 -0.000266936
3.33 2.83181e-05 -3.7402e-05 -0.000258329
3.34 2.83181e-05 -3.7402e-05 -0.000248661
3.35 2.83181e-05 -3.7402e-05 -0.000237971
3.36 2.83181e-05 -3.7402e-05 -0.000226301
3.37 2.83181e-05 -3.7402e-05 -0.000213697
3.38 2.83181e-05 -3.7402e-05 -0.000200209
3.39 2.83181e-05 -3.7402e-05 -0.00018589
3.4 2.83181e-05 -3.7402e-05 -0.000170796
3.41 2.83181e-05 -3.7402e-05 -0.000154988
3.42 2.83181e-05 -3.7402e-05 -0.000138526
3.43 2.83181e-05 -3.7402e-05 -0.000121477
3.44 2.83181e-05 -3.7402e-05 -0.000103908
3.45 2.83181e-05 -3.7402e-05 -8.5888e-05
3.46 2.83181e-05 -3.7402e-05 -6.74879e-05
3.47 2.83181e-05 -3.7402e-05 -4.87806e-05
3.48 2.83181e-05 -3.7402e-05 -2.98399e-05
3.49 2.83181e-05 -3.7402e-05 -1.07405e-05
3.5 2.83181e-05 -3.7402e-05 8.44223e-06
3.51 2.83181e-05 -3.7402e-05 2.76325e-05
3.52 2.83181e-05 -3.7402e-05 4.67546e-05
3.53 2.83181e-05 -3.7402e-05 6.57332e-05
3.54 2.83181e-05 -3.7402e-05 8.44932e-05
3.55 2.83181e-05 -3.7402e-05 0.000102961
3.56 2.83181e-05 -3.7402e-05 0.000121063
3.57 2.83181e-05 -3.7402e-05 0.000138728
3.58 2.83181e-05 -3.7402e-05 0.000155886
3.59 2.83181e-05 -3.7402e-05 0.000172471
3.6 2.83181e-05 -3.7402e-05 0.000188415
3.61 2.83181e-05 -3.7402e-05 0.000203657
3.62 2.83181e-05 -3.7402e-05 0.000218136
3.63 2.83181e-05 -3.7402e-05 0.000231795
3.64 2.83181e-05 -3.7402e-05 0.00024458
3.65 2.83181e-05 -3.7402e-05 0.000256441
3.66 2.83181e-05 -3.7402e-05 0.000267331
3.67 2.83181e-05 -3.7402e-05 0.000277206
3.68 2.83181e-05 -3.7402e-05 0.000286028
3.69 2.83181e-05 -3.7402e-05 0.000293763
3.7 2.83181e-05 -3.7402e-05 0.000300379
3.71 2.83181e-05 -3.7402e-05 0.000305851
3.72 2.83181e-05 -3.7402e-05 0.000310156
3.73 2.83181e-05 -3.7402e-05 0.000313278
3.74 2.83181e-05 -3.7402e-05 0.000315205
3.75 2.83181e-05 -3.7402e-05 0.000315929
3.76 2.83181e-05 -3.7402e-05 0.000315446
3.77 2.83181e-05 -3.7402e-05 0.00031376
3.78 2.83181e-05 -3.7402e-05 0.000310877
3.79 2.83181e-05 -3.7402e-05 0.000306807
3.8 2.83181e-05 -3.7402e-05 0.000301567
3.81 2.83181e-05 -3.7402e-05 0.000295179
3.82 2.83181e-05 -3.7402e-05 0.000287666
3.83 2.83181e-05 -3.7402e-05 0.000279059
3.84 2.83181e-05 -3.7402e-05 0.000269391
3.85 2.83181e-05 -3.7402e-05 0.000258701
3.86 2.83181e-05 -3.7402e-05 0.000247032
3.87 2.83181e-05 -3.7402e-05 0.000234428
3.88 2.83181e-05 -3.7402e-05 0.000220939
3.89 2.83181e-05 -3.7402e-05 0.00020662
3.9 2.83181e-05 -3.7402e-05 0.000191526
3.91 2.83181e-05 -3.7402e-05 0.000175718
3.92 2.83181e-05 -3.7402e-05 0.000159257
3.93 2.83181e-05 -3.7402e-05 0.000142208
3.94 2.83181e-05 -3.7402e-05 0.000124638
3.95 2.83181e-05 -3.7402e-05 0.000106618
3.96 2.83181e-05 -3.7402e-05 8.82182e-05
3.97 2.83181e-05 -3.7402e-05 6.95109e-05
3.98 2.83181e-05 -3.7402e-05 5.05701e-05
3.99 2.83181e-05 -3.7402e-05 3.14707e-05
4 2.83181e-05 -3.7402e-05 1.2288e-05
4.01 2.83181e-05 -3.7402e-05 -6.90224e-06
4.02 2.83181e-05 -3.7402e-05 -2.60244e-05
4.03 2.83181e-05 -3.7402e-05 -4.50029e-05
4.04 2.83181e-05 -3.7402e-05 -6.37629e-05
4.05 2.83181e-05 -3.7402e-05 -8.22304e-05
4.06 2.83181e-05 -3.7402e-05 -0.000100332
4.07 2.83181e-05 -3.7402e-05 -0.000117998
4.08 2.83181e-05 -3.7402e-05 -0.000135156
4.09 2.83181e-05 -3.7402e-05 -0.00015174
4.1 2.83181e-05 -3.7402e-05 -0.000167685
4.11 2.83181e-05 -3.7402e-05 -0.000182927
4.12 2.83181e-05 -3.7402e-05 -0.000197406
4.13 2.83181e-05 -3.7402e-05 -0.000211065
4.14 2.83181e-05 -3.7402e-05 -0.00022385
4.15 2.83181e-05 -3.7402e-05 -0.000235711
4.16 2.83181e-05 -3.7402e-05 -0.0002466
4.17 2.83181e-05 -3.7402e-05 -0.000256476
4.18 2.83181e-05 -3.7402e-05 -0.000265298
4.19 2.83181e-05 -3.7402e-05 -0.000273033
4.2 2.83181e-05 -3.7402e-05 -0.000279649
4.21 2.83181e-05 -3.7402e-05 -0.00028512
4.22 2.83181e-05 -3.7402e-05 -0.000289426
4.23 2.83181e-05 -3.7402e-05 -0.000292548
4.24 2.83181e-05 -3.7402e-05 -0.000294475
4.25 2.83181e-05 -3.7402e-05 -0.000295198
4.26 2.83181e-05 -3.7402e-05 -0.000294716
4.27 2.83181e-05 -3.7402e-05 -0.00029303
4.28 2.83181e-05 -3.7402e-05 -0.000290146
4.29 2.83181e-05 -3.7402e-05 -0.000286077
4.3 2.83181e-05 -3.7402e-05 -0.000280837
4.31 2.83181e-05 -3.7402e-05 -0.000274448
4.32 2.83181e-05 -3.7402e-05 -0.000266936
4.33 2.83181e-05 -3.7402e-05 -0.000258329
4.34 2.83181e-05 -3.7402e-05 -0.000248661
4.35 2.83181e-05 -3.7402e-05 -0.000237971
4.36 2.83181e-05 -3.7402e-05 -0.000226301
4.37 2.83181e-05 -3.7402e-05 -0.000213697
4.38 2.83181e-05 -3.7402e-05 -0.000200209
4.39 2.83181e-05 -3.7402e-05 -0.00018589
4.4 2.83181e-05 -3.7402e-05 -0.000170796
4.41 2.83181e-05 -3.7402e-05 -0.000154988
4.42 2.83181e-05 -3.7402e-05 -0.000138526
4.43 2.83181e-05 -3.7402e-05 -0.000121477
4.44 2.83181e-05 -3.7402e-05 -0.000103908
4.45 2.83181e-05 -3.7402e-05 -8.5888e-05
4.46 2.83181e-05 -3.7402e-05 -6.74879e-05
4.47 2.83181e-05 -3.7402e-05 -4.87806e-05
4.48 2.83181e-05 -3.7402e-05 -2.98399e-05
4.49 2.83181e-05 -3.7402e-05 -1.07405e-05
4.5 2.83181e-05 -3.7402e-05 8.44223e-06
4.51 2.83181e-05 -3.7402e-05 2.76325e-05
4.52 2.83181e-05 -3.7402e-05 4.67546e-05
4.53 2.83181e-05 -3.7402e-05 6.57332e-05
4.54 2.83181e-05 -3.7402e-05 8.44932e-05
4.55 2.83181e-05 -3.7402e-05 0.000102961
4.56 2.83181e-05 -3.7402e-05 0.000121063
4.57 2.83181e-05 -3.7402e-05 0.000138728
4.58 2.83181e-05 -3.7402e-05 0.000155886
4.59 2.83181e-05 -3.7402e-05 0.000172471
4.6 2.83181e-05 -3.7402e-05 0.000188415
4.61 2.83181e-05 -3.7402e-05 0.000203657
4.62 2.83181e-05 -3.7402e-05 0.000218136
4.63 2.83181e-05 -3.7402e-05 0.000231795
4.64 2.83181e-05 -3.7402e-05 0.00024458
4.65 2.83181e-05 -3.7402e-05 0.000256441
4.66 2.83181e-05 -3.7402e-05 0.000267331
4.67 2.83181e-05 -3.7402e-05 0.000277206
4.68 2.83181e-05 -3.7402e-05 0.000286028
4.69 2.83181e-05 -3.7402e-05 0.000293763
4.7 2.83181e-05 -3.7402e-05 0.000300379
4.71 2.83181e-05 -3.7402e-05 0.000305851
4.72 2.83181e-05 -3.7402e-05 0.000310156
4.73 2.83181e-05 -3.7402e-05 0.000313278
4.74 2.83181e-05 -3.7402e-05 0.000315205
4.75 2.83181e-05 -3.7402e-05 0.000315929
4.76 2.83181e-05 -3.7402e-05 0.000315446
4.77 2.83181e-05 -3.7402e-05 0.00031376
4.78 2.83181e-05 -3.7402e-05 0.000310877
4.79 2.83181e-05 -3.7402e-05 0.000306807
4.8 2.83181e-05 -3.7402e-05 0.000301567
4.81 2.83181e-05 -3.7402e-05 0.000295179
4.82 2.83181e-05 -3.7402e-05 0.000287666
4.83 2.83181e-05 -3.7402e-05 0.000279059
4.84 2.83181e-05 -3.7402e-05 0.000269391
4.85 2.83181e-05 -3.7402e-05 0.000258701
4.86 2.83181e-05 -3.7402e-05 0.000247032
4.87 2.83181e-05 -3.7402e-05 0.000234428
4.88 2.83181e-05 -3.7402e-05 0.000220939
4.89 2.83181e-05 -3.7402e-05 0.00020662
4.9 2.83181e-05 -3.7402e-05 0.000191526
4.91 2.83181e-05 -3.7402e-05 0.000175718
4.92 2.83181e-05 -3.7402e-05 0.000159257
4.93 2.83181e-05 -3.7402e-05 0.000142208
4.94 2.83181e-05 -3.7402e-05 0.000124638
4.95 2.83181e-05 -3.7402e-05 0.000106618
4.96 2.83181e-05 -3.7402e-05 8.82182e-05
4.97 2.83181e-05 -3.7402e-05 6.95109e-05
4.98 2.83181e-05 -3.7402e-05 5.05701e-05
4.99 2.83181e-05 -3.7402e-05 3.14707e-05
5 2.83181e-05 -3.7402e-05 1.2288e-05
5.01 2.83181e-05 -3.7402e-05 -6.90224e-06
5.02 2.83181e-05 -3.7402e-05 -2.60244e-05
5.03 2.83181e-05 -3.7402e-05 -4.50029e-05
5.04 2.83181e-05 -3.7402e-05 -6.37629e-05
5.05 2.83181e-05 -3.7402e-05 -8.22304e-05
5.06 2.83181e-05 -3.7402e-05 -0.000100332
5.07 2.83181e-05 -3.7402e-05 -0.000117998
5.08 2.83181e-05 -3.7402e-05 -0.000135156
5.09 2.83181e-05 -3.7402e-05 -0.00015174
5.1 2.83181e-05 -3.7402e-05 -0.000167685
5.11 2.83181e-05 -3.7402e-05 -0.000182927
5.12 2.83181e-05 -3.7402e-05 -0.000197406
5.13 2.83181e-05 -3.7402e-05 -0.000211065
5.14 2.83181e-05 -3.7402e-05 -0.00022385
5.15 2.83181e-05 -3.7402e-05 -0.000235711
5.16 2.83181e-05 -3.7402e-05 -0.0002466
5.17 2.83181e-05 -3.7402e-05 -0.000256476
5.18 2.83181e-05 -3.7402e-05 -0.000265298
5.19 2.83181e-05 -3.7402e-05 -0.000273033
5.2 2.83181e-05 -3.7402e-05 -0.000279649
5.21 2.83181e-05 -3.7402e-05 -0.00028512
5.22 2.83181e-05 -3.7402e-05 -0.000289426
5.23 2.83181e-05 -3.7402e-05 -0.000292548
5.24 2.83181e-05 -3.7402e-05 -0.000294475
5.25 2.83181e-05 -3.7402e-05 -0.000295198
5.26 2.83181e-05 -3.7402e-05 -0.000294716
5.27 2.83181e-05 -3.7402e-05 -0.00029303
5.28 2.83181e-05 -3.7402e-05 -0.000290146
5.29 2.83181e-05 -3.7402e-05 -0.000286077
5.3 2.83181e-05 -3.7402e-05 -0.000280837
5.31 2.83181e-05 -3.7402e-05 -0.000274448
5.32 2.83181e-05 -3.7402e-05 -0.000266936
5.33 2.83181e-05 -3.7402e-05 -0.000258329
5.34 2.83181e-05 -3.7402e-05 -0.000248661
5.35 2.83181e-05 -3.7402e-05 -0.000237971
5.36 2.83181e-05 -3.7402e-05 -0.000226301
5.37 2.83181e-05 -3.7402e-05 -0.000213697
5.38 2.83181e-05 -3.7402e-05 -0.000200209
5.39 2.83181e-05 -3.7402e-05 -0.00018589
5.4 2.83181e-05 -3.7402e-05 -0.000170796
5.41 2.83181e-05 -3.7402e-05 -0.000154988
5.42 2.83181e-05 -3.7402e-05 -0.000138526
5.43 2.83181e-05 -3.7402e-05 -0.000121477
5.44 2.83181e-05 -3.7402e-05 -0.000103908
5.45 2.83181e-05 -3.7402e-05 -8.5888e-05
5.46 2.83181e-05 -3.7402e-05 -6.74879e-05
5.47 2.83181e-05 -3.7402e-05 -4.87806e-05
5.48 2.83181e-05 -3.7402e-05 -2.98399e-05
5.49 2.83181e-05 -3.7402e-05 -1.07405e-05
5.5 2.83181e-05 -3.7402e-05 8.44223e-06
5.51 2.83181e-05 -3.7402e-05 2.76325e-05
5.52 2.83181e-05 -3.7402e-05 4.67546e-05
5.53 2.83181e-05 -3.7402e-05 6.57332e-05
5.54 2.83181e-05 -3.7402e-05 8.44932e-05
5.55 2.83181e-05 -3.7402e-05 0.000102961
5.56 2.83181e-05 -3.7402e-05 0.000121063
5.57 2.83181e-05 -3.7402e-05 0.000138728
5.58 2.83181e-05 -3.7402e-05 0.000155886
5.59 2.83181e-05 -3.7402e-05 0.000172471
5.6 2.83181e-05 -3.7402e-05 0.000188415
5.61 2.83181e-05 -3.7402e-05 0.000203657
5.62 2.83181e-05 -3.7402e-05 0.000218136
5.63 2.83181e-05 -3.7402e-05 0.000231795
5.64 2.83181e-05 -3.7402e-05 0.00024458
5.65 2.83181e-05 -3.7402e-05 0.000256441
5.66 2.83181e-05 -3.7402e-05 0.000267331
5.67 2.83181e-05 -3.7402e-05 0.000277206
5.68 2.83181e-05 -3.7402e-05 0.000286028
5.69 2.83181e-05 -3.7402e-05 0.000293763
5.7 2.83181e-05 -3.7402e-05 0.000300379
5.71 2.83181e-05 -3.7402e-05 0.000305851
5.72 2.83181e-05 -3.7402e-05 0.000310156
5.73 2.83181e-05 -3.7402e-05 0.000313278
5.74 2.83181e-05 -3.7402e-05 0.000315205
5.75 2.83181e-05 -3.7402e-05 0.000315929
5.76 2.83181e-05 -3.7402e-05 0.000315446
5.77 2.83181e-05 -3.7402e-05 0.00031376
5.78 2.83181e-05 -3.7402e-05 0.000310877
5.79 2.83181e-05 -3.7402e-05 0.000306807
5.8 2.83181e-05 -3.7402e-05 0.000301567
5.81 2.83181e-05 -3.7402e-05 0.000295179
5.82 2.83181e-05 -3.7402e-05 0.000287666
5.83 2.83181e-05 -3.7402e-05 0.000279059
5.84 2.83181e-05 -3.7402e-05 0.000269391
5.85 2.83181e-05 -3.7402e-05 0.000258701
5.86 2.83181e-05 -3.7402e-05 0.000247032
5.87 2.83181e-05 -3.7402e-05 0.000234428
5.88 2.83181e-05 -3.7402e-05 0.000220939
5.89 2.83181e-05 -3.7402e-05 0.00020662
5.9 2.83181e-05 -3.7402e-05 0.000191526
5.91 2.83181e-05 -3.7402e-05 0.000175718
5.92 2.83181e-05 -3.7402e-05 0.000159257
5.93 2.83181e-05 -3.7402e-05 0.000142208
5.94 2.83181e-05 -3.7402e-05 0.000124638
5.95 2.83181e-05 -3.7402e-05 0.000106618
5.96 2.83181e-05 -3.7402e-05 8.82182e-05
5.97 2.83181e-05 -3.7402e-05 6.95109e-05
5.98 2.83181e-05 -3.7402e-05 5.05701e-05
5.99 2.83181e-05 -3.7402e-05 3.14707e-05
6 2.83181e-05 -3.7402e-05 1.2288e-05
6.01 2.83181e-05 -3.7402e-05 -6.90224e-06
6.02 2.83181e-05 -3.7402e-05 -2.60244e-05
6.03 2.83181e-05 -3.7402e-05 -4.50029e-05
6.04 2.83181e-05 -3.7402e-05 -6.37629e-05
6.05 2.83181e-05 -3.7402e-05 -8.22304e-05
6.06 2.83181e-05 -3.7402e-05 -0.000100332
6.07 2.83181e-05 -3.7402e-05 -0.000117998
6.08 2.83181e-05 -3.7402e-05 -0.000135156
6.09 2.83181e-05 -3.7402e-05 -0.00015174
6.1 2.83181e-05 -3.7402e-05 -0.000167685
6.11 2.83181e-05 -3.7402e-05 -0.000182927
6.12 2.83181e-05 -3.7402e-05 -0.000197406
6.13 2.83181e-05 -3.7402e-05 -0.000211065
6.14 2.83181e-05 -3.7402e-05 -0.00022385
6.15 2.83181e-05 -3.7402e-05 -0.000235711
6.16 2.83181e-05 -3.7402e-05 -0.0002466
6.17 2.83181e-05 -3.7402e-05 -0.000256476
6.18 2.83181e-05 -3.7402e-05 -0.000265298
6.19 2.83181e-05 -3.7402e-05 -0.000273033
6.2 2.83181e-05 -3.7402e-05 -0.000279649
6.21 2.83181e-05 -3.7402e-05 -0.00028512
6.22 2.83181e-05 -3.7402e-05 -0.000289426
6.23 2.83181e-05 -3.7402e-05 -0.000292548
6.24 2.83181e-05 -3.7402e-05 -0.000294475
6.25 2.83181e-05 -3.7402e-05 -0.000295198
6.26 2.83181e-05 -3.7402e-05 -0.000294716
6.27 2.83181e-05 -3.7402e-05 -0.00029303
6.28 2.83181e-05 -3.7402e-05 -0.000290146
6.29 2.83181e-05 -3.7402e-05 -0.000286077
6.3 2.83181e-05 -3.7402e-05 -0.000280837
6.31 2.83181e-05 -3.7402e-05 -0.000274448
6.32 2.83181e-05 -3.7402e-05 -0.000266936
6.33 2.83181e-05 -3.7402e-05 -0.000258329
6.34 2.83181e-05 -3.7402e-05 -0.000248661
6.35 2.83181e-05 -3.7402e-05 -0.000237971
6.36 2.83181e-05 -3.7402e-05 -0.000226301
6.37 2.83181e-05 -3.7402e-05 -0.000213697
6.38 2.83181e-05 -3.7402e-05 -0.000200209
6.39 2.83181e-05 -3.7402e-05 -0.00018589
6.4 2.83181e-05 -3.7402e-05 -0.000170796
6.41 2.83181e-05 -3.7402e-05 -0.000154988
6.42 2.83181e-05 -3.7402e-05 -0.000138526
6.43 2.83181e-05 -3.7402e-05 -0.000121477
6.44 2.83181e-05 -3.7402e-05 -0.000103908
6.45 2.83181e-05 -3.7402e-05 -8.5888e-05
6.46 2.83181e-05 -3.7402e-05 -6.74879e-05
6.47 2.83181e-05 -3.7402e-05 -4.87806e-05
6.48 2.83181e-05 -3.7402e-05 -2.98399e-05
6.49 2.83181e-05 -3.7402e-05 -1.07405e-05
6.5 2.83181e-05 -3.7402e-05 8.44223e-06
6.51 2.83181e-05 -3.7402e-05 2.76325e-05
6.52 2.83181e-05 -3.7402e-05 4.67546e-05
6.53 2.83181e-05 -3.7402e-05 6.57332e-05
6.54 2.83181e-05 -3.7402e-05 8.44932e-05
6.55 2.83181e-05 -3.7402e-05 0.000102961
6.56 2.83181e-05 -3.7402e-05 0.000121063
6.57 2.83181e-05 -3.7402e-05 0.000138728
6.58 2.83181e-05 -3.7402e-05 0.000155886
6.59 2.83181e-05 -3.7402e-05 0.000172471
6.6 2.83181e-05 -3.7402e-05 0.000188415
6.61 2.83181e-05 -3.7402e-05 0.000203657
6.62 2.83181e-05 -3.7402e-05 0.000218136
6.63 2.83181e-05 -3.7402e-05 0.000231795
6.64 2.83181e-05 -3.7402e-05 0.00024458
6.65 2.83181e-05 -3.7402e-05 0.000256441
6.66 2.83181e-05 -3.7402e-05 0.000267331
6.67 2.83181e-05 -3.7402e-05 0.000277206
6.68 2.83181e-05 -3.7402e-05 0.000286028
6.69 2.83181e-05 -3.7402e-05 0.000293763
6.7 2.83181e-05 -3.7402e-05 0.000300379
6.71 2.83181e-05 -3.7402e-05 0.000305851
6.72 2.83181e-05 -3.7402e-05 0.000310156
6.73 2.83181e-05 -3.7402e-05 0.000313278
6.74 2.83181e-05 -3.7402e-05 0.000315205
6.75 2.83181e-05 -3.7402e-05 0.000315929
6.76 2.83181e-05 -3.7402e-05 0.000315446
6.77 2.83181e-05 -3.7402e-05 0.00031376
6.78 2.83181e-05 -3.7402e-05 0.000310877
6.79 2.83181e-05 -3.7402e-05 0.000306807
6.8 2.83181e-05 -3.7402e-05 0.000301567
6.81 2.83181e-05 -3.7402e-05 0.000295179
6.82 2.83181e-05 -3.7402e-05 0.000287666
6.83 2.83181e-05 -3.7402e-05 0.000279059
6.84 2.83181e-05 -3.7402e-05 0.000269391
6.85 2.83181e-05 -3.7402e-05 0.000258701
6.86 2.83181e-05 -3.7402e-05 0.000247032
6.87 2.83181e-05 -3.7402e-05 0.000234428
6.88 2.83181e-05 -3.7402e-05 0.000220939
6.89 2.83181e-05 -3.7402e-05 0.00020662
6.9 2.83181e-05 -3.7402e-05 0.000191526
6.91 2.83181e-05 -3.7402e-05 0.000175718
6.92 2.83181e-05 -3.7402e-05 0.000159257
6.93 2.83181e-05 -3.7402e-05 0.000142208
6.94 2.83181e-05 -3.7402e-05 0.000124638
6.95 2.83181e-05 -3.7402e-05 0.000106618
6.96 2.83181e-05 -3.7402e-05 8.82182e-05
6.97 2.83181e-05 -3.7402e-05 6.95109e-05
6.98 2.83181e-05 -3.7402e-05 5.05701e-05
6.99 2.83181e-05 -3.7402e-05 3.14707e-05
7 2.83181e-05 -3.7402e-05 1.2288e-05
7.01 2.83181e-05 -3.7402e-05 -6.90224e-06
7.02 2.83181e-05 -3.7402e-05 -2.60244e-05
7.03 2.83181e-05 -3.7402e-05 -4.50029e-05
7.04 2.83181e-05 -3.7402e-05 -6.37629e-05
7.05 2.83181e-05 -3.7402e-05 -8.22304e-05
7.06 2.83181e-05 -3.7402e-05 -0.000100332
7.07 2.83181e-05 -3.7402e-05 -0.000117998
7.08 2.83181e-05 -3.7402e-05 -0.000135156
7.09 2.83181e-05 -3.7402e-05 -0.00015174
7.1 2.83181e-05 -3.7402e-05 -0.000167685
7.11 2.83181e-05 -3.7402e-05 -0.000182927
7.12 2.83181e-05 -3.7402e-05 -0.000197406
7.13 2.83181e-05 -3.7402e-05 -0.000211065
7.14 2.83181e-05 -3.7402e-05 -0.00022385
7.15 2.83181e-05 -3.7402e-05 -0.000235711
7.16 2.83181e-05 -3.7402e-05 -0.0002466
7.17 2.83181e-05 -3.7402e-05 -0.000256476
7.18 2.83181e-05 -3.7402e-05 -0.000265298
7.19 2.83181e-05 -3.7402e-05 -0.000273033
7.2 2.83181e-05 -3.7402e-05 -0.000279649
7.21 2.83181e-05 -3.7402e-05 -0.00028512
7.22 2.83181e-05 -3.7402e-05 -0.000289426
7.23 2.83181e-05 -3.7402e-05 -0.000292548
7.24 2.83181e-05 -3.7402e-05 -0.000294475
7.25 2.83181e-05 -3.7402e-05 -0.000295198
7.26 2.83181e-05 -3.7402e-05 -0.000294716
7.27 2.83181e-05 -3.7402e-05 -0.00029303
7.28 2.83181e-05 -3.7402e-05 -0.000290146
7.29 2.83181e-05 -3.7402e-05 -0.000286077
7.3 2.83181e-05 -3.7402e-05 -0.000280837
7.31 2.83181e-05 -3.7402e-05 -0.000274448
7.32 2.83181e-05 -3.7402e-05 -0.000266936
7.33 2.83181e-05 -3.7402e-05 -0.000258329
7.34 2.83181e-05 -3.7402e-05 -0.000248661
7.35 2.83181e-05 -3.7402e-05 -0.000237971
7.36 2.83181e-05 -3.7402e-05 -0.000226301
7.37 2.83181e-05 -3.7402e-05 -0.000213697
7.38 2.83181e-05 -3.7402e-05 -0.000200209
7.39 2.83181e-05 -3.7402e-05 -0.00018589
7.4 2.83181e-05 -3.7402e-05 -0.000170796
7.41 2.83181e-05 -3.7402e-05 -0.000154988
7.42 2.83181e-05 -3.7402e-05 -0.000138526
7.43 2.83181e-05 -3.7402e-05 -0.000121477
7.44 2.83181e-05 -3.7402e-05 -0.000103908
7.45 2.83181e-05 -3.7402e-05 -8.5888e-05
7.46 2.83181e-05 -3.7402e-05 -6.74879e-05
7.47 2.83181e-05 -3.7402e-05 -4.87806e-05
7.48 2.83181e-05 -3.7402e-05 -2.98399e-05
7.49 2.83181e-05 -3.7402e-05 -1.07405e-05
7.5 2.83181e-05 -3.7402e-05 8.44223e-06
7.51 2.83181e-05 -3.7402e-05 2.76325e-05
7.52 2.83181e-05 -3.7402e-05 4.67546e-05
7.53 2.83181e-05 -3.7402e-05 6.57332e-05
7.54 2.83181e-05 -3.7402e-05 8.44932e-05
7.55 2.83181e-05 -3.7402e-05 0.000102961
7.56 2.83181e-05 -3.7402e-05 0.000121063
7.57 2.83181e-05 -3.7402e-05 0.000138728
7.58 2.83181e-05 -3.7402e-05 0.000155886
7.59 2.83181e-05 -3.7402e-05 0.000172471
7.6 2.83181e-05 -3.7402e-05 0.000188415
7.61 2.83181e-05 -3.7402e-05 0.000203657
7.62 2.83181e-05 -3.7402e-05 0.000218136
7.63 2.83181e-05 -3.7402e-05 0.000231795
7.64 2.83181e-05 -3.7402e-05 0.00024458
7.65 2.83181e-05 -3.7402e-05 0.000256441
7.66 2.83181e-05 -3.7402e-05 0.000267331
7.67 2.83181e-05 -3.7402e-05 0.000277206
7.68 2.83181e-05 -3.7402e-05 0.000286028
7.69 2.83181e-05 -3.7402e-05 0.000293763
7.7 2.83181e-05 -3.7402e-05 0.000300379
7.71 2.83181e-05 -3.7402e-05 0.000305851
7.72 2.83181e-05 -3.7402e-05 0.000310156
7.73 2.83181e-05 -3.7402e-05 0.000313278
7.74 2.83181e-05 -3.7402e-05 0.000315205
7.75 2.83181e-05 -3.7402e-05 0.000315929
7.76 2.83181e-05 -3.7402e-05 0.000315446
7.77 2.83181e-05 -3.7402e-05 0.00031376
7.78 2.83181e-05 -3.7402e-05 0.000310877
7.79 2.83181e-05 -3.7402e-05 0.000306807
7.8 2.83181e-05 -3.7402e-05 0.000301567
7.81 2.83181e-05 -3.7402e-05 0.000295179
7.82 2.83181e-05 -3.7402e-05 0.000287666
7.83 2.83181e-05 -3.7402e-05 0.000279059
7.84 2.83181e-05 -3.7402e-05 0.000269391
7.85 2.83181e-05 -3.7402e-05 0.000258701
7.86 2.83181e-05 -3.7402e-05 0.000247032
7.87 2.83181e-05 -3.7402e-05 0.000234428
7.88 2.83181e-05 -3.7402e-05 0.000220939
7.89 2.83181e-05 -3.7402e-05 0.00020662
7.9 2.83181e-05 -3.7402e-05 0.000191526
7.91 2.83181e-05 -3.7402e-05 0.000175718
7.92 2.83181e-05 -3.7402e-05 0.000159257
7.93 2.83181e-05 -3.7402e-05 0.000142208
7.94 2.83181e-05 -3.7402e-05 0.000124638
7.95 2.83181e-05 -3.7402e-05 0.000106618
7.96 2.83181e-05 -3.7402e-05 8.82182e-05
7.97 2.83181e-05 -3.7402e-05 6.95109e-05
7.98 2.83181e-05 -3.7402e-05 5.05701e-05
7.99 2.83181e-05 -3.7402e-05 3.14707e-05
8 2.83181e-05 -3.7402e-05 1.2288e-05
8.01 2.83181e-05 -3.7402e-05 -6.90224e-06
8.02 2.83181e-05 -3.7402e-05 -2.60244e-05
8.03 2.83181e-05 -3.7402e-05 -4.50029e-05
8.04 2.83181e-05 -3.7402e-05 -6.37629e-05
8.05 2.83181e-05 -3.7402e-05 -8.22304e-05
8.06 2.83181e-05 -3.7402e-05 -0.000100332
8.07 2.83181e-05 -3.7402e-05 -0.000117998
8.08 2.83181e-05 -3.7402e-05 -0.000135156
8.09 2.83181e-05 -3.7402e-05 -0.00015174
8.1 2.83181e-05 -3.7402e-05 -0.000167685
8.11 2.83181e-05 -3.7402e-05 -0.000182927
8.12 2.83181e-05 -3.7402e-05 -0.000197406
8.13 2.83181e-05 -3.7402e-05 -0.000211065
8.14 2.83181e-05 -3.7402e-05 -0.00022385
8.15 2.83181e-05 -3.7402e-05 -0.000235711
8.16 2.83181e-05 -3.7402e-05 -0.0002466
8.17 2.83181e-05 -3.7402e-05 -0.000256476
8.18 2.83181e-05 -3.7402e-05 -0.000265298
8.19 2.83181e-05 -3.7402e-05 -0.000273033
8.2 2.83181e-05 -3.7402e-05 -0.000279649
8.21 2.83181e-05 -3.7402e-05 -0.00028512
8.22 2.83181e-05 -3.7402e-05 -0.000289426
8.23 2.83181e-05 -3.7402e-05 -0.000292548
8.24 2.83181e-05 -3.7402e-05 -0.000294475
8.25 2.83181e-05 -3.7402e-05 -0.000295198
8.26 2.83181e-05 -3.7402e-05 -0.000294716
8.27 2.83181e-05 -3.7402e-05 -0.00029303
8.28 2.83181e-05 -3.7402e-05 -0.000290146
8.29 2.83181e-05 -3.7402e-05 -0.000286077
8.3 2.83181e-05 -3.7402e-05 -0.000280837
8.31 2.83181e-05 -3.7402e-05 -0.000274448
8.32 2.83181e-05 -3.7402e-05 -0.000266936
8.33 2.83181e-05 -3.7402e-05 -0.000258329
8.34 2.83181e-05 -3.7402e-05 -0.000248661
8.35 2.83181e-05 -3.7402e-05 -0.000237971
8.36 2.83181e-05 -3.7402e-05 -0.000226301
8.37 2.83181e-05 -3.7402e-05 -0.000213697
8.38 2.83181e-05 -3.7402e-05 -0.000200209
8.39 2.83181e-05 -3.7402e-05 -0.00018589
8.4 2.83181e-05 -3.7402e-05 -0.000170796
8.41 2.83181e-05 -3.7402e-05 -0.000154988
8.42 2.83181e-05 -3.7402e-05 -0.000138526
8.43 2.83181e-05 -3.7402e-05 -0.000121477
8.44 2.83181e-05 -3.7402e-05 -0.000103908
8.45 2.83181e-05 -3.7402e-05 -8.5888e-05
8.46 2.83181e-05 -3.7402e-05 -6.74879e-05
8.47 2.83181e-05 -3.7402e-05 -4.87806e-05
8.48 2.83181e-05 -3.7402e-05 -2.98399e-05
8.49 2.83181e-05 -3.7402e-05 -1.07405e-05
8.5 2.83181e-05 -3.7402e-05 8.44223e-06
8.51 2.83181e-05 -3.7402e-05 2.76325e-05
8.52 2.83181e-05 -3.7402e-05 4.67546e-05
8.53 2.83181e-05 -3.7402e-05 6.57332e-05
8.54 2.83181e-05 -3.7402e-05 8.44932e-05
8.55 2.83181e-05 -3.7402e-05 0.000102961
8.56 2.83181e-05 -3.7402e-05 0.000121063
8.57 2.83181e-05 -3.7402e-05 0.000138728
8.58 2.83181e-05 -3.7402e-05 0.000155886
8.59 2.83181e-05 -3.7402e-05 0.000172471
8.6 2.83181e-05 -3.7402e-05 0.000188415
8.61 2.83181e-05 -3.7402e-05 0.000203657
8.62 2.83181e-05 -3.7402e-05 0.000218136
8.63 2.83181e-05 -3.7402e-05 0.000231795
8.64 2.83181e-05 -3.7402e-05 0.00024458
8.65 2.83181e-05 -3.7402e-05 0.000256441
8.66 2.83181e-05 -3.7402e-05 0.000267331
8.67 2.83181e-05 -3.7402e-05 0.000277206
8.68 2.83181e-05 -3.7402e-05 0.000286028
8.69 2.83181e-05 -3.7402e-05 0.000293763
8.7 2.83181e-05 -3.7402e-05 0.000300379
8.71 2.83181e-05 -3.7402e-05 0.000305851
8.72 2.83181e-05 -3.7402e-05 0.000310156
8.73 2.83181e-05 -3.7402e-05 0.000313278
8.74 2.83181e-05 -3.7402e-05 0.000315205
8.75 2.83181e-05 -3.7402e-05 0.000315929
8.76 2.83181e-05 -3.7402e-05 0.000315446
8.77 2.83181e-05 -3.7402e-05 0.00031376
8.78 2.83181e-05 -3.7402e-05 0.000310877
8.79 2.83181e-05 -3.7402e-05 0.000306807
8.8 2.83181e-05 -3.7402e-05 0.000301567
8.81 2.83181e-05 -3.7402e-05 0.000295179
8.82 2.83181e-05 -3.7402e-05 0.000287666
8.83 2.83181e-05 -3.7402e-05 0.000279059
8.84 2.83181e-05 -3.7402e-05 0.000269391
8.85 2.83181e-05 -3.7402e-05 0.000258701
8.86 2.83181e-05 -3.7402e-05 0.000247032
8.87 2.83181e-05 -3.7402e-05 0.000234428
8.88 2.83181e-05 -3.7402e-05 0.000220939
8.89 2.83181e-05 -3.7402e-05 0.00020662
8.9 2.83181e-05 -3.7402e-05 0.000191526
8.91 2.83181e-05 -3.7402e-05 0.000175718
8.92 2.83181e-05 -3.7402e-05 0.000159257
8.93 2.83181e-05 -3.7402e-05 0.000142208
8.94 2.83181e-05 -3.7402e-05 0.000124638
8.95 2.83181e-05 -3.7402e-05 0.000106618
8.96 2.83181e-05 -3.7402e-05 8.82182e-05
8.97 2.83181e-05 -3.7402e-05 6.95109e-05
8.98 2.83181e-05 -3.7402e-05 5.05701e-05
8.99 2.83181e-05 -3.7402e-05 3.14707e-05
9 2.83181e-05 -3.7402e-05 1.2288e-05
9.01 2.83181e-05 -3.7402e-05 -6.90224e-06
9.02 2.83181e-05 -3.7402e-05 -2.60244e-05
9.03 2.83181e-05 -3.7402e-05 -4.50029e-05
9.04 2.83181e-05 -3.7402e-05 -6.37629e-05
9.05 2.83181e-05 -3.7402e-05 -8.22304e-05
9.06 2.83181e-05 -3.7402e-05 -0.000100332
9.07 2.83181e-05 -3.7402e-05 -0.000117998
9.08 2.83181e-05 -3.7402e-05 -0.000135156
9.09 2.83181e-05 -3.7402e-05 -0.00015174
9.1 2.83181e-05 -3.7402e-05 -0.000167685
9.11 2.83181e-05 -3.7402e-05 -0.000182927
9.12 2.83181e-05 -3.7402e-05 -0.000197406
9.13 2.83181e-05 -3.7402e-05 -0.000211065
9.14 2.83181e-05 -3.7402e-05 -0.00022385
9.15 2.83181e-05 -3.7402e-05 -0.000235711
9.16 2.83181e-05 -3.7402e-05 -0.0002466
9.17 2.83181e-05 -3.7402e-05 -0.000256476
9.18 2.83181e-05 -3.7402e-05 -0.000265298
9.19 2.83181e-05 -3.7402e-05 -0.000273033
9.2 2.83181e-05 -3.7402e-05 -0.000279649
9.21 2.83181e-05 -3.7402e-05 -0.00028512
9.22 2.83181e-05 -3.7402e-05 -0.000289426
9.23 2.83181e-05 -3.7402e-05 -0.000292548
9.24 2.83181e-05 -3.7402e-05 -0.000294475
9.25 2.83181e-05 -3.7402e-05 -0.000295198
9.26 2.83181e-05 -3.7402e-05 -0.000294716
9.27 2.83181e-05 -3.7402e-05 -0.00029303
9.28 2.83181e-05 -3.7402e-05 -0.000290146
9.29 2.83181e-05 -3.7402e-05 -0.000286077
9.3 2.83181e-05 -3.7402e-05 -0.000280837
9.31 2.83181e-05 -3.7402e-05 -0.000274448
9.32 2.83181e-05 -3.7402e-05 -0.000266936
9.33 2.83181e-05 -3.7402e-05 -0.000258329
9.34 2.83181e-05 -3.7402e-05 -0.000248661
9.35 2.83181e-05 -3.7402e-05 -0.000237971
9.36 2.83181e-05 -3.7402e-05 -0.000226301
9.37 2.83181e-05 -3.7402e-05 -0.000213697
9.38 2.83181e-05 -3.7402e-05 -0.000200209
9.39 2.83181e-05 -3.7402e-05 -0.00018589
9.4 2.83181e-05 -3.7402e-05 -0.000170796
9.41 2.83181e-05 -3.7402e-05 -0.000154988
9.42 2.83181e-05 -3.7402e-05 -0.000138526
9.43 2.83181e-05 -3.7402e-05 -0.000121477
9.44 2.83181e-05 -3.7402e-05 -0.000103908
9.45 2.83181e-05 -3.7402e-05 -8.5888e-05
9.46 2.83181e-05 -3.7402e-05 -6.74879e-05
9.47 2.83181e-05 -3.7402e-05 -4.87806e-05
9.48 2.83181e-05 -3.7402e-05 -2.98399e-05
9.49 2.83181e-05 -3.7402e-05 -1.07405e-05
9.5 2.83181e-05 -3.7402e-05 8.44223e-06
9.51 2.83181e-05 -3.7402e-05 2.76325e-05
9.52 2.83181e-05 -3.7402e-05 4.67546e-05
9.53 2.83181e-05 -3.7402e-05 6.57332e-05
9.54 2.83181e-05 -3.7402e-05 8.44932e-05
9.55 2.83181e-05 -3.7402e-05 0.000102961
9.56 2.83181e-05 -3.7402e-05 0.000121063
9.57 2.83181e-05 -3.7402e-05 0.000138728
9.58 2.83181e-05 -3.7402e-05 0.000155886
9.59 2.83181e-05 -3.7402e-05 0.000172471
9.6 2.83181e-05 -3.7402e-05 0.000188415
9.61 2.83181e-05 -3.7402e-05 0.000203657
9.62 2.83181e-05 -3.7402e-05 0.000218136
9.63 2.83181e-05 -3.7402e-05 0.000231795
9.64 2.83181e-05 -3.7402e-05 0.00024458
9.65 2.83181e-05 -3.7402e-05 0.000256441
9.66 2.83181e-05 -3.7402e-05 0.000267331
9.67 2.83181e-05 -3.7402e-05 0.000277206
9.68 2.83181e-05 -3.7402e-05 0.000286028
9.69 2.83181e-05 -3.7402e-05 0.000293763
9.7 2.83181e-05 -3.7402e-05 0.000300379
9.71 2.83181e-05 -3.7402e-05 0.000305851
9.72 2.83181e-05 -3.7402e-05 0.000310156
9.73 2.83181e-05 -3.7402e-05 0.000313278
9.74 2.83181e-05 -3.7402e-05 0.000315205
9.75 2.83181e-05 -3.7402e-05 0.000315929
9.76 2.83181e-05 -3.7402e-05 0.000315446
9.77 2.83181e-05 -3.7402e-05 0.00031376
9.78 2.83181e-05 -3.7402e-05 0.000310877
9.79 2.83181e-05 -3.7402e-05 0.000306807
9.8 2.83181e-05 -3.7402e-05 0.000301567
9.81 2.83181e-05 -3.7402e-05 0.000295179
9.82 2.83181e-05 -3.7402e-05 0.000287666
9.83 2.83181e-05 -3.7402e-05 0.000279059
9.84 2.83181e-05 -3.7402e-05 0.000269391
9.85 2.83181e-05 -3.7402e-05 0.000258701
9.86 2.83181e-05 -3.7402e-05 0.000247032
9.87 2.83181e-05 -3.7402e-05 0.000234428
9.88 2.83181e-05 -3.7402e-05 0.000220939
9.89 2.83181e-05 -3.7402e-05 0.00020662
9.9 2.83181e-05 -3.7402e-05 0.000191526
9.91 2.83181e-05 -3.7402e-05 0.000175718
9.92 2.83181e-05 -3.7402e-05 0.000159257
9.93 2.83181e-05 -3.7402e-05 0.000142208
9.94 2.83181e-05 -3.7402e-05 0.000124638
9.95 2.83181e-05 -3.7402e-05 0.000106618
9.96 2.83181e-05 -3.7402e-05 8.82182e-05
9.97 2.83181e-05 -3.7402e-05 6.95109e-05
9.98 2.83181e-05 -3.7402e-05 5.05701e-05
9.99 2.83181e-05 -3.7402e-05 3.14707e-05
10 2.83181e-05 -3.7402e-05 1.2288e-05
10.01 2.83181e-05 -3.7402e-05 9.37441e-07
10.02 2.83181e-05 -3.7402e-05 6.87135e-06
10.03 2.83181e-05 -3.7402e-05 1.75514e-05
10.04 2.83181e-05 -3.7402e-05 1.47245e-05
10.05 2.83181e-05 -3.7402e-05 5.2267e-06
10.06 2.83181e-05 -3.7402e-05 5.69147e-06
10.07 2.83181e-05 -3.7402e-05 1.3728e-05
10.08 2.83181e-05 -3.7402e-05 1.49466e-05
10.09 2.83181e-05 -3.7402e-05 8.46885e-06
10.1 2.83181e-05 -3.7402e-05 6.15412e-06
10.11 2.83181e-05 -3.7402e-05 1.11089e-05
10.12 2.83181e-05 -3.7402e-05 1.40358e-05
10.13 2.83181e-05 -3.7402e-05 1.04772e-05
10.14 2.83181e-05 -3.7402e-05 7.31751e-06
10.15 2.83181e-05 -3.7402e-05 9.66188e-06
10.16 2.83181e-05 -3.7402e-05 1.27734e-05
10.17 2.83181e-05 -3.7402e-05 1.1435e-05
10.18 2.83181e-05 -3.7402e-05 8.56491e-06
10.19 2.83181e-05 -3.7402e-05 9.11032e-06
10.2 2.83181e-05 -3.7402e-05 1.16198e-05
10.21 2.83181e-05 -3.7402e-05 1.16656e-05
10.22 2.83181e-05 -3.7402e-05 9.57585e-06
10.23 2.83181e-05 -3.7402e-05 9.11966e-06
10.24 2.83181e-05 -3.7402e-05 1.07762e-05
10.25 2.83181e-05 -3.7402e-05 1.1489e-05
10.26 2.83181e-05 -3.7402e-05 1.02461e-05
10.27 2.83181e-05 -3.7402e-05 9.40136e-06
10.28 2.83181e-05 -3.7402e-05 1.02719e-05
10.29 2.83181e-05 -3.7402e-05 1.11526e-05
10.3 2.83181e-05 -3.7402e-05 1.06006e-05
10.31 2.83181e-05 -3.7402e-05 9.75366e-06
10.32 2.83181e-05 -3.7402e-05 1.00459e-05
10.33 2.83181e-05 -3.7402e-05 1.08127e-05
10.34 2.83181e-05 -3.7402e-05 1.07216e-05
10.35 2.83181e-05 -3.7402e-05 1.00621e-05
10.36 2.83181e-05 -3.7402e-05 1.00064e-05
10.37 2.83181e-05 -3.7402e-05 1.05468e-05
10.38 2.83181e-05 -3.7402e-05 1.07015e-05
10.39 2.83181e-05 -3.7402e-05 1.02805e-05
10.4 2.83181e-05 -3.7402e-05 1.00668e-05
10.41 2.83181e-05 -3.7402e-05 1.03763e-05
10.42 2.83181e-05 -3.7402e-05 1.06168e-05
10.43 2.83181e-05 -3.7402e-05 1.04061e-05
10.44 2.83181e-05 -3.7402e-05 1.01628e-05
10.45 2.83181e-05 -3.7402e-05 1.02904e-05
10.46 2.83181e-05 -3.7402e-05 1.05194e-05
10.47 2.83181e-05 -3.7402e-05 1.04585e-05
10.48 2.83181e-05 -3.7402e-05 1.02548e-05
10.49 2.83181e-05 -3.7402e-05 1.0265e-05
10.5 2.83181e-05 -3.7402e-05 1.04374e-05
10.51 2.83181e-05 -3.7402e-05 1.04634e-05
10.52 2.83181e-05 -3.7402e-05 1.03243e-05
10.53 2.83181e-05 -3.7402e-05 1.02748e-05
10.54 2.83181e-05 -3.7402e-05 1.03812e-05
10.55 2.83181e-05 -3.7402e-05 1.04439e-05
10.56 2.83181e-05 -3.7402e-05 1.03675e-05
10.57 2.83181e-05 -3.7402e-05 1.02997e-05
10.58 2.83181e-05 -3.7402e-05 1.03501e-05
10.59 2.83181e-05 -3.7402e-05 1.04168e-05
10.6 2.83181e-05 -3.7402e-05 1.0388e-05
10.61 2.83181e-05 -3.7402e-05 1.03265e-05
10.62 2.83181e-05 -3.7402e-05 1.03383e-05
10.63 2.83181e-05 -3.7402e-05 1.03921e-05
10.64 2.83181e-05 -3.7402e-05 1.0393e-05
10.65 2.83181e-05 -3.7402e-05 1.03482e-05
10.66 2.83181e-05 -3.7402e-05 1.03384e-05
10.67 2.83181e-05 -3.7402e-05 1.0374e-05
10.68 2.83181e-05 -3.7402e-05 1.03892e-05
10.69 2.83181e-05 -3.7402e-05 1.03626e-05
10.7 2.83181e-05 -3.7402e-05 1.03445e-05
10.71 2.83181e-05 -3.7402e-05 1.03632e-05
10.72 2.83181e-05 -3.7402e-05 1.0382e-05
10.73 2.83181e-05 -3.7402e-05 1.03702e-05
10.74 2.83181e-05 -3.7402e-05 1.0352e-05
10.75 2.83181e-05 -3.7402e-05 1.03583e-05
10.76 2.83181e-05 -3.7402e-05 1.03747e-05
10.77 2.83181e-05 -3.7402e-05 1.03728e-05
10.78 2.83181e-05 -3.7402e-05 1.03586e-05
10.79 2.83181e-05 -3.7402e-05 1.03574e-05
10.8 2.83181e-05 -3.7402e-05 1.0369e-05
10.81 2.83181e-05 -3.7402e-05 1.03723e-05
10.82 2.83181e-05 -3.7402e-05 1.03633e-05
10.83 2.83181e-05 -3.7402e-05 1.03587e-05
10.84 2.83181e-05 -3.7402e-05 1.03654e-05
10.85 2.83181e-05 -3.7402e-05 1.03705e-05
10.86 2.83181e-05 -3.7402e-05 1.0366e-05
10.87 2.83181e-05 -3.7402e-05 1.03608e-05
10.88 2.83181e-05 -3.7402e-05 1.03635e-05
10.89 2.83181e-05 -3.7402e-05 1.03684e-05
10.9 2.83181e-05 -3.7402e-05 1.03671e-05
10.91 2.83181e-05 -3.7402e-05 1.03628e-05
10.92 2.83181e-05 -3.7402e-05 1.0363e-05
10.93 2.83181e-05 -3.7402e-05 1.03667e-05
10.94 2.83181e-05 -3.7402e-05 1.03672e-05
10.95 2.83181e-05 -3.7402e-05 1.03643e-05
10.96 2.83181e-05 -3.7402e-05 1.03632e-05
10.97 2.83181e-05 -3.7402e-05 1.03655e-05
10.98 2.83181e-05 -3.7402e-05 1.03668e-05
10.99 2.83181e-05 -3.7402e-05 1.03652e-05
11 2.83181e-05 -3.7402e-05 1.03637e-05
11.01 2.83181e-05 -3.7402e-05 1.03648e-05
11.02 2.83181e-05 -3.7402e-05 1.03662e-05
11.03 2.83181e-05 -3.7402e-05 1.03656e-05
11.04 2.83181e-05 -3.7402e-05 1.03643e-05
11.05 2.83181e-05 -3.7402e-05 1.03646e-05
11.06 2.83181e-05 -3.7402e-05 1.03657e-05
11.07 2.83181e-05 -3.7402e-05 1.03657e-05
11.08 2.83181e-05 -3.7402e-05 1.03648e-05
11.09 2.83181e-05 -3.7402e-05 1.03646e-05
11.1 2.83181e-05 -3.7402e-05 1.03653e-05
11.11 2.83181e-05 -3.7402e-05 1.03657e-05
11.12 2.83181e-05 -3.7402e-05 1.03651e-05
11.13 2.83181e-05 -3.7402e-05 1.03647e-05
11.14 2.83181e-05 -3.7402e-05 1.03651e-05
11.15 2.83181e-05 -3.7402e-05 1.03655e-05
11.16 2.83181e-05 -3.7402e-05 1.03652e-05
11.17 2.83181e-05 -3.7402e-05 1.03649e-05
11.18 2.83181e-05 -3.7402e-05 1.0365e-05
11.19 2.83181e-05 -3.7402e-05 1.03653e-05
11.2 2.83181e-05 -3.7402e-05 1.03653e-05
11.21 2.83181e-05 -3.7402e-05 1.0365e-05
11.22 2.83181e-05 -3.7402e-05 1.0365e-05
11.23 2.83181e-05 -3.7402e-05 1.03652e-05
11.24 2.83181e-05 -3.7402e-05 1.03653e-05
11.25 2.83181e-05 -3.7402e-05 1.03651e-05
11.26 2.83181e-05 -3.7402e-05 1.0365e-05
11.27 2.83181e-05 -3.7402e-05 1.03651e-05
11.28 2.83181e-05 -3.7402e-05 1.03653e-05
11.29 2.83181e-05 -3.7402e-05 1.03652e-05
11.3 2.83181e-05 -3.7402e-05 1.0365e-05
11.31 2.83181e-05 -3.7402e-05 1.03651e-05
11.32 2.83181e-05 -3.7402e-05 1.03652e-05
11.33 2.83181e-05 -3.7402e-05 1.03652e-05
11.34 2.83181e-05 -3.7402e-05 1.03651e-05
11.35 2.83181e-05 -3.7402e-05 1.03651e-05
11.36 2.83181e-05 -3.7402e-05 1.03652e-05
11.37 2.83181e-05 -3.7402e-05 1.03652e-05
11.38 2.83181e-05 -3.7402e-05 1.03651e-05
11.39 2.83181e-05 -3.7402e-05 1.03651e-05
11.4 2.83181e-05 -3.7402e-05 1.03651e-05
11.41 2.83181e-05 -3.7402e-05 1.03652e-05
11.42 2.83181e-05 -3.7402e-05 1.03651e-05
11.43 2.83181e-05 -3.7402e-05 1.03651e-05
11.44 2.83181e-05 -3.7402e-05 1.03651e-05
11.45 2.83181e-05 -3.7402e-05 1.03652e-05
11.46 2.83181e-05 -3.7402e-05 1.03651e-05
11.47 2.83181e-05 -3.7402e-05 1.03651e-05
11.48 2.83181e-05 -3.7402e-05 1.03651e-05
11.49 2.83181e-05 -3.7402e-05 1.03651e-05
11.5 2.83181e-05 -3.7402e-05 1.03651e-05
11.51 2.83181e-05 -3.7402e-05 1.03651e-05
11.52 2.83181e-05 -3.7402e-05 1.03651e-05
11.53 2.83181e-05 -3.7402e-05 1.03651e-05
11.54 2.83181e-05 -3.7402e-05 1.03651e-05
11.55 2.83181e-05 -3.7402e-05 1.03651e-05
11.56 2.83181e-05 -3.7402e-05 1.03651e-05
11.57 2.83181e-05 -3.7402e-05 1.03651e-05
11.58 2.83181e-05 -3.7402e-05 1.03651e-05
11.59 2.83181e-05 -3.7402e-05 1.03651e-05
11.6 2.83181e-05 -3.7402e-05 1.03651e-05
11.61 2.83181e-05 -3.7402e-05 1.03651e-05
11.62 2.83181e-05 -3.7402e-05 1.03651e-05
11.63 2.83181e-05 -3.7402e-05 1.03651e-05
11.64 2.83181e-05 -3.7402e-05 1.03651e-05
11.65 2.83181e-05 -3.7402e-05 1.03651e-05
11.66 2.83181e-05 -3.7402e-05 1.03651e-05
11.67 2.83181e-05 -3.7402e-05 1.03651e-05
11.68 2.83181e-05 -3.7402e-05 1.03651e-05
11.69 2.83181e-05 -3.7402e-05 1.03651e-05
11.7 2.83181e-05 -3.7402e-05 1.03651e-05
11.71 2.83181e-05 -3.7402e-05 1.03651e-05
11.72 2.83181e-05 -3.7402e-05 1.03651e-05
11.73 2.83181e-05 -3.7402e-05 1.03651e-05
11.74 2.83181e-05 -3.7402e-05 1.03651e-05
11.75 2.83181e-05 -3.7402e-05 1.03651e-05
11.76 2.83181e-05 -3.7402e-05 1.03651e-05
11.77 2.83181e-05 -3.7402e-05 1.03651e-05
11.78 2.83181e-05 -3.7402e-05 1.03651e-05
11.79 2.83181e-05 -3.7402e-05 1.03651e-05
11.8 2.83181e-05 -3.7402e-05 1.03651e-05
11.81 2.83181e-05 -3.7402e-05 1.03651e-05
11.82 2.83181e-05 -3.7402e-05 1.03651e-05
11.83 2.83181e-05 -3.7402e-05 1.03651e-05
11.84 2.83181e-05 -3.7402e-05 1.03651e-05
11.85 2.83181e-05 -3.7402e-05 1.03651e-05
11.86 2.83181e-05 -3.7402e-05 1.03651e-05
11.87 2.83181e-05 -3.7402e-05 1.03651e-05
11.88 2.83181e-05 -3.7402e-05 1.03651e-05
11.89 2.83181e-05 -3.7402e-05 1.03651e-05
11.9 2.83181e-05 -3.7402e-05 1.03651e-05
11.91 2.83181e-05 -3.7402e-05 1.03651e-05
11.92 2.83181e-05 -3.7402e-05 1.03651e-05
11.93 2.83181e-05 -3.7402e-05 1.03651e-05
11.94 2.83181e-05 -3.7402e-05 1.03651e-05
11.95 2.83181e-05 -3.7402e-05 1.03651e-05
11.96 2.83181e-05 -3.7402e-05 1.03651e-05
11.97 2.83181e-05 -3.7402e-05 1.03651e-05
11.98 2.83181e-05 -3.7402e-05 1.03651e-05
11.99 2.83181e-05 -3.7402e-05 1.03651e-05
12 2.83181e-05 -3.7402e-05 1.03651e-05
12.01 2.83181e-05 -3.7402e-05 1.03651e-05
12.02 2.83181e-05 -3.7402e-05 1.03651e-05
12.03 2.83181e-05 -3.7402e-05 1.03651e-05
12.04 2.83181e-05 -3.7402e-05 1.03651e-05
12.05 2.83181e-05 -3.7402e-05 1.03651e-05
12.06 2.83181e-05 -3.7402e-05 1.03651e-05
12.07 2.83181e-05 -3.7402e-05 1.03651e-05
12.08 2.83181e-05 -3.7402e-05 1.03651e-05
12.09 2.83181e-05 -3.7402e-05 1.03651e-05
12.1 2.83181e-05 -3.7402e-05 1.03651e-05
12.11 2.83181e-05 -3.7402e-05 1.03651e-05
12.12 2.83181e-05 -3.7402e-05 1.03651e-05
12.13 2.83181e-05 -3.7402e-05 1.03651e-05
12.14 2.83181e-05 -3.7402e-05 1.03651e-05
12.15 2.83181e-05 -3.7402e-05 1.03651e-05
12.16 2.83181e-05 -3.7402e-05 1.03651e-05
12.17 2.83181e-05 -3.7402e-05 1.03651e-05
12.18 2.83181e-05 -3.7402e-05 1.03651e-05
12.19 2.83181e-05 -3.7402e-05 1.03651e-05
12.2 2.83181e-05 -3.7402e-05 1.03651e-05
12.21 2.83181e-05 -3.7402e-05 1.03651e-05
12.22 2.83181e-05 -3.7402e-05 1.03651e-05
12.23 2.83181e-05 -3.7402e-05 1.03651e-05
12.24 2.83181e-05 -3.7402e-05 1.03651e-05
12.25 2.83181e-05 -3.7402e-05 1.03651e-05
12.26 2.83181e-05 -3.7402e-05 1.03651e-05
12.27 2.83181e-05 -3.7402e-05 1.03651e-05
12.28 2.83181e-05 -3.7402e-05 1.03651e-05
12.29 2.83181e-05 -3.7402e-05 1.03651e-05
12.3 2.83181e-05 -3.7402e-05 1.03651e-05
12.31 2.83181e-05 -3.7402e-05 1.03651e-05
12.32 2.83181e-05 -3.7402e-05 1.03651e-05
12.33 2.83181e-05 -3.7402e-05 1.03651e-05
12.34 2.83181e-05 -3.7402e-05 1.03651e-05
12.35 2.83181e-05 -3.7402e-05 1.03651e-05
12.36 2.83181e-05 -3.7402e-05 1.03651e-05
12.37 2.83181e-05 -3.7402e-05 1.03651e-05
12.38 2.83181e-05 -3.7402e-05 1.03651e-05
12.39 2.83181e-05 -3.7402e-05 1.03651e-05
12.4 2.83181e-05 -3.7402e-05 1.03651e-05
12.41 2.83181e-05 -3.7402e-05 1.03651e-05
12.42 2.83181e-05 -3.7402e-05 1.03651e-05
12.43 2.83181e-05 -3.7402e-05 1.03651e-05
12.44 2.83181e-05 -3.7402e-05 1.03651e-05
12.45 2.83181e-05 -3.7402e-05 1.03651e-05
12.46 2.83181e-05 -3.7402e-05 1.03651e-05
12.47 2.83181e-05 -3.7402e-05 1.03651e-05
12.48 2.83181e-05 -3.7402e-05 1.03651e-05
12.49 2.83181e-05 -3.7402e-05 1.03651e-05
12.5 2.83181e-05 -3.7402e-05 1.03651e-05
12.51 2.83181e-05 -3.7402e-05 1.03651e-05
12.52 2.83181e-05 -3.7402e-05 1.03651e-05
12.53 2.83181e-05 -3.7402e-05 1.03651e-05
12.54 2.83181e-05 -3.7402e-05 1.03651e-05
12.55 2.83181e-05 -3.7402e-05 1.03651e-05
12.56 2.83181e-05 -3.7402e-05 1.03651e-05
12.57 2.83181e-05 -3.7402e-05 1.03651e-05
12.58 2.83181e-05 -3.7402e-05 1.03651e-05
12.59 2.83181e-05 -3.7402e-05 1.03651e-05
12.6 2.83181e-05 -3.7402e-05 1.03651e-05
12.61 2.83181e-05 -3.7402e-05 1.03651e-05
12.62 2.83181e-05 -3.7402e-05 1.03651e-05
12.63 2.83181e-05 -3.7402e-05 1.03651e-05
12.64 2.83181e-05 -3.7402e-05 1.03651e-05
12.65 2.83181e-05 -3.7402e-05 1.03651e-05
12.66 2.83181e-05 -3.7402e-05 1.03651e-05
12.67 2.83181e-05 -3.7402e-05 1.03651e-05
12.68 2.83181e-05 -3.7402e-05 1.03651e-05
12.69 2.83181e-05 -3.7402e-05 1.03651e-05
12.7 2.83181e-05 -3.7402e-05 1.03651e-05
12.71 2.83181e-05 -3.7402e-05 1.03651e-05
12.72 2.83181e-05 -3.7402e-05 1.03651e-05
12.73 2.83181e-05 -3.7402e-05 1.03651e-05
12.74 2.83181e-05 -3.7402e-05 1.03651e-05
12.75 2.83181e-05 -3.7402e-05 1.03651e-05
12.76 2.83181e-05 -3.7402e-05 1.03651e-05
12.77 2.83181e-05 -3.7402e-05 1.03651e-05
12.78 2.83181e-05 -3.7402e-05 1.03651e-05
12.79 2.83181e-05 -3.7402e-05 1.03651e-05
12.8 2.83181e-05 -3.7402e-05 1.03651e-05
12.81 2.83181e-05 -3.7402e-05 1.03651e-05
12.82 2.83181e-05 -3.7402e-05 1.03651e-05
12.83 2.83181e-05 -3.7402e-05 1.03651e-05
12.84 2.83181e-05 -3.7402e-05 1.03651e-05
12.85 2.83181e-05 -3.7402e-05 1.03651e-05
12.86 2.83181e-05 -3.7402e-05 1.03651e-05
12.87 2.83181e-05 -3.7402e-05 1.03651e-05
12.88 2.83181e-05 -3.7402e-05 1.03651e-05
12.89 2.83181e-05 -3.7402e-05 1.03651e-05
12.9 2.83181e-05 -3.7402e-05 1.03651e-05
12.91 2.83181e-05 -3.7402e-05 1.03651e-05
12.92 2.83181e-05 -3.7402e-05 1.03651e-05
12.93 2.83181e-05 -3.7402e-05 1.03651e-05
12.94 2.83181e-05 -3.7402e-05 1.03651e-05
12.95 2.83181e-05 -3.7402e-05 1.03651e-05
12.96 2.83181e-05 -3.7402e-05 1.03651e-05
12.97 2.83181e-05 -3.7402e-05 1.03651e-05
12.98 2.83181e-05 -3.7402e-05 1.03651e-05
12.99 2.83181e-05 -3.7402e-05 1.03651e-05
13 2.83181e-05 -3.7402e-05 1.03651e-05
13.01 2.83181e-05 -3.7402e-05 1.03651e-05
13.02 2.83181e-05 -3.7402e-05 1.03651e-05
13.03 2.83181e-05 -3.7402e-05 1.03651e-05
13.04 2.83181e-05 -3.7402e-05 1.03651e-05
13.05 2.83181e-05 -3.7402e-05 1.03651e-05
13.06 2.83181e-05 -3.7402e-05 1.03651e-05
13.07 2.83181e-05 -3.7402e-05 1.03651e-05
13.08 2.83181e-05 -3.7402e-05 1.03651e-05
13.09 2.83181e-05 -3.7402e-05 1.03651e-05
13.1 2.83181e-05 -3.7402e-05 1.03651e-05
13.11 2.83181e-05 -3.7402e-05 1.03651e-05
13.12 2.83181e-05 -3.7402e-05 1.03651e-05
13.13 2.83181e-05 -3.7402e-05 1.03651e-05
13.14 2.83181e-05 -3.7402e-05 1.03651e-05
13.15 2.83181e-05 -3.7402e-05 1.03651e-05
13.16 2.83181e-05 -3.7402e-05 1.03651e-05
13.17 2.83181e-05 -3.7402e-05 1.03651e-05
13.18 2.83181e-05 -3.7402e-05 1.03651e-05
13.19 2.83181e-05 -3.7402e-05 1.03651e-05
13.2 2.83181e-05 -3.7402e-05 1.03651e-05
13.21 2.83181e-05 -3.7402e-05 1.03651e-05
13.22 2.83181e-05 -3.7402e-05 1.03651e-05
13.23 2.83181e-05 -3.7402e-05 1.03651e-05
13.24 2.83181e-05 -3.7402e-05 1.03651e-05
13.25 2.83181e-05 -3.7402e-05 1.03651e-05
13.26 2.83181e-05 -3.7402e-05 1.03651e-05
13.27 2.83181e-05 -3.7402e-05 1.03651e-05
13.28 2.83181e-05 -3.7402e-05 1.03651e-05
13.29 2.83181e-05 -3.7402e-05 1.03651e-05
13.3 2.83181e-05 -3.7402e-05 1.03651e-05
13.31 2.83181e-05 -3.7402e-05 1.03651e-05
13.32 2.83181e-05 -3.7402e-05 1.03651e-05
13.33 2.83181e-05 -3.7402e-05 1.03651e-05
13.34 2.83181e-05 -3.7402e-05 1.03651e-05
13.35 2.83181e-05 -3.7402e-05 1.03651e-05
13.36 2.83181e-05 -3.7402e-05 1.03651e-05
13.37 2.83181e-05 -3.7402e-05 1.03651e-05
13.38 2.83181e-05 -3.7402e-05 1.03651e-05
13.39 2.83181e-05 -3.7402e-05 1.03651e-05
13.4 2.83181e-05 -3.7402e-05 1.03651e-05
13.41 2.83181e-05 -3.7402e-05 1.03651e-05
13.42 2.83181e-05 -3.7402e-05 1.03651e-05
13.43 2.83181e-05 -3.7402e-05 1.03651e-05
13.44 2.83181e-05 -3.7402e-05 1.03651e-05
13.45 2.83181e-05 -3.7402e-05 1.03651e-05
13.46 2.83181e-05 -3.7402e-05 1.03651e-05
13.47 2.83181e-05 -3.7402e-05 1.03651e-05
13.48 2.83181e-05 -3.7402e-05 1.03651e-05
13.49 2.83181e-05 -3.7402e-05 1.03651e-05
13.5 2.83181e-05 -3.7402e-05 1.03651e-05
13.51 2.83181e-05 -3.7402e-05 1.03651e-05
13.52 2.83181e-05 -3.7402e-05 1.03651e-05
13.53 2.83181e-05 -3.7402e-05 1.03651e-05
13.54 2.83181e-05 -3.7402e-05 1.03651e-05
13.55 2.83181e-05 -3.7402e-05 1.03651e-05
13.56 2.83181e-05 -3.7402e-05 1.03651e-05
13.57 2.83181e-05 -3.7402e-05 1.03651e-05
13.58 2.83181e-05 -3.7402e-05 1.03651e-05
13.59 2.83181e-05 -3.7402e-05 1.03651e-05
13.6 2.83181e-05 -3.7402e-05 1.03651e-05
13.61 2.83181e-05 -3.7402e-05 1.03651e-05
13.62 2.83181e-05 -3.7402e-05 1.03651e-05
13.63 2.83181e-05 -3.7402e-05 1.03651e-05
13.64 2.83181e-05 -3.7402e-05 1.03651e-05
13.65 2.83181e-05 -3.7402e-05 1.03651e-05
13.66 2.83181e-05 -3.7402e-05 1.03651e-05
13.67 2.83181e-05 -3.7402e-05 1.03651e-05
13.68 2.83181e-05 -3.7402e-05 1.03651e-05
13.69 2.83181e-05 -3.7402e-05 1.03651e-05
13.7 2.83181e-05 -3.7402e-05 1.03651e-05
13.71 2.83181e-05 -3.7402e-05 1.03651e-05
13.72 2.83181e-05 -3.7402e-05 1.03651e-05
13.73 2.83181e-05 -3.7402e-05 1.03651e-05
13.74 2.83181e-05 -3.7402e-05 1.03651e-05
13.75 2.83181e-05 -3.7402e-05 1.03651e-05
13.76 2.83181e-05 -3.7402e-05 1.03651e-05
13.77 2.83181e-05 -3.7402e-05 1.03651e-05
13.78 2.83181e-05 -3.7402e-05 1.03651e-05
13.79 2.83181e-05 -3.7402e-05 1.03651e-05
13.8 2.83181e-05 -3.7402e-05 1.03651e-05
13.81 2.83181e-05 -3.7402e-05 1.03651e-05
13.82 2.83181e-05 -3.7402e-05 1.03651e-05
13.83 2.83181e-05 -3.7402e-05 1.03651e-05
13.84 2.83181e-05 -3.7402e-05 1.03651e-05
13.85 2.83181e-05 -3.7402e-05 1.03651e-05
13.86 2.83181e-05 -3.7402e-05 1.03651e-05
13.87 2.83181e-05 -3.7402e-05 1.03651e-05
13.88 2.83181e-05 -3.7402e-05 1.03651e-05
13.89 2.83181e-05 -3.7402e-05 1.03651e-05
13.9 2.83181e-05 -3.7402e-05 1.03651e-05
13.91 2.83181e-05 -3.7402e-05 1.03651e-05
13.92 2.83181e-05 -3.7402e-05 1.03651e-05
13.93 2.83181e-05 -3.7402e-05 1.03651e-05
13.94 2.83181e-05 -3.7402e-05 1.03651e-05
13.95 2.83181e-05 -3.7402e-05 1.03651e-05
13.96 2.83181e-05 -3.7402e-05 1.03651e-05
13.97 2.83181e-05 -3.7402e-05 1.03651e-05
13.98 2.83181e-05 -3.7402e-05 1.03651e-05
13.99 2.83181e-05 -3.7402e-05 1.03651e-05
14 2.83181e-05 -3.7402e-05 1.03651e-05
14.01 2.83181e-05 -3.7402e-05 1.03651e-05
14.02 2.83181e-05 -3.7402e-05 1.03651e-05
14.03 2.83181e-05 -3.7402e-05 1.03651e-05
14.04 2.83181e-05 -3.7402e-05 1.03651e-05
14.05 2.83181e-05 -3.7402e-05 1.03651e-05
14.06 2.83181e-05 -3.7402e-05 1.03651e-05
14.07 2.83181e-05 -3.7402e-05 1.03651e-05
14.08 2.83181e-05 -3.7402e-05 1.03651e-05
14.09 2.83181e-05 -3.7402e-05 1.03651e-05
14.1 2.83181e-05 -3.7402e-05 1.03651e-05
14.11 2.83181e-05 -3.7402e-05 1.03651e-05
14.12 2.83181e-05 -3.7402e-05 1.03651e-05
14.13 2.83181e-05 -3.7402e-05 1.03651e-05
14.14 2.83181e-05 -3.7402e-05 1.03651e-05
14.15 2.83181e-05 -3.7402e-05 1.03651e-05
14.16 2.83181e-05 -3.7402e-05 1.03651e-05
14.17 2.83181e-05 -3.7402e-05 1.03651e-05
14.18 2.83181e-05 -3.7402e-05 1.03651e-05
14.19 2.83181e-05 -3.7402e-05 1.03651e-05
14.2 2.83181e-05 -3.7402e-05 1.03651e-05
14.21 2.83181e-05 -3.7402e-05 1.03651e-05
14.22 2.83181e-05 -3.7402e-05 1.03651e-05
14.23 2.83181e-05 -3.7402e-05 1.03651e-05
14.24 2.83181e-05 -3.7402e-05 1.03651e-05
14.25 2.83181e-05 -3.7402e-05 1.03651e-05
14.26 2.83181e-05 -3.7402e-05 1.03651e-05
14.27 2.83181e-05 -3.7402e-05 1.03651e-05
14.28 2.83181e-05 -3.7402e-05 1.03651e-05
14.29 2.83181e-05 -3.7402e-05 1.03651e-05
14.3 2.83181e-05 -3.7402e-05 1.03651e-05
14.31 2.83181e-05 -3.7402e-05 1.03651e-05
14.32 2.83181e-05 -3.7402e-05 1.03651e-05
14.33 2.83181e-05 -3.7402e-05 1.03651e-05
14.34 2.83181e-05 -3.7402e-05 1.03651e-05
14.35 2.83181e-05 -3.7402e-05 1.03651e-05
14.36 2.83181e-05 -3.7402e-05 1.03651e-05
14.37 2.83181e-05 -3.7402e-05 1.03651e-05
14.38 2.83181e-05 -3.7402e-05 1.03651e-05
14.39 2.83181e-05 -3.7402e-05 1.03651e-05
14.4 2.83181e-05 -3.7402e-05 1.03651e-05
14.41 2.83181e-05 -3.7402e-05 1.03651e-05
14.42 2.83181e-05 -3.7402e-05 1.03651e-05
14.43 2.83181e-05 -3.7402e-05 1.03651e-05
14.44 2.83181e-05 -3.7402e-05 1.03651e-05
14.45 2.83181e-05 -3.7402e-05 1.03651e-05
14.46 2.83181e-05 -3.7402e-05 1.03651e-05
14.47 2.83181e-05 -3.7402e-05 1.03651e-05
14.48 2.83181e-05 -3.7402e-05 1.03651e-05
14.49 2.83181e-05 -3.7402e-05 1.03651e-05
14.5 2.83181e-05 -3.7402e-05 1.03651e-05
14.51 2.83181e-05 -3.7402e-05 1.03651e-05
14.52 2.83181e-05 -3.7402e-05 1.03651e-05
14.53 2.83181e-05 -3.7402e-05 1.03651e-05
14.54 2.83181e-05 -3.7402e-05 1.03651e-05
14.55 2.83181e-05 -3.7402e-05 1.03651e-05
14.56 2.83181e-05 -3.7402e-05 1.03651e-05
14.57 2.83181e-05 -3.7402e-05 1.03651e-05
14.58 2.83181e-05 -3.7402e-05 1.03651e-05
14.59 2.83181e-05 -3.7402e-05 1.03651e-05
14.6 2.83181e-05 -3.7402e-05 1.03651e-05
14.61 2.83181e-05 -3.7402e-05 1.03651e-05
14.62 2.83181e-05 -3.7402e-05 1.03651e-05
14.63 2.83181e-05 -3.7402e-05 1.03651e-05
14.64 2.83181e-05 -3.7402e-05 1.03651e-05
14.65 2.83181e-05 -3.7402e-05 1.03651e-05
14.66 2.83181e-05 -3.7402e-05 1.03651e-05
14.67 2.83181e-05 -3.7402e-05 1.03651e-05
14.68 2.83181e-05 -3.7402e-05 1.03651e-05
14.69 2.83181e-05 -3.7402e-05 1.03651e-05
14.7 2.83181e-05 -3.7402e-05 1.03651e-05
14.71 2.83181e-05 -3.7402e-05 1.03651e-05
14.72 2.83181e-05 -3.7402e-05 1.03651e-05
14.73 2.83181e-05 -3.7402e-05 1.03651e-05
14.74 2.83181e-05 -3.7402e-05 1.03651e-05
14.75 2.83181e-05 -3.7402e-05 1.03651e-05
14.76 2.83181e-05 -3.7402e-05 1.03651e-05
14.77 2.83181e-05 -3.7402e-05 1.03651e-05
14.78 2.83181e-05 -3.7402e-05 1.03651e-05
14.79 2.83181e-05 -3.7402e-05 1.03651e-05
14.8 2.83181e-05 -3.7402e-05 1.03651e-05
14.81 2.83181e-05 -3.7402e-05 1.03651e-05
14.82 2.83181e-05 -3.7402e-05 1.03651e-05
14.83 2.83181e-05 -3.7402e-05 1.03651e-05
14.84 2.83181e-05 -3.7402e-05 1.03651e-05
14.85 2.83181e-05 -3.7402e-05 1.03651e-05
14.86 2.83181e-05 -3.7402e-05 1.03651e-05
14.87 2.83181e-05 -3.7402e-05 1.03651e-05
14.88 2.83181e-05 -3.7402e-05 1.03651e-05
14.89 2.83181e-05 -3.7402e-05 1.03651e-05
14.9 2.83181e-05 -3.7402e-05 1.03651e-05
14.91 2.83181e-05 -3.7402e-05 1.03651e-05
14.92 2.83181e-05 -3.7402e-05 1.03651e-05
14.93 2.83181e-05 -3.7402e-05 1.03651e-05
14.94 2.83181e-05 -3.7402e-05 1.03651e-05
14.95 2.83181e-05 -3.7402e-05 1.03651e-05
14.96 2.83181e-05 -3.7402e-05 1.03651e-05
14.97 2.83181e-05 -3.7402e-05 1.03651e-05
14.98 2.83181e-05 -3.7402e-05 1.03651e-05
14.99 2.83181e-05 -3.7402e-05 1.03651e-05
15 2.83181e-05 -3.7402e-05 1.03651e-05
15.01 2.83181e-05 -3.7402e-05 1.03651e-05
15.02 2.83181e-05 -3.7402e-05 1.03651e-05
15.03 2.83181e-05 -3.7402e-05 1.03651e-05
15.04 2.83181e-05 -3.7402e-05 1.03651e-05
15.05 2.83181e-05 -3.7402e-05 1.03651e-05
15.06 2.83181e-05 -3.7402e-05 1.03651e-05
15.07 2.83181e-05 -3.7402e-05 1.03651e-05
15.08 2.83181e-05 -3.7402e-05 1.03651e-05
15.09 2.83181e-05 -3.7402e-05 1.03651e-05
15.1 2.83181e-05 -3.7402e-05 1.03651e-05
15.11 2.83181e-05 -3.7402e-05 1.03651e-05
15.12 2.83181e-05 -3.7402e-05 1.03651e-05
15.13 2.83181e-05 -3.7402e-05 1.03651e-05
15.14 2.83181e-05 -3.7402e-05 1.03651e-05
15.15 2.83181e-05 -3.7402e-05 1.03651e-05
15.16 2.83181e-05 -3.7402e-05 1.03651e-05
15.17 2.83181e-05 -3.7402e-05 1.03651e-05
15.18 2.83181e-05 -3.7402e-05 1.03651e-05
15.19 2.83181e-05 -3.7402e-05 1.03651e-05
15.2 2.83181e-05 -3.7402e-05 1.03651e-05
15.21 2.83181e-05 -3.7402e-05 1.03651e-05
15.22 2.83181e-05 -3.7402e-05 1.03651e-05
15.23 2.83181e-05 -3.7402e-05 1.03651e-05
15.24 2.83181e-05 -3.7402e-05 1.03651e-05
15.25 2.83181e-05 -3.7402e-05 1.03651e-05
15.26 2.83181e-05 -3.7402e-05 1.03651e-05
15.27 2.83181e-05 -3.7402e-05 1.03651e-05
15.28 2.83181e-05 -3.7402e-05 1.03651e-05
15.29 2.83181e-05 -3.7402e-05 1.03651e-05
15.3 2.83181e-05 -3.7402e-05 1.03651e-05
15.31 2.83181e-05 -3.7402e-05 1.03651e-05
15.32 2.83181e-05 -3.7402e-05 1.03651e-05
15.33 2.83181e-05 -3.7402e-05 1.03651e-05
15.34 2.83181e-05 -3.7402e-05 1.03651e-05
15.35 2.83181e-05 -3.7402e-05 1.03651e-05
15.36 2.83181e-05 -3.7402e-05 1.03651e-05
15.37 2.83181e-05 -3.7402e-05 1.03651e-05
15.38 2.83181e-05 -3.7402e-05 1.03651e-05
15.39 2.83181e-05 -3.7402e-05 1.03651e-05
15.4 2.83181e-05 -3.7402e-05 1.03651e-05
15.41 2.83181e-05 -3.7402e-05 1.03651e-05
15.42 2.83181e-05 -3.7402e-05 1.03651e-05
15.43 2.83181e-05 -3.7402e-05 1.03651e-05
15.44 2.83181e-05 -3.7402e-05 1.03651e-05
15.45 2.83181e-05 -3.7402e-05 1.03651e-05
15.46 2.83181e-05 -3.7402e-05 1.03651e-05
15.47 2.83181e-05 -3.7402e-05 1.03651e-05
15.48 2.83181e-05 -3.7402e-05 1.03651e-05
15.49 2.83181e-05 -3.7402e-05 1.03651e-05
15.5 2.83181e-05 -3.7402e-05 1.03651e-05
15.51 2.83181e-05 -3.7402e-05 1.03651e-05
15.52 2.83181e-05 -3.7402e-05 1.03651e-05
15.53 2.83181e-05 -3.7402e-05 1.03651e-05
15.54 2.83181e-05 -3.7402e-05 1.03651e-05
15.55 2.83181e-05 -3.7402e-05 1.03651e-05
15.56 2.83181e-05 -3.7402e-05 1.03651e-05
15.57 2.83181e-05 -3.7402e-05 1.03651e-05
15.58 2.83181e-05 -3.7402e-05 1.03651e-05
15.59 2.83181e-05 -3.7402e-05 1.03651e-05
15.6 2.83181e-05 -3.7402e-05 1.03651e-05
15.61 2.83181e-05 -3.7402e-05 1.03651e-05
15.62 2.83181e-05 -3.7402e-05 1.03651e-05
15.63 2.83181e-05 -3.7402e-05 1.03651e-05
15.64 2.83181e-05 -3.7402e-05 1.03651e-05
15.65 2.83181e-05 -3.7402e-05 1.03651e-05
15.66 2.83181e-05 -3.7402e-05 1.03651e-05
15.67 2.83181e-05 -3.7402e-05 1.03651e-05
15.68 2.83181e-05 -3.7402e-05 1.03651e-05
15.69 2.83181e-05 -3.7402e-05 1.03651e-05
15.7 2.83181e-05 -3.7402e-05 1.03651e-05
15.71 2.83181e-05 -3.7402e-05 1.03651e-05
15.72 2.83181e-05 -3.7402e-05 1.03651e-05
15.73 2.83181e-05 -3.7402e-05 1.03651e-05
15.74 2.83181e-05 -3.7402e-05 1.03651e-05
15.75 2.83181e-05 -3.7402e-05 1.03651e-05
15.76 2.83181e-05 -3.7402e-05 1.03651e-05
15.77 2.83181e-05 -3.7402e-05 1.03651e-05
15.78 2.83181e-05 -3.7402e-05 1.03651e-05
15.79 2.83181e-05 -3.7402e-05 1.03651e-05
15.8 2.83181e-05 -3.7402e-05 1.03651e-05
15.81 2.83181e-05 -3.7402e-05 1.03651e-05
15.82 2.83181e-05 -3.7402e-05 1.03651e-05
15.83 2.83181e-05 -3.7402e-05 1.03651e-05
15.84 2.83181e-05 -3.7402e-05 1.03651e-05
15.85 2.83181e-05 -3.7402e-05 1.03651e-05
15.86 2.83181e-05 -3.7402e-05 1.03651e-05
15.87 2.83181e-05 -3.7402e-05 1.03651e-05
15.88 2.83181e-05 -3.7402e-05 1.03651e-05
15.89 2.83181e-05 -3.7402e-05 1.03651e-05
15.9 2.83181e-05 -3.7402e-05 1.03651e-05
15.91 2.83181e-05 -3.7402e-05 1.03651e-05
15.92 2.83181e-05 -3.7402e-05 1.03651e-05
15.93 2.83181e-05 -3.7402e-05 1.03651e-05
15.94 2.83181e-05 -3.7402e-05 1.03651e-05
15.95 2.83181e-05 -3.7402e-05 1.03651e-05
15.96 2.83181e-05 -3.7402e-05 1.03651e-05
15.97 2.83181e-05 -3.7402e-05 1.03651e-05
15.98 2.83181e-05 -3.7402e-05 1.03651e-05
15.99 2.83181e-05 -3.7402e-05 1.03651e-05
16 2.83181e-05 -3.7402e-05 1.03651e-05
16.01 2.83181e-05 -3.7402e-05 1.03651e-05
16.02 2.83181e-05 -3.7402e-05 1.03651e-05
16.03 2.83181e-05 -3.7402e-05 1.03651e-05
16.04 2.83181e-05 -3.7402e-05 1.03651e-05
16.05 2.83181e-05 -3.7402e-05 1.03651e-05
16.06 2.83181e-05 -3.7402e-05 1.03651e-05
16.07 2.83181e-05 -3.7402e-05 1.03651e-05
16.08 2.83181e-05 -3.7402e-05 1.03651e-05
16.09 2.83181e-05 -3.7402e-05 1.03651e-05
16.1 2.83181e-05 -3.7402e-05 1.03651e-05
16.11 2.83181e-05 -3.7402e-05 1.03651e-05
16.12 2.83181e-05 -3.7402e-05 1.03651e-05
16.13 2.83181e-05 -3.7402e-05 1.03651e-05
16.14 2.83181e-05 -3.7402e-05 1.03651e-05
16.15 2.83181e-05 -3.7402e-05 1.03651e-05
16.16 2.83181e-05 -3.7402e-05 1.03651e-05
16.17 2.83181e-05 -3.7402e-05 1.03651e-05
16.18 2.83181e-05 -3.7402e-05 1.03651e-05
16.19 2.83181e-05 -3.7402e-05 1.03651e-05
16.2 2.83181e-05 -3.7402e-05 1.03651e-05
16.21 2.83181e-05 -3.7402e-05 1.03651e-05
16.22 2.83181e-05 -3.7402e-05 1.03651e-05
16.23 2.83181e-05 -3.7402e-05 1.03651e-05
16.24 2.83181e-05 -3.7402e-05 1.03651e-05
16.25 2.83181e-05 -3.7402e-05 1.03651e-05
16.26 2.83181e-05 -3.7402e-05 1.03651e-05
16.27 2.83181e-05 -3.7402e-05 1.03651e-05
16.28 2.83181e-05 -3.7402e-05 1.03651e-05
16.29 2.83181e-05 -3.7402e-05 1.03651e-05
16.3 2.83181e-05 -3.7402e-05 1.03651e-05
16.31 2.83181e-05 -3.7402e-05 1.03651e-05
16.32 2.83181e-05 -3.7402e-05 1.03651e-05
16.33 2.83181e-05 -3.7402e-05 1.03651e-05
16.34 2.83181e-05 -3.7402e-05 1.03651e-05
16.35 2.83181e-05 -3.7402e-05 1.03651e-05
16.36 2.83181e-05 -3.7402e-05 1.03651e-05
16.37 2.83181e-05 -3.7402e-05 1.03651e-05
16.38 2.83181e-05 -3.7402e-05 1.03651e-05
16.39 2.83181e-05 -3.7402e-05 1.03651e-05
16.4 2.83181e-05 -3.7402e-05 1.03651e-05
16.41 2.83181e-05 -3.7402e-05 1.03651e-05
16.42 2.83181e-05 -3.7402e-05 1.03651e-05
16.43 2.83181e-05 -3.7402e-05 1.03651e-05
16.44 2.83181e-05 -3.7402e-05 1.03651e-05
16.45 2.83181e-05 -3.7402e-05 1.03651e-05
16.46 2.83181e-05 -3.7402e-05 1.03651e-05
16.47 2.83181e-05 -3.7402e-05 1.03651e-05
16.48 2.83181e-05 -3.7402e-05 1.03651e-05
16.49 2.83181e-05 -3.7402e-05 1.03651e-05
16.5 2.83181e-05 -3.7402e-05 1.03651e-05
16.51 2.83181e-05 -3.7402e-05 1.03651e-05
16.52 2.83181e-05 -3.7402e-05 1.03651e-05
16.53 2.83181e-05 -3.7402e-05 1.03651e-05
16.54 2.83181e-05 -3.7402e-05 1.03651e-05
16.55 2.83181e-05 -3.7402e-05 1.03651e-05
16.56 2.83181e-05 -3.7402e-05 1.03651e-05
16.57 2.83181e-05 -3.7402e-05 1.03651e-05
16.58 2.83181e-05 -3.7402e-05 1.03651e-05
16.59 2.83181e-05 -3.7402e-05 1.03651e-05
16.6 2.83181e-05 -3.7402e-05 1.03651e-05
16.61 2.83181e-05 -3.7402e-05 1.03651e-05
16.62 2.83181e-05 -3.7402e-05 1.03651e-05
16.63 2.83181e-05 -3.7402e-05 1.03651e-05
16.64 2.83181e-05 -3.7402e-05 1.03651e-05
16.65 2.83181e-05 -3.7402e-05 1.03651e-05
16.66 2.83181e-05 -3.7402e-05 1.03651e-05
16.67 2.83181e-05 -3.7402e-05 1.03651e-05
16.68 2.83181e-05 -3.7402e-05 1.03651e-05
16.69 2.83181e-05 -3.7402e-05 1.03651e-05
16.7 2.83181e-05 -3.7402e-05 1.03651e-05
16.71 2.83181e-05 -3.7402e-05 1.03651e-05
16.72 2.83181e-05 -3.7402e-05 1.03651e-05
16.73 2.83181e-05 -3.7402e-05 1.03651e-05
16.74 2.83181e-05 -3.7402e-05 1.03651e-05
16.75 2.83181e-05 -3.7402e-05 1.03651e-05
16.76 2.83181e-05 -3.7402e-05 1.03651e-05
16.77 2.83181e-05 -3.7402e-05 1.03651e-05
16.78 2.83181e-05 -3.7402e-05 1.03651e-05
16.79 2.83181e-05 -3.7402e-05 1.03651e-05
16.8 2.83181e-05 -3.7402e-05 1.03651e-05
16.81 2.83181e-05 -3.7402e-05 1.03651e-05
16.82 2.83181e-05 -3.7402e-05 1.03651e-05
16.83 2.83181e-05 -3.7402e-05 1.03651e-05
16.84 2.83181e-05 -3.7402e-05 1.03651e-05
16.85 2.83181e-05 -3.7402e-05 1.03651e-05
16.86 2.83181e-05 -3.7402e-05 1.03651e-05
16.87 2.83181e-05 -3.7402e-05 1.03651e-05
16.88 2.83181e-05 -3.7402e-05 1.03651e-05
16.89 2.83181e-05 -3.7402e-05 1.03651e-05
16.9 2.83181e-05 -3.7402e-05 1.03651e-05
16.91 2.83181e-05 -3.7402e-05 1.03651e-05
16.92 2.83181e-05 -3.7402e-05 1.03651e-05
16.93 2.83181e-05 -3.7402e-05 1.03651e-05
16.94 2.83181e-05 -3.7402e-05 1.03651e-05
16.95 2.83181e-05 -3.7402e-05 1.03651e-05
16.96 2.83181e-05 -3.7402e-05 1.03651e-05
16.97 2.83181e-05 -3.7402e-05 1.03651e-05
16.98 2.83181e-05 -3.7402e-05 1.03651e-05
16.99 2.83181e-05 -3.7402e-05 1.03651e-05
17 2.83181e-05 -3.7402e-05 1.03651e-05
17.01 2.83181e-05 -3.7402e-05 1.03651e-05
17.02 2.83181e-05 -3.7402e-05 1.03651e-05
17.03 2.83181e-05 -3.7402e-05 1.03651e-05
17.04 2.83181e-05 -3.7402e-05 1.03651e-05
17.05 2.83181e-05 -3.7402e-05 1.03651e-05
17.06 2.83181e-05 -3.7402e-05 1.03651e-05
17.07 2.83181e-05 -3.7402e-05 1.03651e-05
17.08 2.83181e-05 -3.7402e-05 1.03651e-05
17.09 2.83181e-05 -3.7402e-05 1.03651e-05
17.1 2.83181e-05 -3.7402e-05 1.03651e-05
17.11 2.83181e-05 -3.7402e-05 1.03651e-05
17.12 2.83181e-05 -3.7402e-05 1.03651e-05
17.13 2.83181e-05 -3.7402e-05 1.03651e-05
17.14 2.83181e-05 -3.7402e-05 1.03651e-05
17.15 2.83181e-05 -3.7402e-05 1.03651e-05
17.16 2.83181e-05 -3.7402e-05 1.03651e-05
17.17 2.83181e-05 -3.7402e-05 1.03651e-05
17.18 2.83181e-05 -3.7402e-05 1.03651e-05
17.19 2.83181e-05 -3.7402e-05 1.03651e-05
17.2 2.83181e-05 -3.7402e-05 1.03651e-05
17.21 2.83181e-05 -3.7402e-05 1.03651e-05
17.22 2.83181e-05 -3.7402e-05 1.03651e-05
17.23 2.83181e-05 -3.7402e-05 1.03651e-05
17.24 2.83181e-05 -3.7402e-05 1.03651e-05
17.25 2.83181e-05 -3.7402e-05 1.03651e-05
17.26 2.83181e-05 -3.7402e-05 1.03651e-05
17.27 2.83181e-05 -3.7402e-05 1.03651e-05
17.28 2.83181e-05 -3.7402e-05 1.03651e-05
17.29 2.83181e-05 -3.7402e-05 1.03651e-05
17.3 2.83181e-05 -3.7402e-05 1.03651e-05
17.31 2.83181e-05 -3.7402e-05 1.03651e-05
17.32 2.83181e-05 -3.7402e-05 1.03651e-05
17.33 2.83181e-05 -3.7402e-05 1.03651e-05
17.34 2.83181e-05 -3.7402e-05 1.03651e-05
17.35 2.83181e-05 -3.7402e-05 1.03651e-05
17.36 2.83181e-05 -3.7402e-05 1.03651e-05
17.37 2.83181e-05 -3.7402e-05 1.03651e-05
17.38 2.83181e-05 -3.7402e-05 1.03651e-05
17.39 2.83181e-05 -3.7402e-05 1.03651e-05
17.4 2.83181e-05 -3.7402e-05 1.03651e-05
17.41 2.83181e-05 -3.7402e-05 1.03651e-05
17.42 2.83181e-05 -3.7402e-05 1.03651e-05
17.43 2.83181e-05 -3.7402e-05 1.03651e-05
17.44 2.83181e-05 -3.7402e-05 1.03651e-05
17.45 2.83181e-05 -3.7402e-05 1.03651e-05
17.46 2.83181e-05 -3.7402e-05 1.03651e-05
17.47 2.83181e-05 -3.7402e-05 1.03651e-05
17.48 2.83181e-05 -3.7402e-05 1.03651e-05
17.49 2.83181e-05 -3.7402e-05 1.03651e-05
17.5 2.83181e-05 -3.7402e-05 1.03651e-05
17.51 2.83181e-05 -3.7402e-05 1.03651e-05
17.52 2.83181e-05 -3.7402e-05 1.03651e-05
17.53 2.83181e-05 -3.7402e-05 1.03651e-05
17.54 2.83181e-05 -3.7402e-05 1.03651e-05
17.55 2.83181e-05 -3.7402e-05 1.03651e-05
17.56 2.83181e-05 -3.7402e-05 1.03651e-05
17.57 2.83181e-05 -3.7402e-05 1.03651e-05
17.58 2.83181e-05 -3.7402e-05 1.03651e-05
17.59 2.83181e-05 -3.7402e-05 1.03651e-05
17.6 2.83181e-05 -3.7402e-05 1.03651e-05
17.61 2.83181e-05 -3.7402e-05 1.03651e-05
17.62 2.83181e-05 -3.7402e-05 1.03651e-05
17.63 2.83181e-05 -3.7402e-05 1.03651e-05
17.64 2.83181e-05 -3.7402e-05 1.03651e-05
17.65 2.83181e-05 -3.7402e-05 1.03651e-05
17.66 2.83181e-05 -3.7402e-05 1.03651e-05
17.67 2.83181e-05 -3.7402e-05 1.03651e-05
17.68 2.83181e-05 -3.7402e-05 1.03651e-05
17.69 2.83181e-05 -3.7402e-05 1.03651e-05
17.7 2.83181e-05 -3.7402e-05 1.03651e-05
17.71 2.83181e-05 -3.7402e-05 1.03651e-05
17.72 2.83181e-05 -3.7402e-05 1.03651e-05
17.73 2.83181e-05 -3.7402e-05 1.03651e-05
17.74 2.83181e-05 -3.7402e-05 1.03651e-05
17.75 2.83181e-05 -3.7402e-05 1.03651e-05
17.76 2.83181e-05 -3.7402e-05 1.03651e-05
17.77 2.83181e-05 -3.7402e-05 1.03651e-05
17.78 2.83181e-05 -3.7402e-05 1.03651e-05
17.79 2.83181e-05 -3.7402e-05 1.03651e-05
17.8 2.83181e-05 -3.7402e-05 1.03651e-05
17.81 2.83181e-05 -3.7402e-05 1.03651e-05
17.82 2.83181e-05 -3.7402e-05 1.03651e-05
17.83 2.83181e-05 -3.7402e-05 1.03651e-05
17.84 2.83181e-05 -3.7402e-05 1.03651e-05
17.85 2.83181e-05 -3.7402e-05 1.03651e-05
17.86 2.83181e-05 -3.7402e-05 1.03651e-05
17.87 2.83181e-05 -3.7402e-05 1.03651e-05
17.88 2.83181e-05 -3.7402e-05 1.03651e-05
17.89 2.83181e-05 -3.7402e-05 1.03651e-05
17.9 2.83181e-05 -3.7402e-05 1.03651e-05
17.91 2.83181e-05 -3.7402e-05 1.03651e-05
17.92 2.83181e-05 -3.7402e-05 1.03651e-05
17.93 2.83181e-05 -3.7402e-05 1.03651e-05
17.94 2.83181e-05 -3.7402e-05 1.03651e-05
17.95 2.83181e-05 -3.7402e-05 1.03651e-05
17.96 2.83181e-05 -3.7402e-05 1.03651e-05
17.97 2.83181e-05 -3.7402e-05 1.03651e-05
17.98 2.83181e-05 -3.7402e-05 1.03651e-05
17.99 2.83181e-05 -3.7402e-05 1.03651e-05
18 2.83181e-05 -3.7402e-05 1.03651e-05
18.01 2.83181e-05 -3.7402e-05 1.03651e-05
18.02 2.83181e-05 -3.7402e-05 1.03651e-05
18.03 2.83181e-05 -3.7402e-05 1.03651e-05
18.04 2.83181e-05 -3.7402e-05 1.03651e-05
18.05 2.83181e-05 -3.7402e-05 1.03651e-05
18.06 2.83181e-05 -3.7402e-05 1.03651e-05
18.07 2.83181e-05 -3.7402e-05 1.03651e-05
18.08 2.83181e-05 -3.7402e-05 1.03651e-05
18.09 2.83181e-05 -3.7402e-05 1.03651e-05
18.1 2.83181e-05 -3.7402e-05 1.03651e-05
18.11 2.83181e-05 -3.7402e-05 1.03651e-05
18.12 2.83181e-05 -3.7402e-05 1.03651e-05
18.13 2.83181e-05 -3.7402e-05 1.03651e-05
18.14 2.83181e-05 -3.7402e-05 1.03651e-05
18.15 2.83181e-05 -3.7402e-05 1.03651e-05
18.16 2.83181e-05 -3.7402e-05 1.03651e-05
18.17 2.83181e-05 -3.7402e-05 1.03651e-05
18.18 2.83181e-05 -3.7402e-05 1.03651e-05
18.19 2.83181e-05 -3.7402e-05 1.03651e-05
18.2 2.83181e-05 -3.7402e-05 1.03651e-05
18.21 2.83181e-05 -3.7402e-05 1.03651e-05
18.22 2.83181e-05 -3.7402e-05 1.03651e-05
18.23 2.83181e-05 -3.7402e-05 1.03651e-05
18.24 2.83181e-05 -3.7402e-05 1.03651e-05
18.25 2.83181e-05 -3.7402e-05 1.03651e-05
18.26 2.83181e-05 -3.7402e-05 1.03651e-05
18.27 2.83181e-05 -3.7402e-05 1.03651e-05
18.28 2.83181e-05 -3.7402e-05 1.03651e-05
18.29 2.83181e-05 -3.7402e-05 1.03651e-05
18.3 2.83181e-05 -3.7402e-05 1.03651e-05
18.31 2.83181e-05 -3.7402e-05 1.03651e-05
18.32 2.83181e-05 -3.7402e-05 1.03651e-05
18.33 2.83181e-05 -3.7402e-05 1.03651e-05
18.34 2.83181e-05 -3.7402e-05 1.03651e-05
18.35 2.83181e-05 -3.7402e-05 1.03651e-05
18.36 2.83181e-05 -3.7402e-05 1.03651e-05
18.37 2.83181e-05 -3.7402e-05 1.03651e-05
18.38 2.83181e-05 -3.7402e-05 1.03651e-05
18.39 2.83181e-05 -3.7402e-05 1.03651e-05
18.4 2.83181e-05 -3.7402e-05 1.03651e-05
18.41 2.83181e-05 -3.7402e-05 1.03651e-05
18.42 2.83181e-05 -3.7402e-05 1.03651e-05
18.43 2.83181e-05 -3.7402e-05 1.03651e-05
18.44 2.83181e-05 -3.7402e-05 1.03651e-05
18.45 2.83181e-05 -3.7402e-05 1.03651e-05
18.46 2.83181e-05 -3.7402e-05 1.03651e-05
18.47 2.83181e-05 -3.7402e-05 1.03651e-05
18.48 2.83181e-05 -3.7402e-05 1.03651e-05
18.49 2.83181e-05 -3.7402e-05 1.03651e-05
18.5 2.83181e-05 -3.7402e-05 1.03651e-05
18.51 2.83181e-05 -3.7402e-05 1.03651e-05
18.52 2.83181e-05 -3.7402e-05 1.03651e-05
18.53 2.83181e-05 -3.7402e-05 1.03651e-05
18.54 2.83181e-05 -3.7402e-05 1.03651e-05
18.55 2.83181e-05 -3.7402e-05 1.03651e-05
18.56 2.83181e-05 -3.7402e-05 1.03651e-05
18.57 2.83181e-05 -3.7402e-05 1.03651e-05
18.58 2.83181e-05 -3.7402e-05 1.03651e-05
18.59 2.83181e-05 -3.7402e-05 1.03651e-05
18.6 2.83181e-05 -3.7402e-05 1.03651e-05
18.61 2.83181e-05 -3.7402e-05 1.03651e-05
18.62 2.83181e-05 -3.7402e-05 1.03651e-05
18.63 2.83181e-05 -3.7402e-05 1.03651e-05
18.64 2.83181e-05 -3.7402e-05 1.03651e-05
18.65 2.83181e-05 -3.7402e-05 1.03651e-05
18.66 2.83181e-05 -3.7402e-05 1.03651e-05
18.67 2.83181e-05 -3.7402e-05 1.03651e-05
18.68 2.83181e-05 -3.7402e-05 1.03651e-05
18.69 2.83181e-05 -3.7402e-05 1.03651e-05
18.7 2.83181e-05 -3.7402e-05 1.03651e-05
18.71 2.83181e-05 -3.7402e-05 1.03651e-05
18.72 2.83181e-05 -3.7402e-05 1.03651e-05
18.73 2.83181e-05 -3.7402e-05 1.03651e-05
18.74 2.83181e-05 -3.7402e-05 1.03651e-05
18.75 2.83181e-05 -3.7402e-05 1.03651e-05
18.76 2.83181e-05 -3.7402e-05 1.03651e-05
18.77 2.83181e-05 -3.7402e-05 1.03651e-05
18.78 2.83181e-05 -3.7402e-05 1.03651e-05
18.79 2.83181e-05 -3.7402e-05 1.03651e-05
18.8 2.83181e-05 -3.7402e-05 1.03651e-05
18.81 2.83181e-05 -3.7402e-05 1.03651e-05
18.82 2.83181e-05 -3.7402e-05 1.03651e-05
18.83 2.83181e-05 -3.7402e-05 1.03651e-05
18.84 2.83181e-05 -3.7402e-05 1.03651e-05
18.85 2.83181e-05 -3.7402e-05 1.03651e-05
18.86 2.83181e-05 -3.7402e-05 1.03651e-05
18.87 2.83181e-05 -3.7402e-05 1.03651e-05
18.88 2.83181e-05 -3.7402e-05 1.03651e-05
18.89 2.83181e-05 -3.7402e-05 1.03651e-05
18.9 2.83181e-05 -3.7402e-05 1.03651e-05
18.91 2.83181e-05 -3.7402e-05 1.03651e-05
18.92 2.83181e-05 -3.7402e-05 1.03651e-05
18.93 2.83181e-05 -3.7402e-05 1.03651e-05
18.94 2.83181e-05 -3.7402e-05 1.03651e-05
18.95 2.83181e-05 -3.7402e-05 1.03651e-05
18.96 2.83181e-05 -3.7402e-05 1.03651e-05
18.97 2.83181e-05 -3.7402e-05 1.03651e-05
18.98 2.83181e-05 -3.7402e-05 1.03651e-05
18.99 2.83181e-05 -3.7402e-05 1.03651e-05
19 2.83181e-05 -3.7402e-05 1.03651e-05
19.01 2.83181e-05 -3.7402e-05 1.03651e-05
19.02 2.83181e-05 -3.7402e-05 1.03651e-05
19.03 2.83181e-05 -3.7402e-05 1.03651e-05
19.04 2.83181e-05 -3.7402e-05 1.03651e-05
19.05 2.83181e-05 -3.7402e-05 1.03651e-05
19.06 2.83181e-05 -3.7402e-05 1.03651e-05
19.07 2.83181e-05 -3.7402e-05 1.03651e-05
19.08 2.83181e-05 -3.7402e-05 1.03651e-05
19.09 2.83181e-05 -3.7402e-05 1.03651e-05
19.1 2.83181e-05 -3.7402e-05 1.03651e-05
19.11 2.83181e-05 -3.7402e-05 1.03651e-05
19.12 2.83181e-05 -3.7402e-05 1.03651e-05
19.13 2.83181e-05 -3.7402e-05 1.03651e-05
19.14 2.83181e-05 -3.7402e-05 1.03651e-05
19.15 2.83181e-05 -3.7402e-05 1.03651e-05
19.16 2.83181e-05 -3.7402e-05 1.03651e-05
19.17 2.83181e-05 -3.7402e-05 1.03651e-05
19.18 2.83181e-05 -3.7402e-05 1.03651e-05
19.19 2.83181e-05 -3.7402e-05 1.03651e-05
19.2 2.83181e-05 -3.7402e-05 1.03651e-05
19.21 2.83181e-05 -3.7402e-05 1.03651e-05
19.22 2.83181e-05 -3.7402e-05 1.03651e-05
19.23 2.83181e-05 -3.7402e-05 1.03651e-05
19.24 2.83181e-05 -3.7402e-05 1.03651e-05
19.25 2.83181e-05 -3.7402e-05 1.03651e-05
19.26 2.83181e-05 -3.7402e-05 1.03651e-05
19.27 2.83181e-05 -3.7402e-05 1.03651e-05
19.28 2.83181e-05 -3.7402e-05 1.03651e-05
19.29 2.83181e-05 -3.7402e-05 1.03651e-05
19.3 2.83181e-05 -3.7402e-05 1.03651e-05
19.31 2.83181e-05 -3.7402e-05 1.03651e-05
19.32 2.83181e-05 -3.7402e-05 1.03651e-05
19.33 2.83181e-05 -3.7402e-05 1.03651e-05
19.34 2.83181e-05 -3.7402e-05 1.03651e-05
19.35 2.83181e-05 -3.7402e-05 1.03651e-05
19.36 2.83181e-05 -3.7402e-05 1.03651e-05
19.37 2.83181e-05 -3.7402e-05 1.03651e-05
19.38 2.83181e-05 -3.7402e-05 1.03651e-05
19.39 2.83181e-05 -3.7402e-05 1.03651e-05
19.4 2.83181e-05 -3.7402e-05 1.03651e-05
19.41 2.83181e-05 -3.7402e-05 1.03651e-05
19.42 2.83181e-05 -3.7402e-05 1.03651e-05
19.43 2.83181e-05 -3.7402e-05 1.03651e-05
19.44 2.83181e-05 -3.7402e-05 1.03651e-05
19.45 2.83181e-05 -3.7402e-05 1.03651e-05
19.46 2.83181e-05 -3.7402e-05 1.03651e-05
19.47 2.83181e-05 -3.7402e-05 1.03651e-05
19.48 2.83181e-05 -3.7402e-05 1.03651e-05
19.49 2.83181e-05 -3.7402e-05 1.03651e-05
19.5 2.83181e-05 -3.7402e-05 1.03651e-05
19.51 2.83181e-05 -3.7402e-05 1.03651e-05
19.52 2.83181e-05 -3.7402e-05 1.03651e-05
19.53 2.83181e-05 -3.7402e-05 1.03651e-05
19.54 2.83181e-05 -3.7402e-05 1.03651e-05
19.55 2.83181e-05 -3.7402e-05 1.03651e-05
19.56 2.83181e-05 -3.7402e-05 1.03651e-05
19.57 2.83181e-05 -3.7402e-05 1.03651e-05
19.58 2.83181e-05 -3.7402e-05 1.03651e-05
19.59 2.83181e-05 -3.7402e-05 1.03651e-05
19.6 2.83181e-05 -3.7402e-05 1.03651e-05
19.61 2.83181e-05 -3.7402e-05 1.03651e-05
19.62 2.83181e-05 -3.7402e-05 1.03651e-05
19.63 2.83181e-05 -3.7402e-05 1.03651e-05
19.64 2.83181e-05 -3.7402e-05 1.03651e-05
19.65 2.83181e-05 -3.7402e-05 1.03651e-05
19.66 2.83181e-05 -3.7402e-05 1.03651e-05
19.67 2.83181e-05 -3.7402e-05 1.03651e-05
19.68 2.83181e-05 -3.7402e-05 1.03651e-05
19.69 2.83181e-05 -3.7402e-05 1.03651e-05
19.7 2.83181e-05 -3.7402e-05 1.03651e-05
19.71 2.83181e-05 -3.7402e-05 1.03651e-05
19.72 2.83181e-05 -3.7402e-05 1.03651e-05
19.73 2.83181e-05 -3.7402e-05 1.03651e-05
19.74 2.83181e-05 -3.7402e-05 1.03651e-05
19.75 2.83181e-05 -3.7402e-05 1.03651e-05
19.76 2.83181e-05 -3.7402e-05 1.03651e-05
19.77 2.83181e-05 -3.7402e-05 1.03651e-05
19.78 2.83181e-05 -3.7402e-05 1.03651e-05
19.79 2.83181e-05 -3.7402e-05 1.03651e-05
19.8 2.83181e-05 -3.7402e-05 1.03651e-05
19.81 2.83181e-05 -3.7402e-05 1.03651e-05
19.82 2.83181e-05 -3.7402e-05 1.03651e-05
19.83 2.83181e-05 -3.7402e-05 1.03651e-05
19.84 2.83181e-05 -3.7402e-05 1.03651e-05
19.85 2.83181e-05 -3.7402e-05 1.03651e-05
19.86 2.83181e-05 -3.7402e-05 1.03651e-05
19.87 2.83181e-05 -3.7402e-05 1.03651e-05
19.88 2.83181e-05 -3.7402e-05 1.03651e-05
19.89 2.83181e-05 -3.7402e-05 1.03651e-05
19.9 2.83181e-05 -3.7402e-05 1.03651e-05
19.91 2.83181e-05 -3.7402e-05 1.03651e-05
19.92 2.83181e-05 -3.7402e-05 1.03651e-05
19.93 2.83181e-05 -3.7402e-05 1.03651e-05
19.94 2.83181e-05 -3.7402e-05 1.03651e-05
19.95 2.83181e-05 -3.7402e-05 1.03651e-05
19.96 2.83181e-05 -3.7402e-05 1.03651e-05
19.97 2.83181e-05 -3.7402e-05 1.03651e-05
19.98 2.83181e-05 -3.7402e-05 1.03651e-05
19.99 2.83181e-05 -3.7402e-05 1.03651e-05
20 2.83181e-05 -3.7402e-05 1.03651e-05
