0.01 7.58781e-06 -3.7402e-05 -1.82048e-05
0.02 7.58781e-06 -3.7402e-05 -4.32609e-05
0.03 7.58781e-06 -3.7402e-05 -7.29194e-05
0.04 7.58781e-06 -3.7402e-05 -8.88525e-05
0.05 7.58781e-06 -3.7402e-05 -9.78222e-05
0.06 7.58781e-06 -3.7402e-05 -0.000116389
0.07 7.58781e-06 -3.7402e-05 -0.000142091
0.08 7.58781e-06 -3.7402e-05 -0.000160468
0.09 7.58781e-06 -3.7402e-05 -0.000170574
0.1 7.58781e-06 -3.7402e-05 -0.000184204
0.11 7.58781e-06 -3.7402e-05 -0.000204401
0.12 7.58781e-06 -3.7402e-05 -0.000221807
0.13 7.58781e-06 -3.7402e-05 -0.000231907
0.14 7.58781e-06 -3.7402e-05 -0.000241532
0.15 7.58781e-06 -3.7402e-05 -0.000255738
0.16 7.58781e-06 -3.7402e-05 -0.000269739
0.17 7.58781e-06 -3.7402e-05 -0.000278276
0.18 7.58781e-06 -3.7402e-05 -0.000284228
0.19 7.58781e-06 -3.7402e-05 -0.000292508
0.2 7.58781e-06 -3.7402e-05 -0.000301634
0.21 7.58781e-06 -3.7402e-05 -0.000307151
0.22 7.58781e-06 -3.7402e-05 -0.000309367
0.23 7.58781e-06 -3.7402e-05 -0.000312033
0.24 7.58781e-06 -3.7402e-05 -0.000315616
0.25 7.58781e-06 -3.7402e-05 -0.000317052
0.26 7.58781e-06 -3.7402e-05 -0.000315327
0.27 7.58781e-06 -3.7402e-05 -0.000312796
0.28 7.58781e-06 -3.7402e-05 -0.000310783
0.29 7.58781e-06 -3.7402e-05 -0.000307594
0.3 7.58781e-06 -3.7402e-05 -0.000301803
0.31 7.58781e-06 -3.7402e-05 -0.000294567
0.32 7.58781e-06 -3.7402e-05 -0.000287347
0.33 7.58781e-06 -3.7402e-05 -0.000279506
0.34 7.58781e-06 -3.7402e-05 -0.000269748
0.35 7.58781e-06 -3.7402e-05 -0.000258398
0.36 7.58781e-06 -3.7402e-05 -0.000246673
0.37 7.58781e-06 -3.7402e-05 -0.000234609
0.38 7.58781e-06 -3.7402e-05 -0.000221276
0.39 7.58781e-06 -3.7402e-05 -0.000206536
0.4 7.58781e-06 -3.7402e-05 -0.000191228
0.41 7.58781e-06 -3.7402e-05 -0.000175729
0.42 7.58781e-06 -3.7402e-05 -0.000159508
0.43 7.58781e-06 -3.7402e-05 -0.000142249
0.44 7.58781e-06 -3.7402e-05 -0.000124436
0.45 7.58781e-06 -3.7402e-05 -0.000106543
0.46 7.58781e-06 -3.7402e-05 -8.83724e-05
0.47 7.58781e-06 -3.7402e-05 -6.96042e-05
0.48 7.58781e-06 -3.7402e-05 -5.04598e-05
0.49 7.58781e-06 -3.7402e-05 -3.13706e-05
0.5 7.58781e-06 -3.7402e-05 -1.23603e-05
0.51 7.58781e-06 -3.7402e-05 6.80401e-06
0.52 7.58781e-06 -3.7402e-05 2.60652e-05
0.53 7.58781e-06 -3.7402e-05 4.50932e-05
0.54 7.58781e-06 -3.7402e-05 6.37469e-05
0.55 7.58781e-06 -3.7402e-05 8.21516e-05
0.56 7.58781e-06 -3.7402e-05 0.00010033
0.57 7.58781e-06 -3.7402e-05 0.000118063
0.58 7.58781e-06 -3.7402e-05 0.000135171
0.59 7.58781e-06 -3.7402e-05 0.000151689
0.6 7.58781e-06 -3.7402e-05 0.000167662
0.61 7.58781e-06 -3.7402e-05 0.000182965
0.62 7.58781e-06 -3.7402e-05 0.000197433
0.63 7.58781e-06 -3.7402e-05 0.000211038
0.64 7.58781e-06 -3.7402e-05 0.000223822
0.65 7.58781e-06 -3.7402e-05 0.000235728
0.66 7.58781e-06 -3.7402e-05 0.000246627
0.67 7.58781e-06 -3.7402e-05 0.000256467
0.68 7.58781e-06 -3.7402e-05 0.000265274
0.69 7.58781e-06 -3.7402e-05 0.000273035
0.7 7.58781e-06 -3.7402e-05 0.000279669
0.71 7.58781e-06 -3.7402e-05 0.000285122
0.72 7.58781e-06 -3.7402e-05 0.000289409
0.73 7.58781e-06 -3.7402e-05 0.000292543
0.74 7.58781e-06 -3.7402e-05 0.000294488
0.75 7.58781e-06 -3.7402e-05 0.000295205
0.76 7.58781e-06 -3.7402e-05 0.000294706
0.77 7.58781e-06 -3.7402e-05 0.000293022
0.78 7.58781e-06 -3.7402e-05 0.000290153
0.79 7.58781e-06 -3.7402e-05 0.000286084
0.8 7.58781e-06 -3.7402e-05 0.000280833
0.81 7.58781e-06 -3.7402e-05 0.000274441
0.82 7.58781e-06 -3.7402e-05 0.000266938
0.83 7.58781e-06 -3.7402e-05 0.000258335
0.84 7.58781e-06 -3.7402e-05 0.000248661
0.85 7.58781e-06 -3.7402e-05 0.000237966
0.86 7.58781e-06 -3.7402e-05 0.0002263
0.87 7.58781e-06 -3.7402e-05 0.000213702
0.88 7.58781e-06 -3.7402e-05 0.000200211
0.89 7.58781e-06 -3.7402e-05 0.000185887
0.9 7.58781e-06 -3.7402e-05 0.000170794
0.91 7.58781e-06 -3.7402e-05 0.00015499
0.92 7.58781e-06 -3.7402e-05 0.000138528
0.93 7.58781e-06 -3.7402e-05 0.000121476
0.94 7.58781e-06 -3.7402e-05 0.000103906
0.95 7.58781e-06 -3.7402e-05 8.58888e-05
0.96 7.58781e-06 -3.7402e-05 6.74898e-05
0.97 7.58781e-06 -3.7402e-05 4.87802e-05
0.98 7.58781e-06 -3.7402e-05 2.98382e-05
0.99 7.58781e-06 -3.7402e-05 1.07404e-05
1 7.58781e-06 -3.7402e-05 -8.44083e-06
1.01 7.58781e-06 -3.7402e-05 -2.76322e-05
1.02 7.58781e-06 -3.7402e-05 -4.67558e-05
1.03 7.58781e-06 -3.7402e-05 -6.57337e-05
1.04 7.58781e-06 -3.7402e-05 -8.44924e-05
1.05 7.58781e-06 -3.7402e-05 -0.00010296
1.06 7.58781e-06 -3.7402e-05 -0.000121063
1.07 7.58781e-06 -3.7402e-05 -0.000138728
1.08 7.58781e-06 -3.7402e-05 -0.000155886
1.09 7.58781e-06 -3.7402e-05 -0.00017247
1.1 7.58781e-06 -3.7402e-05 -0.000188415
1.11 7.58781e-06 -3.7402e-05 -0.000203658
1.12 7.58781e-06 -3.7402e-05 -0.000218136
1.13 7.58781e-06 -3.7402e-05 -0.000231795
1.14 7.58781e-06 -3.7402e-05 -0.00024458
1.15 7.58781e-06 -3.7402e-05 -0.000256441
1.16 7.58781e-06 -3.7402e-05 -0.000267331
1.17 7.58781e-06 -3.7402e-05 -0.000277206
1.18 7.58781e-06 -3.7402e-05 -0.000286028
1.19 7.58781e-06 -3.7402e-05 -0.000293763
1.2 7.58781e-06 -3.7402e-05 -0.000300379
1.21 7.58781e-06 -3.7402e-05 -0.00030585
1.22 7.58781e-06 -3.7402e-05 -0.000310156
1.23 7.58781e-06 -3.7402e-05 -0.000313278
1.24 7.58781e-06 -3.7402e-05 -0.000315205
1.25 7.58781e-06 -3.7402e-05 -0.000315929
1.26 7.58781e-06 -3.7402e-05 -0.000315446
1.27 7.58781e-06 -3.7402e-05 -0.00031376
1.28 7.58781e-06 -3.7402e-05 -0.000310877
1.29 7.58781e-06 -3.7402e-05 -0.000306807
1.3 7.58781e-06 -3.7402e-05 -0.000301567
1.31 7.58781e-06 -3.7402e-05 -0.000295179
1.32 7.58781e-06 -3.7402e-05 -0.000287666
1.33 7.58781e-06 -3.7402e-05 -0.000279059
1.34 7.58781e-06 -3.7402e-05 -0.000269391
1.35 7.58781e-06 -3.7402e-05 -0.000258701
1.36 7.58781e-06 -3.7402e-05 -0.000247032
1.37 7.58781e-06 -3.7402e-05 -0.000234428
1.38 7.58781e-06 -3.7402e-05 -0.000220939
1.39 7.58781e-06 -3.7402e-05 -0.00020662
1.4 7.58781e-06 -3.7402e-05 -0.000191527
1.41 7.58781e-06 -3.7402e-05 -0.000175718
1.42 7.58781e-06 -3.7402e-05 -0.000159257
1.43 7.58781e-06 -3.7402e-05 -0.000142208
1.44 7.58781e-06 -3.7402e-05 -0.000124638
1.45 7.58781e-06 -3.7402e-05 -0.000106618
1.46 7.58781e-06 -3.7402e-05 -8.82182e-05
1.47 7.58781e-06 -3.7402e-05 -6.95108e-05
1.48 7.58781e-06 -3.7402e-05 -5.05701e-05
1.49 7.58781e-06 -3.7402e-05 -3.14707e-05
1.5 7.58781e-06 -3.7402e-05 -1.22881e-05
1.51 7.58781e-06 -3.7402e-05 6.90225e-06
1.52 7.58781e-06 -3.7402e-05 2.60244e-05
1.53 7.58781e-06 -3.7402e-05 4.50029e-05
1.54 7.58781e-06 -3.7402e-05 6.37629e-05
1.55 7.58781e-06 -3.7402e-05 8.22304e-05
1.56 7.58781e-06 -3.7402e-05 0.000100332
1.57 7.58781e-06 -3.7402e-05 0.000117998
1.58 7.58781e-06 -3.7402e-05 0.000135156
1.59 7.58781e-06 -3.7402e-05 0.00015174
1.6 7.58781e-06 -3.7402e-05 0.000167685
1.61 7.58781e-06 -3.7402e-05 0.000182927
1.62 7.58781e-06 -3.7402e-05 0.000197406
1.63 7.58781e-06 -3.7402e-05 0.000211065
1.64 7.58781e-06 -3.7402e-05 0.00022385
1.65 7.58781e-06 -3.7402e-05 0.000235711
1.66 7.58781e-06 -3.7402e-05 0.0002466
1.67 7.58781e-06 -3.7402e-05 0.000256476
1.68 7.58781e-06 -3.7402e-05 0.000265298
1.69 7.58781e-06 -3.7402e-05 0.000273033
1.7 7.58781e-06 -3.7402e-05 0.000279649
1.71 7.58781e-06 -3.7402e-05 0.00028512
1.72 7.58781e-06 -3.7402e-05 0.000289426
1.73 7.58781e-06 -3.7402e-05 0.000292548
1.74 7.58781e-06 -3.7402e-05 0.000294475
1.75 7.58781e-06 -3.7402e-05 0.000295198
1.76 7.58781e-06 -3.7402e-05 0.000294716
1.77 7.58781e-06 -3.7402e-05 0.00029303
1.78 7.58781e-06 -3.7402e-05 0.000290146
1.79 7.58781e-06 -3.7402e-05 0.000286077
1.8 7.58781e-06 -3.7402e-05 0.000280837
1.81 7.58781e-06 -3.7402e-05 0.000274448
1.82 7.58781e-06 -3.7402e-05 0.000266936
1.83 7.58781e-06 -3.7402e-05 0.000258329
1.84 7.58781e-06 -3.7402e-05 0.000248661
1.85 7.58781e-06 -3.7402e-05 0.000237971
1.86 7.58781e-06 -3.7402e-05 0.000226301
1.87 7.58781e-06 -3.7402e-05 0.000213697
1.88 7.58781e-06 -3.7402e-05 0.000200209
1.89 7.58781e-06 -3.7402e-05 0.00018589
1.9 7.58781e-06 -3.7402e-05 0.000170796
1.91 7.58781e-06 -3.7402e-05 0.000154988
1.92 7.58781e-06 -3.7402e-05 0.000138526
1.93 7.58781e-06 -3.7402e-05 0.000121477
1.94 7.58781e-06 -3.7402e-05 0.000103908
1.95 7.58781e-06 -3.7402e-05 8.5888e-05
1.96 7.58781e-06 -3.7402e-05 6.74879e-05
1.97 7.58781e-06 -3.7402e-05 4.87806e-05
1.98 7.58781e-06 -3.7402e-05 2.98399e-05
1.99 7.58781e-06 -3.7402e-05 1.07405e-05
2 7.58781e-06 -3.7402e-05 -8.44223e-06
2.01 7.58781e-06 -3.7402e-05 -2.76325e-05
2.02 7.58781e-06 -3.7402e-05 -4.67546e-05
2.03 7.58781e-06 -3.7402e-05 -6.57332e-05
2.04 7.58781e-06 -3.7402e-05 -8.44932e-05
2.05 7.58781e-06 -3.7402e-05 -0.000102961
2.06 7.58781e-06 -3.7402e-05 -0.000121063
2.07 7.58781e-06 -3.7402e-05 -0.000138728
2.08 7.58781e-06 -3.7402e-05 -0.000155886
2.09 7.58781e-06 -3.7402e-05 -0.000172471
2.1 7.58781e-06 -3.7402e-05 -0.000188415
2.11 7.58781e-06 -3.7402e-05 -0.000203657
2.12 7.58781e-06 -3.7402e-05 -0.000218136
2.13 7.58781e-06 -3.7402e-05 -0.000231795
2.14 7.58781e-06 -3.7402e-05 -0.00024458
2.15 7.58781e-06 -3.7402e-05 -0.000256441
2.16 7.58781e-06 -3.7402e-05 -0.000267331
2.17 7.58781e-06 -3.7402e-05 -0.000277206
2.18 7.58781e-06 -3.7402e-05 -0.000286028
2.19 7.58781e-06 -3.7402e-05 -0.000293763
2.2 7.58781e-06 -3.7402e-05 -0.000300379
2.21 7.58781e-06 -3.7402e-05 -0.000305851
2.22 7.58781e-06 -3.7402e-05 -0.000310156
2.23 7.58781e-06 -3.7402e-05 -0.000313278
2.24 7.58781e-06 -3.7402e-05 -0.000315205
2.25 7.58781e-06 -3.7402e-05 -0.000315929
2.26 7.58781e-06 -3.7402e-05 -0.000315446
2.27 7.58781e-06 -3.7402e-05 -0.00031376
2.28 7.58781e-06 -3.7402e-05 -0.000310877
2.29 7.58781e-06 -3.7402e-05 -0.000306807
2.3 7.58781e-06 -3.7402e-05 -0.000301567
2.31 7.58781e-06 -3.7402e-05 -0.000295179
2.32 7.58781e-06 -3.7402e-05 -0.000287666
2.33 7.58781e-06 -3.7402e-05 -0.000279059
2.34 7.58781e-06 -3.7402e-05 -0.000269391
2.35 7.58781e-06 -3.7402e-05 -0.000258701
2.36 7.58781e-06 -3.7402e-05 -0.000247032
2.37 7.58781e-06 -3.7402e-05 -0.000234428
2.38 7.58781e-06 -3.7402e-05 -0.000220939
2.39 7.58781e-06 -3.7402e-05 -0.00020662
2.4 7.58781e-06 -3.7402e-05 -0.000191526
2.41 7.58781e-06 -3.7402e-05 -0.000175718
2.42 7.58781e-06 -3.7402e-05 -0.000159257
2.43 7.58781e-06 -3.7402e-05 -0.000142208
2.44 7.58781e-06 -3.7402e-05 -0.000124638
2.45 7.58781e-06 -3.7402e-05 -0.000106618
2.46 7.58781e-06 -3.7402e-05 -8.82182e-05
2.47 7.58781e-06 -3.7402e-05 -6.95109e-05
2.48 7.58781e-06 -3.7402e-05 -5.05701e-05
2.49 7.58781e-06 -3.7402e-05 -3.14707e-05
2.5 7.58781e-06 -3.7402e-05 -1.2288e-05
2.51 7.58781e-06 -3.7402e-05 6.90224e-06
2.52 7.58781e-06 -3.7402e-05 2.60244e-05
2.53 7.58781e-06 -3.7402e-05 4.50029e-05
2.54 7.58781e-06 -3.7402e-05 6.37629e-05
2.55 7.58781e-06 -3.7402e-05 8.22304e-05
2.56 7.58781e-06 -3.7402e-05 0.000100332
2.57 7.58781e-06 -3.7402e-05 0.000117998
2.58 7.58781e-06 -3.7402e-05 0.000135156
2.59 7.58781e-06 -3.7402e-05 0.00015174
2.6 7.58781e-06 -3.7402e-05 0.000167685
2.61 7.58781e-06 -3.7402e-05 0.000182927
2.62 7.58781e-06 -3.7402e-05 0.000197406
2.63 7.58781e-06 -3.7402e-05 0.000211065
2.64 7.58781e-06 -3.7402e-05 0.00022385
2.65 7.58781e-06 -3.7402e-05 0.000235711
2.66 7.58781e-06 -3.7402e-05 0.0002466
2.67 7.58781e-06 -3.7402e-05 0.000256476
2.68 7.58781e-06 -3.7402e-05 0.000265298
2.69 7.58781e-06 -3.7402e-05 0.000273033
2.7 7.58781e-06 -3.7402e-05 0.000279649
2.71 7.58781e-06 -3.7402e-05 0.00028512
2.72 7.58781e-06 -3.7402e-05 0.000289426
2.73 7.58781e-06 -3.7402e-05 0.000292548
2.74 7.58781e-06 -3.7402e-05 0.000294475
2.75 7.58781e-06 -3.7402e-05 0.000295198
2.76 7.58781e-06 -3.7402e-05 0.000294716
2.77 7.58781e-06 -3.7402e-05 0.00029303
2.78 7.58781e-06 -3.7402e-05 0.000290146
2.79 7.58781e-06 -3.7402e-05 0.000286077
2.8 7.58781e-06 -3.7402e-05 0.000280837
2.81 7.58781e-06 -3.7402e-05 0.000274448
2.82 7.58781e-06 -3.7402e-05 0.000266936
2.83 7.58781e-06 -3.7402e-05 0.000258329
2.84 7.58781e-06 -3.7402e-05 0.000248661
2.85 7.58781e-06 -3.7402e-05 0.000237971
2.86 7.58781e-06 -3.7402e-05 0.000226301
2.87 7.58781e-06 -3.7402e-05 0.000213697
2.88 7.58781e-06 -3.7402e-05 0.000200209
2.89 7.58781e-06 -3.7402e-05 0.00018589
2.9 7.58781e-06 -3.7402e-05 0.000170796
2.91 7.58781e-06 -3.7402e-05 0.000154988
2.92 7.58781e-06 -3.7402e-05 0.000138526
2.93 7.58781e-06 -3.7402e-05 0.000121477
2.94 7.58781e-06 -3.7402e-05 0.000103908
2.95 7.58781e-06 -3.7402e-05 8.5888e-05
2.96 7.58781e-06 -3.7402e-05 6.74879e-05
2.97 7.58781e-06 -3.7402e-05 4.87806e-05
2.98 7.58781e-06 -3.7402e-05 2.98399e-05
2.99 7.58781e-06 -3.7402e-05 1.07405e-05
3 7.58781e-06 -3.7402e-05 -8.44223e-06
3.01 7.58781e-06 -3.7402e-05 -2.76325e-05
3.02 7.58781e-06 -3.7402e-05 -4.67546e-05
3.03 7.58781e-06 -3.7402e-05 -6.57332e-05
3.04 7.58781e-06 -3.7402e-05 -8.44932e-05
3.05 7.58781e-06 -3.7402e-05 -0.000102961
3.06 7.58781e-06 -3.7402e-05 -0.000121063
3.07 7.58781e-06 -3.7402e-05 -0.000138728
3.08 7.58781e-06 -3.7402e-05 -0.000155886
3.09 7.58781e-06 -3.7402e-05 -0.000172471
3.1 7.58781e-06 -3.7402e-05 -0.000188415
3.11 7.58781e-06 -3.7402e-05 -0.000203657
3.12 7.58781e-06 -3.7402e-05 -0.000218136
3.13 7.58781e-06 -3.7402e-05 -0.000231795
3.14 7.58781e-06 -3.7402e-05 -0.00024458
3.15 7.58781e-06 -3.7402e-05 -0.000256441
3.16 7.58781e-06 -3.7402e-05 -0.000267331
3.17 7.58781e-06 -3.7402e-05 -0.000277206
3.18 7.58781e-06 -3.7402e-05 -0.000286028
3.19 7.58781e-06 -3.7402e-05 -0.000293763
3.2 7.58781e-06 -3.7402e-05 -0.000300379
3.21 7.58781e-06 -3.7402e-05 -0.000305851
3.22 7.58781e-06 -3.7402e-05 -0.000310156
3.23 7.58781e-06 -3.7402e-05 -0.000313278
3.24 7.58781e-06 -3.7402e-05 -0.000315205
3.25 7.58781e-06 -3.7402e-05 -0.000315929
3.26 7.58781e-06 -3.7402e-05 -0.000315446
3.27 7.58781e-06 -3.7402e-05 -0.00031376
3.28 7.58781e-06 -3.7402e-05 -0.000310877
3.29 7.58781e-06 -3.7402e-05 -0.000306807
3.3 7.58781e-06 -3.7402e-05 -0.000301567
3.31 7.58781e-06 -3.7402e-05 -0.000295179
3.32 7.58781e-06 -3.7402e-05 -0.000287666
3.33 7.58781e-06 -3.7402e-05 -0.000279059
3.34 7.58781e-06 -3.7402e-05 -0.000269391
3.35 7.58781e-06 -3.7402e-05 -0.000258701
3.36 7.58781e-06 -3.7402e-05 -0.000247032
3.37 7.58781e-06 -3.7402e-05 -0.000234428
3.38 7.58781e-06 -3.7402e-05 -0.000220939
3.39 7.58781e-06 -3.7402e-05 -0.00020662
3.4 7.58781e-06 -3.7402e-05 -0.000191526
3.41 7.58781e-06 -3.7402e-05 -0.000175718
3.42 7.58781e-06 -3.7402e-05 -0.000159257
3.43 7.58781e-06 -3.7402e-05 -0.000142208
3.44 7.58781e-06 -3.7402e-05 -0.000124638
3.45 7.58781e-06 -3.7402e-05 -0.000106618
3.46 7.58781e-06 -3.7402e-05 -8.82182e-05
3.47 7.58781e-06 -3.7402e-05 -6.95109e-05
3.48 7.58781e-06 -3.7402e-05 -5.05701e-05
3.49 7.58781e-06 -3.7402e-05 -3.14707e-05
3.5 7.58781e-06 -3.7402e-05 -1.2288e-05
3.51 7.58781e-06 -3.7402e-05 6.90224e-06
3.52 7.58781e-06 -3.7402e-05 2.60244e-05
3.53 7.58781e-06 -3.7402e-05 4.50029e-05
3.54 7.58781e-06 -3.7402e-05 6.37629e-05
3.55 7.58781e-06 -3.7402e-05 8.22304e-05
3.56 7.58781e-06 -3.7402e-05 0.000100332
3.57 7.58781e-06 -3.7402e-05 0.000117998
3.58 7.58781e-06 -3.7402e-05 0.000135156
3.59 7.58781e-06 -3.7402e-05 0.00015174
3.6 7.58781e-06 -3.7402e-05 0.000167685
3.61 7.58781e-06 -3.7402e-05 0.000182927
3.62 7.58781e-06 -3.7402e-05 0.000197406
3.63 7.58781e-06 -3.7402e-05 0.000211065
3.64 7.58781e-06 -3.7402e-05 0.00022385
3.65 7.58781e-06 -3.7402e-05 0.000235711
3.66 7.58781e-06 -3.7402e-05 0.0002466
3.67 7.58781e-06 -3.7402e-05 0.000256476
3.68 7.58781e-06 -3.7402e-05 0.000265298
3.69 7.58781e-06 -3.7402e-05 0.000273033
3.7 7.58781e-06 -3.7402e-05 0.000279649
3.71 7.58781e-06 -3.7402e-05 0.00028512
3.72 7.58781e-06 -3.7402e-05 0.000289426
3.73 7.58781e-06 -3.7402e-05 0.000292548
3.74 7.58781e-06 -3.7402e-05 0.000294475
3.75 7.58781e-06 -3.7402e-05 0.000295198
3.76 7.58781e-06 -3.7402e-05 0.000294716
3.77 7.58781e-06 -3.7402e-05 0.00029303
3.78 7.58781e-06 -3.7402e-05 0.000290146
3.79 7.58781e-06 -3.7402e-05 0.000286077
3.8 7.58781e-06 -3.7402e-05 0.000280837
3.81 7.58781e-06 -3.7402e-05 0.000274448
3.82 7.58781e-06 -3.7402e-05 0.000266936
3.83 7.58781e-06 -3.7402e-05 0.000258329
3.84 7.58781e-06 -3.7402e-05 0.000248661
3.85 7.58781e-06 -3.7402e-05 0.000237971
3.86 7.58781e-06 -3.7402e-05 0.000226301
3.87 7.58781e-06 -3.7402e-05 0.000213697
3.88 7.58781e-06 -3.7402e-05 0.000200209
3.89 7.58781e-06 -3.7402e-05 0.00018589
3.9 7.58781e-06 -3.7402e-05 0.000170796
3.91 7.58781e-06 -3.7402e-05 0.000154988
3.92 7.58781e-06 -3.7402e-05 0.000138526
3.93 7.58781e-06 -3.7402e-05 0.000121477
3.94 7.58781e-06 -3.7402e-05 0.000103908
3.95 7.58781e-06 -3.7402e-05 8.5888e-05
3.96 7.58781e-06 -3.7402e-05 6.74879e-05
3.97 7.58781e-06 -3.7402e-05 4.87806e-05
3.98 7.58781e-06 -3.7402e-05 2.98399e-05
3.99 7.58781e-06 -3.7402e-05 1.07405e-05
4 7.58781e-06 -3.7402e-05 -8.44223e-06
4.01 7.58781e-06 -3.7402e-05 -2.76325e-05
4.02 7.58781e-06 -3.7402e-05 -4.67546e-05
4.03 7.58781e-06 -3.7402e-05 -6.57332e-05
4.04 7.58781e-06 -3.7402e-05 -8.44932e-05
4.05 7.58781e-06 -3.7402e-05 -0.000102961
4.06 7.58781e-06 -3.7402e-05 -0.000121063
4.07 7.58781e-06 -3.7402e-05 -0.000138728
4.08 7.58781e-06 -3.7402e-05 -0.000155886
4.09 7.58781e-06 -3.7402e-05 -0.000172471
4.1 7.58781e-06 -3.7402e-05 -0.000188415
4.11 7.58781e-06 -3.7402e-05 -0.000203657
4.12 7.58781e-06 -3.7402e-05 -0.000218136
4.13 7.58781e-06 -3.7402e-05 -0.000231795
4.14 7.58781e-06 -3.7402e-05 -0.00024458
4.15 7.58781e-06 -3.7402e-05 -0.000256441
4.16 7.58781e-06 -3.7402e-05 -0.000267331
4.17 7.58781e-06 -3.7402e-05 -0.000277206
4.18 7.58781e-06 -3.7402e-05 -0.000286028
4.19 7.58781e-06 -3.7402e-05 -0.000293763
4.2 7.58781e-06 -3.7402e-05 -0.000300379
4.21 7.58781e-06 -3.7402e-05 -0.000305851
4.22 7.58781e-06 -3.7402e-05 -0.000310156
4.23 7.58781e-06 -3.7402e-05 -0.000313278
4.24 7.58781e-06 -3.7402e-05 -0.000315205
4.25 7.58781e-06 -3.7402e-05 -0.000315929
4.26 7.58781e-06 -3.7402e-05 -0.000315446
4.27 7.58781e-06 -3.7402e-05 -0.00031376
4.28 7.58781e-06 -3.7402e-05 -0.000310877
4.29 7.58781e-06 -3.7402e-05 -0.000306807
4.3 7.58781e-06 -3.7402e-05 -0.000301567
4.31 7.58781e-06 -3.7402e-05 -0.000295179
4.32 7.58781e-06 -3.7402e-05 -0.000287666
4.33 7.58781e-06 -3.7402e-05 -0.000279059
4.34 7.58781e-06 -3.7402e-05 -0.000269391
4.35 7.58781e-06 -3.7402e-05 -0.000258701
4.36 7.58781e-06 -3.7402e-05 -0.000247032
4.37 7.58781e-06 -3.7402e-05 -0.000234428
4.38 7.58781e-06 -3.7402e-05 -0.000220939
4.39 7.58781e-06 -3.7402e-05 -0.00020662
4.4 7.58781e-06 -3.7402e-05 -0.000191526
4.41 7.58781e-06 -3.7402e-05 -0.000175718
4.42 7.58781e-06 -3.7402e-05 -0.000159257
4.43 7.58781e-06 -3.7402e-05 -0.000142208
4.44 7.58781e-06 -3.7402e-05 -0.000124638
4.45 7.58781e-06 -3.7402e-05 -0.000106618
4.46 7.58781e-06 -3.7402e-05 -8.82182e-05
4.47 7.58781e-06 -3.7402e-05 -6.95109e-05
4.48 7.58781e-06 -3.7402e-05 -5.05701e-05
4.49 7.58781e-06 -3.7402e-05 -3.14707e-05
4.5 7.58781e-06 -3.7402e-05 -1.2288e-05
4.51 7.58781e-06 -3.7402e-05 6.90224e-06
4.52 7.58781e-06 -3.7402e-05 2.60244e-05
4.53 7.58781e-06 -3.7402e-05 4.50029e-05
4.54 7.58781e-06 -3.7402e-05 6.37629e-05
4.55 7.58781e-06 -3.7402e-05 8.22304e-05
4.56 7.58781e-06 -3.7402e-05 0.000100332
4.57 7.58781e-06 -3.7402e-05 0.000117998
4.58 7.58781e-06 -3.7402e-05 0.000135156
4.59 7.58781e-06 -3.7402e-05 0.00015174
4.6 7.58781e-06 -3.7402e-05 0.000167685
4.61 7.58781e-06 -3.7402e-05 0.000182927
4.62 7.58781e-06 -3.7402e-05 0.000197406
4.63 7.58781e-06 -3.7402e-05 0.000211065
4.64 7.58781e-06 -3.7402e-05 0.00022385
4.65 7.58781e-06 -3.7402e-05 0.000235711
4.66 7.58781e-06 -3.7402e-05 0.0002466
4.67 7.58781e-06 -3.7402e-05 0.000256476
4.68 7.58781e-06 -3.7402e-05 0.000265298
4.69 7.58781e-06 -3.7402e-05 0.000273033
4.7 7.58781e-06 -3.7402e-05 0.000279649
4.71 7.58781e-06 -3.7402e-05 0.00028512
4.72 7.58781e-06 -3.7402e-05 0.000289426
4.73 7.58781e-06 -3.7402e-05 0.000292548
4.74 7.58781e-06 -3.7402e-05 0.000294475
4.75 7.58781e-06 -3.7402e-05 0.000295198
4.76 7.58781e-06 -3.7402e-05 0.000294716
4.77 7.58781e-06 -3.7402e-05 0.00029303
4.78 7.58781e-06 -3.7402e-05 0.000290146
4.79 7.58781e-06 -3.7402e-05 0.000286077
4.8 7.58781e-06 -3.7402e-05 0.000280837
4.81 7.58781e-06 -3.7402e-05 0.000274448
4.82 7.58781e-06 -3.7402e-05 0.000266936
4.83 7.58781e-06 -3.7402e-05 0.000258329
4.84 7.58781e-06 -3.7402e-05 0.000248661
4.85 7.58781e-06 -3.7402e-05 0.000237971
4.86 7.58781e-06 -3.7402e-05 0.000226301
4.87 7.58781e-06 -3.7402e-05 0.000213697
4.88 7.58781e-06 -3.7402e-05 0.000200209
4.89 7.58781e-06 -3.7402e-05 0.00018589
4.9 7.58781e-06 -3.7402e-05 0.000170796
4.91 7.58781e-06 -3.7402e-05 0.000154988
4.92 7.58781e-06 -3.7402e-05 0.000138526
4.93 7.58781e-06 -3.7402e-05 0.000121477
4.94 7.58781e-06 -3.7402e-05 0.000103908
4.95 7.58781e-06 -3.7402e-05 8.5888e-05
4.96 7.58781e-06 -3.7402e-05 6.74879e-05
4.97 7.58781e-06 -3.7402e-05 4.87806e-05
4.98 7.58781e-06 -3.7402e-05 2.98399e-05
4.99 7.58781e-06 -3.7402e-05 1.07405e-05
5 7.58781e-06 -3.7402e-05 -8.44223e-06
5.01 7.58781e-06 -3.7402e-05 -2.76325e-05
5.02 7.58781e-06 -3.7402e-05 -4.67546e-05
5.03 7.58781e-06 -3.7402e-05 -6.57332e-05
5.04 7.58781e-06 -3.7402e-05 -8.44932e-05
5.05 7.58781e-06 -3.7402e-05 -0.000102961
5.06 7.58781e-06 -3.7402e-05 -0.000121063
5.07 7.58781e-06 -3.7402e-05 -0.000138728
5.08 7.58781e-06 -3.7402e-05 -0.000155886
5.09 7.58781e-06 -3.7402e-05 -0.000172471
5.1 7.58781e-06 -3.7402e-05 -0.000188415
5.11 7.58781e-06 -3.7402e-05 -0.000203657
5.12 7.58781e-06 -3.7402e-05 -0.000218136
5.13 7.58781e-06 -3.7402e-05 -0.000231795
5.14 7.58781e-06 -3.7402e-05 -0.00024458
5.15 7.58781e-06 -3.7402e-05 -0.000256441
5.16 7.58781e-06 -3.7402e-05 -0.000267331
5.17 7.58781e-06 -3.7402e-05 -0.000277206
5.18 7.58781e-06 -3.7402e-05 -0.000286028
5.19 7.58781e-06 -3.7402e-05 -0.000293763
5.2 7.58781e-06 -3.7402e-05 -0.000300379
5.21 7.58781e-06 -3.7402e-05 -0.000305851
5.22 7.58781e-06 -3.7402e-05 -0.000310156
5.23 7.58781e-06 -3.7402e-05 -0.000313278
5.24 7.58781e-06 -3.7402e-05 -0.000315205
5.25 7.58781e-06 -3.7402e-05 -0.000315929
5.26 7.58781e-06 -3.7402e-05 -0.000315446
5.27 7.58781e-06 -3.7402e-05 -0.00031376
5.28 7.58781e-06 -3.7402e-05 -0.000310877
5.29 7.58781e-06 -3.7402e-05 -0.000306807
5.3 7.58781e-06 -3.7402e-05 -0.000301567
5.31 7.58781e-06 -3.7402e-05 -0.000295179
5.32 7.58781e-06 -3.7402e-05 -0.000287666
5.33 7.58781e-06 -3.7402e-05 -0.000279059
5.34 7.58781e-06 -3.7402e-05 -0.000269391
5.35 7.58781e-06 -3.7402e-05 -0.000258701
5.36 7.58781e-06 -3.7402e-05 -0.000247032
5.37 7.58781e-06 -3.7402e-05 -0.000234428
5.38 7.58781e-06 -3.7402e-05 -0.000220939
5.39 7.58781e-06 -3.7402e-05 -0.00020662
5.4 7.58781e-06 -3.7402e-05 -0.000191526
5.41 7.58781e-06 -3.7402e-05 -0.000175718
5.42 7.58781e-06 -3.7402e-05 -0.000159257
5.43 7.58781e-06 -3.7402e-05 -0.000142208
5.44 7.58781e-06 -3.7402e-05 -0.000124638
5.45 7.58781e-06 -3.7402e-05 -0.000106618
5.46 7.58781e-06 -3.7402e-05 -8.82182e-05
5.47 7.58781e-06 -3.7402e-05 -6.95109e-05
5.48 7.58781e-06 -3.7402e-05 -5.05701e-05
5.49 7.58781e-06 -3.7402e-05 -3.14707e-05
5.5 7.58781e-06 -3.7402e-05 -1.2288e-05
5.51 7.58781e-06 -3.7402e-05 6.90224e-06
5.52 7.58781e-06 -3.7402e-05 2.60244e-05
5.53 7.58781e-06 -3.7402e-05 4.50029e-05
5.54 7.58781e-06 -3.7402e-05 6.37629e-05
5.55 7.58781e-06 -3.7402e-05 8.22304e-05
5.56 7.58781e-06 -3.7402e-05 0.000100332
5.57 7.58781e-06 -3.7402e-05 0.000117998
5.58 7.58781e-06 -3.7402e-05 0.000135156
5.59 7.58781e-06 -3.7402e-05 0.00015174
5.6 7.58781e-06 -3.7402e-05 0.000167685
5.61 7.58781e-06 -3.7402e-05 0.000182927
5.62 7.58781e-06 -3.7402e-05 0.000197406
5.63 7.58781e-06 -3.7402e-05 0.000211065
5.64 7.58781e-06 -3.7402e-05 0.00022385
5.65 7.58781e-06 -3.7402e-05 0.000235711
5.66 7.58781e-06 -3.7402e-05 0.0002466
5.67 7.58781e-06 -3.7402e-05 0.000256476
5.68 7.58781e-06 -3.7402e-05 0.000265298
5.69 7.58781e-06 -3.7402e-05 0.000273033
5.7 7.58781e-06 -3.7402e-05 0.000279649
5.71 7.58781e-06 -3.7402e-05 0.00028512
5.72 7.58781e-06 -3.7402e-05 0.000289426
5.73 7.58781e-06 -3.7402e-05 0.000292548
5.74 7.58781e-06 -3.7402e-05 0.000294475
5.75 7.58781e-06 -3.7402e-05 0.000295198
5.76 7.58781e-06 -3.7402e-05 0.000294716
5.77 7.58781e-06 -3.7402e-05 0.00029303
5.78 7.58781e-06 -3.7402e-05 0.000290146
5.79 7.58781e-06 -3.7402e-05 0.000286077
5.8 7.58781e-06 -3.7402e-05 0.000280837
5.81 7.58781e-06 -3.7402e-05 0.000274448
5.82 7.58781e-06 -3.7402e-05 0.000266936
5.83 7.58781e-06 -3.7402e-05 0.000258329
5.84 7.58781e-06 -3.7402e-05 0.000248661
5.85 7.58781e-06 -3.7402e-05 0.000237971
5.86 7.58781e-06 -3.7402e-05 0.000226301
5.87 7.58781e-06 -3.7402e-05 0.000213697
5.88 7.58781e-06 -3.7402e-05 0.000200209
5.89 7.58781e-06 -3.7402e-05 0.00018589
5.9 7.58781e-06 -3.7402e-05 0.000170796
5.91 7.58781e-06 -3.7402e-05 0.000154988
5.92 7.58781e-06 -3.7402e-05 0.000138526
5.93 7.58781e-06 -3.7402e-05 0.000121477
5.94 7.58781e-06 -3.7402e-05 0.000103908
5.95 7.58781e-06 -3.7402e-05 8.5888e-05
5.96 7.58781e-06 -3.7402e-05 6.74879e-05
5.97 7.58781e-06 -3.7402e-05 4.87806e-05
5.98 7.58781e-06 -3.7402e-05 2.98399e-05
5.99 7.58781e-06 -3.7402e-05 1.07405e-05
6 7.58781e-06 -3.7402e-05 -8.44223e-06
6.01 7.58781e-06 -3.7402e-05 -2.76325e-05
6.02 7.58781e-06 -3.7402e-05 -4.67546e-05
6.03 7.58781e-06 -3.7402e-05 -6.57332e-05
6.04 7.58781e-06 -3.7402e-05 -8.44932e-05
6.05 7.58781e-06 -3.7402e-05 -0.000102961
6.06 7.58781e-06 -3.7402e-05 -0.000121063
6.07 7.58781e-06 -3.7402e-05 -0.000138728
6.08 7.58781e-06 -3.7402e-05 -0.000155886
6.09 7.58781e-06 -3.7402e-05 -0.000172471
6.1 7.58781e-06 -3.7402e-05 -0.000188415
6.11 7.58781e-06 -3.7402e-05 -0.000203657
6.12 7.58781e-06 -3.7402e-05 -0.000218136
6.13 7.58781e-06 -3.7402e-05 -0.000231795
6.14 7.58781e-06 -3.7402e-05 -0.00024458
6.15 7.58781e-06 -3.7402e-05 -0.000256441
6.16 7.58781e-06 -3.7402e-05 -0.000267331
6.17 7.58781e-06 -3.7402e-05 -0.000277206
6.18 7.58781e-06 -3.7402e-05 -0.000286028
6.19 7.58781e-06 -3.7402e-05 -0.000293763
6.2 7.58781e-06 -3.7402e-05 -0.000300379
6.21 7.58781e-06 -3.7402e-05 -0.000305851
6.22 7.58781e-06 -3.7402e-05 -0.000310156
6.23 7.58781e-06 -3.7402e-05 -0.000313278
6.24 7.58781e-06 -3.7402e-05 -0.000315205
6.25 7.58781e-06 -3.7402e-05 -0.000315929
6.26 7.58781e-06 -3.7402e-05 -0.000315446
6.27 7.58781e-06 -3.7402e-05 -0.00031376
6.28 7.58781e-06 -3.7402e-05 -0.000310877
6.29 7.58781e-06 -3.7402e-05 -0.000306807
6.3 7.58781e-06 -3.7402e-05 -0.000301567
6.31 7.58781e-06 -3.7402e-05 -0.000295179
6.32 7.58781e-06 -3.7402e-05 -0.000287666
6.33 7.58781e-06 -3.7402e-05 -0.000279059
6.34 7.58781e-06 -3.7402e-05 -0.000269391
6.35 7.58781e-06 -3.7402e-05 -0.000258701
6.36 7.58781e-06 -3.7402e-05 -0.000247032
6.37 7.58781e-06 -3.7402e-05 -0.000234428
6.38 7.58781e-06 -3.7402e-05 -0.000220939
6.39 7.58781e-06 -3.7402e-05 -0.00020662
6.4 7.58781e-06 -3.7402e-05 -0.000191526
6.41 7.58781e-06 -3.7402e-05 -0.000175718
6.42 7.58781e-06 -3.7402e-05 -0.000159257
6.43 7.58781e-06 -3.7402e-05 -0.000142208
6.44 7.58781e-06 -3.7402e-05 -0.000124638
6.45 7.58781e-06 -3.7402e-05 -0.000106618
6.46 7.58781e-06 -3.7402e-05 -8.82182e-05
6.47 7.58781e-06 -3.7402e-05 -6.95109e-05
6.48 7.58781e-06 -3.7402e-05 -5.05701e-05
6.49 7.58781e-06 -3.7402e-05 -3.14707e-05
6.5 7.58781e-06 -3.7402e-05 -1.2288e-05
6.51 7.58781e-06 -3.7402e-05 6.90224e-06
6.52 7.58781e-06 -3.7402e-05 2.60244e-05
6.53 7.58781e-06 -3.7402e-05 4.50029e-05
6.54 7.58781e-06 -3.7402e-05 6.37629e-05
6.55 7.58781e-06 -3.7402e-05 8.22304e-05
6.56 7.58781e-06 -3.7402e-05 0.000100332
6.57 7.58781e-06 -3.7402e-05 0.000117998
6.58 7.58781e-06 -3.7402e-05 0.000135156
6.59 7.58781e-06 -3.7402e-05 0.00015174
6.6 7.58781e-06 -3.7402e-05 0.000167685
6.61 7.58781e-06 -3.7402e-05 0.000182927
6.62 7.58781e-06 -3.7402e-05 0.000197406
6.63 7.58781e-06 -3.7402e-05 0.000211065
6.64 7.58781e-06 -3.7402e-05 0.00022385
6.65 7.58781e-06 -3.7402e-05 0.000235711
6.66 7.58781e-06 -3.7402e-05 0.0002466
6.67 7.58781e-06 -3.7402e-05 0.000256476
6.68 7.58781e-06 -3.7402e-05 0.000265298
6.69 7.58781e-06 -3.7402e-05 0.000273033
6.7 7.58781e-06 -3.7402e-05 0.000279649
6.71 7.58781e-06 -3.7402e-05 0.00028512
6.72 7.58781e-06 -3.7402e-05 0.000289426
6.73 7.58781e-06 -3.7402e-05 0.000292548
6.74 7.58781e-06 -3.7402e-05 0.000294475
6.75 7.58781e-06 -3.7402e-05 0.000295198
6.76 7.58781e-06 -3.7402e-05 0.000294716
6.77 7.58781e-06 -3.7402e-05 0.00029303
6.78 7.58781e-06 -3.7402e-05 0.000290146
6.79 7.58781e-06 -3.7402e-05 0.000286077
6.8 7.58781e-06 -3.7402e-05 0.000280837
6.81 7.58781e-06 -3.7402e-05 0.000274448
6.82 7.58781e-06 -3.7402e-05 0.000266936
6.83 7.58781e-06 -3.7402e-05 0.000258329
6.84 7.58781e-06 -3.7402e-05 0.000248661
6.85 7.58781e-06 -3.7402e-05 0.000237971
6.86 7.58781e-06 -3.7402e-05 0.000226301
6.87 7.58781e-06 -3.7402e-05 0.000213697
6.88 7.58781e-06 -3.7402e-05 0.000200209
6.89 7.58781e-06 -3.7402e-05 0.00018589
6.9 7.58781e-06 -3.7402e-05 0.000170796
6.91 7.58781e-06 -3.7402e-05 0.000154988
6.92 7.58781e-06 -3.7402e-05 0.000138526
6.93 7.58781e-06 -3.7402e-05 0.000121477
6.94 7.58781e-06 -3.7402e-05 0.000103908
6.95 7.58781e-06 -3.7402e-05 8.5888e-05
6.96 7.58781e-06 -3.7402e-05 6.74879e-05
6.97 7.58781e-06 -3.7402e-05 4.87806e-05
6.98 7.58781e-06 -3.7402e-05 2.98399e-05
6.99 7.58781e-06 -3.7402e-05 1.07405e-05
7 7.58781e-06 -3.7402e-05 -8.44223e-06
7.01 7.58781e-06 -3.7402e-05 -2.76325e-05
7.02 7.58781e-06 -3.7402e-05 -4.67546e-05
7.03 7.58781e-06 -3.7402e-05 -6.57332e-05
7.04 7.58781e-06 -3.7402e-05 -8.44932e-05
7.05 7.58781e-06 -3.7402e-05 -0.000102961
7.06 7.58781e-06 -3.7402e-05 -0.000121063
7.07 7.58781e-06 -3.7402e-05 -0.000138728
7.08 7.58781e-06 -3.7402e-05 -0.000155886
7.09 7.58781e-06 -3.7402e-05 -0.000172471
7.1 7.58781e-06 -3.7402e-05 -0.000188415
7.11 7.58781e-06 -3.7402e-05 -0.000203657
7.12 7.58781e-06 -3.7402e-05 -0.000218136
7.13 7.58781e-06 -3.7402e-05 -0.000231795
7.14 7.58781e-06 -3.7402e-05 -0.00024458
7.15 7.58781e-06 -3.7402e-05 -0.000256441
7.16 7.58781e-06 -3.7402e-05 -0.000267331
7.17 7.58781e-06 -3.7402e-05 -0.000277206
7.18 7.58781e-06 -3.7402e-05 -0.000286028
7.19 7.58781e-06 -3.7402e-05 -0.000293763
7.2 7.58781e-06 -3.7402e-05 -0.000300379
7.21 7.58781e-06 -3.7402e-05 -0.000305851
7.22 7.58781e-06 -3.7402e-05 -0.000310156
7.23 7.58781e-06 -3.7402e-05 -0.000313278
7.24 7.58781e-06 -3.7402e-05 -0.000315205
7.25 7.58781e-06 -3.7402e-05 -0.000315929
7.26 7.58781e-06 -3.7402e-05 -0.000315446
7.27 7.58781e-06 -3.7402e-05 -0.00031376
7.28 7.58781e-06 -3.7402e-05 -0.000310877
7.29 7.58781e-06 -3.7402e-05 -0.000306807
7.3 7.58781e-06 -3.7402e-05 -0.000301567
7.31 7.58781e-06 -3.7402e-05 -0.000295179
7.32 7.58781e-06 -3.7402e-05 -0.000287666
7.33 7.58781e-06 -3.7402e-05 -0.000279059
7.34 7.58781e-06 -3.7402e-05 -0.000269391
7.35 7.58781e-06 -3.7402e-05 -0.000258701
7.36 7.58781e-06 -3.7402e-05 -0.000247032
7.37 7.58781e-06 -3.7402e-05 -0.000234428
7.38 7.58781e-06 -3.7402e-05 -0.000220939
7.39 7.58781e-06 -3.7402e-05 -0.00020662
7.4 7.58781e-06 -3.7402e-05 -0.000191526
7.41 7.58781e-06 -3.7402e-05 -0.000175718
7.42 7.58781e-06 -3.7402e-05 -0.000159257
7.43 7.58781e-06 -3.7402e-05 -0.000142208
7.44 7.58781e-06 -3.7402e-05 -0.000124638
7.45 7.58781e-06 -3.7402e-05 -0.000106618
7.46 7.58781e-06 -3.7402e-05 -8.82182e-05
7.47 7.58781e-06 -3.7402e-05 -6.95109e-05
7.48 7.58781e-06 -3.7402e-05 -5.05701e-05
7.49 7.58781e-06 -3.7402e-05 -3.14707e-05
7.5 7.58781e-06 -3.7402e-05 -1.2288e-05
7.51 7.58781e-06 -3.7402e-05 6.90224e-06
7.52 7.58781e-06 -3.7402e-05 2.60244e-05
7.53 7.58781e-06 -3.7402e-05 4.50029e-05
7.54 7.58781e-06 -3.7402e-05 6.37629e-05
7.55 7.58781e-06 -3.7402e-05 8.22304e-05
7.56 7.58781e-06 -3.7402e-05 0.000100332
7.57 7.58781e-06 -3.7402e-05 0.000117998
7.58 7.58781e-06 -3.7402e-05 0.000135156
7.59 7.58781e-06 -3.7402e-05 0.00015174
7.6 7.58781e-06 -3.7402e-05 0.000167685
7.61 7.58781e-06 -3.7402e-05 0.000182927
7.62 7.58781e-06 -3.7402e-05 0.000197406
7.63 7.58781e-06 -3.7402e-05 0.000211065
7.64 7.58781e-06 -3.7402e-05 0.00022385
7.65 7.58781e-06 -3.7402e-05 0.000235711
7.66 7.58781e-06 -3.7402e-05 0.0002466
7.67 7.58781e-06 -3.7402e-05 0.000256476
7.68 7.58781e-06 -3.7402e-05 0.000265298
7.69 7.58781e-06 -3.7402e-05 0.000273033
7.7 7.58781e-06 -3.7402e-05 0.000279649
7.71 7.58781e-06 -3.7402e-05 0.00028512
7.72 7.58781e-06 -3.7402e-05 0.000289426
7.73 7.58781e-06 -3.7402e-05 0.000292548
7.74 7.58781e-06 -3.7402e-05 0.000294475
7.75 7.58781e-06 -3.7402e-05 0.000295198
7.76 7.58781e-06 -3.7402e-05 0.000294716
7.77 7.58781e-06 -3.7402e-05 0.00029303
7.78 7.58781e-06 -3.7402e-05 0.000290146
7.79 7.58781e-06 -3.7402e-05 0.000286077
7.8 7.58781e-06 -3.7402e-05 0.000280837
7.81 7.58781e-06 -3.7402e-05 0.000274448
7.82 7.58781e-06 -3.7402e-05 0.000266936
7.83 7.58781e-06 -3.7402e-05 0.000258329
7.84 7.58781e-06 -3.7402e-05 0.000248661
7.85 7.58781e-06 -3.7402e-05 0.000237971
7.86 7.58781e-06 -3.7402e-05 0.000226301
7.87 7.58781e-06 -3.7402e-05 0.000213697
7.88 7.58781e-06 -3.7402e-05 0.000200209
7.89 7.58781e-06 -3.7402e-05 0.00018589
7.9 7.58781e-06 -3.7402e-05 0.000170796
7.91 7.58781e-06 -3.7402e-05 0.000154988
7.92 7.58781e-06 -3.7402e-05 0.000138526
7.93 7.58781e-06 -3.7402e-05 0.000121477
7.94 7.58781e-06 -3.7402e-05 0.000103908
7.95 7.58781e-06 -3.7402e-05 8.5888e-05
7.96 7.58781e-06 -3.7402e-05 6.74879e-05
7.97 7.58781e-06 -3.7402e-05 4.87806e-05
7.98 7.58781e-06 -3.7402e-05 2.98399e-05
7.99 7.58781e-06 -3.7402e-05 1.07405e-05
8 7.58781e-06 -3.7402e-05 -8.44223e-06
8.01 7.58781e-06 -3.7402e-05 -2.76325e-05
8.02 7.58781e-06 -3.7402e-05 -4.67546e-05
8.03 7.58781e-06 -3.7402e-05 -6.57332e-05
8.04 7.58781e-06 -3.7402e-05 -8.44932e-05
8.05 7.58781e-06 -3.7402e-05 -0.000102961
8.06 7.58781e-06 -3.7402e-05 -0.000121063
8.07 7.58781e-06 -3.7402e-05 -0.000138728
8.08 7.58781e-06 -3.7402e-05 -0.000155886
8.09 7.58781e-06 -3.7402e-05 -0.000172471
8.1 7.58781e-06 -3.7402e-05 -0.000188415
8.11 7.58781e-06 -3.7402e-05 -0.000203657
8.12 7.58781e-06 -3.7402e-05 -0.000218136
8.13 7.58781e-06 -3.7402e-05 -0.000231795
8.14 7.58781e-06 -3.7402e-05 -0.00024458
8.15 7.58781e-06 -3.7402e-05 -0.000256441
8.16 7.58781e-06 -3.7402e-05 -0.000267331
8.17 7.58781e-06 -3.7402e-05 -0.000277206
8.18 7.58781e-06 -3.7402e-05 -0.000286028
8.19 7.58781e-06 -3.7402e-05 -0.000293763
8.2 7.58781e-06 -3.7402e-05 -0.000300379
8.21 7.58781e-06 -3.7402e-05 -0.000305851
8.22 7.58781e-06 -3.7402e-05 -0.000310156
8.23 7.58781e-06 -3.7402e-05 -0.000313278
8.24 7.58781e-06 -3.7402e-05 -0.000315205
8.25 7.58781e-06 -3.7402e-05 -0.000315929
8.26 7.58781e-06 -3.7402e-05 -0.000315446
8.27 7.58781e-06 -3.7402e-05 -0.00031376
8.28 7.58781e-06 -3.7402e-05 -0.000310877
8.29 7.58781e-06 -3.7402e-05 -0.000306807
8.3 7.58781e-06 -3.7402e-05 -0.000301567
8.31 7.58781e-06 -3.7402e-05 -0.000295179
8.32 7.58781e-06 -3.7402e-05 -0.000287666
8.33 7.58781e-06 -3.7402e-05 -0.000279059
8.34 7.58781e-06 -3.7402e-05 -0.000269391
8.35 7.58781e-06 -3.7402e-05 -0.000258701
8.36 7.58781e-06 -3.7402e-05 -0.000247032
8.37 7.58781e-06 -3.7402e-05 -0.000234428
8.38 7.58781e-06 -3.7402e-05 -0.000220939
8.39 7.58781e-06 -3.7402e-05 -0.00020662
8.4 7.58781e-06 -3.7402e-05 -0.000191526
8.41 7.58781e-06 -3.7402e-05 -0.000175718
8.42 7.58781e-06 -3.7402e-05 -0.000159257
8.43 7.58781e-06 -3.7402e-05 -0.000142208
8.44 7.58781e-06 -3.7402e-05 -0.000124638
8.45 7.58781e-06 -3.7402e-05 -0.000106618
8.46 7.58781e-06 -3.7402e-05 -8.82182e-05
8.47 7.58781e-06 -3.7402e-05 -6.95109e-05
8.48 7.58781e-06 -3.7402e-05 -5.05701e-05
8.49 7.58781e-06 -3.7402e-05 -3.14707e-05
8.5 7.58781e-06 -3.7402e-05 -1.2288e-05
8.51 7.58781e-06 -3.7402e-05 6.90224e-06
8.52 7.58781e-06 -3.7402e-05 2.60244e-05
8.53 7.58781e-06 -3.7402e-05 4.50029e-05
8.54 7.58781e-06 -3.7402e-05 6.37629e-05
8.55 7.58781e-06 -3.7402e-05 8.22304e-05
8.56 7.58781e-06 -3.7402e-05 0.000100332
8.57 7.58781e-06 -3.7402e-05 0.000117998
8.58 7.58781e-06 -3.7402e-05 0.000135156
8.59 7.58781e-06 -3.7402e-05 0.00015174
8.6 7.58781e-06 -3.7402e-05 0.000167685
8.61 7.58781e-06 -3.7402e-05 0.000182927
8.62 7.58781e-06 -3.7402e-05 0.000197406
8.63 7.58781e-06 -3.7402e-05 0.000211065
8.64 7.58781e-06 -3.7402e-05 0.00022385
8.65 7.58781e-06 -3.7402e-05 0.000235711
8.66 7.58781e-06 -3.7402e-05 0.0002466
8.67 7.58781e-06 -3.7402e-05 0.000256476
8.68 7.58781e-06 -3.7402e-05 0.000265298
8.69 7.58781e-06 -3.7402e-05 0.000273033
8.7 7.58781e-06 -3.7402e-05 0.000279649
8.71 7.58781e-06 -3.7402e-05 0.00028512
8.72 7.58781e-06 -3.7402e-05 0.000289426
8.73 7.58781e-06 -3.7402e-05 0.000292548
8.74 7.58781e-06 -3.7402e-05 0.000294475
8.75 7.58781e-06 -3.7402e-05 0.000295198
8.76 7.58781e-06 -3.7402e-05 0.000294716
8.77 7.58781e-06 -3.7402e-05 0.00029303
8.78 7.58781e-06 -3.7402e-05 0.000290146
8.79 7.58781e-06 -3.7402e-05 0.000286077
8.8 7.58781e-06 -3.7402e-05 0.000280837
8.81 7.58781e-06 -3.7402e-05 0.000274448
8.82 7.58781e-06 -3.7402e-05 0.000266936
8.83 7.58781e-06 -3.7402e-05 0.000258329
8.84 7.58781e-06 -3.7402e-05 0.000248661
8.85 7.58781e-06 -3.7402e-05 0.000237971
8.86 7.58781e-06 -3.7402e-05 0.000226301
8.87 7.58781e-06 -3.7402e-05 0.000213697
8.88 7.58781e-06 -3.7402e-05 0.000200209
8.89 7.58781e-06 -3.7402e-05 0.00018589
8.9 7.58781e-06 -3.7402e-05 0.000170796
8.91 7.58781e-06 -3.7402e-05 0.000154988
8.92 7.58781e-06 -3.7402e-05 0.000138526
8.93 7.58781e-06 -3.7402e-05 0.000121477
8.94 7.58781e-06 -3.7402e-05 0.000103908
8.95 7.58781e-06 -3.7402e-05 8.5888e-05
8.96 7.58781e-06 -3.7402e-05 6.74879e-05
8.97 7.58781e-06 -3.7402e-05 4.87806e-05
8.98 7.58781e-06 -3.7402e-05 2.98399e-05
8.99 7.58781e-06 -3.7402e-05 1.07405e-05
9 7.58781e-06 -3.7402e-05 -8.44223e-06
9.01 7.58781e-06 -3.7402e-05 -2.76325e-05
9.02 7.58781e-06 -3.7402e-05 -4.67546e-05
9.03 7.58781e-06 -3.7402e-05 -6.57332e-05
9.04 7.58781e-06 -3.7402e-05 -8.44932e-05
9.05 7.58781e-06 -3.7402e-05 -0.000102961
9.06 7.58781e-06 -3.7402e-05 -0.000121063
9.07 7.58781e-06 -3.7402e-05 -0.000138728
9.08 7.58781e-06 -3.7402e-05 -0.000155886
9.09 7.58781e-06 -3.7402e-05 -0.000172471
9.1 7.58781e-06 -3.7402e-05 -0.000188415
9.11 7.58781e-06 -3.7402e-05 -0.000203657
9.12 7.58781e-06 -3.7402e-05 -0.000218136
9.13 7.58781e-06 -3.7402e-05 -0.000231795
9.14 7.58781e-06 -3.7402e-05 -0.00024458
9.15 7.58781e-06 -3.7402e-05 -0.000256441
9.16 7.58781e-06 -3.7402e-05 -0.000267331
9.17 7.58781e-06 -3.7402e-05 -0.000277206
9.18 7.58781e-06 -3.7402e-05 -0.000286028
9.19 7.58781e-06 -3.7402e-05 -0.000293763
9.2 7.58781e-06 -3.7402e-05 -0.000300379
9.21 7.58781e-06 -3.7402e-05 -0.000305851
9.22 7.58781e-06 -3.7402e-05 -0.000310156
9.23 7.58781e-06 -3.7402e-05 -0.000313278
9.24 7.58781e-06 -3.7402e-05 -0.000315205
9.25 7.58781e-06 -3.7402e-05 -0.000315929
9.26 7.58781e-06 -3.7402e-05 -0.000315446
9.27 7.58781e-06 -3.7402e-05 -0.00031376
9.28 7.58781e-06 -3.7402e-05 -0.000310877
9.29 7.58781e-06 -3.7402e-05 -0.000306807
9.3 7.58781e-06 -3.7402e-05 -0.000301567
9.31 7.58781e-06 -3.7402e-05 -0.000295179
9.32 7.58781e-06 -3.7402e-05 -0.000287666
9.33 7.58781e-06 -3.7402e-05 -0.000279059
9.34 7.58781e-06 -3.7402e-05 -0.000269391
9.35 7.58781e-06 -3.7402e-05 -0.000258701
9.36 7.58781e-06 -3.7402e-05 -0.000247032
9.37 7.58781e-06 -3.7402e-05 -0.000234428
9.38 7.58781e-06 -3.7402e-05 -0.000220939
9.39 7.58781e-06 -3.7402e-05 -0.00020662
9.4 7.58781e-06 -3.7402e-05 -0.000191526
9.41 7.58781e-06 -3.7402e-05 -0.000175718
9.42 7.58781e-06 -3.7402e-05 -0.000159257
9.43 7.58781e-06 -3.7402e-05 -0.000142208
9.44 7.58781e-06 -3.7402e-05 -0.000124638
9.45 7.58781e-06 -3.7402e-05 -0.000106618
9.46 7.58781e-06 -3.7402e-05 -8.82182e-05
9.47 7.58781e-06 -3.7402e-05 -6.95109e-05
9.48 7.58781e-06 -3.7402e-05 -5.05701e-05
9.49 7.58781e-06 -3.7402e-05 -3.14707e-05
9.5 7.58781e-06 -3.7402e-05 -1.2288e-05
9.51 7.58781e-06 -3.7402e-05 6.90224e-06
9.52 7.58781e-06 -3.7402e-05 2.60244e-05
9.53 7.58781e-06 -3.7402e-05 4.50029e-05
9.54 7.58781e-06 -3.7402e-05 6.37629e-05
9.55 7.58781e-06 -3.7402e-05 8.22304e-05
9.56 7.58781e-06 -3.7402e-05 0.000100332
9.57 7.58781e-06 -3.7402e-05 0.000117998
9.58 7.58781e-06 -3.7402e-05 0.000135156
9.59 7.58781e-06 -3.7402e-05 0.00015174
9.6 7.58781e-06 -3.7402e-05 0.000167685
9.61 7.58781e-06 -3.7402e-05 0.000182927
9.62 7.58781e-06 -3.7402e-05 0.000197406
9.63 7.58781e-06 -3.7402e-05 0.000211065
9.64 7.58781e-06 -3.7402e-05 0.00022385
9.65 7.58781e-06 -3.7402e-05 0.000235711
9.66 7.58781e-06 -3.7402e-05 0.0002466
9.67 7.58781e-06 -3.7402e-05 0.000256476
9.68 7.58781e-06 -3.7402e-05 0.000265298
9.69 7.58781e-06 -3.7402e-05 0.000273033
9.7 7.58781e-06 -3.7402e-05 0.000279649
9.71 7.58781e-06 -3.7402e-05 0.00028512
9.72 7.58781e-06 -3.7402e-05 0.000289426
9.73 7.58781e-06 -3.7402e-05 0.000292548
9.74 7.58781e-06 -3.7402e-05 0.000294475
9.75 7.58781e-06 -3.7402e-05 0.000295198
9.76 7.58781e-06 -3.7402e-05 0.000294716
9.77 7.58781e-06 -3.7402e-05 0.00029303
9.78 7.58781e-06 -3.7402e-05 0.000290146
9.79 7.58781e-06 -3.7402e-05 0.000286077
9.8 7.58781e-06 -3.7402e-05 0.000280837
9.81 7.58781e-06 -3.7402e-05 0.000274448
9.82 7.58781e-06 -3.7402e-05 0.000266936
9.83 7.58781e-06 -3.7402e-05 0.000258329
9.84 7.58781e-06 -3.7402e-05 0.000248661
9.85 7.58781e-06 -3.7402e-05 0.000237971
9.86 7.58781e-06 -3.7402e-05 0.000226301
9.87 7.58781e-06 -3.7402e-05 0.000213697
9.88 7.58781e-06 -3.7402e-05 0.000200209
9.89 7.58781e-06 -3.7402e-05 0.00018589
9.9 7.58781e-06 -3.7402e-05 0.000170796
9.91 7.58781e-06 -3.7402e-05 0.000154988
9.92 7.58781e-06 -3.7402e-05 0.000138526
9.93 7.58781e-06 -3.7402e-05 0.000121477
9.94 7.58781e-06 -3.7402e-05 0.000103908
9.95 7.58781e-06 -3.7402e-05 8.5888e-05
9.96 7.58781e-06 -3.7402e-05 6.74879e-05
9.97 7.58781e-06 -3.7402e-05 4.87806e-05
9.98 7.58781e-06 -3.7402e-05 2.98399e-05
9.99 7.58781e-06 -3.7402e-05 1.07405e-05
10 7.58781e-06 -3.7402e-05 -8.44223e-06
10.01 7.58781e-06 -3.7402e-05 -1.97928e-05
10.02 7.58781e-06 -3.7402e-05 -1.38589e-05
10.03 7.58781e-06 -3.7402e-05 -3.17891e-06
10.04 7.58781e-06 -3.7402e-05 -6.00581e-06
10.05 7.58781e-06 -3.7402e-05 -1.55036e-05
10.06 7.58781e-06 -3.7402e-05 -1.50388e-05
10.07 7.58781e-06 -3.7402e-05 -7.00227e-06
10.08 7.58781e-06 -3.7402e-05 -5.78368e-06
10.09 7.58781e-06 -3.7402e-05 -1.22614e-05
10.1 7.58781e-06 -3.7402e-05 -1.45762e-05
10.11 7.58781e-06 -3.7402e-05 -9.62135e-06
10.12 7.58781e-06 -3.7402e-05 -6.69444e-06
10.13 7.58781e-06 -3.7402e-05 -1.02531e-05
10.14 7.58781e-06 -3.7402e-05 -1.34128e-05
10.15 7.58781e-06 -3.7402e-05 -1.10684e-05
10.16 7.58781e-06 -3.7402e-05 -7.95686e-06
10.17 7.58781e-06 -3.7402e-05 -9.2953e-06
10.18 7.58781e-06 -3.7402e-05 -1.21654e-05
10.19 7.58781e-06 -3.7402e-05 -1.16199e-05
10.2 7.58781e-06 -3.7402e-05 -9.11046e-06
10.21 7.58781e-06 -3.7402e-05 -9.06472e-06
10.22 7.58781e-06 -3.7402e-05 -1.11544e-05
10.23 7.58781e-06 -3.7402e-05 -1.16106e-05
10.24 7.58781e-06 -3.7402e-05 -9.9541e-06
10.25 7.58781e-06 -3.7402e-05 -9.24126e-06
10.26 7.58781e-06 -3.7402e-05 -1.04841e-05
10.27 7.58781e-06 -3.7402e-05 -1.13289e-05
10.28 7.58781e-06 -3.7402e-05 -1.04584e-05
10.29 7.58781e-06 -3.7402e-05 -9.57772e-06
10.3 7.58781e-06 -3.7402e-05 -1.01297e-05
10.31 7.58781e-06 -3.7402e-05 -1.09766e-05
10.32 7.58781e-06 -3.7402e-05 -1.06844e-05
10.33 7.58781e-06 -3.7402e-05 -9.91756e-06
10.34 7.58781e-06 -3.7402e-05 -1.00086e-05
10.35 7.58781e-06 -3.7402e-05 -1.06682e-05
10.36 7.58781e-06 -3.7402e-05 -1.07239e-05
10.37 7.58781e-06 -3.7402e-05 -1.01834e-05
10.38 7.58781e-06 -3.7402e-05 -1.00287e-05
10.39 7.58781e-06 -3.7402e-05 -1.04498e-05
10.4 7.58781e-06 -3.7402e-05 -1.06634e-05
10.41 7.58781e-06 -3.7402e-05 -1.0354e-05
10.42 7.58781e-06 -3.7402e-05 -1.01134e-05
10.43 7.58781e-06 -3.7402e-05 -1.03241e-05
10.44 7.58781e-06 -3.7402e-05 -1.05675e-05
10.45 7.58781e-06 -3.7402e-05 -1.04399e-05
10.46 7.58781e-06 -3.7402e-05 -1.02109e-05
10.47 7.58781e-06 -3.7402e-05 -1.02718e-05
10.48 7.58781e-06 -3.7402e-05 -1.04755e-05
10.49 7.58781e-06 -3.7402e-05 -1.04653e-05
10.5 7.58781e-06 -3.7402e-05 -1.02929e-05
10.51 7.58781e-06 -3.7402e-05 -1.02669e-05
10.52 7.58781e-06 -3.7402e-05 -1.04059e-05
10.53 7.58781e-06 -3.7402e-05 -1.04554e-05
10.54 7.58781e-06 -3.7402e-05 -1.03491e-05
10.55 7.58781e-06 -3.7402e-05 -1.02864e-05
10.56 7.58781e-06 -3.7402e-05 -1.03628e-05
10.57 7.58781e-06 -3.7402e-05 -1.04305e-05
10.58 7.58781e-06 -3.7402e-05 -1.03802e-05
10.59 7.58781e-06 -3.7402e-05 -1.03134e-05
10.6 7.58781e-06 -3.7402e-05 -1.03422e-05
10.61 7.58781e-06 -3.7402e-05 -1.04038e-05
10.62 7.58781e-06 -3.7402e-05 -1.0392e-05
10.63 7.58781e-06 -3.7402e-05 -1.03382e-05
10.64 7.58781e-06 -3.7402e-05 -1.03373e-05
10.65 7.58781e-06 -3.7402e-05 -1.03821e-05
10.66 7.58781e-06 -3.7402e-05 -1.03918e-05
10.67 7.58781e-06 -3.7402e-05 -1.03563e-05
10.68 7.58781e-06 -3.7402e-05 -1.0341e-05
10.69 7.58781e-06 -3.7402e-05 -1.03677e-05
10.7 7.58781e-06 -3.7402e-05 -1.03858e-05
10.71 7.58781e-06 -3.7402e-05 -1.03671e-05
10.72 7.58781e-06 -3.7402e-05 -1.03482e-05
10.73 7.58781e-06 -3.7402e-05 -1.03601e-05
10.74 7.58781e-06 -3.7402e-05 -1.03783e-05
10.75 7.58781e-06 -3.7402e-05 -1.0372e-05
10.76 7.58781e-06 -3.7402e-05 -1.03555e-05
10.77 7.58781e-06 -3.7402e-05 -1.03575e-05
10.78 7.58781e-06 -3.7402e-05 -1.03716e-05
10.79 7.58781e-06 -3.7402e-05 -1.03728e-05
10.8 7.58781e-06 -3.7402e-05 -1.03612e-05
10.81 7.58781e-06 -3.7402e-05 -1.03579e-05
10.82 7.58781e-06 -3.7402e-05 -1.0367e-05
10.83 7.58781e-06 -3.7402e-05 -1.03715e-05
10.84 7.58781e-06 -3.7402e-05 -1.03649e-05
10.85 7.58781e-06 -3.7402e-05 -1.03597e-05
10.86 7.58781e-06 -3.7402e-05 -1.03643e-05
10.87 7.58781e-06 -3.7402e-05 -1.03695e-05
10.88 7.58781e-06 -3.7402e-05 -1.03667e-05
10.89 7.58781e-06 -3.7402e-05 -1.03618e-05
10.9 7.58781e-06 -3.7402e-05 -1.03631e-05
10.91 7.58781e-06 -3.7402e-05 -1.03675e-05
10.92 7.58781e-06 -3.7402e-05 -1.03673e-05
10.93 7.58781e-06 -3.7402e-05 -1.03636e-05
10.94 7.58781e-06 -3.7402e-05 -1.0363e-05
10.95 7.58781e-06 -3.7402e-05 -1.0366e-05
10.96 7.58781e-06 -3.7402e-05 -1.03671e-05
10.97 7.58781e-06 -3.7402e-05 -1.03648e-05
10.98 7.58781e-06 -3.7402e-05 -1.03634e-05
10.99 7.58781e-06 -3.7402e-05 -1.03651e-05
11 7.58781e-06 -3.7402e-05 -1.03665e-05
11.01 7.58781e-06 -3.7402e-05 -1.03655e-05
11.02 7.58781e-06 -3.7402e-05 -1.0364e-05
11.03 7.58781e-06 -3.7402e-05 -1.03646e-05
11.04 7.58781e-06 -3.7402e-05 -1.0366e-05
11.05 7.58781e-06 -3.7402e-05 -1.03657e-05
11.06 7.58781e-06 -3.7402e-05 -1.03646e-05
11.07 7.58781e-06 -3.7402e-05 -1.03645e-05
11.08 7.58781e-06 -3.7402e-05 -1.03655e-05
11.09 7.58781e-06 -3.7402e-05 -1.03657e-05
11.1 7.58781e-06 -3.7402e-05 -1.03649e-05
11.11 7.58781e-06 -3.7402e-05 -1.03646e-05
11.12 7.58781e-06 -3.7402e-05 -1.03652e-05
11.13 7.58781e-06 -3.7402e-05 -1.03656e-05
11.14 7.58781e-06 -3.7402e-05 -1.03652e-05
11.15 7.58781e-06 -3.7402e-05 -1.03648e-05
11.16 7.58781e-06 -3.7402e-05 -1.0365e-05
11.17 7.58781e-06 -3.7402e-05 -1.03654e-05
11.18 7.58781e-06 -3.7402e-05 -1.03653e-05
11.19 7.58781e-06 -3.7402e-05 -1.03649e-05
11.2 7.58781e-06 -3.7402e-05 -1.0365e-05
11.21 7.58781e-06 -3.7402e-05 -1.03653e-05
11.22 7.58781e-06 -3.7402e-05 -1.03653e-05
11.23 7.58781e-06 -3.7402e-05 -1.03651e-05
11.24 7.58781e-06 -3.7402e-05 -1.0365e-05
11.25 7.58781e-06 -3.7402e-05 -1.03652e-05
11.26 7.58781e-06 -3.7402e-05 -1.03653e-05
11.27 7.58781e-06 -3.7402e-05 -1.03651e-05
11.28 7.58781e-06 -3.7402e-05 -1.0365e-05
11.29 7.58781e-06 -3.7402e-05 -1.03651e-05
11.3 7.58781e-06 -3.7402e-05 -1.03652e-05
11.31 7.58781e-06 -3.7402e-05 -1.03652e-05
11.32 7.58781e-06 -3.7402e-05 -1.03651e-05
11.33 7.58781e-06 -3.7402e-05 -1.03651e-05
11.34 7.58781e-06 -3.7402e-05 -1.03652e-05
11.35 7.58781e-06 -3.7402e-05 -1.03652e-05
11.36 7.58781e-06 -3.7402e-05 -1.03651e-05
11.37 7.58781e-06 -3.7402e-05 -1.03651e-05
11.38 7.58781e-06 -3.7402e-05 -1.03652e-05
11.39 7.58781e-06 -3.7402e-05 -1.03652e-05
11.4 7.58781e-06 -3.7402e-05 -1.03651e-05
11.41 7.58781e-06 -3.7402e-05 -1.03651e-05
11.42 7.58781e-06 -3.7402e-05 -1.03651e-05
11.43 7.58781e-06 -3.7402e-05 -1.03652e-05
11.44 7.58781e-06 -3.7402e-05 -1.03651e-05
11.45 7.58781e-06 -3.7402e-05 -1.03651e-05
11.46 7.58781e-06 -3.7402e-05 -1.03651e-05
11.47 7.58781e-06 -3.7402e-05 -1.03652e-05
11.48 7.58781e-06 -3.7402e-05 -1.03651e-05
11.49 7.58781e-06 -3.7402e-05 -1.03651e-05
11.5 7.58781e-06 -3.7402e-05 -1.03651e-05
11.51 7.58781e-06 -3.7402e-05 -1.03651e-05
11.52 7.58781e-06 -3.7402e-05 -1.03651e-05
11.53 7.58781e-06 -3.7402e-05 -1.03651e-05
11.54 7.58781e-06 -3.7402e-05 -1.03651e-05
11.55 7.58781e-06 -3.7402e-05 -1.03651e-05
11.56 7.58781e-06 -3.7402e-05 -1.03651e-05
11.57 7.58781e-06 -3.7402e-05 -1.03651e-05
11.58 7.58781e-06 -3.7402e-05 -1.03651e-05
11.59 7.58781e-06 -3.7402e-05 -1.03651e-05
11.6 7.58781e-06 -3.7402e-05 -1.03651e-05
11.61 7.58781e-06 -3.7402e-05 -1.03651e-05
11.62 7.58781e-06 -3.7402e-05 -1.03651e-05
11.63 7.58781e-06 -3.7402e-05 -1.03651e-05
11.64 7.58781e-06 -3.7402e-05 -1.03651e-05
11.65 7.58781e-06 -3.7402e-05 -1.03651e-05
11.66 7.58781e-06 -3.7402e-05 -1.03651e-05
11.67 7.58781e-06 -3.7402e-05 -1.03651e-05
11.68 7.58781e-06 -3.7402e-05 -1.03651e-05
11.69 7.58781e-06 -3.7402e-05 -1.03651e-05
11.7 7.58781e-06 -3.7402e-05 -1.03651e-05
11.71 7.58781e-06 -3.7402e-05 -1.03651e-05
11.72 7.58781e-06 -3.7402e-05 -1.03651e-05
11.73 7.58781e-06 -3.7402e-05 -1.03651e-05
11.74 7.58781e-06 -3.7402e-05 -1.03651e-05
11.75 7.58781e-06 -3.7402e-05 -1.03651e-05
11.76 7.58781e-06 -3.7402e-05 -1.03651e-05
11.77 7.58781e-06 -3.7402e-05 -1.03651e-05
11.78 7.58781e-06 -3.7402e-05 -1.03651e-05
11.79 7.58781e-06 -3.7402e-05 -1.03651e-05
11.8 7.58781e-06 -3.7402e-05 -1.03651e-05
11.81 7.58781e-06 -3.7402e-05 -1.03651e-05
11.82 7.58781e-06 -3.7402e-05 -1.03651e-05
11.83 7.58781e-06 -3.7402e-05 -1.03651e-05
11.84 7.58781e-06 -3.7402e-05 -1.03651e-05
11.85 7.58781e-06 -3.7402e-05 -1.03651e-05
11.86 7.58781e-06 -3.7402e-05 -1.03651e-05
11.87 7.58781e-06 -3.7402e-05 -1.03651e-05
11.88 7.58781e-06 -3.7402e-05 -1.03651e-05
11.89 7.58781e-06 -3.7402e-05 -1.03651e-05
11.9 7.58781e-06 -3.7402e-05 -1.03651e-05
11.91 7.58781e-06 -3.7402e-05 -1.03651e-05
11.92 7.58781e-06 -3.7402e-05 -1.03651e-05
11.93 7.58781e-06 -3.7402e-05 -1.03651e-05
11.94 7.58781e-06 -3.7402e-05 -1.03651e-05
11.95 7.58781e-06 -3.7402e-05 -1.03651e-05
11.96 7.58781e-06 -3.7402e-05 -1.03651e-05
11.97 7.58781e-06 -3.7402e-05 -1.03651e-05
11.98 7.58781e-06 -3.7402e-05 -1.03651e-05
11.99 7.58781e-06 -3.7402e-05 -1.03651e-05
12 7.58781e-06 -3.7402e-05 -1.03651e-05
12.01 7.58781e-06 -3.7402e-05 -1.03651e-05
12.02 7.58781e-06 -3.7402e-05 -1.03651e-05
12.03 7.58781e-06 -3.7402e-05 -1.03651e-05
12.04 7.58781e-06 -3.7402e-05 -1.03651e-05
12.05 7.58781e-06 -3.7402e-05 -1.03651e-05
12.06 7.58781e-06 -3.7402e-05 -1.03651e-05
12.07 7.58781e-06 -3.7402e-05 -1.03651e-05
12.08 7.58781e-06 -3.7402e-05 -1.03651e-05
12.09 7.58781e-06 -3.7402e-05 -1.03651e-05
12.1 7.58781e-06 -3.7402e-05 -1.03651e-05
12.11 7.58781e-06 -3.7402e-05 -1.03651e-05
12.12 7.58781e-06 -3.7402e-05 -1.03651e-05
12.13 7.58781e-06 -3.7402e-05 -1.03651e-05
12.14 7.58781e-06 -3.7402e-05 -1.03651e-05
12.15 7.58781e-06 -3.7402e-05 -1.03651e-05
12.16 7.58781e-06 -3.7402e-05 -1.03651e-05
12.17 7.58781e-06 -3.7402e-05 -1.03651e-05
12.18 7.58781e-06 -3.7402e-05 -1.03651e-05
12.19 7.58781e-06 -3.7402e-05 -1.03651e-05
12.2 7.58781e-06 -3.7402e-05 -1.03651e-05
12.21 7.58781e-06 -3.7402e-05 -1.03651e-05
12.22 7.58781e-06 -3.7402e-05 -1.03651e-05
12.23 7.58781e-06 -3.7402e-05 -1.03651e-05
12.24 7.58781e-06 -3.7402e-05 -1.03651e-05
12.25 7.58781e-06 -3.7402e-05 -1.03651e-05
12.26 7.58781e-06 -3.7402e-05 -1.03651e-05
12.27 7.58781e-06 -3.7402e-05 -1.03651e-05
12.28 7.58781e-06 -3.7402e-05 -1.03651e-05
12.29 7.58781e-06 -3.7402e-05 -1.03651e-05
12.3 7.58781e-06 -3.7402e-05 -1.03651e-05
12.31 7.58781e-06 -3.7402e-05 -1.03651e-05
12.32 7.58781e-06 -3.7402e-05 -1.03651e-05
12.33 7.58781e-06 -3.7402e-05 -1.03651e-05
12.34 7.58781e-06 -3.7402e-05 -1.03651e-05
12.35 7.58781e-06 -3.7402e-05 -1.03651e-05
12.36 7.58781e-06 -3.7402e-05 -1.03651e-05
12.37 7.58781e-06 -3.7402e-05 -1.03651e-05
12.38 7.58781e-06 -3.7402e-05 -1.03651e-05
12.39 7.58781e-06 -3.7402e-05 -1.03651e-05
12.4 7.58781e-06 -3.7402e-05 -1.03651e-05
12.41 7.58781e-06 -3.7402e-05 -1.03651e-05
12.42 7.58781e-06 -3.7402e-05 -1.03651e-05
12.43 7.58781e-06 -3.7402e-05 -1.03651e-05
12.44 7.58781e-06 -3.7402e-05 -1.03651e-05
12.45 7.58781e-06 -3.7402e-05 -1.03651e-05
12.46 7.58781e-06 -3.7402e-05 -1.03651e-05
12.47 7.58781e-06 -3.7402e-05 -1.03651e-05
12.48 7.58781e-06 -3.7402e-05 -1.03651e-05
12.49 7.58781e-06 -3.7402e-05 -1.03651e-05
12.5 7.58781e-06 -3.7402e-05 -1.03651e-05
12.51 7.58781e-06 -3.7402e-05 -1.03651e-05
12.52 7.58781e-06 -3.7402e-05 -1.03651e-05
12.53 7.58781e-06 -3.7402e-05 -1.03651e-05
12.54 7.58781e-06 -3.7402e-05 -1.03651e-05
12.55 7.58781e-06 -3.7402e-05 -1.03651e-05
12.56 7.58781e-06 -3.7402e-05 -1.03651e-05
12.57 7.58781e-06 -3.7402e-05 -1.03651e-05
12.58 7.58781e-06 -3.7402e-05 -1.03651e-05
12.59 7.58781e-06 -3.7402e-05 -1.03651e-05
12.6 7.58781e-06 -3.7402e-05 -1.03651e-05
12.61 7.58781e-06 -3.7402e-05 -1.03651e-05
12.62 7.58781e-06 -3.7402e-05 -1.03651e-05
12.63 7.58781e-06 -3.7402e-05 -1.03651e-05
12.64 7.58781e-06 -3.7402e-05 -1.03651e-05
12.65 7.58781e-06 -3.7402e-05 -1.03651e-05
12.66 7.58781e-06 -3.7402e-05 -1.03651e-05
12.67 7.58781e-06 -3.7402e-05 -1.03651e-05
12.68 7.58781e-06 -3.7402e-05 -1.03651e-05
12.69 7.58781e-06 -3.7402e-05 -1.03651e-05
12.7 7.58781e-06 -3.7402e-05 -1.03651e-05
12.71 7.58781e-06 -3.7402e-05 -1.03651e-05
12.72 7.58781e-06 -3.7402e-05 -1.03651e-05
12.73 7.58781e-06 -3.7402e-05 -1.03651e-05
12.74 7.58781e-06 -3.7402e-05 -1.03651e-05
12.75 7.58781e-06 -3.7402e-05 -1.03651e-05
12.76 7.58781e-06 -3.7402e-05 -1.03651e-05
12.77 7.58781e-06 -3.7402e-05 -1.03651e-05
12.78 7.58781e-06 -3.7402e-05 -1.03651e-05
12.79 7.58781e-06 -3.7402e-05 -1.03651e-05
12.8 7.58781e-06 -3.7402e-05 -1.03651e-05
12.81 7.58781e-06 -3.7402e-05 -1.03651e-05
12.82 7.58781e-06 -3.7402e-05 -1.03651e-05
12.83 7.58781e-06 -3.7402e-05 -1.03651e-05
12.84 7.58781e-06 -3.7402e-05 -1.03651e-05
12.85 7.58781e-06 -3.7402e-05 -1.03651e-05
12.86 7.58781e-06 -3.7402e-05 -1.03651e-05
12.87 7.58781e-06 -3.7402e-05 -1.03651e-05
12.88 7.58781e-06 -3.7402e-05 -1.03651e-05
12.89 7.58781e-06 -3.7402e-05 -1.03651e-05
12.9 7.58781e-06 -3.7402e-05 -1.03651e-05
12.91 7.58781e-06 -3.7402e-05 -1.03651e-05
12.92 7.58781e-06 -3.7402e-05 -1.03651e-05
12.93 7.58781e-06 -3.7402e-05 -1.03651e-05
12.94 7.58781e-06 -3.7402e-05 -1.03651e-05
12.95 7.58781e-06 -3.7402e-05 -1.03651e-05
12.96 7.58781e-06 -3.7402e-05 -1.03651e-05
12.97 7.58781e-06 -3.7402e-05 -1.03651e-05
12.98 7.58781e-06 -3.7402e-05 -1.03651e-05
12.99 7.58781e-06 -3.7402e-05 -1.03651e-05
13 7.58781e-06 -3.7402e-05 -1.03651e-05
13.01 7.58781e-06 -3.7402e-05 -1.03651e-05
13.02 7.58781e-06 -3.7402e-05 -1.03651e-05
13.03 7.58781e-06 -3.7402e-05 -1.03651e-05
13.04 7.58781e-06 -3.7402e-05 -1.03651e-05
13.05 7.58781e-06 -3.7402e-05 -1.03651e-05
13.06 7.58781e-06 -3.7402e-05 -1.03651e-05
13.07 7.58781e-06 -3.7402e-05 -1.03651e-05
13.08 7.58781e-06 -3.7402e-05 -1.03651e-05
13.09 7.58781e-06 -3.7402e-05 -1.03651e-05
13.1 7.58781e-06 -3.7402e-05 -1.03651e-05
13.11 7.58781e-06 -3.7402e-05 -1.03651e-05
13.12 7.58781e-06 -3.7402e-05 -1.03651e-05
13.13 7.58781e-06 -3.7402e-05 -1.03651e-05
13.14 7.58781e-06 -3.7402e-05 -1.03651e-05
13.15 7.58781e-06 -3.7402e-05 -1.03651e-05
13.16 7.58781e-06 -3.7402e-05 -1.03651e-05
13.17 7.58781e-06 -3.7402e-05 -1.03651e-05
13.18 7.58781e-06 -3.7402e-05 -1.03651e-05
13.19 7.58781e-06 -3.7402e-05 -1.03651e-05
13.2 7.58781e-06 -3.7402e-05 -1.03651e-05
13.21 7.58781e-06 -3.7402e-05 -1.03651e-05
13.22 7.58781e-06 -3.7402e-05 -1.03651e-05
13.23 7.58781e-06 -3.7402e-05 -1.03651e-05
13.24 7.58781e-06 -3.7402e-05 -1.03651e-05
13.25 7.58781e-06 -3.7402e-05 -1.03651e-05
13.26 7.58781e-06 -3.7402e-05 -1.03651e-05
13.27 7.58781e-06 -3.7402e-05 -1.03651e-05
13.28 7.58781e-06 -3.7402e-05 -1.03651e-05
13.29 7.58781e-06 -3.7402e-05 -1.03651e-05
13.3 7.58781e-06 -3.7402e-05 -1.03651e-05
13.31 7.58781e-06 -3.7402e-05 -1.03651e-05
13.32 7.58781e-06 -3.7402e-05 -1.03651e-05
13.33 7.58781e-06 -3.7402e-05 -1.03651e-05
13.34 7.58781e-06 -3.7402e-05 -1.03651e-05
13.35 7.58781e-06 -3.7402e-05 -1.03651e-05
13.36 7.58781e-06 -3.7402e-05 -1.03651e-05
13.37 7.58781e-06 -3.7402e-05 -1.03651e-05
13.38 7.58781e-06 -3.7402e-05 -1.03651e-05
13.39 7.58781e-06 -3.7402e-05 -1.03651e-05
13.4 7.58781e-06 -3.7402e-05 -1.03651e-05
13.41 7.58781e-06 -3.7402e-05 -1.03651e-05
13.42 7.58781e-06 -3.7402e-05 -1.03651e-05
13.43 7.58781e-06 -3.7402e-05 -1.03651e-05
13.44 7.58781e-06 -3.7402e-05 -1.03651e-05
13.45 7.58781e-06 -3.7402e-05 -1.03651e-05
13.46 7.58781e-06 -3.7402e-05 -1.03651e-05
13.47 7.58781e-06 -3.7402e-05 -1.03651e-05
13.48 7.58781e-06 -3.7402e-05 -1.03651e-05
13.49 7.58781e-06 -3.7402e-05 -1.03651e-05
13.5 7.58781e-06 -3.7402e-05 -1.03651e-05
13.51 7.58781e-06 -3.7402e-05 -1.03651e-05
13.52 7.58781e-06 -3.7402e-05 -1.03651e-05
13.53 7.58781e-06 -3.7402e-05 -1.03651e-05
13.54 7.58781e-06 -3.7402e-05 -1.03651e-05
13.55 7.58781e-06 -3.7402e-05 -1.03651e-05
13.56 7.58781e-06 -3.7402e-05 -1.03651e-05
13.57 7.58781e-06 -3.7402e-05 -1.03651e-05
13.58 7.58781e-06 -3.7402e-05 -1.03651e-05
13.59 7.58781e-06 -3.7402e-05 -1.03651e-05
13.6 7.58781e-06 -3.7402e-05 -1.03651e-05
13.61 7.58781e-06 -3.7402e-05 -1.03651e-05
13.62 7.58781e-06 -3.7402e-05 -1.03651e-05
13.63 7.58781e-06 -3.7402e-05 -1.03651e-05
13.64 7.58781e-06 -3.7402e-05 -1.03651e-05
13.65 7.58781e-06 -3.7402e-05 -1.03651e-05
13.66 7.58781e-06 -3.7402e-05 -1.03651e-05
13.67 7.58781e-06 -3.7402e-05 -1.03651e-05
13.68 7.58781e-06 -3.7402e-05 -1.03651e-05
13.69 7.58781e-06 -3.7402e-05 -1.03651e-05
13.7 7.58781e-06 -3.7402e-05 -1.03651e-05
13.71 7.58781e-06 -3.7402e-05 -1.03651e-05
13.72 7.58781e-06 -3.7402e-05 -1.03651e-05
13.73 7.58781e-06 -3.7402e-05 -1.03651e-05
13.74 7.58781e-06 -3.7402e-05 -1.03651e-05
13.75 7.58781e-06 -3.7402e-05 -1.03651e-05
13.76 7.58781e-06 -3.7402e-05 -1.03651e-05
13.77 7.58781e-06 -3.7402e-05 -1.03651e-05
13.78 7.58781e-06 -3.7402e-05 -1.03651e-05
13.79 7.58781e-06 -3.7402e-05 -1.03651e-05
13.8 7.58781e-06 -3.7402e-05 -1.03651e-05
13.81 7.58781e-06 -3.7402e-05 -1.03651e-05
13.82 7.58781e-06 -3.7402e-05 -1.03651e-05
13.83 7.58781e-06 -3.7402e-05 -1.03651e-05
13.84 7.58781e-06 -3.7402e-05 -1.03651e-05
13.85 7.58781e-06 -3.7402e-05 -1.03651e-05
13.86 7.58781e-06 -3.7402e-05 -1.03651e-05
13.87 7.58781e-06 -3.7402e-05 -1.03651e-05
13.88 7.58781e-06 -3.7402e-05 -1.03651e-05
13.89 7.58781e-06 -3.7402e-05 -1.03651e-05
13.9 7.58781e-06 -3.7402e-05 -1.03651e-05
13.91 7.58781e-06 -3.7402e-05 -1.03651e-05
13.92 7.58781e-06 -3.7402e-05 -1.03651e-05
13.93 7.58781e-06 -3.7402e-05 -1.03651e-05
13.94 7.58781e-06 -3.7402e-05 -1.03651e-05
13.95 7.58781e-06 -3.7402e-05 -1.03651e-05
13.96 7.58781e-06 -3.7402e-05 -1.03651e-05
13.97 7.58781e-06 -3.7402e-05 -1.03651e-05
13.98 7.58781e-06 -3.7402e-05 -1.03651e-05
13.99 7.58781e-06 -3.7402e-05 -1.03651e-05
14 7.58781e-06 -3.7402e-05 -1.03651e-05
14.01 7.58781e-06 -3.7402e-05 -1.03651e-05
14.02 7.58781e-06 -3.7402e-05 -1.03651e-05
14.03 7.58781e-06 -3.7402e-05 -1.03651e-05
14.04 7.58781e-06 -3.7402e-05 -1.03651e-05
14.05 7.58781e-06 -3.7402e-05 -1.03651e-05
14.06 7.58781e-06 -3.7402e-05 -1.03651e-05
14.07 7.58781e-06 -3.7402e-05 -1.03651e-05
14.08 7.58781e-06 -3.7402e-05 -1.03651e-05
14.09 7.58781e-06 -3.7402e-05 -1.03651e-05
14.1 7.58781e-06 -3.7402e-05 -1.03651e-05
14.11 7.58781e-06 -3.7402e-05 -1.03651e-05
14.12 7.58781e-06 -3.7402e-05 -1.03651e-05
14.13 7.58781e-06 -3.7402e-05 -1.03651e-05
14.14 7.58781e-06 -3.7402e-05 -1.03651e-05
14.15 7.58781e-06 -3.7402e-05 -1.03651e-05
14.16 7.58781e-06 -3.7402e-05 -1.03651e-05
14.17 7.58781e-06 -3.7402e-05 -1.03651e-05
14.18 7.58781e-06 -3.7402e-05 -1.03651e-05
14.19 7.58781e-06 -3.7402e-05 -1.03651e-05
14.2 7.58781e-06 -3.7402e-05 -1.03651e-05
14.21 7.58781e-06 -3.7402e-05 -1.03651e-05
14.22 7.58781e-06 -3.7402e-05 -1.03651e-05
14.23 7.58781e-06 -3.7402e-05 -1.03651e-05
14.24 7.58781e-06 -3.7402e-05 -1.03651e-05
14.25 7.58781e-06 -3.7402e-05 -1.03651e-05
14.26 7.58781e-06 -3.7402e-05 -1.03651e-05
14.27 7.58781e-06 -3.7402e-05 -1.03651e-05
14.28 7.58781e-06 -3.7402e-05 -1.03651e-05
14.29 7.58781e-06 -3.7402e-05 -1.03651e-05
14.3 7.58781e-06 -3.7402e-05 -1.03651e-05
14.31 7.58781e-06 -3.7402e-05 -1.03651e-05
14.32 7.58781e-06 -3.7402e-05 -1.03651e-05
14.33 7.58781e-06 -3.7402e-05 -1.03651e-05
14.34 7.58781e-06 -3.7402e-05 -1.03651e-05
14.35 7.58781e-06 -3.7402e-05 -1.03651e-05
14.36 7.58781e-06 -3.7402e-05 -1.03651e-05
14.37 7.58781e-06 -3.7402e-05 -1.03651e-05
14.38 7.58781e-06 -3.7402e-05 -1.03651e-05
14.39 7.58781e-06 -3.7402e-05 -1.03651e-05
14.4 7.58781e-06 -3.7402e-05 -1.03651e-05
14.41 7.58781e-06 -3.7402e-05 -1.03651e-05
14.42 7.58781e-06 -3.7402e-05 -1.03651e-05
14.43 7.58781e-06 -3.7402e-05 -1.03651e-05
14.44 7.58781e-06 -3.7402e-05 -1.03651e-05
14.45 7.58781e-06 -3.7402e-05 -1.03651e-05
14.46 7.58781e-06 -3.7402e-05 -1.03651e-05
14.47 7.58781e-06 -3.7402e-05 -1.03651e-05
14.48 7.58781e-06 -3.7402e-05 -1.03651e-05
14.49 7.58781e-06 -3.7402e-05 -1.03651e-05
14.5 7.58781e-06 -3.7402e-05 -1.03651e-05
14.51 7.58781e-06 -3.7402e-05 -1.03651e-05
14.52 7.58781e-06 -3.7402e-05 -1.03651e-05
14.53 7.58781e-06 -3.7402e-05 -1.03651e-05
14.54 7.58781e-06 -3.7402e-05 -1.03651e-05
14.55 7.58781e-06 -3.7402e-05 -1.03651e-05
14.56 7.58781e-06 -3.7402e-05 -1.03651e-05
14.57 7.58781e-06 -3.7402e-05 -1.03651e-05
14.58 7.58781e-06 -3.7402e-05 -1.03651e-05
14.59 7.58781e-06 -3.7402e-05 -1.03651e-05
14.6 7.58781e-06 -3.7402e-05 -1.03651e-05
14.61 7.58781e-06 -3.7402e-05 -1.03651e-05
14.62 7.58781e-06 -3.7402e-05 -1.03651e-05
14.63 7.58781e-06 -3.7402e-05 -1.03651e-05
14.64 7.58781e-06 -3.7402e-05 -1.03651e-05
14.65 7.58781e-06 -3.7402e-05 -1.03651e-05
14.66 7.58781e-06 -3.7402e-05 -1.03651e-05
14.67 7.58781e-06 -3.7402e-05 -1.03651e-05
14.68 7.58781e-06 -3.7402e-05 -1.03651e-05
14.69 7.58781e-06 -3.7402e-05 -1.03651e-05
14.7 7.58781e-06 -3.7402e-05 -1.03651e-05
14.71 7.58781e-06 -3.7402e-05 -1.03651e-05
14.72 7.58781e-06 -3.7402e-05 -1.03651e-05
14.73 7.58781e-06 -3.7402e-05 -1.03651e-05
14.74 7.58781e-06 -3.7402e-05 -1.03651e-05
14.75 7.58781e-06 -3.7402e-05 -1.03651e-05
14.76 7.58781e-06 -3.7402e-05 -1.03651e-05
14.77 7.58781e-06 -3.7402e-05 -1.03651e-05
14.78 7.58781e-06 -3.7402e-05 -1.03651e-05
14.79 7.58781e-06 -3.7402e-05 -1.03651e-05
14.8 7.58781e-06 -3.7402e-05 -1.03651e-05
14.81 7.58781e-06 -3.7402e-05 -1.03651e-05
14.82 7.58781e-06 -3.7402e-05 -1.03651e-05
14.83 7.58781e-06 -3.7402e-05 -1.03651e-05
14.84 7.58781e-06 -3.7402e-05 -1.03651e-05
14.85 7.58781e-06 -3.7402e-05 -1.03651e-05
14.86 7.58781e-06 -3.7402e-05 -1.03651e-05
14.87 7.58781e-06 -3.7402e-05 -1.03651e-05
14.88 7.58781e-06 -3.7402e-05 -1.03651e-05
14.89 7.58781e-06 -3.7402e-05 -1.03651e-05
14.9 7.58781e-06 -3.7402e-05 -1.03651e-05
14.91 7.58781e-06 -3.7402e-05 -1.03651e-05
14.92 7.58781e-06 -3.7402e-05 -1.03651e-05
14.93 7.58781e-06 -3.7402e-05 -1.03651e-05
14.94 7.58781e-06 -3.7402e-05 -1.03651e-05
14.95 7.58781e-06 -3.7402e-05 -1.03651e-05
14.96 7.58781e-06 -3.7402e-05 -1.03651e-05
14.97 7.58781e-06 -3.7402e-05 -1.03651e-05
14.98 7.58781e-06 -3.7402e-05 -1.03651e-05
14.99 7.58781e-06 -3.7402e-05 -1.03651e-05
15 7.58781e-06 -3.7402e-05 -1.03651e-05
15.01 7.58781e-06 -3.7402e-05 -1.03651e-05
15.02 7.58781e-06 -3.7402e-05 -1.03651e-05
15.03 7.58781e-06 -3.7402e-05 -1.03651e-05
15.04 7.58781e-06 -3.7402e-05 -1.03651e-05
15.05 7.58781e-06 -3.7402e-05 -1.03651e-05
15.06 7.58781e-06 -3.7402e-05 -1.03651e-05
15.07 7.58781e-06 -3.7402e-05 -1.03651e-05
15.08 7.58781e-06 -3.7402e-05 -1.03651e-05
15.09 7.58781e-06 -3.7402e-05 -1.03651e-05
15.1 7.58781e-06 -3.7402e-05 -1.03651e-05
15.11 7.58781e-06 -3.7402e-05 -1.03651e-05
15.12 7.58781e-06 -3.7402e-05 -1.03651e-05
15.13 7.58781e-06 -3.7402e-05 -1.03651e-05
15.14 7.58781e-06 -3.7402e-05 -1.03651e-05
15.15 7.58781e-06 -3.7402e-05 -1.03651e-05
15.16 7.58781e-06 -3.7402e-05 -1.03651e-05
15.17 7.58781e-06 -3.7402e-05 -1.03651e-05
15.18 7.58781e-06 -3.7402e-05 -1.03651e-05
15.19 7.58781e-06 -3.7402e-05 -1.03651e-05
15.2 7.58781e-06 -3.7402e-05 -1.03651e-05
15.21 7.58781e-06 -3.7402e-05 -1.03651e-05
15.22 7.58781e-06 -3.7402e-05 -1.03651e-05
15.23 7.58781e-06 -3.7402e-05 -1.03651e-05
15.24 7.58781e-06 -3.7402e-05 -1.03651e-05
15.25 7.58781e-06 -3.7402e-05 -1.03651e-05
15.26 7.58781e-06 -3.7402e-05 -1.03651e-05
15.27 7.58781e-06 -3.7402e-05 -1.03651e-05
15.28 7.58781e-06 -3.7402e-05 -1.03651e-05
15.29 7.58781e-06 -3.7402e-05 -1.03651e-05
15.3 7.58781e-06 -3.7402e-05 -1.03651e-05
15.31 7.58781e-06 -3.7402e-05 -1.03651e-05
15.32 7.58781e-06 -3.7402e-05 -1.03651e-05
15.33 7.58781e-06 -3.7402e-05 -1.03651e-05
15.34 7.58781e-06 -3.7402e-05 -1.03651e-05
15.35 7.58781e-06 -3.7402e-05 -1.03651e-05
15.36 7.58781e-06 -3.7402e-05 -1.03651e-05
15.37 7.58781e-06 -3.7402e-05 -1.03651e-05
15.38 7.58781e-06 -3.7402e-05 -1.03651e-05
15.39 7.58781e-06 -3.7402e-05 -1.03651e-05
15.4 7.58781e-06 -3.7402e-05 -1.03651e-05
15.41 7.58781e-06 -3.7402e-05 -1.03651e-05
15.42 7.58781e-06 -3.7402e-05 -1.03651e-05
15.43 7.58781e-06 -3.7402e-05 -1.03651e-05
15.44 7.58781e-06 -3.7402e-05 -1.03651e-05
15.45 7.58781e-06 -3.7402e-05 -1.03651e-05
15.46 7.58781e-06 -3.7402e-05 -1.03651e-05
15.47 7.58781e-06 -3.7402e-05 -1.03651e-05
15.48 7.58781e-06 -3.7402e-05 -1.03651e-05
15.49 7.58781e-06 -3.7402e-05 -1.03651e-05
15.5 7.58781e-06 -3.7402e-05 -1.03651e-05
15.51 7.58781e-06 -3.7402e-05 -1.03651e-05
15.52 7.58781e-06 -3.7402e-05 -1.03651e-05
15.53 7.58781e-06 -3.7402e-05 -1.03651e-05
15.54 7.58781e-06 -3.7402e-05 -1.03651e-05
15.55 7.58781e-06 -3.7402e-05 -1.03651e-05
15.56 7.58781e-06 -3.7402e-05 -1.03651e-05
15.57 7.58781e-06 -3.7402e-05 -1.03651e-05
15.58 7.58781e-06 -3.7402e-05 -1.03651e-05
15.59 7.58781e-06 -3.7402e-05 -1.03651e-05
15.6 7.58781e-06 -3.7402e-05 -1.03651e-05
15.61 7.58781e-06 -3.7402e-05 -1.03651e-05
15.62 7.58781e-06 -3.7402e-05 -1.03651e-05
15.63 7.58781e-06 -3.7402e-05 -1.03651e-05
15.64 7.58781e-06 -3.7402e-05 -1.03651e-05
15.65 7.58781e-06 -3.7402e-05 -1.03651e-05
15.66 7.58781e-06 -3.7402e-05 -1.03651e-05
15.67 7.58781e-06 -3.7402e-05 -1.03651e-05
15.68 7.58781e-06 -3.7402e-05 -1.03651e-05
15.69 7.58781e-06 -3.7402e-05 -1.03651e-05
15.7 7.58781e-06 -3.7402e-05 -1.03651e-05
15.71 7.58781e-06 -3.7402e-05 -1.03651e-05
15.72 7.58781e-06 -3.7402e-05 -1.03651e-05
15.73 7.58781e-06 -3.7402e-05 -1.03651e-05
15.74 7.58781e-06 -3.7402e-05 -1.03651e-05
15.75 7.58781e-06 -3.7402e-05 -1.03651e-05
15.76 7.58781e-06 -3.7402e-05 -1.03651e-05
15.77 7.58781e-06 -3.7402e-05 -1.03651e-05
15.78 7.58781e-06 -3.7402e-05 -1.03651e-05
15.79 7.58781e-06 -3.7402e-05 -1.03651e-05
15.8 7.58781e-06 -3.7402e-05 -1.03651e-05
15.81 7.58781e-06 -3.7402e-05 -1.03651e-05
15.82 7.58781e-06 -3.7402e-05 -1.03651e-05
15.83 7.58781e-06 -3.7402e-05 -1.03651e-05
15.84 7.58781e-06 -3.7402e-05 -1.03651e-05
15.85 7.58781e-06 -3.7402e-05 -1.03651e-05
15.86 7.58781e-06 -3.7402e-05 -1.03651e-05
15.87 7.58781e-06 -3.7402e-05 -1.03651e-05
15.88 7.58781e-06 -3.7402e-05 -1.03651e-05
15.89 7.58781e-06 -3.7402e-05 -1.03651e-05
15.9 7.58781e-06 -3.7402e-05 -1.03651e-05
15.91 7.58781e-06 -3.7402e-05 -1.03651e-05
15.92 7.58781e-06 -3.7402e-05 -1.03651e-05
15.93 7.58781e-06 -3.7402e-05 -1.03651e-05
15.94 7.58781e-06 -3.7402e-05 -1.03651e-05
15.95 7.58781e-06 -3.7402e-05 -1.03651e-05
15.96 7.58781e-06 -3.7402e-05 -1.03651e-05
15.97 7.58781e-06 -3.7402e-05 -1.03651e-05
15.98 7.58781e-06 -3.7402e-05 -1.03651e-05
15.99 7.58781e-06 -3.7402e-05 -1.03651e-05
16 7.58781e-06 -3.7402e-05 -1.03651e-05
16.01 7.58781e-06 -3.7402e-05 -1.03651e-05
16.02 7.58781e-06 -3.7402e-05 -1.03651e-05
16.03 7.58781e-06 -3.7402e-05 -1.03651e-05
16.04 7.58781e-06 -3.7402e-05 -1.03651e-05
16.05 7.58781e-06 -3.7402e-05 -1.03651e-05
16.06 7.58781e-06 -3.7402e-05 -1.03651e-05
16.07 7.58781e-06 -3.7402e-05 -1.03651e-05
16.08 7.58781e-06 -3.7402e-05 -1.03651e-05
16.09 7.58781e-06 -3.7402e-05 -1.03651e-05
16.1 7.58781e-06 -3.7402e-05 -1.03651e-05
16.11 7.58781e-06 -3.7402e-05 -1.03651e-05
16.12 7.58781e-06 -3.7402e-05 -1.03651e-05
16.13 7.58781e-06 -3.7402e-05 -1.03651e-05
16.14 7.58781e-06 -3.7402e-05 -1.03651e-05
16.15 7.58781e-06 -3.7402e-05 -1.03651e-05
16.16 7.58781e-06 -3.7402e-05 -1.03651e-05
16.17 7.58781e-06 -3.7402e-05 -1.03651e-05
16.18 7.58781e-06 -3.7402e-05 -1.03651e-05
16.19 7.58781e-06 -3.7402e-05 -1.03651e-05
16.2 7.58781e-06 -3.7402e-05 -1.03651e-05
16.21 7.58781e-06 -3.7402e-05 -1.03651e-05
16.22 7.58781e-06 -3.7402e-05 -1.03651e-05
16.23 7.58781e-06 -3.7402e-05 -1.03651e-05
16.24 7.58781e-06 -3.7402e-05 -1.03651e-05
16.25 7.58781e-06 -3.7402e-05 -1.03651e-05
16.26 7.58781e-06 -3.7402e-05 -1.03651e-05
16.27 7.58781e-06 -3.7402e-05 -1.03651e-05
16.28 7.58781e-06 -3.7402e-05 -1.03651e-05
16.29 7.58781e-06 -3.7402e-05 -1.03651e-05
16.3 7.58781e-06 -3.7402e-05 -1.03651e-05
16.31 7.58781e-06 -3.7402e-05 -1.03651e-05
16.32 7.58781e-06 -3.7402e-05 -1.03651e-05
16.33 7.58781e-06 -3.7402e-05 -1.03651e-05
16.34 7.58781e-06 -3.7402e-05 -1.03651e-05
16.35 7.58781e-06 -3.7402e-05 -1.03651e-05
16.36 7.58781e-06 -3.7402e-05 -1.03651e-05
16.37 7.58781e-06 -3.7402e-05 -1.03651e-05
16.38 7.58781e-06 -3.7402e-05 -1.03651e-05
16.39 7.58781e-06 -3.7402e-05 -1.03651e-05
16.4 7.58781e-06 -3.7402e-05 -1.03651e-05
16.41 7.58781e-06 -3.7402e-05 -1.03651e-05
16.42 7.58781e-06 -3.7402e-05 -1.03651e-05
16.43 7.58781e-06 -3.7402e-05 -1.03651e-05
16.44 7.58781e-06 -3.7402e-05 -1.03651e-05
16.45 7.58781e-06 -3.7402e-05 -1.03651e-05
16.46 7.58781e-06 -3.7402e-05 -1.03651e-05
16.47 7.58781e-06 -3.7402e-05 -1.03651e-05
16.48 7.58781e-06 -3.7402e-05 -1.03651e-05
16.49 7.58781e-06 -3.7402e-05 -1.03651e-05
16.5 7.58781e-06 -3.7402e-05 -1.03651e-05
16.51 7.58781e-06 -3.7402e-05 -1.03651e-05
16.52 7.58781e-06 -3.7402e-05 -1.03651e-05
16.53 7.58781e-06 -3.7402e-05 -1.03651e-05
16.54 7.58781e-06 -3.7402e-05 -1.03651e-05
16.55 7.58781e-06 -3.7402e-05 -1.03651e-05
16.56 7.58781e-06 -3.7402e-05 -1.03651e-05
16.57 7.58781e-06 -3.7402e-05 -1.03651e-05
16.58 7.58781e-06 -3.7402e-05 -1.03651e-05
16.59 7.58781e-06 -3.7402e-05 -1.03651e-05
16.6 7.58781e-06 -3.7402e-05 -1.03651e-05
16.61 7.58781e-06 -3.7402e-05 -1.03651e-05
16.62 7.58781e-06 -3.7402e-05 -1.03651e-05
16.63 7.58781e-06 -3.7402e-05 -1.03651e-05
16.64 7.58781e-06 -3.7402e-05 -1.03651e-05
16.65 7.58781e-06 -3.7402e-05 -1.03651e-05
16.66 7.58781e-06 -3.7402e-05 -1.03651e-05
16.67 7.58781e-06 -3.7402e-05 -1.03651e-05
16.68 7.58781e-06 -3.7402e-05 -1.03651e-05
16.69 7.58781e-06 -3.7402e-05 -1.03651e-05
16.7 7.58781e-06 -3.7402e-05 -1.03651e-05
16.71 7.58781e-06 -3.7402e-05 -1.03651e-05
16.72 7.58781e-06 -3.7402e-05 -1.03651e-05
16.73 7.58781e-06 -3.7402e-05 -1.03651e-05
16.74 7.58781e-06 -3.7402e-05 -1.03651e-05
16.75 7.58781e-06 -3.7402e-05 -1.03651e-05
16.76 7.58781e-06 -3.7402e-05 -1.03651e-05
16.77 7.58781e-06 -3.7402e-05 -1.03651e-05
16.78 7.58781e-06 -3.7402e-05 -1.03651e-05
16.79 7.58781e-06 -3.7402e-05 -1.03651e-05
16.8 7.58781e-06 -3.7402e-05 -1.03651e-05
16.81 7.58781e-06 -3.7402e-05 -1.03651e-05
16.82 7.58781e-06 -3.7402e-05 -1.03651e-05
16.83 7.58781e-06 -3.7402e-05 -1.03651e-05
16.84 7.58781e-06 -3.7402e-05 -1.03651e-05
16.85 7.58781e-06 -3.7402e-05 -1.03651e-05
16.86 7.58781e-06 -3.7402e-05 -1.03651e-05
16.87 7.58781e-06 -3.7402e-05 -1.03651e-05
16.88 7.58781e-06 -3.7402e-05 -1.03651e-05
16.89 7.58781e-06 -3.7402e-05 -1.03651e-05
16.9 7.58781e-06 -3.7402e-05 -1.03651e-05
16.91 7.58781e-06 -3.7402e-05 -1.03651e-05
16.92 7.58781e-06 -3.7402e-05 -1.03651e-05
16.93 7.58781e-06 -3.7402e-05 -1.03651e-05
16.94 7.58781e-06 -3.7402e-05 -1.03651e-05
16.95 7.58781e-06 -3.7402e-05 -1.03651e-05
16.96 7.58781e-06 -3.7402e-05 -1.03651e-05
16.97 7.58781e-06 -3.7402e-05 -1.03651e-05
16.98 7.58781e-06 -3.7402e-05 -1.03651e-05
16.99 7.58781e-06 -3.7402e-05 -1.03651e-05
17 7.58781e-06 -3.7402e-05 -1.03651e-05
17.01 7.58781e-06 -3.7402e-05 -1.03651e-05
17.02 7.58781e-06 -3.7402e-05 -1.03651e-05
17.03 7.58781e-06 -3.7402e-05 -1.03651e-05
17.04 7.58781e-06 -3.7402e-05 -1.03651e-05
17.05 7.58781e-06 -3.7402e-05 -1.03651e-05
17.06 7.58781e-06 -3.7402e-05 -1.03651e-05
17.07 7.58781e-06 -3.7402e-05 -1.03651e-05
17.08 7.58781e-06 -3.7402e-05 -1.03651e-05
17.09 7.58781e-06 -3.7402e-05 -1.03651e-05
17.1 7.58781e-06 -3.7402e-05 -1.03651e-05
17.11 7.58781e-06 -3.7402e-05 -1.03651e-05
17.12 7.58781e-06 -3.7402e-05 -1.03651e-05
17.13 7.58781e-06 -3.7402e-05 -1.03651e-05
17.14 7.58781e-06 -3.7402e-05 -1.03651e-05
17.15 7.58781e-06 -3.7402e-05 -1.03651e-05
17.16 7.58781e-06 -3.7402e-05 -1.03651e-05
17.17 7.58781e-06 -3.7402e-05 -1.03651e-05
17.18 7.58781e-06 -3.7402e-05 -1.03651e-05
17.19 7.58781e-06 -3.7402e-05 -1.03651e-05
17.2 7.58781e-06 -3.7402e-05 -1.03651e-05
17.21 7.58781e-06 -3.7402e-05 -1.03651e-05
17.22 7.58781e-06 -3.7402e-05 -1.03651e-05
17.23 7.58781e-06 -3.7402e-05 -1.03651e-05
17.24 7.58781e-06 -3.7402e-05 -1.03651e-05
17.25 7.58781e-06 -3.7402e-05 -1.03651e-05
17.26 7.58781e-06 -3.7402e-05 -1.03651e-05
17.27 7.58781e-06 -3.7402e-05 -1.03651e-05
17.28 7.58781e-06 -3.7402e-05 -1.03651e-05
17.29 7.58781e-06 -3.7402e-05 -1.03651e-05
17.3 7.58781e-06 -3.7402e-05 -1.03651e-05
17.31 7.58781e-06 -3.7402e-05 -1.03651e-05
17.32 7.58781e-06 -3.7402e-05 -1.03651e-05
17.33 7.58781e-06 -3.7402e-05 -1.03651e-05
17.34 7.58781e-06 -3.7402e-05 -1.03651e-05
17.35 7.58781e-06 -3.7402e-05 -1.03651e-05
17.36 7.58781e-06 -3.7402e-05 -1.03651e-05
17.37 7.58781e-06 -3.7402e-05 -1.03651e-05
17.38 7.58781e-06 -3.7402e-05 -1.03651e-05
17.39 7.58781e-06 -3.7402e-05 -1.03651e-05
17.4 7.58781e-06 -3.7402e-05 -1.03651e-05
17.41 7.58781e-06 -3.7402e-05 -1.03651e-05
17.42 7.58781e-06 -3.7402e-05 -1.03651e-05
17.43 7.58781e-06 -3.7402e-05 -1.03651e-05
17.44 7.58781e-06 -3.7402e-05 -1.03651e-05
17.45 7.58781e-06 -3.7402e-05 -1.03651e-05
17.46 7.58781e-06 -3.7402e-05 -1.03651e-05
17.47 7.58781e-06 -3.7402e-05 -1.03651e-05
17.48 7.58781e-06 -3.7402e-05 -1.03651e-05
17.49 7.58781e-06 -3.7402e-05 -1.03651e-05
17.5 7.58781e-06 -3.7402e-05 -1.03651e-05
17.51 7.58781e-06 -3.7402e-05 -1.03651e-05
17.52 7.58781e-06 -3.7402e-05 -1.03651e-05
17.53 7.58781e-06 -3.7402e-05 -1.03651e-05
17.54 7.58781e-06 -3.7402e-05 -1.03651e-05
17.55 7.58781e-06 -3.7402e-05 -1.03651e-05
17.56 7.58781e-06 -3.7402e-05 -1.03651e-05
17.57 7.58781e-06 -3.7402e-05 -1.03651e-05
17.58 7.58781e-06 -3.7402e-05 -1.03651e-05
17.59 7.58781e-06 -3.7402e-05 -1.03651e-05
17.6 7.58781e-06 -3.7402e-05 -1.03651e-05
17.61 7.58781e-06 -3.7402e-05 -1.03651e-05
17.62 7.58781e-06 -3.7402e-05 -1.03651e-05
17.63 7.58781e-06 -3.7402e-05 -1.03651e-05
17.64 7.58781e-06 -3.7402e-05 -1.03651e-05
17.65 7.58781e-06 -3.7402e-05 -1.03651e-05
17.66 7.58781e-06 -3.7402e-05 -1.03651e-05
17.67 7.58781e-06 -3.7402e-05 -1.03651e-05
17.68 7.58781e-06 -3.7402e-05 -1.03651e-05
17.69 7.58781e-06 -3.7402e-05 -1.03651e-05
17.7 7.58781e-06 -3.7402e-05 -1.03651e-05
17.71 7.58781e-06 -3.7402e-05 -1.03651e-05
17.72 7.58781e-06 -3.7402e-05 -1.03651e-05
17.73 7.58781e-06 -3.7402e-05 -1.03651e-05
17.74 7.58781e-06 -3.7402e-05 -1.03651e-05
17.75 7.58781e-06 -3.7402e-05 -1.03651e-05
17.76 7.58781e-06 -3.7402e-05 -1.03651e-05
17.77 7.58781e-06 -3.7402e-05 -1.03651e-05
17.78 7.58781e-06 -3.7402e-05 -1.03651e-05
17.79 7.58781e-06 -3.7402e-05 -1.03651e-05
17.8 7.58781e-06 -3.7402e-05 -1.03651e-05
17.81 7.58781e-06 -3.7402e-05 -1.03651e-05
17.82 7.58781e-06 -3.7402e-05 -1.03651e-05
17.83 7.58781e-06 -3.7402e-05 -1.03651e-05
17.84 7.58781e-06 -3.7402e-05 -1.03651e-05
17.85 7.58781e-06 -3.7402e-05 -1.03651e-05
17.86 7.58781e-06 -3.7402e-05 -1.03651e-05
17.87 7.58781e-06 -3.7402e-05 -1.03651e-05
17.88 7.58781e-06 -3.7402e-05 -1.03651e-05
17.89 7.58781e-06 -3.7402e-05 -1.03651e-05
17.9 7.58781e-06 -3.7402e-05 -1.03651e-05
17.91 7.58781e-06 -3.7402e-05 -1.03651e-05
17.92 7.58781e-06 -3.7402e-05 -1.03651e-05
17.93 7.58781e-06 -3.7402e-05 -1.03651e-05
17.94 7.58781e-06 -3.7402e-05 -1.03651e-05
17.95 7.58781e-06 -3.7402e-05 -1.03651e-05
17.96 7.58781e-06 -3.7402e-05 -1.03651e-05
17.97 7.58781e-06 -3.7402e-05 -1.03651e-05
17.98 7.58781e-06 -3.7402e-05 -1.03651e-05
17.99 7.58781e-06 -3.7402e-05 -1.03651e-05
18 7.58781e-06 -3.7402e-05 -1.03651e-05
18.01 7.58781e-06 -3.7402e-05 -1.03651e-05
18.02 7.58781e-06 -3.7402e-05 -1.03651e-05
18.03 7.58781e-06 -3.7402e-05 -1.03651e-05
18.04 7.58781e-06 -3.7402e-05 -1.03651e-05
18.05 7.58781e-06 -3.7402e-05 -1.03651e-05
18.06 7.58781e-06 -3.7402e-05 -1.03651e-05
18.07 7.58781e-06 -3.7402e-05 -1.03651e-05
18.08 7.58781e-06 -3.7402e-05 -1.03651e-05
18.09 7.58781e-06 -3.7402e-05 -1.03651e-05
18.1 7.58781e-06 -3.7402e-05 -1.03651e-05
18.11 7.58781e-06 -3.7402e-05 -1.03651e-05
18.12 7.58781e-06 -3.7402e-05 -1.03651e-05
18.13 7.58781e-06 -3.7402e-05 -1.03651e-05
18.14 7.58781e-06 -3.7402e-05 -1.03651e-05
18.15 7.58781e-06 -3.7402e-05 -1.03651e-05
18.16 7.58781e-06 -3.7402e-05 -1.03651e-05
18.17 7.58781e-06 -3.7402e-05 -1.03651e-05
18.18 7.58781e-06 -3.7402e-05 -1.03651e-05
18.19 7.58781e-06 -3.7402e-05 -1.03651e-05
18.2 7.58781e-06 -3.7402e-05 -1.03651e-05
18.21 7.58781e-06 -3.7402e-05 -1.03651e-05
18.22 7.58781e-06 -3.7402e-05 -1.03651e-05
18.23 7.58781e-06 -3.7402e-05 -1.03651e-05
18.24 7.58781e-06 -3.7402e-05 -1.03651e-05
18.25 7.58781e-06 -3.7402e-05 -1.03651e-05
18.26 7.58781e-06 -3.7402e-05 -1.03651e-05
18.27 7.58781e-06 -3.7402e-05 -1.03651e-05
18.28 7.58781e-06 -3.7402e-05 -1.03651e-05
18.29 7.58781e-06 -3.7402e-05 -1.03651e-05
18.3 7.58781e-06 -3.7402e-05 -1.03651e-05
18.31 7.58781e-06 -3.7402e-05 -1.03651e-05
18.32 7.58781e-06 -3.7402e-05 -1.03651e-05
18.33 7.58781e-06 -3.7402e-05 -1.03651e-05
18.34 7.58781e-06 -3.7402e-05 -1.03651e-05
18.35 7.58781e-06 -3.7402e-05 -1.03651e-05
18.36 7.58781e-06 -3.7402e-05 -1.03651e-05
18.37 7.58781e-06 -3.7402e-05 -1.03651e-05
18.38 7.58781e-06 -3.7402e-05 -1.03651e-05
18.39 7.58781e-06 -3.7402e-05 -1.03651e-05
18.4 7.58781e-06 -3.7402e-05 -1.03651e-05
18.41 7.58781e-06 -3.7402e-05 -1.03651e-05
18.42 7.58781e-06 -3.7402e-05 -1.03651e-05
18.43 7.58781e-06 -3.7402e-05 -1.03651e-05
18.44 7.58781e-06 -3.7402e-05 -1.03651e-05
18.45 7.58781e-06 -3.7402e-05 -1.03651e-05
18.46 7.58781e-06 -3.7402e-05 -1.03651e-05
18.47 7.58781e-06 -3.7402e-05 -1.03651e-05
18.48 7.58781e-06 -3.7402e-05 -1.03651e-05
18.49 7.58781e-06 -3.7402e-05 -1.03651e-05
18.5 7.58781e-06 -3.7402e-05 -1.03651e-05
18.51 7.58781e-06 -3.7402e-05 -1.03651e-05
18.52 7.58781e-06 -3.7402e-05 -1.03651e-05
18.53 7.58781e-06 -3.7402e-05 -1.03651e-05
18.54 7.58781e-06 -3.7402e-05 -1.03651e-05
18.55 7.58781e-06 -3.7402e-05 -1.03651e-05
18.56 7.58781e-06 -3.7402e-05 -1.03651e-05
18.57 7.58781e-06 -3.7402e-05 -1.03651e-05
18.58 7.58781e-06 -3.7402e-05 -1.03651e-05
18.59 7.58781e-06 -3.7402e-05 -1.03651e-05
18.6 7.58781e-06 -3.7402e-05 -1.03651e-05
18.61 7.58781e-06 -3.7402e-05 -1.03651e-05
18.62 7.58781e-06 -3.7402e-05 -1.03651e-05
18.63 7.58781e-06 -3.7402e-05 -1.03651e-05
18.64 7.58781e-06 -3.7402e-05 -1.03651e-05
18.65 7.58781e-06 -3.7402e-05 -1.03651e-05
18.66 7.58781e-06 -3.7402e-05 -1.03651e-05
18.67 7.58781e-06 -3.7402e-05 -1.03651e-05
18.68 7.58781e-06 -3.7402e-05 -1.03651e-05
18.69 7.58781e-06 -3.7402e-05 -1.03651e-05
18.7 7.58781e-06 -3.7402e-05 -1.03651e-05
18.71 7.58781e-06 -3.7402e-05 -1.03651e-05
18.72 7.58781e-06 -3.7402e-05 -1.03651e-05
18.73 7.58781e-06 -3.7402e-05 -1.03651e-05
18.74 7.58781e-06 -3.7402e-05 -1.03651e-05
18.75 7.58781e-06 -3.7402e-05 -1.03651e-05
18.76 7.58781e-06 -3.7402e-05 -1.03651e-05
18.77 7.58781e-06 -3.7402e-05 -1.03651e-05
18.78 7.58781e-06 -3.7402e-05 -1.03651e-05
18.79 7.58781e-06 -3.7402e-05 -1.03651e-05
18.8 7.58781e-06 -3.7402e-05 -1.03651e-05
18.81 7.58781e-06 -3.7402e-05 -1.03651e-05
18.82 7.58781e-06 -3.7402e-05 -1.03651e-05
18.83 7.58781e-06 -3.7402e-05 -1.03651e-05
18.84 7.58781e-06 -3.7402e-05 -1.03651e-05
18.85 7.58781e-06 -3.7402e-05 -1.03651e-05
18.86 7.58781e-06 -3.7402e-05 -1.03651e-05
18.87 7.58781e-06 -3.7402e-05 -1.03651e-05
18.88 7.58781e-06 -3.7402e-05 -1.03651e-05
18.89 7.58781e-06 -3.7402e-05 -1.03651e-05
18.9 7.58781e-06 -3.7402e-05 -1.03651e-05
18.91 7.58781e-06 -3.7402e-05 -1.03651e-05
18.92 7.58781e-06 -3.7402e-05 -1.03651e-05
18.93 7.58781e-06 -3.7402e-05 -1.03651e-05
18.94 7.58781e-06 -3.7402e-05 -1.03651e-05
18.95 7.58781e-06 -3.7402e-05 -1.03651e-05
18.96 7.58781e-06 -3.7402e-05 -1.03651e-05
18.97 7.58781e-06 -3.7402e-05 -1.03651e-05
18.98 7.58781e-06 -3.7402e-05 -1.03651e-05
18.99 7.58781e-06 -3.7402e-05 -1.03651e-05
19 7.58781e-06 -3.7402e-05 -1.03651e-05
19.01 7.58781e-06 -3.7402e-05 -1.03651e-05
19.02 7.58781e-06 -3.7402e-05 -1.03651e-05
19.03 7.58781e-06 -3.7402e-05 -1.03651e-05
19.04 7.58781e-06 -3.7402e-05 -1.03651e-05
19.05 7.58781e-06 -3.7402e-05 -1.03651e-05
19.06 7.58781e-06 -3.7402e-05 -1.03651e-05
19.07 7.58781e-06 -3.7402e-05 -1.03651e-05
19.08 7.58781e-06 -3.7402e-05 -1.03651e-05
19.09 7.58781e-06 -3.7402e-05 -1.03651e-05
19.1 7.58781e-06 -3.7402e-05 -1.03651e-05
19.11 7.58781e-06 -3.7402e-05 -1.03651e-05
19.12 7.58781e-06 -3.7402e-05 -1.03651e-05
19.13 7.58781e-06 -3.7402e-05 -1.03651e-05
19.14 7.58781e-06 -3.7402e-05 -1.03651e-05
19.15 7.58781e-06 -3.7402e-05 -1.03651e-05
19.16 7.58781e-06 -3.7402e-05 -1.03651e-05
19.17 7.58781e-06 -3.7402e-05 -1.03651e-05
19.18 7.58781e-06 -3.7402e-05 -1.03651e-05
19.19 7.58781e-06 -3.7402e-05 -1.03651e-05
19.2 7.58781e-06 -3.7402e-05 -1.03651e-05
19.21 7.58781e-06 -3.7402e-05 -1.03651e-05
19.22 7.58781e-06 -3.7402e-05 -1.03651e-05
19.23 7.58781e-06 -3.7402e-05 -1.03651e-05
19.24 7.58781e-06 -3.7402e-05 -1.03651e-05
19.25 7.58781e-06 -3.7402e-05 -1.03651e-05
19.26 7.58781e-06 -3.7402e-05 -1.03651e-05
19.27 7.58781e-06 -3.7402e-05 -1.03651e-05
19.28 7.58781e-06 -3.7402e-05 -1.03651e-05
19.29 7.58781e-06 -3.7402e-05 -1.03651e-05
19.3 7.58781e-06 -3.7402e-05 -1.03651e-05
19.31 7.58781e-06 -3.7402e-05 -1.03651e-05
19.32 7.58781e-06 -3.7402e-05 -1.03651e-05
19.33 7.58781e-06 -3.7402e-05 -1.03651e-05
19.34 7.58781e-06 -3.7402e-05 -1.03651e-05
19.35 7.58781e-06 -3.7402e-05 -1.03651e-05
19.36 7.58781e-06 -3.7402e-05 -1.03651e-05
19.37 7.58781e-06 -3.7402e-05 -1.03651e-05
19.38 7.58781e-06 -3.7402e-05 -1.03651e-05
19.39 7.58781e-06 -3.7402e-05 -1.03651e-05
19.4 7.58781e-06 -3.7402e-05 -1.03651e-05
19.41 7.58781e-06 -3.7402e-05 -1.03651e-05
19.42 7.58781e-06 -3.7402e-05 -1.03651e-05
19.43 7.58781e-06 -3.7402e-05 -1.03651e-05
19.44 7.58781e-06 -3.7402e-05 -1.03651e-05
19.45 7.58781e-06 -3.7402e-05 -1.03651e-05
19.46 7.58781e-06 -3.7402e-05 -1.03651e-05
19.47 7.58781e-06 -3.7402e-05 -1.03651e-05
19.48 7.58781e-06 -3.7402e-05 -1.03651e-05
19.49 7.58781e-06 -3.7402e-05 -1.03651e-05
19.5 7.58781e-06 -3.7402e-05 -1.03651e-05
19.51 7.58781e-06 -3.7402e-05 -1.03651e-05
19.52 7.58781e-06 -3.7402e-05 -1.03651e-05
19.53 7.58781e-06 -3.7402e-05 -1.03651e-05
19.54 7.58781e-06 -3.7402e-05 -1.03651e-05
19.55 7.58781e-06 -3.7402e-05 -1.03651e-05
19.56 7.58781e-06 -3.7402e-05 -1.03651e-05
19.57 7.58781e-06 -3.7402e-05 -1.03651e-05
19.58 7.58781e-06 -3.7402e-05 -1.03651e-05
19.59 7.58781e-06 -3.7402e-05 -1.03651e-05
19.6 7.58781e-06 -3.7402e-05 -1.03651e-05
19.61 7.58781e-06 -3.7402e-05 -1.03651e-05
19.62 7.58781e-06 -3.7402e-05 -1.03651e-05
19.63 7.58781e-06 -3.7402e-05 -1.03651e-05
19.64 7.58781e-06 -3.7402e-05 -1.03651e-05
19.65 7.58781e-06 -3.7402e-05 -1.03651e-05
19.66 7.58781e-06 -3.7402e-05 -1.03651e-05
19.67 7.58781e-06 -3.7402e-05 -1.03651e-05
19.68 7.58781e-06 -3.7402e-05 -1.03651e-05
19.69 7.58781e-06 -3.7402e-05 -1.03651e-05
19.7 7.58781e-06 -3.7402e-05 -1.03651e-05
19.71 7.58781e-06 -3.7402e-05 -1.03651e-05
19.72 7.58781e-06 -3.7402e-05 -1.03651e-05
19.73 7.58781e-06 -3.7402e-05 -1.03651e-05
19.74 7.58781e-06 -3.7402e-05 -1.03651e-05
19.75 7.58781e-06 -3.7402e-05 -1.03651e-05
19.76 7.58781e-06 -3.7402e-05 -1.03651e-05
19.77 7.58781e-06 -3.7402e-05 -1.03651e-05
19.78 7.58781e-06 -3.7402e-05 -1.03651e-05
19.79 7.58781e-06 -3.7402e-05 -1.03651e-05
19.8 7.58781e-06 -3.7402e-05 -1.03651e-05
19.81 7.58781e-06 -3.7402e-05 -1.03651e-05
19.82 7.58781e-06 -3.7402e-05 -1.03651e-05
19.83 7.58781e-06 -3.7402e-05 -1.03651e-05
19.84 7.58781e-06 -3.7402e-05 -1.03651e-05
19.85 7.58781e-06 -3.7402e-05 -1.03651e-05
19.86 7.58781e-06 -3.7402e-05 -1.03651e-05
19.87 7.58781e-06 -3.7402e-05 -1.03651e-05
19.88 7.58781e-06 -3.7402e-05 -1.03651e-05
19.89 7.58781e-06 -3.7402e-05 -1.03651e-05
19.9 7.58781e-06 -3.7402e-05 -1.03651e-05
19.91 7.58781e-06 -3.7402e-05 -1.03651e-05
19.92 7.58781e-06 -3.7402e-05 -1.03651e-05
19.93 7.58781e-06 -3.7402e-05 -1.03651e-05
19.94 7.58781e-06 -3.7402e-05 -1.03651e-05
19.95 7.58781e-06 -3.7402e-05 -1.03651e-05
19.96 7.58781e-06 -3.7402e-05 -1.03651e-05
19.97 7.58781e-06 -3.7402e-05 -1.03651e-05
19.98 7.58781e-06 -3.7402e-05 -1.03651e-05
19.99 7.58781e-06 -3.7402e-05 -1.03651e-05
20 7.58781e-06 -3.7402e-05 -1.03651e-05
