0.01 -3.34546 -6.23766 -3.83325 -0.585155 0
0.02 -3.34546 -6.23766 -3.83325 -1.39053 0
0.03 -3.34546 -6.23766 -3.83325 -2.34384 0
0.04 -3.34546 -6.23766 -3.83325 -2.85597 0
0.05 -3.34546 -6.23766 -3.83325 -3.14429 0
0.06 -3.34546 -6.23766 -3.83325 -3.74108 0
0.07 -3.34546 -6.23766 -3.83325 -4.5672 0
0.08 -3.34546 -6.23766 -3.83325 -5.1579 0
0.09 -3.34546 -6.23766 -3.83325 -5.48275 0
0.1 -3.34546 -6.23766 -3.83325 -5.92085 0
0.11 -3.34546 -6.23766 -3.83325 -6.57002 0
0.12 -3.34546 -6.23766 -3.83325 -7.1295 0
0.13 -3.34546 -6.23766 -3.83325 -7.45416 0
0.14 -3.34546 -6.23766 -3.83325 -7.76354 0
0.15 -3.34546 -6.23766 -3.83325 -8.22014 0
0.16 -3.34546 -6.23766 -3.83325 -8.67018 0
0.17 -3.34546 -6.23766 -3.83325 -8.94458 0
0.18 -3.34546 -6.23766 -3.83325 -9.13591 0
0.19 -3.34546 -6.23766 -3.83325 -9.40205 0
0.2 -3.34546 -6.23766 -3.83325 -9.69537 0
0.21 -3.34546 -6.23766 -3.83325 -9.87271 0
0.22 -3.34546 -6.23766 -3.83325 -9.94393 0
0.23 -3.34546 -6.23766 -3.83325 -10.0296 0
0.24 -3.34546 -6.23766 -3.83325 -10.1448 0
0.25 -3.34546 -6.23766 -3.83325 -10.191 0
0.26 -3.34546 -6.23766 -3.83325 -10.1355 0
0.27 -3.34546 -6.23766 -3.83325 -10.0542 0
0.28 -3.34546 -6.23766 -3.83325 -9.98946 0
0.29 -3.34546 -6.23766 -3.83325 -9.88696 0
0.3 -3.34546 -6.23766 -3.83325 -9.70081 0
0.31 -3.34546 -6.23766 -3.83325 -9.46823 0
0.32 -3.34546 -6.23766 -3.83325 -9.23614 0
0.33 -3.34546 -6.23766 -3.83325 -8.98413 0
0.34 -3.34546 -6.23766 -3.83325 -8.67046 0
0.35 -3.34546 -6.23766 -3.83325 -8.30566 0
0.36 -3.34546 -6.23766 -3.83325 -7.92877 0
0.37 -3.34546 -6.23766 -3.83325 -7.54101 0
0.38 -3.34546 -6.23766 -3.83325 -7.11244 0
0.39 -3.34546 -6.23766 -3.83325 -6.63864 0
0.4 -3.34546 -6.23766 -3.83325 -6.14662 0
0.41 -3.34546 -6.23766 -3.83325 -5.64843 0
0.42 -3.34546 -6.23766 -3.83325 -5.12705 0
0.43 -3.34546 -6.23766 -3.83325 -4.57228 0
0.44 -3.34546 -6.23766 -3.83325 -3.99973 0
0.45 -3.34546 -6.23766 -3.83325 -3.42461 0
0.46 -3.34546 -6.23766 -3.83325 -2.84054 0
0.47 -3.34546 -6.23766 -3.83325 -2.23728 0
0.48 -3.34546 -6.23766 -3.83325 -1.62192 0
0.49 -3.34546 -6.23766 -3.83325 -1.00834 0
0.5 -3.34546 -6.23766 -3.83325 -0.397295 0
0.51 -3.34546 -6.23766 -3.83325 0.2187 0
0.52 -3.34546 -6.23766 -3.83325 0.837809 0
0.53 -3.34546 -6.23766 -3.83325 1.44942 0
0.54 -3.34546 -6.23766 -3.83325 2.04901 0
0.55 -3.34546 -6.23766 -3.83325 2.64059 0
0.56 -3.34546 -6.23766 -3.83325 3.2249 0
0.57 -3.34546 -6.23766 -3.83325 3.79488 0
0.58 -3.34546 -6.23766 -3.83325 4.34479 0
0.59 -3.34546 -6.23766 -3.83325 4.87571 0
0.6 -3.34546 -6.23766 -3.83325 5.38914 0
0.61 -3.34546 -6.23766 -3.83325 5.88103 0
0.62 -3.34546 -6.23766 -3.83325 6.34605 0
0.63 -3.34546 -6.23766 -3.83325 6.78336 0
0.64 -3.34546 -6.23766 -3.83325 7.19428 0
0.65 -3.34546 -6.23766 -3.83325 7.57696 0
0.66 -3.34546 -6.23766 -3.83325 7.9273 0
0.67 -3.34546 -6.23766 -3.83325 8.24358 0
0.68 -3.34546 -6.23766 -3.83325 8.52667 0
0.69 -3.34546 -6.23766 -3.83325 8.77613 0
0.7 -3.34546 -6.23766 -3.83325 8.98938 0
0.71 -3.34546 -6.23766 -3.83325 9.16464 0
0.72 -3.34546 -6.23766 -3.83325 9.30242 0
0.73 -3.34546 -6.23766 -3.83325 9.40316 0
0.74 -3.34546 -6.23766 -3.83325 9.46568 0
0.75 -3.34546 -6.23766 -3.83325 9.48874 0
0.76 -3.34546 -6.23766 -3.83325 9.47271 0
0.77 -3.34546 -6.23766 -3.83325 9.41857 0
0.78 -3.34546 -6.23766 -3.83325 9.32634 0
0.79 -3.34546 -6.23766 -3.83325 9.19557 0
0.8 -3.34546 -6.23766 -3.83325 9.02678 0
0.81 -3.34546 -6.23766 -3.83325 8.82133 0
0.82 -3.34546 -6.23766 -3.83325 8.58013 0
0.83 -3.34546 -6.23766 -3.83325 8.30362 0
0.84 -3.34546 -6.23766 -3.83325 7.99267 0
0.85 -3.34546 -6.23766 -3.83325 7.6489 0
0.86 -3.34546 -6.23766 -3.83325 7.27394 0
0.87 -3.34546 -6.23766 -3.83325 6.86898 0
0.88 -3.34546 -6.23766 -3.83325 6.43535 0
0.89 -3.34546 -6.23766 -3.83325 5.97493 0
0.9 -3.34546 -6.23766 -3.83325 5.48981 0
0.91 -3.34546 -6.23766 -3.83325 4.98182 0
0.92 -3.34546 -6.23766 -3.83325 4.4527 0
0.93 -3.34546 -6.23766 -3.83325 3.90458 0
0.94 -3.34546 -6.23766 -3.83325 3.33984 0
0.95 -3.34546 -6.23766 -3.83325 2.76071 0
0.96 -3.34546 -6.23766 -3.83325 2.16932 0
0.97 -3.34546 -6.23766 -3.83325 1.56794 0
0.98 -3.34546 -6.23766 -3.83325 0.959084 0
0.99 -3.34546 -6.23766 -3.83325 0.345228 0
1 -3.34546 -6.23766 -3.83325 -0.271312 0
1.01 -3.34546 -6.23766 -3.83325 -0.888178 0
1.02 -3.34546 -6.23766 -3.83325 -1.50286 0
1.03 -3.34546 -6.23766 -3.83325 -2.11287 0
1.04 -3.34546 -6.23766 -3.83325 -2.71583 0
1.05 -3.34546 -6.23766 -3.83325 -3.30943 0
1.06 -3.34546 -6.23766 -3.83325 -3.89132 0
1.07 -3.34546 -6.23766 -3.83325 -4.45913 0
1.08 -3.34546 -6.23766 -3.83325 -5.01062 0
1.09 -3.34546 -6.23766 -3.83325 -5.54368 0
1.1 -3.34546 -6.23766 -3.83325 -6.05621 0
1.11 -3.34546 -6.23766 -3.83325 -6.54613 0
1.12 -3.34546 -6.23766 -3.83325 -7.01151 0
1.13 -3.34546 -6.23766 -3.83325 -7.45054 0
1.14 -3.34546 -6.23766 -3.83325 -7.8615 0
1.15 -3.34546 -6.23766 -3.83325 -8.24276 0
1.16 -3.34546 -6.23766 -3.83325 -8.59277 0
1.17 -3.34546 -6.23766 -3.83325 -8.91019 0
1.18 -3.34546 -6.23766 -3.83325 -9.19377 0
1.19 -3.34546 -6.23766 -3.83325 -9.44239 0
1.2 -3.34546 -6.23766 -3.83325 -9.65505 0
1.21 -3.34546 -6.23766 -3.83325 -9.83091 0
1.22 -3.34546 -6.23766 -3.83325 -9.96929 0
1.23 -3.34546 -6.23766 -3.83325 -10.0697 0
1.24 -3.34546 -6.23766 -3.83325 -10.1316 0
1.25 -3.34546 -6.23766 -3.83325 -10.1548 0
1.26 -3.34546 -6.23766 -3.83325 -10.1393 0
1.27 -3.34546 -6.23766 -3.83325 -10.0851 0
1.28 -3.34546 -6.23766 -3.83325 -9.99246 0
1.29 -3.34546 -6.23766 -3.83325 -9.86165 0
1.3 -3.34546 -6.23766 -3.83325 -9.69324 0
1.31 -3.34546 -6.23766 -3.83325 -9.48789 0
1.32 -3.34546 -6.23766 -3.83325 -9.24641 0
1.33 -3.34546 -6.23766 -3.83325 -8.96975 0
1.34 -3.34546 -6.23766 -3.83325 -8.659 0
1.35 -3.34546 -6.23766 -3.83325 -8.3154 0
1.36 -3.34546 -6.23766 -3.83325 -7.9403 0
1.37 -3.34546 -6.23766 -3.83325 -7.53518 0
1.38 -3.34546 -6.23766 -3.83325 -7.10162 0
1.39 -3.34546 -6.23766 -3.83325 -6.64136 0
1.4 -3.34546 -6.23766 -3.83325 -6.15621 0
1.41 -3.34546 -6.23766 -3.83325 -5.64807 0
1.42 -3.34546 -6.23766 -3.83325 -5.11896 0
1.43 -3.34546 -6.23766 -3.83325 -4.57096 0
1.44 -3.34546 -6.23766 -3.83325 -4.00623 0
1.45 -3.34546 -6.23766 -3.83325 -3.42702 0
1.46 -3.34546 -6.23766 -3.83325 -2.83558 0
1.47 -3.34546 -6.23766 -3.83325 -2.23428 0
1.48 -3.34546 -6.23766 -3.83325 -1.62547 0
1.49 -3.34546 -6.23766 -3.83325 -1.01156 0
1.5 -3.34546 -6.23766 -3.83325 -0.394973 0
1.51 -3.34546 -6.23766 -3.83325 0.221858 0
1.52 -3.34546 -6.23766 -3.83325 0.836498 0
1.53 -3.34546 -6.23766 -3.83325 1.44652 0
1.54 -3.34546 -6.23766 -3.83325 2.04952 0
1.55 -3.34546 -6.23766 -3.83325 2.64312 0
1.56 -3.34546 -6.23766 -3.83325 3.22497 0
1.57 -3.34546 -6.23766 -3.83325 3.79278 0
1.58 -3.34546 -6.23766 -3.83325 4.3443 0
1.59 -3.34546 -6.23766 -3.83325 4.87737 0
1.6 -3.34546 -6.23766 -3.83325 5.38987 0
1.61 -3.34546 -6.23766 -3.83325 5.87979 0
1.62 -3.34546 -6.23766 -3.83325 6.34518 0
1.63 -3.34546 -6.23766 -3.83325 6.78422 0
1.64 -3.34546 -6.23766 -3.83325 7.19517 0
1.65 -3.34546 -6.23766 -3.83325 7.57641 0
1.66 -3.34546 -6.23766 -3.83325 7.92644 0
1.67 -3.34546 -6.23766 -3.83325 8.24386 0
1.68 -3.34546 -6.23766 -3.83325 8.52744 0
1.69 -3.34546 -6.23766 -3.83325 8.77605 0
1.7 -3.34546 -6.23766 -3.83325 8.98871 0
1.71 -3.34546 -6.23766 -3.83325 9.16458 0
1.72 -3.34546 -6.23766 -3.83325 9.30297 0
1.73 -3.34546 -6.23766 -3.83325 9.40332 0
1.74 -3.34546 -6.23766 -3.83325 9.46526 0
1.75 -3.34546 -6.23766 -3.83325 9.48852 0
1.76 -3.34546 -6.23766 -3.83325 9.47302 0
1.77 -3.34546 -6.23766 -3.83325 9.41882 0
1.78 -3.34546 -6.23766 -3.83325 9.32613 0
1.79 -3.34546 -6.23766 -3.83325 9.19532 0
1.8 -3.34546 -6.23766 -3.83325 9.02691 0
1.81 -3.34546 -6.23766 -3.83325 8.82156 0
1.82 -3.34546 -6.23766 -3.83325 8.58008 0
1.83 -3.34546 -6.23766 -3.83325 8.30342 0
1.84 -3.34546 -6.23766 -3.83325 7.99267 0
1.85 -3.34546 -6.23766 -3.83325 7.64907 0
1.86 -3.34546 -6.23766 -3.83325 7.27397 0
1.87 -3.34546 -6.23766 -3.83325 6.86884 0
1.88 -3.34546 -6.23766 -3.83325 6.4353 0
1.89 -3.34546 -6.23766 -3.83325 5.97503 0
1.9 -3.34546 -6.23766 -3.83325 5.48988 0
1.91 -3.34546 -6.23766 -3.83325 4.98174 0
1.92 -3.34546 -6.23766 -3.83325 4.45263 0
1.93 -3.34546 -6.23766 -3.83325 3.90463 0
1.94 -3.34546 -6.23766 -3.83325 3.3399 0
1.95 -3.34546 -6.23766 -3.83325 2.76068 0
1.96 -3.34546 -6.23766 -3.83325 2.16925 0
1.97 -3.34546 -6.23766 -3.83325 1.56795 0
1.98 -3.34546 -6.23766 -3.83325 0.959139 0
1.99 -3.34546 -6.23766 -3.83325 0.345229 0
2 -3.34546 -6.23766 -3.83325 -0.271357 0
2.01 -3.34546 -6.23766 -3.83325 -0.888188 0
2.02 -3.34546 -6.23766 -3.83325 -1.50283 0
2.03 -3.34546 -6.23766 -3.83325 -2.11285 0
2.04 -3.34546 -6.23766 -3.83325 -2.71585 0
2.05 -3.34546 -6.23766 -3.83325 -3.30945 0
2.06 -3.34546 -6.23766 -3.83325 -3.8913 0
2.07 -3.34546 -6.23766 -3.83325 -4.45911 0
2.08 -3.34546 -6.23766 -3.83325 -5.01063 0
2.09 -3.34546 -6.23766 -3.83325 -5.5437 0
2.1 -3.34546 -6.23766 -3.83325 -6.0562 0
2.11 -3.34546 -6.23766 -3.83325 -6.54612 0
2.12 -3.34546 -6.23766 -3.83325 -7.01151 0
2.13 -3.34546 -6.23766 -3.83325 -7.45055 0
2.14 -3.34546 -6.23766 -3.83325 -7.8615 0
2.15 -3.34546 -6.23766 -3.83325 -8.24274 0
2.16 -3.34546 -6.23766 -3.83325 -8.59277 0
2.17 -3.34546 -6.23766 -3.83325 -8.9102 0
2.18 -3.34546 -6.23766 -3.83325 -9.19377 0
2.19 -3.34546 -6.23766 -3.83325 -9.44238 0
2.2 -3.34546 -6.23766 -3.83325 -9.65504 0
2.21 -3.34546 -6.23766 -3.83325 -9.83091 0
2.22 -3.34546 -6.23766 -3.83325 -9.9693 0
2.23 -3.34546 -6.23766 -3.83325 -10.0697 0
2.24 -3.34546 -6.23766 -3.83325 -10.1316 0
2.25 -3.34546 -6.23766 -3.83325 -10.1548 0
2.26 -3.34546 -6.23766 -3.83325 -10.1393 0
2.27 -3.34546 -6.23766 -3.83325 -10.0851 0
2.28 -3.34546 -6.23766 -3.83325 -9.99246 0
2.29 -3.34546 -6.23766 -3.83325 -9.86165 0
2.3 -3.34546 -6.23766 -3.83325 -9.69324 0
2.31 -3.34546 -6.23766 -3.83325 -9.48789 0
2.32 -3.34546 -6.23766 -3.83325 -9.24641 0
2.33 -3.34546 -6.23766 -3.83325 -8.96975 0
2.34 -3.34546 -6.23766 -3.83325 -8.659 0
2.35 -3.34546 -6.23766 -3.83325 -8.3154 0
2.36 -3.34546 -6.23766 -3.83325 -7.9403 0
2.37 -3.34546 -6.23766 -3.83325 -7.53517 0
2.38 -3.34546 -6.23766 -3.83325 -7.10163 0
2.39 -3.34546 -6.23766 -3.83325 -6.64136 0
2.4 -3.34546 -6.23766 -3.83325 -6.15621 0
2.41 -3.34546 -6.23766 -3.83325 -5.64807 0
2.42 -3.34546 -6.23766 -3.83325 -5.11896 0
2.43 -3.34546 -6.23766 -3.83325 -4.57096 0
2.44 -3.34546 -6.23766 -3.83325 -4.00623 0
2.45 -3.34546 -6.23766 -3.83325 -3.42701 0
2.46 -3.34546 -6.23766 -3.83325 -2.83558 0
2.47 -3.34546 -6.23766 -3.83325 -2.23428 0
2.48 -3.34546 -6.23766 -3.83325 -1.62547 0
2.49 -3.34546 -6.23766 -3.83325 -1.01156 0
2.5 -3.34546 -6.23766 -3.83325 -0.394973 0
2.51 -3.34546 -6.23766 -3.83325 0.221858 0
2.52 -3.34546 -6.23766 -3.83325 0.836498 0
2.53 -3.34546 -6.23766 -3.83325 1.44652 0
2.54 -3.34546 -6.23766 -3.83325 2.04952 0
2.55 -3.34546 -6.23766 -3.83325 2.64312 0
2.56 -3.34546 -6.23766 -3.83325 3.22497 0
2.57 -3.34546 -6.23766 -3.83325 3.79278 0
2.58 -3.34546 -6.23766 -3.83325 4.3443 0
2.59 -3.34546 -6.23766 -3.83325 4.87737 0
2.6 -3.34546 -6.23766 -3.83325 5.38987 0
2.61 -3.34546 -6.23766 -3.83325 5.87979 0
2.62 -3.34546 -6.23766 -3.83325 6.34518 0
2.63 -3.34546 -6.23766 -3.83325 6.78422 0
2.64 -3.34546 -6.23766 -3.83325 7.19517 0
2.65 -3.34546 -6.23766 -3.83325 7.57641 0
2.66 -3.34546 -6.23766 -3.83325 7.92644 0
2.67 -3.34546 -6.23766 -3.83325 8.24386 0
2.68 -3.34546 -6.23766 -3.83325 8.52744 0
2.69 -3.34546 -6.23766 -3.83325 8.77605 0
2.7 -3.34546 -6.23766 -3.83325 8.98871 0
2.71 -3.34546 -6.23766 -3.83325 9.16458 0
2.72 -3.34546 -6.23766 -3.83325 9.30297 0
2.73 -3.34546 -6.23766 -3.83325 9.40332 0
2.74 -3.34546 -6.23766 -3.83325 9.46526 0
2.75 -3.34546 -6.23766 -3.83325 9.48852 0
2.76 -3.34546 -6.23766 -3.83325 9.47302 0
2.77 -3.34546 -6.23766 -3.83325 9.41882 0
2.78 -3.34546 -6.23766 -3.83325 9.32613 0
2.79 -3.34546 -6.23766 -3.83325 9.19532 0
2.8 -3.34546 -6.23766 -3.83325 9.02691 0
2.81 -3.34546 -6.23766 -3.83325 8.82156 0
2.82 -3.34546 -6.23766 -3.83325 8.58008 0
2.83 -3.34546 -6.23766 -3.83325 8.30342 0
2.84 -3.34546 -6.23766 -3.83325 7.99267 0
2.85 -3.34546 -6.23766 -3.83325 7.64907 0
2.86 -3.34546 -6.23766 -3.83325 7.27397 0
2.87 -3.34546 -6.23766 -3.83325 6.86884 0
2.88 -3.34546 -6.23766 -3.83325 6.4353 0
2.89 -3.34546 -6.23766 -3.83325 5.97503 0
2.9 -3.34546 -6.23766 -3.83325 5.48988 0
2.91 -3.34546 -6.23766 -3.83325 4.98174 0
2.92 -3.34546 -6.23766 -3.83325 4.45263 0
2.93 -3.34546 -6.23766 -3.83325 3.90463 0
2.94 -3.34546 -6.23766 -3.83325 3.3399 0
2.95 -3.34546 -6.23766 -3.83325 2.76068 0
2.96 -3.34546 -6.23766 -3.83325 2.16925 0
2.97 -3.34546 -6.23766 -3.83325 1.56795 0
2.98 -3.34546 -6.23766 -3.83325 0.959139 0
2.99 -3.34546 -6.23766 -3.83325 0.345229 0
3 -3.34546 -6.23766 -3.83325 -0.271357 0
3.01 -3.34546 -6.23766 -3.83325 -0.888188 0
3.02 -3.34546 -6.23766 -3.83325 -1.50283 0
3.03 -3.34546 -6.23766 -3.83325 -2.11285 0
3.04 -3.34546 -6.23766 -3.83325 -2.71585 0
3.05 -3.34546 -6.23766 -3.83325 -3.30945 0
3.06 -3.34546 -6.23766 -3.83325 -3.8913 0
3.07 -3.34546 -6.23766 -3.83325 -4.45911 0
3.08 -3.34546 -6.23766 -3.83325 -5.01063 0
3.09 -3.34546 -6.23766 -3.83325 -5.5437 0
3.1 -3.34546 -6.23766 -3.83325 -6.0562 0
3.11 -3.34546 -6.23766 -3.83325 -6.54612 0
3.12 -3.34546 -6.23766 -3.83325 -7.01151 0
3.13 -3.34546 -6.23766 -3.83325 -7.45055 0
3.14 -3.34546 -6.23766 -3.83325 -7.8615 0
3.15 -3.34546 -6.23766 -3.83325 -8.24274 0
3.16 -3.34546 -6.23766 -3.83325 -8.59277 0
3.17 -3.34546 -6.23766 -3.83325 -8.9102 0
3.18 -3.34546 -6.23766 -3.83325 -9.19377 0
3.19 -3.34546 -6.23766 -3.83325 -9.44238 0
3.2 -3.34546 -6.23766 -3.83325 -9.65504 0
3.21 -3.34546 -6.23766 -3.83325 -9.83091 0
3.22 -3.34546 -6.23766 -3.83325 -9.9693 0
3.23 -3.34546 -6.23766 -3.83325 -10.0697 0
3.24 -3.34546 -6.23766 -3.83325 -10.1316 0
3.25 -3.34546 -6.23766 -3.83325 -10.1548 0
3.26 -3.34546 -6.23766 -3.83325 -10.1393 0
3.27 -3.34546 -6.23766 -3.83325 -10.0851 0
3.28 -3.34546 -6.23766 -3.83325 -9.99246 0
3.29 -3.34546 -6.23766 -3.83325 -9.86165 0
3.3 -3.34546 -6.23766 -3.83325 -9.69324 0
3.31 -3.34546 -6.23766 -3.83325 -9.48789 0
3.32 -3.34546 -6.23766 -3.83325 -9.24641 0
3.33 -3.34546 -6.23766 -3.83325 -8.96975 0
3.34 -3.34546 -6.23766 -3.83325 -8.659 0
3.35 -3.34546 -6.23766 -3.83325 -8.3154 0
3.36 -3.34546 -6.23766 -3.83325 -7.9403 0
3.37 -3.34546 -6.23766 -3.83325 -7.53517 0
3.38 -3.34546 -6.23766 -3.83325 -7.10163 0
3.39 -3.34546 -6.23766 -3.83325 -6.64136 0
3.4 -3.34546 -6.23766 -3.83325 -6.15621 0
3.41 -3.34546 -6.23766 -3.83325 -5.64807 0
3.42 -3.34546 -6.23766 -3.83325 -5.11896 0
3.43 -3.34546 -6.23766 -3.83325 -4.57096 0
3.44 -3.34546 -6.23766 -3.83325 -4.00623 0
3.45 -3.34546 -6.23766 -3.83325 -3.42701 0
3.46 -3.34546 -6.23766 -3.83325 -2.83558 0
3.47 -3.34546 -6.23766 -3.83325 -2.23428 0
3.48 -3.34546 -6.23766 -3.83325 -1.62547 0
3.49 -3.34546 -6.23766 -3.83325 -1.01156 0
3.5 -3.34546 -6.23766 -3.83325 -0.394973 0
3.51 -3.34546 -6.23766 -3.83325 0.221858 0
3.52 -3.34546 -6.23766 -3.83325 0.836498 0
3.53 -3.34546 -6.23766 -3.83325 1.44652 0
3.54 -3.34546 -6.23766 -3.83325 2.04952 0
3.55 -3.34546 -6.23766 -3.83325 2.64312 0
3.56 -3.34546 -6.23766 -3.83325 3.22497 0
3.57 -3.34546 -6.23766 -3.83325 3.79278 0
3.58 -3.34546 -6.23766 -3.83325 4.3443 0
3.59 -3.34546 -6.23766 -3.83325 4.87737 0
3.6 -3.34546 -6.23766 -3.83325 5.38987 0
3.61 -3.34546 -6.23766 -3.83325 5.87979 0
3.62 -3.34546 -6.23766 -3.83325 6.34518 0
3.63 -3.34546 -6.23766 -3.83325 6.78422 0
3.64 -3.34546 -6.23766 -3.83325 7.19517 0
3.65 -3.34546 -6.23766 -3.83325 7.57641 0
3.66 -3.34546 -6.23766 -3.83325 7.92644 0
3.67 -3.34546 -6.23766 -3.83325 8.24386 0
3.68 -3.34546 -6.23766 -3.83325 8.52744 0
3.69 -3.34546 -6.23766 -3.83325 8.77605 0
3.7 -3.34546 -6.23766 -3.83325 8.98871 0
3.71 -3.34546 -6.23766 -3.83325 9.16458 0
3.72 -3.34546 -6.23766 -3.83325 9.30297 0
3.73 -3.34546 -6.23766 -3.83325 9.40332 0
3.74 -3.34546 -6.23766 -3.83325 9.46526 0
3.75 -3.34546 -6.23766 -3.83325 9.48852 0
3.76 -3.34546 -6.23766 -3.83325 9.47302 0
3.77 -3.34546 -6.23766 -3.83325 9.41882 0
3.78 -3.34546 -6.23766 -3.83325 9.32613 0
3.79 -3.34546 -6.23766 -3.83325 9.19532 0
3.8 -3.34546 -6.23766 -3.83325 9.02691 0
3.81 -3.34546 -6.23766 -3.83325 8.82156 0
3.82 -3.34546 -6.23766 -3.83325 8.58008 0
3.83 -3.34546 -6.23766 -3.83325 8.30342 0
3.84 -3.34546 -6.23766 -3.83325 7.99267 0
3.85 -3.34546 -6.23766 -3.83325 7.64907 0
3.86 -3.34546 -6.23766 -3.83325 7.27397 0
3.87 -3.34546 -6.23766 -3.83325 6.86884 0
3.88 -3.34546 -6.23766 -3.83325 6.4353 0
3.89 -3.34546 -6.23766 -3.83325 5.97503 0
3.9 -3.34546 -6.23766 -3.83325 5.48988 0
3.91 -3.34546 -6.23766 -3.83325 4.98174 0
3.92 -3.34546 -6.23766 -3.83325 4.45263 0
3.93 -3.34546 -6.23766 -3.83325 3.90463 0
3.94 -3.34546 -6.23766 -3.83325 3.3399 0
3.95 -3.34546 -6.23766 -3.83325 2.76068 0
3.96 -3.34546 -6.23766 -3.83325 2.16925 0
3.97 -3.34546 -6.23766 -3.83325 1.56795 0
3.98 -3.34546 -6.23766 -3.83325 0.959139 0
3.99 -3.34546 -6.23766 -3.83325 0.345229 0
4 -3.34546 -6.23766 -3.83325 -0.271357 0
4.01 -3.34546 -6.23766 -3.83325 -0.888188 0
4.02 -3.34546 -6.23766 -3.83325 -1.50283 0
4.03 -3.34546 -6.23766 -3.83325 -2.11285 0
4.04 -3.34546 -6.23766 -3.83325 -2.71585 0
4.05 -3.34546 -6.23766 -3.83325 -3.30945 0
4.06 -3.34546 -6.23766 -3.83325 -3.8913 0
4.07 -3.34546 -6.23766 -3.83325 -4.45911 0
4.08 -3.34546 -6.23766 -3.83325 -5.01063 0
4.09 -3.34546 -6.23766 -3.83325 -5.5437 0
4.1 -3.34546 -6.23766 -3.83325 -6.0562 0
4.11 -3.34546 -6.23766 -3.83325 -6.54612 0
4.12 -3.34546 -6.23766 -3.83325 -7.01151 0
4.13 -3.34546 -6.23766 -3.83325 -7.45055 0
4.14 -3.34546 -6.23766 -3.83325 -7.8615 0
4.15 -3.34546 -6.23766 -3.83325 -8.24274 0
4.16 -3.34546 -6.23766 -3.83325 -8.59277 0
4.17 -3.34546 -6.23766 -3.83325 -8.9102 0
4.18 -3.34546 -6.23766 -3.83325 -9.19377 0
4.19 -3.34546 -6.23766 -3.83325 -9.44238 0
4.2 -3.34546 -6.23766 -3.83325 -9.65504 0
4.21 -3.34546 -6.23766 -3.83325 -9.83091 0
4.22 -3.34546 -6.23766 -3.83325 -9.9693 0
4.23 -3.34546 -6.23766 -3.83325 -10.0697 0
4.24 -3.34546 -6.23766 -3.83325 -10.1316 0
4.25 -3.34546 -6.23766 -3.83325 -10.1548 0
4.26 -3.34546 -6.23766 -3.83325 -10.1393 0
4.27 -3.34546 -6.23766 -3.83325 -10.0851 0
4.28 -3.34546 -6.23766 -3.83325 -9.99246 0
4.29 -3.34546 -6.23766 -3.83325 -9.86165 0
4.3 -3.34546 -6.23766 -3.83325 -9.69324 0
4.31 -3.34546 -6.23766 -3.83325 -9.48789 0
4.32 -3.34546 -6.23766 -3.83325 -9.24641 0
4.33 -3.34546 -6.23766 -3.83325 -8.96975 0
4.34 -3.34546 -6.23766 -3.83325 -8.659 0
4.35 -3.34546 -6.23766 -3.83325 -8.3154 0
4.36 -3.34546 -6.23766 -3.83325 -7.9403 0
4.37 -3.34546 -6.23766 -3.83325 -7.53517 0
4.38 -3.34546 -6.23766 -3.83325 -7.10163 0
4.39 -3.34546 -6.23766 -3.83325 -6.64136 0
4.4 -3.34546 -6.23766 -3.83325 -6.15621 0
4.41 -3.34546 -6.23766 -3.83325 -5.64807 0
4.42 -3.34546 -6.23766 -3.83325 -5.11896 0
4.43 -3.34546 -6.23766 -3.83325 -4.57096 0
4.44 -3.34546 -6.23766 -3.83325 -4.00623 0
4.45 -3.34546 -6.23766 -3.83325 -3.42701 0
4.46 -3.34546 -6.23766 -3.83325 -2.83558 0
4.47 -3.34546 -6.23766 -3.83325 -2.23428 0
4.48 -3.34546 -6.23766 -3.83325 -1.62547 0
4.49 -3.34546 -6.23766 -3.83325 -1.01156 0
4.5 -3.34546 -6.23766 -3.83325 -0.394973 0
4.51 -3.34546 -6.23766 -3.83325 0.221858 0
4.52 -3.34546 -6.23766 -3.83325 0.836498 0
4.53 -3.34546 -6.23766 -3.83325 1.44652 0
4.54 -3.34546 -6.23766 -3.83325 2.04952 0
4.55 -3.34546 -6.23766 -3.83325 2.64312 0
4.56 -3.34546 -6.23766 -3.83325 3.22497 0
4.57 -3.34546 -6.23766 -3.83325 3.79278 0
4.58 -3.34546 -6.23766 -3.83325 4.3443 0
4.59 -3.34546 -6.23766 -3.83325 4.87737 0
4.6 -3.34546 -6.23766 -3.83325 5.38987 0
4.61 -3.34546 -6.23766 -3.83325 5.87979 0
4.62 -3.34546 -6.23766 -3.83325 6.34518 0
4.63 -3.34546 -6.23766 -3.83325 6.78422 0
4.64 -3.34546 -6.23766 -3.83325 7.19517 0
4.65 -3.34546 -6.23766 -3.83325 7.57641 0
4.66 -3.34546 -6.23766 -3.83325 7.92644 0
4.67 -3.34546 -6.23766 -3.83325 8.24386 0
4.68 -3.34546 -6.23766 -3.83325 8.52744 0
4.69 -3.34546 -6.23766 -3.83325 8.77605 0
4.7 -3.34546 -6.23766 -3.83325 8.98871 0
4.71 -3.34546 -6.23766 -3.83325 9.16458 0
4.72 -3.34546 -6.23766 -3.83325 9.30297 0
4.73 -3.34546 -6.23766 -3.83325 9.40332 0
4.74 -3.34546 -6.23766 -3.83325 9.46526 0
4.75 -3.34546 -6.23766 -3.83325 9.48852 0
4.76 -3.34546 -6.23766 -3.83325 9.47302 0
4.77 -3.34546 -6.23766 -3.83325 9.41882 0
4.78 -3.34546 -6.23766 -3.83325 9.32613 0
4.79 -3.34546 -6.23766 -3.83325 9.19532 0
4.8 -3.34546 -6.23766 -3.83325 9.02691 0
4.81 -3.34546 -6.23766 -3.83325 8.82156 0
4.82 -3.34546 -6.23766 -3.83325 8.58008 0
4.83 -3.34546 -6.23766 -3.83325 8.30342 0
4.84 -3.34546 -6.23766 -3.83325 7.99267 0
4.85 -3.34546 -6.23766 -3.83325 7.64907 0
4.86 -3.34546 -6.23766 -3.83325 7.27397 0
4.87 -3.34546 -6.23766 -3.83325 6.86884 0
4.88 -3.34546 -6.23766 -3.83325 6.4353 0
4.89 -3.34546 -6.23766 -3.83325 5.97503 0
4.9 -3.34546 -6.23766 -3.83325 5.48988 0
4.91 -3.34546 -6.23766 -3.83325 4.98174 0
4.92 -3.34546 -6.23766 -3.83325 4.45263 0
4.93 -3.34546 -6.23766 -3.83325 3.90463 0
4.94 -3.34546 -6.23766 -3.83325 3.3399 0
4.95 -3.34546 -6.23766 -3.83325 2.76068 0
4.96 -3.34546 -6.23766 -3.83325 2.16925 0
4.97 -3.34546 -6.23766 -3.83325 1.56795 0
4.98 -3.34546 -6.23766 -3.83325 0.959139 0
4.99 -3.34546 -6.23766 -3.83325 0.345229 0
5 -3.34546 -6.23766 -3.83325 -0.271357 0
5.01 -3.34546 -6.23766 -3.83325 -0.888188 0
5.02 -3.34546 -6.23766 -3.83325 -1.50283 0
5.03 -3.34546 -6.23766 -3.83325 -2.11285 0
5.04 -3.34546 -6.23766 -3.83325 -2.71585 0
5.05 -3.34546 -6.23766 -3.83325 -3.30945 0
5.06 -3.34546 -6.23766 -3.83325 -3.8913 0
5.07 -3.34546 -6.23766 -3.83325 -4.45911 0
5.08 -3.34546 -6.23766 -3.83325 -5.01063 0
5.09 -3.34546 -6.23766 -3.83325 -5.5437 0
5.1 -3.34546 -6.23766 -3.83325 -6.0562 0
5.11 -3.34546 -6.23766 -3.83325 -6.54612 0
5.12 -3.34546 -6.23766 -3.83325 -7.01151 0
5.13 -3.34546 -6.23766 -3.83325 -7.45055 0
5.14 -3.34546 -6.23766 -3.83325 -7.8615 0
5.15 -3.34546 -6.23766 -3.83325 -8.24274 0
5.16 -3.34546 -6.23766 -3.83325 -8.59277 0
5.17 -3.34546 -6.23766 -3.83325 -8.9102 0
5.18 -3.34546 -6.23766 -3.83325 -9.19377 0
5.19 -3.34546 -6.23766 -3.83325 -9.44238 0
5.2 -3.34546 -6.23766 -3.83325 -9.65504 0
5.21 -3.34546 -6.23766 -3.83325 -9.83091 0
5.22 -3.34546 -6.23766 -3.83325 -9.9693 0
5.23 -3.34546 -6.23766 -3.83325 -10.0697 0
5.24 -3.34546 -6.23766 -3.83325 -10.1316 0
5.25 -3.34546 -6.23766 -3.83325 -10.1548 0
5.26 -3.34546 -6.23766 -3.83325 -10.1393 0
5.27 -3.34546 -6.23766 -3.83325 -10.0851 0
5.28 -3.34546 -6.23766 -3.83325 -9.99246 0
5.29 -3.34546 -6.23766 -3.83325 -9.86165 0
5.3 -3.34546 -6.23766 -3.83325 -9.69324 0
5.31 -3.34546 -6.23766 -3.83325 -9.48789 0
5.32 -3.34546 -6.23766 -3.83325 -9.24641 0
5.33 -3.34546 -6.23766 -3.83325 -8.96975 0
5.34 -3.34546 -6.23766 -3.83325 -8.659 0
5.35 -3.34546 -6.23766 -3.83325 -8.3154 0
5.36 -3.34546 -6.23766 -3.83325 -7.9403 0
5.37 -3.34546 -6.23766 -3.83325 -7.53517 0
5.38 -3.34546 -6.23766 -3.83325 -7.10163 0
5.39 -3.34546 -6.23766 -3.83325 -6.64136 0
5.4 -3.34546 -6.23766 -3.83325 -6.15621 0
5.41 -3.34546 -6.23766 -3.83325 -5.64807 0
5.42 -3.34546 -6.23766 -3.83325 -5.11896 0
5.43 -3.34546 -6.23766 -3.83325 -4.57096 0
5.44 -3.34546 -6.23766 -3.83325 -4.00623 0
5.45 -3.34546 -6.23766 -3.83325 -3.42701 0
5.46 -3.34546 -6.23766 -3.83325 -2.83558 0
5.47 -3.34546 -6.23766 -3.83325 -2.23428 0
5.48 -3.34546 -6.23766 -3.83325 -1.62547 0
5.49 -3.34546 -6.23766 -3.83325 -1.01156 0
5.5 -3.34546 -6.23766 -3.83325 -0.394973 0
5.51 -3.34546 -6.23766 -3.83325 0.221858 0
5.52 -3.34546 -6.23766 -3.83325 0.836498 0
5.53 -3.34546 -6.23766 -3.83325 1.44652 0
5.54 -3.34546 -6.23766 -3.83325 2.04952 0
5.55 -3.34546 -6.23766 -3.83325 2.64312 0
5.56 -3.34546 -6.23766 -3.83325 3.22497 0
5.57 -3.34546 -6.23766 -3.83325 3.79278 0
5.58 -3.34546 -6.23766 -3.83325 4.3443 0
5.59 -3.34546 -6.23766 -3.83325 4.87737 0
5.6 -3.34546 -6.23766 -3.83325 5.38987 0
5.61 -3.34546 -6.23766 -3.83325 5.87979 0
5.62 -3.34546 -6.23766 -3.83325 6.34518 0
5.63 -3.34546 -6.23766 -3.83325 6.78422 0
5.64 -3.34546 -6.23766 -3.83325 7.19517 0
5.65 -3.34546 -6.23766 -3.83325 7.57641 0
5.66 -3.34546 -6.23766 -3.83325 7.92644 0
5.67 -3.34546 -6.23766 -3.83325 8.24386 0
5.68 -3.34546 -6.23766 -3.83325 8.52744 0
5.69 -3.34546 -6.23766 -3.83325 8.77605 0
5.7 -3.34546 -6.23766 -3.83325 8.98871 0
5.71 -3.34546 -6.23766 -3.83325 9.16458 0
5.72 -3.34546 -6.23766 -3.83325 9.30297 0
5.73 -3.34546 -6.23766 -3.83325 9.40332 0
5.74 -3.34546 -6.23766 -3.83325 9.46526 0
5.75 -3.34546 -6.23766 -3.83325 9.48852 0
5.76 -3.34546 -6.23766 -3.83325 9.47302 0
5.77 -3.34546 -6.23766 -3.83325 9.41882 0
5.78 -3.34546 -6.23766 -3.83325 9.32613 0
5.79 -3.34546 -6.23766 -3.83325 9.19532 0
5.8 -3.34546 -6.23766 -3.83325 9.02691 0
5.81 -3.34546 -6.23766 -3.83325 8.82156 0
5.82 -3.34546 -6.23766 -3.83325 8.58008 0
5.83 -3.34546 -6.23766 -3.83325 8.30342 0
5.84 -3.34546 -6.23766 -3.83325 7.99267 0
5.85 -3.34546 -6.23766 -3.83325 7.64907 0
5.86 -3.34546 -6.23766 -3.83325 7.27397 0
5.87 -3.34546 -6.23766 -3.83325 6.86884 0
5.88 -3.34546 -6.23766 -3.83325 6.4353 0
5.89 -3.34546 -6.23766 -3.83325 5.97503 0
5.9 -3.34546 -6.23766 -3.83325 5.48988 0
5.91 -3.34546 -6.23766 -3.83325 4.98174 0
5.92 -3.34546 -6.23766 -3.83325 4.45263 0
5.93 -3.34546 -6.23766 -3.83325 3.90463 0
5.94 -3.34546 -6.23766 -3.83325 3.3399 0
5.95 -3.34546 -6.23766 -3.83325 2.76068 0
5.96 -3.34546 -6.23766 -3.83325 2.16925 0
5.97 -3.34546 -6.23766 -3.83325 1.56795 0
5.98 -3.34546 -6.23766 -3.83325 0.959139 0
5.99 -3.34546 -6.23766 -3.83325 0.345229 0
6 -3.34546 -6.23766 -3.83325 -0.271357 0
6.01 -3.34546 -6.23766 -3.83325 -0.888188 0
6.02 -3.34546 -6.23766 -3.83325 -1.50283 0
6.03 -3.34546 -6.23766 -3.83325 -2.11285 0
6.04 -3.34546 -6.23766 -3.83325 -2.71585 0
6.05 -3.34546 -6.23766 -3.83325 -3.30945 0
6.06 -3.34546 -6.23766 -3.83325 -3.8913 0
6.07 -3.34546 -6.23766 -3.83325 -4.45911 0
6.08 -3.34546 -6.23766 -3.83325 -5.01063 0
6.09 -3.34546 -6.23766 -3.83325 -5.5437 0
6.1 -3.34546 -6.23766 -3.83325 -6.0562 0
6.11 -3.34546 -6.23766 -3.83325 -6.54612 0
6.12 -3.34546 -6.23766 -3.83325 -7.01151 0
6.13 -3.34546 -6.23766 -3.83325 -7.45055 0
6.14 -3.34546 -6.23766 -3.83325 -7.8615 0
6.15 -3.34546 -6.23766 -3.83325 -8.24274 0
6.16 -3.34546 -6.23766 -3.83325 -8.59277 0
6.17 -3.34546 -6.23766 -3.83325 -8.9102 0
6.18 -3.34546 -6.23766 -3.83325 -9.19377 0
6.19 -3.34546 -6.23766 -3.83325 -9.44238 0
6.2 -3.34546 -6.23766 -3.83325 -9.65504 0
6.21 -3.34546 -6.23766 -3.83325 -9.83091 0
6.22 -3.34546 -6.23766 -3.83325 -9.9693 0
6.23 -3.34546 -6.23766 -3.83325 -10.0697 0
6.24 -3.34546 -6.23766 -3.83325 -10.1316 0
6.25 -3.34546 -6.23766 -3.83325 -10.1548 0
6.26 -3.34546 -6.23766 -3.83325 -10.1393 0
6.27 -3.34546 -6.23766 -3.83325 -10.0851 0
6.28 -3.34546 -6.23766 -3.83325 -9.99246 0
6.29 -3.34546 -6.23766 -3.83325 -9.86165 0
6.3 -3.34546 -6.23766 -3.83325 -9.69324 0
6.31 -3.34546 -6.23766 -3.83325 -9.48789 0
6.32 -3.34546 -6.23766 -3.83325 -9.24641 0
6.33 -3.34546 -6.23766 -3.83325 -8.96975 0
6.34 -3.34546 -6.23766 -3.83325 -8.659 0
6.35 -3.34546 -6.23766 -3.83325 -8.3154 0
6.36 -3.34546 -6.23766 -3.83325 -7.9403 0
6.37 -3.34546 -6.23766 -3.83325 -7.53517 0
6.38 -3.34546 -6.23766 -3.83325 -7.10163 0
6.39 -3.34546 -6.23766 -3.83325 -6.64136 0
6.4 -3.34546 -6.23766 -3.83325 -6.15621 0
6.41 -3.34546 -6.23766 -3.83325 -5.64807 0
6.42 -3.34546 -6.23766 -3.83325 -5.11896 0
6.43 -3.34546 -6.23766 -3.83325 -4.57096 0
6.44 -3.34546 -6.23766 -3.83325 -4.00623 0
6.45 -3.34546 -6.23766 -3.83325 -3.42701 0
6.46 -3.34546 -6.23766 -3.83325 -2.83558 0
6.47 -3.34546 -6.23766 -3.83325 -2.23428 0
6.48 -3.34546 -6.23766 -3.83325 -1.62547 0
6.49 -3.34546 -6.23766 -3.83325 -1.01156 0
6.5 -3.34546 -6.23766 -3.83325 -0.394973 0
6.51 -3.34546 -6.23766 -3.83325 0.221858 0
6.52 -3.34546 -6.23766 -3.83325 0.836498 0
6.53 -3.34546 -6.23766 -3.83325 1.44652 0
6.54 -3.34546 -6.23766 -3.83325 2.04952 0
6.55 -3.34546 -6.23766 -3.83325 2.64312 0
6.56 -3.34546 -6.23766 -3.83325 3.22497 0
6.57 -3.34546 -6.23766 -3.83325 3.79278 0
6.58 -3.34546 -6.23766 -3.83325 4.3443 0
6.59 -3.34546 -6.23766 -3.83325 4.87737 0
6.6 -3.34546 -6.23766 -3.83325 5.38987 0
6.61 -3.34546 -6.23766 -3.83325 5.87979 0
6.62 -3.34546 -6.23766 -3.83325 6.34518 0
6.63 -3.34546 -6.23766 -3.83325 6.78422 0
6.64 -3.34546 -6.23766 -3.83325 7.19517 0
6.65 -3.34546 -6.23766 -3.83325 7.57641 0
6.66 -3.34546 -6.23766 -3.83325 7.92644 0
6.67 -3.34546 -6.23766 -3.83325 8.24386 0
6.68 -3.34546 -6.23766 -3.83325 8.52744 0
6.69 -3.34546 -6.23766 -3.83325 8.77605 0
6.7 -3.34546 -6.23766 -3.83325 8.98871 0
6.71 -3.34546 -6.23766 -3.83325 9.16458 0
6.72 -3.34546 -6.23766 -3.83325 9.30297 0
6.73 -3.34546 -6.23766 -3.83325 9.40332 0
6.74 -3.34546 -6.23766 -3.83325 9.46526 0
6.75 -3.34546 -6.23766 -3.83325 9.48852 0
6.76 -3.34546 -6.23766 -3.83325 9.47302 0
6.77 -3.34546 -6.23766 -3.83325 9.41882 0
6.78 -3.34546 -6.23766 -3.83325 9.32613 0
6.79 -3.34546 -6.23766 -3.83325 9.19532 0
6.8 -3.34546 -6.23766 -3.83325 9.02691 0
6.81 -3.34546 -6.23766 -3.83325 8.82156 0
6.82 -3.34546 -6.23766 -3.83325 8.58008 0
6.83 -3.34546 -6.23766 -3.83325 8.30342 0
6.84 -3.34546 -6.23766 -3.83325 7.99267 0
6.85 -3.34546 -6.23766 -3.83325 7.64907 0
6.86 -3.34546 -6.23766 -3.83325 7.27397 0
6.87 -3.34546 -6.23766 -3.83325 6.86884 0
6.88 -3.34546 -6.23766 -3.83325 6.4353 0
6.89 -3.34546 -6.23766 -3.83325 5.97503 0
6.9 -3.34546 -6.23766 -3.83325 5.48988 0
6.91 -3.34546 -6.23766 -3.83325 4.98174 0
6.92 -3.34546 -6.23766 -3.83325 4.45263 0
6.93 -3.34546 -6.23766 -3.83325 3.90463 0
6.94 -3.34546 -6.23766 -3.83325 3.3399 0
6.95 -3.34546 -6.23766 -3.83325 2.76068 0
6.96 -3.34546 -6.23766 -3.83325 2.16925 0
6.97 -3.34546 -6.23766 -3.83325 1.56795 0
6.98 -3.34546 -6.23766 -3.83325 0.959139 0
6.99 -3.34546 -6.23766 -3.83325 0.345229 0
7 -3.34546 -6.23766 -3.83325 -0.271357 0
7.01 -3.34546 -6.23766 -3.83325 -0.888188 0
7.02 -3.34546 -6.23766 -3.83325 -1.50283 0
7.03 -3.34546 -6.23766 -3.83325 -2.11285 0
7.04 -3.34546 -6.23766 -3.83325 -2.71585 0
7.05 -3.34546 -6.23766 -3.83325 -3.30945 0
7.06 -3.34546 -6.23766 -3.83325 -3.8913 0
7.07 -3.34546 -6.23766 -3.83325 -4.45911 0
7.08 -3.34546 -6.23766 -3.83325 -5.01063 0
7.09 -3.34546 -6.23766 -3.83325 -5.5437 0
7.1 -3.34546 -6.23766 -3.83325 -6.0562 0
7.11 -3.34546 -6.23766 -3.83325 -6.54612 0
7.12 -3.34546 -6.23766 -3.83325 -7.01151 0
7.13 -3.34546 -6.23766 -3.83325 -7.45055 0
7.14 -3.34546 -6.23766 -3.83325 -7.8615 0
7.15 -3.34546 -6.23766 -3.83325 -8.24274 0
7.16 -3.34546 -6.23766 -3.83325 -8.59277 0
7.17 -3.34546 -6.23766 -3.83325 -8.9102 0
7.18 -3.34546 -6.23766 -3.83325 -9.19377 0
7.19 -3.34546 -6.23766 -3.83325 -9.44238 0
7.2 -3.34546 -6.23766 -3.83325 -9.65504 0
7.21 -3.34546 -6.23766 -3.83325 -9.83091 0
7.22 -3.34546 -6.23766 -3.83325 -9.9693 0
7.23 -3.34546 -6.23766 -3.83325 -10.0697 0
7.24 -3.34546 -6.23766 -3.83325 -10.1316 0
7.25 -3.34546 -6.23766 -3.83325 -10.1548 0
7.26 -3.34546 -6.23766 -3.83325 -10.1393 0
7.27 -3.34546 -6.23766 -3.83325 -10.0851 0
7.28 -3.34546 -6.23766 -3.83325 -9.99246 0
7.29 -3.34546 -6.23766 -3.83325 -9.86165 0
7.3 -3.34546 -6.23766 -3.83325 -9.69324 0
7.31 -3.34546 -6.23766 -3.83325 -9.48789 0
7.32 -3.34546 -6.23766 -3.83325 -9.24641 0
7.33 -3.34546 -6.23766 -3.83325 -8.96975 0
7.34 -3.34546 -6.23766 -3.83325 -8.659 0
7.35 -3.34546 -6.23766 -3.83325 -8.3154 0
7.36 -3.34546 -6.23766 -3.83325 -7.9403 0
7.37 -3.34546 -6.23766 -3.83325 -7.53517 0
7.38 -3.34546 -6.23766 -3.83325 -7.10163 0
7.39 -3.34546 -6.23766 -3.83325 -6.64136 0
7.4 -3.34546 -6.23766 -3.83325 -6.15621 0
7.41 -3.34546 -6.23766 -3.83325 -5.64807 0
7.42 -3.34546 -6.23766 -3.83325 -5.11896 0
7.43 -3.34546 -6.23766 -3.83325 -4.57096 0
7.44 -3.34546 -6.23766 -3.83325 -4.00623 0
7.45 -3.34546 -6.23766 -3.83325 -3.42701 0
7.46 -3.34546 -6.23766 -3.83325 -2.83558 0
7.47 -3.34546 -6.23766 -3.83325 -2.23428 0
7.48 -3.34546 -6.23766 -3.83325 -1.62547 0
7.49 -3.34546 -6.23766 -3.83325 -1.01156 0
7.5 -3.34546 -6.23766 -3.83325 -0.394973 0
7.51 -3.34546 -6.23766 -3.83325 0.221858 0
7.52 -3.34546 -6.23766 -3.83325 0.836498 0
7.53 -3.34546 -6.23766 -3.83325 1.44652 0
7.54 -3.34546 -6.23766 -3.83325 2.04952 0
7.55 -3.34546 -6.23766 -3.83325 2.64312 0
7.56 -3.34546 -6.23766 -3.83325 3.22497 0
7.57 -3.34546 -6.23766 -3.83325 3.79278 0
7.58 -3.34546 -6.23766 -3.83325 4.3443 0
7.59 -3.34546 -6.23766 -3.83325 4.87737 0
7.6 -3.34546 -6.23766 -3.83325 5.38987 0
7.61 -3.34546 -6.23766 -3.83325 5.87979 0
7.62 -3.34546 -6.23766 -3.83325 6.34518 0
7.63 -3.34546 -6.23766 -3.83325 6.78422 0
7.64 -3.34546 -6.23766 -3.83325 7.19517 0
7.65 -3.34546 -6.23766 -3.83325 7.57641 0
7.66 -3.34546 -6.23766 -3.83325 7.92644 0
7.67 -3.34546 -6.23766 -3.83325 8.24386 0
7.68 -3.34546 -6.23766 -3.83325 8.52744 0
7.69 -3.34546 -6.23766 -3.83325 8.77605 0
7.7 -3.34546 -6.23766 -3.83325 8.98871 0
7.71 -3.34546 -6.23766 -3.83325 9.16458 0
7.72 -3.34546 -6.23766 -3.83325 9.30297 0
7.73 -3.34546 -6.23766 -3.83325 9.40332 0
7.74 -3.34546 -6.23766 -3.83325 9.46526 0
7.75 -3.34546 -6.23766 -3.83325 9.48852 0
7.76 -3.34546 -6.23766 -3.83325 9.47302 0
7.77 -3.34546 -6.23766 -3.83325 9.41882 0
7.78 -3.34546 -6.23766 -3.83325 9.32613 0
7.79 -3.34546 -6.23766 -3.83325 9.19532 0
7.8 -3.34546 -6.23766 -3.83325 9.02691 0
7.81 -3.34546 -6.23766 -3.83325 8.82156 0
7.82 -3.34546 -6.23766 -3.83325 8.58008 0
7.83 -3.34546 -6.23766 -3.83325 8.30342 0
7.84 -3.34546 -6.23766 -3.83325 7.99267 0
7.85 -3.34546 -6.23766 -3.83325 7.64907 0
7.86 -3.34546 -6.23766 -3.83325 7.27397 0
7.87 -3.34546 -6.23766 -3.83325 6.86884 0
7.88 -3.34546 -6.23766 -3.83325 6.4353 0
7.89 -3.34546 -6.23766 -3.83325 5.97503 0
7.9 -3.34546 -6.23766 -3.83325 5.48988 0
7.91 -3.34546 -6.23766 -3.83325 4.98174 0
7.92 -3.34546 -6.23766 -3.83325 4.45263 0
7.93 -3.34546 -6.23766 -3.83325 3.90463 0
7.94 -3.34546 -6.23766 -3.83325 3.3399 0
7.95 -3.34546 -6.23766 -3.83325 2.76068 0
7.96 -3.34546 -6.23766 -3.83325 2.16925 0
7.97 -3.34546 -6.23766 -3.83325 1.56795 0
7.98 -3.34546 -6.23766 -3.83325 0.959139 0
7.99 -3.34546 -6.23766 -3.83325 0.345229 0
8 -3.34546 -6.23766 -3.83325 -0.271357 0
8.01 -3.34546 -6.23766 -3.83325 -0.888188 0
8.02 -3.34546 -6.23766 -3.83325 -1.50283 0
8.03 -3.34546 -6.23766 -3.83325 -2.11285 0
8.04 -3.34546 -6.23766 -3.83325 -2.71585 0
8.05 -3.34546 -6.23766 -3.83325 -3.30945 0
8.06 -3.34546 -6.23766 -3.83325 -3.8913 0
8.07 -3.34546 -6.23766 -3.83325 -4.45911 0
8.08 -3.34546 -6.23766 -3.83325 -5.01063 0
8.09 -3.34546 -6.23766 -3.83325 -5.5437 0
8.1 -3.34546 -6.23766 -3.83325 -6.0562 0
8.11 -3.34546 -6.23766 -3.83325 -6.54612 0
8.12 -3.34546 -6.23766 -3.83325 -7.01151 0
8.13 -3.34546 -6.23766 -3.83325 -7.45055 0
8.14 -3.34546 -6.23766 -3.83325 -7.8615 0
8.15 -3.34546 -6.23766 -3.83325 -8.24274 0
8.16 -3.34546 -6.23766 -3.83325 -8.59277 0
8.17 -3.34546 -6.23766 -3.83325 -8.9102 0
8.18 -3.34546 -6.23766 -3.83325 -9.19377 0
8.19 -3.34546 -6.23766 -3.83325 -9.44238 0
8.2 -3.34546 -6.23766 -3.83325 -9.65504 0
8.21 -3.34546 -6.23766 -3.83325 -9.83091 0
8.22 -3.34546 -6.23766 -3.83325 -9.9693 0
8.23 -3.34546 -6.23766 -3.83325 -10.0697 0
8.24 -3.34546 -6.23766 -3.83325 -10.1316 0
8.25 -3.34546 -6.23766 -3.83325 -10.1548 0
8.26 -3.34546 -6.23766 -3.83325 -10.1393 0
8.27 -3.34546 -6.23766 -3.83325 -10.0851 0
8.28 -3.34546 -6.23766 -3.83325 -9.99246 0
8.29 -3.34546 -6.23766 -3.83325 -9.86165 0
8.3 -3.34546 -6.23766 -3.83325 -9.69324 0
8.31 -3.34546 -6.23766 -3.83325 -9.48789 0
8.32 -3.34546 -6.23766 -3.83325 -9.24641 0
8.33 -3.34546 -6.23766 -3.83325 -8.96975 0
8.34 -3.34546 -6.23766 -3.83325 -8.659 0
8.35 -3.34546 -6.23766 -3.83325 -8.3154 0
8.36 -3.34546 -6.23766 -3.83325 -7.9403 0
8.37 -3.34546 -6.23766 -3.83325 -7.53517 0
8.38 -3.34546 -6.23766 -3.83325 -7.10163 0
8.39 -3.34546 -6.23766 -3.83325 -6.64136 0
8.4 -3.34546 -6.23766 -3.83325 -6.15621 0
8.41 -3.34546 -6.23766 -3.83325 -5.64807 0
8.42 -3.34546 -6.23766 -3.83325 -5.11896 0
8.43 -3.34546 -6.23766 -3.83325 -4.57096 0
8.44 -3.34546 -6.23766 -3.83325 -4.00623 0
8.45 -3.34546 -6.23766 -3.83325 -3.42701 0
8.46 -3.34546 -6.23766 -3.83325 -2.83558 0
8.47 -3.34546 -6.23766 -3.83325 -2.23428 0
8.48 -3.34546 -6.23766 -3.83325 -1.62547 0
8.49 -3.34546 -6.23766 -3.83325 -1.01156 0
8.5 -3.34546 -6.23766 -3.83325 -0.394973 0
8.51 -3.34546 -6.23766 -3.83325 0.221858 0
8.52 -3.34546 -6.23766 -3.83325 0.836498 0
8.53 -3.34546 -6.23766 -3.83325 1.44652 0
8.54 -3.34546 -6.23766 -3.83325 2.04952 0
8.55 -3.34546 -6.23766 -3.83325 2.64312 0
8.56 -3.34546 -6.23766 -3.83325 3.22497 0
8.57 -3.34546 -6.23766 -3.83325 3.79278 0
8.58 -3.34546 -6.23766 -3.83325 4.3443 0
8.59 -3.34546 -6.23766 -3.83325 4.87737 0
8.6 -3.34546 -6.23766 -3.83325 5.38987 0
8.61 -3.34546 -6.23766 -3.83325 5.87979 0
8.62 -3.34546 -6.23766 -3.83325 6.34518 0
8.63 -3.34546 -6.23766 -3.83325 6.78422 0
8.64 -3.34546 -6.23766 -3.83325 7.19517 0
8.65 -3.34546 -6.23766 -3.83325 7.57641 0
8.66 -3.34546 -6.23766 -3.83325 7.92644 0
8.67 -3.34546 -6.23766 -3.83325 8.24386 0
8.68 -3.34546 -6.23766 -3.83325 8.52744 0
8.69 -3.34546 -6.23766 -3.83325 8.77605 0
8.7 -3.34546 -6.23766 -3.83325 8.98871 0
8.71 -3.34546 -6.23766 -3.83325 9.16458 0
8.72 -3.34546 -6.23766 -3.83325 9.30297 0
8.73 -3.34546 -6.23766 -3.83325 9.40332 0
8.74 -3.34546 -6.23766 -3.83325 9.46526 0
8.75 -3.34546 -6.23766 -3.83325 9.48852 0
8.76 -3.34546 -6.23766 -3.83325 9.47302 0
8.77 -3.34546 -6.23766 -3.83325 9.41882 0
8.78 -3.34546 -6.23766 -3.83325 9.32613 0
8.79 -3.34546 -6.23766 -3.83325 9.19532 0
8.8 -3.34546 -6.23766 -3.83325 9.02691 0
8.81 -3.34546 -6.23766 -3.83325 8.82156 0
8.82 -3.34546 -6.23766 -3.83325 8.58008 0
8.83 -3.34546 -6.23766 -3.83325 8.30342 0
8.84 -3.34546 -6.23766 -3.83325 7.99267 0
8.85 -3.34546 -6.23766 -3.83325 7.64907 0
8.86 -3.34546 -6.23766 -3.83325 7.27397 0
8.87 -3.34546 -6.23766 -3.83325 6.86884 0
8.88 -3.34546 -6.23766 -3.83325 6.4353 0
8.89 -3.34546 -6.23766 -3.83325 5.97503 0
8.9 -3.34546 -6.23766 -3.83325 5.48988 0
8.91 -3.34546 -6.23766 -3.83325 4.98174 0
8.92 -3.34546 -6.23766 -3.83325 4.45263 0
8.93 -3.34546 -6.23766 -3.83325 3.90463 0
8.94 -3.34546 -6.23766 -3.83325 3.3399 0
8.95 -3.34546 -6.23766 -3.83325 2.76068 0
8.96 -3.34546 -6.23766 -3.83325 2.16925 0
8.97 -3.34546 -6.23766 -3.83325 1.56795 0
8.98 -3.34546 -6.23766 -3.83325 0.959139 0
8.99 -3.34546 -6.23766 -3.83325 0.345229 0
9 -3.34546 -6.23766 -3.83325 -0.271357 0
9.01 -3.34546 -6.23766 -3.83325 -0.888188 0
9.02 -3.34546 -6.23766 -3.83325 -1.50283 0
9.03 -3.34546 -6.23766 -3.83325 -2.11285 0
9.04 -3.34546 -6.23766 -3.83325 -2.71585 0
9.05 -3.34546 -6.23766 -3.83325 -3.30945 0
9.06 -3.34546 -6.23766 -3.83325 -3.8913 0
9.07 -3.34546 -6.23766 -3.83325 -4.45911 0
9.08 -3.34546 -6.23766 -3.83325 -5.01063 0
9.09 -3.34546 -6.23766 -3.83325 -5.5437 0
9.1 -3.34546 -6.23766 -3.83325 -6.0562 0
9.11 -3.34546 -6.23766 -3.83325 -6.54612 0
9.12 -3.34546 -6.23766 -3.83325 -7.01151 0
9.13 -3.34546 -6.23766 -3.83325 -7.45055 0
9.14 -3.34546 -6.23766 -3.83325 -7.8615 0
9.15 -3.34546 -6.23766 -3.83325 -8.24274 0
9.16 -3.34546 -6.23766 -3.83325 -8.59277 0
9.17 -3.34546 -6.23766 -3.83325 -8.9102 0
9.18 -3.34546 -6.23766 -3.83325 -9.19377 0
9.19 -3.34546 -6.23766 -3.83325 -9.44238 0
9.2 -3.34546 -6.23766 -3.83325 -9.65504 0
9.21 -3.34546 -6.23766 -3.83325 -9.83091 0
9.22 -3.34546 -6.23766 -3.83325 -9.9693 0
9.23 -3.34546 -6.23766 -3.83325 -10.0697 0
9.24 -3.34546 -6.23766 -3.83325 -10.1316 0
9.25 -3.34546 -6.23766 -3.83325 -10.1548 0
9.26 -3.34546 -6.23766 -3.83325 -10.1393 0
9.27 -3.34546 -6.23766 -3.83325 -10.0851 0
9.28 -3.34546 -6.23766 -3.83325 -9.99246 0
9.29 -3.34546 -6.23766 -3.83325 -9.86165 0
9.3 -3.34546 -6.23766 -3.83325 -9.69324 0
9.31 -3.34546 -6.23766 -3.83325 -9.48789 0
9.32 -3.34546 -6.23766 -3.83325 -9.24641 0
9.33 -3.34546 -6.23766 -3.83325 -8.96975 0
9.34 -3.34546 -6.23766 -3.83325 -8.659 0
9.35 -3.34546 -6.23766 -3.83325 -8.3154 0
9.36 -3.34546 -6.23766 -3.83325 -7.9403 0
9.37 -3.34546 -6.23766 -3.83325 -7.53517 0
9.38 -3.34546 -6.23766 -3.83325 -7.10163 0
9.39 -3.34546 -6.23766 -3.83325 -6.64136 0
9.4 -3.34546 -6.23766 -3.83325 -6.15621 0
9.41 -3.34546 -6.23766 -3.83325 -5.64807 0
9.42 -3.34546 -6.23766 -3.83325 -5.11896 0
9.43 -3.34546 -6.23766 -3.83325 -4.57096 0
9.44 -3.34546 -6.23766 -3.83325 -4.00623 0
9.45 -3.34546 -6.23766 -3.83325 -3.42701 0
9.46 -3.34546 -6.23766 -3.83325 -2.83558 0
9.47 -3.34546 -6.23766 -3.83325 -2.23428 0
9.48 -3.34546 -6.23766 -3.83325 -1.62547 0
9.49 -3.34546 -6.23766 -3.83325 -1.01156 0
9.5 -3.34546 -6.23766 -3.83325 -0.394973 0
9.51 -3.34546 -6.23766 -3.83325 0.221858 0
9.52 -3.34546 -6.23766 -3.83325 0.836498 0
9.53 -3.34546 -6.23766 -3.83325 1.44652 0
9.54 -3.34546 -6.23766 -3.83325 2.04952 0
9.55 -3.34546 -6.23766 -3.83325 2.64312 0
9.56 -3.34546 -6.23766 -3.83325 3.22497 0
9.57 -3.34546 -6.23766 -3.83325 3.79278 0
9.58 -3.34546 -6.23766 -3.83325 4.3443 0
9.59 -3.34546 -6.23766 -3.83325 4.87737 0
9.6 -3.34546 -6.23766 -3.83325 5.38987 0
9.61 -3.34546 -6.23766 -3.83325 5.87979 0
9.62 -3.34546 -6.23766 -3.83325 6.34518 0
9.63 -3.34546 -6.23766 -3.83325 6.78422 0
9.64 -3.34546 -6.23766 -3.83325 7.19517 0
9.65 -3.34546 -6.23766 -3.83325 7.57641 0
9.66 -3.34546 -6.23766 -3.83325 7.92644 0
9.67 -3.34546 -6.23766 -3.83325 8.24386 0
9.68 -3.34546 -6.23766 -3.83325 8.52744 0
9.69 -3.34546 -6.23766 -3.83325 8.77605 0
9.7 -3.34546 -6.23766 -3.83325 8.98871 0
9.71 -3.34546 -6.23766 -3.83325 9.16458 0
9.72 -3.34546 -6.23766 -3.83325 9.30297 0
9.73 -3.34546 -6.23766 -3.83325 9.40332 0
9.74 -3.34546 -6.23766 -3.83325 9.46526 0
9.75 -3.34546 -6.23766 -3.83325 9.48852 0
9.76 -3.34546 -6.23766 -3.83325 9.47302 0
9.77 -3.34546 -6.23766 -3.83325 9.41882 0
9.78 -3.34546 -6.23766 -3.83325 9.32613 0
9.79 -3.34546 -6.23766 -3.83325 9.19532 0
9.8 -3.34546 -6.23766 -3.83325 9.02691 0
9.81 -3.34546 -6.23766 -3.83325 8.82156 0
9.82 -3.34546 -6.23766 -3.83325 8.58008 0
9.83 -3.34546 -6.23766 -3.83325 8.30342 0
9.84 -3.34546 -6.23766 -3.83325 7.99267 0
9.85 -3.34546 -6.23766 -3.83325 7.64907 0
9.86 -3.34546 -6.23766 -3.83325 7.27397 0
9.87 -3.34546 -6.23766 -3.83325 6.86884 0
9.88 -3.34546 -6.23766 -3.83325 6.4353 0
9.89 -3.34546 -6.23766 -3.83325 5.97503 0
9.9 -3.34546 -6.23766 -3.83325 5.48988 0
9.91 -3.34546 -6.23766 -3.83325 4.98174 0
9.92 -3.34546 -6.23766 -3.83325 4.45263 0
9.93 -3.34546 -6.23766 -3.83325 3.90463 0
9.94 -3.34546 -6.23766 -3.83325 3.3399 0
9.95 -3.34546 -6.23766 -3.83325 2.76068 0
9.96 -3.34546 -6.23766 -3.83325 2.16925 0
9.97 -3.34546 -6.23766 -3.83325 1.56795 0
9.98 -3.34546 -6.23766 -3.83325 0.959139 0
9.99 -3.34546 -6.23766 -3.83325 0.345229 0
10 -3.34546 -6.23766 -3.83325 -0.271357 0
10.01 -3.34546 -6.23766 -3.83325 -0.636198 0
10.02 -3.34546 -6.23766 -3.83325 -0.445465 0
10.03 -3.34546 -6.23766 -3.83325 -0.102179 0
10.04 -3.34546 -6.23766 -3.83325 -0.193044 0
10.05 -3.34546 -6.23766 -3.83325 -0.498329 0
10.06 -3.34546 -6.23766 -3.83325 -0.48339 0
10.07 -3.34546 -6.23766 -3.83325 -0.225073 0
10.08 -3.34546 -6.23766 -3.83325 -0.185904 0
10.09 -3.34546 -6.23766 -3.83325 -0.394117 0
10.1 -3.34546 -6.23766 -3.83325 -0.468519 0
10.11 -3.34546 -6.23766 -3.83325 -0.309258 0
10.12 -3.34546 -6.23766 -3.83325 -0.215178 0
10.13 -3.34546 -6.23766 -3.83325 -0.329563 0
10.14 -3.34546 -6.23766 -3.83325 -0.431124 0
10.15 -3.34546 -6.23766 -3.83325 -0.35577 0
10.16 -3.34546 -6.23766 -3.83325 -0.255756 0
10.17 -3.34546 -6.23766 -3.83325 -0.298778 0
10.18 -3.34546 -6.23766 -3.83325 -0.391029 0
10.19 -3.34546 -6.23766 -3.83325 -0.373498 0
10.2 -3.34546 -6.23766 -3.83325 -0.292836 0
10.21 -3.34546 -6.23766 -3.83325 -0.291366 0
10.22 -3.34546 -6.23766 -3.83325 -0.358535 0
10.23 -3.34546 -6.23766 -3.83325 -0.373198 0
10.24 -3.34546 -6.23766 -3.83325 -0.319953 0
10.25 -3.34546 -6.23766 -3.83325 -0.29704 0
10.26 -3.34546 -6.23766 -3.83325 -0.33699 0
10.27 -3.34546 -6.23766 -3.83325 -0.364143 0
10.28 -3.34546 -6.23766 -3.83325 -0.336162 0
10.29 -3.34546 -6.23766 -3.83325 -0.307855 0
10.3 -3.34546 -6.23766 -3.83325 -0.325597 0
10.31 -3.34546 -6.23766 -3.83325 -0.35282 0
10.32 -3.34546 -6.23766 -3.83325 -0.343426 0
10.33 -3.34546 -6.23766 -3.83325 -0.318779 0
10.34 -3.34546 -6.23766 -3.83325 -0.321706 0
10.35 -3.34546 -6.23766 -3.83325 -0.342905 0
10.36 -3.34546 -6.23766 -3.83325 -0.344697 0
10.37 -3.34546 -6.23766 -3.83325 -0.327325 0
10.38 -3.34546 -6.23766 -3.83325 -0.322352 0
10.39 -3.34546 -6.23766 -3.83325 -0.335887 0
10.4 -3.34546 -6.23766 -3.83325 -0.342753 0
10.41 -3.34546 -6.23766 -3.83325 -0.332806 0
10.42 -3.34546 -6.23766 -3.83325 -0.325074 0
10.43 -3.34546 -6.23766 -3.83325 -0.331847 0
10.44 -3.34546 -6.23766 -3.83325 -0.339668 0
10.45 -3.34546 -6.23766 -3.83325 -0.335568 0
10.46 -3.34546 -6.23766 -3.83325 -0.328207 0
10.47 -3.34546 -6.23766 -3.83325 -0.330164 0
10.48 -3.34546 -6.23766 -3.83325 -0.336712 0
10.49 -3.34546 -6.23766 -3.83325 -0.336385 0
10.5 -3.34546 -6.23766 -3.83325 -0.330843 0
10.51 -3.34546 -6.23766 -3.83325 -0.330008 0
10.52 -3.34546 -6.23766 -3.83325 -0.334476 0
10.53 -3.34546 -6.23766 -3.83325 -0.336068 0
10.54 -3.34546 -6.23766 -3.83325 -0.332649 0
10.55 -3.34546 -6.23766 -3.83325 -0.330634 0
10.56 -3.34546 -6.23766 -3.83325 -0.33309 0
10.57 -3.34546 -6.23766 -3.83325 -0.335267 0
10.58 -3.34546 -6.23766 -3.83325 -0.333648 0
10.59 -3.34546 -6.23766 -3.83325 -0.331504 0
10.6 -3.34546 -6.23766 -3.83325 -0.332429 0
10.61 -3.34546 -6.23766 -3.83325 -0.334407 0
10.62 -3.34546 -6.23766 -3.83325 -0.334029 0
10.63 -3.34546 -6.23766 -3.83325 -0.332299 0
10.64 -3.34546 -6.23766 -3.83325 -0.332269 0
10.65 -3.34546 -6.23766 -3.83325 -0.33371 0
10.66 -3.34546 -6.23766 -3.83325 -0.334023 0
10.67 -3.34546 -6.23766 -3.83325 -0.332881 0
10.68 -3.34546 -6.23766 -3.83325 -0.33239 0
10.69 -3.34546 -6.23766 -3.83325 -0.333248 0
10.7 -3.34546 -6.23766 -3.83325 -0.33383 0
10.71 -3.34546 -6.23766 -3.83325 -0.333229 0
10.72 -3.34546 -6.23766 -3.83325 -0.332622 0
10.73 -3.34546 -6.23766 -3.83325 -0.333003 0
10.74 -3.34546 -6.23766 -3.83325 -0.333587 0
10.75 -3.34546 -6.23766 -3.83325 -0.333385 0
10.76 -3.34546 -6.23766 -3.83325 -0.332856 0
10.77 -3.34546 -6.23766 -3.83325 -0.33292 0
10.78 -3.34546 -6.23766 -3.83325 -0.333374 0
10.79 -3.34546 -6.23766 -3.83325 -0.333412 0
10.8 -3.34546 -6.23766 -3.83325 -0.33304 0
10.81 -3.34546 -6.23766 -3.83325 -0.332933 0
10.82 -3.34546 -6.23766 -3.83325 -0.333224 0
10.83 -3.34546 -6.23766 -3.83325 -0.333371 0
10.84 -3.34546 -6.23766 -3.83325 -0.333157 0
10.85 -3.34546 -6.23766 -3.83325 -0.332991 0
10.86 -3.34546 -6.23766 -3.83325 -0.333137 0
10.87 -3.34546 -6.23766 -3.83325 -0.333305 0
10.88 -3.34546 -6.23766 -3.83325 -0.333216 0
10.89 -3.34546 -6.23766 -3.83325 -0.333059 0
10.9 -3.34546 -6.23766 -3.83325 -0.333101 0
10.91 -3.34546 -6.23766 -3.83325 -0.333241 0
10.92 -3.34546 -6.23766 -3.83325 -0.333234 0
10.93 -3.34546 -6.23766 -3.83325 -0.333115 0
10.94 -3.34546 -6.23766 -3.83325 -0.333097 0
10.95 -3.34546 -6.23766 -3.83325 -0.333193 0
10.96 -3.34546 -6.23766 -3.83325 -0.333227 0
10.97 -3.34546 -6.23766 -3.83325 -0.333154 0
10.98 -3.34546 -6.23766 -3.83325 -0.333111 0
10.99 -3.34546 -6.23766 -3.83325 -0.333164 0
11 -3.34546 -6.23766 -3.83325 -0.33321 0
11.01 -3.34546 -6.23766 -3.83325 -0.333175 0
11.02 -3.34546 -6.23766 -3.83325 -0.333129 0
11.03 -3.34546 -6.23766 -3.83325 -0.333149 0
11.04 -3.34546 -6.23766 -3.83325 -0.333192 0
11.05 -3.34546 -6.23766 -3.83325 -0.333184 0
11.06 -3.34546 -6.23766 -3.83325 -0.333146 0
11.07 -3.34546 -6.23766 -3.83325 -0.333146 0
11.08 -3.34546 -6.23766 -3.83325 -0.333177 0
11.09 -3.34546 -6.23766 -3.83325 -0.333183 0
11.1 -3.34546 -6.23766 -3.83325 -0.333159 0
11.11 -3.34546 -6.23766 -3.83325 -0.333148 0
11.12 -3.34546 -6.23766 -3.83325 -0.333167 0
11.13 -3.34546 -6.23766 -3.83325 -0.333179 0
11.14 -3.34546 -6.23766 -3.83325 -0.333166 0
11.15 -3.34546 -6.23766 -3.83325 -0.333153 0
11.16 -3.34546 -6.23766 -3.83325 -0.333162 0
11.17 -3.34546 -6.23766 -3.83325 -0.333174 0
11.18 -3.34546 -6.23766 -3.83325 -0.33317 0
11.19 -3.34546 -6.23766 -3.83325 -0.333158 0
11.2 -3.34546 -6.23766 -3.83325 -0.33316 0
11.21 -3.34546 -6.23766 -3.83325 -0.33317 0
11.22 -3.34546 -6.23766 -3.83325 -0.33317 0
11.23 -3.34546 -6.23766 -3.83325 -0.333162 0
11.24 -3.34546 -6.23766 -3.83325 -0.33316 0
11.25 -3.34546 -6.23766 -3.83325 -0.333166 0
11.26 -3.34546 -6.23766 -3.83325 -0.333169 0
11.27 -3.34546 -6.23766 -3.83325 -0.333165 0
11.28 -3.34546 -6.23766 -3.83325 -0.333161 0
11.29 -3.34546 -6.23766 -3.83325 -0.333164 0
11.3 -3.34546 -6.23766 -3.83325 -0.333168 0
11.31 -3.34546 -6.23766 -3.83325 -0.333166 0
11.32 -3.34546 -6.23766 -3.83325 -0.333163 0
11.33 -3.34546 -6.23766 -3.83325 -0.333164 0
11.34 -3.34546 -6.23766 -3.83325 -0.333167 0
11.35 -3.34546 -6.23766 -3.83325 -0.333167 0
11.36 -3.34546 -6.23766 -3.83325 -0.333164 0
11.37 -3.34546 -6.23766 -3.83325 -0.333164 0
11.38 -3.34546 -6.23766 -3.83325 -0.333166 0
11.39 -3.34546 -6.23766 -3.83325 -0.333166 0
11.4 -3.34546 -6.23766 -3.83325 -0.333165 0
11.41 -3.34546 -6.23766 -3.83325 -0.333164 0
11.42 -3.34546 -6.23766 -3.83325 -0.333165 0
11.43 -3.34546 -6.23766 -3.83325 -0.333166 0
11.44 -3.34546 -6.23766 -3.83325 -0.333165 0
11.45 -3.34546 -6.23766 -3.83325 -0.333164 0
11.46 -3.34546 -6.23766 -3.83325 -0.333165 0
11.47 -3.34546 -6.23766 -3.83325 -0.333166 0
11.48 -3.34546 -6.23766 -3.83325 -0.333165 0
11.49 -3.34546 -6.23766 -3.83325 -0.333165 0
11.5 -3.34546 -6.23766 -3.83325 -0.333165 0
11.51 -3.34546 -6.23766 -3.83325 -0.333165 0
11.52 -3.34546 -6.23766 -3.83325 -0.333165 0
11.53 -3.34546 -6.23766 -3.83325 -0.333165 0
11.54 -3.34546 -6.23766 -3.83325 -0.333165 0
11.55 -3.34546 -6.23766 -3.83325 -0.333165 0
11.56 -3.34546 -6.23766 -3.83325 -0.333165 0
11.57 -3.34546 -6.23766 -3.83325 -0.333165 0
11.58 -3.34546 -6.23766 -3.83325 -0.333165 0
11.59 -3.34546 -6.23766 -3.83325 -0.333165 0
11.6 -3.34546 -6.23766 -3.83325 -0.333165 0
11.61 -3.34546 -6.23766 -3.83325 -0.333165 0
11.62 -3.34546 -6.23766 -3.83325 -0.333165 0
11.63 -3.34546 -6.23766 -3.83325 -0.333165 0
11.64 -3.34546 -6.23766 -3.83325 -0.333165 0
11.65 -3.34546 -6.23766 -3.83325 -0.333165 0
11.66 -3.34546 -6.23766 -3.83325 -0.333165 0
11.67 -3.34546 -6.23766 -3.83325 -0.333165 0
11.68 -3.34546 -6.23766 -3.83325 -0.333165 0
11.69 -3.34546 -6.23766 -3.83325 -0.333165 0
11.7 -3.34546 -6.23766 -3.83325 -0.333165 0
11.71 -3.34546 -6.23766 -3.83325 -0.333165 0
11.72 -3.34546 -6.23766 -3.83325 -0.333165 0
11.73 -3.34546 -6.23766 -3.83325 -0.333165 0
11.74 -3.34546 -6.23766 -3.83325 -0.333165 0
11.75 -3.34546 -6.23766 -3.83325 -0.333165 0
11.76 -3.34546 -6.23766 -3.83325 -0.333165 0
11.77 -3.34546 -6.23766 -3.83325 -0.333165 0
11.78 -3.34546 -6.23766 -3.83325 -0.333165 0
11.79 -3.34546 -6.23766 -3.83325 -0.333165 0
11.8 -3.34546 -6.23766 -3.83325 -0.333165 0
11.81 -3.34546 -6.23766 -3.83325 -0.333165 0
11.82 -3.34546 -6.23766 -3.83325 -0.333165 0
11.83 -3.34546 -6.23766 -3.83325 -0.333165 0
11.84 -3.34546 -6.23766 -3.83325 -0.333165 0
11.85 -3.34546 -6.23766 -3.83325 -0.333165 0
11.86 -3.34546 -6.23766 -3.83325 -0.333165 0
11.87 -3.34546 -6.23766 -3.83325 -0.333165 0
11.88 -3.34546 -6.23766 -3.83325 -0.333165 0
11.89 -3.34546 -6.23766 -3.83325 -0.333165 0
11.9 -3.34546 -6.23766 -3.83325 -0.333165 0
11.91 -3.34546 -6.23766 -3.83325 -0.333165 0
11.92 -3.34546 -6.23766 -3.83325 -0.333165 0
11.93 -3.34546 -6.23766 -3.83325 -0.333165 0
11.94 -3.34546 -6.23766 -3.83325 -0.333165 0
11.95 -3.34546 -6.23766 -3.83325 -0.333165 0
11.96 -3.34546 -6.23766 -3.83325 -0.333165 0
11.97 -3.34546 -6.23766 -3.83325 -0.333165 0
11.98 -3.34546 -6.23766 -3.83325 -0.333165 0
11.99 -3.34546 -6.23766 -3.83325 -0.333165 0
12 -3.34546 -6.23766 -3.83325 -0.333165 0
12.01 -3.34546 -6.23766 -3.83325 -0.333165 0
12.02 -3.34546 -6.23766 -3.83325 -0.333165 0
12.03 -3.34546 -6.23766 -3.83325 -0.333165 0
12.04 -3.34546 -6.23766 -3.83325 -0.333165 0
12.05 -3.34546 -6.23766 -3.83325 -0.333165 0
12.06 -3.34546 -6.23766 -3.83325 -0.333165 0
12.07 -3.34546 -6.23766 -3.83325 -0.333165 0
12.08 -3.34546 -6.23766 -3.83325 -0.333165 0
12.09 -3.34546 -6.23766 -3.83325 -0.333165 0
12.1 -3.34546 -6.23766 -3.83325 -0.333165 0
12.11 -3.34546 -6.23766 -3.83325 -0.333165 0
12.12 -3.34546 -6.23766 -3.83325 -0.333165 0
12.13 -3.34546 -6.23766 -3.83325 -0.333165 0
12.14 -3.34546 -6.23766 -3.83325 -0.333165 0
12.15 -3.34546 -6.23766 -3.83325 -0.333165 0
12.16 -3.34546 -6.23766 -3.83325 -0.333165 0
12.17 -3.34546 -6.23766 -3.83325 -0.333165 0
12.18 -3.34546 -6.23766 -3.83325 -0.333165 0
12.19 -3.34546 -6.23766 -3.83325 -0.333165 0
12.2 -3.34546 -6.23766 -3.83325 -0.333165 0
12.21 -3.34546 -6.23766 -3.83325 -0.333165 0
12.22 -3.34546 -6.23766 -3.83325 -0.333165 0
12.23 -3.34546 -6.23766 -3.83325 -0.333165 0
12.24 -3.34546 -6.23766 -3.83325 -0.333165 0
12.25 -3.34546 -6.23766 -3.83325 -0.333165 0
12.26 -3.34546 -6.23766 -3.83325 -0.333165 0
12.27 -3.34546 -6.23766 -3.83325 -0.333165 0
12.28 -3.34546 -6.23766 -3.83325 -0.333165 0
12.29 -3.34546 -6.23766 -3.83325 -0.333165 0
12.3 -3.34546 -6.23766 -3.83325 -0.333165 0
12.31 -3.34546 -6.23766 -3.83325 -0.333165 0
12.32 -3.34546 -6.23766 -3.83325 -0.333165 0
12.33 -3.34546 -6.23766 -3.83325 -0.333165 0
12.34 -3.34546 -6.23766 -3.83325 -0.333165 0
12.35 -3.34546 -6.23766 -3.83325 -0.333165 0
12.36 -3.34546 -6.23766 -3.83325 -0.333165 0
12.37 -3.34546 -6.23766 -3.83325 -0.333165 0
12.38 -3.34546 -6.23766 -3.83325 -0.333165 0
12.39 -3.34546 -6.23766 -3.83325 -0.333165 0
12.4 -3.34546 -6.23766 -3.83325 -0.333165 0
12.41 -3.34546 -6.23766 -3.83325 -0.333165 0
12.42 -3.34546 -6.23766 -3.83325 -0.333165 0
12.43 -3.34546 -6.23766 -3.83325 -0.333165 0
12.44 -3.34546 -6.23766 -3.83325 -0.333165 0
12.45 -3.34546 -6.23766 -3.83325 -0.333165 0
12.46 -3.34546 -6.23766 -3.83325 -0.333165 0
12.47 -3.34546 -6.23766 -3.83325 -0.333165 0
12.48 -3.34546 -6.23766 -3.83325 -0.333165 0
12.49 -3.34546 -6.23766 -3.83325 -0.333165 0
12.5 -3.34546 -6.23766 -3.83325 -0.333165 0
12.51 -3.34546 -6.23766 -3.83325 -0.333165 0
12.52 -3.34546 -6.23766 -3.83325 -0.333165 0
12.53 -3.34546 -6.23766 -3.83325 -0.333165 0
12.54 -3.34546 -6.23766 -3.83325 -0.333165 0
12.55 -3.34546 -6.23766 -3.83325 -0.333165 0
12.56 -3.34546 -6.23766 -3.83325 -0.333165 0
12.57 -3.34546 -6.23766 -3.83325 -0.333165 0
12.58 -3.34546 -6.23766 -3.83325 -0.333165 0
12.59 -3.34546 -6.23766 -3.83325 -0.333165 0
12.6 -3.34546 -6.23766 -3.83325 -0.333165 0
12.61 -3.34546 -6.23766 -3.83325 -0.333165 0
12.62 -3.34546 -6.23766 -3.83325 -0.333165 0
12.63 -3.34546 -6.23766 -3.83325 -0.333165 0
12.64 -3.34546 -6.23766 -3.83325 -0.333165 0
12.65 -3.34546 -6.23766 -3.83325 -0.333165 0
12.66 -3.34546 -6.23766 -3.83325 -0.333165 0
12.67 -3.34546 -6.23766 -3.83325 -0.333165 0
12.68 -3.34546 -6.23766 -3.83325 -0.333165 0
12.69 -3.34546 -6.23766 -3.83325 -0.333165 0
12.7 -3.34546 -6.23766 -3.83325 -0.333165 0
12.71 -3.34546 -6.23766 -3.83325 -0.333165 0
12.72 -3.34546 -6.23766 -3.83325 -0.333165 0
12.73 -3.34546 -6.23766 -3.83325 -0.333165 0
12.74 -3.34546 -6.23766 -3.83325 -0.333165 0
12.75 -3.34546 -6.23766 -3.83325 -0.333165 0
12.76 -3.34546 -6.23766 -3.83325 -0.333165 0
12.77 -3.34546 -6.23766 -3.83325 -0.333165 0
12.78 -3.34546 -6.23766 -3.83325 -0.333165 0
12.79 -3.34546 -6.23766 -3.83325 -0.333165 0
12.8 -3.34546 -6.23766 -3.83325 -0.333165 0
12.81 -3.34546 -6.23766 -3.83325 -0.333165 0
12.82 -3.34546 -6.23766 -3.83325 -0.333165 0
12.83 -3.34546 -6.23766 -3.83325 -0.333165 0
12.84 -3.34546 -6.23766 -3.83325 -0.333165 0
12.85 -3.34546 -6.23766 -3.83325 -0.333165 0
12.86 -3.34546 -6.23766 -3.83325 -0.333165 0
12.87 -3.34546 -6.23766 -3.83325 -0.333165 0
12.88 -3.34546 -6.23766 -3.83325 -0.333165 0
12.89 -3.34546 -6.23766 -3.83325 -0.333165 0
12.9 -3.34546 -6.23766 -3.83325 -0.333165 0
12.91 -3.34546 -6.23766 -3.83325 -0.333165 0
12.92 -3.34546 -6.23766 -3.83325 -0.333165 0
12.93 -3.34546 -6.23766 -3.83325 -0.333165 0
12.94 -3.34546 -6.23766 -3.83325 -0.333165 0
12.95 -3.34546 -6.23766 -3.83325 -0.333165 0
12.96 -3.34546 -6.23766 -3.83325 -0.333165 0
12.97 -3.34546 -6.23766 -3.83325 -0.333165 0
12.98 -3.34546 -6.23766 -3.83325 -0.333165 0
12.99 -3.34546 -6.23766 -3.83325 -0.333165 0
13 -3.34546 -6.23766 -3.83325 -0.333165 0
13.01 -3.34546 -6.23766 -3.83325 -0.333165 0
13.02 -3.34546 -6.23766 -3.83325 -0.333165 0
13.03 -3.34546 -6.23766 -3.83325 -0.333165 0
13.04 -3.34546 -6.23766 -3.83325 -0.333165 0
13.05 -3.34546 -6.23766 -3.83325 -0.333165 0
13.06 -3.34546 -6.23766 -3.83325 -0.333165 0
13.07 -3.34546 -6.23766 -3.83325 -0.333165 0
13.08 -3.34546 -6.23766 -3.83325 -0.333165 0
13.09 -3.34546 -6.23766 -3.83325 -0.333165 0
13.1 -3.34546 -6.23766 -3.83325 -0.333165 0
13.11 -3.34546 -6.23766 -3.83325 -0.333165 0
13.12 -3.34546 -6.23766 -3.83325 -0.333165 0
13.13 -3.34546 -6.23766 -3.83325 -0.333165 0
13.14 -3.34546 -6.23766 -3.83325 -0.333165 0
13.15 -3.34546 -6.23766 -3.83325 -0.333165 0
13.16 -3.34546 -6.23766 -3.83325 -0.333165 0
13.17 -3.34546 -6.23766 -3.83325 -0.333165 0
13.18 -3.34546 -6.23766 -3.83325 -0.333165 0
13.19 -3.34546 -6.23766 -3.83325 -0.333165 0
13.2 -3.34546 -6.23766 -3.83325 -0.333165 0
13.21 -3.34546 -6.23766 -3.83325 -0.333165 0
13.22 -3.34546 -6.23766 -3.83325 -0.333165 0
13.23 -3.34546 -6.23766 -3.83325 -0.333165 0
13.24 -3.34546 -6.23766 -3.83325 -0.333165 0
13.25 -3.34546 -6.23766 -3.83325 -0.333165 0
13.26 -3.34546 -6.23766 -3.83325 -0.333165 0
13.27 -3.34546 -6.23766 -3.83325 -0.333165 0
13.28 -3.34546 -6.23766 -3.83325 -0.333165 0
13.29 -3.34546 -6.23766 -3.83325 -0.333165 0
13.3 -3.34546 -6.23766 -3.83325 -0.333165 0
13.31 -3.34546 -6.23766 -3.83325 -0.333165 0
13.32 -3.34546 -6.23766 -3.83325 -0.333165 0
13.33 -3.34546 -6.23766 -3.83325 -0.333165 0
13.34 -3.34546 -6.23766 -3.83325 -0.333165 0
13.35 -3.34546 -6.23766 -3.83325 -0.333165 0
13.36 -3.34546 -6.23766 -3.83325 -0.333165 0
13.37 -3.34546 -6.23766 -3.83325 -0.333165 0
13.38 -3.34546 -6.23766 -3.83325 -0.333165 0
13.39 -3.34546 -6.23766 -3.83325 -0.333165 0
13.4 -3.34546 -6.23766 -3.83325 -0.333165 0
13.41 -3.34546 -6.23766 -3.83325 -0.333165 0
13.42 -3.34546 -6.23766 -3.83325 -0.333165 0
13.43 -3.34546 -6.23766 -3.83325 -0.333165 0
13.44 -3.34546 -6.23766 -3.83325 -0.333165 0
13.45 -3.34546 -6.23766 -3.83325 -0.333165 0
13.46 -3.34546 -6.23766 -3.83325 -0.333165 0
13.47 -3.34546 -6.23766 -3.83325 -0.333165 0
13.48 -3.34546 -6.23766 -3.83325 -0.333165 0
13.49 -3.34546 -6.23766 -3.83325 -0.333165 0
13.5 -3.34546 -6.23766 -3.83325 -0.333165 0
13.51 -3.34546 -6.23766 -3.83325 -0.333165 0
13.52 -3.34546 -6.23766 -3.83325 -0.333165 0
13.53 -3.34546 -6.23766 -3.83325 -0.333165 0
13.54 -3.34546 -6.23766 -3.83325 -0.333165 0
13.55 -3.34546 -6.23766 -3.83325 -0.333165 0
13.56 -3.34546 -6.23766 -3.83325 -0.333165 0
13.57 -3.34546 -6.23766 -3.83325 -0.333165 0
13.58 -3.34546 -6.23766 -3.83325 -0.333165 0
13.59 -3.34546 -6.23766 -3.83325 -0.333165 0
13.6 -3.34546 -6.23766 -3.83325 -0.333165 0
13.61 -3.34546 -6.23766 -3.83325 -0.333165 0
13.62 -3.34546 -6.23766 -3.83325 -0.333165 0
13.63 -3.34546 -6.23766 -3.83325 -0.333165 0
13.64 -3.34546 -6.23766 -3.83325 -0.333165 0
13.65 -3.34546 -6.23766 -3.83325 -0.333165 0
13.66 -3.34546 -6.23766 -3.83325 -0.333165 0
13.67 -3.34546 -6.23766 -3.83325 -0.333165 0
13.68 -3.34546 -6.23766 -3.83325 -0.333165 0
13.69 -3.34546 -6.23766 -3.83325 -0.333165 0
13.7 -3.34546 -6.23766 -3.83325 -0.333165 0
13.71 -3.34546 -6.23766 -3.83325 -0.333165 0
13.72 -3.34546 -6.23766 -3.83325 -0.333165 0
13.73 -3.34546 -6.23766 -3.83325 -0.333165 0
13.74 -3.34546 -6.23766 -3.83325 -0.333165 0
13.75 -3.34546 -6.23766 -3.83325 -0.333165 0
13.76 -3.34546 -6.23766 -3.83325 -0.333165 0
13.77 -3.34546 -6.23766 -3.83325 -0.333165 0
13.78 -3.34546 -6.23766 -3.83325 -0.333165 0
13.79 -3.34546 -6.23766 -3.83325 -0.333165 0
13.8 -3.34546 -6.23766 -3.83325 -0.333165 0
13.81 -3.34546 -6.23766 -3.83325 -0.333165 0
13.82 -3.34546 -6.23766 -3.83325 -0.333165 0
13.83 -3.34546 -6.23766 -3.83325 -0.333165 0
13.84 -3.34546 -6.23766 -3.83325 -0.333165 0
13.85 -3.34546 -6.23766 -3.83325 -0.333165 0
13.86 -3.34546 -6.23766 -3.83325 -0.333165 0
13.87 -3.34546 -6.23766 -3.83325 -0.333165 0
13.88 -3.34546 -6.23766 -3.83325 -0.333165 0
13.89 -3.34546 -6.23766 -3.83325 -0.333165 0
13.9 -3.34546 -6.23766 -3.83325 -0.333165 0
13.91 -3.34546 -6.23766 -3.83325 -0.333165 0
13.92 -3.34546 -6.23766 -3.83325 -0.333165 0
13.93 -3.34546 -6.23766 -3.83325 -0.333165 0
13.94 -3.34546 -6.23766 -3.83325 -0.333165 0
13.95 -3.34546 -6.23766 -3.83325 -0.333165 0
13.96 -3.34546 -6.23766 -3.83325 -0.333165 0
13.97 -3.34546 -6.23766 -3.83325 -0.333165 0
13.98 -3.34546 -6.23766 -3.83325 -0.333165 0
13.99 -3.34546 -6.23766 -3.83325 -0.333165 0
14 -3.34546 -6.23766 -3.83325 -0.333165 0
14.01 -3.34546 -6.23766 -3.83325 -0.333165 0
14.02 -3.34546 -6.23766 -3.83325 -0.333165 0
14.03 -3.34546 -6.23766 -3.83325 -0.333165 0
14.04 -3.34546 -6.23766 -3.83325 -0.333165 0
14.05 -3.34546 -6.23766 -3.83325 -0.333165 0
14.06 -3.34546 -6.23766 -3.83325 -0.333165 0
14.07 -3.34546 -6.23766 -3.83325 -0.333165 0
14.08 -3.34546 -6.23766 -3.83325 -0.333165 0
14.09 -3.34546 -6.23766 -3.83325 -0.333165 0
14.1 -3.34546 -6.23766 -3.83325 -0.333165 0
14.11 -3.34546 -6.23766 -3.83325 -0.333165 0
14.12 -3.34546 -6.23766 -3.83325 -0.333165 0
14.13 -3.34546 -6.23766 -3.83325 -0.333165 0
14.14 -3.34546 -6.23766 -3.83325 -0.333165 0
14.15 -3.34546 -6.23766 -3.83325 -0.333165 0
14.16 -3.34546 -6.23766 -3.83325 -0.333165 0
14.17 -3.34546 -6.23766 -3.83325 -0.333165 0
14.18 -3.34546 -6.23766 -3.83325 -0.333165 0
14.19 -3.34546 -6.23766 -3.83325 -0.333165 0
14.2 -3.34546 -6.23766 -3.83325 -0.333165 0
14.21 -3.34546 -6.23766 -3.83325 -0.333165 0
14.22 -3.34546 -6.23766 -3.83325 -0.333165 0
14.23 -3.34546 -6.23766 -3.83325 -0.333165 0
14.24 -3.34546 -6.23766 -3.83325 -0.333165 0
14.25 -3.34546 -6.23766 -3.83325 -0.333165 0
14.26 -3.34546 -6.23766 -3.83325 -0.333165 0
14.27 -3.34546 -6.23766 -3.83325 -0.333165 0
14.28 -3.34546 -6.23766 -3.83325 -0.333165 0
14.29 -3.34546 -6.23766 -3.83325 -0.333165 0
14.3 -3.34546 -6.23766 -3.83325 -0.333165 0
14.31 -3.34546 -6.23766 -3.83325 -0.333165 0
14.32 -3.34546 -6.23766 -3.83325 -0.333165 0
14.33 -3.34546 -6.23766 -3.83325 -0.333165 0
14.34 -3.34546 -6.23766 -3.83325 -0.333165 0
14.35 -3.34546 -6.23766 -3.83325 -0.333165 0
14.36 -3.34546 -6.23766 -3.83325 -0.333165 0
14.37 -3.34546 -6.23766 -3.83325 -0.333165 0
14.38 -3.34546 -6.23766 -3.83325 -0.333165 0
14.39 -3.34546 -6.23766 -3.83325 -0.333165 0
14.4 -3.34546 -6.23766 -3.83325 -0.333165 0
14.41 -3.34546 -6.23766 -3.83325 -0.333165 0
14.42 -3.34546 -6.23766 -3.83325 -0.333165 0
14.43 -3.34546 -6.23766 -3.83325 -0.333165 0
14.44 -3.34546 -6.23766 -3.83325 -0.333165 0
14.45 -3.34546 -6.23766 -3.83325 -0.333165 0
14.46 -3.34546 -6.23766 -3.83325 -0.333165 0
14.47 -3.34546 -6.23766 -3.83325 -0.333165 0
14.48 -3.34546 -6.23766 -3.83325 -0.333165 0
14.49 -3.34546 -6.23766 -3.83325 -0.333165 0
14.5 -3.34546 -6.23766 -3.83325 -0.333165 0
14.51 -3.34546 -6.23766 -3.83325 -0.333165 0
14.52 -3.34546 -6.23766 -3.83325 -0.333165 0
14.53 -3.34546 -6.23766 -3.83325 -0.333165 0
14.54 -3.34546 -6.23766 -3.83325 -0.333165 0
14.55 -3.34546 -6.23766 -3.83325 -0.333165 0
14.56 -3.34546 -6.23766 -3.83325 -0.333165 0
14.57 -3.34546 -6.23766 -3.83325 -0.333165 0
14.58 -3.34546 -6.23766 -3.83325 -0.333165 0
14.59 -3.34546 -6.23766 -3.83325 -0.333165 0
14.6 -3.34546 -6.23766 -3.83325 -0.333165 0
14.61 -3.34546 -6.23766 -3.83325 -0.333165 0
14.62 -3.34546 -6.23766 -3.83325 -0.333165 0
14.63 -3.34546 -6.23766 -3.83325 -0.333165 0
14.64 -3.34546 -6.23766 -3.83325 -0.333165 0
14.65 -3.34546 -6.23766 -3.83325 -0.333165 0
14.66 -3.34546 -6.23766 -3.83325 -0.333165 0
14.67 -3.34546 -6.23766 -3.83325 -0.333165 0
14.68 -3.34546 -6.23766 -3.83325 -0.333165 0
14.69 -3.34546 -6.23766 -3.83325 -0.333165 0
14.7 -3.34546 -6.23766 -3.83325 -0.333165 0
14.71 -3.34546 -6.23766 -3.83325 -0.333165 0
14.72 -3.34546 -6.23766 -3.83325 -0.333165 0
14.73 -3.34546 -6.23766 -3.83325 -0.333165 0
14.74 -3.34546 -6.23766 -3.83325 -0.333165 0
14.75 -3.34546 -6.23766 -3.83325 -0.333165 0
14.76 -3.34546 -6.23766 -3.83325 -0.333165 0
14.77 -3.34546 -6.23766 -3.83325 -0.333165 0
14.78 -3.34546 -6.23766 -3.83325 -0.333165 0
14.79 -3.34546 -6.23766 -3.83325 -0.333165 0
14.8 -3.34546 -6.23766 -3.83325 -0.333165 0
14.81 -3.34546 -6.23766 -3.83325 -0.333165 0
14.82 -3.34546 -6.23766 -3.83325 -0.333165 0
14.83 -3.34546 -6.23766 -3.83325 -0.333165 0
14.84 -3.34546 -6.23766 -3.83325 -0.333165 0
14.85 -3.34546 -6.23766 -3.83325 -0.333165 0
14.86 -3.34546 -6.23766 -3.83325 -0.333165 0
14.87 -3.34546 -6.23766 -3.83325 -0.333165 0
14.88 -3.34546 -6.23766 -3.83325 -0.333165 0
14.89 -3.34546 -6.23766 -3.83325 -0.333165 0
14.9 -3.34546 -6.23766 -3.83325 -0.333165 0
14.91 -3.34546 -6.23766 -3.83325 -0.333165 0
14.92 -3.34546 -6.23766 -3.83325 -0.333165 0
14.93 -3.34546 -6.23766 -3.83325 -0.333165 0
14.94 -3.34546 -6.23766 -3.83325 -0.333165 0
14.95 -3.34546 -6.23766 -3.83325 -0.333165 0
14.96 -3.34546 -6.23766 -3.83325 -0.333165 0
14.97 -3.34546 -6.23766 -3.83325 -0.333165 0
14.98 -3.34546 -6.23766 -3.83325 -0.333165 0
14.99 -3.34546 -6.23766 -3.83325 -0.333165 0
15 -3.34546 -6.23766 -3.83325 -0.333165 0
15.01 -3.34546 -6.23766 -3.83325 -0.333165 0
15.02 -3.34546 -6.23766 -3.83325 -0.333165 0
15.03 -3.34546 -6.23766 -3.83325 -0.333165 0
15.04 -3.34546 -6.23766 -3.83325 -0.333165 0
15.05 -3.34546 -6.23766 -3.83325 -0.333165 0
15.06 -3.34546 -6.23766 -3.83325 -0.333165 0
15.07 -3.34546 -6.23766 -3.83325 -0.333165 0
15.08 -3.34546 -6.23766 -3.83325 -0.333165 0
15.09 -3.34546 -6.23766 -3.83325 -0.333165 0
15.1 -3.34546 -6.23766 -3.83325 -0.333165 0
15.11 -3.34546 -6.23766 -3.83325 -0.333165 0
15.12 -3.34546 -6.23766 -3.83325 -0.333165 0
15.13 -3.34546 -6.23766 -3.83325 -0.333165 0
15.14 -3.34546 -6.23766 -3.83325 -0.333165 0
15.15 -3.34546 -6.23766 -3.83325 -0.333165 0
15.16 -3.34546 -6.23766 -3.83325 -0.333165 0
15.17 -3.34546 -6.23766 -3.83325 -0.333165 0
15.18 -3.34546 -6.23766 -3.83325 -0.333165 0
15.19 -3.34546 -6.23766 -3.83325 -0.333165 0
15.2 -3.34546 -6.23766 -3.83325 -0.333165 0
15.21 -3.34546 -6.23766 -3.83325 -0.333165 0
15.22 -3.34546 -6.23766 -3.83325 -0.333165 0
15.23 -3.34546 -6.23766 -3.83325 -0.333165 0
15.24 -3.34546 -6.23766 -3.83325 -0.333165 0
15.25 -3.34546 -6.23766 -3.83325 -0.333165 0
15.26 -3.34546 -6.23766 -3.83325 -0.333165 0
15.27 -3.34546 -6.23766 -3.83325 -0.333165 0
15.28 -3.34546 -6.23766 -3.83325 -0.333165 0
15.29 -3.34546 -6.23766 -3.83325 -0.333165 0
15.3 -3.34546 -6.23766 -3.83325 -0.333165 0
15.31 -3.34546 -6.23766 -3.83325 -0.333165 0
15.32 -3.34546 -6.23766 -3.83325 -0.333165 0
15.33 -3.34546 -6.23766 -3.83325 -0.333165 0
15.34 -3.34546 -6.23766 -3.83325 -0.333165 0
15.35 -3.34546 -6.23766 -3.83325 -0.333165 0
15.36 -3.34546 -6.23766 -3.83325 -0.333165 0
15.37 -3.34546 -6.23766 -3.83325 -0.333165 0
15.38 -3.34546 -6.23766 -3.83325 -0.333165 0
15.39 -3.34546 -6.23766 -3.83325 -0.333165 0
15.4 -3.34546 -6.23766 -3.83325 -0.333165 0
15.41 -3.34546 -6.23766 -3.83325 -0.333165 0
15.42 -3.34546 -6.23766 -3.83325 -0.333165 0
15.43 -3.34546 -6.23766 -3.83325 -0.333165 0
15.44 -3.34546 -6.23766 -3.83325 -0.333165 0
15.45 -3.34546 -6.23766 -3.83325 -0.333165 0
15.46 -3.34546 -6.23766 -3.83325 -0.333165 0
15.47 -3.34546 -6.23766 -3.83325 -0.333165 0
15.48 -3.34546 -6.23766 -3.83325 -0.333165 0
15.49 -3.34546 -6.23766 -3.83325 -0.333165 0
15.5 -3.34546 -6.23766 -3.83325 -0.333165 0
15.51 -3.34546 -6.23766 -3.83325 -0.333165 0
15.52 -3.34546 -6.23766 -3.83325 -0.333165 0
15.53 -3.34546 -6.23766 -3.83325 -0.333165 0
15.54 -3.34546 -6.23766 -3.83325 -0.333165 0
15.55 -3.34546 -6.23766 -3.83325 -0.333165 0
15.56 -3.34546 -6.23766 -3.83325 -0.333165 0
15.57 -3.34546 -6.23766 -3.83325 -0.333165 0
15.58 -3.34546 -6.23766 -3.83325 -0.333165 0
15.59 -3.34546 -6.23766 -3.83325 -0.333165 0
15.6 -3.34546 -6.23766 -3.83325 -0.333165 0
15.61 -3.34546 -6.23766 -3.83325 -0.333165 0
15.62 -3.34546 -6.23766 -3.83325 -0.333165 0
15.63 -3.34546 -6.23766 -3.83325 -0.333165 0
15.64 -3.34546 -6.23766 -3.83325 -0.333165 0
15.65 -3.34546 -6.23766 -3.83325 -0.333165 0
15.66 -3.34546 -6.23766 -3.83325 -0.333165 0
15.67 -3.34546 -6.23766 -3.83325 -0.333165 0
15.68 -3.34546 -6.23766 -3.83325 -0.333165 0
15.69 -3.34546 -6.23766 -3.83325 -0.333165 0
15.7 -3.34546 -6.23766 -3.83325 -0.333165 0
15.71 -3.34546 -6.23766 -3.83325 -0.333165 0
15.72 -3.34546 -6.23766 -3.83325 -0.333165 0
15.73 -3.34546 -6.23766 -3.83325 -0.333165 0
15.74 -3.34546 -6.23766 -3.83325 -0.333165 0
15.75 -3.34546 -6.23766 -3.83325 -0.333165 0
15.76 -3.34546 -6.23766 -3.83325 -0.333165 0
15.77 -3.34546 -6.23766 -3.83325 -0.333165 0
15.78 -3.34546 -6.23766 -3.83325 -0.333165 0
15.79 -3.34546 -6.23766 -3.83325 -0.333165 0
15.8 -3.34546 -6.23766 -3.83325 -0.333165 0
15.81 -3.34546 -6.23766 -3.83325 -0.333165 0
15.82 -3.34546 -6.23766 -3.83325 -0.333165 0
15.83 -3.34546 -6.23766 -3.83325 -0.333165 0
15.84 -3.34546 -6.23766 -3.83325 -0.333165 0
15.85 -3.34546 -6.23766 -3.83325 -0.333165 0
15.86 -3.34546 -6.23766 -3.83325 -0.333165 0
15.87 -3.34546 -6.23766 -3.83325 -0.333165 0
15.88 -3.34546 -6.23766 -3.83325 -0.333165 0
15.89 -3.34546 -6.23766 -3.83325 -0.333165 0
15.9 -3.34546 -6.23766 -3.83325 -0.333165 0
15.91 -3.34546 -6.23766 -3.83325 -0.333165 0
15.92 -3.34546 -6.23766 -3.83325 -0.333165 0
15.93 -3.34546 -6.23766 -3.83325 -0.333165 0
15.94 -3.34546 -6.23766 -3.83325 -0.333165 0
15.95 -3.34546 -6.23766 -3.83325 -0.333165 0
15.96 -3.34546 -6.23766 -3.83325 -0.333165 0
15.97 -3.34546 -6.23766 -3.83325 -0.333165 0
15.98 -3.34546 -6.23766 -3.83325 -0.333165 0
15.99 -3.34546 -6.23766 -3.83325 -0.333165 0
16 -3.34546 -6.23766 -3.83325 -0.333165 0
16.01 -3.34546 -6.23766 -3.83325 -0.333165 0
16.02 -3.34546 -6.23766 -3.83325 -0.333165 0
16.03 -3.34546 -6.23766 -3.83325 -0.333165 0
16.04 -3.34546 -6.23766 -3.83325 -0.333165 0
16.05 -3.34546 -6.23766 -3.83325 -0.333165 0
16.06 -3.34546 -6.23766 -3.83325 -0.333165 0
16.07 -3.34546 -6.23766 -3.83325 -0.333165 0
16.08 -3.34546 -6.23766 -3.83325 -0.333165 0
16.09 -3.34546 -6.23766 -3.83325 -0.333165 0
16.1 -3.34546 -6.23766 -3.83325 -0.333165 0
16.11 -3.34546 -6.23766 -3.83325 -0.333165 0
16.12 -3.34546 -6.23766 -3.83325 -0.333165 0
16.13 -3.34546 -6.23766 -3.83325 -0.333165 0
16.14 -3.34546 -6.23766 -3.83325 -0.333165 0
16.15 -3.34546 -6.23766 -3.83325 -0.333165 0
16.16 -3.34546 -6.23766 -3.83325 -0.333165 0
16.17 -3.34546 -6.23766 -3.83325 -0.333165 0
16.18 -3.34546 -6.23766 -3.83325 -0.333165 0
16.19 -3.34546 -6.23766 -3.83325 -0.333165 0
16.2 -3.34546 -6.23766 -3.83325 -0.333165 0
16.21 -3.34546 -6.23766 -3.83325 -0.333165 0
16.22 -3.34546 -6.23766 -3.83325 -0.333165 0
16.23 -3.34546 -6.23766 -3.83325 -0.333165 0
16.24 -3.34546 -6.23766 -3.83325 -0.333165 0
16.25 -3.34546 -6.23766 -3.83325 -0.333165 0
16.26 -3.34546 -6.23766 -3.83325 -0.333165 0
16.27 -3.34546 -6.23766 -3.83325 -0.333165 0
16.28 -3.34546 -6.23766 -3.83325 -0.333165 0
16.29 -3.34546 -6.23766 -3.83325 -0.333165 0
16.3 -3.34546 -6.23766 -3.83325 -0.333165 0
16.31 -3.34546 -6.23766 -3.83325 -0.333165 0
16.32 -3.34546 -6.23766 -3.83325 -0.333165 0
16.33 -3.34546 -6.23766 -3.83325 -0.333165 0
16.34 -3.34546 -6.23766 -3.83325 -0.333165 0
16.35 -3.34546 -6.23766 -3.83325 -0.333165 0
16.36 -3.34546 -6.23766 -3.83325 -0.333165 0
16.37 -3.34546 -6.23766 -3.83325 -0.333165 0
16.38 -3.34546 -6.23766 -3.83325 -0.333165 0
16.39 -3.34546 -6.23766 -3.83325 -0.333165 0
16.4 -3.34546 -6.23766 -3.83325 -0.333165 0
16.41 -3.34546 -6.23766 -3.83325 -0.333165 0
16.42 -3.34546 -6.23766 -3.83325 -0.333165 0
16.43 -3.34546 -6.23766 -3.83325 -0.333165 0
16.44 -3.34546 -6.23766 -3.83325 -0.333165 0
16.45 -3.34546 -6.23766 -3.83325 -0.333165 0
16.46 -3.34546 -6.23766 -3.83325 -0.333165 0
16.47 -3.34546 -6.23766 -3.83325 -0.333165 0
16.48 -3.34546 -6.23766 -3.83325 -0.333165 0
16.49 -3.34546 -6.23766 -3.83325 -0.333165 0
16.5 -3.34546 -6.23766 -3.83325 -0.333165 0
16.51 -3.34546 -6.23766 -3.83325 -0.333165 0
16.52 -3.34546 -6.23766 -3.83325 -0.333165 0
16.53 -3.34546 -6.23766 -3.83325 -0.333165 0
16.54 -3.34546 -6.23766 -3.83325 -0.333165 0
16.55 -3.34546 -6.23766 -3.83325 -0.333165 0
16.56 -3.34546 -6.23766 -3.83325 -0.333165 0
16.57 -3.34546 -6.23766 -3.83325 -0.333165 0
16.58 -3.34546 -6.23766 -3.83325 -0.333165 0
16.59 -3.34546 -6.23766 -3.83325 -0.333165 0
16.6 -3.34546 -6.23766 -3.83325 -0.333165 0
16.61 -3.34546 -6.23766 -3.83325 -0.333165 0
16.62 -3.34546 -6.23766 -3.83325 -0.333165 0
16.63 -3.34546 -6.23766 -3.83325 -0.333165 0
16.64 -3.34546 -6.23766 -3.83325 -0.333165 0
16.65 -3.34546 -6.23766 -3.83325 -0.333165 0
16.66 -3.34546 -6.23766 -3.83325 -0.333165 0
16.67 -3.34546 -6.23766 -3.83325 -0.333165 0
16.68 -3.34546 -6.23766 -3.83325 -0.333165 0
16.69 -3.34546 -6.23766 -3.83325 -0.333165 0
16.7 -3.34546 -6.23766 -3.83325 -0.333165 0
16.71 -3.34546 -6.23766 -3.83325 -0.333165 0
16.72 -3.34546 -6.23766 -3.83325 -0.333165 0
16.73 -3.34546 -6.23766 -3.83325 -0.333165 0
16.74 -3.34546 -6.23766 -3.83325 -0.333165 0
16.75 -3.34546 -6.23766 -3.83325 -0.333165 0
16.76 -3.34546 -6.23766 -3.83325 -0.333165 0
16.77 -3.34546 -6.23766 -3.83325 -0.333165 0
16.78 -3.34546 -6.23766 -3.83325 -0.333165 0
16.79 -3.34546 -6.23766 -3.83325 -0.333165 0
16.8 -3.34546 -6.23766 -3.83325 -0.333165 0
16.81 -3.34546 -6.23766 -3.83325 -0.333165 0
16.82 -3.34546 -6.23766 -3.83325 -0.333165 0
16.83 -3.34546 -6.23766 -3.83325 -0.333165 0
16.84 -3.34546 -6.23766 -3.83325 -0.333165 0
16.85 -3.34546 -6.23766 -3.83325 -0.333165 0
16.86 -3.34546 -6.23766 -3.83325 -0.333165 0
16.87 -3.34546 -6.23766 -3.83325 -0.333165 0
16.88 -3.34546 -6.23766 -3.83325 -0.333165 0
16.89 -3.34546 -6.23766 -3.83325 -0.333165 0
16.9 -3.34546 -6.23766 -3.83325 -0.333165 0
16.91 -3.34546 -6.23766 -3.83325 -0.333165 0
16.92 -3.34546 -6.23766 -3.83325 -0.333165 0
16.93 -3.34546 -6.23766 -3.83325 -0.333165 0
16.94 -3.34546 -6.23766 -3.83325 -0.333165 0
16.95 -3.34546 -6.23766 -3.83325 -0.333165 0
16.96 -3.34546 -6.23766 -3.83325 -0.333165 0
16.97 -3.34546 -6.23766 -3.83325 -0.333165 0
16.98 -3.34546 -6.23766 -3.83325 -0.333165 0
16.99 -3.34546 -6.23766 -3.83325 -0.333165 0
17 -3.34546 -6.23766 -3.83325 -0.333165 0
17.01 -3.34546 -6.23766 -3.83325 -0.333165 0
17.02 -3.34546 -6.23766 -3.83325 -0.333165 0
17.03 -3.34546 -6.23766 -3.83325 -0.333165 0
17.04 -3.34546 -6.23766 -3.83325 -0.333165 0
17.05 -3.34546 -6.23766 -3.83325 -0.333165 0
17.06 -3.34546 -6.23766 -3.83325 -0.333165 0
17.07 -3.34546 -6.23766 -3.83325 -0.333165 0
17.08 -3.34546 -6.23766 -3.83325 -0.333165 0
17.09 -3.34546 -6.23766 -3.83325 -0.333165 0
17.1 -3.34546 -6.23766 -3.83325 -0.333165 0
17.11 -3.34546 -6.23766 -3.83325 -0.333165 0
17.12 -3.34546 -6.23766 -3.83325 -0.333165 0
17.13 -3.34546 -6.23766 -3.83325 -0.333165 0
17.14 -3.34546 -6.23766 -3.83325 -0.333165 0
17.15 -3.34546 -6.23766 -3.83325 -0.333165 0
17.16 -3.34546 -6.23766 -3.83325 -0.333165 0
17.17 -3.34546 -6.23766 -3.83325 -0.333165 0
17.18 -3.34546 -6.23766 -3.83325 -0.333165 0
17.19 -3.34546 -6.23766 -3.83325 -0.333165 0
17.2 -3.34546 -6.23766 -3.83325 -0.333165 0
17.21 -3.34546 -6.23766 -3.83325 -0.333165 0
17.22 -3.34546 -6.23766 -3.83325 -0.333165 0
17.23 -3.34546 -6.23766 -3.83325 -0.333165 0
17.24 -3.34546 -6.23766 -3.83325 -0.333165 0
17.25 -3.34546 -6.23766 -3.83325 -0.333165 0
17.26 -3.34546 -6.23766 -3.83325 -0.333165 0
17.27 -3.34546 -6.23766 -3.83325 -0.333165 0
17.28 -3.34546 -6.23766 -3.83325 -0.333165 0
17.29 -3.34546 -6.23766 -3.83325 -0.333165 0
17.3 -3.34546 -6.23766 -3.83325 -0.333165 0
17.31 -3.34546 -6.23766 -3.83325 -0.333165 0
17.32 -3.34546 -6.23766 -3.83325 -0.333165 0
17.33 -3.34546 -6.23766 -3.83325 -0.333165 0
17.34 -3.34546 -6.23766 -3.83325 -0.333165 0
17.35 -3.34546 -6.23766 -3.83325 -0.333165 0
17.36 -3.34546 -6.23766 -3.83325 -0.333165 0
17.37 -3.34546 -6.23766 -3.83325 -0.333165 0
17.38 -3.34546 -6.23766 -3.83325 -0.333165 0
17.39 -3.34546 -6.23766 -3.83325 -0.333165 0
17.4 -3.34546 -6.23766 -3.83325 -0.333165 0
17.41 -3.34546 -6.23766 -3.83325 -0.333165 0
17.42 -3.34546 -6.23766 -3.83325 -0.333165 0
17.43 -3.34546 -6.23766 -3.83325 -0.333165 0
17.44 -3.34546 -6.23766 -3.83325 -0.333165 0
17.45 -3.34546 -6.23766 -3.83325 -0.333165 0
17.46 -3.34546 -6.23766 -3.83325 -0.333165 0
17.47 -3.34546 -6.23766 -3.83325 -0.333165 0
17.48 -3.34546 -6.23766 -3.83325 -0.333165 0
17.49 -3.34546 -6.23766 -3.83325 -0.333165 0
17.5 -3.34546 -6.23766 -3.83325 -0.333165 0
17.51 -3.34546 -6.23766 -3.83325 -0.333165 0
17.52 -3.34546 -6.23766 -3.83325 -0.333165 0
17.53 -3.34546 -6.23766 -3.83325 -0.333165 0
17.54 -3.34546 -6.23766 -3.83325 -0.333165 0
17.55 -3.34546 -6.23766 -3.83325 -0.333165 0
17.56 -3.34546 -6.23766 -3.83325 -0.333165 0
17.57 -3.34546 -6.23766 -3.83325 -0.333165 0
17.58 -3.34546 -6.23766 -3.83325 -0.333165 0
17.59 -3.34546 -6.23766 -3.83325 -0.333165 0
17.6 -3.34546 -6.23766 -3.83325 -0.333165 0
17.61 -3.34546 -6.23766 -3.83325 -0.333165 0
17.62 -3.34546 -6.23766 -3.83325 -0.333165 0
17.63 -3.34546 -6.23766 -3.83325 -0.333165 0
17.64 -3.34546 -6.23766 -3.83325 -0.333165 0
17.65 -3.34546 -6.23766 -3.83325 -0.333165 0
17.66 -3.34546 -6.23766 -3.83325 -0.333165 0
17.67 -3.34546 -6.23766 -3.83325 -0.333165 0
17.68 -3.34546 -6.23766 -3.83325 -0.333165 0
17.69 -3.34546 -6.23766 -3.83325 -0.333165 0
17.7 -3.34546 -6.23766 -3.83325 -0.333165 0
17.71 -3.34546 -6.23766 -3.83325 -0.333165 0
17.72 -3.34546 -6.23766 -3.83325 -0.333165 0
17.73 -3.34546 -6.23766 -3.83325 -0.333165 0
17.74 -3.34546 -6.23766 -3.83325 -0.333165 0
17.75 -3.34546 -6.23766 -3.83325 -0.333165 0
17.76 -3.34546 -6.23766 -3.83325 -0.333165 0
17.77 -3.34546 -6.23766 -3.83325 -0.333165 0
17.78 -3.34546 -6.23766 -3.83325 -0.333165 0
17.79 -3.34546 -6.23766 -3.83325 -0.333165 0
17.8 -3.34546 -6.23766 -3.83325 -0.333165 0
17.81 -3.34546 -6.23766 -3.83325 -0.333165 0
17.82 -3.34546 -6.23766 -3.83325 -0.333165 0
17.83 -3.34546 -6.23766 -3.83325 -0.333165 0
17.84 -3.34546 -6.23766 -3.83325 -0.333165 0
17.85 -3.34546 -6.23766 -3.83325 -0.333165 0
17.86 -3.34546 -6.23766 -3.83325 -0.333165 0
17.87 -3.34546 -6.23766 -3.83325 -0.333165 0
17.88 -3.34546 -6.23766 -3.83325 -0.333165 0
17.89 -3.34546 -6.23766 -3.83325 -0.333165 0
17.9 -3.34546 -6.23766 -3.83325 -0.333165 0
17.91 -3.34546 -6.23766 -3.83325 -0.333165 0
17.92 -3.34546 -6.23766 -3.83325 -0.333165 0
17.93 -3.34546 -6.23766 -3.83325 -0.333165 0
17.94 -3.34546 -6.23766 -3.83325 -0.333165 0
17.95 -3.34546 -6.23766 -3.83325 -0.333165 0
17.96 -3.34546 -6.23766 -3.83325 -0.333165 0
17.97 -3.34546 -6.23766 -3.83325 -0.333165 0
17.98 -3.34546 -6.23766 -3.83325 -0.333165 0
17.99 -3.34546 -6.23766 -3.83325 -0.333165 0
18 -3.34546 -6.23766 -3.83325 -0.333165 0
18.01 -3.34546 -6.23766 -3.83325 -0.333165 0
18.02 -3.34546 -6.23766 -3.83325 -0.333165 0
18.03 -3.34546 -6.23766 -3.83325 -0.333165 0
18.04 -3.34546 -6.23766 -3.83325 -0.333165 0
18.05 -3.34546 -6.23766 -3.83325 -0.333165 0
18.06 -3.34546 -6.23766 -3.83325 -0.333165 0
18.07 -3.34546 -6.23766 -3.83325 -0.333165 0
18.08 -3.34546 -6.23766 -3.83325 -0.333165 0
18.09 -3.34546 -6.23766 -3.83325 -0.333165 0
18.1 -3.34546 -6.23766 -3.83325 -0.333165 0
18.11 -3.34546 -6.23766 -3.83325 -0.333165 0
18.12 -3.34546 -6.23766 -3.83325 -0.333165 0
18.13 -3.34546 -6.23766 -3.83325 -0.333165 0
18.14 -3.34546 -6.23766 -3.83325 -0.333165 0
18.15 -3.34546 -6.23766 -3.83325 -0.333165 0
18.16 -3.34546 -6.23766 -3.83325 -0.333165 0
18.17 -3.34546 -6.23766 -3.83325 -0.333165 0
18.18 -3.34546 -6.23766 -3.83325 -0.333165 0
18.19 -3.34546 -6.23766 -3.83325 -0.333165 0
18.2 -3.34546 -6.23766 -3.83325 -0.333165 0
18.21 -3.34546 -6.23766 -3.83325 -0.333165 0
18.22 -3.34546 -6.23766 -3.83325 -0.333165 0
18.23 -3.34546 -6.23766 -3.83325 -0.333165 0
18.24 -3.34546 -6.23766 -3.83325 -0.333165 0
18.25 -3.34546 -6.23766 -3.83325 -0.333165 0
18.26 -3.34546 -6.23766 -3.83325 -0.333165 0
18.27 -3.34546 -6.23766 -3.83325 -0.333165 0
18.28 -3.34546 -6.23766 -3.83325 -0.333165 0
18.29 -3.34546 -6.23766 -3.83325 -0.333165 0
18.3 -3.34546 -6.23766 -3.83325 -0.333165 0
18.31 -3.34546 -6.23766 -3.83325 -0.333165 0
18.32 -3.34546 -6.23766 -3.83325 -0.333165 0
18.33 -3.34546 -6.23766 -3.83325 -0.333165 0
18.34 -3.34546 -6.23766 -3.83325 -0.333165 0
18.35 -3.34546 -6.23766 -3.83325 -0.333165 0
18.36 -3.34546 -6.23766 -3.83325 -0.333165 0
18.37 -3.34546 -6.23766 -3.83325 -0.333165 0
18.38 -3.34546 -6.23766 -3.83325 -0.333165 0
18.39 -3.34546 -6.23766 -3.83325 -0.333165 0
18.4 -3.34546 -6.23766 -3.83325 -0.333165 0
18.41 -3.34546 -6.23766 -3.83325 -0.333165 0
18.42 -3.34546 -6.23766 -3.83325 -0.333165 0
18.43 -3.34546 -6.23766 -3.83325 -0.333165 0
18.44 -3.34546 -6.23766 -3.83325 -0.333165 0
18.45 -3.34546 -6.23766 -3.83325 -0.333165 0
18.46 -3.34546 -6.23766 -3.83325 -0.333165 0
18.47 -3.34546 -6.23766 -3.83325 -0.333165 0
18.48 -3.34546 -6.23766 -3.83325 -0.333165 0
18.49 -3.34546 -6.23766 -3.83325 -0.333165 0
18.5 -3.34546 -6.23766 -3.83325 -0.333165 0
18.51 -3.34546 -6.23766 -3.83325 -0.333165 0
18.52 -3.34546 -6.23766 -3.83325 -0.333165 0
18.53 -3.34546 -6.23766 -3.83325 -0.333165 0
18.54 -3.34546 -6.23766 -3.83325 -0.333165 0
18.55 -3.34546 -6.23766 -3.83325 -0.333165 0
18.56 -3.34546 -6.23766 -3.83325 -0.333165 0
18.57 -3.34546 -6.23766 -3.83325 -0.333165 0
18.58 -3.34546 -6.23766 -3.83325 -0.333165 0
18.59 -3.34546 -6.23766 -3.83325 -0.333165 0
18.6 -3.34546 -6.23766 -3.83325 -0.333165 0
18.61 -3.34546 -6.23766 -3.83325 -0.333165 0
18.62 -3.34546 -6.23766 -3.83325 -0.333165 0
18.63 -3.34546 -6.23766 -3.83325 -0.333165 0
18.64 -3.34546 -6.23766 -3.83325 -0.333165 0
18.65 -3.34546 -6.23766 -3.83325 -0.333165 0
18.66 -3.34546 -6.23766 -3.83325 -0.333165 0
18.67 -3.34546 -6.23766 -3.83325 -0.333165 0
18.68 -3.34546 -6.23766 -3.83325 -0.333165 0
18.69 -3.34546 -6.23766 -3.83325 -0.333165 0
18.7 -3.34546 -6.23766 -3.83325 -0.333165 0
18.71 -3.34546 -6.23766 -3.83325 -0.333165 0
18.72 -3.34546 -6.23766 -3.83325 -0.333165 0
18.73 -3.34546 -6.23766 -3.83325 -0.333165 0
18.74 -3.34546 -6.23766 -3.83325 -0.333165 0
18.75 -3.34546 -6.23766 -3.83325 -0.333165 0
18.76 -3.34546 -6.23766 -3.83325 -0.333165 0
18.77 -3.34546 -6.23766 -3.83325 -0.333165 0
18.78 -3.34546 -6.23766 -3.83325 -0.333165 0
18.79 -3.34546 -6.23766 -3.83325 -0.333165 0
18.8 -3.34546 -6.23766 -3.83325 -0.333165 0
18.81 -3.34546 -6.23766 -3.83325 -0.333165 0
18.82 -3.34546 -6.23766 -3.83325 -0.333165 0
18.83 -3.34546 -6.23766 -3.83325 -0.333165 0
18.84 -3.34546 -6.23766 -3.83325 -0.333165 0
18.85 -3.34546 -6.23766 -3.83325 -0.333165 0
18.86 -3.34546 -6.23766 -3.83325 -0.333165 0
18.87 -3.34546 -6.23766 -3.83325 -0.333165 0
18.88 -3.34546 -6.23766 -3.83325 -0.333165 0
18.89 -3.34546 -6.23766 -3.83325 -0.333165 0
18.9 -3.34546 -6.23766 -3.83325 -0.333165 0
18.91 -3.34546 -6.23766 -3.83325 -0.333165 0
18.92 -3.34546 -6.23766 -3.83325 -0.333165 0
18.93 -3.34546 -6.23766 -3.83325 -0.333165 0
18.94 -3.34546 -6.23766 -3.83325 -0.333165 0
18.95 -3.34546 -6.23766 -3.83325 -0.333165 0
18.96 -3.34546 -6.23766 -3.83325 -0.333165 0
18.97 -3.34546 -6.23766 -3.83325 -0.333165 0
18.98 -3.34546 -6.23766 -3.83325 -0.333165 0
18.99 -3.34546 -6.23766 -3.83325 -0.333165 0
19 -3.34546 -6.23766 -3.83325 -0.333165 0
19.01 -3.34546 -6.23766 -3.83325 -0.333165 0
19.02 -3.34546 -6.23766 -3.83325 -0.333165 0
19.03 -3.34546 -6.23766 -3.83325 -0.333165 0
19.04 -3.34546 -6.23766 -3.83325 -0.333165 0
19.05 -3.34546 -6.23766 -3.83325 -0.333165 0
19.06 -3.34546 -6.23766 -3.83325 -0.333165 0
19.07 -3.34546 -6.23766 -3.83325 -0.333165 0
19.08 -3.34546 -6.23766 -3.83325 -0.333165 0
19.09 -3.34546 -6.23766 -3.83325 -0.333165 0
19.1 -3.34546 -6.23766 -3.83325 -0.333165 0
19.11 -3.34546 -6.23766 -3.83325 -0.333165 0
19.12 -3.34546 -6.23766 -3.83325 -0.333165 0
19.13 -3.34546 -6.23766 -3.83325 -0.333165 0
19.14 -3.34546 -6.23766 -3.83325 -0.333165 0
19.15 -3.34546 -6.23766 -3.83325 -0.333165 0
19.16 -3.34546 -6.23766 -3.83325 -0.333165 0
19.17 -3.34546 -6.23766 -3.83325 -0.333165 0
19.18 -3.34546 -6.23766 -3.83325 -0.333165 0
19.19 -3.34546 -6.23766 -3.83325 -0.333165 0
19.2 -3.34546 -6.23766 -3.83325 -0.333165 0
19.21 -3.34546 -6.23766 -3.83325 -0.333165 0
19.22 -3.34546 -6.23766 -3.83325 -0.333165 0
19.23 -3.34546 -6.23766 -3.83325 -0.333165 0
19.24 -3.34546 -6.23766 -3.83325 -0.333165 0
19.25 -3.34546 -6.23766 -3.83325 -0.333165 0
19.26 -3.34546 -6.23766 -3.83325 -0.333165 0
19.27 -3.34546 -6.23766 -3.83325 -0.333165 0
19.28 -3.34546 -6.23766 -3.83325 -0.333165 0
19.29 -3.34546 -6.23766 -3.83325 -0.333165 0
19.3 -3.34546 -6.23766 -3.83325 -0.333165 0
19.31 -3.34546 -6.23766 -3.83325 -0.333165 0
19.32 -3.34546 -6.23766 -3.83325 -0.333165 0
19.33 -3.34546 -6.23766 -3.83325 -0.333165 0
19.34 -3.34546 -6.23766 -3.83325 -0.333165 0
19.35 -3.34546 -6.23766 -3.83325 -0.333165 0
19.36 -3.34546 -6.23766 -3.83325 -0.333165 0
19.37 -3.34546 -6.23766 -3.83325 -0.333165 0
19.38 -3.34546 -6.23766 -3.83325 -0.333165 0
19.39 -3.34546 -6.23766 -3.83325 -0.333165 0
19.4 -3.34546 -6.23766 -3.83325 -0.333165 0
19.41 -3.34546 -6.23766 -3.83325 -0.333165 0
19.42 -3.34546 -6.23766 -3.83325 -0.333165 0
19.43 -3.34546 -6.23766 -3.83325 -0.333165 0
19.44 -3.34546 -6.23766 -3.83325 -0.333165 0
19.45 -3.34546 -6.23766 -3.83325 -0.333165 0
19.46 -3.34546 -6.23766 -3.83325 -0.333165 0
19.47 -3.34546 -6.23766 -3.83325 -0.333165 0
19.48 -3.34546 -6.23766 -3.83325 -0.333165 0
19.49 -3.34546 -6.23766 -3.83325 -0.333165 0
19.5 -3.34546 -6.23766 -3.83325 -0.333165 0
19.51 -3.34546 -6.23766 -3.83325 -0.333165 0
19.52 -3.34546 -6.23766 -3.83325 -0.333165 0
19.53 -3.34546 -6.23766 -3.83325 -0.333165 0
19.54 -3.34546 -6.23766 -3.83325 -0.333165 0
19.55 -3.34546 -6.23766 -3.83325 -0.333165 0
19.56 -3.34546 -6.23766 -3.83325 -0.333165 0
19.57 -3.34546 -6.23766 -3.83325 -0.333165 0
19.58 -3.34546 -6.23766 -3.83325 -0.333165 0
19.59 -3.34546 -6.23766 -3.83325 -0.333165 0
19.6 -3.34546 -6.23766 -3.83325 -0.333165 0
19.61 -3.34546 -6.23766 -3.83325 -0.333165 0
19.62 -3.34546 -6.23766 -3.83325 -0.333165 0
19.63 -3.34546 -6.23766 -3.83325 -0.333165 0
19.64 -3.34546 -6.23766 -3.83325 -0.333165 0
19.65 -3.34546 -6.23766 -3.83325 -0.333165 0
19.66 -3.34546 -6.23766 -3.83325 -0.333165 0
19.67 -3.34546 -6.23766 -3.83325 -0.333165 0
19.68 -3.34546 -6.23766 -3.83325 -0.333165 0
19.69 -3.34546 -6.23766 -3.83325 -0.333165 0
19.7 -3.34546 -6.23766 -3.83325 -0.333165 0
19.71 -3.34546 -6.23766 -3.83325 -0.333165 0
19.72 -3.34546 -6.23766 -3.83325 -0.333165 0
19.73 -3.34546 -6.23766 -3.83325 -0.333165 0
19.74 -3.34546 -6.23766 -3.83325 -0.333165 0
19.75 -3.34546 -6.23766 -3.83325 -0.333165 0
19.76 -3.34546 -6.23766 -3.83325 -0.333165 0
19.77 -3.34546 -6.23766 -3.83325 -0.333165 0
19.78 -3.34546 -6.23766 -3.83325 -0.333165 0
19.79 -3.34546 -6.23766 -3.83325 -0.333165 0
19.8 -3.34546 -6.23766 -3.83325 -0.333165 0
19.81 -3.34546 -6.23766 -3.83325 -0.333165 0
19.82 -3.34546 -6.23766 -3.83325 -0.333165 0
19.83 -3.34546 -6.23766 -3.83325 -0.333165 0
19.84 -3.34546 -6.23766 -3.83325 -0.333165 0
19.85 -3.34546 -6.23766 -3.83325 -0.333165 0
19.86 -3.34546 -6.23766 -3.83325 -0.333165 0
19.87 -3.34546 -6.23766 -3.83325 -0.333165 0
19.88 -3.34546 -6.23766 -3.83325 -0.333165 0
19.89 -3.34546 -6.23766 -3.83325 -0.333165 0
19.9 -3.34546 -6.23766 -3.83325 -0.333165 0
19.91 -3.34546 -6.23766 -3.83325 -0.333165 0
19.92 -3.34546 -6.23766 -3.83325 -0.333165 0
19.93 -3.34546 -6.23766 -3.83325 -0.333165 0
19.94 -3.34546 -6.23766 -3.83325 -0.333165 0
19.95 -3.34546 -6.23766 -3.83325 -0.333165 0
19.96 -3.34546 -6.23766 -3.83325 -0.333165 0
19.97 -3.34546 -6.23766 -3.83325 -0.333165 0
19.98 -3.34546 -6.23766 -3.83325 -0.333165 0
19.99 -3.34546 -6.23766 -3.83325 -0.333165 0
20 -3.34546 -6.23766 -3.83325 -0.333165 0
