0.1 -1.2e-06 -1.2e-06 -1.2e-06 -6.08805e-22 8.99973e-22 -8.47033e-22
0.2 -2.4e-06 -2.4e-06 -2.4e-06 4.23516e-22 1.05879e-21 -1.90582e-21
0.3 -3.6e-06 -3.6e-06 -3.6e-06 -7.41154e-22 2.11758e-22 2.11758e-21
0.4 -4.8e-06 -4.8e-06 -4.8e-06 -3.70577e-21 8.47033e-22 2.11758e-21
0.5 -6e-06 -6e-06 -6e-06 0 6.35275e-22 1.69407e-21
0.6 -7.2e-06 -7.2e-06 -7.2e-06 -2.75286e-21 5.0822e-21 -2.5411e-21
0.7 -8.4e-06 -8.4e-06 -8.4e-06 -1.90582e-21 2.5411e-21 -1.69407e-21
0.8 -9.6e-06 -9.6e-06 -9.6e-06 -5.71747e-21 1.48231e-21 -1.69407e-21
0.9 -1.08e-05 -1.08e-05 -1.08e-05 -2.32934e-21 3.81165e-21 8.47033e-22
1 -1.2e-05 -1.2e-05 -1.2e-05 4.23516e-21 3.81165e-21 -3.38813e-21
1.1 -1.32e-05 -1.32e-05 -1.32e-05 8.47033e-21 5.50571e-21 -1.86347e-20
1.2 -1.44e-05 -1.44e-05 -1.44e-05 1.35525e-20 -1.35525e-20 5.0822e-21
1.3 -1.56e-05 -1.56e-05 -1.56e-05 -1.01644e-20 1.65171e-20 0
1.4 -1.68e-05 -1.68e-05 -1.68e-05 -2.96462e-21 1.69407e-21 -6.77626e-21
1.5 -1.8e-05 -1.8e-05 -1.8e-05 -2.5411e-21 6.77626e-21 -6.77626e-21
1.6 -1.92e-05 -1.92e-05 -1.92e-05 -3.38813e-21 5.92923e-21 1.69407e-21
1.7 -2.04e-05 -2.04e-05 -2.04e-05 -8.47033e-21 -8.47033e-22 1.35525e-20
1.8 -2.16e-05 -2.16e-05 -2.16e-05 4.65868e-21 9.74088e-21 1.69407e-20
1.9 -2.28e-05 -2.28e-05 -2.28e-05 1.2282e-20 -4.23516e-22 1.52466e-20
2 -2.4e-05 -2.4e-05 -2.4e-05 4.23516e-21 5.0822e-21 -3.38813e-21
2.1 -2.52e-05 -2.52e-05 -2.52e-05 3.38813e-21 3.38813e-21 -6.77626e-21
2.2 -2.64e-05 -2.64e-05 -2.64e-05 -3.38813e-21 2.37169e-20 3.38813e-21
2.3 -2.76e-05 -2.76e-05 -2.76e-05 2.6258e-20 -1.77877e-20 -6.77626e-21
2.4 -2.88e-05 -2.88e-05 -2.88e-05 -1.27055e-20 8.47033e-21 2.03288e-20
2.5 -3e-05 -3e-05 -3e-05 -1.35525e-20 1.18585e-20 6.77626e-21
2.6 -3.12e-05 -3.12e-05 -3.12e-05 -3.38813e-21 2.20229e-20 1.01644e-20
2.7 -3.24e-05 -3.24e-05 -3.24e-05 -9.31736e-21 -1.69407e-21 0
2.8 -3.36e-05 -3.36e-05 -3.36e-05 -1.35525e-20 -8.47033e-22 -1.35525e-20
2.9 -3.48e-05 -3.48e-05 -3.48e-05 8.47033e-22 -4.23516e-21 -1.69407e-20
3 -3.6e-05 -3.6e-05 -3.6e-05 8.47033e-22 -4.23516e-21 0
3.1 -3.72e-05 -3.72e-05 -3.72e-05 8.47033e-22 -4.23516e-21 2.37169e-20
3.2 -3.84e-05 -3.84e-05 -3.84e-05 -1.27055e-20 -2.5411e-21 1.35525e-20
3.3 -3.96e-05 -3.96e-05 -3.96e-05 1.10114e-20 -8.47033e-21 -1.69407e-20
3.4 -4.08e-05 -4.08e-05 -4.08e-05 -1.52466e-20 2.11758e-20 -4.74338e-20
3.5 -4.2e-05 -4.2e-05 -4.2e-05 -2.6258e-20 1.18585e-20 0
3.6 -4.32e-05 -4.32e-05 -4.32e-05 1.69407e-21 1.35525e-20 -3.72694e-20
3.7 -4.44e-05 -4.44e-05 -4.44e-05 -5.0822e-21 -9.31736e-21 2.37169e-20
3.8 -4.56e-05 -4.56e-05 -4.56e-05 8.47033e-21 -1.60936e-20 2.71051e-20
3.9 -4.68e-05 -4.68e-05 -4.68e-05 3.38813e-21 5.0822e-21 4.40457e-20
4 -4.8e-05 -4.8e-05 -4.8e-05 -5.0822e-21 1.86347e-20 6.77626e-21
4.1 -4.92e-05 -4.92e-05 -4.92e-05 3.21873e-20 6.77626e-21 -6.77626e-21
4.2 -5.04e-05 -5.04e-05 -5.04e-05 -4.06576e-20 3.72694e-20 0
4.3 -5.16e-05 -5.16e-05 -5.16e-05 0 -1.35525e-20 5.42101e-20
4.4 -5.28e-05 -5.28e-05 -5.28e-05 8.47033e-21 -3.38813e-21 6.77626e-21
4.5 -5.4e-05 -5.4e-05 -5.4e-05 2.20229e-20 -4.40457e-20 2.71051e-20
4.6 -5.52e-05 -5.52e-05 -5.52e-05 1.18585e-20 -1.69407e-20 0
4.7 -5.64e-05 -5.64e-05 -5.64e-05 5.0822e-21 -1.18585e-20 0
4.8 -5.76e-05 -5.76e-05 -5.76e-05 -5.0822e-21 1.69407e-20 -1.35525e-20
4.9 -5.88e-05 -5.88e-05 -5.88e-05 4.06576e-20 -2.5411e-20 3.38813e-20
5 -6e-05 -6e-05 -6e-05 -3.04932e-20 -1.18585e-20 3.38813e-20
5.1 -6.12e-05 -6.12e-05 -6.12e-05 2.20229e-20 -2.20229e-20 1.35525e-20
5.2 -6.24e-05 -6.24e-05 -6.24e-05 -1.86347e-20 0 6.77626e-21
5.3 -6.36e-05 -6.36e-05 -6.36e-05 -1.86347e-20 -6.77626e-21 -5.42101e-20
5.4 -6.48e-05 -6.48e-05 -6.48e-05 -8.47033e-21 -2.87991e-20 -6.77626e-21
5.5 -6.6e-05 -6.6e-05 -6.6e-05 -6.77626e-21 -9.48677e-20 3.38813e-20
5.6 -6.72e-05 -6.72e-05 -6.72e-05 -1.52466e-20 -3.55754e-20 6.09864e-20
5.7 -6.84e-05 -6.84e-05 -6.84e-05 -2.71051e-20 3.72694e-20 -6.77626e-21
5.8 -6.96e-05 -6.96e-05 -6.96e-05 -1.35525e-20 -1.01644e-20 6.77626e-21
5.9 -7.08e-05 -7.08e-05 -7.08e-05 8.47033e-21 -1.69407e-20 -6.77626e-21
6 -7.2e-05 -7.2e-05 -7.2e-05 -3.38813e-21 -4.06576e-20 2.71051e-20
6.1 -7.32e-05 -7.32e-05 -7.32e-05 -5.2516e-20 3.38813e-20 6.77626e-21
6.2 -7.44e-05 -7.44e-05 -7.44e-05 3.38813e-21 5.0822e-21 6.77626e-21
6.3 -7.56e-05 -7.56e-05 -7.56e-05 1.01644e-20 5.2516e-20 1.35525e-20
6.4 -7.68e-05 -7.68e-05 -7.68e-05 1.01644e-20 5.42101e-20 2.03288e-20
6.5 -7.8e-05 -7.8e-05 -7.8e-05 2.20229e-20 1.03338e-19 -6.77626e-20
6.6 -7.92e-05 -7.92e-05 -7.92e-05 -4.06576e-20 9.99499e-20 -1.35525e-20
6.7 -8.04e-05 -8.04e-05 -8.04e-05 4.74338e-20 0 -1.35525e-20
6.8 -8.16e-05 -8.16e-05 -8.16e-05 3.38813e-21 3.38813e-20 0
6.9 -8.28e-05 -8.28e-05 -8.28e-05 -1.69407e-20 3.21873e-20 -6.09864e-20
7 -8.4e-05 -8.4e-05 -8.4e-05 -3.89635e-20 5.0822e-20 -2.71051e-20
7.1 -8.52e-05 -8.52e-05 -8.52e-05 2.87991e-20 -3.38813e-21 2.03288e-20
7.2 -8.64e-05 -8.64e-05 -8.64e-05 3.38813e-21 2.71051e-20 0
7.3 -8.76e-05 -8.76e-05 -8.76e-05 -2.37169e-20 8.97855e-20 -1.35525e-19
7.4 -8.88e-05 -8.88e-05 -8.88e-05 1.69407e-21 4.06576e-20 0
7.5 -9e-05 -9e-05 -9e-05 5.75982e-20 1.69407e-21 -2.03288e-20
7.6 -9.12e-05 -9.12e-05 -9.12e-05 -1.18585e-20 2.87991e-20 2.71051e-20
7.7 -9.24e-05 -9.24e-05 -9.24e-05 -1.69407e-20 -3.72694e-20 2.03288e-20
7.8 -9.36e-05 -9.36e-05 -9.36e-05 -5.42101e-20 6.77626e-21 2.71051e-20
7.9 -9.48e-05 -9.48e-05 -9.48e-05 -6.77626e-21 6.43745e-20 -6.09864e-20
8 -9.6e-05 -9.6e-05 -9.6e-05 -1.35525e-20 6.77626e-20 -6.77626e-21
8.1 -9.72e-05 -9.72e-05 -9.72e-05 1.35525e-20 3.38813e-21 0
8.2 -9.84e-05 -9.84e-05 -9.84e-05 -2.03288e-20 5.42101e-20 1.35525e-20
8.3 -9.96e-05 -9.96e-05 -9.96e-05 1.35525e-20 6.77626e-21 -2.71051e-20
8.4 -0.0001008 -0.0001008 -0.0001008 -8.13152e-20 8.13152e-20 -5.42101e-20
8.5 -0.000102 -0.000102 -0.000102 4.06576e-20 -2.03288e-20 -4.06576e-20
8.6 -0.0001032 -0.0001032 -0.0001032 -6.77626e-21 -5.0822e-20 2.71051e-20
8.7 -0.0001044 -0.0001044 -0.0001044 -1.69407e-20 1.35525e-20 -5.42101e-20
8.8 -0.0001056 -0.0001056 -0.0001056 -2.71051e-20 6.09864e-20 1.35525e-20
8.9 -0.0001068 -0.0001068 -0.0001068 -1.35525e-20 5.42101e-20 2.71051e-20
9 -0.000108 -0.000108 -0.000108 5.0822e-20 -1.69407e-20 -4.06576e-20
9.1 -0.0001092 -0.0001092 -0.0001092 1.69407e-20 -4.40457e-20 -6.77626e-20
9.2 -0.0001104 -0.0001104 -0.0001104 -1.15196e-19 9.48677e-20 -4.06576e-20
9.3 -0.0001116 -0.0001116 -0.0001116 -1.01644e-20 6.77626e-21 -8.13152e-20
9.4 -0.0001128 -0.0001128 -0.0001128 -1.35525e-20 3.38813e-21 1.35525e-19
9.5 -0.000114 -0.000114 -0.000114 -7.11508e-20 -3.04932e-20 2.71051e-20
9.6 -0.0001152 -0.0001152 -0.0001152 -1.01644e-19 1.66018e-19 -1.35525e-20
9.7 -0.0001164 -0.0001164 -0.0001164 6.77626e-21 -5.42101e-20 0
9.8 -0.0001176 -0.0001176 -0.0001176 -1.18585e-19 1.15196e-19 1.35525e-20
9.9 -0.0001188 -0.0001188 -0.0001188 7.7927e-20 -7.11508e-20 -8.13152e-20
10 -0.00012 -0.00012 -0.00012 -2.03288e-20 8.80914e-20 -9.48677e-20
10.1 -0.000119378 -0.000119378 -0.000121778 -6.77626e-21 -1.55854e-19 4.06576e-20
10.2 -0.000118756 -0.000118756 -0.000123556 -6.43745e-20 3.04932e-20 0
10.3 -0.000118133 -0.000118133 -0.000125333 -3.04932e-20 -9.14796e-20 4.06576e-20
10.4 -0.000117511 -0.000117511 -0.000127111 0 -3.04932e-20 2.71051e-20
10.5 -0.000116889 -0.000116889 -0.000128889 1.01644e-20 -9.14796e-20 8.13152e-20
10.6 -0.000116267 -0.000116267 -0.000130667 -3.72694e-20 -1.01644e-20 2.71051e-20
10.7 -0.000115644 -0.000115644 -0.000132444 -6.09864e-20 -3.04932e-20 0
10.8 -0.000115022 -0.000115022 -0.000134222 -5.0822e-20 -2.37169e-20 4.06576e-20
10.9 -0.0001144 -0.0001144 -0.000136 -8.13152e-20 5.75982e-20 -5.42101e-20
11 -0.000113778 -0.000113778 -0.000137778 -9.48677e-20 8.80914e-20 -2.71051e-20
11.1 -0.000113156 -0.000113156 -0.000139556 -6.43745e-20 6.77626e-20 8.13152e-20
11.2 -0.000112533 -0.000112533 -0.000141333 -3.04932e-20 -8.47033e-20 1.35525e-19
11.3 -0.000111911 -0.000111911 -0.000143111 -7.11508e-20 7.11508e-20 -5.42101e-20
11.4 -0.000111289 -0.000111289 -0.000144889 -2.03288e-20 0 2.71051e-20
11.5 -0.000110667 -0.000110667 -0.000146667 -1.11808e-19 2.03288e-20 9.48677e-20
11.6 -0.000110044 -0.000110044 -0.000148444 -3.38813e-21 -2.03288e-20 -1.35525e-20
11.7 -0.000109422 -0.000109422 -0.000150222 -5.42101e-20 8.47033e-20 0
11.8 -0.0001088 -0.0001088 -0.000152 0 3.38813e-21 -1.35525e-20
11.9 -0.000108178 -0.000108178 -0.000153778 -6.77626e-20 -8.13152e-20 6.77626e-20
12 -0.000107556 -0.000107556 -0.000155556 -1.11808e-19 4.74338e-20 5.42101e-20
12.1 -0.000106933 -0.000106933 -0.000157333 2.03288e-20 -4.06576e-20 -4.06576e-20
12.2 -0.000106311 -0.000106311 -0.000159111 -6.09864e-20 4.06576e-20 0
12.3 -0.000105689 -0.000105689 -0.000160889 -5.42101e-20 0 8.13152e-20
12.4 -0.000105067 -0.000105067 -0.000162667 -1.35525e-20 -2.03288e-20 -2.71051e-20
12.5 -0.000104444 -0.000104444 -0.000164444 -2.71051e-20 -4.06576e-20 -2.71051e-20
12.6 -0.000103822 -0.000103822 -0.000166222 -1.18585e-19 2.03288e-20 0
12.7 -0.0001032 -0.0001032 -0.000168 -6.43745e-20 5.0822e-20 -1.35525e-20
12.8 -0.000102578 -0.000102578 -0.000169778 -5.42101e-20 2.03288e-20 -1.6263e-19
12.9 -0.000101956 -0.000101956 -0.000171556 -1.01644e-19 -2.37169e-20 9.48677e-20
13 -0.000101333 -0.000101333 -0.000173333 -4.06576e-20 3.38813e-21 9.48677e-20
13.1 -0.000100711 -0.000100711 -0.000175111 -1.69407e-20 -1.69407e-20 -5.42101e-20
13.2 -0.000100089 -0.000100089 -0.000176889 -1.28749e-19 1.05032e-19 -1.49078e-19
13.3 -9.94667e-05 -9.94667e-05 -0.000178667 -2.03288e-20 -3.38813e-20 -5.42101e-20
13.4 -9.88444e-05 -9.88444e-05 -0.000180444 -1.25361e-19 7.7927e-20 0
13.5 -9.82222e-05 -9.82222e-05 -0.000182222 3.04932e-20 -1.01644e-20 -1.35525e-20
13.6 -9.76e-05 -9.76e-05 -0.000184 -6.09864e-20 6.77626e-20 4.06576e-20
13.7 -9.69778e-05 -9.69778e-05 -0.000185778 -3.38813e-20 2.71051e-20 0
13.8 -9.63555e-05 -9.63555e-05 -0.000187556 -9.14796e-20 -6.77626e-20 1.49078e-19
13.9 -9.57333e-05 -9.57333e-05 -0.000189333 -1.21973e-19 1.15196e-19 1.35525e-20
14 -9.51111e-05 -9.51111e-05 -0.000191111 -1.35525e-19 1.6263e-19 8.13152e-20
14.1 -9.44889e-05 -9.44889e-05 -0.000192889 -1.59242e-19 1.42302e-19 4.06576e-20
14.2 -9.38667e-05 -9.38667e-05 -0.000194667 -5.42101e-20 2.71051e-20 4.06576e-20
14.3 -9.32444e-05 -9.32444e-05 -0.000196444 -1.21973e-19 2.10064e-19 2.71051e-20
14.4 -9.26222e-05 -9.26222e-05 -0.000198222 -9.14796e-20 1.55854e-19 0
14.5 -9.2e-05 -9.2e-05 -0.0002 -6.43745e-20 5.42101e-20 5.42101e-20
14.6 -9.13778e-05 -9.13778e-05 -0.000201778 -1.69407e-20 1.21973e-19 -5.42101e-20
14.7 -9.07555e-05 -9.07555e-05 -0.000203556 -7.6233e-20 1.21973e-19 1.6263e-19
14.8 -9.01333e-05 -9.01333e-05 -0.000205333 -2.37169e-20 1.42302e-19 -1.6263e-19
14.9 -8.95111e-05 -8.95111e-05 -0.000207111 -4.57398e-20 1.21973e-19 -5.42101e-20
15 -8.88889e-05 -8.88889e-05 -0.000208889 -5.92923e-20 7.45389e-20 5.42101e-20
15.1 -8.82667e-05 -8.82667e-05 -0.000210667 5.75982e-20 5.42101e-20 -1.0842e-19
15.2 -8.76444e-05 -8.76444e-05 -0.000212444 -8.63974e-20 1.49078e-19 -2.71051e-20
15.3 -8.70222e-05 -8.70222e-05 -0.000214222 -7.7927e-20 9.48677e-20 -2.71051e-20
15.4 -8.64e-05 -8.64e-05 -0.000216 -3.38813e-21 8.80914e-20 0
15.5 -8.57778e-05 -8.57778e-05 -0.000217778 -1.13502e-19 1.6263e-19 8.13152e-20
15.6 -8.51555e-05 -8.51555e-05 -0.000219556 -3.55754e-20 -6.77626e-21 1.35525e-19
15.7 -8.45333e-05 -8.45333e-05 -0.000221333 -9.99499e-20 1.42302e-19 1.0842e-19
15.8 -8.39111e-05 -8.39111e-05 -0.000223111 -8.13152e-20 1.49078e-19 2.71051e-20
15.9 -8.32889e-05 -8.32889e-05 -0.000224889 -3.04932e-20 -4.74338e-20 2.1684e-19
16 -8.26667e-05 -8.26667e-05 -0.000226667 -1.20279e-19 1.01644e-19 2.71051e-20
16.1 -8.20444e-05 -8.20444e-05 -0.000228444 3.38813e-21 5.42101e-20 -5.42101e-20
16.2 -8.14222e-05 -8.14222e-05 -0.000230222 4.74338e-20 -1.35525e-19 8.13152e-20
16.3 -8.08e-05 -8.08e-05 -0.000232 -6.77626e-21 6.77626e-20 -8.13152e-20
16.4 -8.01778e-05 -8.01778e-05 -0.000233778 -6.09864e-20 6.09864e-20 0
16.5 -7.95555e-05 -7.95555e-05 -0.000235556 -3.72694e-20 -1.35525e-20 5.42101e-20
16.6 -7.89333e-05 -7.89333e-05 -0.000237333 -8.13152e-20 1.01644e-19 -2.71051e-20
16.7 -7.83111e-05 -7.83111e-05 -0.000239111 -2.03288e-20 1.21973e-19 -1.35525e-19
16.8 -7.76889e-05 -7.76889e-05 -0.000240889 -3.38813e-20 1.35525e-19 -2.71051e-20
16.9 -7.70667e-05 -7.70667e-05 -0.000242667 -7.96211e-20 1.28749e-19 0
17 -7.64444e-05 -7.64444e-05 -0.000244444 -6.77626e-21 1.28749e-19 -5.42101e-20
17.1 -7.58222e-05 -7.58222e-05 -0.000246222 -9.99499e-20 1.96512e-19 -8.13152e-20
17.2 -7.52e-05 -7.52e-05 -0.000248 3.38813e-21 4.06576e-20 5.42101e-20
17.3 -7.45778e-05 -7.45778e-05 -0.000249778 -2.5411e-20 -3.38813e-20 8.13152e-20
17.4 -7.39555e-05 -7.39555e-05 -0.000251556 -4.74338e-20 -8.13152e-20 1.6263e-19
17.5 -7.33333e-05 -7.33333e-05 -0.000253333 -1.21973e-19 2.1684e-19 5.42101e-20
17.6 -7.27111e-05 -7.27111e-05 -0.000255111 -9.82558e-20 8.13152e-20 5.42101e-20
17.7 -7.20889e-05 -7.20889e-05 -0.000256889 -1.18585e-19 9.48677e-20 -2.71051e-20
17.8 -7.14667e-05 -7.14667e-05 -0.000258667 -1.13502e-19 1.35525e-19 0
17.9 -7.08444e-05 -7.08444e-05 -0.000260444 -8.80914e-20 6.77626e-20 2.71051e-20
18 -7.02222e-05 -7.02222e-05 -0.000262222 -1.13502e-19 6.77626e-20 1.0842e-19
18.1 -6.96e-05 -6.96e-05 -0.000264 -1.11808e-19 7.45389e-20 1.35525e-19
18.2 -6.89778e-05 -6.89778e-05 -0.000265778 -1.35525e-19 1.76183e-19 5.42101e-20
18.3 -6.83556e-05 -6.83556e-05 -0.000267556 -1.03338e-19 1.0842e-19 -8.13152e-20
18.4 -6.77333e-05 -6.77333e-05 -0.000269333 -9.99499e-20 2.03288e-20 0
18.5 -6.71111e-05 -6.71111e-05 -0.000271111 -1.16891e-19 1.89735e-19 -2.71051e-20
18.6 -6.64889e-05 -6.64889e-05 -0.000272889 -8.13152e-20 2.03288e-20 1.35525e-19
18.7 -6.58667e-05 -6.58667e-05 -0.000274667 -6.26804e-20 1.35525e-20 2.71051e-20
18.8 -6.52444e-05 -6.52444e-05 -0.000276444 -9.48677e-20 8.80914e-20 -2.71051e-20
18.9 -6.46222e-05 -6.46222e-05 -0.000278222 -1.43996e-19 1.76183e-19 0
19 -6.4e-05 -6.4e-05 -0.00028 -3.38813e-20 8.80914e-20 0
19.1 -6.33778e-05 -6.33778e-05 -0.000281778 -2.15146e-19 2.64274e-19 -2.71051e-20
19.2 -6.27556e-05 -6.27556e-05 -0.000283556 -5.59042e-20 2.23617e-19 -1.0842e-19
19.3 -6.21333e-05 -6.21333e-05 -0.000285333 -4.06576e-20 8.80914e-20 -1.0842e-19
19.4 -6.15111e-05 -6.15111e-05 -0.000287111 -1.03338e-19 1.42302e-19 0
19.5 -6.08889e-05 -6.08889e-05 -0.000288889 -5.0822e-21 6.09864e-20 0
19.6 -6.02667e-05 -6.02667e-05 -0.000290667 -3.55754e-20 9.48677e-20 0
19.7 -5.96444e-05 -5.96444e-05 -0.000292444 -9.99499e-20 1.76183e-19 -1.35525e-19
19.8 -5.90222e-05 -5.90222e-05 -0.000294222 -6.26804e-20 8.80914e-20 -2.71051e-20
19.9 -5.84e-05 -5.84e-05 -0.000296 -6.94567e-20 7.45389e-20 -1.35525e-19
20 -5.77778e-05 -5.77778e-05 -0.000297778 -8.97855e-20 1.6263e-19 2.71051e-20
20.1 -5.71556e-05 -5.71556e-05 -0.000299556 -6.09864e-20 7.45389e-20 5.42101e-20
20.2 -5.65333e-05 -5.65333e-05 -0.000301333 -1.27055e-19 4.74338e-20 8.13152e-20
20.3 -5.59111e-05 -5.59111e-05 -0.000303111 -6.94567e-20 -3.38813e-20 1.89735e-19
20.4 -5.52889e-05 -5.52889e-05 -0.000304889 -1.40607e-19 1.01644e-19 5.42101e-20
20.5 -5.46667e-05 -5.46667e-05 -0.000306667 -5.75982e-20 8.13152e-20 5.42101e-20
20.6 -5.40444e-05 -5.40444e-05 -0.000308444 -1.67713e-19 2.30393e-19 2.71051e-20
20.7 -5.34222e-05 -5.34222e-05 -0.000310222 -4.91279e-20 3.38813e-20 -5.42101e-20
20.8 -5.28e-05 -5.28e-05 -0.000312 -4.40457e-20 -1.35525e-20 0
20.9 -5.21778e-05 -5.21778e-05 -0.000313778 -5.2516e-20 -4.74338e-20 1.89735e-19
21 -5.15556e-05 -5.15556e-05 -0.000315556 -1.71101e-19 1.55854e-19 2.71051e-20
21.1 -5.09333e-05 -5.09333e-05 -0.000317333 -1.10114e-19 0 -2.71051e-20
21.2 -5.03111e-05 -5.03111e-05 -0.000319111 -1.01644e-19 1.21973e-19 -2.71051e-20
21.3 -4.96889e-05 -4.96889e-05 -0.000320889 -7.6233e-20 1.01644e-19 0
21.4 -4.90667e-05 -4.90667e-05 -0.000322667 -7.45389e-20 2.71051e-20 0
21.5 -4.84444e-05 -4.84444e-05 -0.000324444 -1.10114e-19 1.49078e-19 -8.13152e-20
21.6 -4.78222e-05 -4.78222e-05 -0.000326222 4.91279e-20 -1.76183e-19 -8.13152e-20
21.7 -4.72e-05 -4.72e-05 -0.000328 5.0822e-20 -8.13152e-20 0
21.8 -4.65778e-05 -4.65778e-05 -0.000329778 3.55754e-20 -3.38813e-20 -1.0842e-19
21.9 -4.59556e-05 -4.59556e-05 -0.000331556 -8.47033e-20 6.77626e-21 1.0842e-19
22 -4.53333e-05 -4.53333e-05 -0.000333333 -7.96211e-20 -6.77626e-20 1.0842e-19
22.1 -4.47111e-05 -4.47111e-05 -0.000335111 -5.59042e-20 3.38813e-20 1.0842e-19
22.2 -4.40889e-05 -4.40889e-05 -0.000336889 2.6258e-20 -3.38813e-20 -8.13152e-20
22.3 -4.34667e-05 -4.34667e-05 -0.000338667 -1.10114e-20 -1.35525e-20 2.71051e-20
22.4 -4.28444e-05 -4.28444e-05 -0.000340444 -8.47033e-21 -5.42101e-20 2.1684e-19
22.5 -4.22222e-05 -4.22222e-05 -0.000342222 -7.19978e-20 -1.35525e-20 0
22.6 -4.16e-05 -4.16e-05 -0.000344 -1.03338e-19 2.03288e-20 -1.6263e-19
22.7 -4.09778e-05 -4.09778e-05 -0.000345778 -8.13152e-20 1.35525e-20 0
22.8 -4.03556e-05 -4.03556e-05 -0.000347556 -2.5411e-20 -6.77626e-21 0
22.9 -3.97333e-05 -3.97333e-05 -0.000349333 -7.96211e-20 6.09864e-20 1.0842e-19
23 -3.91111e-05 -3.91111e-05 -0.000351111 -7.6233e-20 5.42101e-20 2.71051e-20
23.1 -3.84889e-05 -3.84889e-05 -0.000352889 -1.18585e-19 1.15196e-19 0
23.2 -3.78667e-05 -3.78667e-05 -0.000354667 -7.11508e-20 2.71051e-20 -2.71051e-20
23.3 -3.72444e-05 -3.72444e-05 -0.000356444 -7.96211e-20 3.38813e-20 -2.71051e-20
23.4 -3.66222e-05 -3.66222e-05 -0.000358222 -1.23667e-19 7.45389e-20 -8.13152e-20
23.5 -3.6e-05 -3.6e-05 -0.00036 -9.82558e-20 4.74338e-20 2.71051e-20
23.6 -3.53778e-05 -3.53778e-05 -0.000361778 -1.11808e-19 3.38813e-20 0
23.7 -3.47556e-05 -3.47556e-05 -0.000363556 -1.11808e-19 6.77626e-20 2.71051e-20
23.8 -3.41333e-05 -3.41333e-05 -0.000365333 -7.19978e-20 -3.38813e-20 5.42101e-20
23.9 -3.35111e-05 -3.35111e-05 -0.000367111 3.38813e-21 -5.42101e-20 -2.71051e-20
24 -3.28889e-05 -3.28889e-05 -0.000368889 -1.11808e-19 8.13152e-20 -2.1684e-19
24.1 -3.22667e-05 -3.22667e-05 -0.000370667 -1.35525e-20 -5.42101e-20 8.13152e-20
24.2 -3.16444e-05 -3.16444e-05 -0.000372444 -8.47033e-20 9.48677e-20 -1.0842e-19
24.3 -3.10222e-05 -3.10222e-05 -0.000374222 -6.01393e-20 -4.06576e-20 -8.13152e-20
24.4 -3.04e-05 -3.04e-05 -0.000376 -6.77626e-20 -2.71051e-20 -1.6263e-19
24.5 -2.97778e-05 -2.97778e-05 -0.000377778 -1.2282e-19 -2.71051e-20 2.71051e-20
24.6 -2.91556e-05 -2.91556e-05 -0.000379556 -1.65171e-19 1.0842e-19 -1.35525e-19
24.7 -2.85333e-05 -2.85333e-05 -0.000381333 -4.15046e-20 1.21973e-19 -1.35525e-19
24.8 -2.79111e-05 -2.79111e-05 -0.000383111 -1.09267e-19 8.13152e-20 -2.71051e-20
24.9 -2.72889e-05 -2.72889e-05 -0.000384889 -1.10961e-19 1.0842e-19 -1.35525e-19
25 -2.66667e-05 -2.66667e-05 -0.000386667 -8.72444e-20 1.76183e-19 -1.6263e-19
25.1 -2.60444e-05 -2.60444e-05 -0.000388444 7.11508e-20 1.21973e-19 -2.43945e-19
25.2 -2.54222e-05 -2.54222e-05 -0.000390222 -7.11508e-20 2.03288e-19 -1.0842e-19
25.3 -2.48e-05 -2.48e-05 -0.000392 -1.0842e-19 1.6263e-19 -2.1684e-19
25.4 -2.41778e-05 -2.41778e-05 -0.000393778 -1.53313e-19 2.43945e-19 -1.6263e-19
25.5 -2.35556e-05 -2.35556e-05 -0.000395556 -3.72694e-20 5.42101e-20 0
25.6 -2.29333e-05 -2.29333e-05 -0.000397333 -9.06325e-20 4.06576e-20 -1.0842e-19
25.7 -2.23111e-05 -2.23111e-05 -0.000399111 -2.28699e-20 8.13152e-20 -5.42101e-20
25.8 -2.16889e-05 -2.16889e-05 -0.000400889 -1.07997e-19 1.35525e-19 -1.6263e-19
25.9 -2.10667e-05 -2.10667e-05 -0.000402667 -1.0122e-19 1.21973e-19 -1.0842e-19
26 -2.04444e-05 -2.04444e-05 -0.000404444 -3.55754e-20 1.49078e-19 -1.6263e-19
26.1 -1.98222e-05 -1.98222e-05 -0.000406222 -1.01644e-19 1.76183e-19 0
26.2 -1.92e-05 -1.92e-05 -0.000408 5.42101e-20 4.06576e-20 -1.0842e-19
26.3 -1.85778e-05 -1.85778e-05 -0.000409778 -1.48231e-20 2.84603e-19 -2.1684e-19
26.4 -1.79556e-05 -1.79556e-05 -0.000411556 -5.0822e-20 -2.71051e-20 0
26.5 -1.73333e-05 -1.73333e-05 -0.000413333 -1.10961e-19 1.76183e-19 -1.0842e-19
26.6 -1.67111e-05 -1.67111e-05 -0.000415111 -3.72694e-20 1.35525e-19 -5.42101e-20
26.7 -1.60889e-05 -1.60889e-05 -0.000416889 -1.40184e-19 4.06576e-20 1.0842e-19
26.8 -1.54667e-05 -1.54667e-05 -0.000418667 -6.22569e-20 9.48677e-20 -1.0842e-19
26.9 -1.48444e-05 -1.48444e-05 -0.000420444 -8.04681e-20 5.42101e-20 -3.25261e-19
27 -1.42222e-05 -1.42222e-05 -0.000422222 -3.13402e-20 1.0842e-19 -2.1684e-19
27.1 -1.36e-05 -1.36e-05 -0.000424 -7.66565e-20 2.98156e-19 -2.1684e-19
27.2 -1.29778e-05 -1.29778e-05 -0.000425778 -4.27752e-20 2.03288e-19 -2.1684e-19
27.3 -1.23556e-05 -1.23556e-05 -0.000427556 5.84453e-20 0 -1.6263e-19
27.4 -1.17333e-05 -1.17333e-05 -0.000429333 1.86347e-20 6.77626e-20 -1.6263e-19
27.5 -1.11111e-05 -1.11111e-05 -0.000431111 -8.74562e-20 2.71051e-20 -5.42101e-20
27.6 -1.04889e-05 -1.04889e-05 -0.000432889 -5.06102e-20 2.71051e-20 -5.42101e-20
27.7 -9.86667e-06 -9.86667e-06 -0.000434667 -1.73642e-19 1.6263e-19 -5.42101e-20
27.8 -9.24444e-06 -9.24444e-06 -0.000436444 -6.75509e-20 2.1684e-19 -1.0842e-19
27.9 -8.62222e-06 -8.62222e-06 -0.000438222 -1.48231e-20 2.1684e-19 -1.0842e-19
28 -8e-06 -8e-06 -0.00044 1.77877e-20 8.13152e-20 -1.0842e-19
28.1 -7.37778e-06 -7.37778e-06 -0.000441778 -1.51407e-19 2.30393e-19 -1.0842e-19
28.2 -6.75556e-06 -6.75556e-06 -0.000443556 -1.13291e-19 4.20128e-19 -3.25261e-19
28.3 -6.13333e-06 -6.13333e-06 -0.000445333 -8.30092e-20 1.35525e-19 -2.1684e-19
28.4 -5.51111e-06 -5.51111e-06 -0.000447111 -2.82697e-20 1.0842e-19 -1.6263e-19
28.5 -4.88889e-06 -4.88889e-06 -0.000448889 -3.75871e-20 2.71051e-20 -1.6263e-19
28.6 -4.26667e-06 -4.26667e-06 -0.000450667 -7.19978e-20 2.03288e-19 -5.42101e-20
28.7 -3.64444e-06 -3.64444e-06 -0.000452444 -1.67818e-19 1.21973e-19 5.42101e-20
28.8 -3.02222e-06 -3.02222e-06 -0.000454222 -1.37113e-19 2.1684e-19 -5.42101e-20
28.9 -2.4e-06 -2.4e-06 -0.000456 -3.18696e-20 1.21973e-19 -1.6263e-19
29 -1.77778e-06 -1.77778e-06 -0.000457778 -9.95793e-20 1.35525e-19 -5.42101e-20
29.1 -1.15556e-06 -1.15556e-06 -0.000459556 -9.64559e-20 1.76183e-19 -2.1684e-19
29.2 -5.33333e-07 -5.33333e-07 -0.000461333 -1.07242e-19 2.03288e-19 -5.42101e-20
29.3 8.88889e-08 8.88889e-08 -0.000463111 -5.32986e-20 4.06576e-20 0
29.4 7.11111e-07 7.11111e-07 -0.000464889 -1.04807e-19 1.0842e-19 -2.71051e-19
29.5 1.33333e-06 1.33333e-06 -0.000466667 -7.61536e-20 2.1684e-19 -1.0842e-19
29.6 1.95556e-06 1.95556e-06 -0.000468444 -7.67624e-21 2.84603e-19 -5.42101e-20
29.7 2.57778e-06 2.57778e-06 -0.000470222 -1.78936e-20 1.6263e-19 -2.71051e-19
29.8 3.2e-06 3.2e-06 -0.000472 -6.60686e-20 1.35525e-20 1.0842e-19
29.9 3.82222e-06 3.82222e-06 -0.000473778 -1.75759e-19 1.35525e-19 -5.42101e-20
30 4.44444e-06 4.44444e-06 -0.000475556 -2.07523e-20 6.77626e-20 -1.0842e-19
30.1 5.06667e-06 5.06667e-06 -0.000477333 -8.25857e-20 2.98156e-19 -3.25261e-19
30.2 5.68889e-06 5.68889e-06 -0.000479111 5.98217e-20 -1.49078e-19 -5.42101e-20
30.3 6.31111e-06 6.31111e-06 -0.000480889 -1.12655e-19 2.03288e-19 -5.42101e-20
30.4 6.93333e-06 6.93333e-06 -0.000482667 -3.1552e-20 1.49078e-19 -5.42101e-20
30.5 7.55555e-06 7.55555e-06 -0.000484444 -6.88214e-20 6.77626e-20 -1.6263e-19
30.6 8.17778e-06 8.17778e-06 -0.000486222 -8.36445e-20 8.13152e-20 -1.6263e-19
30.7 8.8e-06 8.8e-06 -0.000488 -1.37643e-19 2.71051e-19 -1.6263e-19
30.8 9.42222e-06 9.42222e-06 -0.000489778 -8.57621e-20 1.0842e-19 -5.42101e-20
30.9 1.00444e-05 1.00444e-05 -0.000491556 -9.74088e-20 1.35525e-19 -5.42101e-20
31 1.06667e-05 1.06667e-05 -0.000493333 -8.42798e-20 1.49078e-19 -1.6263e-19
31.1 1.12889e-05 1.12889e-05 -0.000495111 3.28225e-20 9.48677e-20 -5.42101e-20
31.2 1.19111e-05 1.19111e-05 -0.000496889 -2.04558e-19 3.65918e-19 -2.71051e-19
31.3 1.25333e-05 1.25333e-05 -0.000498667 -6.77626e-21 -5.42101e-20 -1.0842e-19
31.4 1.31556e-05 1.31556e-05 -0.000500444 -1.00373e-19 2.03288e-19 5.42101e-20
31.5 1.37778e-05 1.37778e-05 -0.000502222 -1.21126e-19 9.48677e-20 -1.0842e-19
31.6 1.44e-05 1.44e-05 -0.000504 -1.57972e-19 2.71051e-19 5.42101e-20
31.7 1.50222e-05 1.50222e-05 -0.000505778 -4.36222e-20 1.21973e-19 -5.42101e-20
31.8 1.56444e-05 1.56444e-05 -0.000507556 -4.19281e-20 2.30393e-19 -2.1684e-19
31.9 1.62667e-05 1.62667e-05 -0.000509333 6.77626e-20 1.21973e-19 0
32 1.68889e-05 1.68889e-05 -0.000511111 -2.04558e-19 1.76183e-19 -1.0842e-19
32.1 1.75111e-05 1.75111e-05 -0.000512889 -5.2516e-20 1.76183e-19 0
32.2 1.81333e-05 1.81333e-05 -0.000514667 2.96462e-21 -1.49078e-19 1.6263e-19
32.3 1.87556e-05 1.87556e-05 -0.000516444 -5.50571e-20 1.89735e-19 5.42101e-20
32.4 1.93778e-05 1.93778e-05 -0.000518222 -2.92226e-20 -5.42101e-20 1.0842e-19
32.5 2e-05 2e-05 -0.00052 -7.11508e-20 2.30393e-19 1.6263e-19
32.6 2.06222e-05 2.06222e-05 -0.000521778 -9.35971e-20 5.42101e-20 5.42101e-20
32.7 2.12444e-05 2.12444e-05 -0.000523556 -1.0122e-19 2.43945e-19 -5.42101e-20
32.8 2.18667e-05 2.18667e-05 -0.000525333 5.29396e-20 -1.35525e-20 0
32.9 2.24889e-05 2.24889e-05 -0.000527111 -7.36919e-20 1.89735e-19 -1.6263e-19
33 2.31111e-05 2.31111e-05 -0.000528889 -6.43745e-20 1.6263e-19 -5.42101e-20
33.1 2.37333e-05 2.37333e-05 -0.000530667 -9.48677e-20 4.06576e-20 -5.42101e-20
33.2 2.43556e-05 2.43556e-05 -0.000532444 -1.59242e-19 2.43945e-19 -5.42101e-20
33.3 2.49778e-05 2.49778e-05 -0.000534222 -1.12655e-19 1.49078e-19 2.1684e-19
33.4 2.56e-05 2.56e-05 -0.000536 -6.60686e-20 1.0842e-19 5.42101e-20
33.5 2.62222e-05 2.62222e-05 -0.000537778 -5.42101e-20 1.35525e-19 -5.42101e-20
33.6 2.68444e-05 2.68444e-05 -0.000539556 -1.10961e-19 1.89735e-19 -5.42101e-20
33.7 2.74667e-05 2.74667e-05 -0.000541333 -6.18334e-20 1.6263e-19 0
33.8 2.80889e-05 2.80889e-05 -0.000543111 -1.77877e-20 -2.71051e-20 1.6263e-19
33.9 2.87111e-05 2.87111e-05 -0.000544889 -1.04185e-19 2.84603e-19 0
34 2.93333e-05 2.93333e-05 -0.000546667 7.6233e-20 8.13152e-20 -5.42101e-20
34.1 2.99556e-05 2.99556e-05 -0.000548444 -7.708e-20 -1.35525e-20 1.6263e-19
34.2 3.05778e-05 3.05778e-05 -0.000550222 -5.84453e-20 1.21973e-19 0
34.3 3.12e-05 3.12e-05 -0.000552 -4.40457e-20 1.6263e-19 0
34.4 3.18222e-05 3.18222e-05 -0.000553778 -1.66018e-19 2.84603e-19 5.42101e-20
34.5 3.24444e-05 3.24444e-05 -0.000555556 -7.45389e-20 2.84603e-19 -5.42101e-20
34.6 3.30667e-05 3.30667e-05 -0.000557333 -1.60936e-20 4.06576e-20 -1.0842e-19
34.7 3.36889e-05 3.36889e-05 -0.000559111 -8.21622e-20 1.0842e-19 0
34.8 3.43111e-05 3.43111e-05 -0.000560889 -7.45389e-20 1.21973e-19 0
34.9 3.49333e-05 3.49333e-05 -0.000562667 -9.23266e-20 4.06576e-20 0
35 3.55556e-05 3.55556e-05 -0.000564444 -8.97855e-20 1.35525e-19 0
35.1 3.61778e-05 3.61778e-05 -0.000566222 -3.55754e-20 1.0842e-19 5.42101e-20
35.2 3.68e-05 3.68e-05 -0.000568 -1.2282e-19 2.03288e-19 1.0842e-19
35.3 3.74222e-05 3.74222e-05 -0.000569778 6.26804e-20 6.77626e-20 -1.6263e-19
35.4 3.80444e-05 3.80444e-05 -0.000571556 -1.69407e-20 4.06576e-20 0
35.5 3.86667e-05 3.86667e-05 -0.000573333 -4.23516e-21 8.13152e-20 -1.0842e-19
35.6 3.92889e-05 3.92889e-05 -0.000575111 -1.81265e-19 3.11708e-19 -1.0842e-19
35.7 3.99111e-05 3.99111e-05 -0.000576889 -1.05032e-19 -6.77626e-20 1.0842e-19
35.8 4.05333e-05 4.05333e-05 -0.000578667 -8.89385e-20 9.48677e-20 5.42101e-20
35.9 4.11556e-05 4.11556e-05 -0.000580444 -5.0822e-20 2.03288e-19 0
36 4.17778e-05 4.17778e-05 -0.000582222 -9.82558e-20 4.33681e-19 -1.6263e-19
36.1 4.24e-05 4.24e-05 -0.000584 -8.63974e-20 2.84603e-19 -1.6263e-19
36.2 4.30222e-05 4.30222e-05 -0.000585778 -1.30443e-19 2.03288e-19 -1.0842e-19
36.3 4.36444e-05 4.36444e-05 -0.000587556 -1.04185e-19 -4.06576e-20 3.25261e-19
36.4 4.42667e-05 4.42667e-05 -0.000589333 -1.16044e-19 1.0842e-19 5.42101e-20
36.5 4.48889e-05 4.48889e-05 -0.000591111 2.20229e-20 4.06576e-20 5.42101e-20
36.6 4.55111e-05 4.55111e-05 -0.000592889 -1.3976e-19 2.71051e-19 1.6263e-19
36.7 4.61333e-05 4.61333e-05 -0.000594667 -1.69407e-20 9.48677e-20 2.1684e-19
36.8 4.67556e-05 4.67556e-05 -0.000596444 4.40457e-20 -1.0842e-19 5.42101e-20
36.9 4.73778e-05 4.73778e-05 -0.000598222 -3.72694e-20 1.0842e-19 -5.42101e-20
37 4.8e-05 4.8e-05 -0.0006 -1.4569e-19 2.1684e-19 0
37.1 4.86222e-05 4.86222e-05 -0.000601778 -1.05032e-19 1.35525e-19 -1.0842e-19
37.2 4.92444e-05 4.92444e-05 -0.000603556 -4.06576e-20 1.49078e-19 -1.0842e-19
37.3 4.98667e-05 4.98667e-05 -0.000605333 -2.1684e-19 2.43945e-19 -1.0842e-19
37.4 5.04889e-05 5.04889e-05 -0.000607111 -4.57398e-20 6.77626e-20 -1.0842e-19
37.5 5.11111e-05 5.11111e-05 -0.000608889 -1.05032e-19 2.1684e-19 -1.6263e-19
37.6 5.17333e-05 5.17333e-05 -0.000610667 -1.4569e-19 2.98156e-19 -3.25261e-19
37.7 5.23556e-05 5.23556e-05 -0.000612444 1.69407e-21 6.77626e-20 1.0842e-19
37.8 5.29778e-05 5.29778e-05 -0.000614222 -8.47033e-21 1.35525e-20 -1.0842e-19
37.9 5.36e-05 5.36e-05 -0.000616 -6.43745e-20 2.03288e-19 0
38 5.42222e-05 5.42222e-05 -0.000617778 4.91279e-20 -2.84603e-19 5.42101e-20
38.1 5.48444e-05 5.48444e-05 -0.000619556 -4.91279e-20 2.1684e-19 -5.42101e-20
38.2 5.54667e-05 5.54667e-05 -0.000621333 -4.40457e-20 2.30393e-19 -1.6263e-19
38.3 5.60889e-05 5.60889e-05 -0.000623111 -1.01644e-19 2.71051e-19 -5.42101e-20
38.4 5.67111e-05 5.67111e-05 -0.000624889 1.52466e-20 9.48677e-20 0
38.5 5.73333e-05 5.73333e-05 -0.000626667 -9.31736e-20 1.35525e-20 -5.42101e-20
38.6 5.79556e-05 5.79556e-05 -0.000628444 -8.47033e-20 9.48677e-20 -1.0842e-19
38.7 5.85778e-05 5.85778e-05 -0.000630222 -7.28448e-20 1.0842e-19 -1.0842e-19
38.8 5.92e-05 5.92e-05 -0.000632 1.18585e-20 -1.6263e-19 5.42101e-20
38.9 5.98222e-05 5.98222e-05 -0.000633778 -4.91279e-20 -2.71051e-20 0
39 6.04444e-05 6.04444e-05 -0.000635556 5.59042e-20 -3.38813e-19 2.71051e-19
39.1 6.10667e-05 6.10667e-05 -0.000637333 -1.0842e-19 1.6263e-19 5.42101e-20
39.2 6.16889e-05 6.16889e-05 -0.000639111 2.03288e-20 -1.0842e-19 0
39.3 6.23111e-05 6.23111e-05 -0.000640889 -1.16891e-19 -1.35525e-20 0
39.4 6.29333e-05 6.29333e-05 -0.000642667 -1.88041e-19 1.76183e-19 5.42101e-20
39.5 6.35556e-05 6.35556e-05 -0.000644444 -2.87991e-20 -5.42101e-20 -1.6263e-19
39.6 6.41778e-05 6.41778e-05 -0.000646222 -1.10114e-19 1.49078e-19 1.0842e-19
39.7 6.48e-05 6.48e-05 -0.000648 8.30092e-20 -2.57498e-19 0
39.8 6.54222e-05 6.54222e-05 -0.000649778 2.20229e-20 -1.89735e-19 2.71051e-19
39.9 6.60444e-05 6.60444e-05 -0.000651556 -4.57398e-20 -4.06576e-20 0
40 6.66667e-05 6.66667e-05 -0.000653333 -5.42101e-20 -5.42101e-20 -5.42101e-20
40.1 6.72889e-05 6.72889e-05 -0.000655111 -6.94567e-20 2.71051e-20 0
40.2 6.79111e-05 6.79111e-05 -0.000656889 -4.74338e-20 -1.21973e-19 -5.42101e-20
40.3 6.85333e-05 6.85333e-05 -0.000658667 -1.52466e-20 -4.06576e-20 1.6263e-19
40.4 6.91556e-05 6.91556e-05 -0.000660444 -2.87991e-20 1.0842e-19 1.0842e-19
40.5 6.97778e-05 6.97778e-05 -0.000662222 2.71051e-20 -2.71051e-20 1.0842e-19
40.6 7.04e-05 7.04e-05 -0.000664 -5.42101e-20 1.35525e-19 -5.42101e-20
40.7 7.10222e-05 7.10222e-05 -0.000665778 5.75982e-20 2.71051e-20 -5.42101e-20
40.8 7.16444e-05 7.16444e-05 -0.000667556 5.2516e-20 -6.77626e-20 -5.42101e-20
40.9 7.22667e-05 7.22667e-05 -0.000669333 -1.15196e-19 2.57498e-19 -5.42101e-20
41 7.28889e-05 7.28889e-05 -0.000671111 5.0822e-21 1.21973e-19 -1.6263e-19
41.1 7.35111e-05 7.35111e-05 -0.000672889 -4.91279e-20 -8.13152e-20 -5.42101e-20
41.2 7.41333e-05 7.41333e-05 -0.000674667 -4.23516e-20 -1.21973e-19 5.42101e-20
41.3 7.47555e-05 7.47555e-05 -0.000676444 -1.69407e-21 -1.35525e-20 -5.42101e-20
41.4 7.53778e-05 7.53778e-05 -0.000678222 9.31736e-20 -2.30393e-19 0
41.5 7.6e-05 7.6e-05 -0.00068 -5.75982e-20 9.48677e-20 -1.6263e-19
41.6 7.66222e-05 7.66222e-05 -0.000681778 -6.77626e-20 1.0842e-19 -1.6263e-19
41.7 7.72444e-05 7.72444e-05 -0.000683556 -2.03288e-20 -9.48677e-20 0
41.8 7.78667e-05 7.78667e-05 -0.000685333 -5.0822e-20 1.89735e-19 0
41.9 7.84889e-05 7.84889e-05 -0.000687111 -7.11508e-20 6.77626e-20 5.42101e-20
42 7.91111e-05 7.91111e-05 -0.000688889 1.86347e-20 -5.42101e-20 1.0842e-19
42.1 7.97333e-05 7.97333e-05 -0.000690667 -4.40457e-20 -1.35525e-20 -5.42101e-20
42.2 8.03555e-05 8.03555e-05 -0.000692444 -1.01644e-19 1.21973e-19 -2.1684e-19
42.3 8.09778e-05 8.09778e-05 -0.000694222 1.35525e-20 -1.0842e-19 5.42101e-20
42.4 8.16e-05 8.16e-05 -0.000696 -6.77626e-21 1.49078e-19 -1.0842e-19
42.5 8.22222e-05 8.22222e-05 -0.000697778 -9.14796e-20 1.35525e-20 0
42.6 8.28444e-05 8.28444e-05 -0.000699555 -1.21973e-19 1.35525e-20 -1.0842e-19
42.7 8.34667e-05 8.34667e-05 -0.000701333 -6.26804e-20 2.30393e-19 1.6263e-19
42.8 8.40889e-05 8.40889e-05 -0.000703111 -5.0822e-20 6.77626e-20 -1.6263e-19
42.9 8.47111e-05 8.47111e-05 -0.000704889 -6.43745e-20 -2.71051e-20 5.42101e-20
43 8.53333e-05 8.53333e-05 -0.000706667 -3.21873e-20 -1.0842e-19 1.0842e-19
43.1 8.59555e-05 8.59555e-05 -0.000708444 -1.18585e-20 -2.43945e-19 1.0842e-19
43.2 8.65778e-05 8.65778e-05 -0.000710222 -8.63974e-20 9.48677e-20 -1.6263e-19
43.3 8.72e-05 8.72e-05 -0.000712 7.96211e-20 -1.49078e-19 5.42101e-20
43.4 8.78222e-05 8.78222e-05 -0.000713778 -5.0822e-21 8.13152e-20 -5.42101e-20
43.5 8.84444e-05 8.84444e-05 -0.000715555 -8.47033e-20 -4.06576e-20 -1.0842e-19
43.6 8.90667e-05 8.90667e-05 -0.000717333 -9.65618e-20 -1.35525e-20 -1.6263e-19
43.7 8.96889e-05 8.96889e-05 -0.000719111 2.87991e-20 -2.03288e-19 5.42101e-20
43.8 9.03111e-05 9.03111e-05 -0.000720889 -3.21873e-20 -1.35525e-20 -2.1684e-19
43.9 9.09333e-05 9.09333e-05 -0.000722667 6.94567e-20 -2.57498e-19 1.0842e-19
44 9.15555e-05 9.15555e-05 -0.000724444 9.48677e-20 -9.48677e-20 0
44.1 9.21778e-05 9.21778e-05 -0.000726222 -2.71051e-20 -9.48677e-20 0
44.2 9.28e-05 9.28e-05 -0.000728 -4.74338e-20 5.42101e-20 1.0842e-19
44.3 9.34222e-05 9.34222e-05 -0.000729778 -1.15196e-19 1.49078e-19 5.42101e-20
44.4 9.40444e-05 9.40444e-05 -0.000731555 -1.69407e-19 2.43945e-19 5.42101e-20
44.5 9.46667e-05 9.46667e-05 -0.000733333 6.09864e-20 -2.71051e-19 2.1684e-19
44.6 9.52889e-05 9.52889e-05 -0.000735111 6.77626e-20 -5.42101e-20 0
44.7 9.59111e-05 9.59111e-05 -0.000736889 6.77626e-21 1.6263e-19 -1.0842e-19
44.8 9.65333e-05 9.65333e-05 -0.000738667 -1.28749e-19 1.89735e-19 -1.0842e-19
44.9 9.71555e-05 9.71555e-05 -0.000740444 -7.7927e-20 2.1684e-19 -5.42101e-20
45 9.77778e-05 9.77778e-05 -0.000742222 -1.35525e-20 -2.71051e-20 -1.6263e-19
45.1 9.84e-05 9.84e-05 -0.000744 -1.66018e-19 5.42101e-20 1.0842e-19
45.2 9.90222e-05 9.90222e-05 -0.000745778 4.06576e-20 -2.71051e-20 0
45.3 9.96444e-05 9.96444e-05 -0.000747555 -6.77626e-20 0 5.42101e-20
45.4 0.000100267 0.000100267 -0.000749333 -1.42302e-19 1.35525e-19 5.42101e-20
45.5 0.000100889 0.000100889 -0.000751111 5.0822e-20 -5.42101e-20 -1.0842e-19
45.6 0.000101511 0.000101511 -0.000752889 -2.03288e-20 -1.0842e-19 5.42101e-20
45.7 0.000102133 0.000102133 -0.000754667 1.11808e-19 -2.71051e-19 0
45.8 0.000102756 0.000102756 -0.000756444 -2.71051e-20 -1.89735e-19 5.42101e-20
45.9 0.000103378 0.000103378 -0.000758222 -6.43745e-20 0 0
46 0.000104 0.000104 -0.00076 -1.38913e-19 2.1684e-19 0
46.1 0.000104622 0.000104622 -0.000761778 7.45389e-20 -1.6263e-19 -5.42101e-20
46.2 0.000105244 0.000105244 -0.000763555 6.09864e-20 -8.13152e-20 -1.0842e-19
46.3 0.000105867 0.000105867 -0.000765333 6.77626e-21 -1.35525e-19 0
46.4 0.000106489 0.000106489 -0.000767111 -6.09864e-20 0 2.1684e-19
46.5 0.000107111 0.000107111 -0.000768889 1.35525e-20 1.6263e-19 0
46.6 0.000107733 0.000107733 -0.000770667 -3.38813e-20 1.6263e-19 -3.25261e-19
46.7 0.000108356 0.000108356 -0.000772444 -5.0822e-20 2.1684e-19 -2.1684e-19
46.8 0.000108978 0.000108978 -0.000774222 -1.01644e-20 1.0842e-19 0
46.9 0.0001096 0.0001096 -0.000776 -5.0822e-20 0 -1.0842e-19
47 0.000110222 0.000110222 -0.000777778 -5.75982e-20 1.89735e-19 0
47.1 0.000110844 0.000110844 -0.000779555 1.35525e-20 -2.71051e-20 -1.0842e-19
47.2 0.000111467 0.000111467 -0.000781333 9.82558e-20 -2.71051e-20 -5.42101e-20
47.3 0.000112089 0.000112089 -0.000783111 -9.14796e-20 8.13152e-20 -1.6263e-19
47.4 0.000112711 0.000112711 -0.000784889 -4.40457e-20 -2.71051e-20 -5.42101e-20
47.5 0.000113333 0.000113333 -0.000786667 -4.40457e-20 5.42101e-20 0
47.6 0.000113956 0.000113956 -0.000788444 2.03288e-20 -1.0842e-19 3.25261e-19
47.7 0.000114578 0.000114578 -0.000790222 4.40457e-20 -4.60786e-19 1.0842e-19
47.8 0.0001152 0.0001152 -0.000792 4.06576e-20 -4.06576e-19 1.0842e-19
47.9 0.000115822 0.000115822 -0.000793778 1.15196e-19 -4.06576e-19 2.1684e-19
48 0.000116444 0.000116444 -0.000795555 4.40457e-20 -1.35525e-19 0
48.1 0.000117067 0.000117067 -0.000797333 3.38813e-21 5.42101e-20 -1.0842e-19
48.2 0.000117689 0.000117689 -0.000799111 3.38813e-21 -2.1684e-19 4.33681e-19
48.3 0.000118311 0.000118311 -0.000800889 5.0822e-20 -1.0842e-19 -4.33681e-19
48.4 0.000118933 0.000118933 -0.000802667 -2.37169e-20 -5.42101e-20 1.0842e-19
48.5 0.000119556 0.000119556 -0.000804444 -5.42101e-20 0 0
48.6 0.000120178 0.000120178 -0.000806222 -8.80914e-20 1.0842e-19 -1.0842e-19
48.7 0.0001208 0.0001208 -0.000808 -1.76183e-19 2.43945e-19 -3.25261e-19
48.8 0.000121422 0.000121422 -0.000809778 -8.47033e-20 2.71051e-20 2.1684e-19
48.9 0.000122044 0.000122044 -0.000811555 1.11808e-19 -2.43945e-19 0
49 0.000122667 0.000122667 -0.000813333 9.82558e-20 -1.6263e-19 1.0842e-19
49.1 0.000123289 0.000123289 -0.000815111 -2.37169e-20 8.13152e-20 0
49.2 0.000123911 0.000123911 -0.000816889 -8.13152e-20 1.35525e-19 -2.1684e-19
49.3 0.000124533 0.000124533 -0.000818667 -7.11508e-20 -1.0842e-19 -1.0842e-19
49.4 0.000125156 0.000125156 -0.000820444 -6.43745e-20 -5.42101e-20 2.1684e-19
49.5 0.000125778 0.000125778 -0.000822222 1.76183e-19 -4.87891e-19 3.25261e-19
49.6 0.0001264 0.0001264 -0.000824 -6.43745e-20 1.0842e-19 -2.1684e-19
49.7 0.000127022 0.000127022 -0.000825778 -3.38813e-21 5.42101e-20 0
49.8 0.000127644 0.000127644 -0.000827555 -5.42101e-20 1.0842e-19 -1.0842e-19
49.9 0.000128267 0.000128267 -0.000829333 -4.06576e-20 -8.13152e-20 -2.1684e-19
50 0.000128889 0.000128889 -0.000831111 0 2.71051e-20 0
50.1 0.000129511 0.000129511 -0.000832889 6.43745e-20 1.0842e-19 -2.1684e-19
50.2 0.000130133 0.000130133 -0.000834667 3.04932e-20 -2.43945e-19 -1.0842e-19
50.3 0.000130756 0.000130756 -0.000836444 -7.7927e-20 -8.13152e-20 0
50.4 0.000131378 0.000131378 -0.000838222 -1.25361e-19 1.0842e-19 0
50.5 0.000132 0.000132 -0.00084 -1.01644e-20 -1.6263e-19 -1.0842e-19
50.6 0.000132622 0.000132622 -0.000841778 -2.37169e-20 -1.35525e-19 0
50.7 0.000133244 0.000133244 -0.000843555 -2.71051e-20 -2.71051e-20 -1.0842e-19
50.8 0.000133867 0.000133867 -0.000845333 6.43745e-20 -1.0842e-19 -1.0842e-19
50.9 0.000134489 0.000134489 -0.000847111 1.01644e-20 -1.6263e-19 1.0842e-19
51 0.000135111 0.000135111 -0.000848889 1.35525e-20 0 -2.1684e-19
51.1 0.000135733 0.000135733 -0.000850667 5.75982e-20 -5.42101e-20 0
51.2 0.000136356 0.000136356 -0.000852444 3.04932e-20 -3.52366e-19 1.0842e-19
51.3 0.000136978 0.000136978 -0.000854222 -7.11508e-20 -2.71051e-20 0
51.4 0.0001376 0.0001376 -0.000856 -9.48677e-20 1.89735e-19 -1.0842e-19
51.5 0.000138222 0.000138222 -0.000857778 7.7927e-20 -2.98156e-19 3.25261e-19
51.6 0.000138844 0.000138844 -0.000859555 -5.42101e-20 -1.35525e-19 1.0842e-19
51.7 0.000139467 0.000139467 -0.000861333 -7.45389e-20 -1.0842e-19 0
51.8 0.000140089 0.000140089 -0.000863111 -3.38813e-20 -8.13152e-20 0
51.9 0.000140711 0.000140711 -0.000864889 -3.38813e-20 0 2.1684e-19
52 0.000141333 0.000141333 -0.000866667 2.03288e-20 -1.0842e-19 1.0842e-19
52.1 0.000141956 0.000141956 -0.000868444 5.42101e-20 -4.87891e-19 2.1684e-19
52.2 0.000142578 0.000142578 -0.000870222 2.71051e-20 -1.0842e-19 -2.1684e-19
52.3 0.0001432 0.0001432 -0.000872 6.77626e-21 2.71051e-20 -1.0842e-19
52.4 0.000143822 0.000143822 -0.000873778 -3.38813e-20 2.43945e-19 -1.0842e-19
52.5 0.000144444 0.000144444 -0.000875555 -1.0842e-19 1.0842e-19 0
52.6 0.000145067 0.000145067 -0.000877333 -4.74338e-20 1.0842e-19 0
52.7 0.000145689 0.000145689 -0.000879111 -3.04932e-20 -1.6263e-19 1.0842e-19
52.8 0.000146311 0.000146311 -0.000880889 -2.71051e-20 1.0842e-19 0
52.9 0.000146933 0.000146933 -0.000882667 6.77626e-20 1.0842e-19 0
53 0.000147556 0.000147556 -0.000884444 -1.38913e-19 0 -2.1684e-19
53.1 0.000148178 0.000148178 -0.000886222 -1.66018e-19 1.0842e-19 -1.0842e-19
53.2 0.0001488 0.0001488 -0.000888 -1.25361e-19 1.35525e-19 0
53.3 0.000149422 0.000149422 -0.000889778 6.77626e-20 -3.52366e-19 1.0842e-19
53.4 0.000150044 0.000150044 -0.000891555 1.01644e-20 2.1684e-19 -1.0842e-19
53.5 0.000150667 0.000150667 -0.000893333 -7.11508e-20 1.6263e-19 -1.0842e-19
53.6 0.000151289 0.000151289 -0.000895111 -3.38813e-21 -8.13152e-20 0
53.7 0.000151911 0.000151911 -0.000896889 -5.75982e-20 3.25261e-19 0
53.8 0.000152533 0.000152533 -0.000898667 6.77626e-21 -1.6263e-19 -1.0842e-19
53.9 0.000153156 0.000153156 -0.000900444 -8.13152e-20 5.42101e-20 0
54 0.000153778 0.000153778 -0.000902222 -6.09864e-20 2.98156e-19 0
54.1 0.0001544 0.0001544 -0.000904 -9.48677e-20 -5.42101e-20 2.1684e-19
54.2 0.000155022 0.000155022 -0.000905778 -3.38813e-21 -5.42101e-20 -2.1684e-19
54.3 0.000155644 0.000155644 -0.000907555 -4.74338e-20 -1.35525e-19 0
54.4 0.000156267 0.000156267 -0.000909333 -4.06576e-20 2.71051e-20 -1.0842e-19
54.5 0.000156889 0.000156889 -0.000911111 -1.55854e-19 1.89735e-19 -4.33681e-19
54.6 0.000157511 0.000157511 -0.000912889 -6.77626e-21 -5.42101e-20 1.0842e-19
54.7 0.000158133 0.000158133 -0.000914667 -4.40457e-20 1.89735e-19 0
54.8 0.000158756 0.000158756 -0.000916444 -1.69407e-20 -2.71051e-20 0
54.9 0.000159378 0.000159378 -0.000918222 -5.42101e-20 -2.71051e-20 1.0842e-19
55 0.00016 0.00016 -0.00092 -9.48677e-20 -1.0842e-19 1.0842e-19
55.1 0.000160622 0.000160622 -0.000921778 -6.77626e-21 1.0842e-19 -1.0842e-19
55.2 0.000161244 0.000161244 -0.000923555 -4.06576e-20 0 2.1684e-19
55.3 0.000161867 0.000161867 -0.000925333 2.03288e-20 -2.98156e-19 1.0842e-19
55.4 0.000162489 0.000162489 -0.000927111 -6.09864e-20 2.43945e-19 -1.0842e-19
55.5 0.000163111 0.000163111 -0.000928889 -8.80914e-20 2.1684e-19 -1.0842e-19
55.6 0.000163733 0.000163733 -0.000930667 -8.13152e-20 1.89735e-19 -1.0842e-19
55.7 0.000164356 0.000164356 -0.000932444 4.74338e-20 8.13152e-20 1.0842e-19
55.8 0.000164978 0.000164978 -0.000934222 6.43745e-20 -1.89735e-19 -1.0842e-19
55.9 0.0001656 0.0001656 -0.000936 2.71051e-20 -8.13152e-20 2.1684e-19
56 0.000166222 0.000166222 -0.000937778 6.77626e-21 -2.71051e-20 -2.1684e-19
56.1 0.000166844 0.000166844 -0.000939555 -3.38813e-21 1.0842e-19 0
56.2 0.000167467 0.000167467 -0.000941333 1.05032e-19 5.42101e-20 -1.0842e-19
56.3 0.000168089 0.000168089 -0.000943111 6.77626e-21 -1.6263e-19 2.1684e-19
56.4 0.000168711 0.000168711 -0.000944889 2.03288e-20 -1.89735e-19 -1.0842e-19
56.5 0.000169333 0.000169333 -0.000946667 2.03288e-20 -4.33681e-19 0
56.6 0.000169956 0.000169956 -0.000948444 -5.0822e-20 -8.13152e-20 1.0842e-19
56.7 0.000170578 0.000170578 -0.000950222 -9.82558e-20 1.6263e-19 -2.1684e-19
56.8 0.0001712 0.0001712 -0.000952 -3.38813e-21 -5.42101e-20 2.1684e-19
56.9 0.000171822 0.000171822 -0.000953778 -8.80914e-20 2.71051e-19 -2.1684e-19
57 0.000172444 0.000172444 -0.000955555 -5.0822e-20 5.42101e-20 -2.1684e-19
57.1 0.000173067 0.000173067 -0.000957333 -1.01644e-20 8.13152e-20 0
57.2 0.000173689 0.000173689 -0.000959111 -3.38813e-21 1.6263e-19 -1.0842e-19
57.3 0.000174311 0.000174311 -0.000960889 -6.09864e-20 5.42101e-20 1.0842e-19
57.4 0.000174933 0.000174933 -0.000962667 -7.11508e-20 -1.35525e-19 0
57.5 0.000175556 0.000175556 -0.000964444 3.38813e-20 -8.13152e-20 1.0842e-19
57.6 0.000176178 0.000176178 -0.000966222 -8.47033e-20 -1.6263e-19 2.1684e-19
57.7 0.0001768 0.0001768 -0.000968 7.11508e-20 -1.6263e-19 1.0842e-19
57.8 0.000177422 0.000177422 -0.000969778 -1.28749e-19 -5.42101e-20 0
57.9 0.000178044 0.000178044 -0.000971555 -3.38813e-21 2.71051e-20 -3.25261e-19
58 0.000178667 0.000178667 -0.000973333 -4.74338e-20 -5.42101e-20 -1.0842e-19
58.1 0.000179289 0.000179289 -0.000975111 -1.59242e-19 8.13152e-20 2.1684e-19
58.2 0.000179911 0.000179911 -0.000976889 -8.47033e-20 2.71051e-19 -2.1684e-19
58.3 0.000180533 0.000180533 -0.000978667 -2.37169e-20 -1.0842e-19 0
58.4 0.000181156 0.000181156 -0.000980444 -5.75982e-20 3.52366e-19 0
58.5 0.000181778 0.000181778 -0.000982222 -3.38813e-21 -1.0842e-19 -1.0842e-19
58.6 0.0001824 0.0001824 -0.000984 -1.32137e-19 -1.0842e-19 1.0842e-19
58.7 0.000183022 0.000183022 -0.000985778 6.09864e-20 -1.6263e-19 -1.0842e-19
58.8 0.000183644 0.000183644 -0.000987555 0 -3.52366e-19 2.1684e-19
58.9 0.000184267 0.000184267 -0.000989333 -1.6263e-19 1.89735e-19 0
59 0.000184889 0.000184889 -0.000991111 6.77626e-20 3.79471e-19 -1.0842e-19
59.1 0.000185511 0.000185511 -0.000992889 -1.28749e-19 1.35525e-19 -1.0842e-19
59.2 0.000186133 0.000186133 -0.000994667 6.77626e-20 -1.89735e-19 2.1684e-19
59.3 0.000186756 0.000186756 -0.000996444 -2.71051e-20 8.13152e-20 -1.0842e-19
59.4 0.000187378 0.000187378 -0.000998222 -7.45389e-20 -2.71051e-20 0
59.5 0.000188 0.000188 -0.001 1.15196e-19 -1.0842e-19 1.0842e-19
59.6 0.000188622 0.000188622 -0.00100178 -2.03288e-20 8.13152e-20 -1.0842e-19
59.7 0.000189244 0.000189244 -0.00100356 -2.03288e-20 -2.71051e-20 0
59.8 0.000189867 0.000189867 -0.00100533 -1.35525e-20 -8.13152e-20 1.0842e-19
59.9 0.000190489 0.000190489 -0.00100711 -4.06576e-20 0 -2.1684e-19
60 0.000191111 0.000191111 -0.00100889 -1.28749e-19 2.43945e-19 -3.25261e-19
60.1 0.000191733 0.000191733 -0.00101067 -1.0842e-19 5.42101e-20 0
60.2 0.000192356 0.000192356 -0.00101244 -7.45389e-20 8.13152e-20 1.0842e-19
60.3 0.000192978 0.000192978 -0.00101422 -9.48677e-20 -2.71051e-20 2.1684e-19
60.4 0.0001936 0.0001936 -0.001016 -6.77626e-21 5.42101e-20 -2.1684e-19
60.5 0.000194222 0.000194222 -0.00101778 -9.48677e-20 -5.42101e-20 -1.0842e-19
60.6 0.000194844 0.000194844 -0.00101956 -6.77626e-20 3.52366e-19 -4.33681e-19
60.7 0.000195467 0.000195467 -0.00102133 -1.35525e-20 -3.79471e-19 4.33681e-19
60.8 0.000196089 0.000196089 -0.00102311 -1.01644e-19 5.42101e-19 -5.42101e-19
60.9 0.000196711 0.000196711 -0.00102489 1.01644e-19 -2.71051e-20 0
61 0.000197333 0.000197333 -0.00102667 2.71051e-20 5.42101e-20 0
61.1 0.000197956 0.000197956 -0.00102844 3.38813e-20 1.89735e-19 0
61.2 0.000198578 0.000198578 -0.00103022 -9.48677e-20 1.35525e-19 -2.1684e-19
61.3 0.0001992 0.0001992 -0.001032 -4.06576e-20 2.71051e-19 -3.25261e-19
61.4 0.000199822 0.000199822 -0.00103378 -5.42101e-20 -8.13152e-20 0
61.5 0.000200444 0.000200444 -0.00103556 -1.35525e-19 1.35525e-19 -2.1684e-19
61.6 0.000201067 0.000201067 -0.00103733 -8.13152e-20 1.0842e-19 -1.0842e-19
61.7 0.000201689 0.000201689 -0.00103911 -1.55854e-19 4.33681e-19 -3.25261e-19
61.8 0.000202311 0.000202311 -0.00104089 2.71051e-20 1.6263e-19 1.0842e-19
61.9 0.000202933 0.000202933 -0.00104267 -1.01644e-19 4.60786e-19 -2.1684e-19
62 0.000203556 0.000203556 -0.00104444 6.09864e-20 5.42101e-20 -1.0842e-19
62.1 0.000204178 0.000204178 -0.00104622 -1.42302e-19 3.52366e-19 -3.25261e-19
62.2 0.0002048 0.0002048 -0.001048 9.48677e-20 -1.35525e-19 0
62.3 0.000205422 0.000205422 -0.00104978 -1.01644e-19 2.71051e-19 -2.1684e-19
62.4 0.000206044 0.000206044 -0.00105156 8.13152e-20 2.71051e-20 -1.0842e-19
62.5 0.000206667 0.000206667 -0.00105333 -9.48677e-20 3.25261e-19 -1.0842e-19
62.6 0.000207289 0.000207289 -0.00105511 4.06576e-20 8.13152e-20 2.1684e-19
62.7 0.000207911 0.000207911 -0.00105689 -8.13152e-20 2.98156e-19 0
62.8 0.000208533 0.000208533 -0.00105867 4.74338e-20 2.71051e-20 1.0842e-19
62.9 0.000209156 0.000209156 -0.00106044 -4.06576e-20 2.71051e-20 -1.0842e-19
63 0.000209778 0.000209778 -0.00106222 -6.77626e-20 5.42101e-20 2.1684e-19
63.1 0.0002104 0.0002104 -0.001064 -4.06576e-20 3.52366e-19 -4.33681e-19
63.2 0.000211022 0.000211022 -0.00106578 -1.0842e-19 2.71051e-20 0
63.3 0.000211644 0.000211644 -0.00106756 0 2.98156e-19 -3.25261e-19
63.4 0.000212267 0.000212267 -0.00106933 -8.80914e-20 5.42101e-20 1.0842e-19
63.5 0.000212889 0.000212889 -0.00107111 -8.80914e-20 3.52366e-19 -3.25261e-19
63.6 0.000213511 0.000213511 -0.00107289 5.42101e-20 -8.13152e-20 2.1684e-19
63.7 0.000214133 0.000214133 -0.00107467 -8.80914e-20 4.33681e-19 -1.0842e-19
63.8 0.000214756 0.000214756 -0.00107644 7.45389e-20 -2.98156e-19 1.0842e-19
63.9 0.000215378 0.000215378 -0.00107822 -2.03288e-20 4.06576e-19 -1.0842e-19
64 0.000216 0.000216 -0.00108 -1.0842e-19 4.06576e-19 1.0842e-19
64.1 0.000216622 0.000216622 -0.00108178 -1.28749e-19 4.33681e-19 -4.33681e-19
64.2 0.000217244 0.000217244 -0.00108356 2.71051e-20 -2.71051e-20 0
64.3 0.000217867 0.000217867 -0.00108533 -1.0842e-19 2.98156e-19 -4.33681e-19
64.4 0.000218489 0.000218489 -0.00108711 -6.77626e-21 0 -2.1684e-19
64.5 0.000219111 0.000219111 -0.00108889 -1.96512e-19 5.14996e-19 -1.0842e-19
64.6 0.000219733 0.000219733 -0.00109067 -8.80914e-20 3.25261e-19 -1.0842e-19
64.7 0.000220356 0.000220356 -0.00109244 -8.80914e-20 1.0842e-19 0
64.8 0.000220978 0.000220978 -0.00109422 8.80914e-20 -1.89735e-19 -1.0842e-19
64.9 0.0002216 0.0002216 -0.001096 -1.89735e-19 3.52366e-19 -1.0842e-19
65 0.000222222 0.000222222 -0.00109778 3.38813e-20 5.42101e-20 -1.0842e-19
65.1 0.000222844 0.000222844 -0.00109956 2.03288e-20 2.71051e-20 -2.1684e-19
65.2 0.000223467 0.000223467 -0.00110133 -4.74338e-20 -2.71051e-20 0
65.3 0.000224089 0.000224089 -0.00110311 2.03288e-20 8.13152e-20 -2.1684e-19
65.4 0.000224711 0.000224711 -0.00110489 1.01644e-19 -1.35525e-19 -1.0842e-19
65.5 0.000225333 0.000225333 -0.00110667 -1.42302e-19 1.35525e-19 0
65.6 0.000225956 0.000225956 -0.00110844 -1.96512e-19 4.60786e-19 -3.25261e-19
65.7 0.000226578 0.000226578 -0.00111022 -1.01644e-19 4.33681e-19 -4.33681e-19
65.8 0.0002272 0.0002272 -0.001112 -3.38813e-20 -1.35525e-19 3.25261e-19
65.9 0.000227822 0.000227822 -0.00111378 -1.55854e-19 1.89735e-19 -2.1684e-19
66 0.000228444 0.000228444 -0.00111556 -6.77626e-21 1.89735e-19 -2.1684e-19
66.1 0.000229067 0.000229067 -0.00111733 -1.21973e-19 1.35525e-19 -3.25261e-19
66.2 0.000229689 0.000229689 -0.00111911 -8.13152e-20 1.89735e-19 2.1684e-19
66.3 0.000230311 0.000230311 -0.00112089 -2.57498e-19 5.42101e-19 0
66.4 0.000230933 0.000230933 -0.00112267 1.01644e-19 -2.98156e-19 1.0842e-19
66.5 0.000231556 0.000231556 -0.00112444 -1.01644e-19 2.71051e-19 -2.1684e-19
66.6 0.000232178 0.000232178 -0.00112622 -6.77626e-21 -1.89735e-19 2.1684e-19
66.7 0.0002328 0.0002328 -0.001128 2.71051e-20 5.42101e-20 4.33681e-19
66.8 0.000233422 0.000233422 -0.00112978 3.38813e-20 -1.89735e-19 1.0842e-19
66.9 0.000234044 0.000234044 -0.00113156 2.71051e-20 -4.06576e-19 6.50521e-19
67 0.000234667 0.000234667 -0.00113333 -6.77626e-21 8.13152e-20 2.1684e-19
67.1 0.000235289 0.000235289 -0.00113511 -1.28749e-19 2.1684e-19 -1.0842e-19
67.2 0.000235911 0.000235911 -0.00113689 2.03288e-20 -3.25261e-19 4.33681e-19
67.3 0.000236533 0.000236533 -0.00113867 -1.35525e-19 2.98156e-19 -2.1684e-19
67.4 0.000237156 0.000237156 -0.00114044 1.35525e-19 -1.0842e-19 3.25261e-19
67.5 0.000237778 0.000237778 -0.00114222 -6.09864e-20 2.71051e-19 -1.0842e-19
67.6 0.0002384 0.0002384 -0.001144 8.13152e-20 -5.14996e-19 3.25261e-19
67.7 0.000239022 0.000239022 -0.00114578 -9.48677e-20 1.6263e-19 -2.1684e-19
67.8 0.000239644 0.000239644 -0.00114756 8.80914e-20 -2.71051e-20 3.25261e-19
67.9 0.000240267 0.000240267 -0.00114933 4.74338e-20 -2.71051e-20 1.0842e-19
68 0.000240889 0.000240889 -0.00115111 -1.01644e-19 -5.42101e-20 2.1684e-19
68.1 0.000241511 0.000241511 -0.00115289 -4.74338e-20 -5.42101e-20 1.0842e-19
68.2 0.000242133 0.000242133 -0.00115467 2.23617e-19 -3.79471e-19 2.1684e-19
68.3 0.000242756 0.000242756 -0.00115644 -1.01644e-19 1.0842e-19 1.0842e-19
68.4 0.000243378 0.000243378 -0.00115822 2.23617e-19 -3.25261e-19 -3.25261e-19
68.5 0.000244 0.000244 -0.00116 -1.82959e-19 1.89735e-19 1.0842e-19
68.6 0.000244622 0.000244622 -0.00116178 -2.71051e-20 1.35525e-19 1.0842e-19
68.7 0.000245244 0.000245244 -0.00116356 -5.42101e-20 -2.71051e-20 0
68.8 0.000245867 0.000245867 -0.00116533 -2.37169e-19 2.98156e-19 -1.0842e-19
68.9 0.000246489 0.000246489 -0.00116711 -8.80914e-20 1.0842e-19 -1.0842e-19
69 0.000247111 0.000247111 -0.00116889 -1.96512e-19 5.42101e-19 -3.25261e-19
69.1 0.000247733 0.000247733 -0.00117067 -5.42101e-20 1.6263e-19 0
69.2 0.000248356 0.000248356 -0.00117244 -7.45389e-20 5.42101e-20 0
69.3 0.000248978 0.000248978 -0.00117422 -1.82959e-19 4.33681e-19 0
69.4 0.0002496 0.0002496 -0.001176 -2.64274e-19 5.14996e-19 -2.1684e-19
69.5 0.000250222 0.000250222 -0.00117778 -1.55854e-19 2.71051e-19 1.0842e-19
69.6 0.000250844 0.000250844 -0.00117956 -1.28749e-19 -2.71051e-20 0
69.7 0.000251467 0.000251467 -0.00118133 -1.15196e-19 2.71051e-20 1.0842e-19
69.8 0.000252089 0.000252089 -0.00118311 -2.37169e-19 5.42101e-19 -2.1684e-19
69.9 0.000252711 0.000252711 -0.00118489 1.15196e-19 5.42101e-20 -1.0842e-19
70 0.000253333 0.000253333 -0.00118667 -1.82959e-19 4.60786e-19 -4.33681e-19
70.1 0.000253956 0.000253956 -0.00118844 -1.15196e-19 2.71051e-20 -1.0842e-19
70.2 0.000254578 0.000254578 -0.00119022 5.42101e-20 1.35525e-19 -2.1684e-19
70.3 0.0002552 0.0002552 -0.001192 1.55854e-19 -4.60786e-19 0
70.4 0.000255822 0.000255822 -0.00119378 -2.03288e-20 1.89735e-19 -1.0842e-19
70.5 0.000256444 0.000256444 -0.00119556 4.74338e-20 -5.42101e-20 -3.25261e-19
70.6 0.000257067 0.000257067 -0.00119733 -2.03288e-20 5.42101e-20 -1.0842e-19
70.7 0.000257689 0.000257689 -0.00119911 -6.77626e-21 5.42101e-20 3.25261e-19
70.8 0.000258311 0.000258311 -0.00120089 5.42101e-20 3.25261e-19 -4.33681e-19
70.9 0.000258933 0.000258933 -0.00120267 8.13152e-20 -5.42101e-20 -1.0842e-19
71 0.000259556 0.000259556 -0.00120444 -2.03288e-20 -8.13152e-20 -1.0842e-19
71.1 0.000260178 0.000260178 -0.00120622 3.38813e-20 2.71051e-20 2.1684e-19
71.2 0.0002608 0.0002608 -0.001208 -6.09864e-20 3.52366e-19 -4.33681e-19
71.3 0.000261422 0.000261422 -0.00120978 -2.03288e-20 -2.71051e-19 4.33681e-19
71.4 0.000262044 0.000262044 -0.00121156 2.71051e-20 2.71051e-20 -3.25261e-19
71.5 0.000262667 0.000262667 -0.00121333 -8.80914e-20 2.1684e-19 -2.1684e-19
71.6 0.000263289 0.000263289 -0.00121511 6.77626e-21 -1.0842e-19 1.0842e-19
71.7 0.000263911 0.000263911 -0.00121689 -2.71051e-20 8.13152e-20 0
71.8 0.000264533 0.000264533 -0.00121867 -4.74338e-20 8.13152e-20 -2.1684e-19
71.9 0.000265156 0.000265156 -0.00122044 2.10064e-19 -4.33681e-19 2.1684e-19
72 0.000265778 0.000265778 -0.00122222 3.38813e-20 8.13152e-20 1.0842e-19
72.1 0.0002664 0.0002664 -0.001224 8.13152e-20 -1.35525e-19 1.0842e-19
72.2 0.000267022 0.000267022 -0.00122578 -7.45389e-20 -1.89735e-19 1.0842e-19
72.3 0.000267644 0.000267644 -0.00122756 1.55854e-19 -4.06576e-19 2.1684e-19
72.4 0.000268267 0.000268267 -0.00122933 -1.0842e-19 1.89735e-19 0
72.5 0.000268889 0.000268889 -0.00123111 -2.71051e-20 -2.71051e-20 0
72.6 0.000269511 0.000269511 -0.00123289 -2.37169e-19 5.42101e-19 0
72.7 0.000270133 0.000270133 -0.00123467 1.28749e-19 -3.52366e-19 2.1684e-19
72.8 0.000270756 0.000270756 -0.00123644 -1.42302e-19 5.42101e-19 -3.25261e-19
72.9 0.000271378 0.000271378 -0.00123822 8.80914e-20 -2.1684e-19 4.33681e-19
73 0.000272 0.000272 -0.00124 7.45389e-20 -5.42101e-20 1.0842e-19
73.1 0.000272622 0.000272622 -0.00124178 1.0842e-19 -2.43945e-19 1.0842e-19
73.2 0.000273244 0.000273244 -0.00124356 -2.71051e-20 -1.6263e-19 -2.1684e-19
73.3 0.000273867 0.000273867 -0.00124533 7.45389e-20 -6.23416e-19 0
73.4 0.000274489 0.000274489 -0.00124711 -4.74338e-20 2.43945e-19 1.0842e-19
73.5 0.000275111 0.000275111 -0.00124889 -4.06576e-20 -1.89735e-19 1.0842e-19
73.6 0.000275733 0.000275733 -0.00125067 -1.35525e-19 2.43945e-19 1.0842e-19
73.7 0.000276356 0.000276356 -0.00125244 -2.1684e-19 2.98156e-19 0
73.8 0.000276978 0.000276978 -0.00125422 2.71051e-20 -2.98156e-19 1.0842e-19
73.9 0.0002776 0.0002776 -0.001256 1.35525e-20 -2.71051e-19 3.25261e-19
74 0.000278222 0.000278222 -0.00125778 1.21973e-19 -1.89735e-19 2.1684e-19
74.1 0.000278844 0.000278844 -0.00125956 4.74338e-20 8.13152e-20 2.1684e-19
74.2 0.000279467 0.000279467 -0.00126133 0 -2.43945e-19 2.1684e-19
74.3 0.000280089 0.000280089 -0.00126311 -3.38813e-20 1.6263e-19 -1.0842e-19
74.4 0.000280711 0.000280711 -0.00126489 4.74338e-20 -1.0842e-19 2.1684e-19
74.5 0.000281333 0.000281333 -0.00126667 -3.79471e-19 5.14996e-19 -2.1684e-19
74.6 0.000281956 0.000281956 -0.00126844 -6.09864e-20 -1.89735e-19 -1.0842e-19
74.7 0.000282578 0.000282578 -0.00127022 6.77626e-20 -4.06576e-19 1.0842e-19
74.8 0.0002832 0.0002832 -0.001272 -3.38813e-20 0 1.0842e-19
74.9 0.000283822 0.000283822 -0.00127378 -1.35525e-19 3.25261e-19 -2.1684e-19
75 0.000284444 0.000284444 -0.00127556 4.06576e-20 8.13152e-20 2.1684e-19
75.1 0.000285067 0.000285067 -0.00127733 -1.15196e-19 3.25261e-19 -1.0842e-19
75.2 0.000285689 0.000285689 -0.00127911 4.06576e-20 -8.13152e-20 0
75.3 0.000286311 0.000286311 -0.00128089 -1.21973e-19 2.71051e-19 -1.0842e-19
75.4 0.000286933 0.000286933 -0.00128267 4.74338e-20 1.0842e-19 -1.0842e-19
75.5 0.000287556 0.000287556 -0.00128444 -6.77626e-20 5.69206e-19 -1.0842e-19
75.6 0.000288178 0.000288178 -0.00128622 -1.89735e-19 1.35525e-19 0
75.7 0.0002888 0.0002888 -0.001288 -3.38813e-20 2.71051e-20 -4.33681e-19
75.8 0.000289422 0.000289422 -0.00128978 -1.35525e-20 0 -2.1684e-19
75.9 0.000290044 0.000290044 -0.00129156 -1.15196e-19 4.33681e-19 0
76 0.000290667 0.000290667 -0.00129333 8.13152e-20 -8.13152e-20 0
76.1 0.000291289 0.000291289 -0.00129511 -1.6263e-19 5.14996e-19 -3.25261e-19
76.2 0.000291911 0.000291911 -0.00129689 4.06576e-20 -2.98156e-19 1.0842e-19
76.3 0.000292533 0.000292533 -0.00129867 -2.71051e-20 -1.6263e-19 -2.1684e-19
76.4 0.000293156 0.000293156 -0.00130044 5.42101e-20 -2.1684e-19 1.0842e-19
76.5 0.000293778 0.000293778 -0.00130222 1.01644e-19 -5.42101e-20 1.0842e-19
76.6 0.0002944 0.0002944 -0.001304 -3.38813e-20 -1.6263e-19 1.0842e-19
76.7 0.000295022 0.000295022 -0.00130578 1.35525e-20 2.71051e-20 -1.0842e-19
76.8 0.000295644 0.000295644 -0.00130756 9.48677e-20 -2.98156e-19 1.0842e-19
76.9 0.000296267 0.000296267 -0.00130933 -2.71051e-20 -2.1684e-19 1.0842e-19
77 0.000296889 0.000296889 -0.00131111 -4.06576e-20 -8.13152e-20 -1.0842e-19
77.1 0.000297511 0.000297511 -0.00131289 -1.35525e-20 1.89735e-19 1.0842e-19
77.2 0.000298133 0.000298133 -0.00131467 -1.0842e-19 3.79471e-19 -3.25261e-19
77.3 0.000298756 0.000298756 -0.00131644 -6.09864e-20 -5.42101e-20 2.1684e-19
77.4 0.000299378 0.000299378 -0.00131822 -8.13152e-20 5.42101e-20 0
77.5 0.0003 0.0003 -0.00132 -9.48677e-20 1.89735e-19 0
77.6 0.000300622 0.000300622 -0.00132178 4.06576e-20 -1.89735e-19 1.0842e-19
77.7 0.000301244 0.000301244 -0.00132356 5.42101e-20 4.06576e-19 5.42101e-19
77.8 0.000301867 0.000301867 -0.00132533 -5.42101e-20 1.89735e-19 2.1684e-19
77.9 0.000302489 0.000302489 -0.00132711 -3.38813e-20 -2.71051e-20 3.25261e-19
78 0.000303111 0.000303111 -0.00132889 -1.35525e-20 -2.71051e-20 0
78.1 0.000303733 0.000303733 -0.00133067 -1.49078e-19 1.89735e-19 2.1684e-19
78.2 0.000304356 0.000304356 -0.00133244 2.71051e-20 -2.71051e-20 -2.1684e-19
78.3 0.000304978 0.000304978 -0.00133422 0 -5.42101e-20 2.1684e-19
78.4 0.0003056 0.0003056 -0.001336 4.06576e-20 2.71051e-20 -1.0842e-19
78.5 0.000306222 0.000306222 -0.00133778 -1.69407e-19 4.06576e-19 -1.0842e-19
78.6 0.000306844 0.000306844 -0.00133956 4.06576e-20 -5.14996e-19 2.1684e-19
78.7 0.000307467 0.000307467 -0.00134133 0 -2.71051e-20 -3.25261e-19
78.8 0.000308089 0.000308089 -0.00134311 2.71051e-20 -5.42101e-20 1.0842e-19
78.9 0.000308711 0.000308711 -0.00134489 -5.42101e-20 3.79471e-19 -2.1684e-19
79 0.000309333 0.000309333 -0.00134667 1.21973e-19 -2.43945e-19 -2.1684e-19
79.1 0.000309956 0.000309956 -0.00134844 9.48677e-20 3.25261e-19 0
79.2 0.000310578 0.000310578 -0.00135022 1.21973e-19 -2.98156e-19 3.25261e-19
79.3 0.0003112 0.0003112 -0.001352 -5.42101e-20 8.13152e-20 1.0842e-19
79.4 0.000311822 0.000311822 -0.00135378 1.35525e-19 -8.13152e-20 2.1684e-19
79.5 0.000312444 0.000312444 -0.00135556 9.48677e-20 -1.35525e-19 2.1684e-19
79.6 0.000313067 0.000313067 -0.00135733 1.21973e-19 -3.52366e-19 3.25261e-19
79.7 0.000313689 0.000313689 -0.00135911 -6.77626e-21 -5.42101e-20 0
79.8 0.000314311 0.000314311 -0.00136089 -6.77626e-20 2.98156e-19 2.1684e-19
79.9 0.000314933 0.000314933 -0.00136267 2.71051e-20 1.0842e-19 2.1684e-19
80 0.000315556 0.000315556 -0.00136444 -5.42101e-20 1.89735e-19 2.1684e-19
80.1 0.000316178 0.000316178 -0.00136622 -4.06576e-20 3.79471e-19 -3.25261e-19
80.2 0.0003168 0.0003168 -0.001368 -1.76183e-19 2.43945e-19 0
80.3 0.000317422 0.000317422 -0.00136978 6.77626e-20 -1.0842e-19 3.25261e-19
80.4 0.000318044 0.000318044 -0.00137156 2.03288e-20 1.89735e-19 1.0842e-19
80.5 0.000318667 0.000318667 -0.00137333 2.03288e-20 1.0842e-19 1.0842e-19
80.6 0.000319289 0.000319289 -0.00137511 -1.0842e-19 1.0842e-19 1.0842e-19
80.7 0.000319911 0.000319911 -0.00137689 -9.48677e-20 0 0
80.8 0.000320533 0.000320533 -0.00137867 -1.6263e-19 3.52366e-19 1.0842e-19
80.9 0.000321156 0.000321156 -0.00138044 2.71051e-20 -1.0842e-19 3.25261e-19
81 0.000321778 0.000321778 -0.00138222 -1.6263e-19 2.43945e-19 -1.0842e-19
81.1 0.0003224 0.0003224 -0.001384 -5.42101e-20 8.13152e-20 -2.1684e-19
81.2 0.000323022 0.000323022 -0.00138578 0 2.71051e-20 0
81.3 0.000323644 0.000323644 -0.00138756 -6.09864e-20 5.42101e-20 1.0842e-19
81.4 0.000324267 0.000324267 -0.00138933 -6.77626e-20 -2.98156e-19 1.0842e-19
81.5 0.000324889 0.000324889 -0.00139111 -5.42101e-20 -1.6263e-19 -1.0842e-19
81.6 0.000325511 0.000325511 -0.00139289 -8.13152e-20 1.6263e-19 2.1684e-19
81.7 0.000326133 0.000326133 -0.00139467 4.74338e-20 -8.13152e-20 2.1684e-19
81.8 0.000326756 0.000326756 -0.00139644 -1.49078e-19 2.71051e-20 0
81.9 0.000327378 0.000327378 -0.00139822 -3.38813e-20 2.43945e-19 1.0842e-19
82 0.000328 0.000328 -0.0014 -6.77626e-21 0 2.1684e-19
82.1 0.000328622 0.000328622 -0.00140178 -1.15196e-19 0 0
82.2 0.000329244 0.000329244 -0.00140356 -1.6263e-19 4.60786e-19 -5.42101e-19
82.3 0.000329867 0.000329867 -0.00140533 4.06576e-20 -1.0842e-19 0
82.4 0.000330489 0.000330489 -0.00140711 -1.15196e-19 1.6263e-19 -1.0842e-19
82.5 0.000331111 0.000331111 -0.00140889 -1.35525e-20 -5.42101e-20 -1.0842e-19
82.6 0.000331733 0.000331733 -0.00141067 -6.77626e-20 2.1684e-19 -2.1684e-19
82.7 0.000332356 0.000332356 -0.00141244 -1.49078e-19 5.14996e-19 -5.42101e-19
82.8 0.000332978 0.000332978 -0.00141422 -1.76183e-19 2.98156e-19 -2.1684e-19
82.9 0.0003336 0.0003336 -0.001416 4.74338e-20 -1.35525e-19 0
83 0.000334222 0.000334222 -0.00141778 -6.09864e-20 3.25261e-19 -2.1684e-19
83.1 0.000334844 0.000334844 -0.00141956 1.21973e-19 -1.6263e-19 -1.0842e-19
83.2 0.000335467 0.000335467 -0.00142133 -1.35525e-19 2.98156e-19 1.0842e-19
83.3 0.000336089 0.000336089 -0.00142311 3.38813e-20 2.71051e-20 1.0842e-19
83.4 0.000336711 0.000336711 -0.00142489 6.77626e-21 -3.52366e-19 2.1684e-19
83.5 0.000337333 0.000337333 -0.00142667 -4.06576e-20 2.43945e-19 -4.33681e-19
83.6 0.000337956 0.000337956 -0.00142844 1.35525e-20 2.71051e-20 2.1684e-19
83.7 0.000338578 0.000338578 -0.00143022 9.48677e-20 -5.42101e-20 0
83.8 0.0003392 0.0003392 -0.001432 -2.57498e-19 5.96311e-19 2.1684e-19
83.9 0.000339822 0.000339822 -0.00143378 4.74338e-20 -2.98156e-19 0
84 0.000340444 0.000340444 -0.00143556 -8.80914e-20 3.52366e-19 1.0842e-19
84.1 0.000341067 0.000341067 -0.00143733 1.35525e-20 8.13152e-20 -1.0842e-19
84.2 0.000341689 0.000341689 -0.00143911 -1.69407e-19 3.25261e-19 -1.0842e-19
84.3 0.000342311 0.000342311 -0.00144089 -6.09864e-20 1.6263e-19 -3.25261e-19
84.4 0.000342933 0.000342933 -0.00144267 -4.06576e-20 2.98156e-19 0
84.5 0.000343556 0.000343556 -0.00144444 -1.01644e-19 -3.25261e-19 2.1684e-19
84.6 0.000344178 0.000344178 -0.00144622 -2.03288e-20 -1.6263e-19 -1.0842e-19
84.7 0.0003448 0.0003448 -0.001448 6.77626e-20 -5.69206e-19 1.0842e-19
84.8 0.000345422 0.000345422 -0.00144978 -4.74338e-20 -5.42101e-20 2.1684e-19
84.9 0.000346044 0.000346044 -0.00145156 4.06576e-20 -2.43945e-19 -3.25261e-19
85 0.000346667 0.000346667 -0.00145333 -1.35525e-20 -8.13152e-20 -1.0842e-19
85.1 0.000347289 0.000347289 -0.00145511 4.06576e-20 -8.13152e-20 2.1684e-19
85.2 0.000347911 0.000347911 -0.00145689 -7.45389e-20 8.13152e-20 0
85.3 0.000348533 0.000348533 -0.00145867 -1.49078e-19 4.06576e-19 -3.25261e-19
85.4 0.000349156 0.000349156 -0.00146044 4.06576e-20 1.0842e-19 -1.0842e-19
85.5 0.000349778 0.000349778 -0.00146222 6.09864e-20 -2.43945e-19 0
85.6 0.0003504 0.0003504 -0.001464 -8.80914e-20 3.79471e-19 -2.1684e-19
85.7 0.000351022 0.000351022 -0.00146578 -1.42302e-19 2.71051e-19 1.0842e-19
85.8 0.000351644 0.000351644 -0.00146756 -6.77626e-20 0 3.25261e-19
85.9 0.000352267 0.000352267 -0.00146933 -1.01644e-19 2.1684e-19 -1.0842e-19
86 0.000352889 0.000352889 -0.00147111 -3.38813e-20 2.71051e-19 -3.25261e-19
86.1 0.000353511 0.000353511 -0.00147289 -3.38813e-20 0 5.42101e-19
86.2 0.000354133 0.000354133 -0.00147467 -1.01644e-19 3.79471e-19 1.0842e-19
86.3 0.000354756 0.000354756 -0.00147644 -1.28749e-19 5.42101e-20 1.0842e-19
86.4 0.000355378 0.000355378 -0.00147822 -6.77626e-20 -1.0842e-19 2.1684e-19
86.5 0.000356 0.000356 -0.00148 -2.03288e-20 5.42101e-19 -1.0842e-19
86.6 0.000356622 0.000356622 -0.00148178 -6.77626e-20 2.1684e-19 -2.1684e-19
86.7 0.000357244 0.000357244 -0.00148356 -6.77626e-21 3.25261e-19 -3.25261e-19
86.8 0.000357867 0.000357867 -0.00148533 4.74338e-20 0 0
86.9 0.000358489 0.000358489 -0.00148711 -4.06576e-20 -1.6263e-19 1.0842e-19
87 0.000359111 0.000359111 -0.00148889 -1.15196e-19 3.25261e-19 0
87.1 0.000359733 0.000359733 -0.00149067 -1.01644e-19 3.25261e-19 -1.0842e-19
87.2 0.000360356 0.000360356 -0.00149244 -4.74338e-20 2.1684e-19 1.0842e-19
87.3 0.000360978 0.000360978 -0.00149422 -6.77626e-20 5.42101e-20 -2.1684e-19
87.4 0.0003616 0.0003616 -0.001496 6.77626e-21 2.1684e-19 0
87.5 0.000362222 0.000362222 -0.00149778 -1.49078e-19 4.87891e-19 0
87.6 0.000362844 0.000362844 -0.00149956 2.03288e-20 -2.1684e-19 -1.0842e-19
87.7 0.000363467 0.000363467 -0.00150133 1.21973e-19 0 0
87.8 0.000364089 0.000364089 -0.00150311 7.45389e-20 -2.1684e-19 2.1684e-19
87.9 0.000364711 0.000364711 -0.00150489 -1.35525e-20 2.1684e-19 -5.42101e-19
88 0.000365333 0.000365333 -0.00150667 -1.15196e-19 -3.79471e-19 1.0842e-19
88.1 0.000365956 0.000365956 -0.00150844 -1.42302e-19 2.71051e-19 -1.0842e-19
88.2 0.000366578 0.000366578 -0.00151022 -1.35525e-19 2.71051e-19 -1.0842e-19
88.3 0.0003672 0.0003672 -0.001512 -1.49078e-19 -1.6263e-19 4.33681e-19
88.4 0.000367822 0.000367822 -0.00151378 1.21973e-19 3.79471e-19 -2.1684e-19
88.5 0.000368444 0.000368444 -0.00151556 0 -5.42101e-20 0
88.6 0.000369067 0.000369067 -0.00151733 2.71051e-20 0 -2.1684e-19
88.7 0.000369689 0.000369689 -0.00151911 -1.49078e-19 3.25261e-19 -2.1684e-19
88.8 0.000370311 0.000370311 -0.00152089 -1.35525e-20 -5.42101e-20 1.0842e-19
88.9 0.000370933 0.000370933 -0.00152267 -5.42101e-20 3.25261e-19 -3.25261e-19
89 0.000371556 0.000371556 -0.00152444 -4.06576e-20 1.0842e-19 -3.25261e-19
89.1 0.000372178 0.000372178 -0.00152622 -8.13152e-20 2.71051e-19 1.0842e-19
89.2 0.0003728 0.0003728 -0.001528 -9.48677e-20 1.0842e-19 -3.25261e-19
89.3 0.000373422 0.000373422 -0.00152978 -2.71051e-20 -1.6263e-19 3.25261e-19
89.4 0.000374044 0.000374044 -0.00153156 -4.06576e-20 0 3.25261e-19
89.5 0.000374667 0.000374667 -0.00153333 2.71051e-20 5.42101e-20 0
89.6 0.000375289 0.000375289 -0.00153511 1.0842e-19 -4.33681e-19 0
89.7 0.000375911 0.000375911 -0.00153689 -4.06576e-20 1.0842e-19 1.0842e-19
89.8 0.000376533 0.000376533 -0.00153867 2.71051e-20 -1.6263e-19 1.0842e-19
89.9 0.000377156 0.000377156 -0.00154044 2.71051e-20 -1.0842e-19 3.25261e-19
90 0.000377778 0.000377778 -0.00154222 1.35525e-19 0 0
90.1 0.0003784 0.0003784 -0.001544 -8.13152e-20 1.6263e-19 1.0842e-19
90.2 0.000379022 0.000379022 -0.00154578 -1.89735e-19 8.13152e-19 -3.25261e-19
90.3 0.000379644 0.000379644 -0.00154756 -9.48677e-20 3.25261e-19 -1.0842e-19
90.4 0.000380267 0.000380267 -0.00154933 -5.42101e-20 1.0842e-19 -2.1684e-19
90.5 0.000380889 0.000380889 -0.00155111 -1.76183e-19 3.79471e-19 -4.33681e-19
90.6 0.000381511 0.000381511 -0.00155289 -1.6263e-19 3.79471e-19 -4.33681e-19
90.7 0.000382133 0.000382133 -0.00155467 -1.0842e-19 0 3.25261e-19
90.8 0.000382756 0.000382756 -0.00155644 -1.35525e-20 2.1684e-19 2.1684e-19
90.9 0.000383378 0.000383378 -0.00155822 -2.71051e-20 2.1684e-19 1.0842e-19
91 0.000384 0.000384 -0.00156 -2.84603e-19 7.58942e-19 -2.1684e-19
91.1 0.000384622 0.000384622 -0.00156178 -9.48677e-20 3.25261e-19 2.1684e-19
91.2 0.000385244 0.000385244 -0.00156356 -1.0842e-19 6.50521e-19 -1.0842e-19
91.3 0.000385867 0.000385867 -0.00156533 -1.35525e-19 3.79471e-19 -5.42101e-19
91.4 0.000386489 0.000386489 -0.00156711 0 -1.6263e-19 -1.0842e-19
91.5 0.000387111 0.000387111 -0.00156889 -2.03288e-19 3.25261e-19 2.1684e-19
91.6 0.000387733 0.000387733 -0.00157067 -1.35525e-19 -1.0842e-19 2.1684e-19
91.7 0.000388356 0.000388356 -0.00157244 -2.71051e-20 4.87891e-19 0
91.8 0.000388978 0.000388978 -0.00157422 5.42101e-20 1.0842e-19 4.33681e-19
91.9 0.0003896 0.0003896 -0.001576 -1.0842e-19 2.71051e-19 0
92 0.000390222 0.000390222 -0.00157778 -1.89735e-19 4.87891e-19 -4.33681e-19
92.1 0.000390844 0.000390844 -0.00157956 -8.13152e-20 2.1684e-19 2.1684e-19
92.2 0.000391467 0.000391467 -0.00158133 -2.03288e-19 5.42101e-19 -2.1684e-19
92.3 0.000392089 0.000392089 -0.00158311 1.6263e-19 -1.6263e-19 0
92.4 0.000392711 0.000392711 -0.00158489 -8.13152e-20 5.42101e-20 0
92.5 0.000393333 0.000393333 -0.00158667 -6.77626e-20 3.25261e-19 2.1684e-19
92.6 0.000393956 0.000393956 -0.00158844 -1.49078e-19 5.42101e-20 -2.1684e-19
92.7 0.000394578 0.000394578 -0.00159022 -2.71051e-20 -2.71051e-19 4.33681e-19
92.8 0.0003952 0.0003952 -0.001592 -1.76183e-19 6.50521e-19 -4.33681e-19
92.9 0.000395822 0.000395822 -0.00159378 -8.13152e-20 4.87891e-19 -2.1684e-19
93 0.000396444 0.000396444 -0.00159556 2.71051e-20 0 4.33681e-19
93.1 0.000397067 0.000397067 -0.00159733 9.48677e-20 -3.79471e-19 -2.1684e-19
93.2 0.000397689 0.000397689 -0.00159911 1.35525e-20 2.1684e-19 0
93.3 0.000398311 0.000398311 -0.00160089 -5.42101e-20 -2.71051e-19 0
93.4 0.000398933 0.000398933 -0.00160267 -1.0842e-19 0 -2.1684e-19
93.5 0.000399556 0.000399556 -0.00160444 -4.06576e-20 2.1684e-19 0
93.6 0.000400178 0.000400178 -0.00160622 -5.42101e-20 2.1684e-19 -2.1684e-19
93.7 0.0004008 0.0004008 -0.001608 -1.35525e-19 -4.87891e-19 0
93.8 0.000401422 0.000401422 -0.00160978 -1.0842e-19 3.79471e-19 2.1684e-19
93.9 0.000402044 0.000402044 -0.00161156 2.71051e-20 5.42101e-20 -2.1684e-19
94 0.000402667 0.000402667 -0.00161333 -8.13152e-20 6.50521e-19 0
94.1 0.000403289 0.000403289 -0.00161511 -2.71051e-20 -2.71051e-19 -2.1684e-19
94.2 0.000403911 0.000403911 -0.00161689 2.71051e-20 3.79471e-19 -4.33681e-19
94.3 0.000404533 0.000404533 -0.00161867 -4.06576e-20 5.42101e-20 -4.33681e-19
94.4 0.000405156 0.000405156 -0.00162044 1.35525e-20 2.1684e-19 -2.1684e-19
94.5 0.000405778 0.000405778 -0.00162222 5.42101e-20 -1.6263e-19 2.1684e-19
94.6 0.0004064 0.0004064 -0.001624 -1.6263e-19 4.87891e-19 -4.33681e-19
94.7 0.000407022 0.000407022 -0.00162578 -2.71051e-20 3.25261e-19 0
94.8 0.000407644 0.000407644 -0.00162756 -1.35525e-19 4.87891e-19 0
94.9 0.000408267 0.000408267 -0.00162933 1.49078e-19 -1.0842e-19 -4.33681e-19
95 0.000408889 0.000408889 -0.00163111 -4.06576e-20 2.1684e-19 2.1684e-19
95.1 0.000409511 0.000409511 -0.00163289 -1.35525e-20 3.25261e-19 0
95.2 0.000410133 0.000410133 -0.00163467 4.06576e-20 -3.25261e-19 2.1684e-19
95.3 0.000410756 0.000410756 -0.00163644 -1.0842e-19 2.71051e-19 -2.1684e-19
95.4 0.000411378 0.000411378 -0.00163822 1.49078e-19 -4.33681e-19 2.1684e-19
95.5 0.000412 0.000412 -0.00164 6.77626e-20 0 -2.1684e-19
95.6 0.000412622 0.000412622 -0.00164178 -9.48677e-20 4.33681e-19 -2.1684e-19
95.7 0.000413244 0.000413244 -0.00164356 -2.30393e-19 8.67362e-19 0
95.8 0.000413867 0.000413867 -0.00164533 -1.6263e-19 4.87891e-19 2.1684e-19
95.9 0.000414489 0.000414489 -0.00164711 2.71051e-20 -2.71051e-19 0
96 0.000415111 0.000415111 -0.00164889 -2.71051e-20 3.25261e-19 0
96.1 0.000415733 0.000415733 -0.00165067 -5.42101e-20 5.42101e-19 -2.1684e-19
96.2 0.000416356 0.000416356 -0.00165244 -1.76183e-19 -1.0842e-19 2.1684e-19
96.3 0.000417185 0.000417202 -0.00165439 4.09671e-07 -1.91806e-07 -7.40369e-08
96.4 0.000418851 0.000418884 -0.00165653 -1.7855e-07 -5.86519e-08 5.65475e-07
