0.1 -0.1 -0.1 -0.1 -5.63708e-18 8.33308e-18 -7.8429e-18
0.2 -0.2 -0.2 -0.2 3.92145e-18 9.80362e-18 -1.76465e-17
0.3 -0.3 -0.3 -0.3 -6.86254e-18 1.96072e-18 1.96072e-17
0.4 -0.4 -0.4 -0.4 -3.43127e-17 7.8429e-18 1.96072e-17
0.5 -0.5 -0.5 -0.5 0 5.88217e-18 1.56858e-17
0.6 -0.6 -0.6 -0.6 -2.54894e-17 4.70574e-17 -2.35287e-17
0.7 -0.7 -0.7 -0.7 -1.76465e-17 2.35287e-17 -1.56858e-17
0.8 -0.8 -0.8 -0.8 -5.29396e-17 1.37251e-17 -1.56858e-17
0.9 -0.9 -0.9 -0.9 -2.1568e-17 3.5293e-17 7.8429e-18
1 -1 -1 -1 3.92145e-17 3.5293e-17 -3.13716e-17
1.1 -1.1 -1.1 -1.1 7.8429e-17 5.09788e-17 -1.72544e-16
1.2 -1.2 -1.2 -1.2 1.25486e-16 -1.25486e-16 4.70574e-17
1.3 -1.3 -1.3 -1.3 -9.41148e-17 1.52937e-16 0
1.4 -1.4 -1.4 -1.4 -2.74501e-17 1.56858e-17 -6.27432e-17
1.5 -1.5 -1.5 -1.5 -2.35287e-17 6.27432e-17 -6.27432e-17
1.6 -1.6 -1.6 -1.6 -3.13716e-17 5.49003e-17 1.56858e-17
1.7 -1.7 -1.7 -1.7 -7.8429e-17 -7.8429e-18 1.25486e-16
1.8 -1.8 -1.8 -1.8 4.31359e-17 9.01933e-17 1.56858e-16
1.9 -1.9 -1.9 -1.9 1.13722e-16 -3.92145e-18 1.41172e-16
2 -2 -2 -2 3.92145e-17 4.70574e-17 -3.13716e-17
2.1 -2.1 -2.1 -2.1 3.13716e-17 3.13716e-17 -6.27432e-17
2.2 -2.2 -2.2 -2.2 -3.13716e-17 2.19601e-16 3.13716e-17
2.3 -2.3 -2.3 -2.3 2.4313e-16 -1.64701e-16 -6.27432e-17
2.4 -2.4 -2.4 -2.4 -1.17643e-16 7.8429e-17 1.8823e-16
2.5 -2.5 -2.5 -2.5 -1.25486e-16 1.09801e-16 6.27432e-17
2.6 -2.6 -2.6 -2.6 -3.13716e-17 2.03915e-16 9.41148e-17
2.7 -2.7 -2.7 -2.7 -8.62719e-17 -1.56858e-17 0
2.8 -2.8 -2.8 -2.8 -1.25486e-16 -7.8429e-18 -1.25486e-16
2.9 -2.9 -2.9 -2.9 7.8429e-18 -3.92145e-17 -1.56858e-16
3 -3 -3 -3 7.8429e-18 -3.92145e-17 0
3.1 -3.1 -3.1 -3.1 7.8429e-18 -3.92145e-17 2.19601e-16
3.2 -3.2 -3.2 -3.2 -1.17643e-16 -2.35287e-17 1.25486e-16
3.3 -3.3 -3.3 -3.3 1.01958e-16 -7.8429e-17 -1.56858e-16
3.4 -3.4 -3.4 -3.4 -1.41172e-16 1.96072e-16 -4.39202e-16
3.5 -3.5 -3.5 -3.5 -2.4313e-16 1.09801e-16 0
3.6 -3.6 -3.6 -3.6 1.56858e-17 1.25486e-16 -3.45088e-16
3.7 -3.7 -3.7 -3.7 -4.70574e-17 -8.62719e-17 2.19601e-16
3.8 -3.8 -3.8 -3.8 7.8429e-17 -1.49015e-16 2.50973e-16
3.9 -3.9 -3.9 -3.9 3.13716e-17 4.70574e-17 4.07831e-16
4 -4 -4 -4 -4.70574e-17 1.72544e-16 6.27432e-17
4.1 -4.1 -4.1 -4.1 2.9803e-16 6.27432e-17 -6.27432e-17
4.2 -4.2 -4.2 -4.2 -3.76459e-16 3.45088e-16 0
4.3 -4.3 -4.3 -4.3 0 -1.25486e-16 5.01945e-16
4.4 -4.4 -4.4 -4.4 7.8429e-17 -3.13716e-17 6.27432e-17
4.5 -4.5 -4.5 -4.5 2.03915e-16 -4.07831e-16 2.50973e-16
4.6 -4.6 -4.6 -4.6 1.09801e-16 -1.56858e-16 0
4.7 -4.7 -4.7 -4.7 4.70574e-17 -1.09801e-16 0
4.8 -4.8 -4.8 -4.8 -4.70574e-17 1.56858e-16 -1.25486e-16
4.9 -4.9 -4.9 -4.9 3.76459e-16 -2.35287e-16 3.13716e-16
5 -5 -5 -5 -2.82344e-16 -1.09801e-16 3.13716e-16
5.1 -5.1 -5.1 -5.1 2.03915e-16 -2.03915e-16 1.25486e-16
5.2 -5.2 -5.2 -5.2 -1.72544e-16 0 6.27432e-17
5.3 -5.3 -5.3 -5.3 -1.72544e-16 -6.27432e-17 -5.01945e-16
5.4 -5.4 -5.4 -5.4 -7.8429e-17 -2.66659e-16 -6.27432e-17
5.5 -5.5 -5.5 -5.5 -6.27432e-17 -8.78405e-16 3.13716e-16
5.6 -5.6 -5.6 -5.6 -1.41172e-16 -3.29402e-16 5.64689e-16
5.7 -5.7 -5.7 -5.7 -2.50973e-16 3.45088e-16 -6.27432e-17
5.8 -5.8 -5.8 -5.8 -1.25486e-16 -9.41148e-17 6.27432e-17
5.9 -5.9 -5.9 -5.9 7.8429e-17 -1.56858e-16 -6.27432e-17
6 -6 -6 -6 -3.13716e-17 -3.76459e-16 2.50973e-16
6.1 -6.1 -6.1 -6.1 -4.8626e-16 3.13716e-16 6.27432e-17
6.2 -6.2 -6.2 -6.2 3.13716e-17 4.70574e-17 6.27432e-17
6.3 -6.3 -6.3 -6.3 9.41148e-17 4.8626e-16 1.25486e-16
6.4 -6.4 -6.4 -6.4 9.41148e-17 5.01945e-16 1.8823e-16
6.5 -6.5 -6.5 -6.5 2.03915e-16 9.56834e-16 -6.27432e-16
6.6 -6.6 -6.6 -6.6 -3.76459e-16 9.25462e-16 -1.25486e-16
6.7 -6.7 -6.7 -6.7 4.39202e-16 0 -1.25486e-16
6.8 -6.8 -6.8 -6.8 3.13716e-17 3.13716e-16 0
6.9 -6.9 -6.9 -6.9 -1.56858e-16 2.9803e-16 -5.64689e-16
7 -7 -7 -7 -3.60773e-16 4.70574e-16 -2.50973e-16
7.1 -7.1 -7.1 -7.1 2.66659e-16 -3.13716e-17 1.8823e-16
7.2 -7.2 -7.2 -7.2 3.13716e-17 2.50973e-16 0
7.3 -7.3 -7.3 -7.3 -2.19601e-16 8.31347e-16 -1.25486e-15
7.4 -7.4 -7.4 -7.4 1.56858e-17 3.76459e-16 0
7.5 -7.5 -7.5 -7.5 5.33317e-16 1.56858e-17 -1.8823e-16
7.6 -7.6 -7.6 -7.6 -1.09801e-16 2.66659e-16 2.50973e-16
7.7 -7.7 -7.7 -7.7 -1.56858e-16 -3.45088e-16 1.8823e-16
7.8 -7.8 -7.8 -7.8 -5.01945e-16 6.27432e-17 2.50973e-16
7.9 -7.9 -7.9 -7.9 -6.27432e-17 5.9606e-16 -5.64689e-16
8 -8 -8 -8 -1.25486e-16 6.27432e-16 -6.27432e-17
8.1 -8.1 -8.1 -8.1 1.25486e-16 3.13716e-17 0
8.2 -8.2 -8.2 -8.2 -1.8823e-16 5.01945e-16 1.25486e-16
8.3 -8.3 -8.3 -8.3 1.25486e-16 6.27432e-17 -2.50973e-16
8.4 -8.4 -8.4 -8.4 -7.52918e-16 7.52918e-16 -5.01945e-16
8.5 -8.5 -8.5 -8.5 3.76459e-16 -1.8823e-16 -3.76459e-16
8.6 -8.6 -8.6 -8.6 -6.27432e-17 -4.70574e-16 2.50973e-16
8.7 -8.7 -8.7 -8.7 -1.56858e-16 1.25486e-16 -5.01945e-16
8.8 -8.8 -8.8 -8.8 -2.50973e-16 5.64689e-16 1.25486e-16
8.9 -8.9 -8.9 -8.9 -1.25486e-16 5.01945e-16 2.50973e-16
9 -9 -9 -9 4.70574e-16 -1.56858e-16 -3.76459e-16
9.1 -9.1 -9.1 -9.1 1.56858e-16 -4.07831e-16 -6.27432e-16
9.2 -9.2 -9.2 -9.2 -1.06663e-15 8.78405e-16 -3.76459e-16
9.3 -9.3 -9.3 -9.3 -9.41148e-17 6.27432e-17 -7.52918e-16
9.4 -9.4 -9.4 -9.4 -1.25486e-16 3.13716e-17 1.25486e-15
9.5 -9.5 -9.5 -9.5 -6.58803e-16 -2.82344e-16 2.50973e-16
9.6 -9.6 -9.6 -9.6 -9.41148e-16 1.53721e-15 -1.25486e-16
9.7 -9.7 -9.7 -9.7 6.27432e-17 -5.01945e-16 0
9.8 -9.8 -9.8 -9.8 -1.09801e-15 1.06663e-15 1.25486e-16
9.9 -9.9 -9.9 -9.9 7.21547e-16 -6.58803e-16 -7.52918e-16
10 -10 -10 -10 -1.8823e-16 8.15661e-16 -8.78405e-16
10.1 -10 -10 -10.0444 -6.27432e-17 -1.44309e-15 3.76459e-16
10.2 -10 -10 -10.0889 -5.9606e-16 2.82344e-16 0
10.3 -10 -10 -10.1333 -2.82344e-16 -8.47033e-16 3.76459e-16
10.4 -10 -10 -10.1778 0 -2.82344e-16 2.50973e-16
10.5 -10 -10 -10.2222 9.41148e-17 -8.47033e-16 7.52918e-16
10.6 -10 -10 -10.2667 -3.45088e-16 -9.41148e-17 2.50973e-16
10.7 -10 -10 -10.3111 -5.64689e-16 -2.82344e-16 0
10.8 -10 -10 -10.3556 -4.70574e-16 -2.19601e-16 3.76459e-16
10.9 -10 -10 -10.4 -7.52918e-16 5.33317e-16 -5.01945e-16
11 -10 -10 -10.4444 -8.78405e-16 8.15661e-16 -2.50973e-16
11.1 -10 -10 -10.4889 -5.9606e-16 6.27432e-16 7.52918e-16
11.2 -10 -10 -10.5333 -2.82344e-16 -7.8429e-16 1.25486e-15
11.3 -10 -10 -10.5778 -6.58803e-16 6.58803e-16 -5.01945e-16
11.4 -10 -10 -10.6222 -1.8823e-16 0 2.50973e-16
11.5 -10 -10 -10.6667 -1.03526e-15 1.8823e-16 8.78405e-16
11.6 -10 -10 -10.7111 -3.13716e-17 -1.8823e-16 -1.25486e-16
11.7 -10 -10 -10.7556 -5.01945e-16 7.8429e-16 0
11.8 -10 -10 -10.8 0 3.13716e-17 -1.25486e-16
11.9 -10 -10 -10.8444 -6.27432e-16 -7.52918e-16 6.27432e-16
12 -10 -10 -10.8889 -1.03526e-15 4.39202e-16 5.01945e-16
12.1 -10 -10 -10.9333 1.8823e-16 -3.76459e-16 -3.76459e-16
12.2 -10 -10 -10.9778 -5.64689e-16 3.76459e-16 0
12.3 -10 -10 -11.0222 -5.01945e-16 0 7.52918e-16
12.4 -10 -10 -11.0667 -1.25486e-16 -1.8823e-16 -2.50973e-16
12.5 -10 -10 -11.1111 -2.50973e-16 -3.76459e-16 -2.50973e-16
12.6 -10 -10 -11.1556 -1.09801e-15 1.8823e-16 0
12.7 -10 -10 -11.2 -5.9606e-16 4.70574e-16 -1.25486e-16
12.8 -10 -10 -11.2444 -5.01945e-16 1.8823e-16 -1.50584e-15
12.9 -10 -10 -11.2889 -9.41148e-16 -2.19601e-16 8.78405e-16
13 -10 -10 -11.3333 -3.76459e-16 3.13716e-17 8.78405e-16
13.1 -10 -10 -11.3778 -1.56858e-16 -1.56858e-16 -5.01945e-16
13.2 -10 -10 -11.4222 -1.19212e-15 9.72519e-16 -1.38035e-15
13.3 -10 -10 -11.4667 -1.8823e-16 -3.13716e-16 -5.01945e-16
13.4 -10 -10 -11.5111 -1.16075e-15 7.21547e-16 0
13.5 -10 -10 -11.5556 2.82344e-16 -9.41148e-17 -1.25486e-16
13.6 -10 -10 -11.6 -5.64689e-16 6.27432e-16 3.76459e-16
13.7 -10 -10 -11.6444 -3.13716e-16 2.50973e-16 0
13.8 -10 -10 -11.6889 -8.47033e-16 -6.27432e-16 1.38035e-15
13.9 -10 -10 -11.7333 -1.12938e-15 1.06663e-15 1.25486e-16
14 -10 -10 -11.7778 -1.25486e-15 1.50584e-15 7.52918e-16
14.1 -10 -10 -11.8222 -1.47446e-15 1.31761e-15 3.76459e-16
14.2 -10 -10 -11.8667 -5.01945e-16 2.50973e-16 3.76459e-16
14.3 -10 -10 -11.9111 -1.12938e-15 1.94504e-15 2.50973e-16
14.4 -10 -10 -11.9556 -8.47033e-16 1.44309e-15 0
14.5 -10 -10 -12 -5.9606e-16 5.01945e-16 5.01945e-16
14.6 -10 -10 -12.0444 -1.56858e-16 1.12938e-15 -5.01945e-16
14.7 -10 -10 -12.0889 -7.05861e-16 1.12938e-15 1.50584e-15
14.8 -10 -10 -12.1333 -2.19601e-16 1.31761e-15 -1.50584e-15
14.9 -10 -10 -12.1778 -4.23517e-16 1.12938e-15 -5.01945e-16
15 -10 -10 -12.2222 -5.49003e-16 6.90175e-16 5.01945e-16
15.1 -10 -10 -12.2667 5.33317e-16 5.01945e-16 -1.00389e-15
15.2 -10 -10 -12.3111 -7.99976e-16 1.38035e-15 -2.50973e-16
15.3 -10 -10 -12.3556 -7.21547e-16 8.78405e-16 -2.50973e-16
15.4 -10 -10 -12.4 -3.13716e-17 8.15661e-16 0
15.5 -10 -10 -12.4444 -1.05095e-15 1.50584e-15 7.52918e-16
15.6 -10 -10 -12.4889 -3.29402e-16 -6.27432e-17 1.25486e-15
15.7 -10 -10 -12.5333 -9.25462e-16 1.31761e-15 1.00389e-15
15.8 -10 -10 -12.5778 -7.52918e-16 1.38035e-15 2.50973e-16
15.9 -10 -10 -12.6222 -2.82344e-16 -4.39202e-16 2.00778e-15
16 -10 -10 -12.6667 -1.11369e-15 9.41148e-16 2.50973e-16
16.1 -10 -10 -12.7111 3.13716e-17 5.01945e-16 -5.01945e-16
16.2 -10 -10 -12.7556 4.39202e-16 -1.25486e-15 7.52918e-16
16.3 -10 -10 -12.8 -6.27432e-17 6.27432e-16 -7.52918e-16
16.4 -10 -10 -12.8444 -5.64689e-16 5.64689e-16 0
16.5 -10 -10 -12.8889 -3.45088e-16 -1.25486e-16 5.01945e-16
16.6 -10 -10 -12.9333 -7.52918e-16 9.41148e-16 -2.50973e-16
16.7 -10 -10 -12.9778 -1.8823e-16 1.12938e-15 -1.25486e-15
16.8 -10 -10 -13.0222 -3.13716e-16 1.25486e-15 -2.50973e-16
16.9 -10 -10 -13.0667 -7.37232e-16 1.19212e-15 0
17 -10 -10 -13.1111 -6.27432e-17 1.19212e-15 -5.01945e-16
17.1 -10 -10 -13.1556 -9.25462e-16 1.81955e-15 -7.52918e-16
17.2 -10 -10 -13.2 3.13716e-17 3.76459e-16 5.01945e-16
17.3 -10 -10 -13.2444 -2.35287e-16 -3.13716e-16 7.52918e-16
17.4 -10 -10 -13.2889 -4.39202e-16 -7.52918e-16 1.50584e-15
17.5 -10 -10 -13.3333 -1.12938e-15 2.00778e-15 5.01945e-16
17.6 -10 -10 -13.3778 -9.09776e-16 7.52918e-16 5.01945e-16
17.7 -10 -10 -13.4222 -1.09801e-15 8.78405e-16 -2.50973e-16
17.8 -10 -10 -13.4667 -1.05095e-15 1.25486e-15 0
17.9 -10 -10 -13.5111 -8.15661e-16 6.27432e-16 2.50973e-16
18 -10 -10 -13.5556 -1.05095e-15 6.27432e-16 1.00389e-15
18.1 -10 -10 -13.6 -1.03526e-15 6.90175e-16 1.25486e-15
18.2 -10 -10 -13.6444 -1.25486e-15 1.63132e-15 5.01945e-16
18.3 -10 -10 -13.6889 -9.56834e-16 1.00389e-15 -7.52918e-16
18.4 -10 -10 -13.7333 -9.25462e-16 1.8823e-16 0
18.5 -10 -10 -13.7778 -1.08232e-15 1.75681e-15 -2.50973e-16
18.6 -10 -10 -13.8222 -7.52918e-16 1.8823e-16 1.25486e-15
18.7 -10 -10 -13.8667 -5.80374e-16 1.25486e-16 2.50973e-16
18.8 -10 -10 -13.9111 -8.78405e-16 8.15661e-16 -2.50973e-16
18.9 -10 -10 -13.9556 -1.33329e-15 1.63132e-15 0
19 -10 -10 -14 -3.13716e-16 8.15661e-16 0
19.1 -10 -10 -14.0444 -1.9921e-15 2.44698e-15 -2.50973e-16
19.2 -10 -10 -14.0889 -5.17631e-16 2.07053e-15 -1.00389e-15
19.3 -10 -10 -14.1333 -3.76459e-16 8.15661e-16 -1.00389e-15
19.4 -10 -10 -14.1778 -9.56834e-16 1.31761e-15 0
19.5 -10 -10 -14.2222 -4.70574e-17 5.64689e-16 0
19.6 -10 -10 -14.2667 -3.29402e-16 8.78405e-16 0
19.7 -10 -10 -14.3111 -9.25462e-16 1.63132e-15 -1.25486e-15
19.8 -10 -10 -14.3556 -5.80374e-16 8.15661e-16 -2.50973e-16
19.9 -10 -10 -14.4 -6.43118e-16 6.90175e-16 -1.25486e-15
20 -10 -10 -14.4444 -8.31347e-16 1.50584e-15 2.50973e-16
20.1 -10 -10 -14.4889 -5.64689e-16 6.90175e-16 5.01945e-16
20.2 -10 -10 -14.5333 -1.17643e-15 4.39202e-16 7.52918e-16
20.3 -10 -10 -14.5778 -6.43118e-16 -3.13716e-16 1.75681e-15
20.4 -10 -10 -14.6222 -1.30192e-15 9.41148e-16 5.01945e-16
20.5 -10 -10 -14.6667 -5.33317e-16 7.52918e-16 5.01945e-16
20.6 -10 -10 -14.7111 -1.55289e-15 2.13327e-15 2.50973e-16
20.7 -10 -10 -14.7556 -4.54888e-16 3.13716e-16 -5.01945e-16
20.8 -10 -10 -14.8 -4.07831e-16 -1.25486e-16 0
20.9 -10 -10 -14.8444 -4.8626e-16 -4.39202e-16 1.75681e-15
21 -10 -10 -14.8889 -1.58427e-15 1.44309e-15 2.50973e-16
21.1 -10 -10 -14.9333 -1.01958e-15 0 -2.50973e-16
21.2 -10 -10 -14.9778 -9.41148e-16 1.12938e-15 -2.50973e-16
21.3 -10 -10 -15.0222 -7.05861e-16 9.41148e-16 0
21.4 -10 -10 -15.0667 -6.90175e-16 2.50973e-16 0
21.5 -10 -10 -15.1111 -1.01958e-15 1.38035e-15 -7.52918e-16
21.6 -10 -10 -15.1556 4.54888e-16 -1.63132e-15 -7.52918e-16
21.7 -10 -10 -15.2 4.70574e-16 -7.52918e-16 0
21.8 -10 -10 -15.2444 3.29402e-16 -3.13716e-16 -1.00389e-15
21.9 -10 -10 -15.2889 -7.8429e-16 6.27432e-17 1.00389e-15
22 -10 -10 -15.3333 -7.37232e-16 -6.27432e-16 1.00389e-15
22.1 -10 -10 -15.3778 -5.17631e-16 3.13716e-16 1.00389e-15
22.2 -10 -10 -15.4222 2.4313e-16 -3.13716e-16 -7.52918e-16
22.3 -10 -10 -15.4667 -1.01958e-16 -1.25486e-16 2.50973e-16
22.4 -10 -10 -15.5111 -7.8429e-17 -5.01945e-16 2.00778e-15
22.5 -10 -10 -15.5556 -6.66646e-16 -1.25486e-16 0
22.6 -10 -10 -15.6 -9.56834e-16 1.8823e-16 -1.50584e-15
22.7 -10 -10 -15.6444 -7.52918e-16 1.25486e-16 0
22.8 -10 -10 -15.6889 -2.35287e-16 -6.27432e-17 0
22.9 -10 -10 -15.7333 -7.37232e-16 5.64689e-16 1.00389e-15
23 -10 -10 -15.7778 -7.05861e-16 5.01945e-16 2.50973e-16
23.1 -10 -10 -15.8222 -1.09801e-15 1.06663e-15 0
23.2 -10 -10 -15.8667 -6.58803e-16 2.50973e-16 -2.50973e-16
23.3 -10 -10 -15.9111 -7.37232e-16 3.13716e-16 -2.50973e-16
23.4 -10 -10 -15.9556 -1.14506e-15 6.90175e-16 -7.52918e-16
23.5 -10 -10 -16 -9.09776e-16 4.39202e-16 2.50973e-16
23.6 -10 -10 -16.0444 -1.03526e-15 3.13716e-16 0
23.7 -10 -10 -16.0889 -1.03526e-15 6.27432e-16 2.50973e-16
23.8 -10 -10 -16.1333 -6.66646e-16 -3.13716e-16 5.01945e-16
23.9 -10 -10 -16.1778 3.13716e-17 -5.01945e-16 -2.50973e-16
24 -10 -10 -16.2222 -1.03526e-15 7.52918e-16 -2.00778e-15
24.1 -10 -10 -16.2667 -1.25486e-16 -5.01945e-16 7.52918e-16
24.2 -10 -10 -16.3111 -7.8429e-16 8.78405e-16 -1.00389e-15
24.3 -10 -10 -16.3556 -5.56846e-16 -3.76459e-16 -7.52918e-16
24.4 -10 -10 -16.4 -6.27432e-16 -2.50973e-16 -1.50584e-15
24.5 -10 -10 -16.4444 -1.13722e-15 -2.50973e-16 2.50973e-16
24.6 -10 -10 -16.4889 -1.52937e-15 1.00389e-15 -1.25486e-15
24.7 -10 -10 -16.5333 -3.84302e-16 1.12938e-15 -1.25486e-15
24.8 -10 -10 -16.5778 -1.01173e-15 7.52918e-16 -2.50973e-16
24.9 -10 -10 -16.6222 -1.02742e-15 1.00389e-15 -1.25486e-15
25 -10 -10 -16.6667 -8.07819e-16 1.63132e-15 -1.50584e-15
25.1 -10 -10 -16.7111 6.58803e-16 1.12938e-15 -2.25875e-15
25.2 -10 -10 -16.7556 -6.58803e-16 1.8823e-15 -1.00389e-15
25.3 -10 -10 -16.8 -1.00389e-15 1.50584e-15 -2.00778e-15
25.4 -10 -10 -16.8444 -1.41956e-15 2.25875e-15 -1.50584e-15
25.5 -10 -10 -16.8889 -3.45088e-16 5.01945e-16 0
25.6 -10 -10 -16.9333 -8.3919e-16 3.76459e-16 -1.00389e-15
25.7 -10 -10 -16.9778 -2.11758e-16 7.52918e-16 -5.01945e-16
25.8 -10 -10 -17.0222 -9.9997e-16 1.25486e-15 -1.50584e-15
25.9 -10 -10 -17.0667 -9.37226e-16 1.12938e-15 -1.00389e-15
26 -10 -10 -17.1111 -3.29402e-16 1.38035e-15 -1.50584e-15
26.1 -10 -10 -17.1556 -9.41148e-16 1.63132e-15 0
26.2 -10 -10 -17.2 5.01945e-16 3.76459e-16 -1.00389e-15
26.3 -10 -10 -17.2444 -1.37251e-16 2.63521e-15 -2.00778e-15
26.4 -10 -10 -17.2889 -4.70574e-16 -2.50973e-16 0
26.5 -10 -10 -17.3333 -1.02742e-15 1.63132e-15 -1.00389e-15
26.6 -10 -10 -17.3778 -3.45088e-16 1.25486e-15 -5.01945e-16
26.7 -10 -10 -17.4222 -1.298e-15 3.76459e-16 1.00389e-15
26.8 -10 -10 -17.4667 -5.76453e-16 8.78405e-16 -1.00389e-15
26.9 -10 -10 -17.5111 -7.45075e-16 5.01945e-16 -3.01167e-15
27 -10 -10 -17.5556 -2.90187e-16 1.00389e-15 -2.00778e-15
27.1 -10 -10 -17.6 -7.09782e-16 2.7607e-15 -2.00778e-15
27.2 -10 -10 -17.6444 -3.96066e-16 1.8823e-15 -2.00778e-15
27.3 -10 -10 -17.6889 5.4116e-16 0 -1.50584e-15
27.4 -10 -10 -17.7333 1.72544e-16 6.27432e-16 -1.50584e-15
27.5 -10 -10 -17.7778 -8.09779e-16 2.50973e-16 -5.01945e-16
27.6 -10 -10 -17.8222 -4.68613e-16 2.50973e-16 -5.01945e-16
27.7 -10 -10 -17.8667 -1.60779e-15 1.50584e-15 -5.01945e-16
27.8 -10 -10 -17.9111 -6.25471e-16 2.00778e-15 -1.00389e-15
27.9 -10 -10 -17.9556 -1.37251e-16 2.00778e-15 -1.00389e-15
28 -10 -10 -18 1.64701e-16 7.52918e-16 -1.00389e-15
28.1 -10 -10 -18.0444 -1.40192e-15 2.13327e-15 -1.00389e-15
28.2 -10 -10 -18.0889 -1.04899e-15 3.89008e-15 -3.01167e-15
28.3 -10 -10 -18.1333 -7.68604e-16 1.25486e-15 -2.00778e-15
28.4 -10 -10 -18.1778 -2.61757e-16 1.00389e-15 -1.50584e-15
28.5 -10 -10 -18.2222 -3.48029e-16 2.50973e-16 -1.50584e-15
28.6 -10 -10 -18.2667 -6.66646e-16 1.8823e-15 -5.01945e-16
28.7 -10 -10 -18.3111 -1.55387e-15 1.12938e-15 5.01945e-16
28.8 -10 -10 -18.3556 -1.26957e-15 2.00778e-15 -5.01945e-16
28.9 -10 -10 -18.4 -2.95089e-16 1.12938e-15 -1.50584e-15
29 -10 -10 -18.4444 -9.22031e-16 1.25486e-15 -5.01945e-16
29.1 -10 -10 -18.4889 -8.9311e-16 1.63132e-15 -2.00778e-15
29.2 -10 -10 -18.5333 -9.92984e-16 1.8823e-15 -5.01945e-16
29.3 -10 -10 -18.5778 -4.93505e-16 3.76459e-16 0
29.4 -10 -10 -18.6222 -9.70436e-16 1.00389e-15 -2.50973e-15
29.5 -10 -10 -18.6667 -7.05126e-16 2.00778e-15 -1.00389e-15
29.6 -10 -10 -18.7111 -7.10763e-17 2.63521e-15 -5.01945e-16
29.7 -10 -10 -18.7556 -1.65681e-16 1.50584e-15 -2.50973e-15
29.8 -10 -10 -18.8 -6.11746e-16 1.25486e-16 1.00389e-15
29.9 -10 -10 -18.8444 -1.6274e-15 1.25486e-15 -5.01945e-16
30 -10 -10 -18.8889 -1.92151e-16 6.27432e-16 -1.00389e-15
30.1 -10 -10 -18.9333 -7.64683e-16 2.7607e-15 -3.01167e-15
30.2 -10 -10 -18.9778 5.53905e-16 -1.38035e-15 -5.01945e-16
30.3 -10 -10 -19.0222 -1.04311e-15 1.8823e-15 -5.01945e-16
30.4 -10 -10 -19.0667 -2.92148e-16 1.38035e-15 -5.01945e-16
30.5 -10 -10 -19.1111 -6.37235e-16 6.27432e-16 -1.50584e-15
30.6 -10 -10 -19.1556 -7.74486e-16 7.52918e-16 -1.50584e-15
30.7 -10 -10 -19.2 -1.27447e-15 2.50973e-15 -1.50584e-15
30.8 -10 -10 -19.2444 -7.94093e-16 1.00389e-15 -5.01945e-16
30.9 -10 -10 -19.2889 -9.01933e-16 1.25486e-15 -5.01945e-16
31 -10 -10 -19.3333 -7.80368e-16 1.38035e-15 -1.50584e-15
31.1 -10 -10 -19.3778 3.03912e-16 8.78405e-16 -5.01945e-16
31.2 -10 -10 -19.4222 -1.89406e-15 3.38813e-15 -2.50973e-15
31.3 -10 -10 -19.4667 -6.27432e-17 -5.01945e-16 -1.00389e-15
31.4 -10 -10 -19.5111 -9.29383e-16 1.8823e-15 5.01945e-16
31.5 -10 -10 -19.5556 -1.12153e-15 8.78405e-16 -1.00389e-15
31.6 -10 -10 -19.6 -1.4627e-15 2.50973e-15 5.01945e-16
31.7 -10 -10 -19.6444 -4.03909e-16 1.12938e-15 -5.01945e-16
31.8 -10 -10 -19.6889 -3.88223e-16 2.13327e-15 -2.00778e-15
31.9 -10 -10 -19.7333 6.27432e-16 1.12938e-15 0
32 -10 -10 -19.7778 -1.89406e-15 1.63132e-15 -1.00389e-15
32.1 -10 -10 -19.8222 -4.8626e-16 1.63132e-15 0
32.2 -10 -10 -19.8667 2.74501e-17 -1.38035e-15 1.50584e-15
32.3 -10 -10 -19.9111 -5.09788e-16 1.75681e-15 5.01945e-16
32.4 -10 -10 -19.9556 -2.7058e-16 -5.01945e-16 1.00389e-15
32.5 -10 -10 -20 -6.58803e-16 2.13327e-15 1.50584e-15
32.6 -10 -10 -20.0444 -8.6664e-16 5.01945e-16 5.01945e-16
32.7 -10 -10 -20.0889 -9.37226e-16 2.25875e-15 -5.01945e-16
32.8 -10 -10 -20.1333 4.90181e-16 -1.25486e-16 0
32.9 -10 -10 -20.1778 -6.82332e-16 1.75681e-15 -1.50584e-15
33 -10 -10 -20.2222 -5.9606e-16 1.50584e-15 -5.01945e-16
33.1 -10 -10 -20.2667 -8.78405e-16 3.76459e-16 -5.01945e-16
33.2 -10 -10 -20.3111 -1.47446e-15 2.25875e-15 -5.01945e-16
33.3 -10 -10 -20.3556 -1.04311e-15 1.38035e-15 2.00778e-15
33.4 -10 -10 -20.4 -6.11746e-16 1.00389e-15 5.01945e-16
33.5 -10 -10 -20.4444 -5.01945e-16 1.25486e-15 -5.01945e-16
33.6 -10 -10 -20.4889 -1.02742e-15 1.75681e-15 -5.01945e-16
33.7 -10 -10 -20.5333 -5.72532e-16 1.50584e-15 0
33.8 -10 -10 -20.5778 -1.64701e-16 -2.50973e-16 1.50584e-15
33.9 -10 -10 -20.6222 -9.64676e-16 2.63521e-15 0
34 -10 -10 -20.6667 7.05861e-16 7.52918e-16 -5.01945e-16
34.1 -10 -10 -20.7111 -7.13704e-16 -1.25486e-16 1.50584e-15
34.2 -10 -10 -20.7556 -5.4116e-16 1.12938e-15 0
34.3 -10 -10 -20.8 -4.07831e-16 1.50584e-15 0
34.4 -10 -10 -20.8444 -1.53721e-15 2.63521e-15 5.01945e-16
34.5 -10 -10 -20.8889 -6.90175e-16 2.63521e-15 -5.01945e-16
34.6 -10 -10 -20.9333 -1.49015e-16 3.76459e-16 -1.00389e-15
34.7 -10 -10 -20.9778 -7.60761e-16 1.00389e-15 0
34.8 -10 -10 -21.0222 -6.90175e-16 1.12938e-15 0
34.9 -10 -10 -21.0667 -8.54876e-16 3.76459e-16 0
35 -10 -10 -21.1111 -8.31347e-16 1.25486e-15 0
35.1 -10 -10 -21.1556 -3.29402e-16 1.00389e-15 5.01945e-16
35.2 -10 -10 -21.2 -1.13722e-15 1.8823e-15 1.00389e-15
35.3 -10 -10 -21.2444 5.80374e-16 6.27432e-16 -1.50584e-15
35.4 -10 -10 -21.2889 -1.56858e-16 3.76459e-16 0
35.5 -10 -10 -21.3333 -3.92145e-17 7.52918e-16 -1.00389e-15
35.6 -10 -10 -21.3778 -1.67838e-15 2.88619e-15 -1.00389e-15
35.7 -10 -10 -21.4222 -9.72519e-16 -6.27432e-16 1.00389e-15
35.8 -10 -10 -21.4667 -8.23504e-16 8.78405e-16 5.01945e-16
35.9 -10 -10 -21.5111 -4.70574e-16 1.8823e-15 0
36 -10 -10 -21.5556 -9.09776e-16 4.01556e-15 -1.50584e-15
36.1 -10 -10 -21.6 -7.99976e-16 2.63521e-15 -1.50584e-15
36.2 -10 -10 -21.6444 -1.20781e-15 1.8823e-15 -1.00389e-15
36.3 -10 -10 -21.6889 -9.64676e-16 -3.76459e-16 3.01167e-15
36.4 -10 -10 -21.7333 -1.07448e-15 1.00389e-15 5.01945e-16
36.5 -10 -10 -21.7778 2.03915e-16 3.76459e-16 5.01945e-16
36.6 -10 -10 -21.8222 -1.29408e-15 2.50973e-15 1.50584e-15
36.7 -10 -10 -21.8667 -1.56858e-16 8.78405e-16 2.00778e-15
36.8 -10 -10 -21.9111 4.07831e-16 -1.00389e-15 5.01945e-16
36.9 -10 -10 -21.9556 -3.45088e-16 1.00389e-15 -5.01945e-16
37 -10 -10 -22 -1.34898e-15 2.00778e-15 0
37.1 -10 -10 -22.0444 -9.72519e-16 1.25486e-15 -1.00389e-15
37.2 -10 -10 -22.0889 -3.76459e-16 1.38035e-15 -1.00389e-15
37.3 -10 -10 -22.1333 -2.00778e-15 2.25875e-15 -1.00389e-15
37.4 -10 -10 -22.1778 -4.23517e-16 6.27432e-16 -1.00389e-15
37.5 -10 -10 -22.2222 -9.72519e-16 2.00778e-15 -1.50584e-15
37.6 -10 -10 -22.2667 -1.34898e-15 2.7607e-15 -3.01167e-15
37.7 -10 -10 -22.3111 1.56858e-17 6.27432e-16 1.00389e-15
37.8 -10 -10 -22.3556 -7.8429e-17 1.25486e-16 -1.00389e-15
37.9 -10 -10 -22.4 -5.9606e-16 1.8823e-15 0
38 -10 -10 -22.4444 4.54888e-16 -2.63521e-15 5.01945e-16
38.1 -10 -10 -22.4889 -4.54888e-16 2.00778e-15 -5.01945e-16
38.2 -10 -10 -22.5333 -4.07831e-16 2.13327e-15 -1.50584e-15
38.3 -10 -10 -22.5778 -9.41148e-16 2.50973e-15 -5.01945e-16
38.4 -10 -10 -22.6222 1.41172e-16 8.78405e-16 0
38.5 -10 -10 -22.6667 -8.62719e-16 1.25486e-16 -5.01945e-16
38.6 -10 -10 -22.7111 -7.8429e-16 8.78405e-16 -1.00389e-15
38.7 -10 -10 -22.7556 -6.74489e-16 1.00389e-15 -1.00389e-15
38.8 -10 -10 -22.8 1.09801e-16 -1.50584e-15 5.01945e-16
38.9 -10 -10 -22.8444 -4.54888e-16 -2.50973e-16 0
39 -10 -10 -22.8889 5.17631e-16 -3.13716e-15 2.50973e-15
39.1 -10 -10 -22.9333 -1.00389e-15 1.50584e-15 5.01945e-16
39.2 -10 -10 -22.9778 1.8823e-16 -1.00389e-15 0
39.3 -10 -10 -23.0222 -1.08232e-15 -1.25486e-16 0
39.4 -10 -10 -23.0667 -1.74112e-15 1.63132e-15 5.01945e-16
39.5 -10 -10 -23.1111 -2.66659e-16 -5.01945e-16 -1.50584e-15
39.6 -10 -10 -23.1556 -1.01958e-15 1.38035e-15 1.00389e-15
39.7 -10 -10 -23.2 7.68604e-16 -2.38424e-15 0
39.8 -10 -10 -23.2444 2.03915e-16 -1.75681e-15 2.50973e-15
39.9 -10 -10 -23.2889 -4.23517e-16 -3.76459e-16 0
40 -10 -10 -23.3333 -5.01945e-16 -5.01945e-16 -5.01945e-16
40.1 -10 -10 -23.3778 -6.43118e-16 2.50973e-16 0
40.2 -10 -10 -23.4222 -4.39202e-16 -1.12938e-15 -5.01945e-16
40.3 -10 -10 -23.4667 -1.41172e-16 -3.76459e-16 1.50584e-15
40.4 -10 -10 -23.5111 -2.66659e-16 1.00389e-15 1.00389e-15
40.5 -10 -10 -23.5556 2.50973e-16 -2.50973e-16 1.00389e-15
40.6 -10 -10 -23.6 -5.01945e-16 1.25486e-15 -5.01945e-16
40.7 -10 -10 -23.6444 5.33317e-16 2.50973e-16 -5.01945e-16
40.8 -10 -10 -23.6889 4.8626e-16 -6.27432e-16 -5.01945e-16
40.9 -10 -10 -23.7333 -1.06663e-15 2.38424e-15 -5.01945e-16
41 -10 -10 -23.7778 4.70574e-17 1.12938e-15 -1.50584e-15
41.1 -10 -10 -23.8222 -4.54888e-16 -7.52918e-16 -5.01945e-16
41.2 -10 -10 -23.8667 -3.92145e-16 -1.12938e-15 5.01945e-16
41.3 -10 -10 -23.9111 -1.56858e-17 -1.25486e-16 -5.01945e-16
41.4 -10 -10 -23.9556 8.62719e-16 -2.13327e-15 0
41.5 -10 -10 -24 -5.33317e-16 8.78405e-16 -1.50584e-15
41.6 -10 -10 -24.0444 -6.27432e-16 1.00389e-15 -1.50584e-15
41.7 -10 -10 -24.0889 -1.8823e-16 -8.78405e-16 0
41.8 -10 -10 -24.1333 -4.70574e-16 1.75681e-15 0
41.9 -10 -10 -24.1778 -6.58803e-16 6.27432e-16 5.01945e-16
42 -10 -10 -24.2222 1.72544e-16 -5.01945e-16 1.00389e-15
42.1 -10 -10 -24.2667 -4.07831e-16 -1.25486e-16 -5.01945e-16
42.2 -10 -10 -24.3111 -9.41148e-16 1.12938e-15 -2.00778e-15
42.3 -10 -10 -24.3556 1.25486e-16 -1.00389e-15 5.01945e-16
42.4 -10 -10 -24.4 -6.27432e-17 1.38035e-15 -1.00389e-15
42.5 -10 -10 -24.4444 -8.47033e-16 1.25486e-16 0
42.6 -10 -10 -24.4889 -1.12938e-15 1.25486e-16 -1.00389e-15
42.7 -10 -10 -24.5333 -5.80374e-16 2.13327e-15 1.50584e-15
42.8 -10 -10 -24.5778 -4.70574e-16 6.27432e-16 -1.50584e-15
42.9 -10 -10 -24.6222 -5.9606e-16 -2.50973e-16 5.01945e-16
43 -10 -10 -24.6667 -2.9803e-16 -1.00389e-15 1.00389e-15
43.1 -10 -10 -24.7111 -1.09801e-16 -2.25875e-15 1.00389e-15
43.2 -10 -10 -24.7556 -7.99976e-16 8.78405e-16 -1.50584e-15
43.3 -10 -10 -24.8 7.37232e-16 -1.38035e-15 5.01945e-16
43.4 -10 -10 -24.8444 -4.70574e-17 7.52918e-16 -5.01945e-16
43.5 -10 -10 -24.8889 -7.8429e-16 -3.76459e-16 -1.00389e-15
43.6 -10 -10 -24.9333 -8.9409e-16 -1.25486e-16 -1.50584e-15
43.7 -10 -10 -24.9778 2.66659e-16 -1.8823e-15 5.01945e-16
43.8 -10 -10 -25.0222 -2.9803e-16 -1.25486e-16 -2.00778e-15
43.9 -10 -10 -25.0667 6.43118e-16 -2.38424e-15 1.00389e-15
44 -10 -10 -25.1111 8.78405e-16 -8.78405e-16 0
44.1 -10 -10 -25.1556 -2.50973e-16 -8.78405e-16 0
44.2 -10 -10 -25.2 -4.39202e-16 5.01945e-16 1.00389e-15
44.3 -10 -10 -25.2444 -1.06663e-15 1.38035e-15 5.01945e-16
44.4 -10 -10 -25.2889 -1.56858e-15 2.25875e-15 5.01945e-16
44.5 -10 -10 -25.3333 5.64689e-16 -2.50973e-15 2.00778e-15
44.6 -10 -10 -25.3778 6.27432e-16 -5.01945e-16 0
44.7 -10 -10 -25.4222 6.27432e-17 1.50584e-15 -1.00389e-15
44.8 -10 -10 -25.4667 -1.19212e-15 1.75681e-15 -1.00389e-15
44.9 -10 -10 -25.5111 -7.21547e-16 2.00778e-15 -5.01945e-16
45 -10 -10 -25.5556 -1.25486e-16 -2.50973e-16 -1.50584e-15
45.1 -10 -10 -25.6 -1.53721e-15 5.01945e-16 1.00389e-15
45.2 -10 -10 -25.6444 3.76459e-16 -2.50973e-16 0
45.3 -10 -10 -25.6889 -6.27432e-16 0 5.01945e-16
45.4 -10 -10 -25.7333 -1.31761e-15 1.25486e-15 5.01945e-16
45.5 -10 -10 -25.7778 4.70574e-16 -5.01945e-16 -1.00389e-15
45.6 -10 -10 -25.8222 -1.8823e-16 -1.00389e-15 5.01945e-16
45.7 -10 -10 -25.8667 1.03526e-15 -2.50973e-15 0
45.8 -10 -10 -25.9111 -2.50973e-16 -1.75681e-15 5.01945e-16
45.9 -10 -10 -25.9556 -5.9606e-16 0 0
46 -10 -10 -26 -1.28624e-15 2.00778e-15 0
46.1 -10 -10 -26.0444 6.90175e-16 -1.50584e-15 -5.01945e-16
46.2 -10 -10 -26.0889 5.64689e-16 -7.52918e-16 -1.00389e-15
46.3 -10 -10 -26.1333 6.27432e-17 -1.25486e-15 0
46.4 -10 -10 -26.1778 -5.64689e-16 0 2.00778e-15
46.5 -10 -10 -26.2222 1.25486e-16 1.50584e-15 0
46.6 -10 -10 -26.2667 -3.13716e-16 1.50584e-15 -3.01167e-15
46.7 -10 -10 -26.3111 -4.70574e-16 2.00778e-15 -2.00778e-15
46.8 -10 -10 -26.3556 -9.41148e-17 1.00389e-15 0
46.9 -10 -10 -26.4 -4.70574e-16 0 -1.00389e-15
47 -10 -10 -26.4444 -5.33317e-16 1.75681e-15 0
47.1 -10 -10 -26.4889 1.25486e-16 -2.50973e-16 -1.00389e-15
47.2 -10 -10 -26.5333 9.09776e-16 -2.50973e-16 -5.01945e-16
47.3 -10 -10 -26.5778 -8.47033e-16 7.52918e-16 -1.50584e-15
47.4 -10 -10 -26.6222 -4.07831e-16 -2.50973e-16 -5.01945e-16
47.5 -10 -10 -26.6667 -4.07831e-16 5.01945e-16 0
47.6 -10 -10 -26.7111 1.8823e-16 -1.00389e-15 3.01167e-15
47.7 -10 -10 -26.7556 4.07831e-16 -4.26654e-15 1.00389e-15
47.8 -10 -10 -26.8 3.76459e-16 -3.76459e-15 1.00389e-15
47.9 -10 -10 -26.8444 1.06663e-15 -3.76459e-15 2.00778e-15
48 -10 -10 -26.8889 4.07831e-16 -1.25486e-15 0
48.1 -10 -10 -26.9333 3.13716e-17 5.01945e-16 -1.00389e-15
48.2 -10 -10 -26.9778 3.13716e-17 -2.00778e-15 4.01556e-15
48.3 -10 -10 -27.0222 4.70574e-16 -1.00389e-15 -4.01556e-15
48.4 -10 -10 -27.0667 -2.19601e-16 -5.01945e-16 1.00389e-15
48.5 -10 -10 -27.1111 -5.01945e-16 0 0
48.6 -10 -10 -27.1556 -8.15661e-16 1.00389e-15 -1.00389e-15
48.7 -10 -10 -27.2 -1.63132e-15 2.25875e-15 -3.01167e-15
48.8 -10 -10 -27.2444 -7.8429e-16 2.50973e-16 2.00778e-15
48.9 -10 -10 -27.2889 1.03526e-15 -2.25875e-15 0
49 -10 -10 -27.3333 9.09776e-16 -1.50584e-15 1.00389e-15
49.1 -10 -10 -27.3778 -2.19601e-16 7.52918e-16 0
49.2 -10 -10 -27.4222 -7.52918e-16 1.25486e-15 -2.00778e-15
49.3 -10 -10 -27.4667 -6.58803e-16 -1.00389e-15 -1.00389e-15
49.4 -10 -10 -27.5111 -5.9606e-16 -5.01945e-16 2.00778e-15
49.5 -10 -10 -27.5556 1.63132e-15 -4.51751e-15 3.01167e-15
49.6 -10 -10 -27.6 -5.9606e-16 1.00389e-15 -2.00778e-15
49.7 -10 -10 -27.6444 -3.13716e-17 5.01945e-16 0
49.8 -10 -10 -27.6889 -5.01945e-16 1.00389e-15 -1.00389e-15
49.9 -10 -10 -27.7333 -3.76459e-16 -7.52918e-16 -2.00778e-15
50 -10 -10 -27.7778 0 2.50973e-16 0
50.1 -10 -10 -27.8222 5.9606e-16 1.00389e-15 -2.00778e-15
50.2 -10 -10 -27.8667 2.82344e-16 -2.25875e-15 -1.00389e-15
50.3 -10 -10 -27.9111 -7.21547e-16 -7.52918e-16 0
50.4 -10 -10 -27.9556 -1.16075e-15 1.00389e-15 0
50.5 -10 -10 -28 -9.41148e-17 -1.50584e-15 -1.00389e-15
50.6 -10 -10 -28.0444 -2.19601e-16 -1.25486e-15 0
50.7 -10 -10 -28.0889 -2.50973e-16 -2.50973e-16 -1.00389e-15
50.8 -10 -10 -28.1333 5.9606e-16 -1.00389e-15 -1.00389e-15
50.9 -10 -10 -28.1778 9.41148e-17 -1.50584e-15 1.00389e-15
51 -10 -10 -28.2222 1.25486e-16 0 -2.00778e-15
51.1 -10 -10 -28.2667 5.33317e-16 -5.01945e-16 0
51.2 -10 -10 -28.3111 2.82344e-16 -3.26265e-15 1.00389e-15
51.3 -10 -10 -28.3556 -6.58803e-16 -2.50973e-16 0
51.4 -10 -10 -28.4 -8.78405e-16 1.75681e-15 -1.00389e-15
51.5 -10 -10 -28.4444 7.21547e-16 -2.7607e-15 3.01167e-15
51.6 -10 -10 -28.4889 -5.01945e-16 -1.25486e-15 1.00389e-15
51.7 -10 -10 -28.5333 -6.90175e-16 -1.00389e-15 0
51.8 -10 -10 -28.5778 -3.13716e-16 -7.52918e-16 0
51.9 -10 -10 -28.6222 -3.13716e-16 0 2.00778e-15
52 -10 -10 -28.6667 1.8823e-16 -1.00389e-15 1.00389e-15
52.1 -10 -10 -28.7111 5.01945e-16 -4.51751e-15 2.00778e-15
52.2 -10 -10 -28.7556 2.50973e-16 -1.00389e-15 -2.00778e-15
52.3 -10 -10 -28.8 6.27432e-17 2.50973e-16 -1.00389e-15
52.4 -10 -10 -28.8444 -3.13716e-16 2.25875e-15 -1.00389e-15
52.5 -10 -10 -28.8889 -1.00389e-15 1.00389e-15 0
52.6 -10 -10 -28.9333 -4.39202e-16 1.00389e-15 0
52.7 -10 -10 -28.9778 -2.82344e-16 -1.50584e-15 1.00389e-15
52.8 -10 -10 -29.0222 -2.50973e-16 1.00389e-15 0
52.9 -10 -10 -29.0667 6.27432e-16 1.00389e-15 0
53 -10 -10 -29.1111 -1.28624e-15 0 -2.00778e-15
53.1 -10 -10 -29.1556 -1.53721e-15 1.00389e-15 -1.00389e-15
53.2 -10 -10 -29.2 -1.16075e-15 1.25486e-15 0
53.3 -10 -10 -29.2444 6.27432e-16 -3.26265e-15 1.00389e-15
53.4 -10 -10 -29.2889 9.41148e-17 2.00778e-15 -1.00389e-15
53.5 -10 -10 -29.3333 -6.58803e-16 1.50584e-15 -1.00389e-15
53.6 -10 -10 -29.3778 -3.13716e-17 -7.52918e-16 0
53.7 -10 -10 -29.4222 -5.33317e-16 3.01167e-15 0
53.8 -10 -10 -29.4667 6.27432e-17 -1.50584e-15 -1.00389e-15
53.9 -10 -10 -29.5111 -7.52918e-16 5.01945e-16 0
54 -10 -10 -29.5556 -5.64689e-16 2.7607e-15 0
54.1 -10 -10 -29.6 -8.78405e-16 -5.01945e-16 2.00778e-15
54.2 -10 -10 -29.6444 -3.13716e-17 -5.01945e-16 -2.00778e-15
54.3 -10 -10 -29.6889 -4.39202e-16 -1.25486e-15 0
54.4 -10 -10 -29.7333 -3.76459e-16 2.50973e-16 -1.00389e-15
54.5 -10 -10 -29.7778 -1.44309e-15 1.75681e-15 -4.01556e-15
54.6 -10 -10 -29.8222 -6.27432e-17 -5.01945e-16 1.00389e-15
54.7 -10 -10 -29.8667 -4.07831e-16 1.75681e-15 0
54.8 -10 -10 -29.9111 -1.56858e-16 -2.50973e-16 0
54.9 -10 -10 -29.9556 -5.01945e-16 -2.50973e-16 1.00389e-15
55 -10 -10 -30 -8.78405e-16 -1.00389e-15 1.00389e-15
55.1 -10 -10 -30.0444 -6.27432e-17 1.00389e-15 -1.00389e-15
55.2 -10 -10 -30.0889 -3.76459e-16 0 2.00778e-15
55.3 -10 -10 -30.1333 1.8823e-16 -2.7607e-15 1.00389e-15
55.4 -10 -10 -30.1778 -5.64689e-16 2.25875e-15 -1.00389e-15
55.5 -10 -10 -30.2222 -8.15661e-16 2.00778e-15 -1.00389e-15
55.6 -10 -10 -30.2667 -7.52918e-16 1.75681e-15 -1.00389e-15
55.7 -10 -10 -30.3111 4.39202e-16 7.52918e-16 1.00389e-15
55.8 -10 -10 -30.3556 5.9606e-16 -1.75681e-15 -1.00389e-15
55.9 -10 -10 -30.4 2.50973e-16 -7.52918e-16 2.00778e-15
56 -10 -10 -30.4444 6.27432e-17 -2.50973e-16 -2.00778e-15
56.1 -10 -10 -30.4889 -3.13716e-17 1.00389e-15 0
56.2 -10 -10 -30.5333 9.72519e-16 5.01945e-16 -1.00389e-15
56.3 -10 -10 -30.5778 6.27432e-17 -1.50584e-15 2.00778e-15
56.4 -10 -10 -30.6222 1.8823e-16 -1.75681e-15 -1.00389e-15
56.5 -10 -10 -30.6667 1.8823e-16 -4.01556e-15 0
56.6 -10 -10 -30.7111 -4.70574e-16 -7.52918e-16 1.00389e-15
56.7 -10 -10 -30.7556 -9.09776e-16 1.50584e-15 -2.00778e-15
56.8 -10 -10 -30.8 -3.13716e-17 -5.01945e-16 2.00778e-15
56.9 -10 -10 -30.8444 -8.15661e-16 2.50973e-15 -2.00778e-15
57 -10 -10 -30.8889 -4.70574e-16 5.01945e-16 -2.00778e-15
57.1 -10 -10 -30.9333 -9.41148e-17 7.52918e-16 0
57.2 -10 -10 -30.9778 -3.13716e-17 1.50584e-15 -1.00389e-15
57.3 -10 -10 -31.0222 -5.64689e-16 5.01945e-16 1.00389e-15
57.4 -10 -10 -31.0667 -6.58803e-16 -1.25486e-15 0
57.5 -10 -10 -31.1111 3.13716e-16 -7.52918e-16 1.00389e-15
57.6 -10 -10 -31.1556 -7.8429e-16 -1.50584e-15 2.00778e-15
57.7 -10 -10 -31.2 6.58803e-16 -1.50584e-15 1.00389e-15
57.8 -10 -10 -31.2444 -1.19212e-15 -5.01945e-16 0
57.9 -10 -10 -31.2889 -3.13716e-17 2.50973e-16 -3.01167e-15
58 -10 -10 -31.3333 -4.39202e-16 -5.01945e-16 -1.00389e-15
58.1 -10 -10 -31.3778 -1.47446e-15 7.52918e-16 2.00778e-15
58.2 -10 -10 -31.4222 -7.8429e-16 2.50973e-15 -2.00778e-15
58.3 -10 -10 -31.4667 -2.19601e-16 -1.00389e-15 0
58.4 -10 -10 -31.5111 -5.33317e-16 3.26265e-15 0
58.5 -10 -10 -31.5556 -3.13716e-17 -1.00389e-15 -1.00389e-15
58.6 -10 -10 -31.6 -1.22349e-15 -1.00389e-15 1.00389e-15
58.7 -10 -10 -31.6444 5.64689e-16 -1.50584e-15 -1.00389e-15
58.8 -10 -10 -31.6889 0 -3.26265e-15 2.00778e-15
58.9 -10 -10 -31.7333 -1.50584e-15 1.75681e-15 0
59 -10 -10 -31.7778 6.27432e-16 3.51362e-15 -1.00389e-15
59.1 -10 -10 -31.8222 -1.19212e-15 1.25486e-15 -1.00389e-15
59.2 -10 -10 -31.8667 6.27432e-16 -1.75681e-15 2.00778e-15
59.3 -10 -10 -31.9111 -2.50973e-16 7.52918e-16 -1.00389e-15
59.4 -10 -10 -31.9556 -6.90175e-16 -2.50973e-16 0
59.5 -10 -10 -32 1.06663e-15 -1.00389e-15 1.00389e-15
59.6 -10 -10 -32.0444 -1.8823e-16 7.52918e-16 -1.00389e-15
59.7 -10 -10 -32.0889 -1.8823e-16 -2.50973e-16 0
59.8 -10 -10 -32.1333 -1.25486e-16 -7.52918e-16 1.00389e-15
59.9 -10 -10 -32.1778 -3.76459e-16 0 -2.00778e-15
60 -10 -10 -32.2222 -1.19212e-15 2.25875e-15 -3.01167e-15
60.1 -10 -10 -32.2667 -1.00389e-15 5.01945e-16 0
60.2 -10 -10 -32.3111 -6.90175e-16 7.52918e-16 1.00389e-15
60.3 -10 -10 -32.3556 -8.78405e-16 -2.50973e-16 2.00778e-15
60.4 -10 -10 -32.4 -6.27432e-17 5.01945e-16 -2.00778e-15
60.5 -10 -10 -32.4444 -8.78405e-16 -5.01945e-16 -1.00389e-15
60.6 -10 -10 -32.4889 -6.27432e-16 3.26265e-15 -4.01556e-15
60.7 -10 -10 -32.5333 -1.25486e-16 -3.51362e-15 4.01556e-15
60.8 -10 -10 -32.5778 -9.41148e-16 5.01945e-15 -5.01945e-15
60.9 -10 -10 -32.6222 9.41148e-16 -2.50973e-16 0
61 -10 -10 -32.6667 2.50973e-16 5.01945e-16 0
61.1 -10 -10 -32.7111 3.13716e-16 1.75681e-15 0
61.2 -10 -10 -32.7556 -8.78405e-16 1.25486e-15 -2.00778e-15
61.3 -10 -10 -32.8 -3.76459e-16 2.50973e-15 -3.01167e-15
61.4 -10 -10 -32.8444 -5.01945e-16 -7.52918e-16 0
61.5 -10 -10 -32.8889 -1.25486e-15 1.25486e-15 -2.00778e-15
61.6 -10 -10 -32.9333 -7.52918e-16 1.00389e-15 -1.00389e-15
61.7 -10 -10 -32.9778 -1.44309e-15 4.01556e-15 -3.01167e-15
61.8 -10 -10 -33.0222 2.50973e-16 1.50584e-15 1.00389e-15
61.9 -10 -10 -33.0667 -9.41148e-16 4.26654e-15 -2.00778e-15
62 -10 -10 -33.1111 5.64689e-16 5.01945e-16 -1.00389e-15
62.1 -10 -10 -33.1556 -1.31761e-15 3.26265e-15 -3.01167e-15
62.2 -10 -10 -33.2 8.78405e-16 -1.25486e-15 0
62.3 -10 -10 -33.2444 -9.41148e-16 2.50973e-15 -2.00778e-15
62.4 -10 -10 -33.2889 7.52918e-16 2.50973e-16 -1.00389e-15
62.5 -10 -10 -33.3333 -8.78405e-16 3.01167e-15 -1.00389e-15
62.6 -10 -10 -33.3778 3.76459e-16 7.52918e-16 2.00778e-15
62.7 -10 -10 -33.4222 -7.52918e-16 2.7607e-15 0
62.8 -10 -10 -33.4667 4.39202e-16 2.50973e-16 1.00389e-15
62.9 -10 -10 -33.5111 -3.76459e-16 2.50973e-16 -1.00389e-15
63 -10 -10 -33.5556 -6.27432e-16 5.01945e-16 2.00778e-15
63.1 -10 -10 -33.6 -3.76459e-16 3.26265e-15 -4.01556e-15
63.2 -10 -10 -33.6444 -1.00389e-15 2.50973e-16 0
63.3 -10 -10 -33.6889 0 2.7607e-15 -3.01167e-15
63.4 -10 -10 -33.7333 -8.15661e-16 5.01945e-16 1.00389e-15
63.5 -10 -10 -33.7778 -8.15661e-16 3.26265e-15 -3.01167e-15
63.6 -10 -10 -33.8222 5.01945e-16 -7.52918e-16 2.00778e-15
63.7 -10 -10 -33.8667 -8.15661e-16 4.01556e-15 -1.00389e-15
63.8 -10 -10 -33.9111 6.90175e-16 -2.7607e-15 1.00389e-15
63.9 -10 -10 -33.9556 -1.8823e-16 3.76459e-15 -1.00389e-15
64 -10 -10 -34 -1.00389e-15 3.76459e-15 1.00389e-15
64.1 -10 -10 -34.0444 -1.19212e-15 4.01556e-15 -4.01556e-15
64.2 -10 -10 -34.0889 2.50973e-16 -2.50973e-16 0
64.3 -10 -10 -34.1333 -1.00389e-15 2.7607e-15 -4.01556e-15
64.4 -10 -10 -34.1778 -6.27432e-17 0 -2.00778e-15
64.5 -10 -10 -34.2222 -1.81955e-15 4.76848e-15 -1.00389e-15
64.6 -10 -10 -34.2667 -8.15661e-16 3.01167e-15 -1.00389e-15
64.7 -10 -10 -34.3111 -8.15661e-16 1.00389e-15 0
64.8 -10 -10 -34.3556 8.15661e-16 -1.75681e-15 -1.00389e-15
64.9 -10 -10 -34.4 -1.75681e-15 3.26265e-15 -1.00389e-15
65 -10 -10 -34.4444 3.13716e-16 5.01945e-16 -1.00389e-15
65.1 -10 -10 -34.4889 1.8823e-16 2.50973e-16 -2.00778e-15
65.2 -10 -10 -34.5333 -4.39202e-16 -2.50973e-16 0
65.3 -10 -10 -34.5778 1.8823e-16 7.52918e-16 -2.00778e-15
65.4 -10 -10 -34.6222 9.41148e-16 -1.25486e-15 -1.00389e-15
65.5 -10 -10 -34.6667 -1.31761e-15 1.25486e-15 0
65.6 -10 -10 -34.7111 -1.81955e-15 4.26654e-15 -3.01167e-15
65.7 -10 -10 -34.7556 -9.41148e-16 4.01556e-15 -4.01556e-15
65.8 -10 -10 -34.8 -3.13716e-16 -1.25486e-15 3.01167e-15
65.9 -10 -10 -34.8444 -1.44309e-15 1.75681e-15 -2.00778e-15
66 -10 -10 -34.8889 -6.27432e-17 1.75681e-15 -2.00778e-15
66.1 -10 -10 -34.9333 -1.12938e-15 1.25486e-15 -3.01167e-15
66.2 -10 -10 -34.9778 -7.52918e-16 1.75681e-15 2.00778e-15
66.3 -10 -10 -35.0222 -2.38424e-15 5.01945e-15 0
66.4 -10 -10 -35.0667 9.41148e-16 -2.7607e-15 1.00389e-15
66.5 -10 -10 -35.1111 -9.41148e-16 2.50973e-15 -2.00778e-15
66.6 -10 -10 -35.1556 -6.27432e-17 -1.75681e-15 2.00778e-15
66.7 -10 -10 -35.2 2.50973e-16 5.01945e-16 4.01556e-15
66.8 -10 -10 -35.2444 3.13716e-16 -1.75681e-15 1.00389e-15
66.9 -10 -10 -35.2889 2.50973e-16 -3.76459e-15 6.02335e-15
67 -10 -10 -35.3333 -6.27432e-17 7.52918e-16 2.00778e-15
67.1 -10 -10 -35.3778 -1.19212e-15 2.00778e-15 -1.00389e-15
67.2 -10 -10 -35.4222 1.8823e-16 -3.01167e-15 4.01556e-15
67.3 -10 -10 -35.4667 -1.25486e-15 2.7607e-15 -2.00778e-15
67.4 -10 -10 -35.5111 1.25486e-15 -1.00389e-15 3.01167e-15
67.5 -10 -10 -35.5556 -5.64689e-16 2.50973e-15 -1.00389e-15
67.6 -10 -10 -35.6 7.52918e-16 -4.76848e-15 3.01167e-15
67.7 -10 -10 -35.6444 -8.78405e-16 1.50584e-15 -2.00778e-15
67.8 -10 -10 -35.6889 8.15661e-16 -2.50973e-16 3.01167e-15
67.9 -10 -10 -35.7333 4.39202e-16 -2.50973e-16 1.00389e-15
68 -10 -10 -35.7778 -9.41148e-16 -5.01945e-16 2.00778e-15
68.1 -10 -10 -35.8222 -4.39202e-16 -5.01945e-16 1.00389e-15
68.2 -10 -10 -35.8667 2.07053e-15 -3.51362e-15 2.00778e-15
68.3 -10 -10 -35.9111 -9.41148e-16 1.00389e-15 1.00389e-15
68.4 -10 -10 -35.9556 2.07053e-15 -3.01167e-15 -3.01167e-15
68.5 -10 -10 -36 -1.69407e-15 1.75681e-15 1.00389e-15
68.6 -10 -10 -36.0444 -2.50973e-16 1.25486e-15 1.00389e-15
68.7 -10 -10 -36.0889 -5.01945e-16 -2.50973e-16 0
68.8 -10 -10 -36.1333 -2.19601e-15 2.7607e-15 -1.00389e-15
68.9 -10 -10 -36.1778 -8.15661e-16 1.00389e-15 -1.00389e-15
69 -10 -10 -36.2222 -1.81955e-15 5.01945e-15 -3.01167e-15
69.1 -10 -10 -36.2667 -5.01945e-16 1.50584e-15 0
69.2 -10 -10 -36.3111 -6.90175e-16 5.01945e-16 0
69.3 -10 -10 -36.3556 -1.69407e-15 4.01556e-15 0
69.4 -10 -10 -36.4 -2.44698e-15 4.76848e-15 -2.00778e-15
69.5 -10 -10 -36.4444 -1.44309e-15 2.50973e-15 1.00389e-15
69.6 -10 -10 -36.4889 -1.19212e-15 -2.50973e-16 0
69.7 -10 -10 -36.5333 -1.06663e-15 2.50973e-16 1.00389e-15
69.8 -10 -10 -36.5778 -2.19601e-15 5.01945e-15 -2.00778e-15
69.9 -10 -10 -36.6222 1.06663e-15 5.01945e-16 -1.00389e-15
70 -10 -10 -36.6667 -1.69407e-15 4.26654e-15 -4.01556e-15
70.1 -10 -10 -36.7111 -1.06663e-15 2.50973e-16 -1.00389e-15
70.2 -10 -10 -36.7556 5.01945e-16 1.25486e-15 -2.00778e-15
70.3 -10 -10 -36.8 1.44309e-15 -4.26654e-15 0
70.4 -10 -10 -36.8444 -1.8823e-16 1.75681e-15 -1.00389e-15
70.5 -10 -10 -36.8889 4.39202e-16 -5.01945e-16 -3.01167e-15
70.6 -10 -10 -36.9333 -1.8823e-16 5.01945e-16 -1.00389e-15
70.7 -10 -10 -36.9778 -6.27432e-17 5.01945e-16 3.01167e-15
70.8 -10 -10 -37.0222 5.01945e-16 3.01167e-15 -4.01556e-15
70.9 -10 -10 -37.0667 7.52918e-16 -5.01945e-16 -1.00389e-15
71 -10 -10 -37.1111 -1.8823e-16 -7.52918e-16 -1.00389e-15
71.1 -10 -10 -37.1556 3.13716e-16 2.50973e-16 2.00778e-15
71.2 -10 -10 -37.2 -5.64689e-16 3.26265e-15 -4.01556e-15
71.3 -10 -10 -37.2444 -1.8823e-16 -2.50973e-15 4.01556e-15
71.4 -10 -10 -37.2889 2.50973e-16 2.50973e-16 -3.01167e-15
71.5 -10 -10 -37.3333 -8.15661e-16 2.00778e-15 -2.00778e-15
71.6 -10 -10 -37.3778 6.27432e-17 -1.00389e-15 1.00389e-15
71.7 -10 -10 -37.4222 -2.50973e-16 7.52918e-16 0
71.8 -10 -10 -37.4667 -4.39202e-16 7.52918e-16 -2.00778e-15
71.9 -10 -10 -37.5111 1.94504e-15 -4.01556e-15 2.00778e-15
72 -10 -10 -37.5556 3.13716e-16 7.52918e-16 1.00389e-15
72.1 -10 -10 -37.6 7.52918e-16 -1.25486e-15 1.00389e-15
72.2 -10 -10 -37.6444 -6.90175e-16 -1.75681e-15 1.00389e-15
72.3 -10 -10 -37.6889 1.44309e-15 -3.76459e-15 2.00778e-15
72.4 -10 -10 -37.7333 -1.00389e-15 1.75681e-15 0
72.5 -10 -10 -37.7778 -2.50973e-16 -2.50973e-16 0
72.6 -10 -10 -37.8222 -2.19601e-15 5.01945e-15 0
72.7 -10 -10 -37.8667 1.19212e-15 -3.26265e-15 2.00778e-15
72.8 -10 -10 -37.9111 -1.31761e-15 5.01945e-15 -3.01167e-15
72.9 -10 -10 -37.9556 8.15661e-16 -2.00778e-15 4.01556e-15
73 -10 -10 -38 6.90175e-16 -5.01945e-16 1.00389e-15
73.1 -10 -10 -38.0444 1.00389e-15 -2.25875e-15 1.00389e-15
73.2 -10 -10 -38.0889 -2.50973e-16 -1.50584e-15 -2.00778e-15
73.3 -10 -10 -38.1333 6.90175e-16 -5.77237e-15 0
73.4 -10 -10 -38.1778 -4.39202e-16 2.25875e-15 1.00389e-15
73.5 -10 -10 -38.2222 -3.76459e-16 -1.75681e-15 1.00389e-15
73.6 -10 -10 -38.2667 -1.25486e-15 2.25875e-15 1.00389e-15
73.7 -10 -10 -38.3111 -2.00778e-15 2.7607e-15 0
73.8 -10 -10 -38.3556 2.50973e-16 -2.7607e-15 1.00389e-15
73.9 -10 -10 -38.4 1.25486e-16 -2.50973e-15 3.01167e-15
74 -10 -10 -38.4444 1.12938e-15 -1.75681e-15 2.00778e-15
74.1 -10 -10 -38.4889 4.39202e-16 7.52918e-16 2.00778e-15
74.2 -10 -10 -38.5333 0 -2.25875e-15 2.00778e-15
74.3 -10 -10 -38.5778 -3.13716e-16 1.50584e-15 -1.00389e-15
74.4 -10 -10 -38.6222 4.39202e-16 -1.00389e-15 2.00778e-15
74.5 -10 -10 -38.6667 -3.51362e-15 4.76848e-15 -2.00778e-15
74.6 -10 -10 -38.7111 -5.64689e-16 -1.75681e-15 -1.00389e-15
74.7 -10 -10 -38.7556 6.27432e-16 -3.76459e-15 1.00389e-15
74.8 -10 -10 -38.8 -3.13716e-16 0 1.00389e-15
74.9 -10 -10 -38.8444 -1.25486e-15 3.01167e-15 -2.00778e-15
75 -10 -10 -38.8889 3.76459e-16 7.52918e-16 2.00778e-15
75.1 -10 -10 -38.9333 -1.06663e-15 3.01167e-15 -1.00389e-15
75.2 -10 -10 -38.9778 3.76459e-16 -7.52918e-16 0
75.3 -10 -10 -39.0222 -1.12938e-15 2.50973e-15 -1.00389e-15
75.4 -10 -10 -39.0667 4.39202e-16 1.00389e-15 -1.00389e-15
75.5 -10 -10 -39.1111 -6.27432e-16 5.27043e-15 -1.00389e-15
75.6 -10 -10 -39.1556 -1.75681e-15 1.25486e-15 0
75.7 -10 -10 -39.2 -3.13716e-16 2.50973e-16 -4.01556e-15
75.8 -10 -10 -39.2444 -1.25486e-16 0 -2.00778e-15
75.9 -10 -10 -39.2889 -1.06663e-15 4.01556e-15 0
76 -10 -10 -39.3333 7.52918e-16 -7.52918e-16 0
76.1 -10 -10 -39.3778 -1.50584e-15 4.76848e-15 -3.01167e-15
76.2 -10 -10 -39.4222 3.76459e-16 -2.7607e-15 1.00389e-15
76.3 -10 -10 -39.4667 -2.50973e-16 -1.50584e-15 -2.00778e-15
76.4 -10 -10 -39.5111 5.01945e-16 -2.00778e-15 1.00389e-15
76.5 -10 -10 -39.5556 9.41148e-16 -5.01945e-16 1.00389e-15
76.6 -10 -10 -39.6 -3.13716e-16 -1.50584e-15 1.00389e-15
76.7 -10 -10 -39.6444 1.25486e-16 2.50973e-16 -1.00389e-15
76.8 -10 -10 -39.6889 8.78405e-16 -2.7607e-15 1.00389e-15
76.9 -10 -10 -39.7333 -2.50973e-16 -2.00778e-15 1.00389e-15
77 -10 -10 -39.7778 -3.76459e-16 -7.52918e-16 -1.00389e-15
77.1 -10 -10 -39.8222 -1.25486e-16 1.75681e-15 1.00389e-15
77.2 -10 -10 -39.8667 -1.00389e-15 3.51362e-15 -3.01167e-15
77.3 -10 -10 -39.9111 -5.64689e-16 -5.01945e-16 2.00778e-15
77.4 -10 -10 -39.9556 -7.52918e-16 5.01945e-16 0
77.5 -10 -10 -40 -8.78405e-16 1.75681e-15 0
77.6 -10 -10 -40.0444 3.76459e-16 -1.75681e-15 1.00389e-15
77.7 -10 -10 -40.0889 5.01945e-16 3.76459e-15 5.01945e-15
77.8 -10 -10 -40.1333 -5.01945e-16 1.75681e-15 2.00778e-15
77.9 -10 -10 -40.1778 -3.13716e-16 -2.50973e-16 3.01167e-15
78 -10 -10 -40.2222 -1.25486e-16 -2.50973e-16 0
78.1 -10 -10 -40.2667 -1.38035e-15 1.75681e-15 2.00778e-15
78.2 -10 -10 -40.3111 2.50973e-16 -2.50973e-16 -2.00778e-15
78.3 -10 -10 -40.3556 0 -5.01945e-16 2.00778e-15
78.4 -10 -10 -40.4 3.76459e-16 2.50973e-16 -1.00389e-15
78.5 -10 -10 -40.4444 -1.56858e-15 3.76459e-15 -1.00389e-15
78.6 -10 -10 -40.4889 3.76459e-16 -4.76848e-15 2.00778e-15
78.7 -10 -10 -40.5333 0 -2.50973e-16 -3.01167e-15
78.8 -10 -10 -40.5778 2.50973e-16 -5.01945e-16 1.00389e-15
78.9 -10 -10 -40.6222 -5.01945e-16 3.51362e-15 -2.00778e-15
79 -10 -10 -40.6667 1.12938e-15 -2.25875e-15 -2.00778e-15
79.1 -10 -10 -40.7111 8.78405e-16 3.01167e-15 0
79.2 -10 -10 -40.7556 1.12938e-15 -2.7607e-15 3.01167e-15
79.3 -10 -10 -40.8 -5.01945e-16 7.52918e-16 1.00389e-15
79.4 -10 -10 -40.8444 1.25486e-15 -7.52918e-16 2.00778e-15
79.5 -10 -10 -40.8889 8.78405e-16 -1.25486e-15 2.00778e-15
79.6 -10 -10 -40.9333 1.12938e-15 -3.26265e-15 3.01167e-15
79.7 -10 -10 -40.9778 -6.27432e-17 -5.01945e-16 0
79.8 -10 -10 -41.0222 -6.27432e-16 2.7607e-15 2.00778e-15
79.9 -10 -10 -41.0667 2.50973e-16 1.00389e-15 2.00778e-15
80 -10 -10 -41.1111 -5.01945e-16 1.75681e-15 2.00778e-15
80.1 -10 -10 -41.1556 -3.76459e-16 3.51362e-15 -3.01167e-15
80.2 -10 -10 -41.2 -1.63132e-15 2.25875e-15 0
80.3 -10 -10 -41.2444 6.27432e-16 -1.00389e-15 3.01167e-15
80.4 -10 -10 -41.2889 1.8823e-16 1.75681e-15 1.00389e-15
80.5 -10 -10 -41.3333 1.8823e-16 1.00389e-15 1.00389e-15
80.6 -10 -10 -41.3778 -1.00389e-15 1.00389e-15 1.00389e-15
80.7 -10 -10 -41.4222 -8.78405e-16 0 0
80.8 -10 -10 -41.4667 -1.50584e-15 3.26265e-15 1.00389e-15
80.9 -10 -10 -41.5111 2.50973e-16 -1.00389e-15 3.01167e-15
81 -10 -10 -41.5556 -1.50584e-15 2.25875e-15 -1.00389e-15
81.1 -10 -10 -41.6 -5.01945e-16 7.52918e-16 -2.00778e-15
81.2 -10 -10 -41.6444 0 2.50973e-16 0
81.3 -10 -10 -41.6889 -5.64689e-16 5.01945e-16 1.00389e-15
81.4 -10 -10 -41.7333 -6.27432e-16 -2.7607e-15 1.00389e-15
81.5 -10 -10 -41.7778 -5.01945e-16 -1.50584e-15 -1.00389e-15
81.6 -10 -10 -41.8222 -7.52918e-16 1.50584e-15 2.00778e-15
81.7 -10 -10 -41.8667 4.39202e-16 -7.52918e-16 2.00778e-15
81.8 -10 -10 -41.9111 -1.38035e-15 2.50973e-16 0
81.9 -10 -10 -41.9556 -3.13716e-16 2.25875e-15 1.00389e-15
82 -10 -10 -42 -6.27432e-17 0 2.00778e-15
82.1 -10 -10 -42.0444 -1.06663e-15 0 0
82.2 -10 -10 -42.0889 -1.50584e-15 4.26654e-15 -5.01945e-15
82.3 -10 -10 -42.1333 3.76459e-16 -1.00389e-15 0
82.4 -10 -10 -42.1778 -1.06663e-15 1.50584e-15 -1.00389e-15
82.5 -10 -10 -42.2222 -1.25486e-16 -5.01945e-16 -1.00389e-15
82.6 -10 -10 -42.2667 -6.27432e-16 2.00778e-15 -2.00778e-15
82.7 -10 -10 -42.3111 -1.38035e-15 4.76848e-15 -5.01945e-15
82.8 -10 -10 -42.3556 -1.63132e-15 2.7607e-15 -2.00778e-15
82.9 -10 -10 -42.4 4.39202e-16 -1.25486e-15 0
83 -10 -10 -42.4444 -5.64689e-16 3.01167e-15 -2.00778e-15
83.1 -10 -10 -42.4889 1.12938e-15 -1.50584e-15 -1.00389e-15
83.2 -10 -10 -42.5333 -1.25486e-15 2.7607e-15 1.00389e-15
83.3 -10 -10 -42.5778 3.13716e-16 2.50973e-16 1.00389e-15
83.4 -10 -10 -42.6222 6.27432e-17 -3.26265e-15 2.00778e-15
83.5 -10 -10 -42.6667 -3.76459e-16 2.25875e-15 -4.01556e-15
83.6 -10 -10 -42.7111 1.25486e-16 2.50973e-16 2.00778e-15
83.7 -10 -10 -42.7556 8.78405e-16 -5.01945e-16 0
83.8 -10 -10 -42.8 -2.38424e-15 5.5214e-15 2.00778e-15
83.9 -10 -10 -42.8444 4.39202e-16 -2.7607e-15 0
84 -10 -10 -42.8889 -8.15661e-16 3.26265e-15 1.00389e-15
84.1 -10 -10 -42.9333 1.25486e-16 7.52918e-16 -1.00389e-15
84.2 -10 -10 -42.9778 -1.56858e-15 3.01167e-15 -1.00389e-15
84.3 -10 -10 -43.0222 -5.64689e-16 1.50584e-15 -3.01167e-15
84.4 -10 -10 -43.0667 -3.76459e-16 2.7607e-15 0
84.5 -10 -10 -43.1111 -9.41148e-16 -3.01167e-15 2.00778e-15
84.6 -10 -10 -43.1556 -1.8823e-16 -1.50584e-15 -1.00389e-15
84.7 -10 -10 -43.2 6.27432e-16 -5.27043e-15 1.00389e-15
84.8 -10 -10 -43.2444 -4.39202e-16 -5.01945e-16 2.00778e-15
84.9 -10 -10 -43.2889 3.76459e-16 -2.25875e-15 -3.01167e-15
85 -10 -10 -43.3333 -1.25486e-16 -7.52918e-16 -1.00389e-15
85.1 -10 -10 -43.3778 3.76459e-16 -7.52918e-16 2.00778e-15
85.2 -10 -10 -43.4222 -6.90175e-16 7.52918e-16 0
85.3 -10 -10 -43.4667 -1.38035e-15 3.76459e-15 -3.01167e-15
85.4 -10 -10 -43.5111 3.76459e-16 1.00389e-15 -1.00389e-15
85.5 -10 -10 -43.5556 5.64689e-16 -2.25875e-15 0
85.6 -10 -10 -43.6 -8.15661e-16 3.51362e-15 -2.00778e-15
85.7 -10 -10 -43.6444 -1.31761e-15 2.50973e-15 1.00389e-15
85.8 -10 -10 -43.6889 -6.27432e-16 0 3.01167e-15
85.9 -10 -10 -43.7333 -9.41148e-16 2.00778e-15 -1.00389e-15
86 -10 -10 -43.7778 -3.13716e-16 2.50973e-15 -3.01167e-15
86.1 -10 -10 -43.8222 -3.13716e-16 0 5.01945e-15
86.2 -10 -10 -43.8667 -9.41148e-16 3.51362e-15 1.00389e-15
86.3 -10 -10 -43.9111 -1.19212e-15 5.01945e-16 1.00389e-15
86.4 -10 -10 -43.9556 -6.27432e-16 -1.00389e-15 2.00778e-15
86.5 -10 -10 -44 -1.8823e-16 5.01945e-15 -1.00389e-15
86.6 -10 -10 -44.0444 -6.27432e-16 2.00778e-15 -2.00778e-15
86.7 -10 -10 -44.0889 -6.27432e-17 3.01167e-15 -3.01167e-15
86.8 -10 -10 -44.1333 4.39202e-16 0 0
86.9 -10 -10 -44.1778 -3.76459e-16 -1.50584e-15 1.00389e-15
87 -10 -10 -44.2222 -1.06663e-15 3.01167e-15 0
87.1 -10 -10 -44.2667 -9.41148e-16 3.01167e-15 -1.00389e-15
87.2 -10 -10 -44.3111 -4.39202e-16 2.00778e-15 1.00389e-15
87.3 -10 -10 -44.3556 -6.27432e-16 5.01945e-16 -2.00778e-15
87.4 -10 -10 -44.4 6.27432e-17 2.00778e-15 0
87.5 -10 -10 -44.4444 -1.38035e-15 4.51751e-15 0
87.6 -10 -10 -44.4889 1.8823e-16 -2.00778e-15 -1.00389e-15
87.7 -10 -10 -44.5333 1.12938e-15 0 0
87.8 -10 -10 -44.5778 6.90175e-16 -2.00778e-15 2.00778e-15
87.9 -10 -10 -44.6222 -1.25486e-16 2.00778e-15 -5.01945e-15
88 -10 -10 -44.6667 -1.06663e-15 -3.51362e-15 1.00389e-15
88.1 -10 -10 -44.7111 -1.31761e-15 2.50973e-15 -1.00389e-15
88.2 -10 -10 -44.7556 -1.25486e-15 2.50973e-15 -1.00389e-15
88.3 -10 -10 -44.8 -1.38035e-15 -1.50584e-15 4.01556e-15
88.4 -10 -10 -44.8444 1.12938e-15 3.51362e-15 -2.00778e-15
88.5 -10 -10 -44.8889 0 -5.01945e-16 0
88.6 -10 -10 -44.9333 2.50973e-16 0 -2.00778e-15
88.7 -10 -10 -44.9778 -1.38035e-15 3.01167e-15 -2.00778e-15
88.8 -10 -10 -45.0222 -1.25486e-16 -5.01945e-16 1.00389e-15
88.9 -10 -10 -45.0667 -5.01945e-16 3.01167e-15 -3.01167e-15
89 -10 -10 -45.1111 -3.76459e-16 1.00389e-15 -3.01167e-15
89.1 -10 -10 -45.1556 -7.52918e-16 2.50973e-15 1.00389e-15
89.2 -10 -10 -45.2 -8.78405e-16 1.00389e-15 -3.01167e-15
89.3 -10 -10 -45.2444 -2.50973e-16 -1.50584e-15 3.01167e-15
89.4 -10 -10 -45.2889 -3.76459e-16 0 3.01167e-15
89.5 -10 -10 -45.3333 2.50973e-16 5.01945e-16 0
89.6 -10 -10 -45.3778 1.00389e-15 -4.01556e-15 0
89.7 -10 -10 -45.4222 -3.76459e-16 1.00389e-15 1.00389e-15
89.8 -10 -10 -45.4667 2.50973e-16 -1.50584e-15 1.00389e-15
89.9 -10 -10 -45.5111 2.50973e-16 -1.00389e-15 3.01167e-15
90 -10 -10 -45.5556 1.25486e-15 0 0
90.1 -10 -10 -45.6 -7.52918e-16 1.50584e-15 1.00389e-15
90.2 -10 -10 -45.6444 -1.75681e-15 7.52918e-15 -3.01167e-15
90.3 -10 -10 -45.6889 -8.78405e-16 3.01167e-15 -1.00389e-15
90.4 -10 -10 -45.7333 -5.01945e-16 1.00389e-15 -2.00778e-15
90.5 -10 -10 -45.7778 -1.63132e-15 3.51362e-15 -4.01556e-15
90.6 -10 -10 -45.8222 -1.50584e-15 3.51362e-15 -4.01556e-15
90.7 -10 -10 -45.8667 -1.00389e-15 0 3.01167e-15
90.8 -10 -10 -45.9111 -1.25486e-16 2.00778e-15 2.00778e-15
90.9 -10 -10 -45.9556 -2.50973e-16 2.00778e-15 1.00389e-15
91 -10 -10 -46 -2.63521e-15 7.02724e-15 -2.00778e-15
91.1 -10 -10 -46.0444 -8.78405e-16 3.01167e-15 2.00778e-15
91.2 -10 -10 -46.0889 -1.00389e-15 6.02335e-15 -1.00389e-15
91.3 -10 -10 -46.1333 -1.25486e-15 3.51362e-15 -5.01945e-15
91.4 -10 -10 -46.1778 0 -1.50584e-15 -1.00389e-15
91.5 -10 -10 -46.2222 -1.8823e-15 3.01167e-15 2.00778e-15
91.6 -10 -10 -46.2667 -1.25486e-15 -1.00389e-15 2.00778e-15
91.7 -10 -10 -46.3111 -2.50973e-16 4.51751e-15 0
91.8 -10 -10 -46.3556 5.01945e-16 1.00389e-15 4.01556e-15
91.9 -10 -10 -46.4 -1.00389e-15 2.50973e-15 0
92 -10 -10 -46.4444 -1.75681e-15 4.51751e-15 -4.01556e-15
92.1 -10 -10 -46.4889 -7.52918e-16 2.00778e-15 2.00778e-15
92.2 -10 -10 -46.5333 -1.8823e-15 5.01945e-15 -2.00778e-15
92.3 -10 -10 -46.5778 1.50584e-15 -1.50584e-15 0
92.4 -10 -10 -46.6222 -7.52918e-16 5.01945e-16 0
92.5 -10 -10 -46.6667 -6.27432e-16 3.01167e-15 2.00778e-15
92.6 -10 -10 -46.7111 -1.38035e-15 5.01945e-16 -2.00778e-15
92.7 -10 -10 -46.7556 -2.50973e-16 -2.50973e-15 4.01556e-15
92.8 -10 -10 -46.8 -1.63132e-15 6.02335e-15 -4.01556e-15
92.9 -10 -10 -46.8444 -7.52918e-16 4.51751e-15 -2.00778e-15
93 -10 -10 -46.8889 2.50973e-16 0 4.01556e-15
93.1 -10 -10 -46.9333 8.78405e-16 -3.51362e-15 -2.00778e-15
93.2 -10 -10 -46.9778 1.25486e-16 2.00778e-15 0
93.3 -10 -10 -47.0222 -5.01945e-16 -2.50973e-15 0
93.4 -10 -10 -47.0667 -1.00389e-15 0 -2.00778e-15
93.5 -10 -10 -47.1111 -3.76459e-16 2.00778e-15 0
93.6 -10 -10 -47.1556 -5.01945e-16 2.00778e-15 -2.00778e-15
93.7 -10 -10 -47.2 -1.25486e-15 -4.51751e-15 0
93.8 -10 -10 -47.2444 -1.00389e-15 3.51362e-15 2.00778e-15
93.9 -10 -10 -47.2889 2.50973e-16 5.01945e-16 -2.00778e-15
94 -10 -10 -47.3333 -7.52918e-16 6.02335e-15 0
94.1 -10 -10 -47.3778 -2.50973e-16 -2.50973e-15 -2.00778e-15
94.2 -10 -10 -47.4222 2.50973e-16 3.51362e-15 -4.01556e-15
94.3 -10 -10 -47.4667 -3.76459e-16 5.01945e-16 -4.01556e-15
94.4 -10 -10 -47.5111 1.25486e-16 2.00778e-15 -2.00778e-15
94.5 -10 -10 -47.5556 5.01945e-16 -1.50584e-15 2.00778e-15
94.6 -10 -10 -47.6 -1.50584e-15 4.51751e-15 -4.01556e-15
94.7 -10 -10 -47.6444 -2.50973e-16 3.01167e-15 0
94.8 -10 -10 -47.6889 -1.25486e-15 4.51751e-15 0
94.9 -10 -10 -47.7333 1.38035e-15 -1.00389e-15 -4.01556e-15
95 -10 -10 -47.7778 -3.76459e-16 2.00778e-15 2.00778e-15
95.1 -10 -10 -47.8222 -1.25486e-16 3.01167e-15 0
95.2 -10 -10 -47.8667 3.76459e-16 -3.01167e-15 2.00778e-15
95.3 -10 -10 -47.9111 -1.00389e-15 2.50973e-15 -2.00778e-15
95.4 -10 -10 -47.9556 1.38035e-15 -4.01556e-15 2.00778e-15
95.5 -10 -10 -48 6.27432e-16 0 -2.00778e-15
95.6 -10 -10 -48.0444 -8.78405e-16 4.01556e-15 -2.00778e-15
95.7 -10 -10 -48.0889 -2.13327e-15 8.03113e-15 0
95.8 -10 -10 -48.1333 -1.50584e-15 4.51751e-15 2.00778e-15
95.9 -10 -10 -48.1778 2.50973e-16 -2.50973e-15 0
96 -10 -10 -48.2222 -2.50973e-16 3.01167e-15 0
96.1 -10 -10 -48.2667 -5.01945e-16 5.01945e-15 -2.00778e-15
96.2 -10.0074 -10.0074 -48.3144 -1.63115e-15 -1.00378e-15 2.00757e-15
96.3 -10.0211 -10.0208 -48.3666 0.00379197 -0.00177538 -0.000685296
96.4 -10.0327 -10.032 -48.4105 -0.00165287 -0.000541937 0.00523091
