1.85323 0.0017813
8.33146 0.0080081
13.5083 0.012984
17.726 0.017038
13.089 0.012581
7.93736 0.0076293
3.80498 0.0036573
-1.51502 -0.0015746
-5.78819 -0.005777
-10.8571 -0.010762
-13.6636 -0.013522
-13.2528 -0.013118
0.365585 0.00013616
4.08363 0.0037099
13.9715 0.013214
18.2287 0.017306
4.72211 0.0043236
-4.67766 -0.0049205
-13.8704 -0.013961
-2.70916 -0.0029846
1.0834 0.00066076
4.56465 0.0040069
17.1523 0.016106
17.659 0.016593
18.4819 0.017384
3.98121 0.0034461
-9.08701 -0.0094057
-13.6895 -0.013932
-5.58613 -0.0059628
0.801315 0.00017674
5.73257 0.0049166
19.6397 0.018284
29.9811 0.028224
35.3572 0.037552
18.3044 0.020182
17.1557 0.019012
5.69235 0.0073354
-6.90222 -0.0050506
-16.2504 -0.014244
-29.0171 -0.027307
-34.3174 -0.037348
-33.5447 -0.036542
-20.2366 -0.02266
1.33416 -0.00059346
20.99 0.019428
36.0285 0.039188
15.2905 0.017758
0.0940364 0.0020544
-21.3247 -0.020288
-34.6639 -0.038216
-14.9888 -0.017532
4.19999 0.0022971
20.6645 0.019311
36.3547 0.039688
22.3745 0.025211
-5.97218 -0.0046391
-34.9268 -0.038871
-34.9142 -0.038859
-16.6467 -0.019544
1.65761 -0.00055314
2.40814 0.00022554
26.0566 0.024761
35.7712 0.038961
46.3214 0.064271
62.5504 0.10382
58.0279 0.097354
19.2347 0.04189
3.23242 0.019011
-0.775611 0.013523
-21.4557 -0.012837
-29.4799 -0.028346
-44.4143 -0.062639
-61.6854 -0.1059
-61.9289 -0.10651
-51.7975 -0.091503
-40.2612 -0.074415
-22.3126 -0.047829
5.15936 -0.008061
34.9355 0.034511
47.3288 0.066867
54.9818 0.085936
67.672 0.11527
67.7937 0.11639
31.0856 0.061862
3.90206 0.02135
-11.8605 -0.0018207
-14.3728 -0.0054679
-35.8919 -0.038913
-45.5893 -0.064109
-63.5737 -0.11063
-22.9132 -0.049631
4.28943 -0.009234
23.3191 0.019028
45.0345 0.05821
66.1843 0.11248
28.0503 0.055846
1.62436 0.0166
-15.3593 -0.008878
-42.6334 -0.056341
-55.5971 -0.08995
-63.8332 -0.11128
-42.158 -0.0787
-3.71591 -0.020918
9.06955 -0.0019299
27.1696 0.024951
40.7115 0.047088
49.9434 0.070787
58.2011 0.091985
67.0069 0.11459
76.884 0.13875
85.7189 0.16028
93.9013 0.18022
74.0405 0.14607
63.5605 0.12805
51.5161 0.10734
39.2791 0.086299
25.3725 0.062387
8.98887 0.034216
1.11781 0.020682
-20.0359 -0.011114
-33.8088 -0.031816
-42.8243 -0.055231
-50.4945 -0.075694
-58.4094 -0.09681
-67.7217 -0.12102
-74.6484 -0.13837
-83.8666 -0.16146
-91.6316 -0.18091
-78.2452 -0.15722
-55.3714 -0.11674
-48.9805 -0.10543
-36.9079 -0.084065
-20.7409 -0.055454
-10.2928 -0.036964
1.40407 -0.016811
11.5187 0.00058076
11.5574 0.00064737
27.9385 0.028814
41.6154 0.052331
56.6154 0.078123
64.2003 0.095341
72.9025 0.12021
80.6533 0.14236
87.2493 0.16121
95.0011 0.1829
75.9389 0.14996
60.2158 0.12279
50.4475 0.10591
35.3829 0.079878
23.4884 0.059324
8.37702 0.033211
0.0948691 0.018554
-17.9567 -0.013392
-34.7736 -0.043153
-40.3044 -0.052941
-51.9498 -0.07355
-70.0975 -0.11754
-73.0641 -0.12627
-79.7551 -0.14596
-87.0611 -0.16746
-92.3023 -0.18259
-74.1583 -0.15038
-61.2305 -0.12743
-48.4041 -0.10466
-36.0678 -0.08276
-22.8741 -0.059338
-9.81733 -0.036159
6.57659 -0.0078298
12.4643 0.0023443
12.807 0.0029366
30.204 0.032999
45.0324 0.058623
55.9766 0.077535
66.2492 0.10051
72.3074 0.11787
80.6269 0.14171
87.5365 0.16151
94.68 0.18198
73.8818 0.14604
63.228 0.12763
49.5709 0.10403
33.8547 0.076872
22.576 0.057382
7.27068 0.030934
-2.94482 0.012799
-17.0865 -0.012306
-31.3984 -0.037713
-40.0744 -0.053115
-52.511 -0.075193
-64.9751 -0.10214
-71.9725 -0.12274
-77.9373 -0.1403
-87.0984 -0.16727
-92.4141 -0.18287
-73.2323 -0.1488
-57.6988 -0.12121
-43.699 -0.096344
-36.1051 -0.082856
-24.5138 -0.062268
-8.10993 -0.033132
4.23823 -0.011794
11.7973 0.0012683
11.7935 0.0012617
36.6972 0.044296
53.2408 0.072884
68.0426 0.10565
80.7558 0.14208
92.3279 0.17524
105.518 0.20853
119.499 0.2426
132.035 0.27315
108.653 0.22687
87.3471 0.1847
74.7919 0.15985
57.4269 0.12548
41.7852 0.094521
19.2046 0.049828
7.82815 0.027311
-12.8492 -0.0094154
-37.492 -0.053185
-50.1249 -0.075623
-68.7389 -0.11483
-77.7476 -0.14072
-94.1907 -0.18732
-106.104 -0.21716
-118.348 -0.24783
-128.932 -0.27434
-97.8642 -0.21101
-87.2434 -0.18936
-71.1725 -0.1566
-50.2205 -0.11389
-32.8039 -0.078387
-22.1925 -0.056756
-7.02519 -0.025838
7.65667 0.0032213
8.07041 0.0040402
30.8566 0.04914
43.051 0.073276
64.3336 0.1154
77.2273 0.14092
98.5888 0.1832
112.622 0.21443
121.711 0.24192
132.766 0.27493
101.54 0.21299
92.1991 0.19446
66.8518 0.14418
45.3106 0.10145
35.8427 0.082669
19.7425 0.050732
6.35606 0.024178
-14.0966 -0.017514
-26.1468 -0.042078
-54.7674 -0.10042
-70.284 -0.13205
-77.147 -0.14604
-94.9006 -0.18223
-110.115 -0.21571
-118.906 -0.2431
-127.93 -0.27122
-101.925 -0.21821
-85.8546 -0.18545
-67.6546 -0.14835
-49.5184 -0.11138
-37.5967 -0.087078
-19.0572 -0.049286
-8.86621 -0.028512
12.7289 0.014325
17.4923 0.023774
26.7712 0.04218
47.774 0.083842
60.5071 0.1091
82.1188 0.15197
97.0711 0.18163
112.735 0.21443
125.144 0.25191
131.19 0.27017
107.587 0.22335
91.9237 0.19228
74.6626 0.15804
53.2575 0.11558
37.4578 0.084239
21.4998 0.052584
7.49328 0.0248
-8.19618 -0.0071824
-32.3053 -0.056328
-41.5127 -0.075097
-59.4297 -0.11162
-76.7957 -0.14702
-90.7179 -0.1754
-111.853 -0.22134
-121.465 -0.25117
-127.968 -0.27135
-94.5508 -0.20323
-81.4626 -0.17655
-64.1652 -0.14129
-48.2807 -0.10891
-38.1363 -0.088231
-21.2604 -0.05383
-5.46613 -0.021634
6.43267 0.001969
6.52932 0.0021607
35.7867 0.060197
55.3563 0.099016
80.8417 0.14957
101.99 0.19152
119.352 0.23441
136.303 0.28355
151.596 0.32567
158.583 0.36478
131.983 0.3065
112.174 0.2631
92.2371 0.21942
72.7933 0.17682
51.2544 0.12963
32.7098 0.089
11.7876 0.043161
-14.3027 -0.010023
-43.3196 -0.069173
-72.1634 -0.12797
-85.1045 -0.15435
-103.861 -0.1951
-117.589 -0.23849
-134.732 -0.28887
-147.407 -0.32664
-153.482 -0.36165
-129.977 -0.30884
-98.9373 -0.2391
-80.898 -0.19857
-67.3808 -0.1682
-41.0496 -0.10904
-23.005 -0.068498
-5.98901 -0.030267
9.94576 0.0046449
9.93188 0.0046145
43.3216 0.077769
53.6237 0.10034
77.3123 0.15224
98.2852 0.19819
115.99 0.23698
136.071 0.28867
149.308 0.33342
158.869 0.36638
121.337 0.28402
98.2239 0.2333
85.3639 0.20508
67.6187 0.16614
46.7017 0.12024
27.3178 0.077704
9.86425 0.039404
-13.3536 -0.012761
-40.4062 -0.073542
-54.0205 -0.10413
-75.7584 -0.15297
-99.3835 -0.20605
-121.624 -0.25602
-132.369 -0.28829
-143.775 -0.32792
-153.968 -0.36445
-125.221 -0.29968
-106.038 -0.25646
-86.3976 -0.21221
-61.8441 -0.15689
-45.4663 -0.11999
-23.6709 -0.070884
-3.72462 -0.025944
12.9593 0.010667
16.9594 0.019445
34.5429 0.05803
58.8503 0.11137
75.3013 0.14747
99.2259 0.19997
118.302 0.24183
134.003 0.28201
148.365 0.33074
159.416 0.36944
127.281 0.29871
107.194 0.2545
90.2475 0.2172
70.8609 0.17453
48.2575 0.12478
27.5565 0.079217
4.11351 0.027619
-17.1581 -0.020307
-43.5269 -0.079717
-55.4676 -0.10662
-78.1613 -0.15775
-97.2776 -0.20082
-112.586 -0.23531
-130.904 -0.28388
-143.073 -0.32639
-153.88 -0.36414
-121.195 -0.2905
-105.665 -0.25551
-80.6187 -0.19908
-58.9414 -0.15024
-38.4137 -0.10399
-23.224 -0.069767
-8.38412 -0.036332
12.9807 0.010692
14.1093 0.013176
43.8031 0.078532
75.9103 0.1492
107.228 0.21813
134.558 0.28476
154.197 0.35166
168.248 0.41887
180.862 0.48947
183.15 0.54791
148.532 0.45998
122.183 0.39305
93.136 0.31927
67.0855 0.2531
42.275 0.19008
13.9253 0.11807
-19.8259 0.042027
-45.6807 -0.016225
-75.7378 -0.083945
-96.9094 -0.14136
-118.542 -0.22594
-134.41 -0.28798
-152.009 -0.35679
-166.346 -0.43578
-177.519 -0.50292
-177.665 -0.54964
-141.755 -0.45568
-119.261 -0.39682
-87.1884 -0.3129
-64.6744 -0.25399
-41.2775 -0.19277
-13.6806 -0.12056
15.5597 -0.046288
35.3928 0.0040892
35.2995 0.0038524
72.1781 0.097526
91.2894 0.14607
111.851 0.21968
127.582 0.2921
141.623 0.35674
157.646 0.4305
170.757 0.49086
183.19 0.56035
123.126 0.4065
99.1944 0.3452
68.7703 0.26727
56.8552 0.23675
31.9318 0.17291
3.69 0.10057
-33.9204 0.0021588
-69.8766 -0.091924
-91.6935 -0.14901
-98.5678 -0.17045
-112.817 -0.23876
-123.67 -0.29079
-135.988 -0.34984
-152.056 -0.42687
-166.346 -0.49538
-175.952 -0.54143
-134.157 -0.43207
-113.122 -0.37703
-85.2236 -0.30403
-58.926 -0.23522
-32.2348 -0.16538
-10.3323 -0.10807
13.2449 -0.047678
40.8031 0.022911
45.616 0.035239
73.9597 0.10784
99.336 0.17284
114.965 0.24235
129.691 0.31099
142.422 0.37033
152.291 0.41633
167.573 0.48756
179.373 0.54256
135.554 0.43032
114.671 0.37683
86.4375 0.30451
63.228 0.24506
34.0882 0.17042
9.10632 0.10643
-20.7256 0.028372
-40.1616 -0.022484
-65.3519 -0.088397
-96.5578 -0.17005
-108.52 -0.22128
-125.141 -0.30021
-139.138 -0.36668
-158.357 -0.45795
-171.724 -0.52143
-177.416 -0.54846
-134.032 -0.43494
-114.243 -0.38316
-78.5664 -0.28981
-59.1901 -0.23911
-33.2938 -0.17135
-8.90332 -0.10753
16.5135 -0.042426
34.8858 0.0046338
34.8266 0.0044821
83.9932 0.13042
110.368 0.21965
127.228 0.29853
148.132 0.39633
163.28 0.4672
182.95 0.55923
183.473 0.64813
183.711 0.72224
145.736 0.61535
115.558 0.53041
81.8388 0.4355
50.8052 0.34815
18.6454 0.25763
-14.2468 0.16154
-45.5772 0.065639
-73.1679 -0.018815
-95.4067 -0.1025
-114.867 -0.20828
-130.294 -0.29214
-146.462 -0.38003
-163.882 -0.47472
-177.689 -0.55742
-178.067 -0.67828
-178.199 -0.72065
-139.11 -0.60753
-108.1 -0.51779
-74.6948 -0.42112
-37.3091 -0.31293
-6.73081 -0.22444
16.3969 -0.1433
36.1151 -0.069148
57.3119 0.010564
56.9697 0.0096009
91.2285 0.13811
103.619 0.21497
117.824 0.30494
130.76 0.38687
144.782 0.47568
156.761 0.55155
171.236 0.64323
183.715 0.72353
138.667 0.59665
111.823 0.52104
74.2731 0.41528
39.7629 0.31808
8.49412 0.23001
-18.5433 0.13424
-40.9298 0.047504
-64.5587 -0.044046
-89.2391 -0.14004
-100.579 -0.21405
-113.975 -0.30148
-129.6 -0.40346
-138.658 -0.46258
-154.415 -0.56542
-169.202 -0.66193
-178.206 -0.7228
-136.063 -0.60071
-103.379 -0.50602
-70.6182 -0.41111
-44.6956 -0.33601
-6.79185 -0.2262
10.8299 -0.16564
37.0705 -0.06658
65.7183 0.041567
71.6621 0.064005
84.14 0.11111
102.451 0.20751
117.188 0.30109
132.354 0.39739
145.003 0.47771
159.564 0.57017
171.362 0.64509
183.717 0.72389
138.208 0.59569
108.887 0.51309
75.0718 0.41783
45.637 0.33491
13.909 0.24553
-15.1271 0.14756
-41.4148 0.0454
-63.7504 -0.041401
-82.7557 -0.11526
-101.264 -0.21948
-116.499 -0.31914
-126.102 -0.38196
-139.961 -0.47262
-153.088 -0.55849
-169.248 -0.6642
-177.036 -0.71515
-131.587 -0.58348
-99.7345 -0.4912
-76.4765 -0.42382
-38.8421 -0.31479
-8.22503 -0.22609
15.4845 -0.14414
40.355 -0.050788
56.1262 0.0084098
56.1267 0.0084117
95.1778 0.16354
117.999 0.30797
137.901 0.43393
155.898 0.54783
178.559 0.69125
184.094 0.84107
184.518 0.97267
184.888 1.0876
135.417 0.92571
93.2374 0.78768
52.9063 0.6557
8.95401 0.51187
-23.6319 0.3541
-48.916 0.21665
-68.4111 0.11067
-93.527 -0.037614
-109.824 -0.16948
-127.867 -0.31548
-142.411 -0.43316
-158.285 -0.56161
-175.712 -0.70262
-178.566 -0.83809
-178.986 -0.97232
-179.342 -1.0864
-120.197 -0.8873
-88.1829 -0.77953
-42.0463 -0.62422
0.148955 -0.48164
17.1572 -0.36296
38.0478 -0.21719
56.9725 -0.085138
69.3468 0.0012073
69.3539 0.0012571
93.114 0.16908
107.434 0.3124
119.549 0.43365
131.921 0.55748
146.22 0.70059
159.765 0.83615
174.237 0.981
184.894 1.0892
133.116 0.91967
87.5256 0.7704
51.1073 0.65116
4.86973 0.49977
-16.5678 0.36465
-34.9602 0.23235
-55.029 0.087992
-75.0815 -0.05625
-90.6718 -0.17152
-105.531 -0.32483
-119.181 -0.46567
-130.612 -0.58361
-144.283 -0.72467
-155.164 -0.83694
-169.727 -0.98719
-179.265 -1.0856
-131.102 -0.92347
-91.1651 -0.78903
-51.2133 -0.65454
-11.5704 -0.52109
14.2573 -0.38259
33.2565 -0.24993
54.5186 -0.10147
69.5824 0.0037119
69.5859 0.0037365
93.9066 0.17798
109.091 0.33005
123.114 0.47049
135.181 0.59134
146.241 0.7021
160.382 0.84372
172.364 0.96372
183.086 1.0711
138.693 0.92575
90.8982 0.76926
45.6685 0.62117
7.06342 0.49477
-19.2011 0.33483
-38.2755 0.19892
-57.8981 0.059104
-76.754 -0.075249
-89.5298 -0.16628
-104.502 -0.3193
-119.192 -0.46987
-132.476 -0.60603
-144.057 -0.72473
-156.823 -0.85558
-170.22 -0.9929
-179.176 -1.0847
-118.813 -0.8815
-81.6154 -0.75628
-38.7464 -0.61197
-8.3392 -0.50961
17.1064 -0.36215
38.6276 -0.21195
55.3208 -0.095446
69.3881 0.0027319
69.3677 0.0026649
100.201 0.24129
115.43 0.39376
131.941 0.55906
151.579 0.75567
169.583 0.93592
184.999 1.1218
185.566 1.2978
186.065 1.4527
126.532 1.2361
71.5338 1.036
17.4952 0.83939
-11.9508 0.67032
-36.4314 0.45438
-54.9387 0.29113
-73.6897 0.12573
-94.2686 -0.070159
-109.267 -0.24932
-121.139 -0.39114
-136.499 -0.57462
-152.678 -0.76788
-167.384 -0.94356
-179.502 -1.1374
-180.064 -1.3175
-180.45 -1.441
-124.231 -1.2311
-71.4395 -1.034
-13.862 -0.81903
10.2078 -0.66282
27.6407 -0.48443
47.2285 -0.28399
64.9341 -0.10281
75.9578 0.0099939
75.9252 0.0098756
96.5257 0.23233
110.762 0.42637
121.441 0.57191
134.411 0.74869
151.304 0.97893
162.549 1.1322
175.617 1.3103
186.081 1.4577
120.281 1.218
67.9331 1.0273
18.2337 0.84625
-11.8099 0.6551
-27.0789 0.49384
-44.0391 0.31472
-66.0749 0.081995
-78.5236 -0.049478
-95.071 -0.24116
-110.199 -0.45376
-118.302 -0.56762
-132.373 -0.76537
-146.123 -0.9586
-160.462 -1.1601
-172.374 -1.3275
-180.351 -1.4396
-119.953 -1.2141
-62.0753 -0.99801
-21.9663 -0.84826
7.71609 -0.68715
29.4624 -0.46423
46.2423 -0.29222
63.1666 -0.11873
76.2005 0.014879
76.1486 0.01469
103.025 0.32381
123.95 0.60948
143.509 0.87651
161.931 1.128
184.242 1.4326
186.808 1.6835
187.595 1.9279
188.35 2.162
120.568 1.8768
46.7016 1.566
-6.24758 1.2831
-26.3286 1.0054
-46.3416 0.72864
-66.0357 0.45629
-84.186 0.20529
-101.384 -0.071498
-116.359 -0.33088
-133.085 -0.6206
-147.806 -0.87558
-162.564 -1.1312
-178.395 -1.4054
-181.148 -1.6644
-182.012 -1.9408
-182.716 -2.166
-108.746 -1.8454
-42.9901 -1.5604
3.33942 -1.318
22.6628 -0.99354
39.2318 -0.71533
56.3242 -0.42833
70.2078 -0.19521
81.8634 0.00049911
81.8712 0.00063002
102.93 0.38896
113.37 0.60565
126.481 0.8778
140.799 1.175
154.838 1.4664
165.591 1.6896
177.934 1.9458
188.406 2.1796
110.399 1.8504
43.5284 1.5682
-7.59858 1.2524
-20.9717 1.0199
-38.9216 0.70783
-55.5141 0.41936
-70.083 0.16607
-84.8512 -0.090684
-99.6214 -0.38129
-110.854 -0.62255
-122.242 -0.86714
-138.815 -1.2231
-149.589 -1.4545
-164.12 -1.7666
-172.706 -1.951
-182.576 -2.163
-101.177 -1.8102
-38.3282 -1.5378
5.53847 -1.2783
21.0843 -1.0162
38.5447 -0.72182
54.6208 -0.45078
71.5509 -0.16534
81.8559 0.0084002
81.8904 0.0089822
102.52 0.38988
121.91 0.79394
138.311 1.1357
157.228 1.5299
173.41 1.8671
182.831 2.2551
141.386 2.6179
110.908 2.8847
20.4675 2.4608
-10.3102 2.1303
-27.795 1.7325
-44.1151 1.3612
-60.9714 0.9777
-78.9288 0.56915
-93.8388 0.21978
-109.288 -0.19492
-121.773 -0.53008
-133.126 -0.83483
-146.633 -1.1974
-159.057 -1.5309
-171.484 -1.8645
-176.801 -2.2587
-134.186 -2.6436
-105.798 -2.9
-3.55564 -2.4057
6.37224 -2.0997
14.1894 -1.7454
22.2582 -1.3797
30.6514 -0.99929
39.7161 -0.58845
46.8319 -0.26594
53.0084 0.013997
52.8552 0.013279
62.1415 0.45767
69.9189 0.84474
77.9493 1.2444
83.8808 1.5396
90.3608 1.8621
98.2734 2.2559
105.437 2.6124
110.268 2.8903
14.4994 2.4411
-6.49473 2.0643
-16.2182 1.602
-24.0319 1.2305
-30.8564 0.90603
-37.1189 0.60828
-43.7553 0.29275
-52.3117 -0.11406
-59.516 -0.48698
-65.9785 -0.82392
-74.4998 -1.2682
-78.8958 -1.4974
-87.6477 -1.9537
-93.86 -2.2776
-99.7598 -2.5852
-105.598 -2.8896
-7.18275 -2.4138
7.27515 -2.0476
15.7975 -1.6593
24.3023 -1.2718
31.528 -0.94258
39.098 -0.59767
47.0311 -0.23622
52.3484 0.0060524
52.1714 0.0052221
62.9946 0.52609
72.8186 1.0174
82.1845 1.4858
91.3405 1.9437
100.41 2.3973
108.775 2.8156
69.2801 3.2491
68.43 3.6094
-3.71529 3.0532
-11.9834 2.5907
-19.7063 2.1587
-28.4071 1.672
-36.1908 1.2366
-44.9099 0.74887
-53.7236 0.25207
-60.85 -0.1793
-68.3633 -0.63408
-75.4113 -1.0607
-82.0509 -1.4626
-90.2204 -1.9571
-96.3611 -2.3288
-104.246 -2.8061
-66.3771 -3.2671
-66.3771 -3.616
2.54467 -3.0183
6.75364 -2.6055
11.9058 -2.1002
24.2176 -0.8927
25.3517 -0.78147
26.1349 -0.70466
30.2055 -0.30543
33.5815 0.025677
33.6698 0.034333
39.6599 0.64822
43.6771 1.0617
48.2523 1.5326
52.5156 1.9714
56.568 2.3885
61.2607 2.8715
65.2597 3.2831
68.43 3.6221
-2.31101 3.0392
-7.83879 2.4793
-12.0545 2.0523
-16.59 1.5929
-20.708 1.1758
-24.9241 0.74875
-30.0598 0.22857
-33.9264 -0.16677
-38.4004 -0.64231
-42.2491 -1.0514
-46.1892 -1.4702
-51.2752 -2.0108
-54.4194 -2.345
-59.9598 -2.9339
-63.4644 -3.3064
-66.3771 -3.6511
3.23477 -2.9823
8.98444 -2.4145
11.8815 -2.1284
16.6449 -1.658
21.6858 -1.1602
26.1667 -0.71769
30.6046 -0.27943
33.7957 0.035699
33.3459 0.033406
