1.85323 0 -1.85323 0 0 1.85323 0
8.33146 0 -8.33146 0 0 8.33146 0
13.5083 0 -13.5083 0 0 13.5083 0
17.726 0 -17.726 0 0 17.726 0
13.089 0 -13.089 0 0 13.089 0
7.93736 0 -7.93736 0 0 7.93736 0
3.80498 0 -3.80498 0 0 3.80498 0
-1.51502 0 1.51502 0 0 -1.51502 0
-5.78819 0 5.78819 0 0 -5.78819 0
-10.8571 0 10.8571 0 0 -10.8571 0
-13.6636 0 13.6636 0 0 -13.6636 0
-13.2528 0 13.2528 0 0 -13.2528 0
0.365585 0 -0.365585 0 0 0.365585 0
4.08363 0 -4.08363 0 0 4.08363 0
13.9715 0 -13.9715 0 0 13.9715 0
18.2287 0 -18.2287 0 0 18.2287 0
4.72211 0 -4.72211 0 0 4.72211 0
-4.67766 0 4.67766 0 0 -4.67766 0
-13.8704 0 13.8704 0 0 -13.8704 0
-2.70916 0 2.70916 0 0 -2.70916 0
1.0834 0 -1.0834 0 0 1.0834 0
4.56465 0 -4.56465 0 0 4.56465 0
17.1523 0 -17.1523 0 0 17.1523 0
17.659 0 -17.659 0 0 17.659 0
18.4819 0 -18.4819 0 0 18.4819 0
3.98121 0 -3.98121 0 0 3.98121 0
-9.08701 0 9.08701 0 0 -9.08701 0
-13.6895 0 13.6895 0 0 -13.6895 0
-5.58613 0 5.58613 0 0 -5.58613 0
0.801315 0 -0.801315 0 0 0.801315 0
5.73257 0 -5.73257 0 0 5.73257 0
19.6397 0 -19.6397 0 0 19.6397 0
29.9811 0 -29.9811 0 0 29.9811 0
35.3572 0 -35.3572 0 0 35.3572 0
18.3044 0 -18.3044 0 0 18.3044 0
17.1557 0 -17.1557 0 0 17.1557 0
5.69235 0 -5.69235 0 0 5.69235 0
-6.90222 0 6.90222 0 0 -6.90222 0
-16.2504 0 16.2504 0 0 -16.2504 0
-29.0171 0 29.0171 0 0 -29.0171 0
-34.3174 0 34.3174 0 0 -34.3174 0
-33.5447 0 33.5447 0 0 -33.5447 0
-20.2366 0 20.2366 0 0 -20.2366 0
1.33416 0 -1.33416 0 0 1.33416 0
20.99 0 -20.99 0 0 20.99 0
36.0285 0 -36.0285 0 0 36.0285 0
15.2905 0 -15.2905 0 0 15.2905 0
0.0940364 0 -0.0940364 0 0 0.0940364 0
-21.3247 0 21.3247 0 0 -21.3247 0
-34.6639 0 34.6639 0 0 -34.6639 0
-14.9888 0 14.9888 0 0 -14.9888 0
4.19999 0 -4.19999 0 0 4.19999 0
20.6645 0 -20.6645 0 0 20.6645 0
36.3547 0 -36.2203 0 0 36.2203 0
22.3745 0 -22.2748 0 0 22.2748 0
-5.97218 0 6.1335 0 0 -6.1335 0
-34.9268 0 34.9253 0 0 -34.9253 0
-34.9142 0 34.9143 0 0 -34.9143 0
-16.6467 0 16.6467 0 0 -16.6467 0
1.65761 0 -1.65761 0 0 1.65761 0
2.40814 0 -2.40814 0 0 2.40814 0
26.0566 0 -26.0566 0 0 26.0566 0
35.7712 0 -35.7712 0 0 35.7712 0
46.3214 0 -46.3214 0 0 46.3214 0
62.5504 0 -62.5504 0 0 62.5504 0
58.0279 0 -58.0279 0 0 58.0279 0
19.2347 0 -19.2347 0 0 19.2347 0
3.23242 0 -3.23242 0 0 3.23242 0
-0.775611 0 0.775611 0 0 -0.775611 0
-21.4557 0 21.4557 0 0 -21.4557 0
-29.4799 0 29.4799 0 0 -29.4799 0
-44.4143 0 44.4143 0 0 -44.4143 0
-61.6854 0 61.6854 0 0 -61.6854 0
-61.9289 0 61.9289 0 0 -61.9289 0
-51.7975 0 51.7975 0 0 -51.7975 0
-40.2612 0 40.2612 0 0 -40.2612 0
-22.3126 0 22.3126 0 0 -22.3126 0
5.15936 0 -5.15936 0 0 5.15936 0
34.9355 0 -34.6924 0 0 34.6924 0
47.3288 0 -47.7511 0 0 47.7511 0
54.9818 0 -55.4098 0 0 55.4098 0
67.672 0 -67.2023 0 0 67.2023 0
67.7937 0 -67.6992 0 0 67.6992 0
31.0856 0 -30.9817 0 0 30.9817 0
3.90206 0 -3.68488 0 0 3.68488 0
-11.8605 0 11.9346 0 0 -11.9346 0
-14.3728 0 14.3871 0 0 -14.3871 0
-35.8919 0 35.8805 0 0 -35.8805 0
-45.5893 0 45.5905 0 0 -45.5905 0
-63.5737 0 63.5738 0 0 -63.5738 0
-22.9132 0 22.9116 0 0 -22.9116 0
4.28943 0 -4.28903 0 0 4.28903 0
23.3191 0 -23.3191 0 0 23.3191 0
45.0345 0 -45.0346 0 0 45.0346 0
66.1843 0 -66.1843 0 0 66.1843 0
28.0503 0 -28.0503 0 0 28.0503 0
1.62436 0 -1.62436 0 0 1.62436 0
-15.3593 0 15.3593 0 0 -15.3593 0
-42.6334 0 42.6334 0 0 -42.6334 0
-55.5971 0 55.5971 0 0 -55.5971 0
-63.8332 0 63.8332 0 0 -63.8332 0
-42.158 0 42.158 0 0 -42.158 0
-3.71591 0 3.71591 0 0 -3.71591 0
9.06955 0 -9.06955 0 0 9.06955 0
27.1696 0 -27.1696 0 0 27.1696 0
40.7115 0 -40.7115 0 0 40.7115 0
49.9434 0 -49.9434 0 0 49.9434 0
58.2011 0 -58.2011 0 0 58.2011 0
67.0069 0 -67.0069 0 0 67.0069 0
76.884 0 -76.884 0 0 76.884 0
85.7189 0 -85.7189 0 0 85.7189 0
93.9013 0 -93.9013 0 0 93.9013 0
74.0405 0 -74.0405 0 0 74.0405 0
63.5605 0 -63.5605 0 0 63.5605 0
51.5161 0 -51.5161 0 0 51.5161 0
39.2791 0 -39.2791 0 0 39.2791 0
25.3725 0 -25.3725 0 0 25.3725 0
8.98887 0 -8.98887 0 0 8.98887 0
1.11781 0 -1.11781 0 0 1.11781 0
-20.0359 0 20.0359 0 0 -20.0359 0
-33.8088 0 33.8088 0 0 -33.8088 0
-42.8243 0 42.8243 0 0 -42.8243 0
-50.4945 0 50.4945 0 0 -50.4945 0
-58.4094 0 58.4094 0 0 -58.4094 0
-67.7217 0 67.7217 0 0 -67.7217 0
-74.6484 0 74.6484 0 0 -74.6484 0
-83.8666 0 83.8666 0 0 -83.8666 0
-91.6316 0 91.6316 0 0 -91.6316 0
-78.2452 0 78.2452 0 0 -78.2452 0
-55.3714 0 55.3714 0 0 -55.3714 0
-48.9805 0 48.9805 0 0 -48.9805 0
-36.9079 0 36.9079 0 0 -36.9079 0
-20.7409 0 20.7409 0 0 -20.7409 0
-10.2928 0 10.2928 0 0 -10.2928 0
1.40407 0 -1.40407 0 0 1.40407 0
11.5187 0 -11.5187 0 0 11.5187 0
11.5574 0 -11.5574 0 0 11.5574 0
27.9385 0 -27.9385 0 0 27.9385 0
41.6154 0 -41.6154 0 0 41.6154 0
56.6154 0 -56.6154 0 0 56.6154 0
64.2003 0 -64.2003 0 0 64.2003 0
72.9025 0 -72.9025 0 0 72.9025 0
80.6533 0 -80.6533 0 0 80.6533 0
87.2493 0 -87.2493 0 0 87.2493 0
95.0011 0 -95.0011 0 0 95.0011 0
75.9389 0 -75.9389 0 0 75.9389 0
60.2158 0 -60.2158 0 0 60.2158 0
50.4475 0 -50.4475 0 0 50.4475 0
35.3829 0 -35.3829 0 0 35.3829 0
23.4884 0 -23.4884 0 0 23.4884 0
8.37702 0 -8.37702 0 0 8.37702 0
0.0948691 0 -0.0948691 0 0 0.0948691 0
-17.9567 0 17.9567 0 0 -17.9567 0
-34.7736 0 34.7736 0 0 -34.7736 0
-40.3044 0 40.3044 0 0 -40.3044 0
-51.9498 0 51.9498 0 0 -51.9498 0
-70.0975 0 70.0975 0 0 -70.0975 0
-73.0641 0 73.0641 0 0 -73.0641 0
-79.7551 0 79.7551 0 0 -79.7551 0
-87.0611 0 87.0611 0 0 -87.0611 0
-92.3023 0 92.3023 0 0 -92.3023 0
-74.1583 0 74.1583 0 0 -74.1583 0
-61.2305 0 61.2305 0 0 -61.2305 0
-48.4041 0 48.4041 0 0 -48.4041 0
-36.0678 0 36.0678 0 0 -36.0678 0
-22.8741 0 22.8741 0 0 -22.8741 0
-9.81733 0 9.81733 0 0 -9.81733 0
6.57659 0 -6.57659 0 0 6.57659 0
12.4643 0 -12.4643 0 0 12.4643 0
12.807 0 -12.807 0 0 12.807 0
30.204 0 -30.204 0 0 30.204 0
45.0324 0 -45.0324 0 0 45.0324 0
55.9766 0 -55.9766 0 0 55.9766 0
66.2492 0 -66.2492 0 0 66.2492 0
72.3074 0 -72.3074 0 0 72.3074 0
80.6269 0 -80.6269 0 0 80.6269 0
87.5365 0 -87.5365 0 0 87.5365 0
94.68 0 -94.68 0 0 94.68 0
73.8818 0 -73.8818 0 0 73.8818 0
63.228 0 -63.228 0 0 63.228 0
49.5709 0 -49.5709 0 0 49.5709 0
33.8547 0 -33.8547 0 0 33.8547 0
22.576 0 -22.576 0 0 22.576 0
7.27068 0 -7.27068 0 0 7.27068 0
-2.94482 0 2.94482 0 0 -2.94482 0
-17.0865 0 17.0865 0 0 -17.0865 0
-31.3984 0 31.3984 0 0 -31.3984 0
-40.0744 0 40.0744 0 0 -40.0744 0
-52.511 0 52.511 0 0 -52.511 0
-64.9751 0 64.9751 0 0 -64.9751 0
-71.9725 0 71.9725 0 0 -71.9725 0
-77.9373 0 77.9373 0 0 -77.9373 0
-87.0984 0 87.0984 0 0 -87.0984 0
-92.4141 0 92.4141 0 0 -92.4141 0
-73.2323 0 73.2323 0 0 -73.2323 0
-57.6988 0 57.6988 0 0 -57.6988 0
-43.699 0 43.699 0 0 -43.699 0
-36.1051 0 36.1051 0 0 -36.1051 0
-24.5138 0 24.5138 0 0 -24.5138 0
-8.10993 0 8.10993 0 0 -8.10993 0
4.23823 0 -4.23823 0 0 4.23823 0
11.7973 0 -11.7973 0 0 11.7973 0
11.7935 0 -11.7935 0 0 11.7935 0
36.6972 0 -36.6972 0 0 36.6972 0
53.2408 0 -53.2408 0 0 53.2408 0
68.0426 0 -68.0426 0 0 68.0426 0
80.7558 0 -80.7558 0 0 80.7558 0
92.3279 0 -92.3279 0 0 92.3279 0
105.518 0 -105.518 0 0 105.518 0
119.499 0 -119.499 0 0 119.499 0
132.035 0 -132.035 0 0 132.035 0
108.653 0 -108.653 0 0 108.653 0
87.3471 0 -87.3471 0 0 87.3471 0
74.7919 0 -74.7919 0 0 74.7919 0
57.4269 0 -57.4269 0 0 57.4269 0
41.7852 0 -41.7852 0 0 41.7852 0
19.2046 0 -19.2046 0 0 19.2046 0
7.82815 0 -7.82815 0 0 7.82815 0
-12.8492 0 12.8492 0 0 -12.8492 0
-37.492 0 37.492 0 0 -37.492 0
-50.1249 0 50.1249 0 0 -50.1249 0
-68.7389 0 68.7389 0 0 -68.7389 0
-77.7476 0 77.7476 0 0 -77.7476 0
-94.1907 0 94.1907 0 0 -94.1907 0
-106.104 0 106.104 0 0 -106.104 0
-118.348 0 118.348 0 0 -118.348 0
-128.932 0 128.932 0 0 -128.932 0
-97.8642 0 97.8642 0 0 -97.8642 0
-87.2434 0 87.2434 0 0 -87.2434 0
-71.1725 0 71.1725 0 0 -71.1725 0
-50.2205 0 50.2205 0 0 -50.2205 0
-32.8039 0 32.8039 0 0 -32.8039 0
-22.1925 0 22.1925 0 0 -22.1925 0
-7.02519 0 7.02519 0 0 -7.02519 0
7.65667 0 -7.65667 0 0 7.65667 0
8.07041 0 -8.07041 0 0 8.07041 0
30.8566 0 -30.8566 0 0 30.8566 0
43.051 0 -43.051 0 0 43.051 0
64.3336 0 -64.3336 0 0 64.3336 0
77.2273 0 -77.2273 0 0 77.2273 0
98.5888 0 -98.5888 0 0 98.5888 0
112.622 0 -112.622 0 0 112.622 0
121.711 0 -121.711 0 0 121.711 0
132.766 0 -132.766 0 0 132.766 0
101.54 0 -101.54 0 0 101.54 0
92.1991 0 -92.1991 0 0 92.1991 0
66.8518 0 -66.8518 0 0 66.8518 0
45.3106 0 -45.3106 0 0 45.3106 0
35.8427 0 -35.8427 0 0 35.8427 0
19.7425 0 -19.7425 0 0 19.7425 0
6.35606 0 -6.35606 0 0 6.35606 0
-14.0966 0 14.0966 0 0 -14.0966 0
-26.1468 0 26.1468 0 0 -26.1468 0
-54.7674 0 54.7674 0 0 -54.7674 0
-70.284 0 70.284 0 0 -70.284 0
-77.147 0 77.147 0 0 -77.147 0
-94.9006 0 94.9006 0 0 -94.9006 0
-110.115 0 110.115 0 0 -110.115 0
-118.906 0 118.906 0 0 -118.906 0
-127.93 0 127.93 0 0 -127.93 0
-101.925 0 101.925 0 0 -101.925 0
-85.8546 0 85.8546 0 0 -85.8546 0
-67.6546 0 67.6546 0 0 -67.6546 0
-49.5184 0 49.5184 0 0 -49.5184 0
-37.5967 0 37.5967 0 0 -37.5967 0
-19.0572 0 19.0572 0 0 -19.0572 0
-8.86621 0 8.86621 0 0 -8.86621 0
12.7289 0 -12.7289 0 0 12.7289 0
17.4923 0 -17.4923 0 0 17.4923 0
26.7712 0 -26.7712 0 0 26.7712 0
47.774 0 -47.774 0 0 47.774 0
60.5071 0 -60.5071 0 0 60.5071 0
82.1188 0 -82.1188 0 0 82.1188 0
97.0711 0 -97.0711 0 0 97.0711 0
112.735 0 -112.735 0 0 112.735 0
125.144 0 -125.144 0 0 125.144 0
131.19 0 -131.19 0 0 131.19 0
107.587 0 -107.587 0 0 107.587 0
91.9237 0 -91.9237 0 0 91.9237 0
74.6626 0 -74.6626 0 0 74.6626 0
53.2575 0 -53.2575 0 0 53.2575 0
37.4578 0 -37.4578 0 0 37.4578 0
21.4998 0 -21.4998 0 0 21.4998 0
7.49328 0 -7.49328 0 0 7.49328 0
-8.19618 0 8.19618 0 0 -8.19618 0
-32.3053 0 32.3053 0 0 -32.3053 0
-41.5127 0 41.5127 0 0 -41.5127 0
-59.4297 0 59.4297 0 0 -59.4297 0
-76.7957 0 76.7957 0 0 -76.7957 0
-90.7179 0 90.7179 0 0 -90.7179 0
-111.853 0 111.853 0 0 -111.853 0
-121.465 0 121.465 0 0 -121.465 0
-127.968 0 127.968 0 0 -127.968 0
-94.5508 0 94.5508 0 0 -94.5508 0
-81.4626 0 81.4626 0 0 -81.4626 0
-64.1652 0 64.1652 0 0 -64.1652 0
-48.2807 0 48.2807 0 0 -48.2807 0
-38.1363 0 38.1363 0 0 -38.1363 0
-21.2604 0 21.2604 0 0 -21.2604 0
-5.46613 0 5.46613 0 0 -5.46613 0
6.43267 0 -6.43267 0 0 6.43267 0
6.52932 0 -6.52932 0 0 6.52932 0
35.7867 0 -35.7867 0 0 35.7867 0
55.3563 0 -55.3563 0 0 55.3563 0
80.8417 0 -80.8417 0 0 80.8417 0
101.99 0 -101.99 0 0 101.99 0
119.352 0 -119.352 0 0 119.352 0
136.303 0 -136.303 0 0 136.303 0
151.596 0 -151.596 0 0 151.596 0
158.583 0 -158.583 0 0 158.583 0
131.983 0 -131.983 0 0 131.983 0
112.174 0 -112.174 0 0 112.174 0
92.2371 0 -92.2371 0 0 92.2371 0
72.7933 0 -72.7933 0 0 72.7933 0
51.2544 0 -51.2544 0 0 51.2544 0
32.7098 0 -32.7098 0 0 32.7098 0
11.7876 0 -11.7876 0 0 11.7876 0
-14.3027 0 14.3027 0 0 -14.3027 0
-43.3196 0 43.3196 0 0 -43.3196 0
-72.1634 0 72.1634 0 0 -72.1634 0
-85.1045 0 85.1045 0 0 -85.1045 0
-103.861 0 103.861 0 0 -103.861 0
-117.589 0 117.589 0 0 -117.589 0
-134.732 0 134.732 0 0 -134.732 0
-147.407 0 147.407 0 0 -147.407 0
-153.482 0 153.482 0 0 -153.482 0
-129.977 0 129.977 0 0 -129.977 0
-98.9373 0 98.9373 0 0 -98.9373 0
-80.898 0 80.898 0 0 -80.898 0
-67.3808 0 67.3808 0 0 -67.3808 0
-41.0496 0 41.0496 0 0 -41.0496 0
-23.005 0 23.005 0 0 -23.005 0
-5.98901 0 5.98901 0 0 -5.98901 0
9.94576 0 -9.94576 0 0 9.94576 0
9.93188 0 -9.93188 0 0 9.93188 0
43.3216 0 -43.3216 0 0 43.3216 0
53.6237 0 -53.6237 0 0 53.6237 0
77.3123 0 -77.3123 0 0 77.3123 0
98.2852 0 -98.2852 0 0 98.2852 0
115.99 0 -115.99 0 0 115.99 0
136.071 0 -136.071 0 0 136.071 0
149.308 0 -149.308 0 0 149.308 0
158.869 0 -158.869 0 0 158.869 0
121.337 0 -121.337 0 0 121.337 0
98.2239 0 -98.2239 0 0 98.2239 0
85.3639 0 -85.3639 0 0 85.3639 0
67.6187 0 -67.6187 0 0 67.6187 0
46.7017 0 -46.7017 0 0 46.7017 0
27.3178 0 -27.3178 0 0 27.3178 0
9.86425 0 -9.86425 0 0 9.86425 0
-13.3536 0 13.3536 0 0 -13.3536 0
-40.4062 0 40.4062 0 0 -40.4062 0
-54.0205 0 54.0205 0 0 -54.0205 0
-75.7584 0 75.7584 0 0 -75.7584 0
-99.3835 0 99.3835 0 0 -99.3835 0
-121.624 0 121.624 0 0 -121.624 0
-132.369 0 132.369 0 0 -132.369 0
-143.775 0 143.775 0 0 -143.775 0
-153.968 0 153.968 0 0 -153.968 0
-125.221 0 125.221 0 0 -125.221 0
-106.038 0 106.038 0 0 -106.038 0
-86.3976 0 86.3976 0 0 -86.3976 0
-61.8441 0 61.8441 0 0 -61.8441 0
-45.4663 0 45.4663 0 0 -45.4663 0
-23.6709 0 23.6709 0 0 -23.6709 0
-3.72462 0 3.72462 0 0 -3.72462 0
12.9593 0 -12.9593 0 0 12.9593 0
16.9594 0 -16.9594 0 0 16.9594 0
34.5429 0 -34.5429 0 0 34.5429 0
58.8503 0 -58.8503 0 0 58.8503 0
75.3013 0 -75.3013 0 0 75.3013 0
99.2259 0 -99.2259 0 0 99.2259 0
118.302 0 -118.302 0 0 118.302 0
134.003 0 -134.003 0 0 134.003 0
148.365 0 -148.365 0 0 148.365 0
159.416 0 -159.416 0 0 159.416 0
127.281 0 -127.281 0 0 127.281 0
107.194 0 -107.194 0 0 107.194 0
90.2475 0 -90.2475 0 0 90.2475 0
70.8609 0 -70.8609 0 0 70.8609 0
48.2575 0 -48.2575 0 0 48.2575 0
27.5565 0 -27.5565 0 0 27.5565 0
4.11351 0 -4.11351 0 0 4.11351 0
-17.1581 0 17.1581 0 0 -17.1581 0
-43.5269 0 43.5269 0 0 -43.5269 0
-55.4676 0 55.4676 0 0 -55.4676 0
-78.1613 0 78.1613 0 0 -78.1613 0
-97.2776 0 97.2776 0 0 -97.2776 0
-112.586 0 112.586 0 0 -112.586 0
-130.904 0 130.904 0 0 -130.904 0
-143.073 0 143.073 0 0 -143.073 0
-153.88 0 153.88 0 0 -153.88 0
-121.195 0 121.195 0 0 -121.195 0
-105.665 0 105.665 0 0 -105.665 0
-80.6187 0 80.6187 0 0 -80.6187 0
-58.9414 0 58.9414 0 0 -58.9414 0
-38.4137 0 38.4137 0 0 -38.4137 0
-23.224 0 23.224 0 0 -23.224 0
-8.38412 0 8.38412 0 0 -8.38412 0
12.9807 0 -12.9807 0 0 12.9807 0
14.1093 0 -14.1093 0 0 14.1093 0
43.8031 0 -43.8031 0 0 43.8031 0
75.9103 0 -75.9103 0 0 75.9103 0
107.228 0 -107.228 0 0 107.228 0
134.558 0 -134.558 0 0 134.558 0
154.197 0 -154.197 0 0 154.197 0
168.248 0 -168.248 0 0 168.248 0
180.862 0 -180.862 0 0 180.862 0
183.15 0 -183.15 0 0 183.15 0
148.532 0 -148.532 0 0 148.532 0
122.183 0 -122.183 0 0 122.183 0
93.136 0 -93.136 0 0 93.136 0
67.0855 0 -67.0855 0 0 67.0855 0
42.275 0 -42.275 0 0 42.275 0
13.9253 0 -13.9253 0 0 13.9253 0
-19.8259 0 19.8259 0 0 -19.8259 0
-45.6807 0 45.6807 0 0 -45.6807 0
-75.7378 0 75.7378 0 0 -75.7378 0
-96.9094 0 96.9094 0 0 -96.9094 0
-118.542 0 118.542 0 0 -118.542 0
-134.41 0 134.41 0 0 -134.41 0
-152.009 0 152.009 0 0 -152.009 0
-166.346 0 166.346 0 0 -166.346 0
-177.519 0 177.519 0 0 -177.519 0
-177.665 0 177.665 0 0 -177.665 0
-141.755 0 141.755 0 0 -141.755 0
-119.261 0 119.261 0 0 -119.261 0
-87.1884 0 87.1884 0 0 -87.1884 0
-64.6744 0 64.6744 0 0 -64.6744 0
-41.2775 0 41.2775 0 0 -41.2775 0
-13.6806 0 13.6806 0 0 -13.6806 0
15.5597 0 -15.5597 0 0 15.5597 0
35.3928 0 -35.3928 0 0 35.3928 0
35.2995 0 -35.2995 0 0 35.2995 0
72.1781 0 -72.1781 0 0 72.1781 0
91.2894 0 -91.2894 0 0 91.2894 0
111.851 0 -111.851 0 0 111.851 0
127.582 0 -127.582 0 0 127.582 0
141.623 0 -141.623 0 0 141.623 0
157.646 0 -157.646 0 0 157.646 0
170.757 0 -170.757 0 0 170.757 0
183.19 0 -183.19 0 0 183.19 0
123.126 0 -123.126 0 0 123.126 0
99.1944 0 -99.1944 0 0 99.1944 0
68.7703 0 -68.7703 0 0 68.7703 0
56.8552 0 -56.8552 0 0 56.8552 0
31.9318 0 -31.9318 0 0 31.9318 0
3.69 0 -3.69 0 0 3.69 0
-33.9204 0 33.9204 0 0 -33.9204 0
-69.8766 0 69.8766 0 0 -69.8766 0
-91.6935 0 91.6935 0 0 -91.6935 0
-98.5678 0 98.5678 0 0 -98.5678 0
-112.817 0 112.817 0 0 -112.817 0
-123.67 0 123.67 0 0 -123.67 0
-135.988 0 135.988 0 0 -135.988 0
-152.056 0 152.056 0 0 -152.056 0
-166.346 0 166.346 0 0 -166.346 0
-175.952 0 175.952 0 0 -175.952 0
-134.157 0 134.157 0 0 -134.157 0
-113.122 0 113.122 0 0 -113.122 0
-85.2236 0 85.2236 0 0 -85.2236 0
-58.926 0 58.926 0 0 -58.926 0
-32.2348 0 32.2348 0 0 -32.2348 0
-10.3323 0 10.3323 0 0 -10.3323 0
13.2449 0 -13.2449 0 0 13.2449 0
40.8031 0 -40.8031 0 0 40.8031 0
45.616 0 -45.616 0 0 45.616 0
73.9597 0 -73.9597 0 0 73.9597 0
99.336 0 -99.336 0 0 99.336 0
114.965 0 -114.965 0 0 114.965 0
129.691 0 -129.691 0 0 129.691 0
142.422 0 -142.422 0 0 142.422 0
152.291 0 -152.291 0 0 152.291 0
167.573 0 -167.573 0 0 167.573 0
179.373 0 -179.373 0 0 179.373 0
135.554 0 -135.554 0 0 135.554 0
114.671 0 -114.671 0 0 114.671 0
86.4375 0 -86.4375 0 0 86.4375 0
63.228 0 -63.228 0 0 63.228 0
34.0882 0 -34.0882 0 0 34.0882 0
9.10632 0 -9.10632 0 0 9.10632 0
-20.7256 0 20.7256 0 0 -20.7256 0
-40.1616 0 40.1616 0 0 -40.1616 0
-65.3519 0 65.3519 0 0 -65.3519 0
-96.5578 0 96.5578 0 0 -96.5578 0
-108.52 0 108.52 0 0 -108.52 0
-125.141 0 125.141 0 0 -125.141 0
-139.138 0 139.138 0 0 -139.138 0
-158.357 0 158.357 0 0 -158.357 0
-171.724 0 171.724 0 0 -171.724 0
-177.416 0 177.416 0 0 -177.416 0
-134.032 0 134.032 0 0 -134.032 0
-114.243 0 114.243 0 0 -114.243 0
-78.5664 0 78.5664 0 0 -78.5664 0
-59.1901 0 59.1901 0 0 -59.1901 0
-33.2938 0 33.2938 0 0 -33.2938 0
-8.90332 0 8.90332 0 0 -8.90332 0
16.5135 0 -16.5135 0 0 16.5135 0
34.8858 0 -34.8858 0 0 34.8858 0
34.8266 0 -34.8266 0 0 34.8266 0
83.9932 0 -83.9932 0 0 83.9932 0
110.368 0 -110.368 0 0 110.368 0
127.228 0 -127.228 0 0 127.228 0
148.132 0 -148.132 0 0 148.132 0
163.28 0 -163.28 0 0 163.28 0
182.95 0 -182.95 0 0 182.95 0
183.473 0 -183.473 0 0 183.473 0
183.711 0 -183.711 0 0 183.711 0
145.736 0 -145.736 0 0 145.736 0
115.558 0 -115.558 0 0 115.558 0
81.8388 0 -81.8388 0 0 81.8388 0
50.8052 0 -50.8052 0 0 50.8052 0
18.6454 0 -18.6454 0 0 18.6454 0
-14.2468 0 14.2468 0 0 -14.2468 0
-45.5772 0 45.5772 0 0 -45.5772 0
-73.1679 0 73.1679 0 0 -73.1679 0
-95.4067 0 95.4067 0 0 -95.4067 0
-114.867 0 114.867 0 0 -114.867 0
-130.294 0 130.294 0 0 -130.294 0
-146.462 0 146.462 0 0 -146.462 0
-163.882 0 163.882 0 0 -163.882 0
-177.689 0 177.689 0 0 -177.689 0
-178.067 0 178.067 0 0 -178.067 0
-178.199 0 178.199 0 0 -178.199 0
-139.11 0 139.11 0 0 -139.11 0
-108.1 0 108.1 0 0 -108.1 0
-74.6948 0 74.6948 0 0 -74.6948 0
-37.3091 0 37.3091 0 0 -37.3091 0
-6.73081 0 6.73081 0 0 -6.73081 0
16.3969 0 -16.3969 0 0 16.3969 0
36.1151 0 -36.1151 0 0 36.1151 0
57.3119 0 -57.3119 0 0 57.3119 0
56.9697 0 -56.9697 0 0 56.9697 0
91.2285 0 -91.2285 0 0 91.2285 0
103.619 0 -103.619 0 0 103.619 0
117.824 0 -117.824 0 0 117.824 0
130.76 0 -130.76 0 0 130.76 0
144.782 0 -144.782 0 0 144.782 0
156.761 0 -156.761 0 0 156.761 0
171.236 0 -171.236 0 0 171.236 0
183.715 0 -183.715 0 0 183.715 0
138.667 0 -138.667 0 0 138.667 0
111.823 0 -111.823 0 0 111.823 0
74.2731 0 -74.2731 0 0 74.2731 0
39.7629 0 -39.7629 0 0 39.7629 0
8.49412 0 -8.49412 0 0 8.49412 0
-18.5433 0 18.5433 0 0 -18.5433 0
-40.9298 0 40.9298 0 0 -40.9298 0
-64.5587 0 64.5587 0 0 -64.5587 0
-89.2391 0 89.2391 0 0 -89.2391 0
-100.579 0 100.579 0 0 -100.579 0
-113.975 0 113.975 0 0 -113.975 0
-129.6 0 129.6 0 0 -129.6 0
-138.658 0 138.658 0 0 -138.658 0
-154.415 0 154.415 0 0 -154.415 0
-169.202 0 169.202 0 0 -169.202 0
-178.206 0 178.206 0 0 -178.206 0
-136.063 0 136.063 0 0 -136.063 0
-103.379 0 103.379 0 0 -103.379 0
-70.6182 0 70.6182 0 0 -70.6182 0
-44.6956 0 44.6956 0 0 -44.6956 0
-6.79185 0 6.79185 0 0 -6.79185 0
10.8299 0 -10.8299 0 0 10.8299 0
37.0705 0 -37.0705 0 0 37.0705 0
65.7183 0 -65.7183 0 0 65.7183 0
71.6621 0 -71.6621 0 0 71.6621 0
84.14 0 -84.14 0 0 84.14 0
102.451 0 -102.451 0 0 102.451 0
117.188 0 -117.188 0 0 117.188 0
132.354 0 -132.354 0 0 132.354 0
145.003 0 -145.003 0 0 145.003 0
159.564 0 -159.564 0 0 159.564 0
171.362 0 -171.362 0 0 171.362 0
183.717 0 -183.717 0 0 183.717 0
138.208 0 -138.208 0 0 138.208 0
108.887 0 -108.887 0 0 108.887 0
75.0718 0 -75.0718 0 0 75.0718 0
45.637 0 -45.637 0 0 45.637 0
13.909 0 -13.909 0 0 13.909 0
-15.1271 0 15.1271 0 0 -15.1271 0
-41.4148 0 41.4148 0 0 -41.4148 0
-63.7504 0 63.7504 0 0 -63.7504 0
-82.7557 0 82.7557 0 0 -82.7557 0
-101.264 0 101.264 0 0 -101.264 0
-116.499 0 116.499 0 0 -116.499 0
-126.102 0 126.102 0 0 -126.102 0
-139.961 0 139.961 0 0 -139.961 0
-153.088 0 153.088 0 0 -153.088 0
-169.248 0 169.248 0 0 -169.248 0
-177.036 0 177.036 0 0 -177.036 0
-131.587 0 131.587 0 0 -131.587 0
-99.7345 0 99.7345 0 0 -99.7345 0
-76.4765 0 76.4765 0 0 -76.4765 0
-38.8421 0 38.8421 0 0 -38.8421 0
-8.22503 0 8.22503 0 0 -8.22503 0
15.4845 0 -15.4845 0 0 15.4845 0
40.355 0 -40.355 0 0 40.355 0
56.1262 0 -56.1262 0 0 56.1262 0
56.1267 0 -56.1267 0 0 56.1267 0
95.1778 0 -95.1778 0 0 95.1778 0
117.999 0 -117.999 0 0 117.999 0
137.901 0 -137.901 0 0 137.901 0
155.898 0 -155.898 0 0 155.898 0
178.559 0 -178.559 0 0 178.559 0
184.094 0 -184.094 0 0 184.094 0
184.518 0 -184.518 0 0 184.518 0
184.888 0 -184.888 0 0 184.888 0
135.417 0 -135.417 0 0 135.417 0
93.2374 0 -93.2374 0 0 93.2374 0
52.9063 0 -52.9063 0 0 52.9063 0
8.95401 0 -8.95401 0 0 8.95401 0
-23.6319 0 23.6319 0 0 -23.6319 0
-48.916 0 48.916 0 0 -48.916 0
-68.4111 0 68.4111 0 0 -68.4111 0
-93.527 0 93.527 0 0 -93.527 0
-109.824 0 109.824 0 0 -109.824 0
-127.867 0 127.867 0 0 -127.867 0
-142.411 0 142.411 0 0 -142.411 0
-158.285 0 158.285 0 0 -158.285 0
-175.712 0 175.712 0 0 -175.712 0
-178.566 0 178.566 0 0 -178.566 0
-178.986 0 178.986 0 0 -178.986 0
-179.342 0 179.342 0 0 -179.342 0
-120.197 0 120.197 0 0 -120.197 0
-88.1829 0 88.1829 0 0 -88.1829 0
-42.0463 0 42.0463 0 0 -42.0463 0
0.148955 0 -0.148955 0 0 0.148955 0
17.1572 0 -17.1572 0 0 17.1572 0
38.0478 0 -38.0478 0 0 38.0478 0
56.9725 0 -56.9725 0 0 56.9725 0
69.3468 0 -69.3468 0 0 69.3468 0
69.3539 0 -69.3539 0 0 69.3539 0
93.114 0 -93.114 0 0 93.114 0
107.434 0 -107.434 0 0 107.434 0
119.549 0 -119.549 0 0 119.549 0
131.921 0 -131.921 0 0 131.921 0
146.22 0 -146.22 0 0 146.22 0
159.765 0 -159.765 0 0 159.765 0
174.237 0 -174.237 0 0 174.237 0
184.894 0 -184.894 0 0 184.894 0
133.116 0 -133.116 0 0 133.116 0
87.5256 0 -87.5256 0 0 87.5256 0
51.1073 0 -51.1073 0 0 51.1073 0
4.86973 0 -4.86973 0 0 4.86973 0
-16.5678 0 16.5678 0 0 -16.5678 0
-34.9602 0 34.9602 0 0 -34.9602 0
-55.029 0 55.029 0 0 -55.029 0
-75.0815 0 75.0815 0 0 -75.0815 0
-90.6718 0 90.6718 0 0 -90.6718 0
-105.531 0 105.531 0 0 -105.531 0
-119.181 0 119.181 0 0 -119.181 0
-130.612 0 130.612 0 0 -130.612 0
-144.283 0 144.283 0 0 -144.283 0
-155.164 0 155.164 0 0 -155.164 0
-169.727 0 169.727 0 0 -169.727 0
-179.265 0 179.265 0 0 -179.265 0
-131.102 0 131.102 0 0 -131.102 0
-91.1651 0 91.1651 0 0 -91.1651 0
-51.2133 0 51.2133 0 0 -51.2133 0
-11.5704 0 11.5704 0 0 -11.5704 0
14.2573 0 -14.2573 0 0 14.2573 0
33.2565 0 -33.2565 0 0 33.2565 0
54.5186 0 -54.5186 0 0 54.5186 0
69.5824 0 -69.5824 0 0 69.5824 0
69.5859 0 -69.5859 0 0 69.5859 0
93.9066 0 -93.9066 0 0 93.9066 0
109.091 0 -109.091 0 0 109.091 0
123.114 0 -123.114 0 0 123.114 0
135.181 0 -135.181 0 0 135.181 0
146.241 0 -146.241 0 0 146.241 0
160.382 0 -160.382 0 0 160.382 0
172.364 0 -172.364 0 0 172.364 0
183.086 0 -183.086 0 0 183.086 0
138.693 0 -138.693 0 0 138.693 0
90.8982 0 -90.8982 0 0 90.8982 0
45.6685 0 -45.6685 0 0 45.6685 0
7.06342 0 -7.06342 0 0 7.06342 0
-19.2011 0 19.2011 0 0 -19.2011 0
-38.2755 0 38.2755 0 0 -38.2755 0
-57.8981 0 57.8981 0 0 -57.8981 0
-76.754 0 76.754 0 0 -76.754 0
-89.5298 0 89.5298 0 0 -89.5298 0
-104.502 0 104.502 0 0 -104.502 0
-119.192 0 119.192 0 0 -119.192 0
-132.476 0 132.476 0 0 -132.476 0
-144.057 0 144.057 0 0 -144.057 0
-156.823 0 156.823 0 0 -156.823 0
-170.22 0 170.22 0 0 -170.22 0
-179.176 0 179.176 0 0 -179.176 0
-118.813 0 118.813 0 0 -118.813 0
-81.6154 0 81.6154 0 0 -81.6154 0
-38.7464 0 38.7464 0 0 -38.7464 0
-8.3392 0 8.3392 0 0 -8.3392 0
17.1064 0 -17.1064 0 0 17.1064 0
38.6276 0 -38.6276 0 0 38.6276 0
55.3208 0 -55.3208 0 0 55.3208 0
69.3881 0 -69.3881 0 0 69.3881 0
69.3677 0 -69.3677 0 0 69.3677 0
100.201 0 -100.201 0 0 100.201 0
115.43 0 -115.43 0 0 115.43 0
131.941 0 -131.941 0 0 131.941 0
151.579 0 -151.579 0 0 151.579 0
169.583 0 -169.583 0 0 169.583 0
184.999 0 -184.999 0 0 184.999 0
185.566 0 -185.566 0 0 185.566 0
186.065 0 -186.065 0 0 186.065 0
126.532 0 -126.532 0 0 126.532 0
71.5338 0 -71.5338 0 0 71.5338 0
17.4952 0 -17.4952 0 0 17.4952 0
-11.9508 0 11.9508 0 0 -11.9508 0
-36.4314 0 36.4314 0 0 -36.4314 0
-54.9387 0 54.9387 0 0 -54.9387 0
-73.6897 0 73.6897 0 0 -73.6897 0
-94.2686 0 94.2686 0 0 -94.2686 0
-109.267 0 109.267 0 0 -109.267 0
-121.139 0 121.139 0 0 -121.139 0
-136.499 0 136.499 0 0 -136.499 0
-152.678 0 152.678 0 0 -152.678 0
-167.384 0 167.384 0 0 -167.384 0
-179.502 0 179.502 0 0 -179.502 0
-180.064 0 180.064 0 0 -180.064 0
-180.45 0 180.45 0 0 -180.45 0
-124.231 0 124.231 0 0 -124.231 0
-71.4395 0 71.4395 0 0 -71.4395 0
-13.862 0 13.862 0 0 -13.862 0
10.2078 0 -10.2078 0 0 10.2078 0
27.6407 0 -27.6407 0 0 27.6407 0
47.2285 0 -47.2285 0 0 47.2285 0
64.9341 0 -64.9341 0 0 64.9341 0
75.9578 0 -75.9578 0 0 75.9578 0
75.9252 0 -75.9252 0 0 75.9252 0
96.5257 0 -96.5257 0 0 96.5257 0
110.762 0 -110.762 0 0 110.762 0
121.441 0 -121.441 0 0 121.441 0
134.411 0 -134.411 0 0 134.411 0
151.304 0 -151.304 0 0 151.304 0
162.549 0 -162.549 0 0 162.549 0
175.617 0 -175.617 0 0 175.617 0
186.081 0 -186.081 0 0 186.081 0
120.281 0 -120.281 0 0 120.281 0
67.9331 0 -67.9331 0 0 67.9331 0
18.2337 0 -18.2337 0 0 18.2337 0
-11.8099 0 11.8099 0 0 -11.8099 0
-27.0789 0 27.0789 0 0 -27.0789 0
-44.0391 0 44.0391 0 0 -44.0391 0
-66.0749 0 66.0749 0 0 -66.0749 0
-78.5236 0 78.5236 0 0 -78.5236 0
-95.071 0 95.071 0 0 -95.071 0
-110.199 0 110.199 0 0 -110.199 0
-118.302 0 118.302 0 0 -118.302 0
-132.373 0 132.373 0 0 -132.373 0
-146.123 0 146.123 0 0 -146.123 0
-160.462 0 160.462 0 0 -160.462 0
-172.374 0 172.374 0 0 -172.374 0
-180.351 0 180.351 0 0 -180.351 0
-119.953 0 119.953 0 0 -119.953 0
-62.0753 0 62.0753 0 0 -62.0753 0
-21.9663 0 21.9663 0 0 -21.9663 0
7.71609 0 -7.71609 0 0 7.71609 0
29.4624 0 -29.4624 0 0 29.4624 0
46.2423 0 -46.2423 0 0 46.2423 0
63.1666 0 -63.1666 0 0 63.1666 0
76.2005 0 -76.2005 0 0 76.2005 0
76.1486 0 -76.1486 0 0 76.1486 0
103.025 0 -103.025 0 0 103.025 0
123.95 0 -123.95 0 0 123.95 0
143.509 0 -143.509 0 0 143.509 0
161.931 0 -161.931 0 0 161.931 0
184.242 0 -184.242 0 0 184.242 0
186.808 0 -186.808 0 0 186.808 0
187.595 0 -187.595 0 0 187.595 0
188.35 0 -188.35 0 0 188.35 0
120.568 0 -120.568 0 0 120.568 0
46.7016 0 -46.7016 0 0 46.7016 0
-6.24758 0 6.24758 0 0 -6.24758 0
-26.3286 0 26.3286 0 0 -26.3286 0
-46.3416 0 46.3416 0 0 -46.3416 0
-66.0357 0 66.0357 0 0 -66.0357 0
-84.186 0 84.186 0 0 -84.186 0
-101.384 0 101.384 0 0 -101.384 0
-116.359 0 116.359 0 0 -116.359 0
-133.085 0 133.085 0 0 -133.085 0
-147.806 0 147.806 0 0 -147.806 0
-162.564 0 162.564 0 0 -162.564 0
-178.395 0 178.395 0 0 -178.395 0
-181.148 0 181.148 0 0 -181.148 0
-182.012 0 182.012 0 0 -182.012 0
-182.716 0 182.716 0 0 -182.716 0
-108.746 0 108.746 0 0 -108.746 0
-42.9901 0 42.9901 0 0 -42.9901 0
3.33942 0 -3.33942 0 0 3.33942 0
22.6628 0 -22.6628 0 0 22.6628 0
39.2318 0 -39.2318 0 0 39.2318 0
56.3242 0 -56.3242 0 0 56.3242 0
70.2078 0 -70.2078 0 0 70.2078 0
81.8634 0 -81.8634 0 0 81.8634 0
81.8712 0 -81.8712 0 0 81.8712 0
102.93 0 -102.93 0 0 102.93 0
113.37 0 -113.37 0 0 113.37 0
126.481 0 -126.481 0 0 126.481 0
140.799 0 -140.799 0 0 140.799 0
154.838 0 -154.838 0 0 154.838 0
165.591 0 -165.591 0 0 165.591 0
177.934 0 -177.934 0 0 177.934 0
188.406 0 -188.406 0 0 188.406 0
110.399 0 -110.399 0 0 110.399 0
43.5284 0 -43.5284 0 0 43.5284 0
-7.59858 0 7.59858 0 0 -7.59858 0
-20.9717 0 20.9717 0 0 -20.9717 0
-38.9216 0 38.9216 0 0 -38.9216 0
-55.5141 0 55.5141 0 0 -55.5141 0
-70.083 0 70.083 0 0 -70.083 0
-84.8512 0 84.8512 0 0 -84.8512 0
-99.6214 0 99.6214 0 0 -99.6214 0
-110.854 0 110.854 0 0 -110.854 0
-122.242 0 122.242 0 0 -122.242 0
-138.815 0 138.815 0 0 -138.815 0
-149.589 0 149.589 0 0 -149.589 0
-164.12 0 164.12 0 0 -164.12 0
-172.706 0 172.706 0 0 -172.706 0
-182.576 0 182.576 0 0 -182.576 0
-101.177 0 101.177 0 0 -101.177 0
-38.3282 0 38.3282 0 0 -38.3282 0
5.53847 0 -5.53847 0 0 5.53847 0
21.0843 0 -21.0843 0 0 21.0843 0
38.5447 0 -38.5447 0 0 38.5447 0
54.6208 0 -54.6208 0 0 54.6208 0
71.5509 0 -71.5509 0 0 71.5509 0
81.8559 0 -81.8559 0 0 81.8559 0
81.8904 0 -81.8904 0 0 81.8904 0
102.52 0 -102.52 0 0 102.52 0
121.91 0 -121.91 0 0 121.91 0
138.311 0 -138.311 0 0 138.311 0
157.228 0 -157.228 0 0 157.228 0
173.41 0 -173.41 0 0 173.41 0
182.831 0 -182.831 0 0 182.831 0
141.386 0 -141.386 0 0 141.386 0
110.908 0 -110.908 0 0 110.908 0
20.4675 0 -20.4675 0 0 20.4675 0
-10.3102 0 10.3102 0 0 -10.3102 0
-27.795 0 27.795 0 0 -27.795 0
-44.1151 0 44.1151 0 0 -44.1151 0
-60.9714 0 60.9714 0 0 -60.9714 0
-78.9288 0 78.9288 0 0 -78.9288 0
-93.8388 0 93.8388 0 0 -93.8388 0
-109.288 0 109.288 0 0 -109.288 0
-121.773 0 121.773 0 0 -121.773 0
-133.126 0 133.126 0 0 -133.126 0
-146.633 0 146.633 0 0 -146.633 0
-159.057 0 159.057 0 0 -159.057 0
-171.484 0 171.484 0 0 -171.484 0
-176.801 0 176.801 0 0 -176.801 0
-134.186 0 134.186 0 0 -134.186 0
-105.798 0 105.798 0 0 -105.798 0
-3.55564 0 3.55564 0 0 -3.55564 0
6.37224 0 -6.37224 0 0 6.37224 0
14.1894 0 -14.1894 0 0 14.1894 0
22.2582 0 -22.2582 0 0 22.2582 0
30.6514 0 -30.6514 0 0 30.6514 0
39.7161 0 -39.7161 0 0 39.7161 0
46.8319 0 -46.8319 0 0 46.8319 0
53.0084 0 -53.0084 0 0 53.0084 0
52.8552 0 -52.8552 0 0 52.8552 0
62.1415 0 -62.1415 0 0 62.1415 0
69.9189 0 -69.9189 0 0 69.9189 0
77.9493 0 -77.9493 0 0 77.9493 0
83.8808 0 -83.8808 0 0 83.8808 0
90.3608 0 -90.3608 0 0 90.3608 0
98.2734 0 -98.2734 0 0 98.2734 0
105.437 0 -105.437 0 0 105.437 0
110.268 0 -110.268 0 0 110.268 0
14.4994 0 -14.4994 0 0 14.4994 0
-6.49473 0 6.49473 0 0 -6.49473 0
-16.2182 0 16.2182 0 0 -16.2182 0
-24.0319 0 24.0319 0 0 -24.0319 0
-30.8564 0 30.8564 0 0 -30.8564 0
-37.1189 0 37.1189 0 0 -37.1189 0
-43.7553 0 43.7553 0 0 -43.7553 0
-52.3117 0 52.3117 0 0 -52.3117 0
-59.516 0 59.516 0 0 -59.516 0
-65.9785 0 65.9785 0 0 -65.9785 0
-74.4998 0 74.4998 0 0 -74.4998 0
-78.8958 0 78.8958 0 0 -78.8958 0
-87.6477 0 87.6477 0 0 -87.6477 0
-93.86 0 93.86 0 0 -93.86 0
-99.7598 0 99.7598 0 0 -99.7598 0
-105.598 0 105.598 0 0 -105.598 0
-7.18275 0 7.18275 0 0 -7.18275 0
7.27515 0 -7.27515 0 0 7.27515 0
15.7975 0 -15.7975 0 0 15.7975 0
24.3023 0 -24.3023 0 0 24.3023 0
31.528 0 -31.528 0 0 31.528 0
39.098 0 -39.098 0 0 39.098 0
47.0311 0 -47.0311 0 0 47.0311 0
52.3484 0 -52.3484 0 0 52.3484 0
52.1714 0 -52.1714 0 0 52.1714 0
62.9946 0 -62.9946 0 0 62.9946 0
72.8186 0 -72.8186 0 0 72.8186 0
82.1845 0 -82.1845 0 0 82.1845 0
91.3405 0 -91.3405 0 0 91.3405 0
100.41 0 -100.41 0 0 100.41 0
108.775 0 -108.775 0 0 108.775 0
69.2801 0 -69.2801 0 0 69.2801 0
68.43 0 -68.43 0 0 68.43 0
-3.71529 0 3.71529 0 0 -3.71529 0
-11.9834 0 11.9834 0 0 -11.9834 0
-19.7063 0 19.7063 0 0 -19.7063 0
-28.4071 0 28.4071 0 0 -28.4071 0
-36.1908 0 36.1908 0 0 -36.1908 0
-44.9099 0 44.9099 0 0 -44.9099 0
-53.7236 0 53.7236 0 0 -53.7236 0
-60.85 0 60.85 0 0 -60.85 0
-68.3633 0 68.3633 0 0 -68.3633 0
-75.4113 0 75.4113 0 0 -75.4113 0
-82.0509 0 82.0509 0 0 -82.0509 0
-90.2204 0 90.2204 0 0 -90.2204 0
-96.3611 0 96.3611 0 0 -96.3611 0
-104.246 0 104.246 0 0 -104.246 0
-66.3771 0 66.3771 0 0 -66.3771 0
-66.3771 0 66.3771 0 0 -66.3771 0
2.54467 0 -2.54467 0 0 2.54467 0
6.75364 0 -6.75364 0 0 6.75364 0
11.9058 0 -11.9058 0 0 11.9058 0
24.2176 0 -24.2176 0 0 24.2176 0
25.3517 0 -25.3517 0 0 25.3517 0
26.1349 0 -26.1349 0 0 26.1349 0
30.2055 0 -30.2055 0 0 30.2055 0
33.5815 0 -33.5815 0 0 33.5815 0
33.6698 0 -33.6698 0 0 33.6698 0
39.6599 0 -39.6599 0 0 39.6599 0
43.6771 0 -43.6771 0 0 43.6771 0
48.2523 0 -48.2523 0 0 48.2523 0
52.5156 0 -52.5156 0 0 52.5156 0
56.568 0 -56.568 0 0 56.568 0
61.2607 0 -61.2607 0 0 61.2607 0
65.2597 0 -65.2597 0 0 65.2597 0
68.43 0 -68.43 0 0 68.43 0
-2.31101 0 2.31101 0 0 -2.31101 0
-7.83879 0 7.83879 0 0 -7.83879 0
-12.0545 0 12.0545 0 0 -12.0545 0
-16.59 0 16.59 0 0 -16.59 0
-20.708 0 20.708 0 0 -20.708 0
-24.9241 0 24.9241 0 0 -24.9241 0
-30.0598 0 30.0598 0 0 -30.0598 0
-33.9264 0 33.9264 0 0 -33.9264 0
-38.4004 0 38.4004 0 0 -38.4004 0
-42.2491 0 42.2491 0 0 -42.2491 0
-46.1892 0 46.1892 0 0 -46.1892 0
-51.2752 0 51.2752 0 0 -51.2752 0
-54.4194 0 54.4194 0 0 -54.4194 0
-59.9598 0 59.9598 0 0 -59.9598 0
-63.4644 0 63.4644 0 0 -63.4644 0
-66.3771 0 66.3771 0 0 -66.3771 0
3.23477 0 -3.23477 0 0 3.23477 0
8.98444 0 -8.98444 0 0 8.98444 0
11.8815 0 -11.8815 0 0 11.8815 0
16.6449 0 -16.6449 0 0 16.6449 0
21.6858 0 -21.6858 0 0 21.6858 0
26.1667 0 -26.1667 0 0 26.1667 0
30.6046 0 -30.6046 0 0 30.6046 0
33.7957 0 -33.7957 0 0 33.7957 0
33.3459 0 -33.3459 0 0 33.3459 0
