1.85323 1.85323
8.33146 8.33146
13.5083 13.5083
17.726 17.726
13.089 13.089
7.93736 7.93736
3.80498 3.80498
-1.51502 -1.51502
-5.78819 -5.78819
-10.8571 -10.8571
-13.6636 -13.6636
-13.2528 -13.2528
0.365585 0.365585
4.08363 4.08363
13.9715 13.9715
18.2287 18.2287
4.72211 4.72211
-4.67766 -4.67766
-13.8704 -13.8704
-2.70916 -2.70916
1.0834 1.0834
4.56465 4.56465
17.1523 17.1523
17.659 17.659
18.4819 18.4819
3.98121 3.98121
-9.08701 -9.08701
-13.6895 -13.6895
-5.58613 -5.58613
0.801315 0.801315
5.73257 5.73257
19.6397 19.6397
29.9811 29.9811
35.3572 35.3572
18.3044 18.3044
17.1557 17.1557
5.69235 5.69235
-6.90222 -6.90222
-16.2504 -16.2504
-29.0171 -29.0171
-34.3174 -34.3174
-33.5447 -33.5447
-20.2366 -20.2366
1.33416 1.33416
20.99 20.99
36.0285 36.0285
15.2905 15.2905
0.0940364 0.0940364
-21.3247 -21.3247
-34.6639 -34.6639
-14.9888 -14.9888
4.19999 4.19999
20.6645 20.6645
36.3547 36.2203
22.3745 22.2748
-5.97218 -6.1335
-34.9268 -34.9253
-34.9142 -34.9143
-16.6467 -16.6467
1.65761 1.65761
2.40814 2.40814
26.0566 26.0566
35.7712 35.7712
46.3214 46.3214
62.5504 62.5504
58.0279 58.0279
19.2347 19.2347
3.23242 3.23242
-0.775611 -0.775611
-21.4557 -21.4557
-29.4799 -29.4799
-44.4143 -44.4143
-61.6854 -61.6854
-61.9289 -61.9289
-51.7975 -51.7975
-40.2612 -40.2612
-22.3126 -22.3126
5.15936 5.15936
34.9355 34.6924
47.3288 47.7511
54.9818 55.4098
67.672 67.2023
67.7937 67.6992
31.0856 30.9817
3.90206 3.68488
-11.8605 -11.9346
-14.3728 -14.3871
-35.8919 -35.8805
-45.5893 -45.5905
-63.5737 -63.5738
-22.9132 -22.9116
4.28943 4.28903
23.3191 23.3191
45.0345 45.0346
66.1843 66.1843
28.0503 28.0503
1.62436 1.62436
-15.3593 -15.3593
-42.6334 -42.6334
-55.5971 -55.5971
-63.8332 -63.8332
-42.158 -42.158
-3.71591 -3.71591
9.06955 9.06955
27.1696 27.1696
40.7115 40.7115
49.9434 49.9434
58.2011 58.2011
67.0069 67.0069
76.884 76.884
85.7189 85.7189
93.9013 93.9013
74.0405 74.0405
63.5605 63.5605
51.5161 51.5161
39.2791 39.2791
25.3725 25.3725
8.98887 8.98887
1.11781 1.11781
-20.0359 -20.0359
-33.8088 -33.8088
-42.8243 -42.8243
-50.4945 -50.4945
-58.4094 -58.4094
-67.7217 -67.7217
-74.6484 -74.6484
-83.8666 -83.8666
-91.6316 -91.6316
-78.2452 -78.2452
-55.3714 -55.3714
-48.9805 -48.9805
-36.9079 -36.9079
-20.7409 -20.7409
-10.2928 -10.2928
1.40407 1.40407
11.5187 11.5187
11.5574 11.5574
27.9385 27.9385
41.6154 41.6154
56.6154 56.6154
64.2003 64.2003
72.9025 72.9025
80.6533 80.6533
87.2493 87.2493
95.0011 95.0011
75.9389 75.9389
60.2158 60.2158
50.4475 50.4475
35.3829 35.3829
23.4884 23.4884
8.37702 8.37702
0.0948691 0.0948691
-17.9567 -17.9567
-34.7736 -34.7736
-40.3044 -40.3044
-51.9498 -51.9498
-70.0975 -70.0975
-73.0641 -73.0641
-79.7551 -79.7551
-87.0611 -87.0611
-92.3023 -92.3023
-74.1583 -74.1583
-61.2305 -61.2305
-48.4041 -48.4041
-36.0678 -36.0678
-22.8741 -22.8741
-9.81733 -9.81733
6.57659 6.57659
12.4643 12.4643
12.807 12.807
30.204 30.204
45.0324 45.0324
55.9766 55.9766
66.2492 66.2492
72.3074 72.3074
80.6269 80.6269
87.5365 87.5365
94.68 94.68
73.8818 73.8818
63.228 63.228
49.5709 49.5709
33.8547 33.8547
22.576 22.576
7.27068 7.27068
-2.94482 -2.94482
-17.0865 -17.0865
-31.3984 -31.3984
-40.0744 -40.0744
-52.511 -52.511
-64.9751 -64.9751
-71.9725 -71.9725
-77.9373 -77.9373
-87.0984 -87.0984
-92.4141 -92.4141
-73.2323 -73.2323
-57.6988 -57.6988
-43.699 -43.699
-36.1051 -36.1051
-24.5138 -24.5138
-8.10993 -8.10993
4.23823 4.23823
11.7973 11.7973
11.7935 11.7935
36.6972 36.6972
53.2408 53.2408
68.0426 68.0426
80.7558 80.7558
92.3279 92.3279
105.518 105.518
119.499 119.499
132.035 132.035
108.653 108.653
87.3471 87.3471
74.7919 74.7919
57.4269 57.4269
41.7852 41.7852
19.2046 19.2046
7.82815 7.82815
-12.8492 -12.8492
-37.492 -37.492
-50.1249 -50.1249
-68.7389 -68.7389
-77.7476 -77.7476
-94.1907 -94.1907
-106.104 -106.104
-118.348 -118.348
-128.932 -128.932
-97.8642 -97.8642
-87.2434 -87.2434
-71.1725 -71.1725
-50.2205 -50.2205
-32.8039 -32.8039
-22.1925 -22.1925
-7.02519 -7.02519
7.65667 7.65667
8.07041 8.07041
30.8566 30.8566
43.051 43.051
64.3336 64.3336
77.2273 77.2273
98.5888 98.5888
112.622 112.622
121.711 121.711
132.766 132.766
101.54 101.54
92.1991 92.1991
66.8518 66.8518
45.3106 45.3106
35.8427 35.8427
19.7425 19.7425
6.35606 6.35606
-14.0966 -14.0966
-26.1468 -26.1468
-54.7674 -54.7674
-70.284 -70.284
-77.147 -77.147
-94.9006 -94.9006
-110.115 -110.115
-118.906 -118.906
-127.93 -127.93
-101.925 -101.925
-85.8546 -85.8546
-67.6546 -67.6546
-49.5184 -49.5184
-37.5967 -37.5967
-19.0572 -19.0572
-8.86621 -8.86621
12.7289 12.7289
17.4923 17.4923
26.7712 26.7712
47.774 47.774
60.5071 60.5071
82.1188 82.1188
97.0711 97.0711
112.735 112.735
125.144 125.144
131.19 131.19
107.587 107.587
91.9237 91.9237
74.6626 74.6626
53.2575 53.2575
37.4578 37.4578
21.4998 21.4998
7.49328 7.49328
-8.19618 -8.19618
-32.3053 -32.3053
-41.5127 -41.5127
-59.4297 -59.4297
-76.7957 -76.7957
-90.7179 -90.7179
-111.853 -111.853
-121.465 -121.465
-127.968 -127.968
-94.5508 -94.5508
-81.4626 -81.4626
-64.1652 -64.1652
-48.2807 -48.2807
-38.1363 -38.1363
-21.2604 -21.2604
-5.46613 -5.46613
6.43267 6.43267
6.52932 6.52932
35.7867 35.7867
55.3563 55.3563
80.8417 80.8417
101.99 101.99
119.352 119.352
136.303 136.303
151.596 151.596
158.583 158.583
131.983 131.983
112.174 112.174
92.2371 92.2371
72.7933 72.7933
51.2544 51.2544
32.7098 32.7098
11.7876 11.7876
-14.3027 -14.3027
-43.3196 -43.3196
-72.1634 -72.1634
-85.1045 -85.1045
-103.861 -103.861
-117.589 -117.589
-134.732 -134.732
-147.407 -147.407
-153.482 -153.482
-129.977 -129.977
-98.9373 -98.9373
-80.898 -80.898
-67.3808 -67.3808
-41.0496 -41.0496
-23.005 -23.005
-5.98901 -5.98901
9.94576 9.94576
9.93188 9.93188
43.3216 43.3216
53.6237 53.6237
77.3123 77.3123
98.2852 98.2852
115.99 115.99
136.071 136.071
149.308 149.308
158.869 158.869
121.337 121.337
98.2239 98.2239
85.3639 85.3639
67.6187 67.6187
46.7017 46.7017
27.3178 27.3178
9.86425 9.86425
-13.3536 -13.3536
-40.4062 -40.4062
-54.0205 -54.0205
-75.7584 -75.7584
-99.3835 -99.3835
-121.624 -121.624
-132.369 -132.369
-143.775 -143.775
-153.968 -153.968
-125.221 -125.221
-106.038 -106.038
-86.3976 -86.3976
-61.8441 -61.8441
-45.4663 -45.4663
-23.6709 -23.6709
-3.72462 -3.72462
12.9593 12.9593
16.9594 16.9594
34.5429 34.5429
58.8503 58.8503
75.3013 75.3013
99.2259 99.2259
118.302 118.302
134.003 134.003
148.365 148.365
159.416 159.416
127.281 127.281
107.194 107.194
90.2475 90.2475
70.8609 70.8609
48.2575 48.2575
27.5565 27.5565
4.11351 4.11351
-17.1581 -17.1581
-43.5269 -43.5269
-55.4676 -55.4676
-78.1613 -78.1613
-97.2776 -97.2776
-112.586 -112.586
-130.904 -130.904
-143.073 -143.073
-153.88 -153.88
-121.195 -121.195
-105.665 -105.665
-80.6187 -80.6187
-58.9414 -58.9414
-38.4137 -38.4137
-23.224 -23.224
-8.38412 -8.38412
12.9807 12.9807
14.1093 14.1093
43.8031 43.8031
75.9103 75.9103
107.228 107.228
134.558 134.558
154.197 154.197
168.248 168.248
180.862 180.862
183.15 183.15
148.532 148.532
122.183 122.183
93.136 93.136
67.0855 67.0855
42.275 42.275
13.9253 13.9253
-19.8259 -19.8259
-45.6807 -45.6807
-75.7378 -75.7378
-96.9094 -96.9094
-118.542 -118.542
-134.41 -134.41
-152.009 -152.009
-166.346 -166.346
-177.519 -177.519
-177.665 -177.665
-141.755 -141.755
-119.261 -119.261
-87.1884 -87.1884
-64.6744 -64.6744
-41.2775 -41.2775
-13.6806 -13.6806
15.5597 15.5597
35.3928 35.3928
35.2995 35.2995
72.1781 72.1781
91.2894 91.2894
111.851 111.851
127.582 127.582
141.623 141.623
157.646 157.646
170.757 170.757
183.19 183.19
123.126 123.126
99.1944 99.1944
68.7703 68.7703
56.8552 56.8552
31.9318 31.9318
3.69 3.69
-33.9204 -33.9204
-69.8766 -69.8766
-91.6935 -91.6935
-98.5678 -98.5678
-112.817 -112.817
-123.67 -123.67
-135.988 -135.988
-152.056 -152.056
-166.346 -166.346
-175.952 -175.952
-134.157 -134.157
-113.122 -113.122
-85.2236 -85.2236
-58.926 -58.926
-32.2348 -32.2348
-10.3323 -10.3323
13.2449 13.2449
40.8031 40.8031
45.616 45.616
73.9597 73.9597
99.336 99.336
114.965 114.965
129.691 129.691
142.422 142.422
152.291 152.291
167.573 167.573
179.373 179.373
135.554 135.554
114.671 114.671
86.4375 86.4375
63.228 63.228
34.0882 34.0882
9.10632 9.10632
-20.7256 -20.7256
-40.1616 -40.1616
-65.3519 -65.3519
-96.5578 -96.5578
-108.52 -108.52
-125.141 -125.141
-139.138 -139.138
-158.357 -158.357
-171.724 -171.724
-177.416 -177.416
-134.032 -134.032
-114.243 -114.243
-78.5664 -78.5664
-59.1901 -59.1901
-33.2938 -33.2938
-8.90332 -8.90332
16.5135 16.5135
34.8858 34.8858
34.8266 34.8266
83.9932 83.9932
110.368 110.368
127.228 127.228
148.132 148.132
163.28 163.28
182.95 182.95
183.473 183.473
183.711 183.711
145.736 145.736
115.558 115.558
81.8388 81.8388
50.8052 50.8052
18.6454 18.6454
-14.2468 -14.2468
-45.5772 -45.5772
-73.1679 -73.1679
-95.4067 -95.4067
-114.867 -114.867
-130.294 -130.294
-146.462 -146.462
-163.882 -163.882
-177.689 -177.689
-178.067 -178.067
-178.199 -178.199
-139.11 -139.11
-108.1 -108.1
-74.6948 -74.6948
-37.3091 -37.3091
-6.73081 -6.73081
16.3969 16.3969
36.1151 36.1151
57.3119 57.3119
56.9697 56.9697
91.2285 91.2285
103.619 103.619
117.824 117.824
130.76 130.76
144.782 144.782
156.761 156.761
171.236 171.236
183.715 183.715
138.667 138.667
111.823 111.823
74.2731 74.2731
39.7629 39.7629
8.49412 8.49412
-18.5433 -18.5433
-40.9298 -40.9298
-64.5587 -64.5587
-89.2391 -89.2391
-100.579 -100.579
-113.975 -113.975
-129.6 -129.6
-138.658 -138.658
-154.415 -154.415
-169.202 -169.202
-178.206 -178.206
-136.063 -136.063
-103.379 -103.379
-70.6182 -70.6182
-44.6956 -44.6956
-6.79185 -6.79185
10.8299 10.8299
37.0705 37.0705
65.7183 65.7183
71.6621 71.6621
84.14 84.14
102.451 102.451
117.188 117.188
132.354 132.354
145.003 145.003
159.564 159.564
171.362 171.362
183.717 183.717
138.208 138.208
108.887 108.887
75.0718 75.0718
45.637 45.637
13.909 13.909
-15.1271 -15.1271
-41.4148 -41.4148
-63.7504 -63.7504
-82.7557 -82.7557
-101.264 -101.264
-116.499 -116.499
-126.102 -126.102
-139.961 -139.961
-153.088 -153.088
-169.248 -169.248
-177.036 -177.036
-131.587 -131.587
-99.7345 -99.7345
-76.4765 -76.4765
-38.8421 -38.8421
-8.22503 -8.22503
15.4845 15.4845
40.355 40.355
56.1262 56.1262
56.1267 56.1267
95.1778 95.1778
117.999 117.999
137.901 137.901
155.898 155.898
178.559 178.559
184.094 184.094
184.518 184.518
184.888 184.888
135.417 135.417
93.2374 93.2374
52.9063 52.9063
8.95401 8.95401
-23.6319 -23.6319
-48.916 -48.916
-68.4111 -68.4111
-93.527 -93.527
-109.824 -109.824
-127.867 -127.867
-142.411 -142.411
-158.285 -158.285
-175.712 -175.712
-178.566 -178.566
-178.986 -178.986
-179.342 -179.342
-120.197 -120.197
-88.1829 -88.1829
-42.0463 -42.0463
0.148955 0.148955
17.1572 17.1572
38.0478 38.0478
56.9725 56.9725
69.3468 69.3468
69.3539 69.3539
93.114 93.114
107.434 107.434
119.549 119.549
131.921 131.921
146.22 146.22
159.765 159.765
174.237 174.237
184.894 184.894
133.116 133.116
87.5256 87.5256
51.1073 51.1073
4.86973 4.86973
-16.5678 -16.5678
-34.9602 -34.9602
-55.029 -55.029
-75.0815 -75.0815
-90.6718 -90.6718
-105.531 -105.531
-119.181 -119.181
-130.612 -130.612
-144.283 -144.283
-155.164 -155.164
-169.727 -169.727
-179.265 -179.265
-131.102 -131.102
-91.1651 -91.1651
-51.2133 -51.2133
-11.5704 -11.5704
14.2573 14.2573
33.2565 33.2565
54.5186 54.5186
69.5824 69.5824
69.5859 69.5859
93.9066 93.9066
109.091 109.091
123.114 123.114
135.181 135.181
146.241 146.241
160.382 160.382
172.364 172.364
183.086 183.086
138.693 138.693
90.8982 90.8982
45.6685 45.6685
7.06342 7.06342
-19.2011 -19.2011
-38.2755 -38.2755
-57.8981 -57.8981
-76.754 -76.754
-89.5298 -89.5298
-104.502 -104.502
-119.192 -119.192
-132.476 -132.476
-144.057 -144.057
-156.823 -156.823
-170.22 -170.22
-179.176 -179.176
-118.813 -118.813
-81.6154 -81.6154
-38.7464 -38.7464
-8.3392 -8.3392
17.1064 17.1064
38.6276 38.6276
55.3208 55.3208
69.3881 69.3881
69.3677 69.3677
100.201 100.201
115.43 115.43
131.941 131.941
151.579 151.579
169.583 169.583
184.999 184.999
185.566 185.566
186.065 186.065
126.532 126.532
71.5338 71.5338
17.4952 17.4952
-11.9508 -11.9508
-36.4314 -36.4314
-54.9387 -54.9387
-73.6897 -73.6897
-94.2686 -94.2686
-109.267 -109.267
-121.139 -121.139
-136.499 -136.499
-152.678 -152.678
-167.384 -167.384
-179.502 -179.502
-180.064 -180.064
-180.45 -180.45
-124.231 -124.231
-71.4395 -71.4395
-13.862 -13.862
10.2078 10.2078
27.6407 27.6407
47.2285 47.2285
64.9341 64.9341
75.9578 75.9578
75.9252 75.9252
96.5257 96.5257
110.762 110.762
121.441 121.441
134.411 134.411
151.304 151.304
162.549 162.549
175.617 175.617
186.081 186.081
120.281 120.281
67.9331 67.9331
18.2337 18.2337
-11.8099 -11.8099
-27.0789 -27.0789
-44.0391 -44.0391
-66.0749 -66.0749
-78.5236 -78.5236
-95.071 -95.071
-110.199 -110.199
-118.302 -118.302
-132.373 -132.373
-146.123 -146.123
-160.462 -160.462
-172.374 -172.374
-180.351 -180.351
-119.953 -119.953
-62.0753 -62.0753
-21.9663 -21.9663
7.71609 7.71609
29.4624 29.4624
46.2423 46.2423
63.1666 63.1666
76.2005 76.2005
76.1486 76.1486
103.025 103.025
123.95 123.95
143.509 143.509
161.931 161.931
184.242 184.242
186.808 186.808
187.595 187.595
188.35 188.35
120.568 120.568
46.7016 46.7016
-6.24758 -6.24758
-26.3286 -26.3286
-46.3416 -46.3416
-66.0357 -66.0357
-84.186 -84.186
-101.384 -101.384
-116.359 -116.359
-133.085 -133.085
-147.806 -147.806
-162.564 -162.564
-178.395 -178.395
-181.148 -181.148
-182.012 -182.012
-182.716 -182.716
-108.746 -108.746
-42.9901 -42.9901
3.33942 3.33942
22.6628 22.6628
39.2318 39.2318
56.3242 56.3242
70.2078 70.2078
81.8634 81.8634
81.8712 81.8712
102.93 102.93
113.37 113.37
126.481 126.481
140.799 140.799
154.838 154.838
165.591 165.591
177.934 177.934
188.406 188.406
110.399 110.399
43.5284 43.5284
-7.59858 -7.59858
-20.9717 -20.9717
-38.9216 -38.9216
-55.5141 -55.5141
-70.083 -70.083
-84.8512 -84.8512
-99.6214 -99.6214
-110.854 -110.854
-122.242 -122.242
-138.815 -138.815
-149.589 -149.589
-164.12 -164.12
-172.706 -172.706
-182.576 -182.576
-101.177 -101.177
-38.3282 -38.3282
5.53847 5.53847
21.0843 21.0843
38.5447 38.5447
54.6208 54.6208
71.5509 71.5509
81.8559 81.8559
81.8904 81.8904
102.52 102.52
121.91 121.91
138.311 138.311
157.228 157.228
173.41 173.41
182.831 182.831
141.386 141.386
110.908 110.908
20.4675 20.4675
-10.3102 -10.3102
-27.795 -27.795
-44.1151 -44.1151
-60.9714 -60.9714
-78.9288 -78.9288
-93.8388 -93.8388
-109.288 -109.288
-121.773 -121.773
-133.126 -133.126
-146.633 -146.633
-159.057 -159.057
-171.484 -171.484
-176.801 -176.801
-134.186 -134.186
-105.798 -105.798
-3.55564 -3.55564
6.37224 6.37224
14.1894 14.1894
22.2582 22.2582
30.6514 30.6514
39.7161 39.7161
46.8319 46.8319
53.0084 53.0084
52.8552 52.8552
62.1415 62.1415
69.9189 69.9189
77.9493 77.9493
83.8808 83.8808
90.3608 90.3608
98.2734 98.2734
105.437 105.437
110.268 110.268
14.4994 14.4994
-6.49473 -6.49473
-16.2182 -16.2182
-24.0319 -24.0319
-30.8564 -30.8564
-37.1189 -37.1189
-43.7553 -43.7553
-52.3117 -52.3117
-59.516 -59.516
-65.9785 -65.9785
-74.4998 -74.4998
-78.8958 -78.8958
-87.6477 -87.6477
-93.86 -93.86
-99.7598 -99.7598
-105.598 -105.598
-7.18275 -7.18275
7.27515 7.27515
15.7975 15.7975
24.3023 24.3023
31.528 31.528
39.098 39.098
47.0311 47.0311
52.3484 52.3484
52.1714 52.1714
62.9946 62.9946
72.8186 72.8186
82.1845 82.1845
91.3405 91.3405
100.41 100.41
108.775 108.775
69.2801 69.2801
68.43 68.43
-3.71529 -3.71529
-11.9834 -11.9834
-19.7063 -19.7063
-28.4071 -28.4071
-36.1908 -36.1908
-44.9099 -44.9099
-53.7236 -53.7236
-60.85 -60.85
-68.3633 -68.3633
-75.4113 -75.4113
-82.0509 -82.0509
-90.2204 -90.2204
-96.3611 -96.3611
-104.246 -104.246
-66.3771 -66.3771
-66.3771 -66.3771
2.54467 2.54467
6.75364 6.75364
11.9058 11.9058
24.2176 24.2176
25.3517 25.3517
26.1349 26.1349
30.2055 30.2055
33.5815 33.5815
33.6698 33.6698
39.6599 39.6599
43.6771 43.6771
48.2523 48.2523
52.5156 52.5156
56.568 56.568
61.2607 61.2607
65.2597 65.2597
68.43 68.43
-2.31101 -2.31101
-7.83879 -7.83879
-12.0545 -12.0545
-16.59 -16.59
-20.708 -20.708
-24.9241 -24.9241
-30.0598 -30.0598
-33.9264 -33.9264
-38.4004 -38.4004
-42.2491 -42.2491
-46.1892 -46.1892
-51.2752 -51.2752
-54.4194 -54.4194
-59.9598 -59.9598
-63.4644 -63.4644
-66.3771 -66.3771
3.23477 3.23477
8.98444 8.98444
11.8815 11.8815
16.6449 16.6449
21.6858 21.6858
26.1667 26.1667
30.6046 30.6046
33.7957 33.7957
33.3459 33.3459
