0.361721 6.48628e-005 -6.6883e-008 -9.24378e-008 0 0 6.35232e-009
0.723443 0.000130115 -6.6883e-008 -1.92968e-007 0 0 6.35232e-009
1.08516 0.000195367 -6.6883e-008 -2.93497e-007 0 0 6.35232e-009
1.44689 0.000260619 -6.6883e-008 -3.94027e-007 0 0 6.35232e-009
1.80861 0.000325871 -6.6883e-008 -4.94557e-007 0 0 6.35232e-009
2.17033 0.000391123 -6.6883e-008 -5.95087e-007 0 0 6.35232e-009
2.53205 0.000456375 -6.6883e-008 -6.95617e-007 0 0 6.35232e-009
2.89377 0.000521627 -6.6883e-008 -7.96147e-007 0 0 6.35232e-009
3.25549 0.000586879 -6.6883e-008 -8.96677e-007 0 0 6.35232e-009
3.61721 0.000652131 -6.6883e-008 -9.97207e-007 0 0 6.35232e-009
3.97893 0.000717383 -6.6883e-008 -1.09774e-006 0 0 6.35232e-009
4.34066 0.000782636 -6.6883e-008 -1.19827e-006 0 0 6.35232e-009
4.70238 0.000847888 -6.6883e-008 -1.2988e-006 0 0 6.35232e-009
5.0641 0.00091314 -6.6883e-008 -1.39933e-006 0 0 6.35232e-009
5.42582 0.000978392 -6.6883e-008 -1.49986e-006 0 0 6.35232e-009
5.78754 0.00104364 -6.6883e-008 -1.60039e-006 0 0 6.35232e-009
6.14921 0.00110934 -8.20443e-008 -1.70814e-006 0 0 6.30216e-009
6.50459 0.00120254 -9.3114e-008 -2.07108e-006 0 0 6.42601e-009
6.83776 0.00134765 -9.17959e-008 -2.41887e-006 0 0 6.60307e-009
7.15134 0.00151563 -8.8527e-008 -2.77656e-006 0 0 6.62156e-009
7.44135 0.00169118 -8.4024e-008 -3.12771e-006 0 0 6.71188e-009
7.65575 0.00182267 -8.07779e-008 -3.28084e-006 0 0 7.12552e-009
7.85416 0.00190268 -7.94686e-008 -3.17208e-006 0 0 7.11512e-009
8.02806 0.00194279 -7.31212e-008 -2.96179e-006 0 0 7.17472e-009
8.1814 0.00202726 -9.91761e-009 -3.23241e-006 0 0 7.00648e-009
8.32698 0.00219852 -1.05054e-007 -3.93584e-006 0 0 6.85388e-009
8.47015 0.0024056 -1.04903e-007 -4.13788e-006 0 0 6.82104e-009
8.61193 0.00261236 -1.04838e-007 -4.33605e-006 0 0 6.83084e-009
8.75254 0.00281875 -1.04819e-007 -4.53129e-006 0 0 6.838e-009
8.89237 0.0030247 -1.04761e-007 -4.72477e-006 0 0 6.81733e-009
9.03128 0.00323024 -1.04761e-007 -4.91636e-006 0 0 6.81733e-009
9.16998 0.00343566 -1.04683e-007 -5.10755e-006 0 0 6.78879e-009
9.30771 0.00364053 -1.04653e-007 -5.29724e-006 0 0 6.7847e-009
9.44479 0.00384514 -1.04646e-007 -5.48605e-006 0 0 6.78185e-009
9.58076 0.00404912 -1.0464e-007 -5.67364e-006 0 0 6.7905e-009
9.7157 0.00425244 -1.04626e-007 -5.8603e-006 0 0 6.78897e-009
9.84857 0.00445427 -1.04608e-007 -6.04561e-006 0 0 6.78088e-009
9.977 0.00465314 -1.04618e-007 -6.22866e-006 0 0 6.78845e-009
10.0995 0.00484747 -1.04617e-007 -6.41041e-006 0 0 6.82002e-009
10.2167 0.00503746 -1.04038e-007 -6.59251e-006 0 0 6.67716e-009
10.3295 0.00522377 -1.03445e-007 -6.77523e-006 0 0 6.52997e-009
10.4407 0.00540869 -1.03161e-007 -6.95846e-006 0 0 6.44893e-009
10.5512 0.005593 -1.03161e-007 -7.14203e-006 0 0 6.44893e-009
10.6616 0.00577714 -1.0311e-007 -7.32574e-006 0 0 6.43354e-009
10.7719 0.00596121 -1.0311e-007 -7.5095e-006 0 0 6.43354e-009
10.8822 0.00614528 -1.0311e-007 -7.69326e-006 0 0 6.43354e-009
10.9925 0.00632935 -1.0311e-007 -7.87703e-006 0 0 6.43354e-009
11.1028 0.00651342 -1.0311e-007 -8.06079e-006 0 0 6.43354e-009
11.2131 0.00669749 -1.0311e-007 -8.24455e-006 0 0 6.43354e-009
11.3234 0.00688156 -1.0311e-007 -8.42832e-006 0 0 6.43354e-009
10.5999 0.00675106 -1.0311e-007 -8.22726e-006 0 0 6.43354e-009
9.87648 0.00662055 -1.0311e-007 -8.0262e-006 0 0 6.43354e-009
9.15304 0.00649005 -1.0311e-007 -7.82514e-006 0 0 6.43354e-009
8.4296 0.00635955 -1.0311e-007 -7.62408e-006 0 0 6.43354e-009
7.70616 0.00622904 -1.0311e-007 -7.42302e-006 0 0 6.43354e-009
6.98271 0.00609854 -1.0311e-007 -7.22196e-006 0 0 6.43354e-009
6.25927 0.00596803 -1.0311e-007 -7.0209e-006 0 0 6.43354e-009
5.53583 0.00583753 -1.0311e-007 -6.81984e-006 0 0 6.43354e-009
4.81239 0.00570702 -1.0311e-007 -6.61878e-006 0 0 6.43354e-009
4.08894 0.00557652 -1.0311e-007 -6.41772e-006 0 0 6.43354e-009
3.3655 0.00544602 -1.0311e-007 -6.21666e-006 0 0 6.43354e-009
2.64206 0.00531551 -1.0311e-007 -6.0156e-006 0 0 6.43354e-009
1.91862 0.00518501 -1.0311e-007 -5.81454e-006 0 0 6.43354e-009
1.19517 0.0050545 -1.0311e-007 -5.61348e-006 0 0 6.43354e-009
0.47173 0.004924 -1.0311e-007 -5.41242e-006 0 0 6.43354e-009
-0.251713 0.0047935 -1.0311e-007 -5.21136e-006 0 0 6.43354e-009
-0.975088 0.00466245 -1.0311e-007 -5.00154e-006 0 0 6.43354e-009
-1.68489 0.00447281 -1.0311e-007 -4.2576e-006 0 0 6.43354e-009
-2.35011 0.00418182 -1.0311e-007 -3.5635e-006 0 0 6.43354e-009
-2.9769 0.00384539 -1.0311e-007 -2.84816e-006 0 0 6.43354e-009
-3.55367 0.0034947 -1.0311e-007 -2.14509e-006 0 0 6.43354e-009
-3.98087 0.0032327 -1.0311e-007 -1.84148e-006 0 0 6.43354e-009
-4.37769 0.00307269 -1.0311e-007 -2.05895e-006 0 0 6.43354e-009
-4.72568 0.00299264 -1.0311e-007 -2.48231e-006 0 0 6.43354e-009
-5.03253 0.00282496 -1.0311e-007 -1.9506e-006 0 0 6.43354e-009
-5.32369 0.00248398 -1.0311e-007 -5.32097e-007 0 0 6.43354e-009
-5.60997 0.00206985 -1.0311e-007 -1.28195e-007 0 0 6.43354e-009
-5.89346 0.00165635 -1.0311e-007 2.6799e-007 0 0 6.43354e-009
-6.17465 0.00124361 -1.0311e-007 6.58366e-007 0 0 6.43354e-009
-6.45428 0.000831722 -1.0311e-007 1.04529e-006 0 0 6.43354e-009
-6.73209 0.000420649 -1.0311e-007 1.42843e-006 0 0 6.43354e-009
-7.00946 9.82456e-006 -1.0311e-007 1.81078e-006 0 0 6.43354e-009
-7.28494 -0.000399912 -1.0311e-007 2.19017e-006 0 0 6.43354e-009
-7.55909 -0.000809137 -1.0311e-007 2.56778e-006 0 0 6.43354e-009
-7.83104 -0.00121709 -1.0311e-007 2.94296e-006 0 0 6.43354e-009
-8.10091 -0.00162373 -1.0311e-007 3.31629e-006 0 0 6.43354e-009
-8.36668 -0.00202742 -1.0311e-007 3.68692e-006 0 0 6.43354e-009
-8.6236 -0.00242519 -1.0311e-007 4.05304e-006 0 0 6.43354e-009
-8.86889 -0.002814 -1.0311e-007 4.41658e-006 0 0 6.43354e-009
-9.10344 -0.00319413 -1.0311e-007 4.7807e-006 0 0 6.43354e-009
-9.32898 -0.00356673 -1.0311e-007 5.14618e-006 0 0 6.43354e-009
-9.55138 -0.00393661 -1.0311e-007 5.51261e-006 0 0 6.43354e-009
-9.77243 -0.00430523 -1.0311e-007 5.87974e-006 0 0 6.43354e-009
-9.99315 -0.0046735 -1.0311e-007 6.24716e-006 0 0 6.43354e-009
-10.2137 -0.00504164 -1.0311e-007 6.61468e-006 0 0 6.43354e-009
-10.4343 -0.00540978 -1.0311e-007 6.98221e-006 0 0 6.43354e-009
-10.6549 -0.00577793 -1.0311e-007 7.34973e-006 0 0 6.43354e-009
-10.8755 -0.00614607 -1.0311e-007 7.71726e-006 0 0 6.43354e-009
-11.0961 -0.00651421 -1.0311e-007 8.08478e-006 0 0 6.43354e-009
-11.3167 -0.00688235 -1.0311e-007 8.45231e-006 0 0 6.43354e-009
-10.2316 -0.0066866 -1.0311e-007 8.15072e-006 0 0 6.43354e-009
-9.1464 -0.00649084 -1.0311e-007 7.84913e-006 0 0 6.43354e-009
-8.06123 -0.00629508 -1.0311e-007 7.54754e-006 0 0 6.43354e-009
-6.97607 -0.00609933 -1.0311e-007 7.24595e-006 0 0 6.43354e-009
-5.8909 -0.00590357 -1.0311e-007 6.94436e-006 0 0 6.43354e-009
-4.80574 -0.00570782 -1.0311e-007 6.64277e-006 0 0 6.43354e-009
-3.72058 -0.00551206 -1.0311e-007 6.34118e-006 0 0 6.43354e-009
-2.63541 -0.0053163 -1.0311e-007 6.03959e-006 0 0 6.43354e-009
-1.55025 -0.00512055 -1.0311e-007 5.738e-006 0 0 6.43354e-009
-0.465085 -0.00492479 -1.0311e-007 5.43641e-006 0 0 6.43354e-009
0.620079 -0.00472903 -1.0311e-007 5.13482e-006 0 0 6.43354e-009
1.69153 -0.0044736 -1.0311e-007 4.28159e-006 0 0 6.43354e-009
2.67629 -0.0040241 -1.0311e-007 3.24521e-006 0 0 6.43354e-009
3.56031 -0.0034955 -1.0311e-007 2.16908e-006 0 0 6.43354e-009
4.18835 -0.00314711 -1.0311e-007 1.93458e-006 0 0 6.43354e-009
4.73232 -0.00299389 -1.0311e-007 2.50935e-006 0 0 6.43354e-009
5.18559 -0.00266442 -1.0311e-007 1.23406e-006 0 0 6.43354e-009
5.61661 -0.00207064 -1.0311e-007 1.52189e-007 0 0 6.43354e-009
6.04097 -0.0014506 -1.0311e-007 -4.39822e-007 0 0 6.43354e-009
6.46093 -0.000832513 -1.0311e-007 -1.0213e-006 0 0 6.43354e-009
6.87751 -0.000215999 -1.0311e-007 -1.59576e-006 0 0 6.43354e-009
7.29158 0.000399121 -1.0311e-007 -2.16617e-006 0 0 6.43354e-009
7.70212 0.00101256 -1.0311e-007 -2.73179e-006 0 0 6.43354e-009
8.10755 0.00162294 -1.0311e-007 -3.2923e-006 0 0 6.43354e-009
8.50249 0.00222596 -1.0311e-007 -3.84647e-006 0 0 6.43354e-009
8.87553 0.00281317 -1.0311e-007 -4.39273e-006 0 0 6.43354e-009
9.22366 0.00338029 -1.0311e-007 -4.93934e-006 0 0 6.43354e-009
9.55802 0.00393582 -1.0311e-007 -5.48861e-006 0 0 6.43354e-009
9.88949 0.00448864 -1.0311e-007 -6.0394e-006 0 0 6.43354e-009
10.2204 0.00504085 -1.0311e-007 -6.59069e-006 0 0 6.43354e-009
10.5513 0.00559306 -1.0311e-007 -7.14198e-006 0 0 6.43354e-009
10.8822 0.00614528 -1.0311e-007 -7.69326e-006 0 0 6.43354e-009
11.2131 0.00669749 -1.0311e-007 -8.24455e-006 0 0 6.43354e-009
11.544 0.0072497 -1.0311e-007 -8.79584e-006 0 0 6.43354e-009
11.8749 0.00780192 -1.0311e-007 -9.34713e-006 0 0 6.43354e-009
12.2058 0.00835413 -1.0311e-007 -9.89842e-006 0 0 6.43354e-009
12.5366 0.00890634 -1.0311e-007 -1.04497e-005 0 0 6.43354e-009
12.8675 0.00945856 -1.0311e-007 -1.1001e-005 0 0 6.43354e-009
13.1979 0.01001 -1.03123e-007 -1.15521e-005 0 0 6.43429e-009
13.5265 0.010559 -1.03125e-007 -1.21024e-005 0 0 6.4349e-009
13.854 0.0111063 -1.03125e-007 -1.26522e-005 0 0 6.4351e-009
14.1805 0.0116521 -1.03126e-007 -1.32013e-005 0 0 6.43534e-009
14.5064 0.0121973 -1.03127e-007 -1.375e-005 0 0 6.43607e-009
14.8318 0.0127415 -1.03127e-007 -1.42982e-005 0 0 6.43626e-009
15.1568 0.0132852 -1.03127e-007 -1.48461e-005 0 0 6.43626e-009
15.4811 0.0138277 -1.03127e-007 -1.53931e-005 0 0 6.43626e-009
15.8049 0.0143696 -1.03135e-007 -1.59395e-005 0 0 6.42894e-009
16.1279 0.0149102 -1.03151e-007 -1.64852e-005 0 0 6.41351e-009
16.4488 0.0154477 -1.03155e-007 -1.70287e-005 0 0 6.40891e-009
16.7665 0.0159802 -1.03158e-007 -1.75679e-005 0 0 6.406e-009
15.3196 0.0157192 -1.03158e-007 -1.71658e-005 0 0 6.406e-009
13.8727 0.0154582 -1.03158e-007 -1.67636e-005 0 0 6.406e-009
12.4258 0.0151972 -1.03158e-007 -1.63615e-005 0 0 6.406e-009
10.979 0.0149362 -1.03158e-007 -1.59594e-005 0 0 6.406e-009
9.53207 0.0146752 -1.03158e-007 -1.55573e-005 0 0 6.406e-009
8.08519 0.0144142 -1.03158e-007 -1.51552e-005 0 0 6.406e-009
6.6383 0.0141532 -1.03158e-007 -1.47531e-005 0 0 6.406e-009
5.19141 0.0138922 -1.03158e-007 -1.43509e-005 0 0 6.406e-009
3.75824 0.0135715 -1.03158e-007 -1.33972e-005 0 0 6.406e-009
2.46622 0.0129441 -1.03158e-007 -1.19877e-005 0 0 6.406e-009
1.46225 0.0123314 -1.03158e-007 -1.0981e-005 0 0 6.406e-009
0.717449 0.0120918 -1.03158e-007 -1.16249e-005 0 0 6.406e-009
0.119436 0.0115827 -1.03158e-007 -9.67167e-006 0 0 6.406e-009
-0.450337 0.010755 -1.03158e-007 -8.87158e-006 0 0 6.406e-009
-1.01115 0.00993041 -1.03158e-007 -8.09428e-006 0 0 6.406e-009
-1.56634 0.00910851 -1.03158e-007 -7.32879e-006 0 0 6.406e-009
-2.11597 0.00828955 -1.03158e-007 -6.57179e-006 0 0 6.406e-009
-2.65778 0.00747495 -1.03158e-007 -5.82328e-006 0 0 6.406e-009
-3.18043 0.00667365 -1.03158e-007 -5.08607e-006 0 0 6.406e-009
-3.66036 0.00590457 -1.03158e-007 -4.35867e-006 0 0 6.406e-009
-4.10825 0.00516208 -1.03158e-007 -3.62697e-006 0 0 6.406e-009
-4.55002 0.00442519 -1.03158e-007 -2.89242e-006 0 0 6.406e-009
-4.99121 0.0036889 -1.03158e-007 -2.15737e-006 0 0 6.406e-009
-5.4324 0.00295262 -1.03158e-007 -1.42232e-006 0 0 6.406e-009
-5.8736 0.00221633 -1.03158e-007 -6.87264e-007 0 0 6.406e-009
-6.31479 0.00148005 -1.03158e-007 4.77871e-008 0 0 6.406e-009
-6.75598 0.000743765 -1.03158e-007 7.82838e-007 0 0 6.406e-009
-7.19717 7.48017e-006 -1.03158e-007 1.51789e-006 0 0 6.406e-009
-7.63837 -0.000728804 -1.03158e-007 2.25294e-006 0 0 6.406e-009
-8.07956 -0.00146509 -1.03158e-007 2.98799e-006 0 0 6.406e-009
-8.52075 -0.00220137 -1.03158e-007 3.72304e-006 0 0 6.406e-009
-8.96194 -0.00293766 -1.03158e-007 4.45809e-006 0 0 6.406e-009
-9.40281 -0.00367348 -1.03158e-007 5.19304e-006 0 0 6.406e-009
-9.84234 -0.0044074 -1.03158e-007 5.92746e-006 0 0 6.406e-009
-10.28 -0.0051386 -1.03158e-007 6.661e-006 0 0 6.406e-009
-10.7167 -0.00586854 -1.03158e-007 7.39409e-006 0 0 6.406e-009
-11.1526 -0.00659723 -1.03158e-007 8.12663e-006 0 0 6.406e-009
-11.5879 -0.00732496 -1.03158e-007 8.85876e-006 0 0 6.406e-009
-12.0229 -0.00805243 -1.03158e-007 9.59072e-006 0 0 6.406e-009
-12.4568 -0.0087781 -1.03158e-007 1.03217e-005 0 0 6.406e-009
-12.8905 -0.00950363 -1.03158e-007 1.10526e-005 0 0 6.406e-009
-13.324 -0.0102287 -1.03158e-007 1.17831e-005 0 0 6.406e-009
-13.757 -0.0109532 -1.03158e-007 1.25133e-005 0 0 6.406e-009
-14.1892 -0.0116762 -1.03158e-007 1.32423e-005 0 0 6.406e-009
-14.6211 -0.0123991 -1.03158e-007 1.39713e-005 0 0 6.406e-009
-15.0523 -0.0131206 -1.03158e-007 1.46992e-005 0 0 6.406e-009
-15.4828 -0.0138412 -1.03158e-007 1.54266e-005 0 0 6.406e-009
-15.9111 -0.0145586 -1.03158e-007 1.61517e-005 0 0 6.406e-009
-16.3373 -0.0152725 -1.03158e-007 1.68742e-005 0 0 6.406e-009
-16.7601 -0.0159814 -1.03158e-007 1.7592e-005 0 0 6.40548e-009
