0.361721 -309992 841.803 -3755.89 -1563.31 1.28935e+007 2.92778e+006 309992 -841.803 3755.89 1563.31 -8.6943e+006 -1.98662e+006
0.723443 -621845 841.803 -7853.02 -1563.31 2.69173e+007 2.92778e+006 621845 -841.803 7853.02 1563.31 -1.81374e+007 -1.98662e+006
1.08516 -933698 841.803 -11950.2 -1563.31 4.09411e+007 2.92778e+006 933698 -841.803 11950.2 1563.31 -2.75804e+007 -1.98662e+006
1.44689 -1.24555e+006 841.803 -16047.3 -1563.31 5.49649e+007 2.92778e+006 1.24555e+006 -841.803 16047.3 1563.31 -3.70235e+007 -1.98662e+006
1.80861 -1.5574e+006 841.803 -20144.4 -1563.31 6.89887e+007 2.92778e+006 1.5574e+006 -841.803 20144.4 1563.31 -4.64665e+007 -1.98662e+006
2.17033 -1.86926e+006 841.803 -24241.6 -1563.31 8.30125e+007 2.92778e+006 1.86926e+006 -841.803 24241.6 1563.31 -5.59096e+007 -1.98662e+006
2.53205 -2.18111e+006 841.803 -28338.7 -1563.31 9.70363e+007 2.92778e+006 2.18111e+006 -841.803 28338.7 1563.31 -6.53527e+007 -1.98662e+006
2.89377 -2.49296e+006 841.803 -32435.8 -1563.31 1.1106e+008 2.92778e+006 2.49296e+006 -841.803 32435.8 1563.31 -7.47957e+007 -1.98662e+006
3.25549 -2.80481e+006 841.803 -36532.9 -1563.31 1.25084e+008 2.92778e+006 2.80481e+006 -841.803 36532.9 1563.31 -8.42388e+007 -1.98662e+006
3.61721 -3.11667e+006 841.803 -40630.1 -1563.31 1.39108e+008 2.92778e+006 3.11667e+006 -841.803 40630.1 1563.31 -9.36818e+007 -1.98662e+006
3.97893 -3.42852e+006 841.803 -44727.2 -1563.31 1.53131e+008 2.92778e+006 3.42852e+006 -841.803 44727.2 1563.31 -1.03125e+008 -1.98662e+006
4.34066 -3.74037e+006 841.803 -48824.3 -1563.31 1.67155e+008 2.92778e+006 3.74037e+006 -841.803 48824.3 1563.31 -1.12568e+008 -1.98662e+006
4.70238 -4.05222e+006 841.803 -52921.5 -1563.31 1.81179e+008 2.92778e+006 4.05222e+006 -841.803 52921.5 1563.31 -1.22011e+008 -1.98662e+006
5.0641 -4.36408e+006 841.803 -57018.6 -1563.31 1.95203e+008 2.92778e+006 4.36408e+006 -841.803 57018.6 1563.31 -1.31454e+008 -1.98662e+006
5.42582 -4.67593e+006 841.803 -61115.7 -1563.31 2.09227e+008 2.92778e+006 4.67593e+006 -841.803 61115.7 1563.31 -1.40897e+008 -1.98662e+006
5.78754 -4.98778e+006 841.803 -65212.9 -1563.31 2.2325e+008 2.92778e+006 4.98778e+006 -841.803 65212.9 1563.31 -1.5034e+008 -1.98662e+006
6.14921 -5.29956e+006 819.518 -69268.2 -1550.96 2.37072e+008 2.81719e+006 5.29956e+006 -819.518 69268.2 1550.96 -1.59628e+008 -1.90094e+006
6.50459 -5.60353e+006 628.372 -69221.4 -1581.44 2.35853e+008 2.14092e+006 5.60353e+006 -628.372 69221.4 1581.44 -1.58461e+008 -1.43838e+006
6.83776 -5.88885e+006 607.321 -61492.2 -1625.01 2.08618e+008 2.10972e+006 5.88885e+006 -607.321 61492.2 1625.01 -1.39868e+008 -1.43072e+006
7.15134 -6.15858e+006 586.141 -50717 -1629.56 1.72298e+008 2.03465e+006 6.15858e+006 -586.141 50717 1629.56 -1.15595e+008 -1.37933e+006
7.44135 -6.41017e+006 557.961 -39077.6 -1651.79 1.33384e+008 1.93136e+006 6.41017e+006 -557.961 39077.6 1651.79 -8.96937e+007 -1.30754e+006
7.65575 -6.61053e+006 540.641 -28594.9 -1753.59 9.81911e+007 1.85728e+006 6.61053e+006 -540.641 28594.9 1753.59 -6.62211e+007 -1.25283e+006
7.85416 -6.78643e+006 533.768 -18023.6 -1751.03 6.28626e+007 1.82742e+006 6.78643e+006 -533.768 18023.6 1751.03 -4.27116e+007 -1.23064e+006
8.02806 -6.90577e+006 462.022 -10335.8 -1765.7 3.66095e+007 1.63726e+006 6.90577e+006 -462.022 10335.8 1765.7 -2.50537e+007 -1.1207e+006
8.1814 -6.97536e+006 120.474 -7768.65 -1724.3 2.75781e+007 440198 6.97536e+006 -120.474 7768.65 1724.3 -1.88924e+007 -305504
8.32698 -7.02716e+006 67.2399 -7713.94 -1686.74 2.74136e+007 230078 7.02716e+006 -67.2399 7713.94 1686.74 -1.87892e+007 -154901
8.47015 -7.07664e+006 67.0924 -8077.16 -1678.66 2.88168e+007 229741 7.07664e+006 -67.0924 8077.16 1678.66 -1.97862e+007 -154729
8.61193 -7.12605e+006 67.0274 -8433.67 -1681.07 3.0193e+007 229594 7.12605e+006 -67.0274 8433.67 1681.07 -2.07639e+007 -154656
8.75254 -7.17537e+006 67.0087 -8785.15 -1682.83 3.15489e+007 229553 7.17537e+006 -67.0087 8785.15 1682.83 -2.17268e+007 -154635
8.89237 -7.22458e+006 66.9527 -9133.46 -1677.75 3.28927e+007 229424 7.22458e+006 -66.9527 9133.46 1677.75 -2.26812e+007 -154569
9.03128 -7.2737e+006 66.9527 -9478.7 -1677.75 3.42233e+007 229424 7.2737e+006 -66.9527 9478.7 1677.75 -2.36258e+007 -154569
9.16998 -7.32278e+006 66.8769 -9823.3 -1670.72 3.55512e+007 229249 7.32278e+006 -66.8769 9823.3 1670.72 -2.45684e+007 -154479
9.30771 -7.37174e+006 66.8478 -10165.8 -1669.72 3.68687e+007 229183 7.37174e+006 -66.8478 10165.8 1669.72 -2.5503e+007 -154445
9.44479 -7.42063e+006 66.8408 -10507.4 -1669.01 3.81802e+007 229167 7.42063e+006 -66.8408 10507.4 1669.01 -2.64325e+007 -154437
9.58076 -7.46938e+006 66.8343 -10848 -1671.14 3.94834e+007 229153 7.46938e+006 -66.8343 10848 1671.14 -2.73549e+007 -154430
9.7157 -7.51796e+006 66.8211 -11188.2 -1670.77 4.07803e+007 229123 7.51796e+006 -66.8211 11188.2 1670.77 -2.82715e+007 -154415
9.84857 -7.56619e+006 66.8035 -11528.2 -1668.77 4.2068e+007 229082 7.56619e+006 -66.8035 11528.2 1668.77 -2.91792e+007 -154394
9.977 -7.61371e+006 66.8122 -11870.3 -1670.64 4.33409e+007 229103 7.61371e+006 -66.8122 11870.3 1670.64 -3.00695e+007 -154405
10.0995 -7.66015e+006 66.8101 -12218.6 -1678.41 4.46059e+007 229102 7.66015e+006 -66.8101 12218.6 1678.41 -3.0945e+007 -154406
10.2167 -7.70555e+006 66.2455 -12576.3 -1643.25 4.58743e+007 227808 7.70555e+006 -66.2455 12576.3 1643.25 -3.18136e+007 -153744
10.3295 -7.75007e+006 65.6677 -12942.4 -1607.03 4.7148e+007 226485 7.75007e+006 -65.6677 12942.4 1607.03 -3.26779e+007 -153066
10.4407 -7.79426e+006 65.3917 -13312.3 -1587.08 4.84255e+007 225852 7.79426e+006 -65.3917 13312.3 1587.08 -3.3542e+007 -152741
10.5512 -7.8383e+006 65.3917 -13683.9 -1587.08 4.97056e+007 225852 7.8383e+006 -65.3917 13683.9 1587.08 -3.44065e+007 -152741
10.6616 -7.8823e+006 65.3425 -14056.1 -1583.29 5.09867e+007 225739 7.8823e+006 -65.3425 14056.1 1583.29 -3.52715e+007 -152683
10.7719 -7.92629e+006 65.3425 -14428.5 -1583.29 5.22682e+007 225739 7.92629e+006 -65.3425 14428.5 1583.29 -3.61366e+007 -152683
10.8822 -7.97028e+006 65.3425 -14800.9 -1583.29 5.35496e+007 225739 7.97028e+006 -65.3425 14800.9 1583.29 -3.70017e+007 -152683
10.9925 -8.01426e+006 65.3425 -15173.3 -1583.29 5.48311e+007 225739 8.01426e+006 -65.3425 15173.3 1583.29 -3.78668e+007 -152683
11.1028 -8.05825e+006 65.3425 -15545.7 -1583.29 5.61126e+007 225739 8.05825e+006 -65.3425 15545.7 1583.29 -3.8732e+007 -152683
11.2131 -8.10223e+006 65.3425 -15918.1 -1583.29 5.73941e+007 225739 8.10223e+006 -65.3425 15918.1 1583.29 -3.95971e+007 -152683
11.3234 -8.14622e+006 65.3425 -16290.5 -1583.29 5.86755e+007 225739 8.14622e+006 -65.3425 16290.5 1583.29 -4.04622e+007 -152683
10.5999 -7.52251e+006 65.3425 -8096.25 -1583.29 3.0628e+007 225739 7.52251e+006 -65.3425 8096.25 1583.29 -2.15761e+007 -152683
9.87648 -6.89881e+006 65.3425 98.0134 -1583.29 2.58037e+006 225739 6.89881e+006 -65.3425 -98.0134 1583.29 -2.68995e+006 -152683
9.15304 -6.2751e+006 65.3425 8292.28 -1583.29 -2.54672e+007 225739 6.2751e+006 -65.3425 -8292.28 1583.29 1.61962e+007 -152683
8.4296 -5.6514e+006 65.3425 16486.5 -1583.29 -5.35148e+007 225739 5.6514e+006 -65.3425 -16486.5 1583.29 3.50823e+007 -152683
7.70616 -5.02769e+006 65.3425 24680.8 -1583.29 -8.15624e+007 225739 5.02769e+006 -65.3425 -24680.8 1583.29 5.39684e+007 -152683
6.98271 -4.40399e+006 65.3425 32875.1 -1583.29 -1.0961e+008 225739 4.40399e+006 -65.3425 -32875.1 1583.29 7.28545e+007 -152683
6.25927 -3.78028e+006 65.3425 41069.3 -1583.29 -1.37658e+008 225739 3.78028e+006 -65.3425 -41069.3 1583.29 9.17406e+007 -152683
5.53583 -3.15657e+006 65.3425 49263.6 -1583.29 -1.65705e+008 225739 3.15657e+006 -65.3425 -49263.6 1583.29 1.10627e+008 -152683
4.81239 -2.53287e+006 65.3425 57457.9 -1583.29 -1.93753e+008 225739 2.53287e+006 -65.3425 -57457.9 1583.29 1.29513e+008 -152683
4.08894 -1.90916e+006 65.3425 65652.1 -1583.29 -2.218e+008 225739 1.90916e+006 -65.3425 -65652.1 1583.29 1.48399e+008 -152683
3.3655 -1.28546e+006 65.3425 73846.4 -1583.29 -2.49848e+008 225739 1.28546e+006 -65.3425 -73846.4 1583.29 1.67285e+008 -152683
2.64206 -661753 65.3425 82040.6 -1583.29 -2.77895e+008 225739 661753 -65.3425 -82040.6 1583.29 1.86171e+008 -152683
1.91862 -38048 65.3425 90234.9 -1583.29 -3.05943e+008 225739 38048 -65.3425 -90234.9 1583.29 2.05057e+008 -152683
1.19517 585657 65.3425 98429.2 -1583.29 -3.33991e+008 225739 -585657 -65.3425 -98429.2 1583.29 2.23943e+008 -152683
0.47173 1.20936e+006 65.3425 106623 -1583.29 -3.62038e+008 225739 -1.20936e+006 -65.3425 -106623 1583.29 2.4283e+008 -152683
-0.251713 1.83307e+006 65.3425 114818 -1583.29 -3.90086e+008 225739 -1.83307e+006 -65.3425 -114818 1583.29 2.61716e+008 -152683
-0.975088 2.45669e+006 65.3425 122961 -1583.29 -4.17889e+008 225739 -2.45669e+006 -65.3425 -122961 1583.29 2.80414e+008 -152683
-1.68489 3.06377e+006 65.3425 122444 -1583.29 -4.13816e+008 225739 -3.06377e+006 -65.3425 -122444 1583.29 2.76919e+008 -152683
-2.35011 3.6338e+006 65.3425 106799 -1583.29 -3.58891e+008 225739 -3.6338e+006 -65.3425 -106799 1583.29 2.39486e+008 -152683
-2.9769 4.17299e+006 65.3425 85185 -1583.29 -2.86071e+008 225739 -4.17299e+006 -65.3425 -85185 1583.29 1.90831e+008 -152683
-3.55367 4.67433e+006 65.3425 61978.5 -1583.29 -2.08509e+008 225739 -4.67433e+006 -65.3425 -61978.5 1583.29 1.39215e+008 -152683
-3.98087 5.07401e+006 65.3425 41060.9 -1583.29 -1.38278e+008 225739 -5.07401e+006 -65.3425 -41060.9 1583.29 9.23702e+007 -152683
-4.37769 5.42582e+006 65.3425 19916.2 -1583.29 -6.76188e+007 225739 -5.42582e+006 -65.3425 -19916.2 1583.29 4.53518e+007 -152683
-4.72568 5.66492e+006 65.3425 4505.38 -1583.29 -1.50033e+007 225739 -5.66492e+006 -65.3425 -4505.38 1583.29 9.96614e+006 -152683
-5.03253 5.80452e+006 65.3425 -686.934 -1583.29 3.27956e+006 225739 -5.80452e+006 -65.3425 686.934 1583.29 -2.51154e+006 -152683
-5.32369 5.90823e+006 65.3425 -814.804 -1583.29 3.67739e+006 225739 -5.90823e+006 -65.3425 814.804 1583.29 -2.76641e+006 -152683
-5.60997 6.00719e+006 65.3425 -88.7045 -1583.29 872416 225739 -6.00719e+006 -65.3425 88.7045 1583.29 -773242 -152683
-5.89346 6.106e+006 65.3425 624.031 -1583.29 -1.87904e+006 225739 -6.106e+006 -65.3425 -624.031 1583.29 1.18135e+006 -152683
-6.17465 6.20463e+006 65.3425 1326.8 -1583.29 -4.5902e+006 225739 -6.20463e+006 -65.3425 -1326.8 1583.29 3.10679e+006 -152683
-6.45428 6.30305e+006 65.3425 2023.33 -1583.29 -7.27738e+006 225739 -6.30305e+006 -65.3425 -2023.33 1583.29 5.01523e+006 -152683
-6.73209 6.40128e+006 65.3425 2713.74 -1583.29 -9.93835e+006 225739 -6.40128e+006 -65.3425 -2713.74 1583.29 6.9043e+006 -152683
-7.00946 6.49945e+006 65.3425 3402.89 -1583.29 -1.25939e+007 225739 -6.49945e+006 -65.3425 -3402.89 1583.29 8.78936e+006 -152683
-7.28494 6.59736e+006 65.3425 4087.82 -1583.29 -1.5229e+007 225739 -6.59736e+006 -65.3425 -4087.82 1583.29 1.06587e+007 -152683
-7.55909 6.69515e+006 65.3425 4771.15 -1583.29 -1.7852e+007 225739 -6.69515e+006 -65.3425 -4771.15 1583.29 1.25177e+007 -152683
-7.83104 6.79264e+006 65.3425 5452.38 -1583.29 -2.04583e+007 225739 -6.79264e+006 -65.3425 -5452.38 1583.29 1.43624e+007 -152683
-8.10091 6.88981e+006 65.3425 6132.6 -1583.29 -2.30521e+007 225739 -6.88981e+006 -65.3425 -6132.6 1583.29 1.61957e+007 -152683
-8.36668 6.98627e+006 65.3425 6812.56 -1583.29 -2.56278e+007 225739 -6.98627e+006 -65.3425 -6812.56 1583.29 1.80111e+007 -152683
-8.6236 7.08132e+006 65.3425 7496.81 -1583.29 -2.81737e+007 225739 -7.08132e+006 -65.3425 -7496.81 1583.29 1.9792e+007 -152683
-8.86889 7.17423e+006 65.3425 8193.19 -1583.29 -3.07037e+007 225739 -7.17423e+006 -65.3425 -8193.19 1583.29 2.15434e+007 -152683
-9.10344 7.26507e+006 65.3425 8908.14 -1583.29 -3.324e+007 225739 -7.26507e+006 -65.3425 -8908.14 1583.29 2.32804e+007 -152683
-9.32898 7.35411e+006 65.3425 9640.52 -1583.29 -3.57876e+007 225739 -7.35411e+006 -65.3425 -9640.52 1583.29 2.50092e+007 -152683
-9.55138 7.44249e+006 65.3425 10380.1 -1583.29 -3.83426e+007 225739 -7.44249e+006 -65.3425 -10380.1 1583.29 2.67373e+007 -152683
-9.77243 7.53058e+006 65.3425 11123.3 -1583.29 -4.09027e+007 225739 -7.53058e+006 -65.3425 -11123.3 1583.29 2.84664e+007 -152683
-9.99315 7.61858e+006 65.3425 11867.7 -1583.29 -4.34648e+007 225739 -7.61858e+006 -65.3425 -11867.7 1583.29 3.01964e+007 -152683
-10.2137 7.70655e+006 65.3425 12612.5 -1583.29 -4.60278e+007 225739 -7.70655e+006 -65.3425 -12612.5 1583.29 3.19266e+007 -152683
-10.4343 7.79452e+006 65.3425 13357.3 -1583.29 -4.85907e+007 225739 -7.79452e+006 -65.3425 -13357.3 1583.29 3.36568e+007 -152683
-10.6549 7.88249e+006 65.3425 14102.1 -1583.29 -5.11537e+007 225739 -7.88249e+006 -65.3425 -14102.1 1583.29 3.53871e+007 -152683
-10.8755 7.97046e+006 65.3425 14846.9 -1583.29 -5.37166e+007 225739 -7.97046e+006 -65.3425 -14846.9 1583.29 3.71173e+007 -152683
-11.0961 8.05844e+006 65.3425 15591.7 -1583.29 -5.62796e+007 225739 -8.05844e+006 -65.3425 -15591.7 1583.29 3.88475e+007 -152683
-11.3167 8.14641e+006 65.3425 16336.5 -1583.29 -5.88425e+007 225739 -8.14641e+006 -65.3425 -16336.5 1583.29 4.05777e+007 -152683
-10.2316 7.21085e+006 65.3425 4045.12 -1583.29 -1.67711e+007 225739 -7.21085e+006 -65.3425 -4045.12 1583.29 1.22486e+007 -152683
-9.1464 6.27529e+006 65.3425 -8246.27 -1583.29 2.53002e+007 225739 -6.27529e+006 -65.3425 8246.27 1583.29 -1.60806e+007 -152683
-8.06123 5.33973e+006 65.3425 -20537.7 -1583.29 6.73716e+007 225739 -5.33973e+006 -65.3425 20537.7 1583.29 -4.44098e+007 -152683
-6.97607 4.40417e+006 65.3425 -32829.1 -1583.29 1.09443e+008 225739 -4.40417e+006 -65.3425 32829.1 1583.29 -7.2739e+007 -152683
-5.8909 3.46862e+006 65.3425 -45120.5 -1583.29 1.51514e+008 225739 -3.46862e+006 -65.3425 45120.5 1583.29 -1.01068e+008 -152683
-4.80574 2.53306e+006 65.3425 -57411.9 -1583.29 1.93586e+008 225739 -2.53306e+006 -65.3425 57411.9 1583.29 -1.29397e+008 -152683
-3.72058 1.5975e+006 65.3425 -69703.2 -1583.29 2.35657e+008 225739 -1.5975e+006 -65.3425 69703.2 1583.29 -1.57727e+008 -152683
-2.63541 661942 65.3425 -81994.6 -1583.29 2.77728e+008 225739 -661942 -65.3425 81994.6 1583.29 -1.86056e+008 -152683
-1.55025 -273616 65.3425 -94286 -1583.29 3.198e+008 225739 273616 -65.3425 94286 1583.29 -2.14385e+008 -152683
-0.465085 -1.20917e+006 65.3425 -106577 -1583.29 3.61871e+008 225739 1.20917e+006 -65.3425 106577 1583.29 -2.42714e+008 -152683
0.620079 -2.14473e+006 65.3425 -118869 -1583.29 4.03943e+008 225739 2.14473e+006 -65.3425 118869 1583.29 -2.71043e+008 -152683
1.69153 -3.06358e+006 65.3425 -122398 -1583.29 4.13649e+008 225739 3.06358e+006 -65.3425 122398 1583.29 -2.76804e+008 -152683
2.67629 -3.90853e+006 65.3425 -96529.8 -1583.29 3.24781e+008 225739 3.90853e+006 -65.3425 96529.8 1583.29 -2.16857e+008 -152683
3.56031 -4.67414e+006 65.3425 -61932.5 -1583.29 2.08342e+008 225739 4.67414e+006 -65.3425 61932.5 1583.29 -1.39099e+008 -152683
4.18835 -5.25515e+006 65.3425 -30332.5 -1583.29 1.02624e+008 225739 5.25515e+006 -65.3425 30332.5 1583.29 -6.87114e+007 -152683
4.73232 -5.66472e+006 65.3425 -4467.15 -1583.29 1.48707e+007 225739 5.66472e+006 -65.3425 4467.15 1583.29 -9.87629e+006 -152683
5.18559 -5.85745e+006 65.3425 1025.31 -1583.29 -4.34436e+006 225739 5.85745e+006 -65.3425 -1025.31 1583.29 3.19803e+006 -152683
5.61661 -6.007e+006 65.3425 134.709 -1583.29 -1.0394e+006 225739 6.007e+006 -65.3425 -134.709 1583.29 888793 -152683
6.04097 -6.15517e+006 65.3425 -930.64 -1583.29 3.07207e+006 225739 6.15517e+006 -65.3425 930.64 1583.29 -2.03158e+006 -152683
6.46093 -6.30286e+006 65.3425 -1977.32 -1583.29 7.11039e+006 225739 6.30286e+006 -65.3425 1977.32 1583.29 -4.89967e+006 -152683
6.87751 -6.45018e+006 65.3425 -3012.48 -1583.29 1.11002e+007 225739 6.45018e+006 -65.3425 3012.48 1583.29 -7.7321e+006 -152683
7.29158 -6.59717e+006 65.3425 -4041.82 -1583.29 1.5062e+007 225739 6.59717e+006 -65.3425 4041.82 1583.29 -1.05431e+007 -152683
7.70212 -6.74376e+006 65.3425 -5066.04 -1583.29 1.89909e+007 225739 6.74376e+006 -65.3425 5066.04 1583.29 -1.33269e+007 -152683
8.10755 -6.88962e+006 65.3425 -6086.59 -1583.29 2.28852e+007 225739 6.88962e+006 -65.3425 6086.59 1583.29 -1.60801e+007 -152683
8.50249 -7.03372e+006 65.3425 -7108.65 -1583.29 2.6737e+007 225739 7.03372e+006 -65.3425 7108.65 1583.29 -1.87893e+007 -152683
8.87553 -7.17403e+006 65.3425 -8147.53 -1583.29 3.05378e+007 225739 7.17403e+006 -65.3425 8147.53 1583.29 -2.14285e+007 -152683
9.22366 -7.30956e+006 65.3425 -9226.76 -1583.29 3.43459e+007 225739 7.30956e+006 -65.3425 9226.76 1583.29 -2.40301e+007 -152683
9.55802 -7.4423e+006 65.3425 -10334.1 -1583.29 3.81756e+007 225739 7.4423e+006 -65.3425 10334.1 1583.29 -2.66217e+007 -152683
9.88949 -7.5744e+006 65.3425 -11449.3 -1583.29 4.20164e+007 225739 7.5744e+006 -65.3425 11449.3 1583.29 -2.92157e+007 -152683
10.2204 -7.70636e+006 65.3425 -12566.5 -1583.29 4.58608e+007 225739 7.70636e+006 -65.3425 12566.5 1583.29 -3.1811e+007 -152683
10.5513 -7.83832e+006 65.3425 -13683.7 -1583.29 4.97052e+007 225739 7.83832e+006 -65.3425 13683.7 1583.29 -3.44064e+007 -152683
10.8822 -7.97028e+006 65.3425 -14800.9 -1583.29 5.35496e+007 225739 7.97028e+006 -65.3425 14800.9 1583.29 -3.70017e+007 -152683
11.2131 -8.10223e+006 65.3425 -15918.1 -1583.29 5.73941e+007 225739 8.10223e+006 -65.3425 15918.1 1583.29 -3.95971e+007 -152683
11.544 -8.23419e+006 65.3425 -17035.3 -1583.29 6.12385e+007 225739 8.23419e+006 -65.3425 17035.3 1583.29 -4.21924e+007 -152683
11.8749 -8.36615e+006 65.3425 -18152.5 -1583.29 6.50829e+007 225739 8.36615e+006 -65.3425 18152.5 1583.29 -4.47878e+007 -152683
12.2058 -8.4981e+006 65.3425 -19269.7 -1583.29 6.89273e+007 225739 8.4981e+006 -65.3425 19269.7 1583.29 -4.73831e+007 -152683
12.5366 -8.63006e+006 65.3425 -20386.9 -1583.29 7.27718e+007 225739 8.63006e+006 -65.3425 20386.9 1583.29 -4.99785e+007 -152683
12.8675 -8.76202e+006 65.3425 -21504.1 -1583.29 7.66162e+007 225739 8.76202e+006 -65.3425 21504.1 1583.29 -5.25738e+007 -152683
13.1979 -8.8938e+006 65.3448 -22621.3 -1583.48 8.04593e+007 225765 8.8938e+006 -65.3448 22621.3 1583.48 -5.51679e+007 -152707
13.5265 -9.02497e+006 65.3448 -23738.1 -1583.63 8.42973e+007 225770 9.02497e+006 -65.3448 23738.1 1583.63 -5.77573e+007 -152712
13.854 -9.15575e+006 65.3448 -24854.3 -1583.68 8.81312e+007 225771 9.15575e+006 -65.3448 24854.3 1583.68 -6.03433e+007 -152713
14.1805 -9.28619e+006 65.3448 -25969.7 -1583.74 9.19609e+007 225772 9.28619e+006 -65.3448 25969.7 1583.74 -6.29258e+007 -152714
14.5064 -9.41646e+006 65.3445 -27084.6 -1583.92 9.57878e+007 225774 9.41646e+006 -65.3445 27084.6 1583.92 -6.55063e+007 -152716
14.8318 -9.5465e+006 65.3444 -28198.7 -1583.96 9.9611e+007 225774 9.5465e+006 -65.3444 28198.7 1583.96 -6.80839e+007 -152717
15.1568 -9.67643e+006 65.3444 -29312.1 -1583.96 1.03432e+008 225774 9.67643e+006 -65.3444 29312.1 1583.96 -7.06599e+007 -152717
15.4811 -9.80608e+006 65.3444 -30424 -1583.96 1.07247e+008 225774 9.80608e+006 -65.3444 30424 1583.96 -7.32318e+007 -152717
15.8049 -9.93555e+006 65.3512 -31534.9 -1582.16 1.11058e+008 225792 9.93555e+006 -65.3512 31534.9 1582.16 -7.58008e+007 -152727
16.1279 -1.00647e+007 65.3654 -32644.6 -1578.36 1.14864e+008 225828 1.00647e+007 -65.3654 32644.6 1578.36 -7.8366e+007 -152747
16.4488 -1.01932e+007 65.3695 -33750.5 -1577.23 1.18654e+008 225836 1.01932e+007 -65.3695 33750.5 1577.23 -8.09201e+007 -152751
16.7665 -1.03204e+007 65.3721 -34848.4 -1576.52 1.22415e+008 225842 1.03204e+007 -65.3721 34848.4 1576.52 -8.34534e+007 -152754
15.3196 -9.07303e+006 65.3721 -18459.9 -1576.52 6.632e+007 225842 9.07303e+006 -65.3721 18459.9 1576.52 -4.56812e+007 -152754
13.8727 -7.82562e+006 65.3721 -2071.36 -1576.52 1.02248e+007 225842 7.82562e+006 -65.3721 2071.36 1576.52 -7.90894e+006 -152754
12.4258 -6.57821e+006 65.3721 14317.2 -1576.52 -4.58704e+007 225842 6.57821e+006 -65.3721 -14317.2 1576.52 2.98633e+007 -152754
10.979 -5.3308e+006 65.3721 30705.7 -1576.52 -1.01966e+008 225842 5.3308e+006 -65.3721 -30705.7 1576.52 6.76355e+007 -152754
9.53207 -4.08339e+006 65.3721 47094.2 -1576.52 -1.58061e+008 225842 4.08339e+006 -65.3721 -47094.2 1576.52 1.05408e+008 -152754
8.08519 -2.83598e+006 65.3721 63482.8 -1576.52 -2.14156e+008 225842 2.83598e+006 -65.3721 -63482.8 1576.52 1.4318e+008 -152754
6.6383 -1.58856e+006 65.3721 79871.3 -1576.52 -2.70251e+008 225842 1.58856e+006 -65.3721 -79871.3 1576.52 1.80952e+008 -152754
5.19141 -341154 65.3721 96259.8 -1576.52 -3.26346e+008 225842 341154 -65.3721 -96259.8 1576.52 2.18725e+008 -152754
3.75824 889551 65.3721 103886 -1576.52 -3.50077e+008 225842 -889551 -65.3721 -103886 1576.52 2.33928e+008 -152754
2.46622 1.99876e+006 65.3721 66627.1 -1576.52 -2.22331e+008 225842 -1.99876e+006 -65.3721 -66627.1 1576.52 1.4784e+008 -152754
1.46225 2.89979e+006 65.3721 22503 -1576.52 -7.45381e+007 225842 -2.89979e+006 -65.3721 -22503 1576.52 4.9379e+007 -152754
0.717449 3.49069e+006 65.3721 -14044.7 -1576.52 4.87019e+007 225842 -3.49069e+006 -65.3721 14044.7 1576.52 -3.29994e+007 -152754
0.119436 3.73401e+006 65.3721 -19372.7 -1576.52 6.7417e+007 225842 -3.73401e+006 -65.3721 19372.7 1576.52 -4.57576e+007 -152754
-0.450337 3.93178e+006 65.3721 -17933.9 -1576.52 6.18606e+007 225842 -3.93178e+006 -65.3721 17933.9 1576.52 -4.18099e+007 -152754
-1.01115 4.12883e+006 65.3721 -16534.6 -1576.52 5.64622e+007 225842 -4.12883e+006 -65.3721 16534.6 1576.52 -3.7976e+007 -152754
-1.56634 4.32523e+006 65.3721 -15155 -1576.52 5.11457e+007 225842 -4.32523e+006 -65.3721 15155 1576.52 -3.42019e+007 -152754
-2.11597 4.52093e+006 65.3721 -13786.7 -1576.52 4.58876e+007 225842 -4.52093e+006 -65.3721 13786.7 1576.52 -3.04736e+007 -152754
-2.65778 4.71559e+006 65.3721 -12425.3 -1576.52 4.06875e+007 225842 -4.71559e+006 -65.3721 12425.3 1576.52 -2.67955e+007 -152754
-3.18043 4.90707e+006 65.3721 -11060 -1576.52 3.55627e+007 225842 -4.90707e+006 -65.3721 11060 1576.52 -2.31972e+007 -152754
-3.66036 5.09084e+006 65.3721 -9649.38 -1576.52 3.04982e+007 225842 -5.09084e+006 -65.3721 9649.38 1576.52 -1.97098e+007 -152754
-4.10825 5.26827e+006 65.3721 -8177.83 -1576.52 2.5397e+007 225842 -5.26827e+006 -65.3721 8177.83 1576.52 -1.62539e+007 -152754
-4.55002 5.44436e+006 65.3721 -6690.21 -1576.52 2.02747e+007 225842 -5.44436e+006 -65.3721 6690.21 1576.52 -1.27949e+007 -152754
-4.99121 5.6203e+006 65.3721 -5200.6 -1576.52 1.51489e+007 225842 -5.6203e+006 -65.3721 5200.6 1576.52 -9.33441e+006 -152754
-5.4324 5.79624e+006 65.3721 -3710.99 -1576.52 1.0023e+007 225842 -5.79624e+006 -65.3721 3710.99 1576.52 -5.87395e+006 -152754
-5.8736 5.97218e+006 65.3721 -2221.38 -1576.52 4.89706e+006 225842 -5.97218e+006 -65.3721 2221.38 1576.52 -2.41348e+006 -152754
-6.31479 6.14813e+006 65.3721 -731.768 -1576.52 -228836 225842 -6.14813e+006 -65.3721 731.768 1576.52 1.04698e+006 -152754
-6.75598 6.32407e+006 65.3721 757.842 -1576.52 -5.35473e+006 225842 -6.32407e+006 -65.3721 -757.842 1576.52 4.50744e+006 -152754
-7.19717 6.50001e+006 65.3721 2247.45 -1576.52 -1.04806e+007 225842 -6.50001e+006 -65.3721 -2247.45 1576.52 7.9679e+006 -152754
-7.63837 6.67596e+006 65.3721 3737.06 -1576.52 -1.56065e+007 225842 -6.67596e+006 -65.3721 -3737.06 1576.52 1.14284e+007 -152754
-8.07956 6.8519e+006 65.3721 5226.67 -1576.52 -2.07324e+007 225842 -6.8519e+006 -65.3721 -5226.67 1576.52 1.48888e+007 -152754
-8.52075 7.02784e+006 65.3721 6716.28 -1576.52 -2.58583e+007 225842 -7.02784e+006 -65.3721 -6716.28 1576.52 1.83493e+007 -152754
-8.96194 7.20378e+006 65.3721 8205.89 -1576.52 -3.09842e+007 225842 -7.20378e+006 -65.3721 -8205.89 1576.52 2.18097e+007 -152754
-9.40281 7.37962e+006 65.3721 9695.51 -1576.52 -3.61094e+007 225842 -7.37962e+006 -65.3721 -9695.51 1576.52 2.52695e+007 -152754
-9.84234 7.55499e+006 65.3721 11185 -1576.52 -4.12311e+007 225842 -7.55499e+006 -65.3721 -11185 1576.52 2.87259e+007 -152754
-10.28 7.72972e+006 65.3721 12673.8 -1576.52 -4.63467e+007 225842 -7.72972e+006 -65.3721 -12673.8 1576.52 3.2177e+007 -152754
-10.7167 7.90415e+006 65.3721 14162.1 -1576.52 -5.14592e+007 225842 -7.90415e+006 -65.3721 -14162.1 1576.52 3.56255e+007 -152754
-11.1526 8.07828e+006 65.3721 15649.9 -1576.52 -5.65681e+007 225842 -8.07828e+006 -65.3721 -15649.9 1576.52 3.9071e+007 -152754
-11.5879 8.25217e+006 65.3721 17137.1 -1576.52 -6.1674e+007 225842 -8.25217e+006 -65.3721 -17137.1 1576.52 4.25141e+007 -152754
-12.0229 8.42601e+006 65.3721 18624.1 -1576.52 -6.67788e+007 225842 -8.42601e+006 -65.3721 -18624.1 1576.52 4.59564e+007 -152754
-12.4568 8.59942e+006 65.3721 20109.7 -1576.52 -7.18769e+007 225842 -8.59942e+006 -65.3721 -20109.7 1576.52 4.93937e+007 -152754
-12.8905 8.77279e+006 65.3721 21595 -1576.52 -7.69743e+007 225842 -8.77279e+006 -65.3721 -21595 1576.52 5.28304e+007 -152754
-13.324 8.94604e+006 65.3721 23079.7 -1576.52 -8.20692e+007 225842 -8.94604e+006 -65.3721 -23079.7 1576.52 5.62653e+007 -152754
-13.757 9.11917e+006 65.3721 24563.6 -1576.52 -8.71613e+007 225842 -9.11917e+006 -65.3721 -24563.6 1576.52 5.96983e+007 -152754
-14.1892 9.29195e+006 65.3721 26045.8 -1576.52 -9.22462e+007 225842 -9.29195e+006 -65.3721 -26045.8 1576.52 6.31261e+007 -152754
-14.6211 9.46468e+006 65.3721 27527.6 -1576.52 -9.733e+007 225842 -9.46468e+006 -65.3721 -27527.6 1576.52 6.65532e+007 -152754
-15.0523 9.6371e+006 65.3721 29007.5 -1576.52 -1.02407e+008 225842 -9.6371e+006 -65.3721 -29007.5 1576.52 6.99752e+007 -152754
-15.4828 9.8093e+006 65.3721 30486.9 -1576.52 -1.0748e+008 225842 -9.8093e+006 -65.3721 -30486.9 1576.52 7.33947e+007 -152754
-15.9111 9.98072e+006 65.3721 31962.3 -1576.52 -1.12538e+008 225842 -9.98072e+006 -65.3721 -31962.3 1576.52 7.68026e+007 -152754
-16.3373 1.01513e+007 65.3721 33432.9 -1576.52 -1.17576e+008 225842 -1.01513e+007 -65.3721 -33432.9 1576.52 8.01972e+007 -152754
-16.7601 1.03207e+007 65.3725 34894.6 -1576.39 -1.22583e+008 225843 -1.03207e+007 -65.3725 -34894.6 1576.39 8.35698e+007 -152755
