0.361721 4.26709 -0.00866705 -0.333922
0.723443 8.26709 -0.00866705 -0.302885
1.08516 12.2671 -0.00866705 -0.271849
1.44689 16.2671 -0.00866705 -0.240812
1.80861 20.2671 -0.00866705 -0.209776
2.17033 24.2671 -0.00866705 -0.178739
2.53205 28.2671 -0.00866705 -0.147703
2.89377 32.2671 -0.00866705 -0.116666
3.25549 36.2671 -0.00866705 -0.08563
3.61721 40.2671 -0.00866705 -0.0545935
3.97893 44.2671 -0.00866705 -0.023557
4.34066 48.2671 -0.00866705 0.00747949
4.70238 52.2671 -0.00866705 0.038516
5.0641 56.2671 -0.00866705 0.0695525
5.42582 60.2671 -0.00866705 0.100589
5.78754 64.2671 -0.00866705 0.131625
6.14921 68.2671 -0.00866704 0.162662
6.50459 72.2671 -0.00866703 0.193614
6.83776 76.2671 -0.00866703 0.223723
7.15134 80.2671 -0.00866703 0.252831
7.44135 84.2671 -0.00866703 0.280531
7.65575 88.2671 -0.00866704 0.303227
7.85416 92.2671 -0.00866704 0.325187
8.02806 96.2671 -0.00866703 0.346336
8.1814 100.267 -0.00866704 0.36672
8.32698 104.267 -0.0086671 0.386945
8.47015 108.267 -0.00866717 0.407396
8.61193 112.267 -0.00866726 0.428062
8.75254 116.267 -0.00866729 0.448884
8.89237 120.267 -0.0086673 0.469786
9.03128 124.267 -0.0086673 0.490788
9.16998 128.267 -0.00866731 0.51181
9.30771 132.267 -0.00866732 0.532909
9.44479 136.267 -0.00866732 0.55407
9.58076 140.267 -0.00866735 0.575306
9.7157 144.267 -0.00866736 0.5966
9.84857 148.267 -0.00866736 0.617975
9.977 152.267 -0.00866737 0.639531
10.0995 156.267 -0.00866745 0.661214
10.2167 160.267 -0.00866767 0.682945
10.3295 164.267 -0.00866789 0.704698
10.4407 168.267 -0.00866797 0.726443
10.5512 172.267 -0.00866797 0.748177
10.6616 176.267 -0.00866798 0.769904
10.7719 180.267 -0.00866798 0.79163
10.8822 184.267 -0.00866798 0.813355
10.9925 188.267 -0.00866798 0.83508
11.1028 192.267 -0.00866798 0.856805
11.2131 196.267 -0.00866798 0.87853
11.3234 200.267 -0.00866798 0.900256
10.5999 192.267 -0.00866798 0.838183
9.87648 184.267 -0.00866798 0.77611
9.15304 176.267 -0.00866798 0.714037
8.4296 168.267 -0.00866798 0.651964
7.70616 160.267 -0.00866798 0.589891
6.98271 152.267 -0.00866798 0.527818
6.25927 144.267 -0.00866798 0.465745
5.53583 136.267 -0.00866798 0.403672
4.81239 128.267 -0.00866798 0.341599
4.08894 120.267 -0.00866798 0.279526
3.3655 112.267 -0.00866798 0.217453
2.64206 104.267 -0.00866798 0.15538
1.91862 96.2671 -0.00866798 0.0933069
1.19517 88.2671 -0.00866798 0.0312339
0.47173 80.2671 -0.00866798 -0.030839
-0.251713 72.2671 -0.00866798 -0.092912
-0.975088 64.2671 -0.00866798 -0.154985
-1.68489 56.2671 -0.00866798 -0.21686
-2.35011 48.2671 -0.00866798 -0.277018
-2.9769 40.2671 -0.00866798 -0.335216
-3.55367 32.2671 -0.00866798 -0.390391
-3.98087 24.2671 -0.00866798 -0.435674
-4.37769 16.2671 -0.00866798 -0.479594
-4.72568 8.26709 -0.00866798 -0.521898
-5.03253 0.267095 -0.00866798 -0.562674
-5.32369 -7.73291 -0.00866798 -0.603133
-5.60997 -15.7329 -0.00866798 -0.644046
-5.89346 -23.7329 -0.00866798 -0.685383
-6.17465 -31.7329 -0.00866798 -0.727031
-6.45428 -39.7329 -0.00866798 -0.768837
-6.73209 -47.7329 -0.00866798 -0.810843
-7.00946 -55.7329 -0.00866798 -0.852887
-7.28494 -63.7329 -0.00866798 -0.895085
-7.55909 -71.7329 -0.00866798 -0.937408
-7.83104 -79.7329 -0.00866798 -0.97988
-8.10091 -87.7329 -0.00866798 -1.02247
-8.36668 -95.7329 -0.00866798 -1.06522
-8.6236 -103.733 -0.00866798 -1.10833
-8.86889 -111.733 -0.00866798 -1.15169
-9.10344 -119.733 -0.00866798 -1.19515
-9.32898 -127.733 -0.00866798 -1.23866
-9.55138 -135.733 -0.00866798 -1.28215
-9.77243 -143.733 -0.00866798 -1.32562
-9.99315 -151.733 -0.00866798 -1.36907
-10.2137 -159.733 -0.00866798 -1.41252
-10.4343 -167.733 -0.00866798 -1.45597
-10.6549 -175.733 -0.00866798 -1.49942
-10.8755 -183.733 -0.00866798 -1.54287
-11.0961 -191.733 -0.00866798 -1.58632
-11.3167 -199.733 -0.00866798 -1.62977
-10.2316 -187.733 -0.00866798 -1.53666
-9.1464 -175.733 -0.00866798 -1.44355
-8.06123 -163.733 -0.00866798 -1.35044
-6.97607 -151.733 -0.00866798 -1.25733
-5.8909 -139.733 -0.00866798 -1.16423
-4.80574 -127.733 -0.00866798 -1.07112
-3.72058 -115.733 -0.00866798 -0.978006
-2.63541 -103.733 -0.00866798 -0.884897
-1.55025 -91.7329 -0.00866798 -0.791787
-0.465085 -79.7329 -0.00866798 -0.698678
0.620079 -67.7329 -0.00866798 -0.605569
1.69153 -55.7329 -0.00866798 -0.512658
2.67629 -43.7329 -0.00866798 -0.42308
3.56031 -31.7329 -0.00866798 -0.339127
4.18835 -19.7329 -0.00866798 -0.27181
4.73232 -7.73291 -0.00866798 -0.207619
5.18559 4.26709 -0.00866798 -0.146657
5.61661 16.2671 -0.00866798 -0.0854711
6.04097 28.2671 -0.00866798 -0.0233363
6.46093 40.2671 -0.00866798 0.0393204
6.87751 52.2671 -0.00866798 0.102338
7.29158 64.2671 -0.00866798 0.165568
7.70212 76.2671 -0.00866798 0.229101
8.10755 88.2671 -0.00866798 0.292951
8.50249 100.267 -0.00866798 0.357219
8.87553 112.267 -0.00866798 0.422163
9.22366 124.267 -0.00866798 0.487382
9.55802 136.267 -0.00866798 0.55263
9.88949 148.267 -0.00866798 0.617828
10.2204 160.267 -0.00866798 0.683004
10.5513 172.267 -0.00866798 0.748179
10.8822 184.267 -0.00866798 0.813355
11.2131 196.267 -0.00866798 0.87853
11.544 208.267 -0.00866798 0.943706
11.8749 220.267 -0.00866798 1.00888
12.2058 232.267 -0.00866798 1.07406
12.5366 244.267 -0.00866798 1.13923
12.8675 256.267 -0.00866798 1.20441
13.1979 268.267 -0.00866909 1.26983
13.5265 280.267 -0.00866921 1.33608
13.854 292.267 -0.00866922 1.40286
14.1805 304.267 -0.00866924 1.47007
14.5064 316.267 -0.00866921 1.53749
14.8318 328.267 -0.00866919 1.60518
15.1568 340.267 -0.00866919 1.67299
15.4811 352.267 -0.00866919 1.74111
15.8049 364.267 -0.00867121 1.80941
16.1279 376.267 -0.00867541 1.87794
16.4488 388.267 -0.00867657 1.94705
16.7665 400.267 -0.00867733 2.01715
15.3196 384.267 -0.00867733 1.89301
13.8727 368.267 -0.00867733 1.76886
12.4258 352.267 -0.00867733 1.64471
10.979 336.267 -0.00867733 1.52057
9.53207 320.267 -0.00867733 1.39642
8.08519 304.267 -0.00867733 1.27228
6.6383 288.267 -0.00867733 1.14813
5.19141 272.267 -0.00867733 1.02398
3.75824 256.267 -0.00867733 0.900036
2.46622 240.267 -0.00867733 0.78168
1.46225 224.267 -0.00867733 0.681222
0.717449 208.267 -0.00867733 0.594998
0.119436 192.267 -0.00867733 0.513763
-0.450337 176.267 -0.00867733 0.431513
-1.01115 160.267 -0.00867733 0.348058
-1.56634 144.267 -0.00867733 0.264009
-2.11597 128.267 -0.00867733 0.179488
-2.65778 112.267 -0.00867733 0.0944281
-3.18043 96.2671 -0.00867733 0.00859497
-3.66036 80.2671 -0.00867733 -0.0782456
-4.10825 64.2671 -0.00867733 -0.165251
-4.55002 48.2671 -0.00867733 -0.252175
-4.99121 32.2671 -0.00867733 -0.339075
-5.4324 16.2671 -0.00867733 -0.425976
-5.8736 0.267095 -0.00867733 -0.512877
-6.31479 -15.7329 -0.00867733 -0.599777
-6.75598 -31.7329 -0.00867733 -0.686678
-7.19717 -47.7329 -0.00867733 -0.773579
-7.63837 -63.7329 -0.00867733 -0.860479
-8.07956 -79.7329 -0.00867733 -0.94738
-8.52075 -95.7329 -0.00867733 -1.03428
-8.96194 -111.733 -0.00867733 -1.12118
-9.40281 -127.733 -0.00867733 -1.20824
-9.84234 -143.733 -0.00867733 -1.29593
-10.28 -159.733 -0.00867733 -1.3845
-10.7167 -175.733 -0.00867733 -1.47347
-11.1526 -191.733 -0.00867733 -1.56282
-11.5879 -207.733 -0.00867733 -1.65246
-12.0229 -223.733 -0.00867733 -1.74218
-12.4568 -239.733 -0.00867733 -1.8324
-12.8905 -255.733 -0.00867733 -1.92266
-13.324 -271.733 -0.00867733 -2.01307
-13.757 -287.733 -0.00867733 -2.10361
-14.1892 -303.733 -0.00867733 -2.19453
-14.6211 -319.733 -0.00867733 -2.28549
-15.0523 -335.733 -0.00867733 -2.37676
-15.4828 -351.733 -0.00867733 -2.46818
-15.9111 -367.733 -0.00867733 -2.5602
-16.3373 -383.733 -0.00867733 -2.65288
-16.7601 -399.733 -0.00867746 -2.74659
