0.01 -1.75168e-06 3.57122e-07
0.02 -2.64248e-05 5.38732e-06
0.03 -0.000162342 3.30972e-05
0.04 -0.000534204 0.00010891
0.05 -0.00110084 0.000224433
0.06 -0.00162834 0.000331975
0.07 -0.00193949 0.000395411
0.08 -0.00209377 0.000426865
0.09 -0.00231956 0.000472897
0.1 -0.00283849 0.000578693
0.11 -0.00377046 0.000768698
0.12 -0.0050366 0.00102683
0.13 -0.00634567 0.00129371
0.14 -0.00736662 0.00150186
0.15 -0.00800295 0.00163159
0.16 -0.00847331 0.00172748
0.17 -0.00914342 0.0018641
0.18 -0.0102979 0.00209948
0.19 -0.0119814 0.00244268
0.2 -0.0139616 0.0028464
0.21 -0.015833 0.00322794
0.22 -0.0172845 0.00352385
0.23 -0.0183146 0.00373385
0.24 -0.0192382 0.00392216
0.25 -0.0204665 0.00417258
0.26 -0.0222632 0.00453888
0.27 -0.0245959 0.00501444
0.28 -0.0271498 0.00553513
0.29 -0.0295088 0.00601606
0.3 -0.0314109 0.00640386
0.31 -0.032922 0.00671194
0.32 -0.0343798 0.00700913
0.33 -0.0361849 0.00737715
0.34 -0.0385584 0.00786103
0.35 -0.0414294 0.00844637
0.36 -0.0444733 0.00906694
0.37 -0.047307 0.00964466
0.38 -0.0497133 0.0101352
0.39 -0.0517693 0.0105544
0.4 -0.0537893 0.0109662
0.41 -0.05613 0.0114434
0.42 -0.0589901 0.0120265
0.43 -0.0623017 0.0127017
0.44 -0.0657839 0.0134116
0.45 -0.0690988 0.0140874
0.46 -0.0720517 0.0146894
0.47 -0.0746878 0.0152269
0.48 -0.0772618 0.0157516
0.49 -0.08008 0.0163262
0.5 -0.0833336 0.0169895
0.51 -0.0869999 0.017737
0.52 -0.0908648 0.0185249
0.53 -0.0946489 0.0192964
0.54 -0.0981561 0.0200114
0.55 -0.10138 0.0206686
0.56 -0.104488 0.0213023
0.57 -0.107732 0.0219637
0.58 -0.111301 0.0226912
0.59 -0.115233 0.0234929
0.6 -0.119401 0.0243428
0.61 -0.123591 0.025197
0.62 -0.127612 0.0260167
0.63 -0.131394 0.0267877
0.64 -0.135015 0.0275261
0.65 -0.138651 0.0282672
0.66 -0.142479 0.0290477
0.67 -0.14659 0.0298859
0.68 -0.150952 0.0307751
0.69 -0.155425 0.0316871
0.7 -0.159848 0.0325889
0.71 -0.164107 0.0334571
0.72 -0.168192 0.03429
0.73 -0.172192 0.0351055
0.74 -0.176244 0.0359314
0.75 -0.180665 0.0368327
0.76 -0.185697 0.0378588
0.77 -0.191009 0.0389418
0.78 -0.196499 0.040061
0.79 -0.202045 0.0411916
0.8 -0.20746 0.0422956
0.81 -0.212746 0.0433732
0.82 -0.217855 0.044415
0.83 -0.222975 0.0454587
0.84 -0.228147 0.0465132
0.85 -0.23354 0.0476126
0.86 -0.239107 0.0487476
0.87 -0.244844 0.0499171
0.88 -0.250621 0.051095
0.89 -0.256347 0.0522624
0.9 -0.261976 0.05341
0.91 -0.267474 0.0545309
0.92 -0.272949 0.0556471
0.93 -0.278415 0.0567614
0.94 -0.28402 0.0579042
0.95 -0.289718 0.0590659
0.96 -0.295575 0.0602598
0.97 -0.301462 0.0614602
0.98 -0.307373 0.0626652
0.99 -0.313205 0.0638543
1 -0.318959 0.0650274
1.01 -0.324646 0.0661867
1.02 -0.330287 0.0673368
1.03 -0.335975 0.0684964
1.04 -0.341693 0.0696623
1.05 -0.347527 0.0708516
1.06 -0.353615 0.0720928
1.07 -0.36027 0.0734495
1.08 -0.367061 0.074834
1.09 -0.374071 0.0762632
1.1 -0.381246 0.077726
1.11 -0.388469 0.0791985
1.12 -0.395701 0.0806729
1.13 -0.402756 0.0821112
1.14 -0.409722 0.0835315
1.15 -0.416465 0.0849062
1.16 -0.423194 0.086278
1.17 -0.429831 0.0876311
1.18 -0.436582 0.0890076
1.19 -0.443375 0.0903924
1.2 -0.450294 0.091803
1.21 -0.457261 0.0932235
1.22 -0.464226 0.0946435
1.23 -0.471166 0.0960584
1.24 -0.477961 0.0974437
1.25 -0.484698 0.0988172
1.26 -0.491254 0.100154
1.27 -0.497806 0.10149
1.28 -0.504245 0.102802
1.29 -0.510757 0.10413
1.3 -0.517762 0.105558
1.31 -0.525159 0.107066
1.32 -0.532799 0.108624
1.33 -0.54088 0.110271
1.34 -0.54915 0.111957
1.35 -0.557606 0.113681
1.36 -0.565948 0.115382
1.37 -0.5741 0.117044
1.38 -0.581922 0.118639
1.39 -0.589382 0.120159
1.4 -0.596575 0.121626
1.41 -0.603507 0.123039
1.42 -0.610426 0.12445
1.43 -0.617292 0.12585
1.44 -0.624349 0.127288
1.45 -0.631456 0.128737
1.46 -0.638752 0.130225
1.47 -0.646035 0.131709
1.48 -0.653332 0.133197
1.49 -0.660555 0.13467
1.5 -0.668167 0.136222
1.51 -0.675827 0.137783
1.52 -0.683538 0.139355
1.53 -0.691616 0.141002
1.54 -0.699758 0.142662
1.55 -0.708269 0.144397
1.56 -0.716648 0.146106
1.57 -0.725162 0.147841
1.58 -0.733323 0.149505
1.59 -0.741348 0.151141
1.6 -0.748948 0.152691
1.61 -0.75626 0.154181
1.62 -0.763279 0.155612
1.63 -0.770006 0.156984
1.64 -0.776689 0.158346
1.65 -0.783154 0.159665
1.66 -0.789793 0.161018
1.67 -0.796431 0.162371
1.68 -0.803731 0.16386
1.69 -0.811127 0.165367
1.7 -0.819035 0.16698
1.71 -0.827202 0.168645
1.72 -0.835696 0.170376
1.73 -0.844341 0.172139
1.74 -0.852899 0.173884
1.75 -0.861389 0.175614
1.76 -0.869399 0.177248
1.77 -0.877183 0.178834
1.78 -0.884299 0.180285
1.79 -0.891169 0.181686
1.8 -0.897435 0.182963
1.81 -0.903547 0.184209
1.82 -0.909297 0.185382
1.83 -0.915067 0.186558
1.84 -0.921109 0.18779
1.85 -0.92735 0.189062
1.86 -0.934005 0.190419
1.87 -0.941013 0.191848
1.88 -0.948556 0.193386
1.89 -0.956304 0.194965
1.9 -0.964397 0.196615
1.91 -0.972379 0.198242
1.92 -0.980366 0.199871
1.93 -0.987954 0.201418
1.94 -0.995235 0.202902
1.95 -1.00199 0.204279
1.96 -1.00825 0.205556
1.97 -1.01405 0.206737
1.98 -1.0194 0.207829
1.99 -1.02472 0.208913
2 -1.02977 0.209943
2.01 -1.03497 0.211003
2.02 -1.04022 0.212073
2.03 -1.04584 0.213218
2.04 -1.05165 0.214403
2.05 -1.05781 0.21566
2.06 -1.06414 0.21695
2.07 -1.07061 0.218269
2.08 -1.07711 0.219594
2.09 -1.08346 0.22089
2.1 -1.0897 0.222161
2.11 -1.09556 0.223355
2.12 -1.10119 0.224503
2.13 -1.10639 0.225564
2.14 -1.11153 0.226612
2.15 -1.1163 0.227583
2.16 -1.12097 0.228536
2.17 -1.1255 0.22946
2.18 -1.13001 0.230378
2.19 -1.13453 0.231301
2.2 -1.13902 0.232215
2.21 -1.14359 0.233149
2.22 -1.14806 0.23406
2.23 -1.15262 0.234989
2.24 -1.15698 0.235877
2.25 -1.16136 0.23677
2.26 -1.16548 0.23761
2.27 -1.16952 0.238435
2.28 -1.17333 0.239211
2.29 -1.17711 0.239982
2.3 -1.18074 0.240722
2.31 -1.18423 0.241432
2.32 -1.18771 0.242142
2.33 -1.19102 0.242817
2.34 -1.1944 0.243506
2.35 -1.19757 0.244153
2.36 -1.20082 0.244815
2.37 -1.20383 0.245429
2.38 -1.20686 0.246046
2.39 -1.20965 0.246616
2.4 -1.21237 0.247171
2.41 -1.2149 0.247686
2.42 -1.21725 0.248164
2.43 -1.21948 0.248619
2.44 -1.22152 0.249036
2.45 -1.22354 0.249449
2.46 -1.22532 0.249811
2.47 -1.22715 0.250184
2.48 -1.22873 0.250506
2.49 -1.23036 0.250839
2.5 -1.23177 0.251125
2.51 -1.23317 0.251411
2.52 -1.23439 0.251659
2.53 -1.2355 0.251887
2.54 -1.2365 0.252089
2.55 -1.23726 0.252244
2.56 -1.23782 0.252359
2.57 -1.23798 0.252391
2.58 -1.23798 0.252391
2.59 -1.23752 0.252298
2.6 -1.23694 0.252179
2.61 -1.23601 0.25199
2.62 -1.235 0.251785
2.63 -1.23367 0.251514
2.64 -1.23218 0.251209
2.65 -1.23041 0.250848
2.66 -1.22836 0.25043
2.67 -1.22607 0.249964
2.68 -1.2234 0.249419
2.69 -1.22054 0.248835
2.7 -1.21721 0.248157
2.71 -1.21371 0.247443
2.72 -1.20972 0.24663
2.73 -1.20555 0.245779
2.74 -1.20093 0.244837
2.75 -1.1961 0.243853
2.76 -1.19092 0.242797
2.77 -1.18549 0.241691
2.78 -1.17985 0.24054
2.79 -1.1739 0.239326
2.8 -1.16784 0.238091
2.81 -1.16157 0.236814
2.82 -1.15534 0.235542
2.83 -1.1488 0.234211
2.84 -1.14225 0.232875
2.85 -1.13536 0.23147
2.86 -1.12838 0.230046
2.87 -1.12106 0.228554
2.88 -1.11354 0.227021
2.89 -1.10573 0.225429
2.9 -1.09762 0.223776
2.91 -1.08928 0.222075
2.92 -1.08056 0.220297
2.93 -1.07166 0.218484
2.94 -1.06234 0.216583
2.95 -1.05289 0.214657
2.96 -1.04303 0.212646
2.97 -1.03305 0.210612
2.98 -1.02273 0.208507
2.99 -1.01228 0.206377
3 -1.00159 0.204199
3.01 -0.99076 0.20199
3.02 -0.979823 0.19976
3.03 -0.968717 0.197496
3.04 -0.957638 0.195237
3.05 -0.946392 0.192944
3.06 -0.935275 0.190678
3.07 -0.924025 0.188384
3.08 -0.912964 0.186129
3.09 -0.90184 0.183861
3.1 -0.890915 0.181634
3.11 -0.880023 0.179413
3.12 -0.869299 0.177227
3.13 -0.858714 0.175069
3.14 -0.848239 0.172934
3.15 -0.837993 0.170845
3.16 -0.827798 0.168766
3.17 -0.817884 0.166745
3.18 -0.807975 0.164725
3.19 -0.798352 0.162763
3.2 -0.788705 0.160796
3.21 -0.779214 0.158861
3.22 -0.769713 0.156924
3.23 -0.76031 0.155007
3.24 -0.750815 0.153071
3.25 -0.741218 0.151115
3.26 -0.731478 0.149129
3.27 -0.721459 0.147086
3.28 -0.711263 0.145008
3.29 -0.700652 0.142844
3.3 -0.689833 0.140639
3.31 -0.678523 0.138333
3.32 -0.666967 0.135977
3.33 -0.654908 0.133519
3.34 -0.642557 0.131
3.35 -0.62975 0.128389
3.36 -0.616602 0.125709
3.37 -0.603088 0.122954
3.38 -0.589196 0.120121
3.39 -0.575046 0.117237
3.4 -0.560508 0.114273
3.41 -0.545819 0.111278
3.42 -0.530769 0.10821
3.43 -0.515651 0.105128
3.44 -0.500245 0.101987
3.45 -0.484821 0.0988422
3.46 -0.469217 0.095661
3.47 -0.453618 0.0924808
3.48 -0.437969 0.0892903
3.49 -0.422325 0.0861008
3.5 -0.406762 0.0829281
3.51 -0.391198 0.079755
3.52 -0.375827 0.0766213
3.53 -0.360458 0.0734879
3.54 -0.345352 0.0704082
3.55 -0.330271 0.0673336
3.56 -0.315476 0.0643173
3.57 -0.30075 0.0613151
3.58 -0.286285 0.058366
3.59 -0.271949 0.0554432
3.6 -0.257812 0.0525612
3.61 -0.243866 0.0497179
3.62 -0.230042 0.0468995
3.63 -0.216454 0.0441292
3.64 -0.202913 0.0413686
3.65 -0.189624 0.0386593
3.66 -0.176329 0.0359487
3.67 -0.163262 0.0332848
3.68 -0.150166 0.0306149
3.69 -0.137237 0.0279791
3.7 -0.124287 0.0253388
3.71 -0.111414 0.0227144
3.72 -0.0985479 0.0200913
3.73 -0.0856607 0.017464
3.74 -0.0728139 0.0148448
3.75 -0.0598576 0.0122034
3.76 -0.0469651 0.00957493
3.77 -0.0339029 0.0069119
3.78 -0.0209049 0.00426196
3.79 -0.00771682 0.00157326
3.8 0.00543473 -0.001108
3.81 0.018756 -0.00382386
3.82 0.0320922 -0.00654276
3.83 0.0455457 -0.00928557
3.84 0.059077 -0.0120442
3.85 0.0726573 -0.0148129
3.86 0.086373 -0.0176092
3.87 0.100073 -0.0204022
3.88 0.113943 -0.02323
3.89 0.127753 -0.0260455
3.9 0.141736 -0.0288963
3.91 0.155644 -0.0317318
3.92 0.169692 -0.0345957
3.93 0.183681 -0.0374477
3.94 0.197746 -0.0403151
3.95 0.211793 -0.0431789
3.96 0.225836 -0.046042
3.97 0.23991 -0.0489114
3.98 0.253906 -0.0517647
3.99 0.267972 -0.0546325
4 0.281906 -0.0574731
4.01 0.295928 -0.0603319
4.02 0.309796 -0.0631592
4.03 0.323741 -0.0660023
4.04 0.337548 -0.0688171
4.05 0.351392 -0.0716396
4.06 0.365145 -0.0744434
4.07 0.378877 -0.077243
4.08 0.392582 -0.080037
4.09 0.406205 -0.0828145
4.1 0.419864 -0.0855993
4.11 0.433397 -0.0883582
4.12 0.44701 -0.0911335
4.13 0.460479 -0.0938796
4.14 0.474045 -0.0966452
4.15 0.487483 -0.0993849
4.16 0.501001 -0.102141
4.17 0.514438 -0.10488
4.18 0.527913 -0.107628
4.19 0.541375 -0.110372
4.2 0.554819 -0.113113
4.21 0.568318 -0.115865
4.22 0.581749 -0.118603
4.23 0.595288 -0.121364
4.24 0.60873 -0.124104
4.25 0.622303 -0.126871
4.26 0.635778 -0.129618
4.27 0.649374 -0.13239
4.28 0.662901 -0.135148
4.29 0.676509 -0.137922
4.3 0.690099 -0.140693
4.31 0.70371 -0.143468
4.32 0.717363 -0.146251
4.33 0.730975 -0.149026
4.34 0.744679 -0.15182
4.35 0.758295 -0.154596
4.36 0.772031 -0.157397
4.37 0.785659 -0.160175
4.38 0.799403 -0.162977
4.39 0.81305 -0.165759
4.4 0.826778 -0.168558
4.41 0.84045 -0.171346
4.42 0.854146 -0.174138
4.43 0.86784 -0.17693
4.44 0.881496 -0.179714
4.45 0.895205 -0.182509
4.46 0.908821 -0.185285
4.47 0.922529 -0.188079
4.48 0.936117 -0.190849
4.49 0.949807 -0.193641
4.5 0.96338 -0.196408
4.51 0.977036 -0.199192
4.52 0.990608 -0.201959
4.53 1.00422 -0.204734
4.54 1.0178 -0.207503
4.55 1.03136 -0.210268
4.56 1.04496 -0.21304
4.57 1.05848 -0.215797
4.58 1.07209 -0.21857
4.59 1.08558 -0.221322
4.6 1.09919 -0.224096
4.61 1.11268 -0.226846
4.62 1.12627 -0.229617
4.63 1.13977 -0.23237
4.64 1.15335 -0.235137
4.65 1.16688 -0.237895
4.66 1.18042 -0.240657
4.67 1.19398 -0.243422
4.68 1.20751 -0.246179
4.69 1.2211 -0.24895
4.7 1.23461 -0.251704
4.71 1.24822 -0.25448
4.72 1.26173 -0.257234
4.73 1.27535 -0.260011
4.74 1.28888 -0.262768
4.75 1.30249 -0.265543
4.76 1.31604 -0.268305
4.77 1.32963 -0.271076
4.78 1.34321 -0.273845
4.79 1.35677 -0.27661
4.8 1.37039 -0.279386
4.81 1.38393 -0.282146
4.82 1.39756 -0.284925
4.83 1.41109 -0.287683
4.84 1.42472 -0.290463
4.85 1.43825 -0.29322
4.86 1.45187 -0.295997
4.87 1.46541 -0.298758
4.88 1.479 -0.301528
4.89 1.49256 -0.304293
4.9 1.50611 -0.307057
4.91 1.5197 -0.309826
4.92 1.53322 -0.312583
4.93 1.54682 -0.315356
4.94 1.56032 -0.318108
4.95 1.57392 -0.320881
4.96 1.58742 -0.323632
4.97 1.60101 -0.326403
4.98 1.61451 -0.329155
4.99 1.62807 -0.331921
5 1.64159 -0.334677
5.01 1.65513 -0.337437
5.02 1.66867 -0.340199
5.03 1.68218 -0.342952
5.04 1.69575 -0.345718
5.05 1.70923 -0.348468
5.06 1.72281 -0.351236
5.07 1.73629 -0.353984
5.08 1.74987 -0.356752
5.09 1.76335 -0.359501
5.1 1.77692 -0.362267
5.11 1.79042 -0.36502
5.12 1.80397 -0.367781
5.13 1.8175 -0.370539
5.14 1.83101 -0.373295
5.15 1.84457 -0.376059
5.16 1.85806 -0.37881
5.17 1.87164 -0.381577
5.18 1.88512 -0.384325
5.19 1.8987 -0.387094
5.2 1.91218 -0.389843
5.21 1.92575 -0.39261
5.22 1.93924 -0.395361
5.23 1.9528 -0.398123
5.24 1.96631 -0.400879
5.25 1.97983 -0.403636
5.26 1.99337 -0.406396
5.27 2.00687 -0.409148
5.28 2.02043 -0.411912
5.29 2.0339 -0.414659
5.3 2.04747 -0.417426
5.31 2.06094 -0.420171
5.32 2.0745 -0.422937
5.33 2.08798 -0.425684
5.34 2.10152 -0.428445
5.35 2.11502 -0.431196
5.36 2.12853 -0.433952
5.37 2.14205 -0.436707
5.38 2.15554 -0.439457
5.39 2.16908 -0.442217
5.4 2.18254 -0.444962
5.41 2.19609 -0.447725
5.42 2.20955 -0.450468
5.43 2.2231 -0.453231
5.44 2.23655 -0.455974
5.45 2.25009 -0.458735
5.46 2.26357 -0.461481
5.47 2.27708 -0.464237
5.48 2.29058 -0.466988
5.49 2.30407 -0.469739
5.5 2.31759 -0.472495
5.51 2.33105 -0.47524
5.52 2.34459 -0.478
5.53 2.35804 -0.480742
5.54 2.37159 -0.483504
5.55 2.38503 -0.486246
5.56 2.39857 -0.489006
5.57 2.41203 -0.49175
5.58 2.42555 -0.494506
5.59 2.43903 -0.497254
5.6 2.45252 -0.500005
5.61 2.46603 -0.502758
5.62 2.4795 -0.505504
5.63 2.49302 -0.508261
5.64 2.50647 -0.511002
5.65 2.52 -0.513762
5.66 2.53344 -0.516502
5.67 2.54698 -0.519261
5.68 2.56042 -0.522002
5.69 2.57394 -0.524758
5.7 2.5874 -0.527502
5.71 2.60089 -0.530253
5.72 2.61438 -0.533003
5.73 2.62784 -0.535748
5.74 2.64135 -0.538502
5.75 2.65479 -0.541242
5.76 2.66832 -0.543999
5.77 2.68175 -0.546737
5.78 2.69527 -0.549495
5.79 2.7087 -0.552233
5.8 2.72222 -0.554988
5.81 2.73566 -0.557729
5.82 2.74915 -0.56048
5.83 2.76262 -0.563225
5.84 2.77609 -0.565971
5.85 2.78958 -0.568721
5.86 2.80302 -0.571462
5.87 2.81653 -0.574215
5.88 2.82995 -0.576953
5.89 2.84347 -0.579708
5.9 2.85689 -0.582444
5.91 2.8704 -0.585199
5.92 2.88383 -0.587937
5.93 2.89733 -0.590688
5.94 2.91077 -0.59343
5.95 2.92424 -0.596176
5.96 2.93772 -0.598923
5.97 2.95116 -0.601664
5.98 2.96465 -0.604415
5.99 2.97808 -0.607151
6 2.99158 -0.609905
6.01 3.005 -0.61264
6.02 3.0185 -0.615393
6.03 3.03192 -0.618129
6.04 3.04542 -0.62088
6.05 3.05885 -0.623618
6.06 3.07232 -0.626365
6.07 3.08577 -0.629108
6.08 3.09922 -0.631849
6.09 3.1127 -0.634597
6.1 3.12612 -0.637333
6.11 3.13961 -0.640084
6.12 3.15302 -0.642818
6.13 3.16652 -0.64557
6.14 3.17993 -0.648303
6.15 3.19342 -0.651053
6.16 3.20683 -0.653789
6.17 3.22031 -0.656535
6.18 3.23374 -0.659275
6.19 3.24719 -0.662017
6.2 3.26065 -0.664761
6.21 3.27407 -0.667497
6.22 3.28755 -0.670245
6.23 3.30096 -0.672978
6.24 3.31445 -0.675728
6.25 3.32785 -0.67846
6.26 3.34133 -0.68121
6.27 3.35474 -0.683942
6.28 3.36821 -0.686689
6.29 3.38163 -0.689425
6.3 3.39508 -0.692167
6.31 3.40852 -0.694908
6.32 3.42195 -0.697645
6.33 3.43541 -0.70039
6.34 3.44882 -0.703123
6.35 3.4623 -0.705871
6.36 3.47569 -0.708601
6.37 3.48917 -0.71135
6.38 3.50256 -0.71408
6.39 3.51604 -0.716827
6.4 3.52944 -0.71956
6.41 3.54289 -0.722302
6.42 3.55632 -0.72504
6.43 3.56975 -0.727777
6.44 3.5832 -0.730519
6.45 3.5966 -0.733252
6.46 3.61007 -0.735997
6.47 3.62346 -0.738727
6.48 3.63693 -0.741474
6.49 3.65031 -0.744203
6.5 3.66378 -0.746948
6.51 3.67718 -0.749679
6.52 3.69063 -0.752422
6.53 3.70404 -0.755156
6.54 3.71747 -0.757894
6.55 3.7309 -0.760632
6.56 3.74431 -0.763365
6.57 3.75776 -0.766108
6.58 3.77115 -0.768837
6.59 3.78461 -0.771582
6.6 3.79799 -0.77431
6.61 3.81145 -0.777054
6.62 3.82483 -0.779783
6.63 3.83829 -0.782525
6.64 3.85168 -0.785257
6.65 3.86511 -0.787995
6.66 3.87853 -0.79073
6.67 3.89194 -0.793464
6.68 3.90538 -0.796203
6.69 3.91876 -0.798932
6.7 3.93222 -0.801675
6.71 3.94559 -0.804402
6.72 3.95905 -0.807145
6.73 3.97242 -0.809872
6.74 3.98587 -0.812614
6.75 3.99926 -0.815343
6.76 4.01269 -0.818081
6.77 4.02609 -0.820813
6.78 4.0395 -0.823547
6.79 4.05292 -0.826284
6.8 4.06631 -0.829013
6.81 4.07975 -0.831754
6.82 4.09312 -0.83448
6.83 4.10657 -0.837222
6.84 4.11994 -0.839947
6.85 4.13338 -0.842688
6.86 4.14676 -0.845414
6.87 4.16019 -0.848153
6.88 4.17358 -0.850882
6.89 4.18699 -0.853617
6.9 4.2004 -0.85635
6.91 4.21379 -0.85908
6.92 4.22721 -0.861818
6.93 4.24058 -0.864543
6.94 4.25403 -0.867283
6.95 4.26739 -0.870007
6.96 4.28083 -0.872748
6.97 4.29419 -0.875472
6.98 4.30762 -0.87821
6.99 4.321 -0.880937
7 4.33441 -0.883672
7.01 4.3478 -0.886403
7.02 4.3612 -0.889133
7.03 4.37461 -0.891867
7.04 4.38798 -0.894593
7.05 4.40141 -0.897331
7.06 4.41477 -0.900054
7.07 4.4282 -0.902794
7.08 4.44156 -0.905516
7.09 4.45499 -0.908254
7.1 4.46835 -0.910979
7.11 4.48176 -0.913714
7.12 4.49514 -0.916441
7.13 4.50854 -0.919172
7.14 4.52194 -0.921904
7.15 4.53531 -0.92463
7.16 4.54873 -0.927365
7.17 4.56208 -0.930088
7.18 4.57551 -0.932826
7.19 4.58886 -0.935547
7.2 4.60229 -0.938284
7.21 4.61564 -0.941007
7.22 4.62905 -0.943742
7.23 4.64242 -0.946467
7.24 4.65582 -0.949198
7.25 4.6692 -0.951927
7.26 4.68257 -0.954653
7.27 4.69598 -0.957386
7.28 4.70933 -0.960109
7.29 4.72275 -0.962845
7.3 4.7361 -0.965565
7.31 4.74952 -0.968301
7.32 4.76286 -0.971022
7.33 4.77628 -0.973757
7.34 4.78963 -0.976479
7.35 4.80303 -0.979211
7.36 4.8164 -0.981937
7.37 4.82978 -0.984664
7.38 4.84317 -0.987394
7.39 4.85652 -0.990117
7.4 4.86993 -0.99285
7.41 4.88327 -0.99557
7.42 4.89669 -0.998305
7.43 4.91003 -1.00102
7.44 4.92344 -1.00376
7.45 4.93678 -1.00648
7.46 4.95018 -1.00921
7.47 4.96354 -1.01193
7.48 4.97692 -1.01466
7.49 4.9903 -1.01739
7.5 5.00365 -1.02011
7.51 5.01705 -1.02284
7.52 5.03039 -1.02556
7.53 5.0438 -1.0283
7.54 5.05713 -1.03101
7.55 5.07054 -1.03375
7.56 5.08387 -1.03647
7.57 5.09727 -1.0392
7.58 5.11062 -1.04192
7.59 5.124 -1.04465
7.6 5.13736 -1.04737
7.61 5.15072 -1.0501
7.62 5.1641 -1.05282
7.63 5.17745 -1.05554
7.64 5.19084 -1.05828
7.65 5.20417 -1.06099
7.66 5.21757 -1.06373
7.67 5.2309 -1.06644
7.68 5.2443 -1.06917
7.69 5.25763 -1.07189
7.7 5.27102 -1.07462
7.71 5.28437 -1.07734
7.72 5.29773 -1.08007
7.73 5.3111 -1.08279
7.74 5.32444 -1.08551
7.75 5.33783 -1.08824
7.76 5.35116 -1.09096
7.77 5.36455 -1.09369
7.78 5.37788 -1.09641
7.79 5.39127 -1.09914
7.8 5.4046 -1.10185
7.81 5.41798 -1.10458
7.82 5.43132 -1.1073
7.83 5.44468 -1.11003
7.84 5.45804 -1.11275
7.85 5.47138 -1.11547
7.86 5.48476 -1.1182
7.87 5.49809 -1.12091
7.88 5.51147 -1.12364
7.89 5.52479 -1.12636
7.9 5.53818 -1.12909
7.91 5.5515 -1.1318
7.92 5.56488 -1.13453
7.93 5.57821 -1.13725
7.94 5.59158 -1.13998
7.95 5.60492 -1.1427
7.96 5.61827 -1.14542
7.97 5.63163 -1.14814
7.98 5.64496 -1.15086
7.99 5.65834 -1.15359
8 5.67165 -1.1563
8.01 5.68504 -1.15903
8.02 5.69835 -1.16174
8.03 5.71173 -1.16447
8.04 5.72505 -1.16719
8.05 5.73842 -1.16991
8.06 5.75175 -1.17263
8.07 5.7651 -1.17535
8.08 5.77845 -1.17807
8.09 5.79178 -1.18079
8.1 5.80515 -1.18352
8.11 5.81846 -1.18623
8.12 5.83184 -1.18896
8.13 5.84515 -1.19167
8.14 5.85852 -1.1944
8.15 5.87184 -1.19711
8.16 5.8852 -1.19984
8.17 5.89853 -1.20255
8.18 5.91188 -1.20528
8.19 5.92522 -1.20799
8.2 5.93855 -1.21071
8.21 5.9519 -1.21344
8.22 5.96522 -1.21615
8.23 5.97859 -1.21888
8.24 5.99189 -1.22159
8.25 6.00526 -1.22431
8.26 6.01857 -1.22703
8.27 6.03193 -1.22975
8.28 6.04525 -1.23247
8.29 6.0586 -1.23519
8.3 6.07193 -1.23791
8.31 6.08526 -1.24062
8.32 6.09861 -1.24334
8.33 6.11192 -1.24606
8.34 6.12528 -1.24878
8.35 6.13858 -1.2515
8.36 6.15195 -1.25422
8.37 6.16525 -1.25693
8.38 6.17861 -1.25966
8.39 6.19192 -1.26237
8.4 6.20527 -1.26509
8.41 6.21859 -1.26781
8.42 6.23192 -1.27052
8.43 6.24526 -1.27324
8.44 6.25857 -1.27596
8.45 6.27192 -1.27868
8.46 6.28523 -1.28139
8.47 6.29858 -1.28412
8.48 6.31188 -1.28683
8.49 6.32524 -1.28955
8.5 6.33854 -1.29226
8.51 6.35189 -1.29498
8.52 6.3652 -1.2977
8.53 6.37853 -1.30041
8.54 6.39186 -1.30313
8.55 6.40518 -1.30585
8.56 6.41851 -1.30857
8.57 6.43182 -1.31128
8.58 6.44517 -1.314
8.59 6.45846 -1.31671
8.6 6.47182 -1.31943
8.61 6.48511 -1.32214
8.62 6.49846 -1.32486
8.63 6.51176 -1.32758
8.64 6.5251 -1.33029
8.65 6.53841 -1.33301
8.66 6.55173 -1.33572
8.67 6.56506 -1.33844
8.68 6.57836 -1.34115
8.69 6.5917 -1.34387
8.7 6.60499 -1.34658
8.71 6.61834 -1.34931
8.72 6.63163 -1.35201
8.73 6.64498 -1.35474
8.74 6.65827 -1.35744
8.75 6.67161 -1.36016
8.76 6.68491 -1.36288
8.77 6.69823 -1.36559
8.78 6.71155 -1.36831
8.79 6.72486 -1.37102
8.8 6.73819 -1.37374
8.81 6.75148 -1.37645
8.82 6.76482 -1.37917
8.83 6.7781 -1.38188
8.84 6.79145 -1.3846
8.85 6.80473 -1.38731
8.86 6.81807 -1.39002
8.87 6.83136 -1.39273
8.88 6.84469 -1.39545
8.89 6.85799 -1.39816
8.9 6.8713 -1.40088
8.91 6.88462 -1.40359
8.92 6.89792 -1.4063
8.93 6.91125 -1.40902
8.94 6.92453 -1.41173
8.95 6.93787 -1.41445
8.96 6.95115 -1.41716
8.97 6.96449 -1.41988
8.98 6.97777 -1.42258
8.99 6.9911 -1.4253
9 7.00439 -1.42801
9.01 7.0177 -1.43072
9.02 7.03101 -1.43344
9.03 7.04431 -1.43615
9.04 7.05763 -1.43886
9.05 7.07091 -1.44157
9.06 7.08425 -1.44429
9.07 7.09752 -1.447
9.08 7.11086 -1.44972
9.09 7.12413 -1.45242
9.1 7.13746 -1.45514
9.11 7.15074 -1.45785
9.12 7.16406 -1.46056
9.13 7.17736 -1.46327
9.14 7.19065 -1.46598
9.15 7.20397 -1.4687
9.16 7.21725 -1.47141
9.17 7.23058 -1.47412
9.18 7.24385 -1.47683
9.19 7.25718 -1.47955
9.2 7.27045 -1.48225
9.21 7.28378 -1.48497
9.22 7.29705 -1.48768
9.23 7.31037 -1.49039
9.24 7.32366 -1.4931
9.25 7.33696 -1.49581
9.26 7.35026 -1.49852
9.27 7.36354 -1.50123
9.28 7.37686 -1.50395
9.29 7.39013 -1.50665
9.3 7.40346 -1.50937
9.31 7.41672 -1.51207
9.32 7.43005 -1.51479
9.33 7.44332 -1.5175
9.34 7.45663 -1.52021
9.35 7.46991 -1.52292
9.36 7.48321 -1.52563
9.37 7.49651 -1.52834
9.38 7.50979 -1.53105
9.39 7.5231 -1.53376
9.4 7.53637 -1.53647
9.41 7.54969 -1.53918
9.42 7.56295 -1.54189
9.43 7.57627 -1.5446
9.44 7.58954 -1.54731
9.45 7.60285 -1.55002
9.46 7.61612 -1.55273
9.47 7.62943 -1.55544
9.48 7.64271 -1.55815
9.49 7.656 -1.56086
9.5 7.6693 -1.56357
9.51 7.68257 -1.56627
9.52 7.69588 -1.56899
9.53 7.70914 -1.57169
9.54 7.72246 -1.5744
9.55 7.73571 -1.57711
9.56 7.74903 -1.57982
9.57 7.76229 -1.58253
9.58 7.7756 -1.58524
9.59 7.78887 -1.58794
9.6 7.80216 -1.59065
9.61 7.81545 -1.59336
9.62 7.82872 -1.59607
9.63 7.84202 -1.59878
9.64 7.85529 -1.60149
9.65 7.8686 -1.6042
9.66 7.88185 -1.6069
9.67 7.89516 -1.60962
9.68 7.90842 -1.61232
9.69 7.92172 -1.61503
9.7 7.93499 -1.61773
9.71 7.94828 -1.62044
9.72 7.96156 -1.62315
9.73 7.97484 -1.62586
9.74 7.98813 -1.62857
9.75 8.00139 -1.63127
9.76 8.01469 -1.63398
9.77 8.02795 -1.63669
9.78 8.04125 -1.6394
9.79 8.05451 -1.6421
9.8 8.06781 -1.64481
9.81 8.08107 -1.64752
9.82 8.09436 -1.65023
9.83 8.10763 -1.65293
9.84 8.12091 -1.65564
9.85 8.13419 -1.65835
9.86 8.14745 -1.66105
9.87 8.16075 -1.66376
9.88 8.174 -1.66646
9.89 8.1873 -1.66918
9.9 8.20055 -1.67188
9.91 8.21385 -1.67459
9.92 8.2271 -1.67729
9.93 8.2404 -1.68
9.94 8.25366 -1.6827
9.95 8.26694 -1.68541
9.96 8.28021 -1.68812
9.97 8.29348 -1.69082
9.98 8.30676 -1.69353
9.99 8.32002 -1.69623
10 8.33331 -1.69894
10.01 8.34656 -1.70164
10.02 8.35986 -1.70435
10.03 8.3731 -1.70705
10.04 8.38639 -1.70976
10.05 8.39965 -1.71247
10.06 8.41293 -1.71517
10.07 8.42619 -1.71788
10.08 8.43946 -1.72058
10.09 8.45277 -1.7233
10.1 8.46607 -1.72601
10.11 8.47944 -1.72873
10.12 8.49282 -1.73146
10.13 8.50632 -1.73421
10.14 8.51983 -1.73697
10.15 8.53347 -1.73975
10.16 8.54714 -1.74254
10.17 8.56092 -1.74535
10.18 8.57475 -1.74816
10.19 8.58864 -1.751
10.2 8.60258 -1.75384
10.21 8.61654 -1.75669
10.22 8.63056 -1.75954
10.23 8.64454 -1.76239
10.24 8.65857 -1.76525
10.25 8.67254 -1.7681
10.26 8.68653 -1.77095
10.27 8.70044 -1.77379
10.28 8.71435 -1.77663
10.29 8.72819 -1.77945
10.3 8.74201 -1.78226
10.31 8.75577 -1.78507
10.32 8.76949 -1.78787
10.33 8.78318 -1.79066
10.34 8.79681 -1.79344
10.35 8.81046 -1.79622
10.36 8.82403 -1.79899
10.37 8.83765 -1.80176
10.38 8.85121 -1.80453
10.39 8.86482 -1.8073
10.4 8.8784 -1.81007
10.41 8.89203 -1.81285
10.42 8.90566 -1.81563
10.43 8.91932 -1.81841
10.44 8.93301 -1.8212
10.45 8.9467 -1.824
10.46 8.96046 -1.8268
10.47 8.9742 -1.8296
10.48 8.98801 -1.83242
10.49 9.00178 -1.83523
10.5 9.01562 -1.83805
10.51 9.02943 -1.84086
10.52 9.04328 -1.84369
10.53 9.0571 -1.8465
10.54 9.07094 -1.84932
10.55 9.08476 -1.85214
10.56 9.09857 -1.85496
10.57 9.11238 -1.85777
10.58 9.12615 -1.86058
10.59 9.13995 -1.86339
10.6 9.15368 -1.86619
10.61 9.16744 -1.869
10.62 9.18114 -1.87179
10.63 9.19488 -1.87459
10.64 9.20856 -1.87738
10.65 9.22227 -1.88018
10.66 9.23596 -1.88297
10.67 9.24964 -1.88576
10.68 9.26334 -1.88855
10.69 9.27701 -1.89134
10.7 9.29073 -1.89413
10.71 9.30441 -1.89692
10.72 9.31814 -1.89972
10.73 9.33184 -1.90251
10.74 9.34559 -1.90532
10.75 9.3593 -1.90812
10.76 9.37307 -1.91092
10.77 9.38681 -1.91372
10.78 9.40057 -1.91653
10.79 9.41435 -1.91934
10.8 9.42811 -1.92214
10.81 9.44189 -1.92495
10.82 9.45565 -1.92776
10.83 9.46944 -1.93057
10.84 9.48319 -1.93337
10.85 9.49698 -1.93618
10.86 9.51072 -1.93899
10.87 9.5245 -1.94179
10.88 9.53824 -1.94459
10.89 9.55199 -1.9474
10.9 9.56573 -1.9502
10.91 9.57946 -1.953
10.92 9.59321 -1.9558
10.93 9.60692 -1.9586
10.94 9.62066 -1.9614
10.95 9.63436 -1.96419
10.96 9.64811 -1.96699
10.97 9.66181 -1.96979
10.98 9.67555 -1.97259
10.99 9.68926 -1.97538
11 9.703 -1.97819
11.01 9.71672 -1.98098
11.02 9.73046 -1.98378
11.03 9.7442 -1.98658
11.04 9.75793 -1.98938
11.05 9.77168 -1.99219
11.06 9.78541 -1.99499
11.07 9.79918 -1.99779
11.08 9.81291 -2.00059
11.09 9.82668 -2.0034
11.1 9.84041 -2.0062
11.11 9.85418 -2.00901
11.12 9.86792 -2.01181
11.13 9.88168 -2.01461
11.14 9.89543 -2.01742
11.15 9.90917 -2.02022
11.16 9.92293 -2.02302
11.17 9.93666 -2.02582
11.18 9.95042 -2.02863
11.19 9.96414 -2.03142
11.2 9.9779 -2.03423
11.21 9.99162 -2.03703
11.22 10.0054 -2.03983
11.23 10.0191 -2.04263
11.24 10.0328 -2.04543
11.25 10.0466 -2.04823
11.26 10.0603 -2.05103
11.27 10.074 -2.05383
11.28 10.0878 -2.05663
11.29 10.1015 -2.05943
11.3 10.1152 -2.06223
11.31 10.129 -2.06503
11.32 10.1427 -2.06783
11.33 10.1565 -2.07064
11.34 10.1702 -2.07343
11.35 10.1839 -2.07624
11.36 10.1977 -2.07904
11.37 10.2114 -2.08184
11.38 10.2252 -2.08464
11.39 10.2389 -2.08744
11.4 10.2527 -2.09025
11.41 10.2664 -2.09305
11.42 10.2802 -2.09585
11.43 10.2939 -2.09865
11.44 10.3076 -2.10146
11.45 10.3214 -2.10425
11.46 10.3351 -2.10706
11.47 10.3489 -2.10986
11.48 10.3626 -2.11266
11.49 10.3763 -2.11546
11.5 10.3901 -2.11826
11.51 10.4038 -2.12106
11.52 10.4175 -2.12386
11.53 10.4313 -2.12667
11.54 10.445 -2.12946
11.55 10.4588 -2.13227
11.56 10.4725 -2.13506
11.57 10.4862 -2.13787
11.58 10.5 -2.14067
11.59 10.5137 -2.14347
11.6 10.5275 -2.14627
11.61 10.5412 -2.14907
11.62 10.5549 -2.15187
11.63 10.5687 -2.15467
11.64 10.5824 -2.15748
11.65 10.5961 -2.16027
11.66 10.6099 -2.16308
11.67 10.6236 -2.16588
11.68 10.6374 -2.16868
11.69 10.6511 -2.17148
11.7 10.6649 -2.17429
11.71 10.6786 -2.17708
11.72 10.6923 -2.17989
11.73 10.7061 -2.18269
11.74 10.7198 -2.18549
11.75 10.7336 -2.18829
11.76 10.7473 -2.19109
11.77 10.7611 -2.19389
11.78 10.7748 -2.19669
11.79 10.7885 -2.1995
11.8 10.8023 -2.20229
11.81 10.816 -2.2051
11.82 10.8297 -2.2079
11.83 10.8435 -2.2107
11.84 10.8572 -2.2135
11.85 10.871 -2.2163
11.86 10.8847 -2.2191
11.87 10.8984 -2.2219
11.88 10.9122 -2.22471
11.89 10.9259 -2.2275
11.9 10.9397 -2.23031
11.91 10.9534 -2.2331
11.92 10.9671 -2.23591
11.93 10.9809 -2.23871
11.94 10.9946 -2.24151
11.95 11.0083 -2.24431
11.96 11.0221 -2.24711
11.97 11.0358 -2.24991
11.98 11.0496 -2.25271
11.99 11.0633 -2.25552
12 11.077 -2.25832
12.01 11.0908 -2.26112
12.02 11.1045 -2.26392
12.03 11.1183 -2.26672
12.04 11.132 -2.26952
12.05 11.1457 -2.27232
12.06 11.1595 -2.27512
12.07 11.1732 -2.27792
12.08 11.187 -2.28073
12.09 11.2007 -2.28353
12.1 11.2144 -2.28633
12.11 11.2282 -2.28913
12.12 11.2419 -2.29193
12.13 11.2556 -2.29473
12.14 11.2694 -2.29753
12.15 11.2831 -2.30033
12.16 11.2969 -2.30313
12.17 11.3106 -2.30593
12.18 11.3243 -2.30874
12.19 11.3381 -2.31154
12.2 11.3518 -2.31434
12.21 11.3656 -2.31714
12.22 11.3793 -2.31994
12.23 11.393 -2.32274
12.24 11.4068 -2.32554
12.25 11.4205 -2.32834
12.26 11.4342 -2.33114
12.27 11.448 -2.33395
12.28 11.4617 -2.33674
12.29 11.4755 -2.33955
12.3 11.4892 -2.34235
12.31 11.503 -2.34515
12.32 11.5167 -2.34795
12.33 11.5304 -2.35075
12.34 11.5442 -2.35355
12.35 11.5579 -2.35635
12.36 11.5717 -2.35915
12.37 11.5854 -2.36195
12.38 11.5991 -2.36476
12.39 11.6129 -2.36755
12.4 11.6266 -2.37036
12.41 11.6403 -2.37316
12.42 11.6541 -2.37596
12.43 11.6678 -2.37876
12.44 11.6815 -2.38156
12.45 11.6953 -2.38436
12.46 11.709 -2.38716
12.47 11.7228 -2.38996
12.48 11.7365 -2.39276
12.49 11.7503 -2.39557
12.5 11.764 -2.39836
12.51 11.7777 -2.40117
12.52 11.7915 -2.40397
12.53 11.8052 -2.40677
12.54 11.8189 -2.40957
12.55 11.8327 -2.41237
12.56 11.8464 -2.41517
12.57 11.8601 -2.41797
12.58 11.8739 -2.42077
12.59 11.8876 -2.42357
12.6 11.9014 -2.42638
12.61 11.9151 -2.42917
12.62 11.9288 -2.43198
12.63 11.9426 -2.43477
12.64 11.9563 -2.43758
12.65 11.97 -2.44038
12.66 11.9838 -2.44318
12.67 11.9975 -2.44598
12.68 12.0113 -2.44878
12.69 12.025 -2.45158
12.7 12.0387 -2.45438
12.71 12.0525 -2.45718
12.72 12.0662 -2.45998
12.73 12.08 -2.46279
12.74 12.0937 -2.46558
12.75 12.1074 -2.46839
12.76 12.1212 -2.47119
12.77 12.1349 -2.47399
12.78 12.1486 -2.47679
12.79 12.1624 -2.47959
12.8 12.1761 -2.48239
12.81 12.1899 -2.48519
12.82 12.2036 -2.48799
12.83 12.2173 -2.49079
12.84 12.2311 -2.49359
12.85 12.2448 -2.49639
12.86 12.2586 -2.4992
12.87 12.2723 -2.50199
12.88 12.286 -2.5048
12.89 12.2998 -2.5076
12.9 12.3135 -2.5104
12.91 12.3272 -2.5132
12.92 12.341 -2.516
12.93 12.3547 -2.5188
12.94 12.3684 -2.5216
12.95 12.3822 -2.5244
12.96 12.3959 -2.5272
12.97 12.4097 -2.53
12.98 12.4234 -2.5328
12.99 12.4371 -2.5356
13 12.4509 -2.5384
13.01 12.4646 -2.54121
13.02 12.4783 -2.54401
13.03 12.4921 -2.54681
13.04 12.5058 -2.54961
13.05 12.5196 -2.55241
13.06 12.5333 -2.55521
13.07 12.547 -2.55801
13.08 12.5608 -2.56081
13.09 12.5745 -2.56361
13.1 12.5883 -2.56641
13.11 12.602 -2.56921
13.12 12.6157 -2.57201
13.13 12.6295 -2.57481
13.14 12.6432 -2.57761
13.15 12.6569 -2.58042
13.16 12.6707 -2.58321
13.17 12.6844 -2.58602
13.18 12.6981 -2.58881
13.19 12.7119 -2.59162
13.2 12.7256 -2.59442
13.21 12.7394 -2.59722
13.22 12.7531 -2.60002
13.23 12.7668 -2.60282
13.24 12.7806 -2.60562
13.25 12.7943 -2.60842
13.26 12.808 -2.61122
13.27 12.8218 -2.61402
13.28 12.8355 -2.61682
13.29 12.8492 -2.61962
13.3 12.863 -2.62243
13.31 12.8767 -2.62522
13.32 12.8905 -2.62803
13.33 12.9042 -2.63082
13.34 12.9179 -2.63363
13.35 12.9317 -2.63643
13.36 12.9454 -2.63923
13.37 12.9591 -2.64203
13.38 12.9729 -2.64483
13.39 12.9866 -2.64763
13.4 13.0004 -2.65043
13.41 13.0141 -2.65323
13.42 13.0278 -2.65603
13.43 13.0416 -2.65883
13.44 13.0553 -2.66163
13.45 13.0691 -2.66443
13.46 13.0828 -2.66723
13.47 13.0965 -2.67003
13.48 13.1103 -2.67283
13.49 13.124 -2.67564
13.5 13.1377 -2.67844
13.51 13.1515 -2.68124
13.52 13.1652 -2.68404
13.53 13.1789 -2.68684
13.54 13.1927 -2.68964
13.55 13.2064 -2.69244
13.56 13.2202 -2.69524
13.57 13.2339 -2.69804
13.58 13.2476 -2.70084
13.59 13.2614 -2.70364
13.6 13.2751 -2.70644
13.61 13.2888 -2.70924
13.62 13.3026 -2.71204
13.63 13.3163 -2.71484
13.64 13.33 -2.71764
13.65 13.3438 -2.72044
13.66 13.3575 -2.72324
13.67 13.3713 -2.72605
13.68 13.385 -2.72884
13.69 13.3987 -2.73165
13.7 13.4125 -2.73444
13.71 13.4262 -2.73725
13.72 13.4399 -2.74005
13.73 13.4537 -2.74285
13.74 13.4674 -2.74565
13.75 13.4811 -2.74845
13.76 13.4949 -2.75125
13.77 13.5086 -2.75405
13.78 13.5224 -2.75685
13.79 13.5361 -2.75965
13.8 13.5498 -2.76245
13.81 13.5635 -2.76525
13.82 13.5773 -2.76805
13.83 13.591 -2.77085
13.84 13.6048 -2.77365
13.85 13.6185 -2.77645
13.86 13.6322 -2.77925
13.87 13.646 -2.78205
13.88 13.6597 -2.78485
13.89 13.6735 -2.78766
13.9 13.6872 -2.79045
13.91 13.7009 -2.79326
13.92 13.7146 -2.79605
13.93 13.7284 -2.79886
13.94 13.7421 -2.80166
13.95 13.7559 -2.80446
13.96 13.7696 -2.80726
13.97 13.7833 -2.81006
13.98 13.7971 -2.81286
13.99 13.8108 -2.81566
14 13.8245 -2.81846
14.01 13.8383 -2.82126
14.02 13.852 -2.82406
14.03 13.8657 -2.82686
14.04 13.8795 -2.82966
14.05 13.8932 -2.83246
14.06 13.907 -2.83526
14.07 13.9207 -2.83806
14.08 13.9344 -2.84086
14.09 13.9482 -2.84366
14.1 13.9619 -2.84646
14.11 13.9756 -2.84926
14.12 13.9894 -2.85206
14.13 14.0031 -2.85487
14.14 14.0168 -2.85766
14.15 14.0306 -2.86047
14.16 14.0443 -2.86326
14.17 14.0581 -2.86607
14.18 14.0718 -2.86887
14.19 14.0855 -2.87167
14.2 14.0993 -2.87447
14.21 14.113 -2.87727
14.22 14.1267 -2.88007
14.23 14.1405 -2.88287
14.24 14.1542 -2.88567
14.25 14.1679 -2.88847
14.26 14.1817 -2.89127
14.27 14.1954 -2.89407
14.28 14.2092 -2.89687
14.29 14.2229 -2.89967
14.3 14.2366 -2.90247
14.31 14.2503 -2.90527
14.32 14.2641 -2.90807
14.33 14.2778 -2.91087
14.34 14.2916 -2.91367
14.35 14.3053 -2.91647
14.36 14.319 -2.91927
14.37 14.3328 -2.92207
14.38 14.3465 -2.92487
14.39 14.3602 -2.92767
14.4 14.374 -2.93047
14.41 14.3877 -2.93327
14.42 14.4014 -2.93607
14.43 14.4152 -2.93887
14.44 14.4289 -2.94167
14.45 14.4426 -2.94447
14.46 14.4564 -2.94728
14.47 14.4701 -2.95007
14.48 14.4839 -2.95288
14.49 14.4976 -2.95567
14.5 14.5113 -2.95848
14.51 14.5251 -2.96127
14.52 14.5388 -2.96408
14.53 14.5525 -2.96688
14.54 14.5663 -2.96968
14.55 14.58 -2.97248
14.56 14.5937 -2.97528
14.57 14.6075 -2.97808
14.58 14.6212 -2.98088
14.59 14.6349 -2.98368
14.6 14.6487 -2.98648
14.61 14.6624 -2.98928
14.62 14.6761 -2.99208
14.63 14.6899 -2.99488
14.64 14.7036 -2.99768
14.65 14.7174 -3.00048
14.66 14.7311 -3.00328
14.67 14.7448 -3.00608
14.68 14.7586 -3.00888
14.69 14.7723 -3.01168
14.7 14.786 -3.01448
14.71 14.7998 -3.01728
14.72 14.8135 -3.02008
14.73 14.8272 -3.02288
14.74 14.841 -3.02568
14.75 14.8547 -3.02848
14.76 14.8684 -3.03128
14.77 14.8822 -3.03408
14.78 14.8959 -3.03688
14.79 14.9096 -3.03968
14.8 14.9234 -3.04248
14.81 14.9371 -3.04528
14.82 14.9508 -3.04808
14.83 14.9646 -3.05088
14.84 14.9783 -3.05368
14.85 14.9921 -3.05648
14.86 15.0058 -3.05928
14.87 15.0195 -3.06209
14.88 15.0333 -3.06488
14.89 15.047 -3.06768
14.9 15.0607 -3.07048
14.91 15.0745 -3.07328
14.92 15.0882 -3.07609
14.93 15.1019 -3.07888
14.94 15.1157 -3.08169
14.95 15.1294 -3.08448
14.96 15.1431 -3.08729
14.97 15.1569 -3.09008
14.98 15.1706 -3.09289
14.99 15.1843 -3.09568
15 15.1981 -3.09849
15.01 15.2118 -3.10129
15.02 15.2255 -3.10409
15.03 15.2393 -3.10689
15.04 15.253 -3.10969
15.05 15.2668 -3.11249
15.06 15.2805 -3.11529
15.07 15.2942 -3.11809
15.08 15.3079 -3.12089
15.09 15.3217 -3.12369
15.1 15.3354 -3.12649
15.11 15.3492 -3.12929
15.12 15.3629 -3.13209
15.13 15.3766 -3.13489
15.14 15.3904 -3.13769
15.15 15.4041 -3.14049
15.16 15.4178 -3.14329
15.17 15.4316 -3.14609
15.18 15.4453 -3.14889
15.19 15.459 -3.15169
15.2 15.4728 -3.15449
15.21 15.4865 -3.15729
15.22 15.5002 -3.16009
15.23 15.514 -3.16289
15.24 15.5277 -3.16569
15.25 15.5414 -3.16849
15.26 15.5552 -3.17129
15.27 15.5689 -3.17409
15.28 15.5826 -3.17689
15.29 15.5964 -3.17969
15.3 15.6101 -3.18249
15.31 15.6238 -3.18529
15.32 15.6376 -3.18809
15.33 15.6513 -3.19089
15.34 15.665 -3.19369
15.35 15.6788 -3.19649
15.36 15.6925 -3.19929
15.37 15.7062 -3.20209
15.38 15.72 -3.20489
15.39 15.7337 -3.20769
15.4 15.7475 -3.21049
15.41 15.7612 -3.21329
15.42 15.7749 -3.21609
15.43 15.7886 -3.21889
15.44 15.8024 -3.22169
15.45 15.8161 -3.22449
15.46 15.8299 -3.22729
15.47 15.8436 -3.23009
15.48 15.8573 -3.23289
15.49 15.8711 -3.23569
15.5 15.8848 -3.23849
15.51 15.8985 -3.24129
15.52 15.9123 -3.24409
15.53 15.926 -3.24689
15.54 15.9397 -3.24969
15.55 15.9535 -3.25249
15.56 15.9672 -3.25529
15.57 15.9809 -3.25809
15.58 15.9947 -3.26089
15.59 16.0084 -3.26369
15.6 16.0221 -3.26649
15.61 16.0359 -3.26929
15.62 16.0496 -3.27209
15.63 16.0633 -3.27489
15.64 16.0771 -3.27769
15.65 16.0908 -3.28049
15.66 16.1045 -3.28329
15.67 16.1183 -3.28609
15.68 16.132 -3.28889
15.69 16.1457 -3.29169
15.7 16.1595 -3.29449
15.71 16.1732 -3.29729
15.72 16.1869 -3.30009
15.73 16.2007 -3.30289
15.74 16.2144 -3.30569
15.75 16.2281 -3.30849
15.76 16.2419 -3.31129
15.77 16.2556 -3.31409
15.78 16.2693 -3.31689
15.79 16.2831 -3.31969
15.8 16.2968 -3.32249
15.81 16.3105 -3.32529
15.82 16.3243 -3.32809
15.83 16.338 -3.33089
15.84 16.3517 -3.33369
15.85 16.3655 -3.33649
15.86 16.3792 -3.33929
15.87 16.3929 -3.34209
15.88 16.4067 -3.34489
15.89 16.4204 -3.34769
15.9 16.4342 -3.35049
15.91 16.4479 -3.35329
15.92 16.4616 -3.35609
15.93 16.4753 -3.35889
15.94 16.4891 -3.36169
15.95 16.5028 -3.36449
15.96 16.5165 -3.36729
15.97 16.5303 -3.37009
15.98 16.544 -3.37289
15.99 16.5578 -3.37569
16 16.5715 -3.37849
16.01 16.5852 -3.38129
16.02 16.5989 -3.38409
16.03 16.6127 -3.38689
16.04 16.6264 -3.38969
16.05 16.6402 -3.39249
16.06 16.6539 -3.39529
16.07 16.6676 -3.39809
16.08 16.6813 -3.40089
16.09 16.6951 -3.40369
16.1 16.7088 -3.40649
16.11 16.7225 -3.40929
16.12 16.7363 -3.41209
16.13 16.75 -3.41489
16.14 16.7638 -3.41769
16.15 16.7775 -3.42048
16.16 16.7912 -3.42329
16.17 16.8049 -3.42608
16.18 16.8187 -3.42889
16.19 16.8324 -3.43168
16.2 16.8462 -3.43449
16.21 16.8599 -3.43729
16.22 16.8736 -3.44008
16.23 16.8874 -3.44289
16.24 16.9011 -3.44568
16.25 16.9148 -3.44849
16.26 16.9285 -3.45128
16.27 16.9423 -3.45409
16.28 16.956 -3.45688
16.29 16.9698 -3.45968
16.3 16.9835 -3.46248
16.31 16.9972 -3.46528
16.32 17.0109 -3.46808
16.33 17.0247 -3.47088
16.34 17.0384 -3.47368
16.35 17.0521 -3.47648
16.36 17.0659 -3.47928
16.37 17.0796 -3.48208
16.38 17.0934 -3.48488
16.39 17.1071 -3.48768
16.4 17.1208 -3.49048
16.41 17.1345 -3.49328
16.42 17.1483 -3.49608
16.43 17.162 -3.49888
16.44 17.1757 -3.50168
16.45 17.1895 -3.50448
16.46 17.2032 -3.50728
16.47 17.217 -3.51008
16.48 17.2307 -3.51288
16.49 17.2444 -3.51568
16.5 17.2581 -3.51848
16.51 17.2719 -3.52128
16.52 17.2856 -3.52408
16.53 17.2993 -3.52688
16.54 17.3131 -3.52968
16.55 17.3268 -3.53248
16.56 17.3405 -3.53528
16.57 17.3543 -3.53808
16.58 17.368 -3.54088
16.59 17.3817 -3.54368
16.6 17.3955 -3.54648
16.61 17.4092 -3.54928
16.62 17.4229 -3.55208
16.63 17.4367 -3.55488
16.64 17.4504 -3.55768
16.65 17.4641 -3.56048
16.66 17.4779 -3.56328
16.67 17.4916 -3.56608
16.68 17.5053 -3.56888
16.69 17.5191 -3.57168
16.7 17.5328 -3.57448
16.71 17.5465 -3.57728
16.72 17.5603 -3.58007
16.73 17.574 -3.58288
16.74 17.5877 -3.58567
16.75 17.6015 -3.58848
16.76 17.6152 -3.59127
16.77 17.6289 -3.59407
16.78 17.6427 -3.59687
16.79 17.6564 -3.59967
16.8 17.6701 -3.60247
16.81 17.6839 -3.60527
16.82 17.6976 -3.60807
16.83 17.7113 -3.61087
16.84 17.7251 -3.61367
16.85 17.7388 -3.61647
16.86 17.7525 -3.61927
16.87 17.7663 -3.62207
16.88 17.78 -3.62487
16.89 17.7937 -3.62767
16.9 17.8075 -3.63047
16.91 17.8212 -3.63327
16.92 17.8349 -3.63607
16.93 17.8487 -3.63887
16.94 17.8624 -3.64167
16.95 17.8761 -3.64447
16.96 17.8898 -3.64727
16.97 17.9036 -3.65007
16.98 17.9173 -3.65287
16.99 17.9311 -3.65567
17 17.9448 -3.65847
17.01 17.9585 -3.66127
17.02 17.9722 -3.66407
17.03 17.986 -3.66687
17.04 17.9997 -3.66967
17.05 18.0134 -3.67247
17.06 18.0272 -3.67527
17.07 18.0409 -3.67806
17.08 18.0546 -3.68087
17.09 18.0684 -3.68366
17.1 18.0821 -3.68647
17.11 18.0958 -3.68926
17.12 18.1096 -3.69206
17.13 18.1233 -3.69486
17.14 18.137 -3.69766
17.15 18.1508 -3.70046
17.16 18.1645 -3.70326
17.17 18.1782 -3.70606
17.18 18.192 -3.70886
17.19 18.2057 -3.71166
17.2 18.2194 -3.71446
17.21 18.2332 -3.71726
17.22 18.2469 -3.72006
17.23 18.2606 -3.72286
17.24 18.2744 -3.72566
17.25 18.2881 -3.72846
17.26 18.3018 -3.73126
17.27 18.3156 -3.73406
17.28 18.3293 -3.73686
17.29 18.343 -3.73966
17.3 18.3568 -3.74246
17.31 18.3705 -3.74526
17.32 18.3842 -3.74806
17.33 18.3979 -3.75086
17.34 18.4117 -3.75366
17.35 18.4254 -3.75645
17.36 18.4391 -3.75926
17.37 18.4529 -3.76205
17.38 18.4666 -3.76485
17.39 18.4803 -3.76765
17.4 18.4941 -3.77045
17.41 18.5078 -3.77325
17.42 18.5215 -3.77605
17.43 18.5353 -3.77885
17.44 18.549 -3.78165
17.45 18.5627 -3.78445
17.46 18.5765 -3.78725
17.47 18.5902 -3.79005
17.48 18.6039 -3.79285
17.49 18.6177 -3.79565
17.5 18.6314 -3.79845
17.51 18.6451 -3.80125
17.52 18.6589 -3.80405
17.53 18.6726 -3.80685
17.54 18.6863 -3.80965
17.55 18.7001 -3.81245
17.56 18.7138 -3.81525
17.57 18.7275 -3.81805
17.58 18.7413 -3.82085
17.59 18.755 -3.82365
17.6 18.7687 -3.82645
17.61 18.7824 -3.82924
17.62 18.7962 -3.83204
17.63 18.8099 -3.83484
17.64 18.8236 -3.83764
17.65 18.8374 -3.84044
17.66 18.8511 -3.84324
17.67 18.8648 -3.84604
17.68 18.8786 -3.84884
17.69 18.8923 -3.85164
17.7 18.906 -3.85444
17.71 18.9198 -3.85724
17.72 18.9335 -3.86004
17.73 18.9472 -3.86284
17.74 18.961 -3.86564
17.75 18.9747 -3.86844
17.76 18.9884 -3.87124
17.77 19.0022 -3.87404
17.78 19.0159 -3.87684
17.79 19.0296 -3.87964
17.8 19.0434 -3.88244
17.81 19.0571 -3.88524
17.82 19.0708 -3.88804
17.83 19.0845 -3.89083
17.84 19.0983 -3.89364
17.85 19.112 -3.89643
17.86 19.1257 -3.89923
17.87 19.1395 -3.90203
17.88 19.1532 -3.90483
17.89 19.1669 -3.90763
17.9 19.1807 -3.91043
17.91 19.1944 -3.91323
17.92 19.2081 -3.91603
17.93 19.2219 -3.91883
17.94 19.2356 -3.92163
17.95 19.2493 -3.92443
17.96 19.2631 -3.92723
17.97 19.2768 -3.93003
17.98 19.2905 -3.93283
17.99 19.3043 -3.93563
18 19.318 -3.93843
18.01 19.3317 -3.94123
18.02 19.3455 -3.94403
18.03 19.3592 -3.94682
18.04 19.3729 -3.94963
18.05 19.3866 -3.95242
18.06 19.4004 -3.95522
18.07 19.4141 -3.95802
18.08 19.4278 -3.96082
18.09 19.4416 -3.96362
18.1 19.4553 -3.96642
18.11 19.469 -3.96922
18.12 19.4828 -3.97202
18.13 19.4965 -3.97482
18.14 19.5102 -3.97762
18.15 19.524 -3.98042
18.16 19.5377 -3.98322
18.17 19.5514 -3.98602
18.18 19.5651 -3.98882
18.19 19.5789 -3.99162
18.2 19.5926 -3.99442
18.21 19.6063 -3.99722
18.22 19.6201 -4.00002
18.23 19.6338 -4.00281
18.24 19.6475 -4.00562
18.25 19.6613 -4.00841
18.26 19.675 -4.01121
18.27 19.6887 -4.01401
18.28 19.7025 -4.01681
18.29 19.7162 -4.01961
18.3 19.7299 -4.02241
18.31 19.7437 -4.02521
18.32 19.7574 -4.02801
18.33 19.7711 -4.03081
18.34 19.7849 -4.03361
18.35 19.7986 -4.03641
18.36 19.8123 -4.03921
18.37 19.8261 -4.04201
18.38 19.8398 -4.04481
18.39 19.8535 -4.04761
18.4 19.8672 -4.0504
18.41 19.881 -4.05321
18.42 19.8947 -4.056
18.43 19.9084 -4.0588
18.44 19.9222 -4.0616
18.45 19.9359 -4.0644
18.46 19.9496 -4.0672
18.47 19.9634 -4.07
18.48 19.9771 -4.0728
18.49 19.9908 -4.0756
18.5 20.0046 -4.0784
18.51 20.0183 -4.0812
18.52 20.032 -4.084
18.53 20.0457 -4.0868
18.54 20.0595 -4.0896
18.55 20.0732 -4.0924
18.56 20.0869 -4.0952
18.57 20.1007 -4.098
18.58 20.1144 -4.1008
18.59 20.1281 -4.1036
18.6 20.1419 -4.10639
18.61 20.1556 -4.10919
18.62 20.1693 -4.11199
18.63 20.1831 -4.11479
18.64 20.1968 -4.11759
18.65 20.2105 -4.12039
18.66 20.2242 -4.12319
18.67 20.238 -4.12599
18.68 20.2517 -4.12879
18.69 20.2654 -4.13159
18.7 20.2792 -4.13439
18.71 20.2929 -4.13719
18.72 20.3066 -4.13999
18.73 20.3204 -4.14279
18.74 20.3341 -4.14559
18.75 20.3478 -4.14838
18.76 20.3616 -4.15119
18.77 20.3753 -4.15398
18.78 20.389 -4.15678
18.79 20.4027 -4.15958
18.8 20.4165 -4.16238
18.81 20.4302 -4.16518
18.82 20.4439 -4.16798
18.83 20.4577 -4.17078
18.84 20.4714 -4.17358
18.85 20.4851 -4.17638
18.86 20.4989 -4.17918
18.87 20.5126 -4.18198
18.88 20.5263 -4.18478
18.89 20.5401 -4.18758
18.9 20.5538 -4.19037
18.91 20.5675 -4.19317
18.92 20.5813 -4.19597
18.93 20.595 -4.19877
18.94 20.6087 -4.20157
18.95 20.6224 -4.20437
18.96 20.6362 -4.20717
18.97 20.6499 -4.20997
18.98 20.6636 -4.21277
18.99 20.6774 -4.21557
19 20.6911 -4.21837
19.01 20.7048 -4.22117
19.02 20.7186 -4.22397
19.03 20.7323 -4.22677
19.04 20.746 -4.22957
19.05 20.7598 -4.23237
19.06 20.7735 -4.23516
19.07 20.7872 -4.23796
19.08 20.8009 -4.24076
19.09 20.8147 -4.24356
19.1 20.8284 -4.24636
19.11 20.8421 -4.24916
19.12 20.8559 -4.25196
19.13 20.8696 -4.25476
19.14 20.8833 -4.25756
19.15 20.8971 -4.26036
19.16 20.9108 -4.26316
19.17 20.9245 -4.26596
19.18 20.9383 -4.26876
19.19 20.952 -4.27155
19.2 20.9657 -4.27436
19.21 20.9794 -4.27715
19.22 20.9932 -4.27995
19.23 21.0069 -4.28275
19.24 21.0206 -4.28555
19.25 21.0344 -4.28835
19.26 21.0481 -4.29115
19.27 21.0618 -4.29395
19.28 21.0756 -4.29675
19.29 21.0893 -4.29955
19.3 21.103 -4.30235
19.31 21.1167 -4.30515
19.32 21.1305 -4.30795
19.33 21.1442 -4.31075
19.34 21.1579 -4.31354
19.35 21.1717 -4.31634
19.36 21.1854 -4.31914
19.37 21.1991 -4.32194
19.38 21.2129 -4.32474
19.39 21.2266 -4.32754
19.4 21.2403 -4.33034
19.41 21.254 -4.33314
19.42 21.2678 -4.33594
19.43 21.2815 -4.33874
19.44 21.2952 -4.34154
19.45 21.309 -4.34434
19.46 21.3227 -4.34714
19.47 21.3364 -4.34993
19.48 21.3502 -4.35274
19.49 21.3639 -4.35553
19.5 21.3776 -4.35833
19.51 21.3914 -4.36113
19.52 21.4051 -4.36393
19.53 21.4188 -4.36673
19.54 21.4325 -4.36953
19.55 21.4463 -4.37233
19.56 21.46 -4.37513
19.57 21.4737 -4.37793
19.58 21.4875 -4.38073
19.59 21.5012 -4.38353
19.6 21.5149 -4.38632
19.61 21.5287 -4.38913
19.62 21.5424 -4.39192
19.63 21.5561 -4.39472
19.64 21.5698 -4.39752
19.65 21.5836 -4.40032
19.66 21.5973 -4.40312
19.67 21.611 -4.40592
19.68 21.6248 -4.40872
19.69 21.6385 -4.41152
19.7 21.6522 -4.41432
19.71 21.666 -4.41712
19.72 21.6797 -4.41992
19.73 21.6934 -4.42271
19.74 21.7071 -4.42551
19.75 21.7209 -4.42831
19.76 21.7346 -4.43111
19.77 21.7483 -4.43391
19.78 21.7621 -4.43671
19.79 21.7758 -4.43951
19.8 21.7895 -4.44231
19.81 21.8033 -4.44511
19.82 21.817 -4.44791
19.83 21.8307 -4.45071
19.84 21.8444 -4.45351
19.85 21.8582 -4.45631
19.86 21.8719 -4.4591
19.87 21.8856 -4.4619
19.88 21.8994 -4.4647
19.89 21.9131 -4.4675
19.9 21.9268 -4.4703
19.91 21.9406 -4.4731
19.92 21.9543 -4.4759
19.93 21.968 -4.4787
19.94 21.9818 -4.4815
19.95 21.9955 -4.4843
19.96 22.0092 -4.4871
19.97 22.0229 -4.4899
19.98 22.0367 -4.4927
19.99 22.0504 -4.49549
20 22.0641 -4.49829
