0.01 0 -2.54333e-05 2.04472e-07
0.02 0 -2.54333e-05 1.0903e-06
0.03 0 -2.54334e-05 2.89635e-06
0.04 0 -2.54336e-05 5.28868e-06
0.05 0 -2.54338e-05 7.59851e-06
0.06 0 -2.54341e-05 9.24866e-06
0.07 0 -2.54342e-05 1.00977e-05
0.08 0 -2.54343e-05 1.04984e-05
0.09 0 -2.54344e-05 1.10539e-05
0.1 0 -2.54346e-05 1.22372e-05
0.11 0 -2.5435e-05 1.41136e-05
0.12 0 -2.54356e-05 1.6327e-05
0.13 0 -2.54362e-05 1.83418e-05
0.14 0 -2.54367e-05 1.97769e-05
0.15 0 -2.5437e-05 2.06245e-05
0.16 0 -2.54372e-05 2.12314e-05
0.17 0 -2.54375e-05 2.2068e-05
0.18 0 -2.5438e-05 2.34396e-05
0.19 0 -2.54388e-05 2.53139e-05
0.2 0 -2.54397e-05 2.7363e-05
0.21 0 -2.54405e-05 2.91781e-05
0.22 0 -2.54412e-05 3.05175e-05
0.23 0 -2.54417e-05 3.14386e-05
0.24 0 -2.54421e-05 3.22445e-05
0.25 0 -2.54426e-05 3.32887e-05
0.26 0 -2.54435e-05 3.47646e-05
0.27 0 -2.54445e-05 3.66019e-05
0.28 0 -2.54457e-05 3.85263e-05
0.29 0 -2.54467e-05 4.02334e-05
0.3 0 -2.54476e-05 4.15681e-05
0.31 0 -2.54483e-05 4.26038e-05
0.32 0 -2.5449e-05 4.35848e-05
0.33 0 -2.54498e-05 4.47742e-05
0.34 0 -2.54509e-05 4.63008e-05
0.35 0 -2.54522e-05 4.80954e-05
0.36 0 -2.54535e-05 4.99439e-05
0.37 0 -2.54548e-05 5.16193e-05
0.38 0 -2.54559e-05 5.30115e-05
0.39 0 -2.54569e-05 5.41809e-05
0.4 0 -2.54578e-05 5.53126e-05
0.41 0 -2.54588e-05 5.66042e-05
0.42 0 -2.54601e-05 5.81547e-05
0.43 0 -2.54617e-05 5.99166e-05
0.44 0 -2.54632e-05 6.1733e-05
0.45 0 -2.54647e-05 6.34318e-05
0.46 0 -2.54661e-05 6.49214e-05
0.47 0 -2.54673e-05 6.62348e-05
0.48 0 -2.54685e-05 6.75026e-05
0.49 0 -2.54697e-05 6.88755e-05
0.5 0 -2.54712e-05 7.04419e-05
0.51 0 -2.54729e-05 7.2185e-05
0.52 0 -2.54746e-05 7.39997e-05
0.53 0 -2.54764e-05 7.5755e-05
0.54 0 -2.54779e-05 7.73654e-05
0.55 0 -2.54794e-05 7.88319e-05
0.56 0 -2.54808e-05 8.02355e-05
0.57 0 -2.54823e-05 8.16891e-05
0.58 0 -2.54839e-05 8.32768e-05
0.59 0 -2.54857e-05 8.5013e-05
0.6 0 -2.54876e-05 8.684e-05
0.61 0 -2.54895e-05 8.86633e-05
0.62 0 -2.54913e-05 9.04022e-05
0.63 0 -2.54931e-05 9.2029e-05
0.64 0 -2.54947e-05 9.35793e-05
0.65 0 -2.54964e-05 9.51293e-05
0.66 0 -2.54981e-05 9.67552e-05
0.67 0 -2.55e-05 9.84953e-05
0.68 0 -2.55019e-05 0.000100334
0.69 0 -2.5504e-05 0.000102215
0.7 0 -2.5506e-05 0.00010407
0.71 0 -2.55079e-05 0.000105851
0.72 0 -2.55098e-05 0.000107557
0.73 0 -2.55116e-05 0.000109225
0.74 0 -2.55134e-05 0.000110913
0.75 0 -2.55155e-05 0.000112671
0.76 0 -2.55177e-05 0.000114532
0.77 0 -2.55202e-05 0.000116494
0.78 0 -2.55227e-05 0.000118524
0.79 0 -2.55252e-05 0.000120567
0.8 0 -2.55276e-05 0.000122573
0.81 0 -2.553e-05 0.000124517
0.82 0 -2.55324e-05 0.000126414
0.83 0 -2.55347e-05 0.0001283
0.84 0 -2.5537e-05 0.000130223
0.85 0 -2.55395e-05 0.000132218
0.86 0 -2.5542e-05 0.000134292
0.87 0 -2.55446e-05 0.000136428
0.88 0 -2.55473e-05 0.000138588
0.89 0 -2.55499e-05 0.000140735
0.9 0 -2.55524e-05 0.000142849
0.91 0 -2.55549e-05 0.000144929
0.92 0 -2.55574e-05 0.000146996
0.93 0 -2.55599e-05 0.000149082
0.94 0 -2.55624e-05 0.000151216
0.95 0 -2.5565e-05 0.00015341
0.96 0 -2.55677e-05 0.000155662
0.97 0 -2.55704e-05 0.000157951
0.98 0 -2.5573e-05 0.000160251
0.99 0 -2.55757e-05 0.000162541
1 0 -2.55783e-05 0.00016481
1.01 0 -2.55809e-05 0.000167064
1.02 0 -2.55835e-05 0.00016932
1.03 0 -2.5586e-05 0.000171598
1.04 0 -2.55886e-05 0.000173916
1.05 0 -2.55913e-05 0.000176279
1.06 0 -2.55941e-05 0.000178689
1.07 0 -2.55971e-05 0.000181158
1.08 0 -2.56002e-05 0.00018371
1.09 0 -2.56034e-05 0.000186361
1.1 0 -2.56066e-05 0.000189095
1.11 0 -2.56099e-05 0.000191883
1.12 0 -2.56132e-05 0.000194683
1.13 0 -2.56164e-05 0.000197463
1.14 0 -2.56196e-05 0.000200206
1.15 0 -2.56226e-05 0.000202918
1.16 0 -2.56257e-05 0.000205618
1.17 0 -2.56287e-05 0.000208338
1.18 0 -2.56318e-05 0.000211106
1.19 0 -2.56349e-05 0.000213942
1.2 0 -2.5638e-05 0.000216848
1.21 0 -2.56412e-05 0.000219813
1.22 0 -2.56443e-05 0.000222814
1.23 0 -2.56475e-05 0.000225827
1.24 0 -2.56506e-05 0.000228832
1.25 0 -2.56537e-05 0.000231819
1.26 0 -2.56566e-05 0.000234789
1.27 0 -2.56596e-05 0.000237757
1.28 0 -2.56625e-05 0.00024074
1.29 0 -2.56655e-05 0.000243757
1.3 0 -2.56687e-05 0.000246839
1.31 0 -2.5672e-05 0.000250051
1.32 0 -2.56755e-05 0.000253451
1.33 0 -2.56792e-05 0.000257059
1.34 0 -2.56829e-05 0.000260845
1.35 0 -2.56868e-05 0.000264744
1.36 0 -2.56906e-05 0.000268675
1.37 0 -2.56943e-05 0.000272564
1.38 0 -2.56978e-05 0.000276359
1.39 0 -2.57012e-05 0.000280039
1.4 0 -2.57045e-05 0.000283624
1.41 0 -2.57077e-05 0.000287157
1.42 0 -2.57108e-05 0.000290698
1.43 0 -2.57139e-05 0.000294308
1.44 0 -2.57171e-05 0.000298029
1.45 0 -2.57204e-05 0.000301882
1.46 0 -2.57237e-05 0.000305859
1.47 0 -2.5727e-05 0.000309929
1.48 0 -2.57303e-05 0.000314047
1.49 0 -2.57336e-05 0.000318167
1.5 0 -2.5737e-05 0.00032229
1.51 0 -2.57405e-05 0.000326484
1.52 0 -2.5744e-05 0.000330833
1.53 0 -2.57477e-05 0.000335392
1.54 0 -2.57514e-05 0.000340176
1.55 0 -2.57553e-05 0.000345162
1.56 0 -2.57591e-05 0.000350294
1.57 0 -2.5763e-05 0.000355499
1.58 0 -2.57667e-05 0.0003607
1.59 0 -2.57703e-05 0.000365834
1.6 0 -2.57738e-05 0.000370858
1.61 0 -2.57771e-05 0.000375757
1.62 0 -2.57803e-05 0.000380547
1.63 0 -2.57833e-05 0.000385266
1.64 0 -2.57864e-05 0.000389965
1.65 0 -2.57893e-05 0.000394701
1.66 0 -2.57923e-05 0.00039952
1.67 0 -2.57953e-05 0.000404469
1.68 0 -2.57987e-05 0.000409621
1.69 0 -2.5802e-05 0.000415085
1.7 0 -2.58056e-05 0.000420944
1.71 0 -2.58093e-05 0.00042722
1.72 0 -2.58132e-05 0.000433876
1.73 0 -2.58171e-05 0.000440826
1.74 0 -2.5821e-05 0.000447949
1.75 0 -2.58249e-05 0.000455113
1.76 0 -2.58285e-05 0.000462193
1.77 0 -2.58321e-05 0.000469088
1.78 0 -2.58353e-05 0.000475735
1.79 0 -2.58384e-05 0.000482114
1.8 0 -2.58413e-05 0.000488248
1.81 0 -2.5844e-05 0.000494196
1.82 0 -2.58467e-05 0.000500042
1.83 0 -2.58493e-05 0.000505885
1.84 0 -2.5852e-05 0.000511873
1.85 0 -2.58549e-05 0.000518209
1.86 0 -2.58579e-05 0.000525079
1.87 0 -2.58611e-05 0.000532599
1.88 0 -2.58645e-05 0.000540803
1.89 0 -2.5868e-05 0.000549649
1.9 0 -2.58717e-05 0.000559025
1.91 0 -2.58753e-05 0.000568772
1.92 0 -2.5879e-05 0.000578701
1.93 0 -2.58824e-05 0.000588617
1.94 0 -2.58857e-05 0.000598342
1.95 0 -2.58888e-05 0.000607734
1.96 0 -2.58916e-05 0.000616698
1.97 0 -2.58943e-05 0.000625195
1.98 0 -2.58967e-05 0.000633254
1.99 0 -2.58991e-05 0.000641018
2 0 -2.59014e-05 0.000648744
2.01 0 -2.59038e-05 0.000656718
2.02 0 -2.59062e-05 0.000665186
2.03 0 -2.59087e-05 0.000674334
2.04 0 -2.59114e-05 0.000684276
2.05 0 -2.59142e-05 0.000695054
2.06 0 -2.5917e-05 0.000706633
2.07 0 -2.592e-05 0.000718914
2.08 0 -2.59229e-05 0.000731745
2.09 0 -2.59258e-05 0.000744935
2.1 0 -2.59287e-05 0.000758279
2.11 0 -2.59313e-05 0.000771568
2.12 0 -2.59339e-05 0.000784615
2.13 0 -2.59362e-05 0.000797285
2.14 0 -2.59386e-05 0.000809582
2.15 0 -2.59407e-05 0.000821665
2.16 0 -2.59429e-05 0.000833748
2.17 0 -2.59449e-05 0.000846031
2.18 0 -2.5947e-05 0.000858684
2.19 0 -2.5949e-05 0.000871844
2.2 0 -2.59511e-05 0.000885604
2.21 0 -2.59531e-05 0.00090001
2.22 0 -2.59552e-05 0.000915068
2.23 0 -2.59573e-05 0.000930735
2.24 0 -2.59592e-05 0.000946936
2.25 0 -2.59612e-05 0.000963562
2.26 0 -2.59631e-05 0.000980483
2.27 0 -2.59649e-05 0.000997558
2.28 0 -2.59667e-05 0.00101466
2.29 0 -2.59684e-05 0.00103177
2.3 0 -2.597e-05 0.00104904
2.31 0 -2.59716e-05 0.00106667
2.32 0 -2.59732e-05 0.00108481
2.33 0 -2.59747e-05 0.0011036
2.34 0 -2.59762e-05 0.00112314
2.35 0 -2.59777e-05 0.00114346
2.36 0 -2.59792e-05 0.00116458
2.37 0 -2.59805e-05 0.00118647
2.38 0 -2.59819e-05 0.00120906
2.39 0 -2.59832e-05 0.00123225
2.4 0 -2.59844e-05 0.00125593
2.41 0 -2.59856e-05 0.00127996
2.42 0 -2.59866e-05 0.00130418
2.43 0 -2.59876e-05 0.00132848
2.44 0 -2.59886e-05 0.00135285
2.45 0 -2.59895e-05 0.0013775
2.46 0 -2.59903e-05 0.00140266
2.47 0 -2.59911e-05 0.00142854
2.48 0 -2.59918e-05 0.00145531
2.49 0 -2.59926e-05 0.0014831
2.5 0 -2.59932e-05 0.001512
2.51 0 -2.59939e-05 0.00154205
2.52 0 -2.59944e-05 0.00157325
2.53 0 -2.59949e-05 0.00160556
2.54 0 -2.59954e-05 0.00163893
2.55 0 -2.59957e-05 0.00167324
2.56 0 -2.5996e-05 0.00170835
2.57 0 -2.59961e-05 0.00174412
2.58 0 -2.59961e-05 0.00178036
2.59 0 -2.59958e-05 0.00181689
2.6 0 -2.59956e-05 0.00185367
2.61 0 -2.59952e-05 0.00189089
2.62 0 -2.59947e-05 0.00192878
2.63 0 -2.59941e-05 0.00196756
2.64 0 -2.59934e-05 0.0020074
2.65 0 -2.59926e-05 0.00204841
2.66 0 -2.59917e-05 0.00209068
2.67 0 -2.59906e-05 0.00213426
2.68 0 -2.59894e-05 0.00217914
2.69 0 -2.59881e-05 0.00222529
2.7 0 -2.59866e-05 0.00227263
2.71 0 -2.5985e-05 0.00232106
2.72 0 -2.59832e-05 0.00237043
2.73 0 -2.59813e-05 0.00242059
2.74 0 -2.59792e-05 0.00247134
2.75 0 -2.5977e-05 0.00252249
2.76 0 -2.59747e-05 0.00257381
2.77 0 -2.59722e-05 0.00262509
2.78 0 -2.59696e-05 0.00267611
2.79 0 -2.59669e-05 0.00272669
2.8 0 -2.59642e-05 0.00277685
2.81 0 -2.59613e-05 0.00282678
2.82 0 -2.59585e-05 0.00287675
2.83 0 -2.59555e-05 0.00292698
2.84 0 -2.59525e-05 0.00297767
2.85 0 -2.59494e-05 0.003029
2.86 0 -2.59462e-05 0.0030811
2.87 0 -2.59429e-05 0.0031341
2.88 0 -2.59395e-05 0.00318808
2.89 0 -2.59359e-05 0.00324309
2.9 0 -2.59323e-05 0.00329915
2.91 0 -2.59285e-05 0.00335626
2.92 0 -2.59245e-05 0.0034144
2.93 0 -2.59205e-05 0.00347351
2.94 0 -2.59162e-05 0.00353352
2.95 0 -2.59119e-05 0.00359433
2.96 0 -2.59074e-05 0.00365582
2.97 0 -2.59029e-05 0.00371787
2.98 0 -2.58982e-05 0.00378034
2.99 0 -2.58935e-05 0.00384308
3 0 -2.58886e-05 0.00390593
3.01 0 -2.58837e-05 0.00396874
3.02 0 -2.58787e-05 0.00403133
3.03 0 -2.58737e-05 0.00409357
3.04 0 -2.58686e-05 0.00415529
3.05 0 -2.58635e-05 0.00421635
3.06 0 -2.58585e-05 0.00427662
3.07 0 -2.58533e-05 0.00433597
3.08 0 -2.58483e-05 0.00439431
3.09 0 -2.58433e-05 0.00445153
3.1 0 -2.58383e-05 0.00450757
3.11 0 -2.58333e-05 0.00456236
3.12 0 -2.58285e-05 0.00461587
3.13 0 -2.58237e-05 0.00466808
3.14 0 -2.58189e-05 0.00471899
3.15 0 -2.58142e-05 0.00476861
3.16 0 -2.58096e-05 0.00481698
3.17 0 -2.58051e-05 0.00486414
3.18 0 -2.58006e-05 0.00491015
3.19 0 -2.57962e-05 0.00495509
3.2 0 -2.57918e-05 0.00499904
3.21 0 -2.57875e-05 0.00504219
3.22 0 -2.57832e-05 0.00508481
3.23 0 -2.57789e-05 0.00512723
3.24 0 -2.57746e-05 0.00516978
3.25 0 -2.57703e-05 0.00521272
3.26 0 -2.57658e-05 0.00525631
3.27 0 -2.57613e-05 0.00530078
3.28 0 -2.57566e-05 0.00534633
3.29 0 -2.57518e-05 0.0053931
3.3 0 -2.57469e-05 0.00544123
3.31 0 -2.57418e-05 0.00549082
3.32 0 -2.57365e-05 0.00554193
3.33 0 -2.5731e-05 0.00559458
3.34 0 -2.57254e-05 0.00564879
3.35 0 -2.57196e-05 0.00570453
3.36 0 -2.57136e-05 0.00576174
3.37 0 -2.57075e-05 0.00582035
3.38 0 -2.57011e-05 0.00588027
3.39 0 -2.56947e-05 0.00594138
3.4 0 -2.56881e-05 0.00600357
3.41 0 -2.56814e-05 0.00606668
3.42 0 -2.56746e-05 0.00613058
3.43 0 -2.56677e-05 0.0061951
3.44 0 -2.56607e-05 0.00626009
3.45 0 -2.56537e-05 0.0063254
3.46 0 -2.56466e-05 0.00639087
3.47 0 -2.56395e-05 0.00645634
3.48 0 -2.56324e-05 0.00652168
3.49 0 -2.56253e-05 0.00658675
3.5 0 -2.56182e-05 0.00665142
3.51 0 -2.56112e-05 0.00671559
3.52 0 -2.56042e-05 0.00677914
3.53 0 -2.55972e-05 0.006842
3.54 0 -2.55903e-05 0.00690409
3.55 0 -2.55835e-05 0.00696535
3.56 0 -2.55767e-05 0.00702574
3.57 0 -2.557e-05 0.00708524
3.58 0 -2.55635e-05 0.00714384
3.59 0 -2.55569e-05 0.00720152
3.6 0 -2.55505e-05 0.0072583
3.61 0 -2.55442e-05 0.00731421
3.62 0 -2.55379e-05 0.00736929
3.63 0 -2.55317e-05 0.00742357
3.64 0 -2.55256e-05 0.00747711
3.65 0 -2.55195e-05 0.00752997
3.66 0 -2.55135e-05 0.00758222
3.67 0 -2.55075e-05 0.00763392
3.68 0 -2.55016e-05 0.00768513
3.69 0 -2.54957e-05 0.00773594
3.7 0 -2.54898e-05 0.00778642
3.71 0 -2.5484e-05 0.00783663
3.72 0 -2.54781e-05 0.00788664
3.73 0 -2.54723e-05 0.00793652
3.74 0 -2.54664e-05 0.00798633
3.75 0 -2.54605e-05 0.00803611
3.76 0 -2.54547e-05 0.00808592
3.77 0 -2.54487e-05 0.00813579
3.78 0 -2.54428e-05 0.00818577
3.79 0 -2.54368e-05 0.00823589
3.8 0 -2.54309e-05 0.00828615
3.81 0 -2.54248e-05 0.00833658
3.82 0 -2.54187e-05 0.00838719
3.83 0 -2.54126e-05 0.00843798
3.84 0 -2.54065e-05 0.00848894
3.85 0 -2.54003e-05 0.00854006
3.86 0 -2.53941e-05 0.00859132
3.87 0 -2.53878e-05 0.00864272
3.88 0 -2.53815e-05 0.00869422
3.89 0 -2.53753e-05 0.00874581
3.9 0 -2.53689e-05 0.00879744
3.91 0 -2.53626e-05 0.0088491
3.92 0 -2.53562e-05 0.00890075
3.93 0 -2.53498e-05 0.00895236
3.94 0 -2.53434e-05 0.0090039
3.95 0 -2.53371e-05 0.00905534
3.96 0 -2.53307e-05 0.00910666
3.97 0 -2.53243e-05 0.00915781
3.98 0 -2.53179e-05 0.00920879
3.99 0 -2.53115e-05 0.00925957
4 0 -2.53052e-05 0.00931012
4.01 0 -2.52988e-05 0.00936044
4.02 0 -2.52925e-05 0.00941052
4.03 0 -2.52862e-05 0.00946033
4.04 0 -2.52799e-05 0.00950988
4.05 0 -2.52736e-05 0.00955916
4.06 0 -2.52674e-05 0.00960817
4.07 0 -2.52611e-05 0.00965692
4.08 0 -2.52549e-05 0.00970541
4.09 0 -2.52487e-05 0.00975365
4.1 0 -2.52425e-05 0.00980165
4.11 0 -2.52363e-05 0.00984941
4.12 0 -2.52301e-05 0.00989696
4.13 0 -2.5224e-05 0.00994431
4.14 0 -2.52179e-05 0.00999147
4.15 0 -2.52118e-05 0.0100385
4.16 0 -2.52056e-05 0.0100853
4.17 0 -2.51995e-05 0.010132
4.18 0 -2.51934e-05 0.0101785
4.19 0 -2.51873e-05 0.010225
4.2 0 -2.51811e-05 0.0102713
4.21 0 -2.5175e-05 0.0103176
4.22 0 -2.51689e-05 0.0103637
4.23 0 -2.51627e-05 0.0104099
4.24 0 -2.51566e-05 0.0104559
4.25 0 -2.51505e-05 0.0105019
4.26 0 -2.51443e-05 0.0105478
4.27 0 -2.51382e-05 0.0105937
4.28 0 -2.5132e-05 0.0106396
4.29 0 -2.51258e-05 0.0106854
4.3 0 -2.51197e-05 0.0107312
4.31 0 -2.51135e-05 0.0107769
4.32 0 -2.51073e-05 0.0108225
4.33 0 -2.51011e-05 0.0108681
4.34 0 -2.50948e-05 0.0109137
4.35 0 -2.50887e-05 0.0109592
4.36 0 -2.50824e-05 0.0110046
4.37 0 -2.50762e-05 0.0110499
4.38 0 -2.507e-05 0.0110952
4.39 0 -2.50638e-05 0.0111403
4.4 0 -2.50575e-05 0.0111854
4.41 0 -2.50513e-05 0.0112303
4.42 0 -2.50451e-05 0.0112752
4.43 0 -2.50389e-05 0.0113199
4.44 0 -2.50327e-05 0.0113645
4.45 0 -2.50264e-05 0.011409
4.46 0 -2.50202e-05 0.0114534
4.47 0 -2.5014e-05 0.0114976
4.48 0 -2.50078e-05 0.0115417
4.49 0 -2.50016e-05 0.0115857
4.5 0 -2.49954e-05 0.0116296
4.51 0 -2.49892e-05 0.0116733
4.52 0 -2.49831e-05 0.0117169
4.53 0 -2.49769e-05 0.0117604
4.54 0 -2.49707e-05 0.0118038
4.55 0 -2.49645e-05 0.011847
4.56 0 -2.49584e-05 0.0118901
4.57 0 -2.49522e-05 0.0119331
4.58 0 -2.4946e-05 0.0119761
4.59 0 -2.49399e-05 0.0120189
4.6 0 -2.49337e-05 0.0120616
4.61 0 -2.49276e-05 0.0121042
4.62 0 -2.49214e-05 0.0121467
4.63 0 -2.49153e-05 0.0121891
4.64 0 -2.49091e-05 0.0122315
4.65 0 -2.49029e-05 0.0122737
4.66 0 -2.48968e-05 0.0123159
4.67 0 -2.48906e-05 0.012358
4.68 0 -2.48845e-05 0.0124
4.69 0 -2.48783e-05 0.0124419
4.7 0 -2.48721e-05 0.0124838
4.71 0 -2.4866e-05 0.0125256
4.72 0 -2.48598e-05 0.0125673
4.73 0 -2.48536e-05 0.012609
4.74 0 -2.48475e-05 0.0126506
4.75 0 -2.48413e-05 0.0126921
4.76 0 -2.48351e-05 0.0127335
4.77 0 -2.4829e-05 0.0127748
4.78 0 -2.48228e-05 0.0128161
4.79 0 -2.48166e-05 0.0128573
4.8 0 -2.48104e-05 0.0128984
4.81 0 -2.48043e-05 0.0129395
4.82 0 -2.47981e-05 0.0129804
4.83 0 -2.47919e-05 0.0130213
4.84 0 -2.47857e-05 0.0130621
4.85 0 -2.47796e-05 0.0131028
4.86 0 -2.47734e-05 0.0131434
4.87 0 -2.47672e-05 0.0131839
4.88 0 -2.47611e-05 0.0132244
4.89 0 -2.47549e-05 0.0132647
4.9 0 -2.47487e-05 0.013305
4.91 0 -2.47426e-05 0.0133452
4.92 0 -2.47364e-05 0.0133853
4.93 0 -2.47302e-05 0.0134253
4.94 0 -2.47241e-05 0.0134652
4.95 0 -2.47179e-05 0.0135051
4.96 0 -2.47118e-05 0.0135448
4.97 0 -2.47056e-05 0.0135845
4.98 0 -2.46995e-05 0.0136241
4.99 0 -2.46933e-05 0.0136636
5 0 -2.46872e-05 0.0137031
5.01 0 -2.4681e-05 0.0137424
5.02 0 -2.46748e-05 0.0137817
5.03 0 -2.46687e-05 0.0138209
5.04 0 -2.46625e-05 0.01386
5.05 0 -2.46564e-05 0.0138991
5.06 0 -2.46502e-05 0.0139381
5.07 0 -2.46441e-05 0.013977
5.08 0 -2.46379e-05 0.0140158
5.09 0 -2.46318e-05 0.0140546
5.1 0 -2.46256e-05 0.0140933
5.11 0 -2.46195e-05 0.0141319
5.12 0 -2.46133e-05 0.0141704
5.13 0 -2.46072e-05 0.0142089
5.14 0 -2.46011e-05 0.0142473
5.15 0 -2.45949e-05 0.0142857
5.16 0 -2.45888e-05 0.014324
5.17 0 -2.45826e-05 0.0143622
5.18 0 -2.45765e-05 0.0144003
5.19 0 -2.45703e-05 0.0144384
5.2 0 -2.45642e-05 0.0144764
5.21 0 -2.4558e-05 0.0145143
5.22 0 -2.45519e-05 0.0145522
5.23 0 -2.45457e-05 0.01459
5.24 0 -2.45396e-05 0.0146277
5.25 0 -2.45334e-05 0.0146654
5.26 0 -2.45273e-05 0.0147029
5.27 0 -2.45211e-05 0.0147405
5.28 0 -2.4515e-05 0.0147779
5.29 0 -2.45088e-05 0.0148153
5.3 0 -2.45027e-05 0.0148526
5.31 0 -2.44965e-05 0.0148899
5.32 0 -2.44904e-05 0.014927
5.33 0 -2.44843e-05 0.0149641
5.34 0 -2.44781e-05 0.0150012
5.35 0 -2.4472e-05 0.0150381
5.36 0 -2.44658e-05 0.015075
5.37 0 -2.44597e-05 0.0151119
5.38 0 -2.44535e-05 0.0151487
5.39 0 -2.44474e-05 0.0151854
5.4 0 -2.44413e-05 0.015222
5.41 0 -2.44351e-05 0.0152586
5.42 0 -2.4429e-05 0.0152951
5.43 0 -2.44228e-05 0.0153315
5.44 0 -2.44167e-05 0.0153679
5.45 0 -2.44106e-05 0.0154042
5.46 0 -2.44044e-05 0.0154405
5.47 0 -2.43983e-05 0.0154767
5.48 0 -2.43922e-05 0.0155128
5.49 0 -2.4386e-05 0.0155489
5.5 0 -2.43799e-05 0.0155849
5.51 0 -2.43738e-05 0.0156208
5.52 0 -2.43676e-05 0.0156567
5.53 0 -2.43615e-05 0.0156925
5.54 0 -2.43553e-05 0.0157283
5.55 0 -2.43492e-05 0.015764
5.56 0 -2.43431e-05 0.0157997
5.57 0 -2.4337e-05 0.0158352
5.58 0 -2.43308e-05 0.0158708
5.59 0 -2.43247e-05 0.0159062
5.6 0 -2.43185e-05 0.0159416
5.61 0 -2.43124e-05 0.015977
5.62 0 -2.43063e-05 0.0160123
5.63 0 -2.43001e-05 0.0160475
5.64 0 -2.4294e-05 0.0160827
5.65 0 -2.42879e-05 0.0161178
5.66 0 -2.42818e-05 0.0161528
5.67 0 -2.42756e-05 0.0161878
5.68 0 -2.42695e-05 0.0162228
5.69 0 -2.42634e-05 0.0162576
5.7 0 -2.42572e-05 0.0162925
5.71 0 -2.42511e-05 0.0163272
5.72 0 -2.4245e-05 0.0163619
5.73 0 -2.42389e-05 0.0163966
5.74 0 -2.42327e-05 0.0164312
5.75 0 -2.42266e-05 0.0164657
5.76 0 -2.42205e-05 0.0165002
5.77 0 -2.42144e-05 0.0165346
5.78 0 -2.42082e-05 0.016569
5.79 0 -2.42021e-05 0.0166033
5.8 0 -2.4196e-05 0.0166375
5.81 0 -2.41899e-05 0.0166717
5.82 0 -2.41837e-05 0.0167059
5.83 0 -2.41776e-05 0.01674
5.84 0 -2.41715e-05 0.016774
5.85 0 -2.41653e-05 0.016808
5.86 0 -2.41592e-05 0.0168419
5.87 0 -2.41531e-05 0.0168758
5.88 0 -2.4147e-05 0.0169096
5.89 0 -2.41408e-05 0.0169433
5.9 0 -2.41347e-05 0.0169771
5.91 0 -2.41286e-05 0.0170107
5.92 0 -2.41225e-05 0.0170443
5.93 0 -2.41164e-05 0.0170779
5.94 0 -2.41103e-05 0.0171114
5.95 0 -2.41041e-05 0.0171448
5.96 0 -2.4098e-05 0.0171782
5.97 0 -2.40919e-05 0.0172116
5.98 0 -2.40858e-05 0.0172449
5.99 0 -2.40797e-05 0.0172781
6 0 -2.40735e-05 0.0173113
6.01 0 -2.40674e-05 0.0173444
6.02 0 -2.40613e-05 0.0173775
6.03 0 -2.40552e-05 0.0174105
6.04 0 -2.40491e-05 0.0174435
6.05 0 -2.40429e-05 0.0174765
6.06 0 -2.40368e-05 0.0175093
6.07 0 -2.40307e-05 0.0175422
6.08 0 -2.40246e-05 0.017575
6.09 0 -2.40185e-05 0.0176077
6.1 0 -2.40124e-05 0.0176404
6.11 0 -2.40062e-05 0.017673
6.12 0 -2.40001e-05 0.0177056
6.13 0 -2.3994e-05 0.0177381
6.14 0 -2.39879e-05 0.0177706
6.15 0 -2.39818e-05 0.0178031
6.16 0 -2.39757e-05 0.0178354
6.17 0 -2.39696e-05 0.0178678
6.18 0 -2.39634e-05 0.0179001
6.19 0 -2.39573e-05 0.0179323
6.2 0 -2.39512e-05 0.0179645
6.21 0 -2.39451e-05 0.0179967
6.22 0 -2.3939e-05 0.0180288
6.23 0 -2.39329e-05 0.0180608
6.24 0 -2.39268e-05 0.0180928
6.25 0 -2.39207e-05 0.0181248
6.26 0 -2.39145e-05 0.0181567
6.27 0 -2.39085e-05 0.0181886
6.28 0 -2.39023e-05 0.0182204
6.29 0 -2.38962e-05 0.0182521
6.3 0 -2.38901e-05 0.0182839
6.31 0 -2.3884e-05 0.0183155
6.32 0 -2.38779e-05 0.0183472
6.33 0 -2.38718e-05 0.0183788
6.34 0 -2.38657e-05 0.0184103
6.35 0 -2.38596e-05 0.0184418
6.36 0 -2.38535e-05 0.0184732
6.37 0 -2.38473e-05 0.0185047
6.38 0 -2.38413e-05 0.018536
6.39 0 -2.38351e-05 0.0185673
6.4 0 -2.3829e-05 0.0185986
6.41 0 -2.38229e-05 0.0186298
6.42 0 -2.38168e-05 0.018661
6.43 0 -2.38107e-05 0.0186921
6.44 0 -2.38046e-05 0.0187232
6.45 0 -2.37985e-05 0.0187543
6.46 0 -2.37924e-05 0.0187853
6.47 0 -2.37863e-05 0.0188162
6.48 0 -2.37802e-05 0.0188471
6.49 0 -2.37741e-05 0.018878
6.5 0 -2.3768e-05 0.0189088
6.51 0 -2.37619e-05 0.0189396
6.52 0 -2.37558e-05 0.0189704
6.53 0 -2.37497e-05 0.0190011
6.54 0 -2.37436e-05 0.0190317
6.55 0 -2.37375e-05 0.0190623
6.56 0 -2.37314e-05 0.0190929
6.57 0 -2.37253e-05 0.0191234
6.58 0 -2.37192e-05 0.0191539
6.59 0 -2.37131e-05 0.0191844
6.6 0 -2.3707e-05 0.0192148
6.61 0 -2.37009e-05 0.0192451
6.62 0 -2.36948e-05 0.0192754
6.63 0 -2.36887e-05 0.0193057
6.64 0 -2.36826e-05 0.0193359
6.65 0 -2.36765e-05 0.0193661
6.66 0 -2.36704e-05 0.0193963
6.67 0 -2.36643e-05 0.0194264
6.68 0 -2.36582e-05 0.0194565
6.69 0 -2.36521e-05 0.0194865
6.7 0 -2.3646e-05 0.0195165
6.71 0 -2.36399e-05 0.0195464
6.72 0 -2.36338e-05 0.0195763
6.73 0 -2.36277e-05 0.0196062
6.74 0 -2.36216e-05 0.019636
6.75 0 -2.36155e-05 0.0196658
6.76 0 -2.36094e-05 0.0196956
6.77 0 -2.36033e-05 0.0197253
6.78 0 -2.35972e-05 0.0197549
6.79 0 -2.35911e-05 0.0197846
6.8 0 -2.3585e-05 0.0198141
6.81 0 -2.35789e-05 0.0198437
6.82 0 -2.35728e-05 0.0198732
6.83 0 -2.35667e-05 0.0199027
6.84 0 -2.35606e-05 0.0199321
6.85 0 -2.35545e-05 0.0199615
6.86 0 -2.35484e-05 0.0199908
6.87 0 -2.35423e-05 0.0200202
6.88 0 -2.35363e-05 0.0200494
6.89 0 -2.35302e-05 0.0200787
6.9 0 -2.35241e-05 0.0201079
6.91 0 -2.3518e-05 0.020137
6.92 0 -2.35119e-05 0.0201661
6.93 0 -2.35058e-05 0.0201952
6.94 0 -2.34997e-05 0.0202243
6.95 0 -2.34936e-05 0.0202533
6.96 0 -2.34875e-05 0.0202823
6.97 0 -2.34814e-05 0.0203112
6.98 0 -2.34753e-05 0.0203401
6.99 0 -2.34692e-05 0.0203689
7 0 -2.34631e-05 0.0203978
7.01 0 -2.34571e-05 0.0204265
7.02 0 -2.3451e-05 0.0204553
7.03 0 -2.34449e-05 0.020484
7.04 0 -2.34388e-05 0.0205127
7.05 0 -2.34327e-05 0.0205413
7.06 0 -2.34266e-05 0.0205699
7.07 0 -2.34205e-05 0.0205985
7.08 0 -2.34144e-05 0.020627
7.09 0 -2.34083e-05 0.0206555
7.1 0 -2.34023e-05 0.0206839
7.11 0 -2.33962e-05 0.0207124
7.12 0 -2.33901e-05 0.0207407
7.13 0 -2.3384e-05 0.0207691
7.14 0 -2.33779e-05 0.0207974
7.15 0 -2.33718e-05 0.0208257
7.16 0 -2.33657e-05 0.0208539
7.17 0 -2.33597e-05 0.0208821
7.18 0 -2.33536e-05 0.0209103
7.19 0 -2.33475e-05 0.0209384
7.2 0 -2.33414e-05 0.0209665
7.21 0 -2.33353e-05 0.0209946
7.22 0 -2.33292e-05 0.0210226
7.23 0 -2.33231e-05 0.0210506
7.24 0 -2.33171e-05 0.0210786
7.25 0 -2.3311e-05 0.0211065
7.26 0 -2.33049e-05 0.0211344
7.27 0 -2.32988e-05 0.0211622
7.28 0 -2.32927e-05 0.0211901
7.29 0 -2.32866e-05 0.0212179
7.3 0 -2.32806e-05 0.0212456
7.31 0 -2.32745e-05 0.0212733
7.32 0 -2.32684e-05 0.021301
7.33 0 -2.32623e-05 0.0213287
7.34 0 -2.32562e-05 0.0213563
7.35 0 -2.32501e-05 0.0213839
7.36 0 -2.32441e-05 0.0214114
7.37 0 -2.3238e-05 0.0214389
7.38 0 -2.32319e-05 0.0214664
7.39 0 -2.32258e-05 0.0214939
7.4 0 -2.32197e-05 0.0215213
7.41 0 -2.32137e-05 0.0215487
7.42 0 -2.32076e-05 0.021576
7.43 0 -2.32015e-05 0.0216033
7.44 0 -2.31954e-05 0.0216306
7.45 0 -2.31893e-05 0.0216579
7.46 0 -2.31833e-05 0.0216851
7.47 0 -2.31772e-05 0.0217123
7.48 0 -2.31711e-05 0.0217394
7.49 0 -2.3165e-05 0.0217666
7.5 0 -2.31589e-05 0.0217937
7.51 0 -2.31529e-05 0.0218207
7.52 0 -2.31468e-05 0.0218477
7.53 0 -2.31407e-05 0.0218747
7.54 0 -2.31346e-05 0.0219017
7.55 0 -2.31285e-05 0.0219286
7.56 0 -2.31225e-05 0.0219555
7.57 0 -2.31164e-05 0.0219824
7.58 0 -2.31103e-05 0.0220092
7.59 0 -2.31042e-05 0.022036
7.6 0 -2.30982e-05 0.0220628
7.61 0 -2.30921e-05 0.0220896
7.62 0 -2.3086e-05 0.0221163
7.63 0 -2.30799e-05 0.0221429
7.64 0 -2.30739e-05 0.0221696
7.65 0 -2.30678e-05 0.0221962
7.66 0 -2.30617e-05 0.0222228
7.67 0 -2.30557e-05 0.0222494
7.68 0 -2.30496e-05 0.0222759
7.69 0 -2.30435e-05 0.0223024
7.7 0 -2.30374e-05 0.0223288
7.71 0 -2.30313e-05 0.0223553
7.72 0 -2.30253e-05 0.0223817
7.73 0 -2.30192e-05 0.022408
7.74 0 -2.30131e-05 0.0224344
7.75 0 -2.3007e-05 0.0224607
7.76 0 -2.3001e-05 0.022487
7.77 0 -2.29949e-05 0.0225132
7.78 0 -2.29888e-05 0.0225395
7.79 0 -2.29828e-05 0.0225656
7.8 0 -2.29767e-05 0.0225918
7.81 0 -2.29706e-05 0.0226179
7.82 0 -2.29646e-05 0.022644
7.83 0 -2.29585e-05 0.0226701
7.84 0 -2.29524e-05 0.0226962
7.85 0 -2.29463e-05 0.0227222
7.86 0 -2.29403e-05 0.0227482
7.87 0 -2.29342e-05 0.0227741
7.88 0 -2.29281e-05 0.0228
7.89 0 -2.29221e-05 0.0228259
7.9 0 -2.2916e-05 0.0228518
7.91 0 -2.29099e-05 0.0228776
7.92 0 -2.29038e-05 0.0229035
7.93 0 -2.28978e-05 0.0229292
7.94 0 -2.28917e-05 0.022955
7.95 0 -2.28856e-05 0.0229807
7.96 0 -2.28796e-05 0.0230064
7.97 0 -2.28735e-05 0.0230321
7.98 0 -2.28674e-05 0.0230577
7.99 0 -2.28614e-05 0.0230833
8 0 -2.28553e-05 0.0231089
8.01 0 -2.28492e-05 0.0231345
8.02 0 -2.28432e-05 0.02316
8.03 0 -2.28371e-05 0.0231855
8.04 0 -2.2831e-05 0.023211
8.05 0 -2.2825e-05 0.0232364
8.06 0 -2.28189e-05 0.0232618
8.07 0 -2.28128e-05 0.0232872
8.08 0 -2.28068e-05 0.0233126
8.09 0 -2.28007e-05 0.0233379
8.1 0 -2.27946e-05 0.0233632
8.11 0 -2.27886e-05 0.0233885
8.12 0 -2.27825e-05 0.0234137
8.13 0 -2.27764e-05 0.0234389
8.14 0 -2.27704e-05 0.0234641
8.15 0 -2.27643e-05 0.0234893
8.16 0 -2.27582e-05 0.0235144
8.17 0 -2.27522e-05 0.0235395
8.18 0 -2.27461e-05 0.0235646
8.19 0 -2.27401e-05 0.0235897
8.2 0 -2.2734e-05 0.0236147
8.21 0 -2.27279e-05 0.0236397
8.22 0 -2.27219e-05 0.0236647
8.23 0 -2.27158e-05 0.0236897
8.24 0 -2.27097e-05 0.0237146
8.25 0 -2.27037e-05 0.0237395
8.26 0 -2.26976e-05 0.0237643
8.27 0 -2.26915e-05 0.0237892
8.28 0 -2.26855e-05 0.023814
8.29 0 -2.26794e-05 0.0238388
8.3 0 -2.26734e-05 0.0238636
8.31 0 -2.26673e-05 0.0238883
8.32 0 -2.26612e-05 0.023913
8.33 0 -2.26552e-05 0.0239377
8.34 0 -2.26491e-05 0.0239624
8.35 0 -2.26431e-05 0.023987
8.36 0 -2.2637e-05 0.0240116
8.37 0 -2.26309e-05 0.0240362
8.38 0 -2.26249e-05 0.0240608
8.39 0 -2.26188e-05 0.0240853
8.4 0 -2.26128e-05 0.0241098
8.41 0 -2.26067e-05 0.0241343
8.42 0 -2.26006e-05 0.0241587
8.43 0 -2.25946e-05 0.0241832
8.44 0 -2.25885e-05 0.0242076
8.45 0 -2.25825e-05 0.0242319
8.46 0 -2.25764e-05 0.0242563
8.47 0 -2.25703e-05 0.0242806
8.48 0 -2.25643e-05 0.0243049
8.49 0 -2.25582e-05 0.0243292
8.5 0 -2.25522e-05 0.0243535
8.51 0 -2.25461e-05 0.0243777
8.52 0 -2.25401e-05 0.0244019
8.53 0 -2.2534e-05 0.0244261
8.54 0 -2.25279e-05 0.0244502
8.55 0 -2.25219e-05 0.0244744
8.56 0 -2.25158e-05 0.0244985
8.57 0 -2.25098e-05 0.0245225
8.58 0 -2.25037e-05 0.0245466
8.59 0 -2.24977e-05 0.0245706
8.6 0 -2.24916e-05 0.0245946
8.61 0 -2.24856e-05 0.0246186
8.62 0 -2.24795e-05 0.0246426
8.63 0 -2.24734e-05 0.0246665
8.64 0 -2.24674e-05 0.0246904
8.65 0 -2.24613e-05 0.0247143
8.66 0 -2.24553e-05 0.0247382
8.67 0 -2.24492e-05 0.024762
8.68 0 -2.24432e-05 0.0247858
8.69 0 -2.24371e-05 0.0248096
8.7 0 -2.24311e-05 0.0248334
8.71 0 -2.2425e-05 0.0248571
8.72 0 -2.2419e-05 0.0248808
8.73 0 -2.24129e-05 0.0249045
8.74 0 -2.24068e-05 0.0249282
8.75 0 -2.24008e-05 0.0249518
8.76 0 -2.23947e-05 0.0249755
8.77 0 -2.23887e-05 0.0249991
8.78 0 -2.23826e-05 0.0250226
8.79 0 -2.23766e-05 0.0250462
8.8 0 -2.23705e-05 0.0250697
8.81 0 -2.23645e-05 0.0250932
8.82 0 -2.23584e-05 0.0251167
8.83 0 -2.23524e-05 0.0251402
8.84 0 -2.23463e-05 0.0251636
8.85 0 -2.23403e-05 0.025187
8.86 0 -2.23342e-05 0.0252104
8.87 0 -2.23282e-05 0.0252338
8.88 0 -2.23221e-05 0.0252571
8.89 0 -2.23161e-05 0.0252804
8.9 0 -2.231e-05 0.0253037
8.91 0 -2.2304e-05 0.025327
8.92 0 -2.22979e-05 0.0253503
8.93 0 -2.22919e-05 0.0253735
8.94 0 -2.22858e-05 0.0253967
8.95 0 -2.22798e-05 0.0254199
8.96 0 -2.22737e-05 0.025443
8.97 0 -2.22677e-05 0.0254662
8.98 0 -2.22616e-05 0.0254893
8.99 0 -2.22556e-05 0.0255124
9 0 -2.22495e-05 0.0255355
9.01 0 -2.22435e-05 0.0255585
9.02 0 -2.22374e-05 0.0255816
9.03 0 -2.22314e-05 0.0256046
9.04 0 -2.22253e-05 0.0256275
9.05 0 -2.22193e-05 0.0256505
9.06 0 -2.22132e-05 0.0256734
9.07 0 -2.22072e-05 0.0256964
9.08 0 -2.22011e-05 0.0257193
9.09 0 -2.21951e-05 0.0257421
9.1 0 -2.2189e-05 0.025765
9.11 0 -2.2183e-05 0.0257878
9.12 0 -2.21769e-05 0.0258106
9.13 0 -2.21709e-05 0.0258334
9.14 0 -2.21649e-05 0.0258562
9.15 0 -2.21588e-05 0.0258789
9.16 0 -2.21528e-05 0.0259016
9.17 0 -2.21467e-05 0.0259243
9.18 0 -2.21407e-05 0.025947
9.19 0 -2.21346e-05 0.0259697
9.2 0 -2.21286e-05 0.0259923
9.21 0 -2.21225e-05 0.0260149
9.22 0 -2.21165e-05 0.0260375
9.23 0 -2.21104e-05 0.0260601
9.24 0 -2.21044e-05 0.0260827
9.25 0 -2.20984e-05 0.0261052
9.26 0 -2.20923e-05 0.0261277
9.27 0 -2.20863e-05 0.0261502
9.28 0 -2.20802e-05 0.0261727
9.29 0 -2.20742e-05 0.0261951
9.3 0 -2.20681e-05 0.0262175
9.31 0 -2.20621e-05 0.0262399
9.32 0 -2.2056e-05 0.0262623
9.33 0 -2.205e-05 0.0262847
9.34 0 -2.2044e-05 0.026307
9.35 0 -2.20379e-05 0.0263293
9.36 0 -2.20319e-05 0.0263516
9.37 0 -2.20258e-05 0.0263739
9.38 0 -2.20198e-05 0.0263962
9.39 0 -2.20137e-05 0.0264184
9.4 0 -2.20077e-05 0.0264406
9.41 0 -2.20017e-05 0.0264628
9.42 0 -2.19956e-05 0.026485
9.43 0 -2.19896e-05 0.0265072
9.44 0 -2.19835e-05 0.0265293
9.45 0 -2.19775e-05 0.0265514
9.46 0 -2.19715e-05 0.0265735
9.47 0 -2.19654e-05 0.0265956
9.48 0 -2.19594e-05 0.0266177
9.49 0 -2.19533e-05 0.0266397
9.5 0 -2.19473e-05 0.0266617
9.51 0 -2.19413e-05 0.0266837
9.52 0 -2.19352e-05 0.0267057
9.53 0 -2.19292e-05 0.0267276
9.54 0 -2.19231e-05 0.0267496
9.55 0 -2.19171e-05 0.0267715
9.56 0 -2.1911e-05 0.0267934
9.57 0 -2.1905e-05 0.0268153
9.58 0 -2.1899e-05 0.0268371
9.59 0 -2.18929e-05 0.026859
9.6 0 -2.18869e-05 0.0268808
9.61 0 -2.18809e-05 0.0269026
9.62 0 -2.18748e-05 0.0269244
9.63 0 -2.18688e-05 0.0269461
9.64 0 -2.18627e-05 0.0269679
9.65 0 -2.18567e-05 0.0269896
9.66 0 -2.18507e-05 0.0270113
9.67 0 -2.18446e-05 0.027033
9.68 0 -2.18386e-05 0.0270546
9.69 0 -2.18325e-05 0.0270763
9.7 0 -2.18265e-05 0.0270979
9.71 0 -2.18205e-05 0.0271195
9.72 0 -2.18144e-05 0.0271411
9.73 0 -2.18084e-05 0.0271627
9.74 0 -2.18024e-05 0.0271842
9.75 0 -2.17963e-05 0.0272057
9.76 0 -2.17903e-05 0.0272273
9.77 0 -2.17843e-05 0.0272487
9.78 0 -2.17782e-05 0.0272702
9.79 0 -2.17722e-05 0.0272917
9.8 0 -2.17661e-05 0.0273131
9.81 0 -2.17601e-05 0.0273345
9.82 0 -2.17541e-05 0.0273559
9.83 0 -2.1748e-05 0.0273773
9.84 0 -2.1742e-05 0.0273987
9.85 0 -2.1736e-05 0.02742
9.86 0 -2.17299e-05 0.0274413
9.87 0 -2.17239e-05 0.0274626
9.88 0 -2.17179e-05 0.0274839
9.89 0 -2.17118e-05 0.0275052
9.9 0 -2.17058e-05 0.0275264
9.91 0 -2.16998e-05 0.0275476
9.92 0 -2.16937e-05 0.0275689
9.93 0 -2.16877e-05 0.0275901
9.94 0 -2.16817e-05 0.0276112
9.95 0 -2.16756e-05 0.0276324
9.96 0 -2.16696e-05 0.0276535
9.97 0 -2.16636e-05 0.0276746
9.98 0 -2.16575e-05 0.0276957
9.99 0 -2.16515e-05 0.0277168
10 0 -2.16455e-05 0.0277379
10.01 0 -2.16394e-05 0.0277589
10.02 0 -2.16334e-05 0.02778
10.03 0 -2.16274e-05 0.027801
10.04 0 -2.16213e-05 0.027822
10.05 0 -2.16153e-05 0.0278429
10.06 0 -2.16093e-05 0.0278639
10.07 0 -2.16032e-05 0.0278848
10.08 0 -2.15972e-05 0.0279058
10.09 0 -2.15912e-05 0.0279267
10.1 0 -2.15851e-05 0.0279476
10.11 0 -2.1579e-05 0.0279686
10.12 0 -2.1573e-05 0.0279897
10.13 0 -2.15668e-05 0.0280108
10.14 0 -2.15607e-05 0.028032
10.15 0 -2.15545e-05 0.0280534
10.16 0 -2.15483e-05 0.0280748
10.17 0 -2.1542e-05 0.0280964
10.18 0 -2.15357e-05 0.028118
10.19 0 -2.15294e-05 0.0281397
10.2 0 -2.15231e-05 0.0281615
10.21 0 -2.15167e-05 0.0281833
10.22 0 -2.15104e-05 0.0282051
10.23 0 -2.1504e-05 0.028227
10.24 0 -2.14976e-05 0.0282488
10.25 0 -2.14913e-05 0.0282706
10.26 0 -2.14849e-05 0.0282923
10.27 0 -2.14786e-05 0.028314
10.28 0 -2.14723e-05 0.0283356
10.29 0 -2.1466e-05 0.0283571
10.3 0 -2.14597e-05 0.0283785
10.31 0 -2.14534e-05 0.0283998
10.32 0 -2.14472e-05 0.0284211
10.33 0 -2.1441e-05 0.0284423
10.34 0 -2.14348e-05 0.0284634
10.35 0 -2.14286e-05 0.0284845
10.36 0 -2.14224e-05 0.0285055
10.37 0 -2.14162e-05 0.0285265
10.38 0 -2.14101e-05 0.0285475
10.39 0 -2.14039e-05 0.0285684
10.4 0 -2.13977e-05 0.0285894
10.41 0 -2.13915e-05 0.0286104
10.42 0 -2.13853e-05 0.0286314
10.43 0 -2.13791e-05 0.0286524
10.44 0 -2.13729e-05 0.0286734
10.45 0 -2.13666e-05 0.0286945
10.46 0 -2.13604e-05 0.0287156
10.47 0 -2.13542e-05 0.0287367
10.48 0 -2.13479e-05 0.0287579
10.49 0 -2.13416e-05 0.028779
10.5 0 -2.13353e-05 0.0288002
10.51 0 -2.1329e-05 0.0288214
10.52 0 -2.13228e-05 0.0288425
10.53 0 -2.13165e-05 0.0288637
10.54 0 -2.13102e-05 0.0288848
10.55 0 -2.13039e-05 0.0289059
10.56 0 -2.12976e-05 0.028927
10.57 0 -2.12913e-05 0.028948
10.58 0 -2.12851e-05 0.0289691
10.59 0 -2.12788e-05 0.02899
10.6 0 -2.12726e-05 0.029011
10.61 0 -2.12663e-05 0.0290319
10.62 0 -2.12601e-05 0.0290527
10.63 0 -2.12538e-05 0.0290736
10.64 0 -2.12476e-05 0.0290944
10.65 0 -2.12414e-05 0.0291152
10.66 0 -2.12352e-05 0.0291359
10.67 0 -2.1229e-05 0.0291566
10.68 0 -2.12227e-05 0.0291774
10.69 0 -2.12165e-05 0.0291981
10.7 0 -2.12103e-05 0.0292188
10.71 0 -2.12041e-05 0.0292395
10.72 0 -2.11978e-05 0.0292602
10.73 0 -2.11916e-05 0.0292809
10.74 0 -2.11853e-05 0.0293017
10.75 0 -2.11791e-05 0.0293224
10.76 0 -2.11728e-05 0.0293431
10.77 0 -2.11666e-05 0.0293638
10.78 0 -2.11603e-05 0.0293845
10.79 0 -2.11541e-05 0.0294052
10.8 0 -2.11478e-05 0.0294259
10.81 0 -2.11416e-05 0.0294466
10.82 0 -2.11353e-05 0.0294673
10.83 0 -2.1129e-05 0.0294879
10.84 0 -2.11228e-05 0.0295086
10.85 0 -2.11165e-05 0.0295292
10.86 0 -2.11103e-05 0.0295498
10.87 0 -2.1104e-05 0.0295704
10.88 0 -2.10978e-05 0.029591
10.89 0 -2.10915e-05 0.0296115
10.9 0 -2.10853e-05 0.029632
10.91 0 -2.1079e-05 0.0296525
10.92 0 -2.10728e-05 0.029673
10.93 0 -2.10666e-05 0.0296935
10.94 0 -2.10603e-05 0.0297139
10.95 0 -2.10541e-05 0.0297344
10.96 0 -2.10478e-05 0.0297548
10.97 0 -2.10416e-05 0.0297752
10.98 0 -2.10354e-05 0.0297956
10.99 0 -2.10291e-05 0.029816
11 0 -2.10229e-05 0.0298364
11.01 0 -2.10166e-05 0.0298567
11.02 0 -2.10104e-05 0.0298771
11.03 0 -2.10042e-05 0.0298975
11.04 0 -2.09979e-05 0.0299178
11.05 0 -2.09917e-05 0.0299381
11.06 0 -2.09854e-05 0.0299585
11.07 0 -2.09792e-05 0.0299788
11.08 0 -2.09729e-05 0.0299991
11.09 0 -2.09667e-05 0.0300194
11.1 0 -2.09604e-05 0.0300397
11.11 0 -2.09542e-05 0.03006
11.12 0 -2.09479e-05 0.0300802
11.13 0 -2.09417e-05 0.0301005
11.14 0 -2.09354e-05 0.0301207
11.15 0 -2.09292e-05 0.030141
11.16 0 -2.09229e-05 0.0301612
11.17 0 -2.09167e-05 0.0301814
11.18 0 -2.09104e-05 0.0302015
11.19 0 -2.09042e-05 0.0302217
11.2 0 -2.08979e-05 0.0302418
11.21 0 -2.08917e-05 0.030262
11.22 0 -2.08854e-05 0.0302821
11.23 0 -2.08792e-05 0.0303022
11.24 0 -2.0873e-05 0.0303223
11.25 0 -2.08667e-05 0.0303424
11.26 0 -2.08605e-05 0.0303624
11.27 0 -2.08542e-05 0.0303825
11.28 0 -2.0848e-05 0.0304025
11.29 0 -2.08417e-05 0.0304226
11.3 0 -2.08355e-05 0.0304426
11.31 0 -2.08292e-05 0.0304626
11.32 0 -2.0823e-05 0.0304826
11.33 0 -2.08168e-05 0.0305026
11.34 0 -2.08105e-05 0.0305226
11.35 0 -2.08043e-05 0.0305426
11.36 0 -2.0798e-05 0.0305625
11.37 0 -2.07918e-05 0.0305825
11.38 0 -2.07855e-05 0.0306024
11.39 0 -2.07793e-05 0.0306223
11.4 0 -2.0773e-05 0.0306423
11.41 0 -2.07668e-05 0.0306622
11.42 0 -2.07605e-05 0.0306821
11.43 0 -2.07543e-05 0.0307019
11.44 0 -2.0748e-05 0.0307218
11.45 0 -2.07418e-05 0.0307417
11.46 0 -2.07355e-05 0.0307615
11.47 0 -2.07293e-05 0.0307813
11.48 0 -2.07231e-05 0.0308011
11.49 0 -2.07168e-05 0.0308209
11.5 0 -2.07106e-05 0.0308407
11.51 0 -2.07043e-05 0.0308605
11.52 0 -2.06981e-05 0.0308803
11.53 0 -2.06918e-05 0.0309
11.54 0 -2.06856e-05 0.0309198
11.55 0 -2.06793e-05 0.0309395
11.56 0 -2.06731e-05 0.0309592
11.57 0 -2.06669e-05 0.0309789
11.58 0 -2.06606e-05 0.0309986
11.59 0 -2.06544e-05 0.0310183
11.6 0 -2.06481e-05 0.031038
11.61 0 -2.06419e-05 0.0310576
11.62 0 -2.06356e-05 0.0310773
11.63 0 -2.06294e-05 0.0310969
11.64 0 -2.06231e-05 0.0311166
11.65 0 -2.06169e-05 0.0311362
11.66 0 -2.06106e-05 0.0311558
11.67 0 -2.06044e-05 0.0311754
11.68 0 -2.05982e-05 0.031195
11.69 0 -2.05919e-05 0.0312146
11.7 0 -2.05857e-05 0.0312341
11.71 0 -2.05794e-05 0.0312537
11.72 0 -2.05732e-05 0.0312732
11.73 0 -2.05669e-05 0.0312927
11.74 0 -2.05607e-05 0.0313123
11.75 0 -2.05544e-05 0.0313318
11.76 0 -2.05482e-05 0.0313513
11.77 0 -2.05419e-05 0.0313707
11.78 0 -2.05357e-05 0.0313902
11.79 0 -2.05295e-05 0.0314097
11.8 0 -2.05232e-05 0.0314291
11.81 0 -2.0517e-05 0.0314486
11.82 0 -2.05107e-05 0.031468
11.83 0 -2.05045e-05 0.0314874
11.84 0 -2.04982e-05 0.0315068
11.85 0 -2.0492e-05 0.0315262
11.86 0 -2.04857e-05 0.0315456
11.87 0 -2.04795e-05 0.0315649
11.88 0 -2.04733e-05 0.0315843
11.89 0 -2.0467e-05 0.0316036
11.9 0 -2.04608e-05 0.031623
11.91 0 -2.04545e-05 0.0316423
11.92 0 -2.04483e-05 0.0316616
11.93 0 -2.0442e-05 0.0316809
11.94 0 -2.04358e-05 0.0317002
11.95 0 -2.04295e-05 0.0317195
11.96 0 -2.04233e-05 0.0317388
11.97 0 -2.0417e-05 0.031758
11.98 0 -2.04108e-05 0.0317773
11.99 0 -2.04046e-05 0.0317965
12 0 -2.03983e-05 0.0318157
12.01 0 -2.03921e-05 0.031835
12.02 0 -2.03858e-05 0.0318542
12.03 0 -2.03796e-05 0.0318734
12.04 0 -2.03733e-05 0.0318925
12.05 0 -2.03671e-05 0.0319117
12.06 0 -2.03608e-05 0.0319309
12.07 0 -2.03546e-05 0.03195
12.08 0 -2.03484e-05 0.0319692
12.09 0 -2.03421e-05 0.0319883
12.1 0 -2.03359e-05 0.0320074
12.11 0 -2.03296e-05 0.0320265
12.12 0 -2.03234e-05 0.0320456
12.13 0 -2.03171e-05 0.0320647
12.14 0 -2.03109e-05 0.0320838
12.15 0 -2.03046e-05 0.0321028
12.16 0 -2.02984e-05 0.0321219
12.17 0 -2.02922e-05 0.0321409
12.18 0 -2.02859e-05 0.03216
12.19 0 -2.02797e-05 0.032179
12.2 0 -2.02734e-05 0.032198
12.21 0 -2.02672e-05 0.032217
12.22 0 -2.02609e-05 0.032236
12.23 0 -2.02547e-05 0.032255
12.24 0 -2.02484e-05 0.0322739
12.25 0 -2.02422e-05 0.0322929
12.26 0 -2.02359e-05 0.0323119
12.27 0 -2.02297e-05 0.0323308
12.28 0 -2.02235e-05 0.0323497
12.29 0 -2.02172e-05 0.0323686
12.3 0 -2.0211e-05 0.0323875
12.31 0 -2.02047e-05 0.0324064
12.32 0 -2.01985e-05 0.0324253
12.33 0 -2.01922e-05 0.0324442
12.34 0 -2.0186e-05 0.0324631
12.35 0 -2.01797e-05 0.0324819
12.36 0 -2.01735e-05 0.0325007
12.37 0 -2.01673e-05 0.0325196
12.38 0 -2.0161e-05 0.0325384
12.39 0 -2.01548e-05 0.0325572
12.4 0 -2.01485e-05 0.032576
12.41 0 -2.01423e-05 0.0325948
12.42 0 -2.0136e-05 0.0326136
12.43 0 -2.01298e-05 0.0326324
12.44 0 -2.01235e-05 0.0326511
12.45 0 -2.01173e-05 0.0326699
12.46 0 -2.01111e-05 0.0326886
12.47 0 -2.01048e-05 0.0327073
12.48 0 -2.00986e-05 0.032726
12.49 0 -2.00923e-05 0.0327448
12.5 0 -2.00861e-05 0.0327635
12.51 0 -2.00798e-05 0.0327821
12.52 0 -2.00736e-05 0.0328008
12.53 0 -2.00673e-05 0.0328195
12.54 0 -2.00611e-05 0.0328381
12.55 0 -2.00548e-05 0.0328568
12.56 0 -2.00486e-05 0.0328754
12.57 0 -2.00424e-05 0.0328941
12.58 0 -2.00361e-05 0.0329127
12.59 0 -2.00299e-05 0.0329313
12.6 0 -2.00236e-05 0.0329499
12.61 0 -2.00174e-05 0.0329685
12.62 0 -2.00111e-05 0.032987
12.63 0 -2.00049e-05 0.0330056
12.64 0 -1.99986e-05 0.0330242
12.65 0 -1.99924e-05 0.0330427
12.66 0 -1.99862e-05 0.0330612
12.67 0 -1.99799e-05 0.0330798
12.68 0 -1.99737e-05 0.0330983
12.69 0 -1.99674e-05 0.0331168
12.7 0 -1.99612e-05 0.0331353
12.71 0 -1.99549e-05 0.0331538
12.72 0 -1.99487e-05 0.0331722
12.73 0 -1.99424e-05 0.0331907
12.74 0 -1.99362e-05 0.0332092
12.75 0 -1.993e-05 0.0332276
12.76 0 -1.99237e-05 0.0332461
12.77 0 -1.99175e-05 0.0332645
12.78 0 -1.99112e-05 0.0332829
12.79 0 -1.9905e-05 0.0333013
12.8 0 -1.98987e-05 0.0333197
12.81 0 -1.98925e-05 0.0333381
12.82 0 -1.98862e-05 0.0333565
12.83 0 -1.988e-05 0.0333748
12.84 0 -1.98738e-05 0.0333932
12.85 0 -1.98675e-05 0.0334115
12.86 0 -1.98613e-05 0.0334299
12.87 0 -1.9855e-05 0.0334482
12.88 0 -1.98488e-05 0.0334665
12.89 0 -1.98425e-05 0.0334848
12.9 0 -1.98363e-05 0.0335031
12.91 0 -1.983e-05 0.0335214
12.92 0 -1.98238e-05 0.0335397
12.93 0 -1.98176e-05 0.033558
12.94 0 -1.98113e-05 0.0335762
12.95 0 -1.98051e-05 0.0335945
12.96 0 -1.97988e-05 0.0336127
12.97 0 -1.97926e-05 0.0336309
12.98 0 -1.97863e-05 0.0336492
12.99 0 -1.97801e-05 0.0336674
13 0 -1.97738e-05 0.0336856
13.01 0 -1.97676e-05 0.0337038
13.02 0 -1.97614e-05 0.033722
13.03 0 -1.97551e-05 0.0337401
13.04 0 -1.97489e-05 0.0337583
13.05 0 -1.97426e-05 0.0337764
13.06 0 -1.97364e-05 0.0337946
13.07 0 -1.97301e-05 0.0338127
13.08 0 -1.97239e-05 0.0338309
13.09 0 -1.97177e-05 0.033849
13.1 0 -1.97114e-05 0.0338671
13.11 0 -1.97052e-05 0.0338852
13.12 0 -1.96989e-05 0.0339033
13.13 0 -1.96927e-05 0.0339213
13.14 0 -1.96864e-05 0.0339394
13.15 0 -1.96802e-05 0.0339575
13.16 0 -1.96739e-05 0.0339755
13.17 0 -1.96677e-05 0.0339936
13.18 0 -1.96615e-05 0.0340116
13.19 0 -1.96552e-05 0.0340296
13.2 0 -1.9649e-05 0.0340476
13.21 0 -1.96427e-05 0.0340656
13.22 0 -1.96365e-05 0.0340836
13.23 0 -1.96302e-05 0.0341016
13.24 0 -1.9624e-05 0.0341196
13.25 0 -1.96177e-05 0.0341375
13.26 0 -1.96115e-05 0.0341555
13.27 0 -1.96053e-05 0.0341734
13.28 0 -1.9599e-05 0.0341914
13.29 0 -1.95928e-05 0.0342093
13.3 0 -1.95865e-05 0.0342272
13.31 0 -1.95803e-05 0.0342451
13.32 0 -1.9574e-05 0.034263
13.33 0 -1.95678e-05 0.0342809
13.34 0 -1.95615e-05 0.0342988
13.35 0 -1.95553e-05 0.0343167
13.36 0 -1.95491e-05 0.0343346
13.37 0 -1.95428e-05 0.0343524
13.38 0 -1.95366e-05 0.0343703
13.39 0 -1.95303e-05 0.0343881
13.4 0 -1.95241e-05 0.0344059
13.41 0 -1.95178e-05 0.0344237
13.42 0 -1.95116e-05 0.0344415
13.43 0 -1.95053e-05 0.0344593
13.44 0 -1.94991e-05 0.0344771
13.45 0 -1.94929e-05 0.0344949
13.46 0 -1.94866e-05 0.0345127
13.47 0 -1.94804e-05 0.0345304
13.48 0 -1.94741e-05 0.0345482
13.49 0 -1.94679e-05 0.0345659
13.5 0 -1.94616e-05 0.0345837
13.51 0 -1.94554e-05 0.0346014
13.52 0 -1.94491e-05 0.0346191
13.53 0 -1.94429e-05 0.0346368
13.54 0 -1.94367e-05 0.0346545
13.55 0 -1.94304e-05 0.0346722
13.56 0 -1.94242e-05 0.0346899
13.57 0 -1.94179e-05 0.0347076
13.58 0 -1.94117e-05 0.0347252
13.59 0 -1.94054e-05 0.0347429
13.6 0 -1.93992e-05 0.0347605
13.61 0 -1.9393e-05 0.0347782
13.62 0 -1.93867e-05 0.0347958
13.63 0 -1.93805e-05 0.0348134
13.64 0 -1.93742e-05 0.034831
13.65 0 -1.9368e-05 0.0348486
13.66 0 -1.93617e-05 0.0348662
13.67 0 -1.93555e-05 0.0348838
13.68 0 -1.93493e-05 0.0349014
13.69 0 -1.9343e-05 0.034919
13.7 0 -1.93368e-05 0.0349365
13.71 0 -1.93305e-05 0.0349541
13.72 0 -1.93243e-05 0.0349716
13.73 0 -1.9318e-05 0.0349891
13.74 0 -1.93118e-05 0.0350067
13.75 0 -1.93055e-05 0.0350242
13.76 0 -1.92993e-05 0.0350417
13.77 0 -1.92931e-05 0.0350592
13.78 0 -1.92868e-05 0.0350767
13.79 0 -1.92806e-05 0.0350941
13.8 0 -1.92743e-05 0.0351116
13.81 0 -1.92681e-05 0.0351291
13.82 0 -1.92618e-05 0.0351465
13.83 0 -1.92556e-05 0.035164
13.84 0 -1.92493e-05 0.0351814
13.85 0 -1.92431e-05 0.0351988
13.86 0 -1.92369e-05 0.0352162
13.87 0 -1.92306e-05 0.0352337
13.88 0 -1.92244e-05 0.0352511
13.89 0 -1.92181e-05 0.0352684
13.9 0 -1.92119e-05 0.0352858
13.91 0 -1.92056e-05 0.0353032
13.92 0 -1.91994e-05 0.0353206
13.93 0 -1.91932e-05 0.0353379
13.94 0 -1.91869e-05 0.0353553
13.95 0 -1.91807e-05 0.0353726
13.96 0 -1.91744e-05 0.0353899
13.97 0 -1.91682e-05 0.0354073
13.98 0 -1.91619e-05 0.0354246
13.99 0 -1.91557e-05 0.0354419
14 0 -1.91494e-05 0.0354592
14.01 0 -1.91432e-05 0.0354765
14.02 0 -1.9137e-05 0.0354938
14.03 0 -1.91307e-05 0.035511
14.04 0 -1.91245e-05 0.0355283
14.05 0 -1.91182e-05 0.0355455
14.06 0 -1.9112e-05 0.0355628
14.07 0 -1.91057e-05 0.03558
14.08 0 -1.90995e-05 0.0355973
14.09 0 -1.90933e-05 0.0356145
14.1 0 -1.9087e-05 0.0356317
14.11 0 -1.90808e-05 0.0356489
14.12 0 -1.90745e-05 0.0356661
14.13 0 -1.90683e-05 0.0356833
14.14 0 -1.9062e-05 0.0357004
14.15 0 -1.90558e-05 0.0357176
14.16 0 -1.90496e-05 0.0357348
14.17 0 -1.90433e-05 0.0357519
14.18 0 -1.90371e-05 0.0357691
14.19 0 -1.90308e-05 0.0357862
14.2 0 -1.90246e-05 0.0358033
14.21 0 -1.90183e-05 0.0358205
14.22 0 -1.90121e-05 0.0358376
14.23 0 -1.90059e-05 0.0358547
14.24 0 -1.89996e-05 0.0358718
14.25 0 -1.89934e-05 0.0358889
14.26 0 -1.89871e-05 0.0359059
14.27 0 -1.89809e-05 0.035923
14.28 0 -1.89746e-05 0.0359401
14.29 0 -1.89684e-05 0.0359571
14.3 0 -1.89621e-05 0.0359742
14.31 0 -1.89559e-05 0.0359912
14.32 0 -1.89497e-05 0.0360082
14.33 0 -1.89434e-05 0.0360253
14.34 0 -1.89372e-05 0.0360423
14.35 0 -1.89309e-05 0.0360593
14.36 0 -1.89247e-05 0.0360763
14.37 0 -1.89184e-05 0.0360933
14.38 0 -1.89122e-05 0.0361102
14.39 0 -1.8906e-05 0.0361272
14.4 0 -1.88997e-05 0.0361442
14.41 0 -1.88935e-05 0.0361611
14.42 0 -1.88872e-05 0.0361781
14.43 0 -1.8881e-05 0.036195
14.44 0 -1.88747e-05 0.0362119
14.45 0 -1.88685e-05 0.0362289
14.46 0 -1.88622e-05 0.0362458
14.47 0 -1.8856e-05 0.0362627
14.48 0 -1.88498e-05 0.0362796
14.49 0 -1.88435e-05 0.0362965
14.5 0 -1.88373e-05 0.0363134
14.51 0 -1.8831e-05 0.0363302
14.52 0 -1.88248e-05 0.0363471
14.53 0 -1.88185e-05 0.036364
14.54 0 -1.88123e-05 0.0363808
14.55 0 -1.88061e-05 0.0363977
14.56 0 -1.87998e-05 0.0364145
14.57 0 -1.87936e-05 0.0364313
14.58 0 -1.87873e-05 0.0364481
14.59 0 -1.87811e-05 0.0364649
14.6 0 -1.87748e-05 0.0364817
14.61 0 -1.87686e-05 0.0364985
14.62 0 -1.87624e-05 0.0365153
14.63 0 -1.87561e-05 0.0365321
14.64 0 -1.87499e-05 0.0365489
14.65 0 -1.87436e-05 0.0365656
14.66 0 -1.87374e-05 0.0365824
14.67 0 -1.87311e-05 0.0365991
14.68 0 -1.87249e-05 0.0366159
14.69 0 -1.87187e-05 0.0366326
14.7 0 -1.87124e-05 0.0366493
14.71 0 -1.87062e-05 0.0366661
14.72 0 -1.86999e-05 0.0366828
14.73 0 -1.86937e-05 0.0366995
14.74 0 -1.86874e-05 0.0367161
14.75 0 -1.86812e-05 0.0367328
14.76 0 -1.8675e-05 0.0367495
14.77 0 -1.86687e-05 0.0367662
14.78 0 -1.86625e-05 0.0367828
14.79 0 -1.86562e-05 0.0367995
14.8 0 -1.865e-05 0.0368161
14.81 0 -1.86437e-05 0.0368328
14.82 0 -1.86375e-05 0.0368494
14.83 0 -1.86312e-05 0.036866
14.84 0 -1.8625e-05 0.0368826
14.85 0 -1.86188e-05 0.0368992
14.86 0 -1.86125e-05 0.0369158
14.87 0 -1.86063e-05 0.0369324
14.88 0 -1.86e-05 0.036949
14.89 0 -1.85938e-05 0.0369656
14.9 0 -1.85875e-05 0.0369822
14.91 0 -1.85813e-05 0.0369987
14.92 0 -1.85751e-05 0.0370153
14.93 0 -1.85688e-05 0.0370318
14.94 0 -1.85626e-05 0.0370483
14.95 0 -1.85563e-05 0.0370649
14.96 0 -1.85501e-05 0.0370814
14.97 0 -1.85439e-05 0.0370979
14.98 0 -1.85376e-05 0.0371144
14.99 0 -1.85314e-05 0.0371309
15 0 -1.85251e-05 0.0371474
15.01 0 -1.85189e-05 0.0371639
15.02 0 -1.85126e-05 0.0371804
15.03 0 -1.85064e-05 0.0371968
15.04 0 -1.85001e-05 0.0372133
15.05 0 -1.84939e-05 0.0372297
15.06 0 -1.84877e-05 0.0372462
15.07 0 -1.84814e-05 0.0372626
15.08 0 -1.84752e-05 0.0372791
15.09 0 -1.84689e-05 0.0372955
15.1 0 -1.84627e-05 0.0373119
15.11 0 -1.84564e-05 0.0373283
15.12 0 -1.84502e-05 0.0373447
15.13 0 -1.8444e-05 0.0373611
15.14 0 -1.84377e-05 0.0373775
15.15 0 -1.84315e-05 0.0373939
15.16 0 -1.84252e-05 0.0374102
15.17 0 -1.8419e-05 0.0374266
15.18 0 -1.84127e-05 0.0374429
15.19 0 -1.84065e-05 0.0374593
15.2 0 -1.84003e-05 0.0374756
15.21 0 -1.8394e-05 0.037492
15.22 0 -1.83878e-05 0.0375083
15.23 0 -1.83815e-05 0.0375246
15.24 0 -1.83753e-05 0.0375409
15.25 0 -1.8369e-05 0.0375572
15.26 0 -1.83628e-05 0.0375735
15.27 0 -1.83566e-05 0.0375898
15.28 0 -1.83503e-05 0.0376061
15.29 0 -1.83441e-05 0.0376223
15.3 0 -1.83378e-05 0.0376386
15.31 0 -1.83316e-05 0.0376549
15.32 0 -1.83253e-05 0.0376711
15.33 0 -1.83191e-05 0.0376874
15.34 0 -1.83129e-05 0.0377036
15.35 0 -1.83066e-05 0.0377198
15.36 0 -1.83004e-05 0.037736
15.37 0 -1.82941e-05 0.0377523
15.38 0 -1.82879e-05 0.0377685
15.39 0 -1.82816e-05 0.0377847
15.4 0 -1.82754e-05 0.0378009
15.41 0 -1.82692e-05 0.037817
15.42 0 -1.82629e-05 0.0378332
15.43 0 -1.82567e-05 0.0378494
15.44 0 -1.82504e-05 0.0378656
15.45 0 -1.82442e-05 0.0378817
15.46 0 -1.82379e-05 0.0378979
15.47 0 -1.82317e-05 0.037914
15.48 0 -1.82255e-05 0.0379301
15.49 0 -1.82192e-05 0.0379463
15.5 0 -1.8213e-05 0.0379624
15.51 0 -1.82067e-05 0.0379785
15.52 0 -1.82005e-05 0.0379946
15.53 0 -1.81942e-05 0.0380107
15.54 0 -1.8188e-05 0.0380268
15.55 0 -1.81818e-05 0.0380429
15.56 0 -1.81755e-05 0.0380589
15.57 0 -1.81693e-05 0.038075
15.58 0 -1.8163e-05 0.0380911
15.59 0 -1.81568e-05 0.0381071
15.6 0 -1.81505e-05 0.0381232
15.61 0 -1.81443e-05 0.0381392
15.62 0 -1.81381e-05 0.0381552
15.63 0 -1.81318e-05 0.0381713
15.64 0 -1.81256e-05 0.0381873
15.65 0 -1.81193e-05 0.0382033
15.66 0 -1.81131e-05 0.0382193
15.67 0 -1.81068e-05 0.0382353
15.68 0 -1.81006e-05 0.0382513
15.69 0 -1.80944e-05 0.0382673
15.7 0 -1.80881e-05 0.0382832
15.71 0 -1.80819e-05 0.0382992
15.72 0 -1.80756e-05 0.0383152
15.73 0 -1.80694e-05 0.0383311
15.74 0 -1.80631e-05 0.0383471
15.75 0 -1.80569e-05 0.038363
15.76 0 -1.80507e-05 0.038379
15.77 0 -1.80444e-05 0.0383949
15.78 0 -1.80382e-05 0.0384108
15.79 0 -1.80319e-05 0.0384267
15.8 0 -1.80257e-05 0.0384426
15.81 0 -1.80194e-05 0.0384585
15.82 0 -1.80132e-05 0.0384744
15.83 0 -1.8007e-05 0.0384903
15.84 0 -1.80007e-05 0.0385062
15.85 0 -1.79945e-05 0.038522
15.86 0 -1.79882e-05 0.0385379
15.87 0 -1.7982e-05 0.0385538
15.88 0 -1.79758e-05 0.0385696
15.89 0 -1.79695e-05 0.0385855
15.9 0 -1.79633e-05 0.0386013
15.91 0 -1.7957e-05 0.0386171
15.92 0 -1.79508e-05 0.0386329
15.93 0 -1.79445e-05 0.0386488
15.94 0 -1.79383e-05 0.0386646
15.95 0 -1.79321e-05 0.0386804
15.96 0 -1.79258e-05 0.0386962
15.97 0 -1.79196e-05 0.0387119
15.98 0 -1.79133e-05 0.0387277
15.99 0 -1.79071e-05 0.0387435
16 0 -1.79008e-05 0.0387593
16.01 0 -1.78946e-05 0.038775
16.02 0 -1.78884e-05 0.0387908
16.03 0 -1.78821e-05 0.0388065
16.04 0 -1.78759e-05 0.0388223
16.05 0 -1.78696e-05 0.038838
16.06 0 -1.78634e-05 0.0388537
16.07 0 -1.78571e-05 0.0388694
16.08 0 -1.78509e-05 0.0388851
16.09 0 -1.78447e-05 0.0389009
16.1 0 -1.78384e-05 0.0389165
16.11 0 -1.78322e-05 0.0389322
16.12 0 -1.78259e-05 0.0389479
16.13 0 -1.78197e-05 0.0389636
16.14 0 -1.78134e-05 0.0389793
16.15 0 -1.78072e-05 0.0389949
16.16 0 -1.7801e-05 0.0390106
16.17 0 -1.77947e-05 0.0390262
16.18 0 -1.77885e-05 0.0390419
16.19 0 -1.77822e-05 0.0390575
16.2 0 -1.7776e-05 0.0390732
16.21 0 -1.77697e-05 0.0390888
16.22 0 -1.77635e-05 0.0391044
16.23 0 -1.77573e-05 0.03912
16.24 0 -1.7751e-05 0.0391356
16.25 0 -1.77448e-05 0.0391512
16.26 0 -1.77385e-05 0.0391668
16.27 0 -1.77323e-05 0.0391824
16.28 0 -1.77261e-05 0.039198
16.29 0 -1.77198e-05 0.0392135
16.3 0 -1.77136e-05 0.0392291
16.31 0 -1.77073e-05 0.0392446
16.32 0 -1.77011e-05 0.0392602
16.33 0 -1.76948e-05 0.0392757
16.34 0 -1.76886e-05 0.0392913
16.35 0 -1.76824e-05 0.0393068
16.36 0 -1.76761e-05 0.0393223
16.37 0 -1.76699e-05 0.0393378
16.38 0 -1.76636e-05 0.0393534
16.39 0 -1.76574e-05 0.0393689
16.4 0 -1.76511e-05 0.0393844
16.41 0 -1.76449e-05 0.0393999
16.42 0 -1.76387e-05 0.0394153
16.43 0 -1.76324e-05 0.0394308
16.44 0 -1.76262e-05 0.0394463
16.45 0 -1.76199e-05 0.0394617
16.46 0 -1.76137e-05 0.0394772
16.47 0 -1.76074e-05 0.0394927
16.48 0 -1.76012e-05 0.0395081
16.49 0 -1.7595e-05 0.0395235
16.5 0 -1.75887e-05 0.039539
16.51 0 -1.75825e-05 0.0395544
16.52 0 -1.75762e-05 0.0395698
16.53 0 -1.757e-05 0.0395852
16.54 0 -1.75638e-05 0.0396006
16.55 0 -1.75575e-05 0.039616
16.56 0 -1.75513e-05 0.0396314
16.57 0 -1.7545e-05 0.0396468
16.58 0 -1.75388e-05 0.0396622
16.59 0 -1.75325e-05 0.0396776
16.6 0 -1.75263e-05 0.0396929
16.61 0 -1.75201e-05 0.0397083
16.62 0 -1.75138e-05 0.0397236
16.63 0 -1.75076e-05 0.039739
16.64 0 -1.75013e-05 0.0397543
16.65 0 -1.74951e-05 0.0397697
16.66 0 -1.74888e-05 0.039785
16.67 0 -1.74826e-05 0.0398003
16.68 0 -1.74764e-05 0.0398156
16.69 0 -1.74701e-05 0.0398309
16.7 0 -1.74639e-05 0.0398462
16.71 0 -1.74576e-05 0.0398615
16.72 0 -1.74514e-05 0.0398768
16.73 0 -1.74451e-05 0.0398921
16.74 0 -1.74389e-05 0.0399074
16.75 0 -1.74327e-05 0.0399226
16.76 0 -1.74264e-05 0.0399379
16.77 0 -1.74202e-05 0.0399532
16.78 0 -1.74139e-05 0.0399684
16.79 0 -1.74077e-05 0.0399837
16.8 0 -1.74015e-05 0.0399989
16.81 0 -1.73952e-05 0.0400141
16.82 0 -1.7389e-05 0.0400294
16.83 0 -1.73827e-05 0.0400446
16.84 0 -1.73765e-05 0.0400598
16.85 0 -1.73702e-05 0.040075
16.86 0 -1.7364e-05 0.0400902
16.87 0 -1.73578e-05 0.0401054
16.88 0 -1.73515e-05 0.0401206
16.89 0 -1.73453e-05 0.0401358
16.9 0 -1.7339e-05 0.0401509
16.91 0 -1.73328e-05 0.0401661
16.92 0 -1.73266e-05 0.0401813
16.93 0 -1.73203e-05 0.0401964
16.94 0 -1.73141e-05 0.0402116
16.95 0 -1.73078e-05 0.0402267
16.96 0 -1.73016e-05 0.0402418
16.97 0 -1.72953e-05 0.040257
16.98 0 -1.72891e-05 0.0402721
16.99 0 -1.72829e-05 0.0402872
17 0 -1.72766e-05 0.0403023
17.01 0 -1.72704e-05 0.0403174
17.02 0 -1.72641e-05 0.0403325
17.03 0 -1.72579e-05 0.0403476
17.04 0 -1.72516e-05 0.0403627
17.05 0 -1.72454e-05 0.0403778
17.06 0 -1.72392e-05 0.0403929
17.07 0 -1.72329e-05 0.0404079
17.08 0 -1.72267e-05 0.040423
17.09 0 -1.72204e-05 0.0404381
17.1 0 -1.72142e-05 0.0404531
17.11 0 -1.7208e-05 0.0404682
17.12 0 -1.72017e-05 0.0404832
17.13 0 -1.71955e-05 0.0404982
17.14 0 -1.71892e-05 0.0405133
17.15 0 -1.7183e-05 0.0405283
17.16 0 -1.71767e-05 0.0405433
17.17 0 -1.71705e-05 0.0405583
17.18 0 -1.71643e-05 0.0405733
17.19 0 -1.7158e-05 0.0405883
17.2 0 -1.71518e-05 0.0406033
17.21 0 -1.71455e-05 0.0406183
17.22 0 -1.71393e-05 0.0406332
17.23 0 -1.7133e-05 0.0406482
17.24 0 -1.71268e-05 0.0406632
17.25 0 -1.71206e-05 0.0406781
17.26 0 -1.71143e-05 0.0406931
17.27 0 -1.71081e-05 0.040708
17.28 0 -1.71018e-05 0.040723
17.29 0 -1.70956e-05 0.0407379
17.3 0 -1.70894e-05 0.0407528
17.31 0 -1.70831e-05 0.0407678
17.32 0 -1.70769e-05 0.0407827
17.33 0 -1.70706e-05 0.0407976
17.34 0 -1.70644e-05 0.0408125
17.35 0 -1.70581e-05 0.0408274
17.36 0 -1.70519e-05 0.0408423
17.37 0 -1.70457e-05 0.0408572
17.38 0 -1.70394e-05 0.040872
17.39 0 -1.70332e-05 0.0408869
17.4 0 -1.70269e-05 0.0409018
17.41 0 -1.70207e-05 0.0409166
17.42 0 -1.70145e-05 0.0409315
17.43 0 -1.70082e-05 0.0409463
17.44 0 -1.7002e-05 0.0409612
17.45 0 -1.69957e-05 0.040976
17.46 0 -1.69895e-05 0.0409909
17.47 0 -1.69832e-05 0.0410057
17.48 0 -1.6977e-05 0.0410205
17.49 0 -1.69708e-05 0.0410353
17.5 0 -1.69645e-05 0.0410501
17.51 0 -1.69583e-05 0.0410649
17.52 0 -1.6952e-05 0.0410797
17.53 0 -1.69458e-05 0.0410945
17.54 0 -1.69395e-05 0.0411093
17.55 0 -1.69333e-05 0.0411241
17.56 0 -1.69271e-05 0.0411388
17.57 0 -1.69208e-05 0.0411536
17.58 0 -1.69146e-05 0.0411684
17.59 0 -1.69083e-05 0.0411831
17.6 0 -1.69021e-05 0.0411979
17.61 0 -1.68959e-05 0.0412126
17.62 0 -1.68896e-05 0.0412274
17.63 0 -1.68834e-05 0.0412421
17.64 0 -1.68771e-05 0.0412568
17.65 0 -1.68709e-05 0.0412715
17.66 0 -1.68647e-05 0.0412862
17.67 0 -1.68584e-05 0.041301
17.68 0 -1.68522e-05 0.0413157
17.69 0 -1.68459e-05 0.0413304
17.7 0 -1.68397e-05 0.041345
17.71 0 -1.68334e-05 0.0413597
17.72 0 -1.68272e-05 0.0413744
17.73 0 -1.6821e-05 0.0413891
17.74 0 -1.68147e-05 0.0414037
17.75 0 -1.68085e-05 0.0414184
17.76 0 -1.68022e-05 0.0414331
17.77 0 -1.6796e-05 0.0414477
17.78 0 -1.67897e-05 0.0414624
17.79 0 -1.67835e-05 0.041477
17.8 0 -1.67773e-05 0.0414916
17.81 0 -1.6771e-05 0.0415063
17.82 0 -1.67648e-05 0.0415209
17.83 0 -1.67585e-05 0.0415355
17.84 0 -1.67523e-05 0.0415501
17.85 0 -1.67461e-05 0.0415647
17.86 0 -1.67398e-05 0.0415793
17.87 0 -1.67336e-05 0.0415939
17.88 0 -1.67273e-05 0.0416085
17.89 0 -1.67211e-05 0.0416231
17.9 0 -1.67148e-05 0.0416376
17.91 0 -1.67086e-05 0.0416522
17.92 0 -1.67024e-05 0.0416668
17.93 0 -1.66961e-05 0.0416813
17.94 0 -1.66899e-05 0.0416959
17.95 0 -1.66836e-05 0.0417104
17.96 0 -1.66774e-05 0.041725
17.97 0 -1.66712e-05 0.0417395
17.98 0 -1.66649e-05 0.041754
17.99 0 -1.66587e-05 0.0417685
18 0 -1.66524e-05 0.0417831
18.01 0 -1.66462e-05 0.0417976
18.02 0 -1.66399e-05 0.0418121
18.03 0 -1.66337e-05 0.0418266
18.04 0 -1.66275e-05 0.0418411
18.05 0 -1.66212e-05 0.0418556
18.06 0 -1.6615e-05 0.04187
18.07 0 -1.66087e-05 0.0418845
18.08 0 -1.66025e-05 0.041899
18.09 0 -1.65963e-05 0.0419135
18.1 0 -1.659e-05 0.0419279
18.11 0 -1.65838e-05 0.0419424
18.12 0 -1.65775e-05 0.0419568
18.13 0 -1.65713e-05 0.0419713
18.14 0 -1.65651e-05 0.0419857
18.15 0 -1.65588e-05 0.0420001
18.16 0 -1.65526e-05 0.0420146
18.17 0 -1.65463e-05 0.042029
18.18 0 -1.65401e-05 0.0420434
18.19 0 -1.65338e-05 0.0420578
18.2 0 -1.65276e-05 0.0420722
18.21 0 -1.65214e-05 0.0420866
18.22 0 -1.65151e-05 0.042101
18.23 0 -1.65089e-05 0.0421154
18.24 0 -1.65026e-05 0.0421298
18.25 0 -1.64964e-05 0.0421442
18.26 0 -1.64901e-05 0.0421585
18.27 0 -1.64839e-05 0.0421729
18.28 0 -1.64777e-05 0.0421873
18.29 0 -1.64714e-05 0.0422016
18.3 0 -1.64652e-05 0.042216
18.31 0 -1.64589e-05 0.0422303
18.32 0 -1.64527e-05 0.0422447
18.33 0 -1.64465e-05 0.042259
18.34 0 -1.64402e-05 0.0422733
18.35 0 -1.6434e-05 0.0422876
18.36 0 -1.64277e-05 0.042302
18.37 0 -1.64215e-05 0.0423163
18.38 0 -1.64153e-05 0.0423306
18.39 0 -1.6409e-05 0.0423449
18.4 0 -1.64028e-05 0.0423592
18.41 0 -1.63965e-05 0.0423735
18.42 0 -1.63903e-05 0.0423877
18.43 0 -1.6384e-05 0.042402
18.44 0 -1.63778e-05 0.0424163
18.45 0 -1.63716e-05 0.0424306
18.46 0 -1.63653e-05 0.0424448
18.47 0 -1.63591e-05 0.0424591
18.48 0 -1.63528e-05 0.0424733
18.49 0 -1.63466e-05 0.0424876
18.5 0 -1.63404e-05 0.0425018
18.51 0 -1.63341e-05 0.042516
18.52 0 -1.63279e-05 0.0425303
18.53 0 -1.63216e-05 0.0425445
18.54 0 -1.63154e-05 0.0425587
18.55 0 -1.63091e-05 0.0425729
18.56 0 -1.63029e-05 0.0425871
18.57 0 -1.62967e-05 0.0426013
18.58 0 -1.62904e-05 0.0426155
18.59 0 -1.62842e-05 0.0426297
18.6 0 -1.62779e-05 0.0426439
18.61 0 -1.62717e-05 0.0426581
18.62 0 -1.62655e-05 0.0426723
18.63 0 -1.62592e-05 0.0426864
18.64 0 -1.6253e-05 0.0427006
18.65 0 -1.62467e-05 0.0427148
18.66 0 -1.62405e-05 0.0427289
18.67 0 -1.62343e-05 0.0427431
18.68 0 -1.6228e-05 0.0427572
18.69 0 -1.62218e-05 0.0427713
18.7 0 -1.62155e-05 0.0427855
18.71 0 -1.62093e-05 0.0427996
18.72 0 -1.6203e-05 0.0428137
18.73 0 -1.61968e-05 0.0428278
18.74 0 -1.61906e-05 0.0428419
18.75 0 -1.61843e-05 0.0428561
18.76 0 -1.61781e-05 0.0428702
18.77 0 -1.61718e-05 0.0428842
18.78 0 -1.61656e-05 0.0428983
18.79 0 -1.61594e-05 0.0429124
18.8 0 -1.61531e-05 0.0429265
18.81 0 -1.61469e-05 0.0429406
18.82 0 -1.61406e-05 0.0429546
18.83 0 -1.61344e-05 0.0429687
18.84 0 -1.61282e-05 0.0429828
18.85 0 -1.61219e-05 0.0429968
18.86 0 -1.61157e-05 0.0430109
18.87 0 -1.61094e-05 0.0430249
18.88 0 -1.61032e-05 0.0430389
18.89 0 -1.60969e-05 0.043053
18.9 0 -1.60907e-05 0.043067
18.91 0 -1.60845e-05 0.043081
18.92 0 -1.60782e-05 0.043095
18.93 0 -1.6072e-05 0.0431091
18.94 0 -1.60657e-05 0.0431231
18.95 0 -1.60595e-05 0.0431371
18.96 0 -1.60533e-05 0.0431511
18.97 0 -1.6047e-05 0.043165
18.98 0 -1.60408e-05 0.043179
18.99 0 -1.60345e-05 0.043193
19 0 -1.60283e-05 0.043207
19.01 0 -1.6022e-05 0.0432209
19.02 0 -1.60158e-05 0.0432349
19.03 0 -1.60096e-05 0.0432489
19.04 0 -1.60033e-05 0.0432628
19.05 0 -1.59971e-05 0.0432768
19.06 0 -1.59908e-05 0.0432907
19.07 0 -1.59846e-05 0.0433047
19.08 0 -1.59784e-05 0.0433186
19.09 0 -1.59721e-05 0.0433325
19.1 0 -1.59659e-05 0.0433464
19.11 0 -1.59596e-05 0.0433604
19.12 0 -1.59534e-05 0.0433743
19.13 0 -1.59472e-05 0.0433882
19.14 0 -1.59409e-05 0.0434021
19.15 0 -1.59347e-05 0.043416
19.16 0 -1.59284e-05 0.0434299
19.17 0 -1.59222e-05 0.0434438
19.18 0 -1.59159e-05 0.0434576
19.19 0 -1.59097e-05 0.0434715
19.2 0 -1.59035e-05 0.0434854
19.21 0 -1.58972e-05 0.0434992
19.22 0 -1.5891e-05 0.0435131
19.23 0 -1.58847e-05 0.043527
19.24 0 -1.58785e-05 0.0435408
19.25 0 -1.58723e-05 0.0435547
19.26 0 -1.5866e-05 0.0435685
19.27 0 -1.58598e-05 0.0435823
19.28 0 -1.58535e-05 0.0435962
19.29 0 -1.58473e-05 0.04361
19.3 0 -1.58411e-05 0.0436238
19.31 0 -1.58348e-05 0.0436376
19.32 0 -1.58286e-05 0.0436514
19.33 0 -1.58223e-05 0.0436652
19.34 0 -1.58161e-05 0.043679
19.35 0 -1.58098e-05 0.0436928
19.36 0 -1.58036e-05 0.0437066
19.37 0 -1.57974e-05 0.0437204
19.38 0 -1.57911e-05 0.0437342
19.39 0 -1.57849e-05 0.043748
19.4 0 -1.57786e-05 0.0437617
19.41 0 -1.57724e-05 0.0437755
19.42 0 -1.57662e-05 0.0437893
19.43 0 -1.57599e-05 0.043803
19.44 0 -1.57537e-05 0.0438168
19.45 0 -1.57474e-05 0.0438305
19.46 0 -1.57412e-05 0.0438442
19.47 0 -1.5735e-05 0.043858
19.48 0 -1.57287e-05 0.0438717
19.49 0 -1.57225e-05 0.0438854
19.5 0 -1.57162e-05 0.0438992
19.51 0 -1.571e-05 0.0439129
19.52 0 -1.57038e-05 0.0439266
19.53 0 -1.56975e-05 0.0439403
19.54 0 -1.56913e-05 0.043954
19.55 0 -1.5685e-05 0.0439677
19.56 0 -1.56788e-05 0.0439814
19.57 0 -1.56725e-05 0.0439951
19.58 0 -1.56663e-05 0.0440087
19.59 0 -1.56601e-05 0.0440224
19.6 0 -1.56538e-05 0.0440361
19.61 0 -1.56476e-05 0.0440497
19.62 0 -1.56413e-05 0.0440634
19.63 0 -1.56351e-05 0.0440771
19.64 0 -1.56289e-05 0.0440907
19.65 0 -1.56226e-05 0.0441044
19.66 0 -1.56164e-05 0.044118
19.67 0 -1.56101e-05 0.0441316
19.68 0 -1.56039e-05 0.0441453
19.69 0 -1.55977e-05 0.0441589
19.7 0 -1.55914e-05 0.0441725
19.71 0 -1.55852e-05 0.0441861
19.72 0 -1.55789e-05 0.0441997
19.73 0 -1.55727e-05 0.0442133
19.74 0 -1.55664e-05 0.0442269
19.75 0 -1.55602e-05 0.0442405
19.76 0 -1.5554e-05 0.0442541
19.77 0 -1.55477e-05 0.0442677
19.78 0 -1.55415e-05 0.0442813
19.79 0 -1.55352e-05 0.0442949
19.8 0 -1.5529e-05 0.0443084
19.81 0 -1.55228e-05 0.044322
19.82 0 -1.55165e-05 0.0443356
19.83 0 -1.55103e-05 0.0443491
19.84 0 -1.5504e-05 0.0443627
19.85 0 -1.54978e-05 0.0443762
19.86 0 -1.54916e-05 0.0443898
19.87 0 -1.54853e-05 0.0444033
19.88 0 -1.54791e-05 0.0444169
19.89 0 -1.54728e-05 0.0444304
19.9 0 -1.54666e-05 0.0444439
19.91 0 -1.54604e-05 0.0444574
19.92 0 -1.54541e-05 0.0444709
19.93 0 -1.54479e-05 0.0444844
19.94 0 -1.54416e-05 0.0444979
19.95 0 -1.54354e-05 0.0445114
19.96 0 -1.54291e-05 0.0445249
19.97 0 -1.54229e-05 0.0445384
19.98 0 -1.54167e-05 0.0445519
19.99 0 -1.54104e-05 0.0445654
20 0 -1.54042e-05 0.0445789
