0.01 -3.27 -4.905 0.00151758
0.02 -3.27001 -4.90497 0.00809202
0.03 -3.27007 -4.90484 0.0214939
0.04 -3.27023 -4.90446 0.0392369
0.05 -3.27047 -4.9039 0.0563523
0.06 -3.27069 -4.90337 0.0685677
0.07 -3.27083 -4.90306 0.0748484
0.08 -3.27089 -4.90291 0.0778118
0.09 -3.27099 -4.90268 0.0819181
0.1 -3.27121 -4.90216 0.0906587
0.11 -3.27161 -4.90123 0.104499
0.12 -3.27214 -4.89996 0.120791
0.13 -3.2727 -4.89866 0.135587
0.14 -3.27313 -4.89764 0.146105
0.15 -3.2734 -4.897 0.15231
0.16 -3.27361 -4.89653 0.156748
0.17 -3.27389 -4.89585 0.16286
0.18 -3.27438 -4.8947 0.172861
0.19 -3.2751 -4.89302 0.18649
0.2 -3.27594 -4.89104 0.201341
0.21 -3.27673 -4.88917 0.214452
0.22 -3.27735 -4.88772 0.2241
0.23 -3.27778 -4.88669 0.230722
0.24 -3.27818 -4.88576 0.236505
0.25 -3.2787 -4.88453 0.243984
0.26 -3.27946 -4.88273 0.254523
0.27 -3.28045 -4.8804 0.267593
0.28 -3.28153 -4.87785 0.281222
0.29 -3.28252 -4.87549 0.293262
0.3 -3.28333 -4.87359 0.30264
0.31 -3.28397 -4.87208 0.309898
0.32 -3.28458 -4.87062 0.316755
0.33 -3.28535 -4.86881 0.325042
0.34 -3.28635 -4.86644 0.335638
0.35 -3.28756 -4.86357 0.348034
0.36 -3.28884 -4.86053 0.360734
0.37 -3.29003 -4.85769 0.372188
0.38 -3.29105 -4.85529 0.381664
0.39 -3.29191 -4.85323 0.389593
0.4 -3.29276 -4.85121 0.39724
0.41 -3.29375 -4.84887 0.405933
0.42 -3.29495 -4.84601 0.416319
0.43 -3.29634 -4.84269 0.428055
0.44 -3.2978 -4.83922 0.440082
0.45 -3.29918 -4.8359 0.451265
0.46 -3.30042 -4.83295 0.46102
0.47 -3.30152 -4.83031 0.469582
0.48 -3.3026 -4.82774 0.477809
0.49 -3.30378 -4.82492 0.486676
0.5 -3.30514 -4.82166 0.496738
0.51 -3.30666 -4.818 0.507868
0.52 -3.30827 -4.81413 0.51938
0.53 -3.30985 -4.81035 0.530445
0.54 -3.3113 -4.80684 0.540535
0.55 -3.31264 -4.80362 0.549673
0.56 -3.31393 -4.80051 0.558374
0.57 -3.31528 -4.79726 0.567337
0.58 -3.31675 -4.79369 0.577072
0.59 -3.31838 -4.78976 0.587649
0.6 -3.3201 -4.7856 0.598706
0.61 -3.32183 -4.78141 0.609667
0.62 -3.32349 -4.77739 0.620053
0.63 -3.32504 -4.7736 0.629712
0.64 -3.32653 -4.76998 0.638865
0.65 -3.32803 -4.76635 0.647966
0.66 -3.3296 -4.76252 0.657457
0.67 -3.33129 -4.75841 0.667554
0.68 -3.33307 -4.75404 0.678159
0.69 -3.3349 -4.74957 0.688936
0.7 -3.33671 -4.74515 0.699495
0.71 -3.33844 -4.74089 0.709583
0.72 -3.34011 -4.73681 0.719192
0.73 -3.34174 -4.7328 0.728542
0.74 -3.34339 -4.72875 0.737959
0.75 -3.34519 -4.72433 0.74758
0.76 -3.34723 -4.7193 0.757446
0.77 -3.34939 -4.71399 0.767772
0.78 -3.35162 -4.70849 0.778367
0.79 -3.35386 -4.70296 0.788941
0.8 -3.35605 -4.69753 0.799237
0.81 -3.35818 -4.69226 0.809143
0.82 -3.36024 -4.68713 0.818727
0.83 -3.36229 -4.68203 0.828188
0.84 -3.36438 -4.67684 0.837761
0.85 -3.36653 -4.67146 0.847613
0.86 -3.36877 -4.66588 0.857777
0.87 -3.37106 -4.66015 0.868152
0.88 -3.37336 -4.65438 0.878559
0.89 -3.37564 -4.64865 0.888822
0.9 -3.37787 -4.64303 0.89884
0.91 -3.38006 -4.63751 0.908621
0.92 -3.38222 -4.63206 0.918268
0.93 -3.38438 -4.62657 0.927928
0.94 -3.38658 -4.62099 0.937729
0.95 -3.38883 -4.61527 0.947735
0.96 -3.39113 -4.60943 0.957919
0.97 -3.39344 -4.60353 0.968191
0.98 -3.39574 -4.59763 0.978434
0.99 -3.39802 -4.59179 0.988552
1 -3.40026 -4.58604 0.998507
1.01 -3.40247 -4.58035 1.00833
1.02 -3.40466 -4.5747 1.01808
1.03 -3.40686 -4.56903 1.02787
1.04 -3.40907 -4.56329 1.03777
1.05 -3.41131 -4.55748 1.0478
1.06 -3.41367 -4.55137 1.05769
1.07 -3.41622 -4.54473 1.06723
1.08 -3.41883 -4.53793 1.07702
1.09 -3.42151 -4.53092 1.0871
1.1 -3.42425 -4.52375 1.0974
1.11 -3.427 -4.51652 1.10781
1.12 -3.42974 -4.50931 1.11817
1.13 -3.43242 -4.50222 1.12837
1.14 -3.43503 -4.49529 1.13835
1.15 -3.43759 -4.48851 1.14813
1.16 -3.4401 -4.48182 1.1578
1.17 -3.44259 -4.47515 1.16745
1.18 -3.4451 -4.46843 1.17721
1.19 -3.44764 -4.46161 1.18712
1.2 -3.4502 -4.4547 1.1972
1.21 -3.45277 -4.44774 1.20741
1.22 -3.45534 -4.44076 1.21766
1.23 -3.45788 -4.43384 1.22788
1.24 -3.46038 -4.42702 1.23799
1.25 -3.46283 -4.42032 1.24798
1.26 -3.46522 -4.41372 1.25784
1.27 -3.46759 -4.40721 1.26764
1.28 -3.46993 -4.40073 1.27743
1.29 -3.47227 -4.39425 1.28727
1.3 -3.47481 -4.38721 1.29634
1.31 -3.47745 -4.37986 1.30554
1.32 -3.4802 -4.37217 1.3152
1.33 -3.48306 -4.36413 1.32537
1.34 -3.48601 -4.35583 1.33596
1.35 -3.48899 -4.3474 1.34677
1.36 -3.49192 -4.33904 1.35758
1.37 -3.49477 -4.3309 1.36818
1.38 -3.4975 -4.32308 1.37845
1.39 -3.50009 -4.31561 1.38835
1.4 -3.50257 -4.30844 1.39792
1.41 -3.50496 -4.30147 1.4073
1.42 -3.50732 -4.29459 1.41664
1.43 -3.50968 -4.28768 1.4261
1.44 -3.51206 -4.28067 1.4358
1.45 -3.51448 -4.27352 1.44579
1.46 -3.51692 -4.26626 1.45604
1.47 -3.51937 -4.25895 1.46647
1.48 -3.5218 -4.25167 1.47697
1.49 -3.5242 -4.24444 1.48726
1.5 -3.52673 -4.23682 1.49618
1.51 -3.52924 -4.22919 1.5052
1.52 -3.53179 -4.22142 1.5145
1.53 -3.5344 -4.21342 1.52418
1.54 -3.53707 -4.20519 1.53427
1.55 -3.53977 -4.19678 1.54472
1.56 -3.54248 -4.1883 1.55541
1.57 -3.54516 -4.17988 1.56619
1.58 -3.54775 -4.17164 1.57689
1.59 -3.55025 -4.16367 1.5874
1.6 -3.55262 -4.15604 1.59763
1.61 -3.55488 -4.14874 1.60756
1.62 -3.55703 -4.14173 1.61723
1.63 -3.5591 -4.13496 1.62672
1.64 -3.56111 -4.12834 1.63613
1.65 -3.56309 -4.1218 1.64558
1.66 -3.56505 -4.11525 1.65517
1.67 -3.56707 -4.10851 1.66443
1.68 -3.56921 -4.10131 1.67283
1.69 -3.57142 -4.09383 1.6817
1.7 -3.57372 -4.08598 1.69117
1.71 -3.5761 -4.07778 1.70126
1.72 -3.57853 -4.0693 1.71191
1.73 -3.58098 -4.06067 1.72299
1.74 -3.58339 -4.05207 1.73428
1.75 -3.58573 -4.04365 1.7456
1.76 -3.58796 -4.03555 1.75674
1.77 -3.59005 -4.02787 1.76756
1.78 -3.59199 -4.02064 1.77795
1.79 -3.5938 -4.01388 1.78791
1.8 -3.59549 -4.00752 1.79745
1.81 -3.59707 -4.00148 1.80669
1.82 -3.59859 -3.99568 1.81576
1.83 -3.60008 -3.98994 1.82451
1.84 -3.60164 -3.98389 1.83185
1.85 -3.60324 -3.97763 1.8396
1.86 -3.60491 -3.97101 1.84797
1.87 -3.60666 -3.96395 1.85712
1.88 -3.6085 -3.95647 1.86707
1.89 -3.61038 -3.94865 1.87777
1.9 -3.61228 -3.94064 1.88909
1.91 -3.61415 -3.93258 1.90083
1.92 -3.61596 -3.92466 1.91277
1.93 -3.61767 -3.91702 1.92468
1.94 -3.61927 -3.90978 1.93634
1.95 -3.62074 -3.90301 1.9476
1.96 -3.62209 -3.89674 1.95833
1.97 -3.62331 -3.89097 1.9685
1.98 -3.62445 -3.88557 1.9776
1.99 -3.62555 -3.88031 1.98464
2 -3.6266 -3.87519 1.99164
2.01 -3.62764 -3.87006 1.99885
2.02 -3.62869 -3.86475 2.00652
2.03 -3.62977 -3.85918 2.01479
2.04 -3.63088 -3.85333 2.02377
2.05 -3.63201 -3.8472 2.03351
2.06 -3.63315 -3.84085 2.04397
2.07 -3.63428 -3.83438 2.05506
2.08 -3.63538 -3.8279 2.06666
2.09 -3.63643 -3.82151 2.07859
2.1 -3.63742 -3.81532 2.09066
2.11 -3.63833 -3.80941 2.10271
2.12 -3.63918 -3.80384 2.11454
2.13 -3.63997 -3.79858 2.1251
2.14 -3.64072 -3.79349 2.13313
2.15 -3.64141 -3.78868 2.14102
2.16 -3.64205 -3.78404 2.14893
2.17 -3.64266 -3.77949 2.15697
2.18 -3.64323 -3.77499 2.16527
2.19 -3.64379 -3.77048 2.17391
2.2 -3.64432 -3.76596 2.18296
2.21 -3.64483 -3.76143 2.19245
2.22 -3.64531 -3.7569 2.20239
2.23 -3.64577 -3.75241 2.21275
2.24 -3.6462 -3.74799 2.22349
2.25 -3.6466 -3.74367 2.23454
2.26 -3.64697 -3.7395 2.24581
2.27 -3.64732 -3.73549 2.25722
2.28 -3.64764 -3.73165 2.26794
2.29 -3.64797 -3.72789 2.27566
2.3 -3.64826 -3.72427 2.28347
2.31 -3.64852 -3.72075 2.29146
2.32 -3.64876 -3.71732 2.29971
2.33 -3.64898 -3.71395 2.30828
2.34 -3.64917 -3.71064 2.31721
2.35 -3.64935 -3.70739 2.32654
2.36 -3.64952 -3.70422 2.33627
2.37 -3.64967 -3.70114 2.34639
2.38 -3.64981 -3.69817 2.35688
2.39 -3.64995 -3.69533 2.36769
2.4 -3.65009 -3.69263 2.37878
2.41 -3.65024 -3.6901 2.39008
2.42 -3.65039 -3.68774 2.40152
2.43 -3.65057 -3.68554 2.41194
2.44 -3.65077 -3.68345 2.41909
2.45 -3.65096 -3.68149 2.42635
2.46 -3.65116 -3.67964 2.43379
2.47 -3.65136 -3.67789 2.44148
2.48 -3.65157 -3.67623 2.44947
2.49 -3.65179 -3.67467 2.45781
2.5 -3.65204 -3.6732 2.46653
2.51 -3.65232 -3.67185 2.47564
2.52 -3.65263 -3.67061 2.48515
2.53 -3.65298 -3.66949 2.49506
2.54 -3.65338 -3.66852 2.50536
2.55 -3.65387 -3.66772 2.51603
2.56 -3.65456 -3.66721 2.5271
2.57 -3.65544 -3.66699 2.53853
2.58 -3.65654 -3.66706 2.55026
2.59 -3.65786 -3.66744 2.56124
2.6 -3.65941 -3.6681 2.56818
2.61 -3.66108 -3.66896 2.57529
2.62 -3.66289 -3.67002 2.58262
2.63 -3.66487 -3.67131 2.59022
2.64 -3.66703 -3.67283 2.59813
2.65 -3.66939 -3.6746 2.60638
2.66 -3.67197 -3.67663 2.61501
2.67 -3.67479 -3.67895 2.62403
2.68 -3.67787 -3.68157 2.63345
2.69 -3.68122 -3.6845 2.64328
2.7 -3.68485 -3.68776 2.65351
2.71 -3.68878 -3.69134 2.66414
2.72 -3.693 -3.69525 2.67515
2.73 -3.69752 -3.69949 2.68651
2.74 -3.70233 -3.70405 2.69818
2.75 -3.70743 -3.70892 2.71013
2.76 -3.71279 -3.71408 2.72231
2.77 -3.71839 -3.71951 2.73467
2.78 -3.72421 -3.72517 2.74716
2.79 -3.73027 -3.73109 2.7576
2.8 -3.73651 -3.7372 2.76507
2.81 -3.74283 -3.7434 2.77258
2.82 -3.74924 -3.74971 2.78017
2.83 -3.75579 -3.75616 2.78788
2.84 -3.7625 -3.76279 2.79573
2.85 -3.76939 -3.76961 2.80377
2.86 -3.7765 -3.77665 2.81201
2.87 -3.78384 -3.78393 2.82048
2.88 -3.79144 -3.79147 2.82919
2.89 -3.7993 -3.79928 2.83816
2.9 -3.80743 -3.80737 2.8474
2.91 -3.81585 -3.81575 2.85692
2.92 -3.82456 -3.82442 2.86671
2.93 -3.83355 -3.83338 2.87677
2.94 -3.84283 -3.84263 2.8871
2.95 -3.85238 -3.85215 2.89769
2.96 -3.8622 -3.86194 2.90851
2.97 -3.87226 -3.87198 2.91956
2.98 -3.88256 -3.88226 2.93081
2.99 -3.89306 -3.89274 2.94223
3 -3.90375 -3.90341 2.95381
3.01 -3.9146 -3.91424 2.9655
3.02 -3.92558 -3.9252 2.97729
3.03 -3.93665 -3.93627 2.98914
3.04 -3.9478 -3.9474 3.00102
3.05 -3.959 -3.95858 3.01291
3.06 -3.9702 -3.96977 3.02476
3.07 -3.98139 -3.98095 3.03655
3.08 -3.99253 -3.99208 3.04826
3.09 -4.0036 -4.00314 3.05986
3.1 -4.01459 -4.01411 3.07134
3.11 -4.02546 -4.02497 3.08266
3.12 -4.0362 -4.03571 3.09382
3.13 -4.04681 -4.0463 3.10481
3.14 -4.05726 -4.05675 3.11561
3.15 -4.06756 -4.06704 3.12624
3.16 -4.07771 -4.07718 3.13667
3.17 -4.0877 -4.08716 3.14693
3.18 -4.09754 -4.09699 3.15702
3.19 -4.10725 -4.10669 3.16695
3.2 -4.11684 -4.11627 3.17641
3.21 -4.12639 -4.12582 3.18343
3.22 -4.13586 -4.13527 3.19037
3.23 -4.1453 -4.14471 3.19731
3.24 -4.15479 -4.15419 3.20428
3.25 -4.16439 -4.16378 3.21133
3.26 -4.17415 -4.17354 3.2185
3.27 -4.18414 -4.18353 3.22584
3.28 -4.19439 -4.19377 3.23337
3.29 -4.20495 -4.20432 3.24112
3.3 -4.21584 -4.21521 3.24912
3.31 -4.22709 -4.22645 3.25739
3.32 -4.23872 -4.23807 3.26593
3.33 -4.25073 -4.25008 3.27475
3.34 -4.26313 -4.26247 3.28386
3.35 -4.27591 -4.27525 3.29326
3.36 -4.28907 -4.28841 3.30293
3.37 -4.3026 -4.30193 3.31287
3.38 -4.31647 -4.3158 3.32307
3.39 -4.33067 -4.32999 3.3335
3.4 -4.34516 -4.34447 3.34416
3.41 -4.35992 -4.35922 3.35501
3.42 -4.37491 -4.37421 3.36603
3.43 -4.39009 -4.38939 3.37719
3.44 -4.40545 -4.40474 3.38848
3.45 -4.42093 -4.42021 3.39986
3.46 -4.4365 -4.43578 3.41132
3.47 -4.45212 -4.4514 3.42281
3.48 -4.46777 -4.46704 3.43432
3.49 -4.48341 -4.48268 3.44582
3.5 -4.49901 -4.49827 3.4573
3.51 -4.51453 -4.51379 3.46872
3.52 -4.52996 -4.52921 3.48007
3.53 -4.54527 -4.54452 3.49134
3.54 -4.56045 -4.55969 3.50251
3.55 -4.57547 -4.57471 3.51356
3.56 -4.59033 -4.58956 3.5245
3.57 -4.60501 -4.60424 3.5353
3.58 -4.61952 -4.61874 3.54598
3.59 -4.63384 -4.63305 3.55652
3.6 -4.64798 -4.64719 3.56693
3.61 -4.66195 -4.66115 3.57722
3.62 -4.67574 -4.67495 3.58737
3.63 -4.68938 -4.68858 3.59742
3.64 -4.70287 -4.70207 3.60735
3.65 -4.71623 -4.71542 3.61718
3.66 -4.72946 -4.72865 3.62693
3.67 -4.7426 -4.74178 3.6366
3.68 -4.75564 -4.75482 3.64621
3.69 -4.76862 -4.76779 3.65577
3.7 -4.78154 -4.78071 3.66529
3.71 -4.79443 -4.7936 3.67479
3.72 -4.80731 -4.80647 3.68427
3.73 -4.82018 -4.81933 3.69376
3.74 -4.83307 -4.83222 3.70325
3.75 -4.84598 -4.84512 3.71277
3.76 -4.85893 -4.85807 3.72231
3.77 -4.87194 -4.87107 3.7319
3.78 -4.885 -4.88414 3.74153
3.79 -4.89814 -4.89726 3.75121
3.8 -4.91134 -4.91047 3.76094
3.81 -4.92463 -4.92375 3.77073
3.82 -4.938 -4.93711 3.78059
3.83 -4.95145 -4.95055 3.7905
3.84 -4.96497 -4.96408 3.80048
3.85 -4.97858 -4.97768 3.81051
3.86 -4.99227 -4.99136 3.8206
3.87 -5.00602 -5.00511 3.83074
3.88 -5.01984 -5.01892 3.84093
3.89 -5.03371 -5.03279 3.85116
3.9 -5.04764 -5.04672 3.86144
3.91 -5.06161 -5.06068 3.87174
3.92 -5.07561 -5.07468 3.88207
3.93 -5.08964 -5.08871 3.89242
3.94 -5.10369 -5.10275 3.90278
3.95 -5.11775 -5.1168 3.91315
3.96 -5.13181 -5.13086 3.92353
3.97 -5.14586 -5.1449 3.93389
3.98 -5.1599 -5.15894 3.94425
3.99 -5.17392 -5.17295 3.9546
4 -5.18792 -5.18695 3.96493
4.01 -5.20189 -5.20091 3.97524
4.02 -5.21582 -5.21483 3.98552
4.03 -5.22971 -5.22872 3.99578
4.04 -5.24357 -5.24258 4.00601
4.05 -5.25739 -5.25639 4.01621
4.06 -5.27116 -5.27016 4.02637
4.07 -5.2849 -5.28389 4.03652
4.08 -5.29859 -5.29758 4.04663
4.09 -5.31225 -5.31123 4.05671
4.1 -5.32587 -5.32485 4.06677
4.11 -5.33946 -5.33843 4.07681
4.12 -5.35302 -5.35199 4.08682
4.13 -5.36656 -5.36552 4.09682
4.14 -5.38007 -5.37903 4.1068
4.15 -5.39356 -5.39252 4.11676
4.16 -5.40704 -5.40599 4.12672
4.17 -5.42052 -5.41946 4.13667
4.18 -5.43398 -5.43292 4.14662
4.19 -5.44745 -5.44638 4.15657
4.2 -5.46091 -5.45984 4.16652
4.21 -5.47439 -5.47331 4.17647
4.22 -5.48787 -5.48678 4.18643
4.23 -5.50136 -5.50027 4.1964
4.24 -5.51486 -5.51377 4.20638
4.25 -5.52838 -5.52728 4.21638
4.26 -5.54192 -5.54081 4.22638
4.27 -5.55547 -5.55436 4.2364
4.28 -5.56904 -5.56793 4.24643
4.29 -5.58263 -5.58151 4.25647
4.3 -5.59623 -5.59511 4.26653
4.31 -5.60986 -5.60873 4.2766
4.32 -5.62349 -5.62236 4.28668
4.33 -5.63714 -5.636 4.29678
4.34 -5.65081 -5.64966 4.30688
4.35 -5.66448 -5.66333 4.31699
4.36 -5.67817 -5.67701 4.32711
4.37 -5.69186 -5.6907 4.33724
4.38 -5.70555 -5.70439 4.34737
4.39 -5.71925 -5.71808 4.3575
4.4 -5.73295 -5.73177 4.36763
4.41 -5.74665 -5.74547 4.37776
4.42 -5.76034 -5.75916 4.38789
4.43 -5.77403 -5.77284 4.39802
4.44 -5.78772 -5.78652 4.40815
4.45 -5.8014 -5.80019 4.41826
4.46 -5.81506 -5.81386 4.42838
4.47 -5.82872 -5.82751 4.43849
4.48 -5.84237 -5.84116 4.44859
4.49 -5.85601 -5.85479 4.45868
4.5 -5.86964 -5.86841 4.46877
4.51 -5.88326 -5.88203 4.47885
4.52 -5.89687 -5.89563 4.48892
4.53 -5.91047 -5.90922 4.49898
4.54 -5.92406 -5.92281 4.50904
4.55 -5.93764 -5.93638 4.5191
4.56 -5.95121 -5.94995 4.52915
4.57 -5.96478 -5.96351 4.53919
4.58 -5.97834 -5.97707 4.54923
4.59 -5.9919 -5.99062 4.55927
4.6 -6.00545 -6.00417 4.56931
4.61 -6.019 -6.01771 4.57934
4.62 -6.03255 -6.03126 4.58937
4.63 -6.0461 -6.0448 4.59941
4.64 -6.05965 -6.05834 4.60944
4.65 -6.0732 -6.07189 4.61948
4.66 -6.08675 -6.08543 4.62951
4.67 -6.1003 -6.09898 4.63955
4.68 -6.11386 -6.11253 4.6496
4.69 -6.12742 -6.12609 4.65964
4.7 -6.14098 -6.13964 4.66969
4.71 -6.15455 -6.1532 4.67974
4.72 -6.16812 -6.16677 4.68979
4.73 -6.18169 -6.18034 4.69985
4.74 -6.19527 -6.19391 4.70991
4.75 -6.20885 -6.20748 4.71997
4.76 -6.22243 -6.22106 4.73004
4.77 -6.23601 -6.23463 4.74011
4.78 -6.2496 -6.24821 4.75017
4.79 -6.26318 -6.2618 4.76024
4.8 -6.27677 -6.27538 4.77032
4.81 -6.29036 -6.28896 4.78039
4.82 -6.30395 -6.30254 4.79046
4.83 -6.31753 -6.31612 4.80053
4.84 -6.33112 -6.3297 4.8106
4.85 -6.3447 -6.34328 4.82067
4.86 -6.35828 -6.35686 4.83074
4.87 -6.37186 -6.37043 4.84081
4.88 -6.38544 -6.384 4.85088
4.89 -6.39901 -6.39757 4.86095
4.9 -6.41258 -6.41113 4.87101
4.91 -6.42615 -6.42469 4.88107
4.92 -6.43971 -6.43825 4.89113
4.93 -6.45327 -6.45181 4.90119
4.94 -6.46683 -6.46536 4.91124
4.95 -6.48039 -6.4789 4.9213
4.96 -6.49394 -6.49245 4.93135
4.97 -6.50749 -6.50599 4.9414
4.98 -6.52103 -6.51953 4.95145
4.99 -6.53457 -6.53307 4.9615
5 -6.54812 -6.54661 4.97155
5.01 -6.56166 -6.56014 4.98159
5.02 -6.5752 -6.57367 4.99164
5.03 -6.58873 -6.58721 5.00169
5.04 -6.60227 -6.60074 5.01173
5.05 -6.61581 -6.61427 5.02178
5.06 -6.62934 -6.6278 5.03182
5.07 -6.64288 -6.64133 5.04187
5.08 -6.65641 -6.65485 5.05191
5.09 -6.66995 -6.66838 5.06196
5.1 -6.68348 -6.68191 5.07201
5.11 -6.69702 -6.69544 5.08205
5.12 -6.71055 -6.70897 5.0921
5.13 -6.72409 -6.7225 5.10215
5.14 -6.73762 -6.73603 5.1122
5.15 -6.75116 -6.74956 5.12225
5.16 -6.76469 -6.76309 5.1323
5.17 -6.77823 -6.77662 5.14235
5.18 -6.79177 -6.79015 5.15241
5.19 -6.8053 -6.80368 5.16246
5.2 -6.81884 -6.81721 5.17251
5.21 -6.83237 -6.83074 5.18256
5.22 -6.84591 -6.84427 5.19261
5.23 -6.85944 -6.8578 5.20267
5.24 -6.87297 -6.87132 5.21272
5.25 -6.88651 -6.88485 5.22277
5.26 -6.90004 -6.89837 5.23282
5.27 -6.91357 -6.9119 5.24287
5.28 -6.92709 -6.92542 5.25292
5.29 -6.94062 -6.93894 5.26297
5.3 -6.95415 -6.95246 5.27302
5.31 -6.96767 -6.96598 5.28307
5.32 -6.98119 -6.97949 5.29312
5.33 -6.99471 -6.99301 5.30316
5.34 -7.00823 -7.00652 5.31321
5.35 -7.02175 -7.02003 5.32326
5.36 -7.03527 -7.03354 5.3333
5.37 -7.04878 -7.04705 5.34335
5.38 -7.0623 -7.06056 5.35339
5.39 -7.07581 -7.07407 5.36344
5.4 -7.08932 -7.08757 5.37348
5.41 -7.10283 -7.10108 5.38352
5.42 -7.11634 -7.11458 5.39357
5.43 -7.12985 -7.12808 5.40361
5.44 -7.14336 -7.14159 5.41365
5.45 -7.15687 -7.15509 5.4237
5.46 -7.17037 -7.16859 5.43374
5.47 -7.18388 -7.18209 5.44378
5.48 -7.19739 -7.19559 5.45382
5.49 -7.21089 -7.20909 5.46387
5.5 -7.2244 -7.22258 5.47391
5.51 -7.2379 -7.23608 5.48395
5.52 -7.2514 -7.24958 5.49399
5.53 -7.26491 -7.26308 5.50404
5.54 -7.27841 -7.27657 5.51408
5.55 -7.29191 -7.29007 5.52412
5.56 -7.30541 -7.30356 5.53417
5.57 -7.31891 -7.31706 5.54421
5.58 -7.33241 -7.33055 5.55425
5.59 -7.34591 -7.34404 5.56429
5.6 -7.35941 -7.35754 5.57434
5.61 -7.37291 -7.37103 5.58438
5.62 -7.38641 -7.38452 5.59442
5.63 -7.3999 -7.39801 5.60446
5.64 -7.4134 -7.4115 5.61451
5.65 -7.42689 -7.42499 5.62455
5.66 -7.44039 -7.43848 5.63459
5.67 -7.45388 -7.45196 5.64463
5.68 -7.46737 -7.46545 5.65467
5.69 -7.48087 -7.47893 5.66471
5.7 -7.49436 -7.49242 5.67476
5.71 -7.50785 -7.5059 5.6848
5.72 -7.52133 -7.51938 5.69484
5.73 -7.53482 -7.53286 5.70488
5.74 -7.54831 -7.54634 5.71492
5.75 -7.5618 -7.55982 5.72496
5.76 -7.57528 -7.5733 5.735
5.77 -7.58876 -7.58678 5.74503
5.78 -7.60225 -7.60026 5.75507
5.79 -7.61573 -7.61373 5.76511
5.8 -7.62921 -7.62721 5.77515
5.81 -7.64269 -7.64068 5.78519
5.82 -7.65617 -7.65416 5.79523
5.83 -7.66965 -7.66763 5.80526
5.84 -7.68313 -7.6811 5.8153
5.85 -7.69661 -7.69457 5.82534
5.86 -7.71009 -7.70804 5.83538
5.87 -7.72357 -7.72151 5.84542
5.88 -7.73704 -7.73498 5.85545
5.89 -7.75052 -7.74845 5.86549
5.9 -7.76399 -7.76192 5.87553
5.91 -7.77747 -7.77539 5.88557
5.92 -7.79094 -7.78886 5.8956
5.93 -7.80441 -7.80232 5.90564
5.94 -7.81789 -7.81579 5.91568
5.95 -7.83136 -7.82925 5.92572
5.96 -7.84483 -7.84272 5.93575
5.97 -7.8583 -7.85618 5.94579
5.98 -7.87177 -7.86965 5.95583
5.99 -7.88524 -7.88311 5.96586
6 -7.89871 -7.89657 5.9759
6.01 -7.91217 -7.91003 5.98594
6.02 -7.92564 -7.92349 5.99597
6.03 -7.93911 -7.93695 6.00601
6.04 -7.95257 -7.95041 6.01604
6.05 -7.96604 -7.96387 6.02608
6.06 -7.9795 -7.97732 6.03612
6.07 -7.99297 -7.99078 6.04615
6.08 -8.00643 -8.00424 6.05619
6.09 -8.01989 -8.01769 6.06622
6.1 -8.03335 -8.03115 6.07626
6.11 -8.04681 -8.0446 6.08629
6.12 -8.06027 -8.05805 6.09633
6.13 -8.07373 -8.0715 6.10636
6.14 -8.08719 -8.08496 6.1164
6.15 -8.10065 -8.09841 6.12643
6.16 -8.1141 -8.11186 6.13646
6.17 -8.12756 -8.12531 6.1465
6.18 -8.14101 -8.13876 6.15653
6.19 -8.15447 -8.1522 6.16657
6.2 -8.16792 -8.16565 6.1766
6.21 -8.18138 -8.1791 6.18663
6.22 -8.19483 -8.19254 6.19667
6.23 -8.20828 -8.20599 6.2067
6.24 -8.22173 -8.21943 6.21673
6.25 -8.23519 -8.23288 6.22677
6.26 -8.24864 -8.24632 6.2368
6.27 -8.26209 -8.25976 6.24683
6.28 -8.27554 -8.27321 6.25687
6.29 -8.28898 -8.28665 6.2669
6.3 -8.30243 -8.30009 6.27693
6.31 -8.31588 -8.31353 6.28697
6.32 -8.32933 -8.32697 6.297
6.33 -8.34277 -8.34041 6.30703
6.34 -8.35622 -8.35385 6.31706
6.35 -8.36966 -8.36728 6.3271
6.36 -8.38311 -8.38072 6.33713
6.37 -8.39655 -8.39416 6.34716
6.38 -8.40999 -8.40759 6.35719
6.39 -8.42343 -8.42103 6.36722
6.4 -8.43688 -8.43446 6.37726
6.41 -8.45032 -8.4479 6.38729
6.42 -8.46376 -8.46133 6.39732
6.43 -8.4772 -8.47476 6.40735
6.44 -8.49064 -8.48819 6.41738
6.45 -8.50407 -8.50163 6.42741
6.46 -8.51751 -8.51506 6.43745
6.47 -8.53095 -8.52849 6.44748
6.48 -8.54439 -8.54192 6.45751
6.49 -8.55782 -8.55534 6.46754
6.5 -8.57126 -8.56877 6.47757
6.51 -8.58469 -8.5822 6.4876
6.52 -8.59813 -8.59563 6.49763
6.53 -8.61156 -8.60905 6.50766
6.54 -8.62499 -8.62248 6.51769
6.55 -8.63842 -8.6359 6.52772
6.56 -8.65186 -8.64933 6.53775
6.57 -8.66529 -8.66275 6.54778
6.58 -8.67872 -8.67617 6.55781
6.59 -8.69215 -8.6896 6.56784
6.6 -8.70558 -8.70302 6.57787
6.61 -8.719 -8.71644 6.5879
6.62 -8.73243 -8.72986 6.59793
6.63 -8.74586 -8.74328 6.60796
6.64 -8.75929 -8.7567 6.61799
6.65 -8.77271 -8.77012 6.62802
6.66 -8.78614 -8.78354 6.63805
6.67 -8.79956 -8.79696 6.64808
6.68 -8.81299 -8.81037 6.65811
6.69 -8.82641 -8.82379 6.66814
6.7 -8.83984 -8.83721 6.67816
6.71 -8.85326 -8.85062 6.68819
6.72 -8.86668 -8.86404 6.69822
6.73 -8.8801 -8.87745 6.70825
6.74 -8.89352 -8.89086 6.71828
6.75 -8.90694 -8.90428 6.72831
6.76 -8.92036 -8.91769 6.73834
6.77 -8.93378 -8.9311 6.74837
6.78 -8.9472 -8.94451 6.75839
6.79 -8.96062 -8.95792 6.76842
6.8 -8.97404 -8.97133 6.77845
6.81 -8.98745 -8.98474 6.78848
6.82 -9.00087 -8.99815 6.79851
6.83 -9.01429 -9.01156 6.80853
6.84 -9.0277 -9.02497 6.81856
6.85 -9.04112 -9.03837 6.82859
6.86 -9.05453 -9.05178 6.83862
6.87 -9.06794 -9.06519 6.84864
6.88 -9.08136 -9.07859 6.85867
6.89 -9.09477 -9.092 6.8687
6.9 -9.10818 -9.1054 6.87873
6.91 -9.12159 -9.11881 6.88875
6.92 -9.135 -9.13221 6.89878
6.93 -9.14841 -9.14561 6.90881
6.94 -9.16182 -9.15901 6.91883
6.95 -9.17523 -9.17242 6.92886
6.96 -9.18864 -9.18582 6.93889
6.97 -9.20205 -9.19922 6.94891
6.98 -9.21546 -9.21262 6.95894
6.99 -9.22886 -9.22602 6.96897
7 -9.24227 -9.23941 6.97899
7.01 -9.25567 -9.25281 6.98902
7.02 -9.26908 -9.26621 6.99905
7.03 -9.28248 -9.27961 7.00907
7.04 -9.29589 -9.293 7.0191
7.05 -9.30929 -9.3064 7.02913
7.06 -9.3227 -9.3198 7.03915
7.07 -9.3361 -9.33319 7.04918
7.08 -9.3495 -9.34659 7.0592
7.09 -9.3629 -9.35998 7.06923
7.1 -9.3763 -9.37337 7.07925
7.11 -9.3897 -9.38676 7.08928
7.12 -9.4031 -9.40016 7.09931
7.13 -9.4165 -9.41355 7.10933
7.14 -9.4299 -9.42694 7.11936
7.15 -9.4433 -9.44033 7.12938
7.16 -9.4567 -9.45372 7.13941
7.17 -9.47009 -9.46711 7.14943
7.18 -9.48349 -9.4805 7.15946
7.19 -9.49689 -9.49389 7.16948
7.2 -9.51028 -9.50728 7.17951
7.21 -9.52368 -9.52066 7.18953
7.22 -9.53707 -9.53405 7.19956
7.23 -9.55047 -9.54744 7.20958
7.24 -9.56386 -9.56082 7.21961
7.25 -9.57725 -9.57421 7.22963
7.26 -9.59065 -9.58759 7.23966
7.27 -9.60404 -9.60098 7.24968
7.28 -9.61743 -9.61436 7.25971
7.29 -9.63082 -9.62774 7.26973
7.3 -9.64421 -9.64113 7.27975
7.31 -9.6576 -9.65451 7.28978
7.32 -9.67099 -9.66789 7.2998
7.33 -9.68438 -9.68127 7.30983
7.34 -9.69777 -9.69465 7.31985
7.35 -9.71116 -9.70803 7.32987
7.36 -9.72454 -9.72141 7.3399
7.37 -9.73793 -9.73479 7.34992
7.38 -9.75132 -9.74817 7.35995
7.39 -9.7647 -9.76155 7.36997
7.4 -9.77809 -9.77492 7.37999
7.41 -9.79147 -9.7883 7.39002
7.42 -9.80486 -9.80168 7.40004
7.43 -9.81824 -9.81505 7.41006
7.44 -9.83163 -9.82843 7.42009
7.45 -9.84501 -9.8418 7.43011
7.46 -9.85839 -9.85518 7.44013
7.47 -9.87177 -9.86855 7.45016
7.48 -9.88515 -9.88193 7.46018
7.49 -9.89854 -9.8953 7.4702
7.5 -9.91192 -9.90867 7.48023
7.51 -9.9253 -9.92204 7.49025
7.52 -9.93868 -9.93542 7.50027
7.53 -9.95206 -9.94879 7.5103
7.54 -9.96543 -9.96216 7.52032
7.55 -9.97881 -9.97553 7.53034
7.56 -9.99219 -9.9889 7.54036
7.57 -10.0056 -10.0023 7.55039
7.58 -10.0189 -10.0156 7.56041
7.59 -10.0323 -10.029 7.57043
7.6 -10.0457 -10.0424 7.58045
7.61 -10.0591 -10.0557 7.59048
7.62 -10.0724 -10.0691 7.6005
7.63 -10.0858 -10.0825 7.61052
7.64 -10.0992 -10.0958 7.62054
7.65 -10.1126 -10.1092 7.63057
7.66 -10.1259 -10.1226 7.64059
7.67 -10.1393 -10.1359 7.65061
7.68 -10.1527 -10.1493 7.66063
7.69 -10.1661 -10.1627 7.67065
7.7 -10.1794 -10.176 7.68068
7.71 -10.1928 -10.1894 7.6907
7.72 -10.2062 -10.2027 7.70072
7.73 -10.2195 -10.2161 7.71074
7.74 -10.2329 -10.2295 7.72076
7.75 -10.2463 -10.2428 7.73078
7.76 -10.2596 -10.2562 7.74081
7.77 -10.273 -10.2695 7.75083
7.78 -10.2864 -10.2829 7.76085
7.79 -10.2997 -10.2963 7.77087
7.8 -10.3131 -10.3096 7.78089
7.81 -10.3265 -10.323 7.79091
7.82 -10.3398 -10.3363 7.80093
7.83 -10.3532 -10.3497 7.81095
7.84 -10.3666 -10.363 7.82098
7.85 -10.3799 -10.3764 7.831
7.86 -10.3933 -10.3898 7.84102
7.87 -10.4067 -10.4031 7.85104
7.88 -10.42 -10.4165 7.86106
7.89 -10.4334 -10.4298 7.87108
7.9 -10.4467 -10.4432 7.8811
7.91 -10.4601 -10.4565 7.89112
7.92 -10.4735 -10.4699 7.90114
7.93 -10.4868 -10.4832 7.91116
7.94 -10.5002 -10.4966 7.92118
7.95 -10.5135 -10.5099 7.9312
7.96 -10.5269 -10.5233 7.94122
7.97 -10.5403 -10.5366 7.95124
7.98 -10.5536 -10.55 7.96127
7.99 -10.567 -10.5633 7.97129
8 -10.5803 -10.5767 7.98131
8.01 -10.5937 -10.59 7.99133
8.02 -10.6071 -10.6034 8.00135
8.03 -10.6204 -10.6167 8.01137
8.04 -10.6338 -10.6301 8.02139
8.05 -10.6471 -10.6434 8.03141
8.06 -10.6605 -10.6568 8.04143
8.07 -10.6738 -10.6701 8.05145
8.08 -10.6872 -10.6835 8.06147
8.09 -10.7005 -10.6968 8.07149
8.1 -10.7139 -10.7101 8.08151
8.11 -10.7272 -10.7235 8.09153
8.12 -10.7406 -10.7368 8.10154
8.13 -10.7539 -10.7502 8.11156
8.14 -10.7673 -10.7635 8.12158
8.15 -10.7806 -10.7769 8.1316
8.16 -10.794 -10.7902 8.14162
8.17 -10.8073 -10.8035 8.15164
8.18 -10.8207 -10.8169 8.16166
8.19 -10.834 -10.8302 8.17168
8.2 -10.8474 -10.8436 8.1817
8.21 -10.8607 -10.8569 8.19172
8.22 -10.8741 -10.8702 8.20174
8.23 -10.8874 -10.8836 8.21176
8.24 -10.9008 -10.8969 8.22178
8.25 -10.9141 -10.9103 8.2318
8.26 -10.9275 -10.9236 8.24182
8.27 -10.9408 -10.9369 8.25183
8.28 -10.9542 -10.9503 8.26185
8.29 -10.9675 -10.9636 8.27187
8.3 -10.9809 -10.9769 8.28189
8.31 -10.9942 -10.9903 8.29191
8.32 -11.0075 -11.0036 8.30193
8.33 -11.0209 -11.0169 8.31195
8.34 -11.0342 -11.0303 8.32197
8.35 -11.0476 -11.0436 8.33198
8.36 -11.0609 -11.0569 8.342
8.37 -11.0743 -11.0703 8.35202
8.38 -11.0876 -11.0836 8.36204
8.39 -11.1009 -11.0969 8.37206
8.4 -11.1143 -11.1103 8.38208
8.41 -11.1276 -11.1236 8.39209
8.42 -11.141 -11.1369 8.40211
8.43 -11.1543 -11.1503 8.41213
8.44 -11.1676 -11.1636 8.42215
8.45 -11.181 -11.1769 8.43217
8.46 -11.1943 -11.1902 8.44219
8.47 -11.2076 -11.2036 8.4522
8.48 -11.221 -11.2169 8.46222
8.49 -11.2343 -11.2302 8.47224
8.5 -11.2477 -11.2436 8.48226
8.51 -11.261 -11.2569 8.49228
8.52 -11.2743 -11.2702 8.50229
8.53 -11.2877 -11.2835 8.51231
8.54 -11.301 -11.2969 8.52233
8.55 -11.3143 -11.3102 8.53235
8.56 -11.3277 -11.3235 8.54236
8.57 -11.341 -11.3368 8.55238
8.58 -11.3543 -11.3502 8.5624
8.59 -11.3677 -11.3635 8.57242
8.6 -11.381 -11.3768 8.58244
8.61 -11.3943 -11.3901 8.59245
8.62 -11.4077 -11.4035 8.60247
8.63 -11.421 -11.4168 8.61249
8.64 -11.4343 -11.4301 8.62251
8.65 -11.4476 -11.4434 8.63252
8.66 -11.461 -11.4567 8.64254
8.67 -11.4743 -11.4701 8.65256
8.68 -11.4876 -11.4834 8.66257
8.69 -11.501 -11.4967 8.67259
8.7 -11.5143 -11.51 8.68261
8.71 -11.5276 -11.5233 8.69263
8.72 -11.5409 -11.5367 8.70264
8.73 -11.5543 -11.55 8.71266
8.74 -11.5676 -11.5633 8.72268
8.75 -11.5809 -11.5766 8.73269
8.76 -11.5943 -11.5899 8.74271
8.77 -11.6076 -11.6032 8.75273
8.78 -11.6209 -11.6166 8.76274
8.79 -11.6342 -11.6299 8.77276
8.8 -11.6476 -11.6432 8.78278
8.81 -11.6609 -11.6565 8.79279
8.82 -11.6742 -11.6698 8.80281
8.83 -11.6875 -11.6831 8.81283
8.84 -11.7008 -11.6964 8.82284
8.85 -11.7142 -11.7098 8.83286
8.86 -11.7275 -11.7231 8.84288
8.87 -11.7408 -11.7364 8.85289
8.88 -11.7541 -11.7497 8.86291
8.89 -11.7675 -11.763 8.87293
8.9 -11.7808 -11.7763 8.88294
8.91 -11.7941 -11.7896 8.89296
8.92 -11.8074 -11.8029 8.90298
8.93 -11.8207 -11.8162 8.91299
8.94 -11.834 -11.8296 8.92301
8.95 -11.8474 -11.8429 8.93303
8.96 -11.8607 -11.8562 8.94304
8.97 -11.874 -11.8695 8.95306
8.98 -11.8873 -11.8828 8.96307
8.99 -11.9006 -11.8961 8.97309
9 -11.914 -11.9094 8.98311
9.01 -11.9273 -11.9227 8.99312
9.02 -11.9406 -11.936 9.00314
9.03 -11.9539 -11.9493 9.01315
9.04 -11.9672 -11.9626 9.02317
9.05 -11.9805 -11.9759 9.03319
9.06 -11.9938 -11.9892 9.0432
9.07 -12.0072 -12.0025 9.05322
9.08 -12.0205 -12.0158 9.06323
9.09 -12.0338 -12.0292 9.07325
9.1 -12.0471 -12.0425 9.08326
9.11 -12.0604 -12.0558 9.09328
9.12 -12.0737 -12.0691 9.1033
9.13 -12.087 -12.0824 9.11331
9.14 -12.1003 -12.0957 9.12333
9.15 -12.1137 -12.109 9.13334
9.16 -12.127 -12.1223 9.14336
9.17 -12.1403 -12.1356 9.15337
9.18 -12.1536 -12.1489 9.16339
9.19 -12.1669 -12.1622 9.1734
9.2 -12.1802 -12.1755 9.18342
9.21 -12.1935 -12.1888 9.19344
9.22 -12.2068 -12.2021 9.20345
9.23 -12.2201 -12.2154 9.21347
9.24 -12.2334 -12.2287 9.22348
9.25 -12.2468 -12.242 9.2335
9.26 -12.2601 -12.2553 9.24351
9.27 -12.2734 -12.2686 9.25353
9.28 -12.2867 -12.2819 9.26354
9.29 -12.3 -12.2952 9.27356
9.3 -12.3133 -12.3085 9.28357
9.31 -12.3266 -12.3217 9.29359
9.32 -12.3399 -12.335 9.3036
9.33 -12.3532 -12.3483 9.31362
9.34 -12.3665 -12.3616 9.32363
9.35 -12.3798 -12.3749 9.33365
9.36 -12.3931 -12.3882 9.34366
9.37 -12.4064 -12.4015 9.35368
9.38 -12.4197 -12.4148 9.36369
9.39 -12.433 -12.4281 9.37371
9.4 -12.4463 -12.4414 9.38372
9.41 -12.4596 -12.4547 9.39374
9.42 -12.4729 -12.468 9.40375
9.43 -12.4862 -12.4813 9.41376
9.44 -12.4995 -12.4946 9.42378
9.45 -12.5128 -12.5078 9.43379
9.46 -12.5261 -12.5211 9.44381
9.47 -12.5394 -12.5344 9.45382
9.48 -12.5527 -12.5477 9.46384
9.49 -12.566 -12.561 9.47385
9.5 -12.5793 -12.5743 9.48387
9.51 -12.5926 -12.5876 9.49388
9.52 -12.6059 -12.6009 9.5039
9.53 -12.6192 -12.6142 9.51391
9.54 -12.6325 -12.6275 9.52392
9.55 -12.6458 -12.6407 9.53394
9.56 -12.6591 -12.654 9.54395
9.57 -12.6724 -12.6673 9.55397
9.58 -12.6857 -12.6806 9.56398
9.59 -12.699 -12.6939 9.574
9.6 -12.7123 -12.7072 9.58401
9.61 -12.7256 -12.7205 9.59402
9.62 -12.7389 -12.7337 9.60404
9.63 -12.7522 -12.747 9.61405
9.64 -12.7655 -12.7603 9.62407
9.65 -12.7788 -12.7736 9.63408
9.66 -12.7921 -12.7869 9.64409
9.67 -12.8054 -12.8002 9.65411
9.68 -12.8186 -12.8134 9.66412
9.69 -12.8319 -12.8267 9.67414
9.7 -12.8452 -12.84 9.68415
9.71 -12.8585 -12.8533 9.69416
9.72 -12.8718 -12.8666 9.70418
9.73 -12.8851 -12.8798 9.71419
9.74 -12.8984 -12.8931 9.7242
9.75 -12.9117 -12.9064 9.73422
9.76 -12.925 -12.9197 9.74423
9.77 -12.9383 -12.933 9.75425
9.78 -12.9516 -12.9462 9.76426
9.79 -12.9648 -12.9595 9.77427
9.8 -12.9781 -12.9728 9.78429
9.81 -12.9914 -12.9861 9.7943
9.82 -13.0047 -12.9994 9.80431
9.83 -13.018 -13.0126 9.81433
9.84 -13.0313 -13.0259 9.82434
9.85 -13.0446 -13.0392 9.83435
9.86 -13.0579 -13.0525 9.84437
9.87 -13.0711 -13.0657 9.85438
9.88 -13.0844 -13.079 9.86439
9.89 -13.0977 -13.0923 9.87441
9.9 -13.111 -13.1056 9.88442
9.91 -13.1243 -13.1188 9.89443
9.92 -13.1376 -13.1321 9.90445
9.93 -13.1509 -13.1454 9.91446
9.94 -13.1641 -13.1587 9.92447
9.95 -13.1774 -13.1719 9.93449
9.96 -13.1907 -13.1852 9.9445
9.97 -13.204 -13.1985 9.95451
9.98 -13.2173 -13.2118 9.96453
9.99 -13.2306 -13.225 9.97454
10 -13.2438 -13.2383 9.98455
10.01 -13.2571 -13.2516 9.99457
10.02 -13.2704 -13.2649 10.0046
10.03 -13.2837 -13.2781 10.0146
10.04 -13.297 -13.2914 10.0246
10.05 -13.3103 -13.3047 10.0346
10.06 -13.3235 -13.3179 10.0446
10.07 -13.3368 -13.3312 10.0546
10.08 -13.3501 -13.3445 10.0646
10.09 -13.3634 -13.3578 10.0743
10.1 -13.3767 -13.3711 10.084
10.11 -13.3901 -13.3844 10.0937
10.12 -13.4035 -13.3978 10.1035
10.13 -13.417 -13.4113 10.1133
10.14 -13.4305 -13.4249 10.1231
10.15 -13.4442 -13.4385 10.1331
10.16 -13.4579 -13.4522 10.143
10.17 -13.4716 -13.4659 10.1531
10.18 -13.4855 -13.4798 10.1631
10.19 -13.4994 -13.4936 10.1733
10.2 -13.5133 -13.5076 10.1834
10.21 -13.5273 -13.5216 10.1936
10.22 -13.5413 -13.5356 10.2038
10.23 -13.5553 -13.5496 10.214
10.24 -13.5694 -13.5636 10.2242
10.25 -13.5834 -13.5776 10.2344
10.26 -13.5973 -13.5915 10.2445
10.27 -13.6113 -13.6055 10.2547
10.28 -13.6252 -13.6194 10.2648
10.29 -13.6391 -13.6332 10.2749
10.3 -13.6529 -13.647 10.285
10.31 -13.6666 -13.6608 10.295
10.32 -13.6804 -13.6745 10.305
10.33 -13.6941 -13.6882 10.315
10.34 -13.7077 -13.7018 10.3249
10.35 -13.7214 -13.7155 10.3348
10.36 -13.735 -13.7291 10.3447
10.37 -13.7486 -13.7426 10.3546
10.38 -13.7622 -13.7562 10.3645
10.39 -13.7758 -13.7698 10.3744
10.4 -13.7894 -13.7834 10.3843
10.41 -13.803 -13.797 10.3942
10.42 -13.8166 -13.8107 10.4042
10.43 -13.8303 -13.8243 10.4141
10.44 -13.844 -13.838 10.4241
10.45 -13.8577 -13.8517 10.4341
10.46 -13.8715 -13.8655 10.4441
10.47 -13.8852 -13.8792 10.4541
10.48 -13.899 -13.893 10.4641
10.49 -13.9129 -13.9068 10.4742
10.5 -13.9267 -13.9206 10.4843
10.51 -13.9405 -13.9344 10.4943
10.52 -13.9544 -13.9483 10.5044
10.53 -13.9682 -13.9621 10.5145
10.54 -13.982 -13.9759 10.5246
10.55 -13.9959 -13.9898 10.5346
10.56 -14.0097 -14.0036 10.5447
10.57 -14.0235 -14.0174 10.5548
10.58 -14.0373 -14.0312 10.5648
10.59 -14.0511 -14.0449 10.5748
10.6 -14.0649 -14.0587 10.5848
10.61 -14.0786 -14.0724 10.5949
10.62 -14.0923 -14.0862 10.6049
10.63 -14.1061 -14.0999 10.6148
10.64 -14.1198 -14.1136 10.6248
10.65 -14.1335 -14.1273 10.6348
10.66 -14.1472 -14.141 10.6448
10.67 -14.1609 -14.1547 10.6547
10.68 -14.1746 -14.1683 10.6647
10.69 -14.1883 -14.182 10.6747
10.7 -14.202 -14.1957 10.6847
10.71 -14.2157 -14.2094 10.6946
10.72 -14.2294 -14.2231 10.7046
10.73 -14.2432 -14.2369 10.7146
10.74 -14.2569 -14.2506 10.7246
10.75 -14.2706 -14.2643 10.7346
10.76 -14.2844 -14.2781 10.7446
10.77 -14.2982 -14.2918 10.7547
10.78 -14.3119 -14.3056 10.7647
10.79 -14.3257 -14.3194 10.7747
10.8 -14.3395 -14.3331 10.7847
10.81 -14.3533 -14.3469 10.7948
10.82 -14.3671 -14.3607 10.8048
10.83 -14.3808 -14.3744 10.8148
10.84 -14.3946 -14.3882 10.8249
10.85 -14.4084 -14.402 10.8349
10.86 -14.4222 -14.4157 10.8449
10.87 -14.4359 -14.4295 10.8549
10.88 -14.4497 -14.4433 10.865
10.89 -14.4635 -14.457 10.875
10.9 -14.4772 -14.4707 10.885
10.91 -14.491 -14.4845 10.895
10.92 -14.5047 -14.4982 10.905
10.93 -14.5184 -14.5119 10.915
10.94 -14.5322 -14.5257 10.925
10.95 -14.5459 -14.5394 10.935
10.96 -14.5596 -14.5531 10.945
10.97 -14.5734 -14.5668 10.955
10.98 -14.5871 -14.5806 10.965
10.99 -14.6008 -14.5943 10.975
11 -14.6146 -14.608 10.985
11.01 -14.6283 -14.6217 10.995
11.02 -14.6421 -14.6355 11.005
11.03 -14.6558 -14.6492 11.015
11.04 -14.6695 -14.6629 11.025
11.05 -14.6833 -14.6767 11.035
11.06 -14.6971 -14.6904 11.045
11.07 -14.7108 -14.7042 11.055
11.08 -14.7246 -14.7179 11.065
11.09 -14.7383 -14.7317 11.075
11.1 -14.7521 -14.7454 11.0851
11.11 -14.7659 -14.7592 11.0951
11.12 -14.7796 -14.7729 11.1051
11.13 -14.7934 -14.7867 11.1151
11.14 -14.8071 -14.8004 11.1251
11.15 -14.8209 -14.8142 11.1351
11.16 -14.8347 -14.8279 11.1452
11.17 -14.8484 -14.8417 11.1552
11.18 -14.8622 -14.8554 11.1652
11.19 -14.8759 -14.8692 11.1752
11.2 -14.8897 -14.8829 11.1852
11.21 -14.9034 -14.8966 11.1952
11.22 -14.9172 -14.9104 11.2052
11.23 -14.9309 -14.9241 11.2152
11.24 -14.9446 -14.9378 11.2252
11.25 -14.9584 -14.9516 11.2352
11.26 -14.9721 -14.9653 11.2452
11.27 -14.9859 -14.979 11.2552
11.28 -14.9996 -14.9928 11.2652
11.29 -15.0134 -15.0065 11.2752
11.3 -15.0271 -15.0202 11.2852
11.31 -15.0409 -15.034 11.2953
11.32 -15.0546 -15.0477 11.3053
11.33 -15.0684 -15.0615 11.3153
11.34 -15.0821 -15.0752 11.3253
11.35 -15.0959 -15.0889 11.3353
11.36 -15.1096 -15.1027 11.3453
11.37 -15.1234 -15.1164 11.3553
11.38 -15.1371 -15.1302 11.3653
11.39 -15.1509 -15.1439 11.3753
11.4 -15.1646 -15.1577 11.3853
11.41 -15.1784 -15.1714 11.3954
11.42 -15.1922 -15.1852 11.4054
11.43 -15.2059 -15.1989 11.4154
11.44 -15.2197 -15.2126 11.4254
11.45 -15.2334 -15.2264 11.4354
11.46 -15.2472 -15.2401 11.4454
11.47 -15.2609 -15.2539 11.4554
11.48 -15.2747 -15.2676 11.4654
11.49 -15.2884 -15.2813 11.4754
11.5 -15.3022 -15.2951 11.4854
11.51 -15.3159 -15.3088 11.4954
11.52 -15.3297 -15.3226 11.5055
11.53 -15.3434 -15.3363 11.5155
11.54 -15.3572 -15.35 11.5255
11.55 -15.3709 -15.3638 11.5355
11.56 -15.3847 -15.3775 11.5455
11.57 -15.3984 -15.3912 11.5555
11.58 -15.4121 -15.405 11.5655
11.59 -15.4259 -15.4187 11.5755
11.6 -15.4396 -15.4325 11.5855
11.61 -15.4534 -15.4462 11.5955
11.62 -15.4671 -15.4599 11.6055
11.63 -15.4809 -15.4737 11.6155
11.64 -15.4946 -15.4874 11.6255
11.65 -15.5084 -15.5012 11.6356
11.66 -15.5222 -15.5149 11.6456
11.67 -15.5359 -15.5286 11.6556
11.68 -15.5497 -15.5424 11.6656
11.69 -15.5634 -15.5561 11.6756
11.7 -15.5772 -15.5699 11.6856
11.71 -15.5909 -15.5836 11.6956
11.72 -15.6047 -15.5974 11.7056
11.73 -15.6184 -15.6111 11.7156
11.74 -15.6322 -15.6248 11.7256
11.75 -15.6459 -15.6386 11.7356
11.76 -15.6597 -15.6523 11.7457
11.77 -15.6734 -15.6661 11.7557
11.78 -15.6872 -15.6798 11.7657
11.79 -15.7009 -15.6935 11.7757
11.8 -15.7147 -15.7073 11.7857
11.81 -15.7284 -15.721 11.7957
11.82 -15.7422 -15.7347 11.8057
11.83 -15.7559 -15.7485 11.8157
11.84 -15.7697 -15.7622 11.8257
11.85 -15.7834 -15.776 11.8357
11.86 -15.7972 -15.7897 11.8457
11.87 -15.8109 -15.8034 11.8557
11.88 -15.8247 -15.8172 11.8657
11.89 -15.8384 -15.8309 11.8758
11.9 -15.8522 -15.8447 11.8858
11.91 -15.8659 -15.8584 11.8958
11.92 -15.8797 -15.8721 11.9058
11.93 -15.8934 -15.8859 11.9158
11.94 -15.9072 -15.8996 11.9258
11.95 -15.9209 -15.9134 11.9358
11.96 -15.9347 -15.9271 11.9458
11.97 -15.9484 -15.9408 11.9558
11.98 -15.9622 -15.9546 11.9658
11.99 -15.9759 -15.9683 11.9758
12 -15.9897 -15.9821 11.9858
12.01 -16.0034 -15.9958 11.9959
12.02 -16.0172 -16.0095 12.0059
12.03 -16.0309 -16.0233 12.0159
12.04 -16.0447 -16.037 12.0259
12.05 -16.0584 -16.0508 12.0359
12.06 -16.0722 -16.0645 12.0459
12.07 -16.0859 -16.0782 12.0559
12.08 -16.0997 -16.092 12.0659
12.09 -16.1134 -16.1057 12.0759
12.1 -16.1272 -16.1194 12.0859
12.11 -16.1409 -16.1332 12.0959
12.12 -16.1547 -16.1469 12.1059
12.13 -16.1684 -16.1607 12.1159
12.14 -16.1822 -16.1744 12.126
12.15 -16.1959 -16.1881 12.136
12.16 -16.2097 -16.2019 12.146
12.17 -16.2234 -16.2156 12.156
12.18 -16.2372 -16.2294 12.166
12.19 -16.2509 -16.2431 12.176
12.2 -16.2646 -16.2568 12.186
12.21 -16.2784 -16.2706 12.196
12.22 -16.2921 -16.2843 12.206
12.23 -16.3059 -16.2981 12.216
12.24 -16.3196 -16.3118 12.226
12.25 -16.3334 -16.3255 12.236
12.26 -16.3471 -16.3393 12.246
12.27 -16.3609 -16.353 12.2561
12.28 -16.3746 -16.3667 12.2661
12.29 -16.3884 -16.3805 12.2761
12.3 -16.4021 -16.3942 12.2861
12.31 -16.4159 -16.408 12.2961
12.32 -16.4296 -16.4217 12.3061
12.33 -16.4434 -16.4354 12.3161
12.34 -16.4571 -16.4492 12.3261
12.35 -16.4709 -16.4629 12.3361
12.36 -16.4846 -16.4767 12.3461
12.37 -16.4984 -16.4904 12.3561
12.38 -16.5121 -16.5041 12.3661
12.39 -16.5259 -16.5179 12.3761
12.4 -16.5396 -16.5316 12.3862
12.41 -16.5534 -16.5453 12.3962
12.42 -16.5671 -16.5591 12.4062
12.43 -16.5809 -16.5728 12.4162
12.44 -16.5946 -16.5866 12.4262
12.45 -16.6084 -16.6003 12.4362
12.46 -16.6221 -16.614 12.4462
12.47 -16.6359 -16.6278 12.4562
12.48 -16.6496 -16.6415 12.4662
12.49 -16.6634 -16.6553 12.4762
12.5 -16.6771 -16.669 12.4862
12.51 -16.6909 -16.6827 12.4962
12.52 -16.7046 -16.6965 12.5062
12.53 -16.7184 -16.7102 12.5163
12.54 -16.7321 -16.7239 12.5263
12.55 -16.7459 -16.7377 12.5363
12.56 -16.7596 -16.7514 12.5463
12.57 -16.7734 -16.7652 12.5563
12.58 -16.7871 -16.7789 12.5663
12.59 -16.8009 -16.7926 12.5763
12.6 -16.8146 -16.8064 12.5863
12.61 -16.8284 -16.8201 12.5963
12.62 -16.8421 -16.8338 12.6063
12.63 -16.8559 -16.8476 12.6163
12.64 -16.8696 -16.8613 12.6263
12.65 -16.8834 -16.8751 12.6363
12.66 -16.8971 -16.8888 12.6463
12.67 -16.9109 -16.9025 12.6564
12.68 -16.9246 -16.9163 12.6664
12.69 -16.9384 -16.93 12.6764
12.7 -16.9521 -16.9438 12.6864
12.71 -16.9659 -16.9575 12.6964
12.72 -16.9796 -16.9712 12.7064
12.73 -16.9934 -16.985 12.7164
12.74 -17.0071 -16.9987 12.7264
12.75 -17.0209 -17.0124 12.7364
12.76 -17.0346 -17.0262 12.7464
12.77 -17.0484 -17.0399 12.7564
12.78 -17.0621 -17.0537 12.7664
12.79 -17.0759 -17.0674 12.7764
12.8 -17.0896 -17.0811 12.7864
12.81 -17.1034 -17.0949 12.7965
12.82 -17.1171 -17.1086 12.8065
12.83 -17.1308 -17.1223 12.8165
12.84 -17.1446 -17.1361 12.8265
12.85 -17.1583 -17.1498 12.8365
12.86 -17.1721 -17.1636 12.8465
12.87 -17.1858 -17.1773 12.8565
12.88 -17.1996 -17.191 12.8665
12.89 -17.2133 -17.2048 12.8765
12.9 -17.2271 -17.2185 12.8865
12.91 -17.2408 -17.2322 12.8965
12.92 -17.2546 -17.246 12.9065
12.93 -17.2683 -17.2597 12.9165
12.94 -17.2821 -17.2735 12.9265
12.95 -17.2958 -17.2872 12.9366
12.96 -17.3096 -17.3009 12.9466
12.97 -17.3233 -17.3147 12.9566
12.98 -17.3371 -17.3284 12.9666
12.99 -17.3508 -17.3421 12.9766
13 -17.3646 -17.3559 12.9866
13.01 -17.3783 -17.3696 12.9966
13.02 -17.3921 -17.3834 13.0066
13.03 -17.4058 -17.3971 13.0166
13.04 -17.4196 -17.4108 13.0266
13.05 -17.4333 -17.4246 13.0366
13.06 -17.4471 -17.4383 13.0466
13.07 -17.4608 -17.452 13.0566
13.08 -17.4746 -17.4658 13.0666
13.09 -17.4883 -17.4795 13.0767
13.1 -17.5021 -17.4933 13.0867
13.11 -17.5158 -17.507 13.0967
13.12 -17.5296 -17.5207 13.1067
13.13 -17.5433 -17.5345 13.1167
13.14 -17.5571 -17.5482 13.1267
13.15 -17.5708 -17.5619 13.1367
13.16 -17.5846 -17.5757 13.1467
13.17 -17.5983 -17.5894 13.1567
13.18 -17.6121 -17.6032 13.1667
13.19 -17.6258 -17.6169 13.1767
13.2 -17.6396 -17.6306 13.1867
13.21 -17.6533 -17.6444 13.1967
13.22 -17.667 -17.6581 13.2067
13.23 -17.6808 -17.6718 13.2167
13.24 -17.6945 -17.6856 13.2268
13.25 -17.7083 -17.6993 13.2368
13.26 -17.722 -17.7131 13.2468
13.27 -17.7358 -17.7268 13.2568
13.28 -17.7495 -17.7405 13.2668
13.29 -17.7633 -17.7543 13.2768
13.3 -17.777 -17.768 13.2868
13.31 -17.7908 -17.7817 13.2968
13.32 -17.8045 -17.7955 13.3068
13.33 -17.8183 -17.8092 13.3168
13.34 -17.832 -17.8229 13.3268
13.35 -17.8458 -17.8367 13.3368
13.36 -17.8595 -17.8504 13.3468
13.37 -17.8733 -17.8642 13.3568
13.38 -17.887 -17.8779 13.3669
13.39 -17.9008 -17.8916 13.3769
13.4 -17.9145 -17.9054 13.3869
13.41 -17.9283 -17.9191 13.3969
13.42 -17.942 -17.9328 13.4069
13.43 -17.9558 -17.9466 13.4169
13.44 -17.9695 -17.9603 13.4269
13.45 -17.9833 -17.9741 13.4369
13.46 -17.997 -17.9878 13.4469
13.47 -18.0108 -18.0015 13.4569
13.48 -18.0245 -18.0153 13.4669
13.49 -18.0383 -18.029 13.4769
13.5 -18.052 -18.0427 13.4869
13.51 -18.0657 -18.0565 13.4969
13.52 -18.0795 -18.0702 13.5069
13.53 -18.0932 -18.0839 13.5169
13.54 -18.107 -18.0977 13.527
13.55 -18.1207 -18.1114 13.537
13.56 -18.1345 -18.1252 13.547
13.57 -18.1482 -18.1389 13.557
13.58 -18.162 -18.1526 13.567
13.59 -18.1757 -18.1664 13.577
13.6 -18.1895 -18.1801 13.587
13.61 -18.2032 -18.1938 13.597
13.62 -18.217 -18.2076 13.607
13.63 -18.2307 -18.2213 13.617
13.64 -18.2445 -18.235 13.627
13.65 -18.2582 -18.2488 13.637
13.66 -18.272 -18.2625 13.647
13.67 -18.2857 -18.2763 13.657
13.68 -18.2995 -18.29 13.667
13.69 -18.3132 -18.3037 13.6771
13.7 -18.327 -18.3175 13.6871
13.71 -18.3407 -18.3312 13.6971
13.72 -18.3545 -18.3449 13.7071
13.73 -18.3682 -18.3587 13.7171
13.74 -18.382 -18.3724 13.7271
13.75 -18.3957 -18.3861 13.7371
13.76 -18.4095 -18.3999 13.7471
13.77 -18.4232 -18.4136 13.7571
13.78 -18.4369 -18.4274 13.7671
13.79 -18.4507 -18.4411 13.7771
13.8 -18.4644 -18.4548 13.7871
13.81 -18.4782 -18.4686 13.7971
13.82 -18.4919 -18.4823 13.8071
13.83 -18.5057 -18.496 13.8171
13.84 -18.5194 -18.5098 13.8271
13.85 -18.5332 -18.5235 13.8372
13.86 -18.5469 -18.5372 13.8472
13.87 -18.5607 -18.551 13.8572
13.88 -18.5744 -18.5647 13.8672
13.89 -18.5882 -18.5785 13.8772
13.9 -18.6019 -18.5922 13.8872
13.91 -18.6157 -18.6059 13.8972
13.92 -18.6294 -18.6197 13.9072
13.93 -18.6432 -18.6334 13.9172
13.94 -18.6569 -18.6471 13.9272
13.95 -18.6707 -18.6609 13.9372
13.96 -18.6844 -18.6746 13.9472
13.97 -18.6982 -18.6883 13.9572
13.98 -18.7119 -18.7021 13.9672
13.99 -18.7257 -18.7158 13.9772
14 -18.7394 -18.7296 13.9873
14.01 -18.7532 -18.7433 13.9973
14.02 -18.7669 -18.757 14.0073
14.03 -18.7806 -18.7708 14.0173
14.04 -18.7944 -18.7845 14.0273
14.05 -18.8081 -18.7982 14.0373
14.06 -18.8219 -18.812 14.0473
14.07 -18.8356 -18.8257 14.0573
14.08 -18.8494 -18.8394 14.0673
14.09 -18.8631 -18.8532 14.0773
14.1 -18.8769 -18.8669 14.0873
14.11 -18.8906 -18.8806 14.0973
14.12 -18.9044 -18.8944 14.1073
14.13 -18.9181 -18.9081 14.1173
14.14 -18.9319 -18.9219 14.1273
14.15 -18.9456 -18.9356 14.1373
14.16 -18.9594 -18.9493 14.1473
14.17 -18.9731 -18.9631 14.1574
14.18 -18.9869 -18.9768 14.1674
14.19 -19.0006 -18.9905 14.1774
14.2 -19.0144 -19.0043 14.1874
14.21 -19.0281 -19.018 14.1974
14.22 -19.0419 -19.0317 14.2074
14.23 -19.0556 -19.0455 14.2174
14.24 -19.0693 -19.0592 14.2274
14.25 -19.0831 -19.0729 14.2374
14.26 -19.0968 -19.0867 14.2474
14.27 -19.1106 -19.1004 14.2574
14.28 -19.1243 -19.1142 14.2674
14.29 -19.1381 -19.1279 14.2774
14.3 -19.1518 -19.1416 14.2874
14.31 -19.1656 -19.1554 14.2974
14.32 -19.1793 -19.1691 14.3074
14.33 -19.1931 -19.1828 14.3175
14.34 -19.2068 -19.1966 14.3275
14.35 -19.2206 -19.2103 14.3375
14.36 -19.2343 -19.224 14.3475
14.37 -19.2481 -19.2378 14.3575
14.38 -19.2618 -19.2515 14.3675
14.39 -19.2756 -19.2652 14.3775
14.4 -19.2893 -19.279 14.3875
14.41 -19.3031 -19.2927 14.3975
14.42 -19.3168 -19.3065 14.4075
14.43 -19.3306 -19.3202 14.4175
14.44 -19.3443 -19.3339 14.4275
14.45 -19.358 -19.3477 14.4375
14.46 -19.3718 -19.3614 14.4475
14.47 -19.3855 -19.3751 14.4575
14.48 -19.3993 -19.3889 14.4675
14.49 -19.413 -19.4026 14.4775
14.5 -19.4268 -19.4163 14.4876
14.51 -19.4405 -19.4301 14.4976
14.52 -19.4543 -19.4438 14.5076
14.53 -19.468 -19.4575 14.5176
14.54 -19.4818 -19.4713 14.5276
14.55 -19.4955 -19.485 14.5376
14.56 -19.5093 -19.4987 14.5476
14.57 -19.523 -19.5125 14.5576
14.58 -19.5368 -19.5262 14.5676
14.59 -19.5505 -19.54 14.5776
14.6 -19.5643 -19.5537 14.5876
14.61 -19.578 -19.5674 14.5976
14.62 -19.5918 -19.5812 14.6076
14.63 -19.6055 -19.5949 14.6176
14.64 -19.6192 -19.6086 14.6276
14.65 -19.633 -19.6224 14.6376
14.66 -19.6467 -19.6361 14.6476
14.67 -19.6605 -19.6498 14.6577
14.68 -19.6742 -19.6636 14.6677
14.69 -19.688 -19.6773 14.6777
14.7 -19.7017 -19.691 14.6877
14.71 -19.7155 -19.7048 14.6977
14.72 -19.7292 -19.7185 14.7077
14.73 -19.743 -19.7322 14.7177
14.74 -19.7567 -19.746 14.7277
14.75 -19.7705 -19.7597 14.7377
14.76 -19.7842 -19.7734 14.7477
14.77 -19.798 -19.7872 14.7577
14.78 -19.8117 -19.8009 14.7677
14.79 -19.8255 -19.8147 14.7777
14.8 -19.8392 -19.8284 14.7877
14.81 -19.853 -19.8421 14.7977
14.82 -19.8667 -19.8559 14.8077
14.83 -19.8804 -19.8696 14.8177
14.84 -19.8942 -19.8833 14.8277
14.85 -19.9079 -19.8971 14.8378
14.86 -19.9217 -19.9108 14.8478
14.87 -19.9354 -19.9245 14.8578
14.88 -19.9492 -19.9383 14.8678
14.89 -19.9629 -19.952 14.8778
14.9 -19.9767 -19.9657 14.8878
14.91 -19.9904 -19.9795 14.8978
14.92 -20.0042 -19.9932 14.9078
14.93 -20.0179 -20.0069 14.9178
14.94 -20.0317 -20.0207 14.9278
14.95 -20.0454 -20.0344 14.9378
14.96 -20.0592 -20.0481 14.9478
14.97 -20.0729 -20.0619 14.9578
14.98 -20.0867 -20.0756 14.9678
14.99 -20.1004 -20.0893 14.9778
15 -20.1141 -20.1031 14.9878
15.01 -20.1279 -20.1168 14.9978
15.02 -20.1416 -20.1306 15.0079
15.03 -20.1554 -20.1443 15.0179
15.04 -20.1691 -20.158 15.0279
15.05 -20.1829 -20.1718 15.0379
15.06 -20.1966 -20.1855 15.0479
15.07 -20.2104 -20.1992 15.0579
15.08 -20.2241 -20.213 15.0679
15.09 -20.2379 -20.2267 15.0779
15.1 -20.2516 -20.2404 15.0879
15.11 -20.2654 -20.2542 15.0979
15.12 -20.2791 -20.2679 15.1079
15.13 -20.2929 -20.2816 15.1179
15.14 -20.3066 -20.2954 15.1279
15.15 -20.3204 -20.3091 15.1379
15.16 -20.3341 -20.3228 15.1479
15.17 -20.3478 -20.3366 15.1579
15.18 -20.3616 -20.3503 15.1679
15.19 -20.3753 -20.364 15.1779
15.2 -20.3891 -20.3778 15.188
15.21 -20.4028 -20.3915 15.198
15.22 -20.4166 -20.4052 15.208
15.23 -20.4303 -20.419 15.218
15.24 -20.4441 -20.4327 15.228
15.25 -20.4578 -20.4464 15.238
15.26 -20.4716 -20.4602 15.248
15.27 -20.4853 -20.4739 15.258
15.28 -20.4991 -20.4876 15.268
15.29 -20.5128 -20.5014 15.278
15.3 -20.5266 -20.5151 15.288
15.31 -20.5403 -20.5289 15.298
15.32 -20.5541 -20.5426 15.308
15.33 -20.5678 -20.5563 15.318
15.34 -20.5815 -20.5701 15.328
15.35 -20.5953 -20.5838 15.338
15.36 -20.609 -20.5975 15.348
15.37 -20.6228 -20.6113 15.358
15.38 -20.6365 -20.625 15.368
15.39 -20.6503 -20.6387 15.3781
15.4 -20.664 -20.6525 15.3881
15.41 -20.6778 -20.6662 15.3981
15.42 -20.6915 -20.6799 15.4081
15.43 -20.7053 -20.6937 15.4181
15.44 -20.719 -20.7074 15.4281
15.45 -20.7328 -20.7211 15.4381
15.46 -20.7465 -20.7349 15.4481
15.47 -20.7603 -20.7486 15.4581
15.48 -20.774 -20.7623 15.4681
15.49 -20.7877 -20.7761 15.4781
15.5 -20.8015 -20.7898 15.4881
15.51 -20.8152 -20.8035 15.4981
15.52 -20.829 -20.8173 15.5081
15.53 -20.8427 -20.831 15.5181
15.54 -20.8565 -20.8447 15.5281
15.55 -20.8702 -20.8585 15.5381
15.56 -20.884 -20.8722 15.5481
15.57 -20.8977 -20.8859 15.5581
15.58 -20.9115 -20.8997 15.5682
15.59 -20.9252 -20.9134 15.5782
15.6 -20.939 -20.9271 15.5882
15.61 -20.9527 -20.9409 15.5982
15.62 -20.9665 -20.9546 15.6082
15.63 -20.9802 -20.9683 15.6182
15.64 -20.994 -20.9821 15.6282
15.65 -21.0077 -20.9958 15.6382
15.66 -21.0214 -21.0095 15.6482
15.67 -21.0352 -21.0233 15.6582
15.68 -21.0489 -21.037 15.6682
15.69 -21.0627 -21.0507 15.6782
15.7 -21.0764 -21.0645 15.6882
15.71 -21.0902 -21.0782 15.6982
15.72 -21.1039 -21.0919 15.7082
15.73 -21.1177 -21.1057 15.7182
15.74 -21.1314 -21.1194 15.7282
15.75 -21.1452 -21.1331 15.7382
15.76 -21.1589 -21.1469 15.7482
15.77 -21.1727 -21.1606 15.7583
15.78 -21.1864 -21.1744 15.7683
15.79 -21.2002 -21.1881 15.7783
15.8 -21.2139 -21.2018 15.7883
15.81 -21.2276 -21.2156 15.7983
15.82 -21.2414 -21.2293 15.8083
15.83 -21.2551 -21.243 15.8183
15.84 -21.2689 -21.2568 15.8283
15.85 -21.2826 -21.2705 15.8383
15.86 -21.2964 -21.2842 15.8483
15.87 -21.3101 -21.298 15.8583
15.88 -21.3239 -21.3117 15.8683
15.89 -21.3376 -21.3254 15.8783
15.9 -21.3514 -21.3392 15.8883
15.91 -21.3651 -21.3529 15.8983
15.92 -21.3789 -21.3666 15.9083
15.93 -21.3926 -21.3804 15.9183
15.94 -21.4064 -21.3941 15.9283
15.95 -21.4201 -21.4078 15.9383
15.96 -21.4338 -21.4216 15.9483
15.97 -21.4476 -21.4353 15.9584
15.98 -21.4613 -21.449 15.9684
15.99 -21.4751 -21.4628 15.9784
16 -21.4888 -21.4765 15.9884
16.01 -21.5026 -21.4902 15.9984
16.02 -21.5163 -21.504 16.0084
16.03 -21.5301 -21.5177 16.0184
16.04 -21.5438 -21.5314 16.0284
16.05 -21.5576 -21.5452 16.0384
16.06 -21.5713 -21.5589 16.0484
16.07 -21.5851 -21.5726 16.0584
16.08 -21.5988 -21.5864 16.0684
16.09 -21.6126 -21.6001 16.0784
16.1 -21.6263 -21.6138 16.0884
16.11 -21.64 -21.6276 16.0984
16.12 -21.6538 -21.6413 16.1084
16.13 -21.6675 -21.655 16.1184
16.14 -21.6813 -21.6688 16.1284
16.15 -21.695 -21.6825 16.1384
16.16 -21.7088 -21.6962 16.1484
16.17 -21.7225 -21.71 16.1585
16.18 -21.7363 -21.7237 16.1685
16.19 -21.75 -21.7374 16.1785
16.2 -21.7638 -21.7512 16.1885
16.21 -21.7775 -21.7649 16.1985
16.22 -21.7913 -21.7786 16.2085
16.23 -21.805 -21.7924 16.2185
16.24 -21.8187 -21.8061 16.2285
16.25 -21.8325 -21.8198 16.2385
16.26 -21.8462 -21.8336 16.2485
16.27 -21.86 -21.8473 16.2585
16.28 -21.8737 -21.861 16.2685
16.29 -21.8875 -21.8748 16.2785
16.3 -21.9012 -21.8885 16.2885
16.31 -21.915 -21.9022 16.2985
16.32 -21.9287 -21.916 16.3085
16.33 -21.9425 -21.9297 16.3185
16.34 -21.9562 -21.9434 16.3285
16.35 -21.97 -21.9572 16.3385
16.36 -21.9837 -21.9709 16.3485
16.37 -21.9975 -21.9846 16.3586
16.38 -22.0112 -21.9984 16.3686
16.39 -22.0249 -22.0121 16.3786
16.4 -22.0387 -22.0258 16.3886
16.41 -22.0524 -22.0396 16.3986
16.42 -22.0662 -22.0533 16.4086
16.43 -22.0799 -22.067 16.4186
16.44 -22.0937 -22.0808 16.4286
16.45 -22.1074 -22.0945 16.4386
16.46 -22.1212 -22.1082 16.4486
16.47 -22.1349 -22.122 16.4586
16.48 -22.1487 -22.1357 16.4686
16.49 -22.1624 -22.1494 16.4786
16.5 -22.1762 -22.1632 16.4886
16.51 -22.1899 -22.1769 16.4986
16.52 -22.2036 -22.1906 16.5086
16.53 -22.2174 -22.2044 16.5186
16.54 -22.2311 -22.2181 16.5286
16.55 -22.2449 -22.2318 16.5386
16.56 -22.2586 -22.2456 16.5486
16.57 -22.2724 -22.2593 16.5586
16.58 -22.2861 -22.273 16.5687
16.59 -22.2999 -22.2868 16.5787
16.6 -22.3136 -22.3005 16.5887
16.61 -22.3274 -22.3142 16.5987
16.62 -22.3411 -22.3279 16.6087
16.63 -22.3549 -22.3417 16.6187
16.64 -22.3686 -22.3554 16.6287
16.65 -22.3823 -22.3691 16.6387
16.66 -22.3961 -22.3829 16.6487
16.67 -22.4098 -22.3966 16.6587
16.68 -22.4236 -22.4103 16.6687
16.69 -22.4373 -22.4241 16.6787
16.7 -22.4511 -22.4378 16.6887
16.71 -22.4648 -22.4515 16.6987
16.72 -22.4786 -22.4653 16.7087
16.73 -22.4923 -22.479 16.7187
16.74 -22.5061 -22.4927 16.7287
16.75 -22.5198 -22.5065 16.7387
16.76 -22.5336 -22.5202 16.7487
16.77 -22.5473 -22.5339 16.7587
16.78 -22.561 -22.5477 16.7687
16.79 -22.5748 -22.5614 16.7788
16.8 -22.5885 -22.5751 16.7888
16.81 -22.6023 -22.5889 16.7988
16.82 -22.616 -22.6026 16.8088
16.83 -22.6298 -22.6163 16.8188
16.84 -22.6435 -22.6301 16.8288
16.85 -22.6573 -22.6438 16.8388
16.86 -22.671 -22.6575 16.8488
16.87 -22.6848 -22.6713 16.8588
16.88 -22.6985 -22.685 16.8688
16.89 -22.7123 -22.6987 16.8788
16.9 -22.726 -22.7125 16.8888
16.91 -22.7397 -22.7262 16.8988
16.92 -22.7535 -22.7399 16.9088
16.93 -22.7672 -22.7537 16.9188
16.94 -22.781 -22.7674 16.9288
16.95 -22.7947 -22.7811 16.9388
16.96 -22.8085 -22.7949 16.9488
16.97 -22.8222 -22.8086 16.9588
16.98 -22.836 -22.8223 16.9688
16.99 -22.8497 -22.8361 16.9788
17 -22.8635 -22.8498 16.9888
17.01 -22.8772 -22.8635 16.9989
17.02 -22.891 -22.8773 17.0089
17.03 -22.9047 -22.891 17.0189
17.04 -22.9184 -22.9047 17.0289
17.05 -22.9322 -22.9185 17.0389
17.06 -22.9459 -22.9322 17.0489
17.07 -22.9597 -22.9459 17.0589
17.08 -22.9734 -22.9597 17.0689
17.09 -22.9872 -22.9734 17.0789
17.1 -23.0009 -22.9871 17.0889
17.11 -23.0147 -23.0008 17.0989
17.12 -23.0284 -23.0146 17.1089
17.13 -23.0422 -23.0283 17.1189
17.14 -23.0559 -23.042 17.1289
17.15 -23.0697 -23.0558 17.1389
17.16 -23.0834 -23.0695 17.1489
17.17 -23.0971 -23.0832 17.1589
17.18 -23.1109 -23.097 17.1689
17.19 -23.1246 -23.1107 17.1789
17.2 -23.1384 -23.1244 17.1889
17.21 -23.1521 -23.1382 17.1989
17.22 -23.1659 -23.1519 17.2089
17.23 -23.1796 -23.1656 17.219
17.24 -23.1934 -23.1794 17.229
17.25 -23.2071 -23.1931 17.239
17.26 -23.2209 -23.2068 17.249
17.27 -23.2346 -23.2206 17.259
17.28 -23.2484 -23.2343 17.269
17.29 -23.2621 -23.248 17.279
17.3 -23.2758 -23.2618 17.289
17.31 -23.2896 -23.2755 17.299
17.32 -23.3033 -23.2892 17.309
17.33 -23.3171 -23.303 17.319
17.34 -23.3308 -23.3167 17.329
17.35 -23.3446 -23.3304 17.339
17.36 -23.3583 -23.3442 17.349
17.37 -23.3721 -23.3579 17.359
17.38 -23.3858 -23.3716 17.369
17.39 -23.3996 -23.3854 17.379
17.4 -23.4133 -23.3991 17.389
17.41 -23.4271 -23.4128 17.399
17.42 -23.4408 -23.4265 17.409
17.43 -23.4545 -23.4403 17.419
17.44 -23.4683 -23.454 17.429
17.45 -23.482 -23.4677 17.439
17.46 -23.4958 -23.4815 17.4491
17.47 -23.5095 -23.4952 17.4591
17.48 -23.5233 -23.5089 17.4691
17.49 -23.537 -23.5227 17.4791
17.5 -23.5508 -23.5364 17.4891
17.51 -23.5645 -23.5501 17.4991
17.52 -23.5783 -23.5639 17.5091
17.53 -23.592 -23.5776 17.5191
17.54 -23.6057 -23.5913 17.5291
17.55 -23.6195 -23.6051 17.5391
17.56 -23.6332 -23.6188 17.5491
17.57 -23.647 -23.6325 17.5591
17.58 -23.6607 -23.6463 17.5691
17.59 -23.6745 -23.66 17.5791
17.6 -23.6882 -23.6737 17.5891
17.61 -23.702 -23.6875 17.5991
17.62 -23.7157 -23.7012 17.6091
17.63 -23.7295 -23.7149 17.6191
17.64 -23.7432 -23.7287 17.6291
17.65 -23.757 -23.7424 17.6391
17.66 -23.7707 -23.7561 17.6491
17.67 -23.7844 -23.7698 17.6591
17.68 -23.7982 -23.7836 17.6691
17.69 -23.8119 -23.7973 17.6792
17.7 -23.8257 -23.811 17.6892
17.71 -23.8394 -23.8248 17.6992
17.72 -23.8532 -23.8385 17.7092
17.73 -23.8669 -23.8522 17.7192
17.74 -23.8807 -23.866 17.7292
17.75 -23.8944 -23.8797 17.7392
17.76 -23.9082 -23.8934 17.7492
17.77 -23.9219 -23.9072 17.7592
17.78 -23.9357 -23.9209 17.7692
17.79 -23.9494 -23.9346 17.7792
17.8 -23.9631 -23.9484 17.7892
17.81 -23.9769 -23.9621 17.7992
17.82 -23.9906 -23.9758 17.8092
17.83 -24.0044 -23.9896 17.8192
17.84 -24.0181 -24.0033 17.8292
17.85 -24.0319 -24.017 17.8392
17.86 -24.0456 -24.0308 17.8492
17.87 -24.0594 -24.0445 17.8592
17.88 -24.0731 -24.0582 17.8692
17.89 -24.0869 -24.0719 17.8792
17.9 -24.1006 -24.0857 17.8892
17.91 -24.1143 -24.0994 17.8992
17.92 -24.1281 -24.1131 17.9093
17.93 -24.1418 -24.1269 17.9193
17.94 -24.1556 -24.1406 17.9293
17.95 -24.1693 -24.1543 17.9393
17.96 -24.1831 -24.1681 17.9493
17.97 -24.1968 -24.1818 17.9593
17.98 -24.2106 -24.1955 17.9693
17.99 -24.2243 -24.2093 17.9793
18 -24.2381 -24.223 17.9893
18.01 -24.2518 -24.2367 17.9993
18.02 -24.2655 -24.2505 18.0093
18.03 -24.2793 -24.2642 18.0193
18.04 -24.293 -24.2779 18.0293
18.05 -24.3068 -24.2917 18.0393
18.06 -24.3205 -24.3054 18.0493
18.07 -24.3343 -24.3191 18.0593
18.08 -24.348 -24.3328 18.0693
18.09 -24.3618 -24.3466 18.0793
18.1 -24.3755 -24.3603 18.0893
18.11 -24.3893 -24.374 18.0993
18.12 -24.403 -24.3878 18.1093
18.13 -24.4168 -24.4015 18.1193
18.14 -24.4305 -24.4152 18.1293
18.15 -24.4442 -24.429 18.1393
18.16 -24.458 -24.4427 18.1494
18.17 -24.4717 -24.4564 18.1594
18.18 -24.4855 -24.4702 18.1694
18.19 -24.4992 -24.4839 18.1794
18.2 -24.513 -24.4976 18.1894
18.21 -24.5267 -24.5114 18.1994
18.22 -24.5405 -24.5251 18.2094
18.23 -24.5542 -24.5388 18.2194
18.24 -24.568 -24.5525 18.2294
18.25 -24.5817 -24.5663 18.2394
18.26 -24.5954 -24.58 18.2494
18.27 -24.6092 -24.5937 18.2594
18.28 -24.6229 -24.6075 18.2694
18.29 -24.6367 -24.6212 18.2794
18.3 -24.6504 -24.6349 18.2894
18.31 -24.6642 -24.6487 18.2994
18.32 -24.6779 -24.6624 18.3094
18.33 -24.6917 -24.6761 18.3194
18.34 -24.7054 -24.6899 18.3294
18.35 -24.7192 -24.7036 18.3394
18.36 -24.7329 -24.7173 18.3494
18.37 -24.7466 -24.7311 18.3594
18.38 -24.7604 -24.7448 18.3694
18.39 -24.7741 -24.7585 18.3794
18.4 -24.7879 -24.7722 18.3894
18.41 -24.8016 -24.786 18.3995
18.42 -24.8154 -24.7997 18.4095
18.43 -24.8291 -24.8134 18.4195
18.44 -24.8429 -24.8272 18.4295
18.45 -24.8566 -24.8409 18.4395
18.46 -24.8704 -24.8546 18.4495
18.47 -24.8841 -24.8684 18.4595
18.48 -24.8979 -24.8821 18.4695
18.49 -24.9116 -24.8958 18.4795
18.5 -24.9253 -24.9096 18.4895
18.51 -24.9391 -24.9233 18.4995
18.52 -24.9528 -24.937 18.5095
18.53 -24.9666 -24.9508 18.5195
18.54 -24.9803 -24.9645 18.5295
18.55 -24.9941 -24.9782 18.5395
18.56 -25.0078 -24.9919 18.5495
18.57 -25.0216 -25.0057 18.5595
18.58 -25.0353 -25.0194 18.5695
18.59 -25.0491 -25.0331 18.5795
18.6 -25.0628 -25.0469 18.5895
18.61 -25.0765 -25.0606 18.5995
18.62 -25.0903 -25.0743 18.6095
18.63 -25.104 -25.0881 18.6195
18.64 -25.1178 -25.1018 18.6295
18.65 -25.1315 -25.1155 18.6395
18.66 -25.1453 -25.1293 18.6496
18.67 -25.159 -25.143 18.6596
18.68 -25.1728 -25.1567 18.6696
18.69 -25.1865 -25.1705 18.6796
18.7 -25.2003 -25.1842 18.6896
18.71 -25.214 -25.1979 18.6996
18.72 -25.2277 -25.2116 18.7096
18.73 -25.2415 -25.2254 18.7196
18.74 -25.2552 -25.2391 18.7296
18.75 -25.269 -25.2528 18.7396
18.76 -25.2827 -25.2666 18.7496
18.77 -25.2965 -25.2803 18.7596
18.78 -25.3102 -25.294 18.7696
18.79 -25.324 -25.3078 18.7796
18.8 -25.3377 -25.3215 18.7896
18.81 -25.3515 -25.3352 18.7996
18.82 -25.3652 -25.349 18.8096
18.83 -25.3789 -25.3627 18.8196
18.84 -25.3927 -25.3764 18.8296
18.85 -25.4064 -25.3901 18.8396
18.86 -25.4202 -25.4039 18.8496
18.87 -25.4339 -25.4176 18.8596
18.88 -25.4477 -25.4313 18.8696
18.89 -25.4614 -25.4451 18.8796
18.9 -25.4752 -25.4588 18.8896
18.91 -25.4889 -25.4725 18.8996
18.92 -25.5027 -25.4863 18.9097
18.93 -25.5164 -25.5 18.9197
18.94 -25.5301 -25.5137 18.9297
18.95 -25.5439 -25.5275 18.9397
18.96 -25.5576 -25.5412 18.9497
18.97 -25.5714 -25.5549 18.9597
18.98 -25.5851 -25.5686 18.9697
18.99 -25.5989 -25.5824 18.9797
19 -25.6126 -25.5961 18.9897
19.01 -25.6264 -25.6098 18.9997
19.02 -25.6401 -25.6236 19.0097
19.03 -25.6539 -25.6373 19.0197
19.04 -25.6676 -25.651 19.0297
19.05 -25.6813 -25.6648 19.0397
19.06 -25.6951 -25.6785 19.0497
19.07 -25.7088 -25.6922 19.0597
19.08 -25.7226 -25.706 19.0697
19.09 -25.7363 -25.7197 19.0797
19.1 -25.7501 -25.7334 19.0897
19.11 -25.7638 -25.7471 19.0997
19.12 -25.7776 -25.7609 19.1097
19.13 -25.7913 -25.7746 19.1197
19.14 -25.8051 -25.7883 19.1297
19.15 -25.8188 -25.8021 19.1397
19.16 -25.8325 -25.8158 19.1497
19.17 -25.8463 -25.8295 19.1597
19.18 -25.86 -25.8433 19.1698
19.19 -25.8738 -25.857 19.1798
19.2 -25.8875 -25.8707 19.1898
19.21 -25.9013 -25.8845 19.1998
19.22 -25.915 -25.8982 19.2098
19.23 -25.9288 -25.9119 19.2198
19.24 -25.9425 -25.9256 19.2298
19.25 -25.9563 -25.9394 19.2398
19.26 -25.97 -25.9531 19.2498
19.27 -25.9837 -25.9668 19.2598
19.28 -25.9975 -25.9806 19.2698
19.29 -26.0112 -25.9943 19.2798
19.3 -26.025 -26.008 19.2898
19.31 -26.0387 -26.0218 19.2998
19.32 -26.0525 -26.0355 19.3098
19.33 -26.0662 -26.0492 19.3198
19.34 -26.08 -26.0629 19.3298
19.35 -26.0937 -26.0767 19.3398
19.36 -26.1075 -26.0904 19.3498
19.37 -26.1212 -26.1041 19.3598
19.38 -26.1349 -26.1179 19.3698
19.39 -26.1487 -26.1316 19.3798
19.4 -26.1624 -26.1453 19.3898
19.41 -26.1762 -26.1591 19.3998
19.42 -26.1899 -26.1728 19.4098
19.43 -26.2037 -26.1865 19.4198
19.44 -26.2174 -26.2003 19.4298
19.45 -26.2312 -26.214 19.4399
19.46 -26.2449 -26.2277 19.4499
19.47 -26.2587 -26.2414 19.4599
19.48 -26.2724 -26.2552 19.4699
19.49 -26.2861 -26.2689 19.4799
19.5 -26.2999 -26.2826 19.4899
19.51 -26.3136 -26.2964 19.4999
19.52 -26.3274 -26.3101 19.5099
19.53 -26.3411 -26.3238 19.5199
19.54 -26.3549 -26.3376 19.5299
19.55 -26.3686 -26.3513 19.5399
19.56 -26.3824 -26.365 19.5499
19.57 -26.3961 -26.3787 19.5599
19.58 -26.4099 -26.3925 19.5699
19.59 -26.4236 -26.4062 19.5799
19.6 -26.4373 -26.4199 19.5899
19.61 -26.4511 -26.4337 19.5999
19.62 -26.4648 -26.4474 19.6099
19.63 -26.4786 -26.4611 19.6199
19.64 -26.4923 -26.4749 19.6299
19.65 -26.5061 -26.4886 19.6399
19.66 -26.5198 -26.5023 19.6499
19.67 -26.5336 -26.516 19.6599
19.68 -26.5473 -26.5298 19.6699
19.69 -26.5611 -26.5435 19.6799
19.7 -26.5748 -26.5572 19.6899
19.71 -26.5885 -26.571 19.6999
19.72 -26.6023 -26.5847 19.7099
19.73 -26.616 -26.5984 19.72
19.74 -26.6298 -26.6122 19.73
19.75 -26.6435 -26.6259 19.74
19.76 -26.6573 -26.6396 19.75
19.77 -26.671 -26.6533 19.76
19.78 -26.6848 -26.6671 19.77
19.79 -26.6985 -26.6808 19.78
19.8 -26.7122 -26.6945 19.79
19.81 -26.726 -26.7083 19.8
19.82 -26.7397 -26.722 19.81
19.83 -26.7535 -26.7357 19.82
19.84 -26.7672 -26.7495 19.83
19.85 -26.781 -26.7632 19.84
19.86 -26.7947 -26.7769 19.85
19.87 -26.8085 -26.7906 19.86
19.88 -26.8222 -26.8044 19.87
19.89 -26.836 -26.8181 19.88
19.9 -26.8497 -26.8318 19.89
19.91 -26.8634 -26.8456 19.9
19.92 -26.8772 -26.8593 19.91
19.93 -26.8909 -26.873 19.92
19.94 -26.9047 -26.8868 19.93
19.95 -26.9184 -26.9005 19.94
19.96 -26.9322 -26.9142 19.95
19.97 -26.9459 -26.9279 19.96
19.98 -26.9597 -26.9417 19.97
19.99 -26.9734 -26.9554 19.98
20 -26.9872 -26.9691 19.99
