0.1 1.10184e-018 0 -0.117907
0.2 -3.66209e-017 0 -0.237449
0.3 2.96857e-017 0 -0.358698
0.4 -4.93919e-017 0 -0.481729
0.5 -6.29872e-017 0 -0.606622
0.6 -7.58876e-017 0 -0.733465
0.7 2.02105e-016 0 -0.862351
0.8 1.64157e-016 0 -0.993384
0.9 1.82804e-016 0 -1.12667
1 2.98425e-016 0 -1.26234
43.1678 0.4 0 -1.26555
83.3671 0.8 0 -1.26896
127.812 1.2 0 -1.27257
174.192 1.6 0 -1.27637
221.348 2 0 -1.28038
268.698 2.4 0 -1.2846
315.949 2.8 0 -1.28902
374.445 3.2 0 -1.29354
414.142 3.6 0 -1.29782
464.257 4 0 -1.30123
500.198 4.4 0 -1.30473
544.324 4.8 0 -1.30609
575.324 5.2 0 -1.30733
614.098 5.6 0 -1.30695
646.041 6 0 -1.30527
671.142 6.4 0 -1.30358
704.31 6.8 0 -1.30183
732.545 7.2 0 -1.29839
754.297 7.6 0 -1.29469
777.91 8 0 -1.29119
807.812 8.4 0 -1.28741
828.936 8.8 0 -1.28349
851.431 9.2 0 -1.27978
879.042 9.6 0 -1.27464
897.983 10 0 -1.26918
918.115 10.4 0 -1.26393
943.531 10.8 0 -1.25898
964.046 11.2 0 -1.25496
982.685 11.6 0 -1.2515
1000.73 12 0 -1.24835
1017.03 12.4 0 -1.24663
1031.45 12.8 0 -1.24596
1045.43 13.2 0 -1.24565
1058.91 13.6 0 -1.24579
1071.59 14 0 -1.24662
1078.12 14.4 0 -1.25101
1042.41 14.8 0 -1.29438
978.044 15.2 0 -1.37276
946.26 15.6 0 -1.42239
927.607 16 0 -1.45999
909.068 16.4 0 -1.50024
895.849 16.8 0 -1.53324
893.727 17.2 0 -1.55377
889.854 17.6 0 -1.57905
882.013 18 0 -1.61243
872.017 18.4 0 -1.64511
863.691 18.8 0 -1.67523
862.946 19.2 0 -1.69534
861.751 19.6 0 -1.71665
861.021 20 0 -1.73795
860.17 20.4 0 -1.75955
859.184 20.8 0 -1.78146
856.983 21.2 0 -1.80582
854.235 21.6 0 -1.83109
851.323 22 0 -1.85686
848.041 22.4 0 -1.88363
845.015 22.8 0 -1.91005
844.105 23.2 0 -1.93432
843.399 23.6 0 -1.95805
842.699 24 0 -1.98179
841.99 24.4 0 -2.00563
841.263 24.8 0 -2.02956
840.514 25.2 0 -2.05359
839.739 25.6 0 -2.07773
838.939 26 0 -2.10196
838.111 26.4 0 -2.1263
837.254 26.8 0 -2.15075
836.367 27.2 0 -2.17531
835.45 27.6 0 -2.19999
834.501 28 0 -2.22479
833.519 28.4 0 -2.24971
832.504 28.8 0 -2.27475
831.085 29.2 0 -2.30037
829.579 29.6 0 -2.32789
828.085 30 0 -2.35499
826.497 30.4 0 -2.38229
826.134 30.8 0 -2.40428
826.662 31.2 0 -2.42624
827.212 31.6 0 -2.44827
827.763 32 0 -2.47038
828.306 32.4 0 -2.49256
828.922 32.8 0 -2.51505
829.317 33.2 0 -2.53761
829.726 33.6 0 -2.56025
830.133 34 0 -2.58297
830.529 34.4 0 -2.60577
830.911 34.8 0 -2.62865
831.276 35.2 0 -2.65161
831.622 35.6 0 -2.67467
831.957 36 0 -2.69767
832.279 36.4 0 -2.72074
832.582 36.8 0 -2.7439
832.865 37.2 0 -2.76715
833.127 37.6 0 -2.79049
833.368 38 0 -2.81393
833.587 38.4 0 -2.83746
833.783 38.8 0 -2.8611
833.956 39.2 0 -2.88484
833.898 39.6 0 -2.91049
833.41 40 0 -2.93739
