17.0238 1 0 -1.81951
33.5696 2 0 -1.82881
50.9477 3 0 -1.83876
68.353 4 0 -1.84937
85.578 5 0 -1.86065
102.564 6 0 -1.87263
119.289 7 0 -1.88533
135.739 8 0 -1.89878
151.012 9 0 -1.90962
163.815 10 0 -1.91528
176.23 11 0 -1.92159
188.351 12 0 -1.92855
199.46 13 0 -1.93782
208.222 14 0 -1.95136
216.194 15 0 -1.9664
223.254 16 0 -1.98344
228.513 17 0 -2.00424
232.246 18 0 -2.02533
235.079 19 0 -2.04804
237.556 20 0 -2.0731
239.545 21 0 -2.10107
240.732 22 0 -2.13401
240.355 23 0 -2.17598
239.537 24 0 -2.22117
237.209 25 0 -2.2741
234.832 26 0 -2.32151
232.14 27 0 -2.3706
229.112 28 0 -2.42156
225.709 29 0 -2.47462
221.882 30 0 -2.53006
217.569 31 0 -2.58824
212.291 32 0 -2.65255
207.129 33 0 -2.72082
201.125 34 0 -2.78373
199.318 35 0 -2.82781
197.531 36 0 -2.87188
195.659 37 0 -2.91843
193.546 38 0 -2.96755
191.41 39 0 -3.01668
188.685 40 0 -3.06752
186.16 41 0 -3.12435
183.689 42 0 -3.18203
181.208 43 0 -3.24067
178.697 44 0 -3.30039
177.223 45 0 -3.34849
176.883 46 0 -3.39043
176.509 47 0 -3.43248
176.116 48 0 -3.47465
175.714 49 0 -3.51695
175.305 50 0 -3.55937
174.893 51 0 -3.60193
174.478 52 0 -3.64464
174.06 53 0 -3.68749
173.64 54 0 -3.7305
173.217 55 0 -3.77368
172.793 56 0 -3.81703
172.365 57 0 -3.86057
171.935 58 0 -3.9043
171.503 59 0 -3.94824
171.067 60 0 -3.9924
170.628 61 0 -4.0368
170.186 62 0 -4.08145
169.741 63 0 -4.12637
169.291 64 0 -4.17158
168.724 65 0 -4.2171
168.237 66 0 -4.26297
167.766 67 0 -4.30921
167.294 68 0 -4.35585
166.818 69 0 -4.40295
166.335 70 0 -4.45055
165.845 71 0 -4.49871
165.346 72 0 -4.54751
164.838 73 0 -4.59703
164.571 74 0 -4.63887
164.588 75 0 -4.67557
164.608 76 0 -4.7123
164.63 77 0 -4.74905
164.653 78 0 -4.78583
164.676 79 0 -4.82265
164.699 80 0 -4.85949
164.722 81 0 -4.89637
164.745 82 0 -4.93328
164.768 83 0 -4.97022
164.791 84 0 -5.00719
164.814 85 0 -5.0442
164.837 86 0 -5.08125
164.86 87 0 -5.11834
164.882 88 0 -5.15546
164.904 89 0 -5.19262
164.927 90 0 -5.22983
164.948 91 0 -5.26707
164.97 92 0 -5.30436
164.992 93 0 -5.3417
165.013 94 0 -5.37908
165.035 95 0 -5.41651
165.056 96 0 -5.45399
165.077 97 0 -5.49153
165.097 98 0 -5.52911
165.118 99 0 -5.56676
165.138 100 0 -5.60446
