1001 1 101
1002 2 102
1004 4 104
1005 5 105
1007 7 107
1008 8 108
1011 11 111
1018 18 118
1021 21 121
1022 22 122
1023 23 123
1024 24 124
1025 25 125
1026 26 126
1027 27 127
1028 28 128
1031 31 131
1032 32 132
1034 34 134
1035 35 135
1037 37 137
1038 38 138
1041 41 141
1042 42 142
1043 43 143
1044 44 144
1045 45 145
1046 46 146
1047 47 147
1048 48 148
1051 51 151
1058 58 158
1061 61 161
1062 62 162
1064 64 164
1065 65 165
1067 67 167
1068 68 168
1101 101 201
1102 102 202
1104 104 204
1105 105 205
1107 107 207
1108 108 208
1121 121 221
1122 122 222
1124 124 224
1125 125 225
1127 127 227
1128 128 228
1131 131 231
1132 132 232
1134 134 234
1135 135 235
1137 137 237
1138 138 238
1141 141 241
1142 142 242
1144 144 244
1145 145 245
1147 147 247
1148 148 248
1161 161 261
1162 162 262
1164 164 264
1165 165 265
1167 167 267
1168 168 268
1201 201 301
1202 202 302
1204 204 304
1205 205 305
1207 207 307
1208 208 308
1221 221 321
1222 222 322
1224 224 324
1225 225 325
1227 227 327
1228 228 328
1231 231 331
1232 232 332
1234 234 334
1235 235 335
1237 237 337
1238 238 338
1241 241 341
1242 242 342
1244 244 344
1245 245 345
1247 247 347
1248 248 348
1261 261 361
1262 262 362
1264 264 364
1265 265 365
1267 267 367
1268 268 368
1301 301 401
1302 302 402
1304 304 404
1305 305 405
1307 307 407
1308 308 408
1321 321 421
1322 322 422
1324 324 424
1325 325 425
1327 327 427
1328 328 428
1331 331 431
1332 332 432
1334 334 434
1335 335 435
1337 337 437
1338 338 438
1341 341 441
1342 342 442
1344 344 444
1345 345 445
1347 347 447
1348 348 448
1361 361 461
1362 362 462
1364 364 464
1365 365 465
1367 367 467
1368 368 468
1401 401 501
1402 402 502
1404 404 504
1405 405 505
1407 407 507
1408 408 508
1421 421 521
1422 422 522
1424 424 524
1425 425 525
1427 427 527
1428 428 528
1431 431 531
1432 432 532
1434 434 534
1435 435 535
1437 437 537
1438 438 538
1441 441 541
1442 442 542
1444 444 544
1445 445 545
1447 447 547
1448 448 548
1461 461 561
1462 462 562
1464 464 564
1465 465 565
1467 467 567
1468 468 568
1501 501 601
1502 502 602
1504 504 604
1505 505 605
1507 507 607
1508 508 608
1521 521 621
1522 522 622
1524 524 624
1525 525 625
1527 527 627
1528 528 628
1531 531 631
1532 532 632
1534 534 634
1535 535 635
1537 537 637
1538 538 638
1541 541 641
1542 542 642
1544 544 644
1545 545 645
1547 547 647
1548 548 648
1561 561 661
1562 562 662
1564 564 664
1565 565 665
1567 567 667
1568 568 668
2101 101 102
2102 102 104
2104 104 105
2105 105 107
2107 107 108
2121 121 122
2122 122 123
2123 123 124
2124 124 125
2125 125 126
2126 126 127
2127 127 128
2131 131 132
2132 132 134
2134 134 135
2135 135 137
2137 137 138
2141 141 142
2142 142 143
2143 143 144
2144 144 145
2145 145 146
2146 146 147
2147 147 148
2161 161 162
2162 162 164
2164 164 165
2165 165 167
2167 167 168
2201 201 202
2202 202 204
2204 204 205
2205 205 207
2207 207 208
2221 221 222
2222 222 224
2224 224 225
2225 225 227
2227 227 228
2231 231 232
2232 232 234
2234 234 235
2235 235 237
2237 237 238
2241 241 242
2242 242 244
2244 244 245
2245 245 247
2247 247 248
2261 261 262
2262 262 264
2264 264 265
2265 265 267
2267 267 268
2301 301 302
2302 302 304
2304 304 305
2305 305 307
2307 307 308
2321 321 322
2322 322 323
2323 323 324
2324 324 325
2325 325 326
2326 326 327
2327 327 328
2331 331 332
2332 332 334
2334 334 335
2335 335 337
2337 337 338
2341 341 342
2342 342 343
2343 343 344
2344 344 345
2345 345 346
2346 346 347
2347 347 348
2361 361 362
2362 362 364
2364 364 365
2365 365 367
2367 367 368
2401 401 402
2402 402 404
2404 404 405
2405 405 407
2407 407 408
2421 421 422
2422 422 424
2424 424 425
2425 425 427
2427 427 428
2431 431 432
2432 432 434
2434 434 435
2435 435 437
2437 437 438
2441 441 442
2442 442 444
2444 444 445
2445 445 447
2447 447 448
2461 461 462
2462 462 464
2464 464 465
2465 465 467
2467 467 468
2501 501 502
2502 502 504
2504 504 505
2505 505 507
2507 507 508
2521 521 522
2522 522 523
2523 523 524
2524 524 525
2525 525 526
2526 526 527
2527 527 528
2531 531 532
2532 532 534
2534 534 535
2535 535 537
2537 537 538
2541 541 542
2542 542 543
2543 543 544
2544 544 545
2545 545 546
2546 546 547
2547 547 548
2561 561 562
2562 562 564
2564 564 565
2565 565 567
2567 567 568
2601 601 602
2602 602 604
2604 604 605
2605 605 607
2607 607 608
2621 621 622
2622 622 623
2623 623 624
2624 624 625
2625 625 626
2626 626 627
2627 627 628
2631 631 632
2632 632 634
2634 634 635
2635 635 637
2637 637 638
2641 641 642
2642 642 643
2643 643 644
2644 644 645
2645 645 646
2646 646 647
2647 647 648
2661 661 662
2662 662 664
2664 664 665
2665 665 667
2667 667 668
3101 101 111
3102 102 122
3104 104 124
3105 105 125
3107 107 127
3108 108 118
3111 111 121
3112 122 132
3114 124 134
3115 125 135
3117 127 137
3118 118 128
3121 121 131
3122 132 142
3124 134 144
3125 135 145
3127 137 147
3128 128 138
3131 131 141
3132 142 162
3134 144 164
3135 145 165
3137 147 167
3138 138 148
3141 141 151
3148 148 158
3151 151 161
3158 158 168
3201 201 221
3202 202 222
3204 204 224
3205 205 225
3207 207 227
3208 208 228
3211 221 231
3212 222 232
3214 224 234
3215 225 235
3217 227 237
3218 228 238
3221 231 241
3222 232 242
3224 234 244
3225 235 245
3227 237 247
3228 238 248
3231 241 261
3232 242 262
3234 244 264
3235 245 265
3237 247 267
3238 248 268
3301 301 311
3302 302 322
3304 304 324
3305 305 325
3307 307 327
3308 308 318
3311 311 321
3312 322 332
3314 324 334
3315 325 335
3317 327 337
3318 318 328
3321 321 331
3322 332 342
3324 334 344
3325 335 345
3327 337 347
3328 328 338
3331 331 341
3332 342 362
3334 344 364
3335 345 365
3337 347 367
3338 338 348
3341 341 351
3348 348 358
3351 351 361
3358 358 368
3401 401 421
3402 402 422
3404 404 424
3405 405 425
3407 407 427
3408 408 428
3411 421 431
3412 422 432
3414 424 434
3415 425 435
3417 427 437
3418 428 438
3421 431 441
3422 432 442
3424 434 444
3425 435 445
3427 437 447
3428 438 448
3431 441 461
3432 442 462
3434 444 464
3435 445 465
3437 447 467
3438 448 468
3501 501 511
3502 502 522
3504 504 524
3505 505 525
3507 507 527
3508 508 518
3511 511 521
3512 522 532
3514 524 534
3515 525 535
3517 527 537
3518 518 528
3521 521 531
3522 532 542
3524 534 544
3525 535 545
3527 537 547
3528 528 538
3531 531 541
3532 542 562
3534 544 564
3535 545 565
3537 547 567
3538 538 548
3541 541 551
3548 548 558
3551 551 561
3558 558 568
3601 601 611
3602 602 622
3604 604 624
3605 605 625
3607 607 627
3608 608 618
3611 611 621
3612 622 632
3614 624 634
3615 625 635
3617 627 637
3618 618 628
3621 621 631
3622 632 642
3624 634 644
3625 635 645
3627 637 647
3628 628 638
3631 631 641
3632 642 662
3634 644 664
3635 645 665
3637 647 667
3638 638 648
3641 641 651
3648 648 658
3651 651 661
3658 658 668
4022 22 123
4024 24 123
4025 25 126
4027 27 126
4042 42 143
4044 44 143
4045 45 146
4047 47 146
4122 123 222
4124 123 224
4125 126 225
4127 126 227
4142 143 242
4144 143 244
4145 146 245
4147 146 247
4222 222 323
4224 224 323
4225 225 326
4227 227 326
4242 242 343
4244 244 343
4245 245 346
4247 247 346
4322 323 422
4324 323 424
4325 326 425
4327 326 427
4342 343 442
4344 343 444
4345 346 445
4347 346 447
4422 422 523
4424 424 523
4425 425 526
4427 427 526
4442 442 543
4444 444 543
4445 445 546
4447 447 546
4522 522 623
4524 524 623
4525 525 626
4527 527 626
4542 542 643
4544 544 643
4545 545 646
4547 547 646
5001 1 111
5008 8 118
5021 21 111
5028 28 118
5041 41 151
5048 48 158
5061 61 151
5068 68 158
5101 111 201
5108 118 208
5121 111 221
5128 118 228
5141 151 241
5148 158 248
5161 151 261
5168 158 268
5201 201 311
5208 208 318
5221 221 311
5228 228 318
5241 241 351
5248 248 358
5261 261 351
5268 268 358
5301 311 401
5308 318 408
5321 311 421
5328 318 428
5341 351 441
5348 358 448
5361 351 461
5368 358 468
5401 401 511
5408 408 518
5421 421 511
5428 428 518
5441 441 551
5448 448 558
5461 461 551
5468 468 558
5501 501 611
5508 508 618
5521 521 611
5528 528 618
5541 541 651
5548 548 658
5561 561 651
5568 568 658
6011 1011 611
6018 1018 618
6023 1023 623
6026 1026 626
6043 1043 643
6046 1046 646
6051 1051 651
6058 1058 658
7001 1001 1
7008 1008 8
7021 1021 21
7022 1022 22
7024 1024 24
7025 1025 25
7027 1027 27
7028 1028 28
7041 1041 41
7042 1042 42
7044 1044 44
7045 1045 45
7047 1047 47
7048 1048 48
7061 1061 61
7068 1068 68
8011 2011 11
8018 2018 18
8023 2023 23
8026 2026 26
8043 2043 43
8046 2046 46
8051 2051 51
8058 2058 58
9011 1011 2011
9018 1018 2018
9023 1023 2023
9026 1026 2026
9043 1043 2043
9046 1046 2046
9051 1051 2051
9058 1058 2058
