1.000000e+00 0.000000e+00 0.000000e+00 0.000000e+00
2.000000e+00 6.000000e+03 0.000000e+00 0.000000e+00
4.000000e+00 1.200000e+04 0.000000e+00 0.000000e+00
5.000000e+00 1.800000e+04 0.000000e+00 0.000000e+00
7.000000e+00 2.400000e+04 0.000000e+00 0.000000e+00
8.000000e+00 3.000000e+04 0.000000e+00 0.000000e+00
1.100000e+01 0.000000e+00 3.000000e+03 0.000000e+00
1.800000e+01 3.000000e+04 3.000000e+03 0.000000e+00
2.100000e+01 0.000000e+00 6.000000e+03 0.000000e+00
2.200000e+01 6.000000e+03 6.000000e+03 0.000000e+00
2.300000e+01 9.000000e+03 6.000000e+03 0.000000e+00
2.400000e+01 1.200000e+04 6.000000e+03 0.000000e+00
2.500000e+01 1.800000e+04 6.000000e+03 0.000000e+00
2.600000e+01 2.100000e+04 6.000000e+03 0.000000e+00
2.700000e+01 2.400000e+04 6.000000e+03 0.000000e+00
2.800000e+01 3.000000e+04 6.000000e+03 0.000000e+00
3.100000e+01 0.000000e+00 1.200000e+04 0.000000e+00
3.200000e+01 6.000000e+03 1.200000e+04 0.000000e+00
3.400000e+01 1.200000e+04 1.200000e+04 0.000000e+00
3.500000e+01 1.800000e+04 1.200000e+04 0.000000e+00
3.700000e+01 2.400000e+04 1.200000e+04 0.000000e+00
3.800000e+01 3.000000e+04 1.200000e+04 0.000000e+00
4.100000e+01 0.000000e+00 1.800000e+04 0.000000e+00
4.200000e+01 6.000000e+03 1.800000e+04 0.000000e+00
4.300000e+01 9.000000e+03 1.800000e+04 0.000000e+00
4.400000e+01 1.200000e+04 1.800000e+04 0.000000e+00
4.500000e+01 1.800000e+04 1.800000e+04 0.000000e+00
4.600000e+01 2.100000e+04 1.800000e+04 0.000000e+00
4.700000e+01 2.400000e+04 1.800000e+04 0.000000e+00
4.800000e+01 3.000000e+04 1.800000e+04 0.000000e+00
5.100000e+01 0.000000e+00 2.100000e+04 0.000000e+00
5.800000e+01 3.000000e+04 2.100000e+04 0.000000e+00
6.100000e+01 0.000000e+00 2.400000e+04 0.000000e+00
6.200000e+01 6.000000e+03 2.400000e+04 0.000000e+00
6.400000e+01 1.200000e+04 2.400000e+04 0.000000e+00
6.500000e+01 1.800000e+04 2.400000e+04 0.000000e+00
6.700000e+01 2.400000e+04 2.400000e+04 0.000000e+00
6.800000e+01 3.000000e+04 2.400000e+04 0.000000e+00
1.010000e+02 0.000000e+00 0.000000e+00 4.000000e+03
1.020000e+02 6.000000e+03 0.000000e+00 4.000000e+03
1.040000e+02 1.200000e+04 0.000000e+00 4.000000e+03
1.050000e+02 1.800000e+04 0.000000e+00 4.000000e+03
1.070000e+02 2.400000e+04 0.000000e+00 4.000000e+03
1.080000e+02 3.000000e+04 0.000000e+00 4.000000e+03
1.110000e+02 0.000000e+00 3.000000e+03 4.000000e+03
1.180000e+02 3.000000e+04 3.000000e+03 4.000000e+03
1.210000e+02 0.000000e+00 6.000000e+03 4.000000e+03
1.220000e+02 6.000000e+03 6.000000e+03 4.000000e+03
1.230000e+02 9.000000e+03 6.000000e+03 4.000000e+03
1.240000e+02 1.200000e+04 6.000000e+03 4.000000e+03
1.250000e+02 1.800000e+04 6.000000e+03 4.000000e+03
1.260000e+02 2.100000e+04 6.000000e+03 4.000000e+03
1.270000e+02 2.400000e+04 6.000000e+03 4.000000e+03
1.280000e+02 3.000000e+04 6.000000e+03 4.000000e+03
1.310000e+02 0.000000e+00 1.200000e+04 4.000000e+03
1.320000e+02 6.000000e+03 1.200000e+04 4.000000e+03
1.340000e+02 1.200000e+04 1.200000e+04 4.000000e+03
1.350000e+02 1.800000e+04 1.200000e+04 4.000000e+03
1.370000e+02 2.400000e+04 1.200000e+04 4.000000e+03
1.380000e+02 3.000000e+04 1.200000e+04 4.000000e+03
1.410000e+02 0.000000e+00 1.800000e+04 4.000000e+03
1.420000e+02 6.000000e+03 1.800000e+04 4.000000e+03
1.430000e+02 9.000000e+03 1.800000e+04 4.000000e+03
1.440000e+02 1.200000e+04 1.800000e+04 4.000000e+03
1.450000e+02 1.800000e+04 1.800000e+04 4.000000e+03
1.460000e+02 2.100000e+04 1.800000e+04 4.000000e+03
1.470000e+02 2.400000e+04 1.800000e+04 4.000000e+03
1.480000e+02 3.000000e+04 1.800000e+04 4.000000e+03
1.510000e+02 0.000000e+00 2.100000e+04 4.000000e+03
1.580000e+02 3.000000e+04 2.100000e+04 4.000000e+03
1.610000e+02 0.000000e+00 2.400000e+04 4.000000e+03
1.620000e+02 6.000000e+03 2.400000e+04 4.000000e+03
1.640000e+02 1.200000e+04 2.400000e+04 4.000000e+03
1.650000e+02 1.800000e+04 2.400000e+04 4.000000e+03
1.670000e+02 2.400000e+04 2.400000e+04 4.000000e+03
1.680000e+02 3.000000e+04 2.400000e+04 4.000000e+03
2.010000e+02 0.000000e+00 0.000000e+00 8.000000e+03
2.020000e+02 6.000000e+03 0.000000e+00 8.000000e+03
2.040000e+02 1.200000e+04 0.000000e+00 8.000000e+03
2.050000e+02 1.800000e+04 0.000000e+00 8.000000e+03
2.070000e+02 2.400000e+04 0.000000e+00 8.000000e+03
2.080000e+02 3.000000e+04 0.000000e+00 8.000000e+03
2.210000e+02 0.000000e+00 6.000000e+03 8.000000e+03
2.220000e+02 6.000000e+03 6.000000e+03 8.000000e+03
2.240000e+02 1.200000e+04 6.000000e+03 8.000000e+03
2.250000e+02 1.800000e+04 6.000000e+03 8.000000e+03
2.270000e+02 2.400000e+04 6.000000e+03 8.000000e+03
2.280000e+02 3.000000e+04 6.000000e+03 8.000000e+03
2.310000e+02 0.000000e+00 1.200000e+04 8.000000e+03
2.320000e+02 6.000000e+03 1.200000e+04 8.000000e+03
2.340000e+02 1.200000e+04 1.200000e+04 8.000000e+03
2.350000e+02 1.800000e+04 1.200000e+04 8.000000e+03
2.370000e+02 2.400000e+04 1.200000e+04 8.000000e+03
2.380000e+02 3.000000e+04 1.200000e+04 8.000000e+03
2.410000e+02 0.000000e+00 1.800000e+04 8.000000e+03
2.420000e+02 6.000000e+03 1.800000e+04 8.000000e+03
2.440000e+02 1.200000e+04 1.800000e+04 8.000000e+03
2.450000e+02 1.800000e+04 1.800000e+04 8.000000e+03
2.470000e+02 2.400000e+04 1.800000e+04 8.000000e+03
2.480000e+02 3.000000e+04 1.800000e+04 8.000000e+03
2.610000e+02 0.000000e+00 2.400000e+04 8.000000e+03
2.620000e+02 6.000000e+03 2.400000e+04 8.000000e+03
2.640000e+02 1.200000e+04 2.400000e+04 8.000000e+03
2.650000e+02 1.800000e+04 2.400000e+04 8.000000e+03
2.670000e+02 2.400000e+04 2.400000e+04 8.000000e+03
2.680000e+02 3.000000e+04 2.400000e+04 8.000000e+03
3.010000e+02 0.000000e+00 0.000000e+00 1.200000e+04
3.020000e+02 6.000000e+03 0.000000e+00 1.200000e+04
3.040000e+02 1.200000e+04 0.000000e+00 1.200000e+04
3.050000e+02 1.800000e+04 0.000000e+00 1.200000e+04
3.070000e+02 2.400000e+04 0.000000e+00 1.200000e+04
3.080000e+02 3.000000e+04 0.000000e+00 1.200000e+04
3.110000e+02 0.000000e+00 3.000000e+03 1.200000e+04
3.180000e+02 3.000000e+04 3.000000e+03 1.200000e+04
3.210000e+02 0.000000e+00 6.000000e+03 1.200000e+04
3.220000e+02 6.000000e+03 6.000000e+03 1.200000e+04
3.230000e+02 9.000000e+03 6.000000e+03 1.200000e+04
3.240000e+02 1.200000e+04 6.000000e+03 1.200000e+04
3.250000e+02 1.800000e+04 6.000000e+03 1.200000e+04
3.260000e+02 2.100000e+04 6.000000e+03 1.200000e+04
3.270000e+02 2.400000e+04 6.000000e+03 1.200000e+04
3.280000e+02 3.000000e+04 6.000000e+03 1.200000e+04
3.310000e+02 0.000000e+00 1.200000e+04 1.200000e+04
3.320000e+02 6.000000e+03 1.200000e+04 1.200000e+04
3.340000e+02 1.200000e+04 1.200000e+04 1.200000e+04
3.350000e+02 1.800000e+04 1.200000e+04 1.200000e+04
3.370000e+02 2.400000e+04 1.200000e+04 1.200000e+04
3.380000e+02 3.000000e+04 1.200000e+04 1.200000e+04
3.410000e+02 0.000000e+00 1.800000e+04 1.200000e+04
3.420000e+02 6.000000e+03 1.800000e+04 1.200000e+04
3.430000e+02 9.000000e+03 1.800000e+04 1.200000e+04
3.440000e+02 1.200000e+04 1.800000e+04 1.200000e+04
3.450000e+02 1.800000e+04 1.800000e+04 1.200000e+04
3.460000e+02 2.100000e+04 1.800000e+04 1.200000e+04
3.470000e+02 2.400000e+04 1.800000e+04 1.200000e+04
3.480000e+02 3.000000e+04 1.800000e+04 1.200000e+04
3.510000e+02 0.000000e+00 2.100000e+04 1.200000e+04
3.580000e+02 3.000000e+04 2.100000e+04 1.200000e+04
3.610000e+02 0.000000e+00 2.400000e+04 1.200000e+04
3.620000e+02 6.000000e+03 2.400000e+04 1.200000e+04
3.640000e+02 1.200000e+04 2.400000e+04 1.200000e+04
3.650000e+02 1.800000e+04 2.400000e+04 1.200000e+04
3.670000e+02 2.400000e+04 2.400000e+04 1.200000e+04
3.680000e+02 3.000000e+04 2.400000e+04 1.200000e+04
4.010000e+02 0.000000e+00 0.000000e+00 1.600000e+04
4.020000e+02 6.000000e+03 0.000000e+00 1.600000e+04
4.040000e+02 1.200000e+04 0.000000e+00 1.600000e+04
4.050000e+02 1.800000e+04 0.000000e+00 1.600000e+04
4.070000e+02 2.400000e+04 0.000000e+00 1.600000e+04
4.080000e+02 3.000000e+04 0.000000e+00 1.600000e+04
4.210000e+02 0.000000e+00 6.000000e+03 1.600000e+04
4.220000e+02 6.000000e+03 6.000000e+03 1.600000e+04
4.240000e+02 1.200000e+04 6.000000e+03 1.600000e+04
4.250000e+02 1.800000e+04 6.000000e+03 1.600000e+04
4.270000e+02 2.400000e+04 6.000000e+03 1.600000e+04
4.280000e+02 3.000000e+04 6.000000e+03 1.600000e+04
4.310000e+02 0.000000e+00 1.200000e+04 1.600000e+04
4.320000e+02 6.000000e+03 1.200000e+04 1.600000e+04
4.340000e+02 1.200000e+04 1.200000e+04 1.600000e+04
4.350000e+02 1.800000e+04 1.200000e+04 1.600000e+04
4.370000e+02 2.400000e+04 1.200000e+04 1.600000e+04
4.380000e+02 3.000000e+04 1.200000e+04 1.600000e+04
4.410000e+02 0.000000e+00 1.800000e+04 1.600000e+04
4.420000e+02 6.000000e+03 1.800000e+04 1.600000e+04
4.440000e+02 1.200000e+04 1.800000e+04 1.600000e+04
4.450000e+02 1.800000e+04 1.800000e+04 1.600000e+04
4.470000e+02 2.400000e+04 1.800000e+04 1.600000e+04
4.480000e+02 3.000000e+04 1.800000e+04 1.600000e+04
4.610000e+02 0.000000e+00 2.400000e+04 1.600000e+04
4.620000e+02 6.000000e+03 2.400000e+04 1.600000e+04
4.640000e+02 1.200000e+04 2.400000e+04 1.600000e+04
4.650000e+02 1.800000e+04 2.400000e+04 1.600000e+04
4.670000e+02 2.400000e+04 2.400000e+04 1.600000e+04
4.680000e+02 3.000000e+04 2.400000e+04 1.600000e+04
5.010000e+02 0.000000e+00 0.000000e+00 2.000000e+04
5.020000e+02 6.000000e+03 0.000000e+00 2.000000e+04
5.040000e+02 1.200000e+04 0.000000e+00 2.000000e+04
5.050000e+02 1.800000e+04 0.000000e+00 2.000000e+04
5.070000e+02 2.400000e+04 0.000000e+00 2.000000e+04
5.080000e+02 3.000000e+04 0.000000e+00 2.000000e+04
5.110000e+02 0.000000e+00 3.000000e+03 2.000000e+04
5.180000e+02 3.000000e+04 3.000000e+03 2.000000e+04
5.210000e+02 0.000000e+00 6.000000e+03 2.000000e+04
5.220000e+02 6.000000e+03 6.000000e+03 2.000000e+04
5.230000e+02 9.000000e+03 6.000000e+03 2.000000e+04
5.240000e+02 1.200000e+04 6.000000e+03 2.000000e+04
5.250000e+02 1.800000e+04 6.000000e+03 2.000000e+04
5.260000e+02 2.100000e+04 6.000000e+03 2.000000e+04
5.270000e+02 2.400000e+04 6.000000e+03 2.000000e+04
5.280000e+02 3.000000e+04 6.000000e+03 2.000000e+04
5.310000e+02 0.000000e+00 1.200000e+04 2.000000e+04
5.320000e+02 6.000000e+03 1.200000e+04 2.000000e+04
5.340000e+02 1.200000e+04 1.200000e+04 2.000000e+04
5.350000e+02 1.800000e+04 1.200000e+04 2.000000e+04
5.370000e+02 2.400000e+04 1.200000e+04 2.000000e+04
5.380000e+02 3.000000e+04 1.200000e+04 2.000000e+04
5.410000e+02 0.000000e+00 1.800000e+04 2.000000e+04
5.420000e+02 6.000000e+03 1.800000e+04 2.000000e+04
5.430000e+02 9.000000e+03 1.800000e+04 2.000000e+04
5.440000e+02 1.200000e+04 1.800000e+04 2.000000e+04
5.450000e+02 1.800000e+04 1.800000e+04 2.000000e+04
5.460000e+02 2.100000e+04 1.800000e+04 2.000000e+04
5.470000e+02 2.400000e+04 1.800000e+04 2.000000e+04
5.480000e+02 3.000000e+04 1.800000e+04 2.000000e+04
5.510000e+02 0.000000e+00 2.100000e+04 2.000000e+04
5.580000e+02 3.000000e+04 2.100000e+04 2.000000e+04
5.610000e+02 0.000000e+00 2.400000e+04 2.000000e+04
5.620000e+02 6.000000e+03 2.400000e+04 2.000000e+04
5.640000e+02 1.200000e+04 2.400000e+04 2.000000e+04
5.650000e+02 1.800000e+04 2.400000e+04 2.000000e+04
5.670000e+02 2.400000e+04 2.400000e+04 2.000000e+04
5.680000e+02 3.000000e+04 2.400000e+04 2.000000e+04
6.010000e+02 0.000000e+00 0.000000e+00 2.400000e+04
6.020000e+02 6.000000e+03 0.000000e+00 2.400000e+04
6.040000e+02 1.200000e+04 0.000000e+00 2.400000e+04
6.050000e+02 1.800000e+04 0.000000e+00 2.400000e+04
6.070000e+02 2.400000e+04 0.000000e+00 2.400000e+04
6.080000e+02 3.000000e+04 0.000000e+00 2.400000e+04
6.110000e+02 0.000000e+00 3.000000e+03 2.400000e+04
6.180000e+02 3.000000e+04 3.000000e+03 2.400000e+04
6.210000e+02 0.000000e+00 6.000000e+03 2.400000e+04
6.220000e+02 6.000000e+03 6.000000e+03 2.400000e+04
6.230000e+02 9.000000e+03 6.000000e+03 2.400000e+04
6.240000e+02 1.200000e+04 6.000000e+03 2.400000e+04
6.250000e+02 1.800000e+04 6.000000e+03 2.400000e+04
6.260000e+02 2.100000e+04 6.000000e+03 2.400000e+04
6.270000e+02 2.400000e+04 6.000000e+03 2.400000e+04
6.280000e+02 3.000000e+04 6.000000e+03 2.400000e+04
6.310000e+02 0.000000e+00 1.200000e+04 2.400000e+04
6.320000e+02 6.000000e+03 1.200000e+04 2.400000e+04
6.340000e+02 1.200000e+04 1.200000e+04 2.400000e+04
6.350000e+02 1.800000e+04 1.200000e+04 2.400000e+04
6.370000e+02 2.400000e+04 1.200000e+04 2.400000e+04
6.380000e+02 3.000000e+04 1.200000e+04 2.400000e+04
6.410000e+02 0.000000e+00 1.800000e+04 2.400000e+04
6.420000e+02 6.000000e+03 1.800000e+04 2.400000e+04
6.430000e+02 9.000000e+03 1.800000e+04 2.400000e+04
6.440000e+02 1.200000e+04 1.800000e+04 2.400000e+04
6.450000e+02 1.800000e+04 1.800000e+04 2.400000e+04
6.460000e+02 2.100000e+04 1.800000e+04 2.400000e+04
6.470000e+02 2.400000e+04 1.800000e+04 2.400000e+04
6.480000e+02 3.000000e+04 1.800000e+04 2.400000e+04
6.510000e+02 0.000000e+00 2.100000e+04 2.400000e+04
6.580000e+02 3.000000e+04 2.100000e+04 2.400000e+04
6.610000e+02 0.000000e+00 2.400000e+04 2.400000e+04
6.620000e+02 6.000000e+03 2.400000e+04 2.400000e+04
6.640000e+02 1.200000e+04 2.400000e+04 2.400000e+04
6.650000e+02 1.800000e+04 2.400000e+04 2.400000e+04
6.670000e+02 2.400000e+04 2.400000e+04 2.400000e+04
6.680000e+02 3.000000e+04 2.400000e+04 2.400000e+04
1.001000e+03 0.000000e+00 0.000000e+00 -2.000000e-01
1.008000e+03 3.000000e+04 0.000000e+00 -2.000000e-01
1.011000e+03 0.000000e+00 3.000000e+03 0.000000e+00
1.018000e+03 3.000000e+04 3.000000e+03 0.000000e+00
1.021000e+03 0.000000e+00 6.000000e+03 -2.000000e-01
1.022000e+03 6.000000e+03 6.000000e+03 -2.000000e-01
1.023000e+03 9.000000e+03 6.000000e+03 0.000000e+00
1.024000e+03 1.200000e+04 6.000000e+03 -2.000000e-01
1.025000e+03 1.800000e+04 6.000000e+03 -2.000000e-01
1.026000e+03 2.100000e+04 6.000000e+03 0.000000e+00
1.027000e+03 2.400000e+04 6.000000e+03 -2.000000e-01
1.028000e+03 3.000000e+04 6.000000e+03 -2.000000e-01
1.041000e+03 0.000000e+00 1.800000e+04 -2.000000e-01
1.042000e+03 6.000000e+03 1.800000e+04 -2.000000e-01
1.043000e+03 9.000000e+03 1.800000e+04 0.000000e+00
1.044000e+03 1.200000e+04 1.800000e+04 -2.000000e-01
1.045000e+03 1.800000e+04 1.800000e+04 -2.000000e-01
1.046000e+03 2.100000e+04 1.800000e+04 0.000000e+00
1.047000e+03 2.400000e+04 1.800000e+04 -2.000000e-01
1.048000e+03 3.000000e+04 1.800000e+04 -2.000000e-01
1.051000e+03 0.000000e+00 2.100000e+04 0.000000e+00
1.058000e+03 3.000000e+04 2.100000e+04 0.000000e+00
1.061000e+03 0.000000e+00 2.400000e+04 -2.000000e-01
1.068000e+03 3.000000e+04 2.400000e+04 -2.000000e-01
2.011000e+03 0.000000e+00 3.000000e+03 0.000000e+00
2.018000e+03 3.000000e+04 3.000000e+03 0.000000e+00
2.023000e+03 9.000000e+03 6.000000e+03 0.000000e+00
2.026000e+03 2.100000e+04 6.000000e+03 0.000000e+00
2.043000e+03 9.000000e+03 1.800000e+04 0.000000e+00
2.046000e+03 2.100000e+04 1.800000e+04 0.000000e+00
2.051000e+03 0.000000e+00 2.100000e+04 0.000000e+00
2.058000e+03 3.000000e+04 2.100000e+04 0.000000e+00
