0.336296 0.00073737
3.2551 0.0071372
6.3171 0.013851
-4.4797 -0.010588
-7.38381 -0.017452
-10.6183 -0.025097
-13.5978 -0.032139
-13.668 -0.032305
-11.4705 -0.027111
-9.00594 -0.021286
-6.08153 -0.014374
-2.99105 -0.0070695
0.116023 0.00016515
3.19515 0.0069165
6.50193 0.014167
9.59184 0.020942
7.52764 0.016416
4.58267 0.0099588
1.54388 0.0032959
-1.42775 -0.0037277
-4.42718 -0.010817
-7.74591 -0.018661
-10.7769 -0.025825
-13.6206 -0.032546
-11.6379 -0.02786
-8.66487 -0.020833
-5.77557 -0.014004
-5.71253 -0.013855
-2.63779 -0.0065877
0.63973 0.00059866
4.02109 0.0080127
7.33644 0.015282
10.2266 0.021619
8.13458 0.017032
8.14507 0.017055
5.39858 0.011033
5.28593 0.010786
2.13271 0.0038722
-0.751171 -0.002944
-4.12322 -0.010914
-7.29514 -0.018411
-7.24141 -0.018284
-7.23464 -0.018268
-10.4616 -0.025895
-10.4108 -0.025775
-10.4764 -0.02593
-10.4319 -0.025825
-13.221 -0.032417
-13.306 -0.032618
-13.2637 -0.032518
-13.2976 -0.032598
-11.0856 -0.02737
-11.0349 -0.02725
-11.0294 -0.027237
-10.9803 -0.027121
-11.0958 -0.027394
-10.9659 -0.027087
-11.0687 -0.02733
-11.0949 -0.027392
-11.0086 -0.027188
-10.9655 -0.027086
-8.1811 -0.020505
-5.28545 -0.013661
-5.21056 -0.013484
-5.24949 -0.013576
-5.24526 -0.013566
-5.24357 -0.013562
-1.72843 -0.0052538
4.73307 0.0089138
4.78999 0.0090386
4.71911 0.0088832
4.79322 0.0090457
4.72883 0.0089045
4.83578 0.009139
10.7926 0.0222
10.8295 0.022281
10.8277 0.022277
18.8154 0.039791
18.9121 0.040003
25.3657 0.062384
25.3816 0.062482
25.3939 0.062557
21.7365 0.053915
21.7027 0.053835
15.5201 0.039226
15.5023 0.039184
15.4959 0.039169
8.37679 0.022347
0.978238 0.0048648
0.95585 0.0048119
0.941207 0.0047773
0.908451 0.0046999
0.847171 0.0045551
0.845394 0.0045509
-6.4216 -0.012625
-6.40256 -0.01258
-12.7913 -0.02768
-19.9489 -0.045237
-19.9884 -0.045387
-23.8983 -0.067937
-23.8972 -0.067934
-23.9296 -0.068148
-23.9414 -0.068228
-20.5731 -0.05923
-20.5757 -0.059237
-15.2163 -0.04492
-15.2301 -0.044957
-15.1919 -0.044855
-8.57506 -0.027179
-8.71918 -0.027564
-1.49299 -0.0082603
-1.46256 -0.008179
-1.38054 -0.0079599
-1.41378 -0.0080487
-1.37279 -0.0079392
-1.39413 -0.0079962
-1.30122 -0.007748
-1.42378 -0.0080754
-1.38065 -0.0079602
6.91129 0.011633
15.0102 0.03077
14.9695 0.030674
15.0643 0.030898
15.0292 0.030815
15.0381 0.030836
21.9937 0.049023
22.0658 0.04931
22.0776 0.049357
22.107 0.049474
25.9096 0.065722
25.9508 0.065975
25.9816 0.066164
25.9825 0.066169
21.8072 0.056082
15.2979 0.040356
15.2416 0.04022
15.2441 0.040226
15.2098 0.040143
15.2536 0.040249
7.69957 0.021999
0.37051 0.0024205
0.291112 0.0022084
-7.17305 -0.017731
-7.19962 -0.017802
-7.22021 -0.017857
-14.5611 -0.037467
-20.8822 -0.054353
-20.8646 -0.054306
-20.9436 -0.054517
-24.4179 -0.071442
-24.4164 -0.071438
-20.5174 -0.06083
-20.5127 -0.060817
-14.9127 -0.045581
-14.7811 -0.045223
-14.8686 -0.045461
-8.16672 -0.027227
-8.18657 -0.027281
-8.2134 -0.027354
-8.21009 -0.027345
-8.1693 -0.027234
-8.15349 -0.027191
-8.15753 -0.027202
-8.16525 -0.027223
-8.18253 -0.02727
-0.765219 -0.0070895
-0.844977 -0.0073065
-0.802967 -0.0071922
-0.793998 -0.0071678
-0.816125 -0.007228
7.86711 0.01375
16.0243 0.033457
16.0586 0.03354
22.4509 0.051543
26.2774 0.067979
26.283 0.068013
26.3004 0.06812
26.2722 0.068051
21.6825 0.056835
21.6248 0.056694
21.5773 0.056578
15.0595 0.04065
7.30992 0.021712
7.3492 0.021808
7.33488 0.021773
7.3271 0.021754
-0.0777806 0.0016073
-0.115491 0.0015047
-0.184664 0.0013165
-0.158752 0.001387
-0.181834 0.0013242
-0.195139 0.001288
-0.188045 0.0013073
-0.127253 0.0014727
-0.155003 0.0013972
-7.84933 -0.019537
-7.82397 -0.019468
-15.1588 -0.039424
-15.1518 -0.039405
-15.1459 -0.039389
-21.3736 -0.057061
-24.607 -0.072718
-24.6565 -0.073052
-24.5615 -0.072791
-24.576 -0.072831
-24.5942 -0.072881
-24.5695 -0.072813
-24.6143 -0.072936
-24.6589 -0.073068
-24.6619 -0.073088
-24.6356 -0.073016
-20.165 -0.060742
-20.1428 -0.060681
-15.1604 -0.047002
-7.53511 -0.026067
-7.48885 -0.02594
-0.718133 -0.0073512
-0.679779 -0.0072459
7.91148 0.013749
7.84068 0.013576
16.3898 0.034468
16.2904 0.034225
22.5314 0.052198
26.3907 0.068674
29.4687 0.087563
29.4762 0.087609
33.5959 0.11289
38.5823 0.14349
43.3292 0.17262
43.3829 0.17295
40.3486 0.16228
40.3543 0.1623
36.1568 0.14754
36.1596 0.14755
31.4502 0.13099
31.4047 0.13083
26.2091 0.11256
20.0758 0.090993
20.0707 0.090975
13.8939 0.069255
13.7119 0.068615
13.7537 0.068762
13.7352 0.068697
6.83778 0.044443
6.74478 0.044116
-1.05244 0.017693
-1.01783 0.017788
-1.07502 0.017631
-9.91318 -0.0066339
-9.97568 -0.0068055
-17.0741 -0.030441
-17.0759 -0.030451
-17.0362 -0.030342
-17.1097 -0.030641
-20.6277 -0.050414
-20.6416 -0.050492
-24.0765 -0.069798
-27.5236 -0.092393
-27.5638 -0.092664
-31.5005 -0.11922
-31.6057 -0.11993
-35.7846 -0.14812
-40.6231 -0.18076
-40.5748 -0.18057
-37.6343 -0.16902
-37.6699 -0.16916
-37.535 -0.16863
-34.1031 -0.15515
-34.0369 -0.15489
-34.042 -0.15491
-34.0242 -0.15484
-29.6987 -0.13785
-29.6173 -0.13753
-29.6351 -0.1376
-29.5765 -0.13737
-24.7877 -0.11856
-24.7725 -0.1185
-24.7215 -0.1183
-24.7241 -0.11831
-19.4526 -0.097604
-19.4602 -0.097634
-13.583 -0.074549
-13.5344 -0.074358
-6.50853 -0.046761
-6.5956 -0.047103
0.0506482 -0.02105
9.30815 0.011503
9.2436 0.011276
17.0368 0.03868
17.1301 0.039008
17.1477 0.03907
17.1079 0.03893
17.2481 0.039423
17.2581 0.039458
17.3491 0.039778
24.865 0.066207
24.8736 0.066237
24.9173 0.066391
24.9344 0.066451
24.9253 0.066419
31.4281 0.090922
31.4561 0.091114
34.6705 0.11317
37.9104 0.1354
40.9942 0.15656
41.0205 0.15674
41.0292 0.1568
41.0744 0.15711
41.0204 0.15692
41.0687 0.15709
44.4372 0.17942
44.4715 0.17963
41.0027 0.16725
40.9775 0.16716
40.8514 0.16671
40.7477 0.16634
40.7337 0.16629
36.4663 0.15106
36.4944 0.15116
31.3052 0.13264
31.3248 0.13271
26.0432 0.11386
19.7394 0.091362
19.7144 0.091273
19.7402 0.091365
19.6298 0.090971
19.7049 0.091239
19.6309 0.090975
19.6214 0.090941
19.6581 0.091072
12.4894 0.065487
4.77847 0.037967
4.74204 0.037837
-2.70663 0.0085793
-10.215 -0.020913
-10.3451 -0.021424
-10.3113 -0.021291
-10.4172 -0.021707
-17.4856 -0.049471
-17.4978 -0.049519
-24.1133 -0.075504
-30.0411 -0.099502
-30.0754 -0.099765
-30.1015 -0.099966
-30.1463 -0.10031
-32.9371 -0.12174
-32.9346 -0.12173
-33.0478 -0.12259
-35.8282 -0.14394
-35.8946 -0.14445
-35.8869 -0.14442
-35.9024 -0.14451
-35.9206 -0.14465
-35.9219 -0.14466
-35.8888 -0.14453
-38.5825 -0.16509
-38.5748 -0.16506
-38.6072 -0.16528
-38.6085 -0.16529
-38.6111 -0.16531
-41.4814 -0.18655
-38.4217 -0.17438
-38.3789 -0.17421
-34.6805 -0.1595
-34.6026 -0.15919
-29.7653 -0.13995
-24.6715 -0.11969
-24.6941 -0.11978
-19.2798 -0.098245
-12.8291 -0.072588
-12.8112 -0.072517
-12.8512 -0.072676
-12.8459 -0.072655
-12.8764 -0.072776
-12.8789 -0.072786
-12.8525 -0.072681
-12.848 -0.072663
-6.27407 -0.046516
2.26981 -0.014962
10.9194 0.015908
19.4644 0.046405
26.9106 0.07298
32.7586 0.098239
32.8248 0.098699
32.8192 0.098679
35.9003 0.12007
35.9377 0.12033
39.0663 0.14207
39.0835 0.14219
39.1296 0.14251
39.1016 0.14241
42.0653 0.16291
45.3042 0.18474
41.2082 0.16996
41.2193 0.17
41.1583 0.16978
41.1417 0.16972
36.6854 0.15364
36.7381 0.15383
31.3091 0.13424
25.93 0.11483
19.7564 0.092553
12.3396 0.06579
12.3091 0.06568
12.2495 0.065465
12.2761 0.065561
12.2625 0.065512
3.84194 0.035127
3.82365 0.035061
-3.46321 0.0060782
-11.1137 -0.024351
-11.0541 -0.024114
-11.1089 -0.024332
-18.4233 -0.053424
-18.5434 -0.053902
-18.6867 -0.054472
-25.327 -0.080883
-25.3177 -0.080846
-25.3569 -0.081002
-30.9779 -0.10504
-30.9998 -0.10521
-31.014 -0.10532
-31.0256 -0.10541
-33.8065 -0.12699
-33.8039 -0.12698
-33.8438 -0.12728
-36.7239 -0.14963
-39.3952 -0.17036
-39.4106 -0.17048
-42.2464 -0.19171
-42.2289 -0.19164
-42.2339 -0.19166
-42.2745 -0.1919
-37.1059 -0.17111
-34.677 -0.16134
-34.59 -0.16099
-34.585 -0.16097
-29.9534 -0.14234
-29.9459 -0.14231
-24.8444 -0.12179
-24.7599 -0.12145
-19.3499 -0.099689
-19.2527 -0.099298
-13.0879 -0.074501
-5.09903 -0.042367
2.96933 -0.013253
2.95136 -0.013217
6.10675 -0.0018279
23.1472 0.059661
23.2117 0.059894
35.7573 0.11778
44.4316 0.17862
44.51 0.17917
44.5157 0.17921
44.5442 0.17941
54.4036 0.24058
54.4427 0.24082
63.9511 0.29917
64.0521 0.29979
73.4057 0.35719
73.4774 0.35763
83.3867 0.41844
83.3948 0.41849
89.6243 0.47835
88.7698 0.47384
88.4856 0.47234
88.4515 0.47216
88.7205 0.47358
89.3875 0.4771
89.431 0.47733
89.4614 0.47749
89.5182 0.47779
89.5125 0.47776
89.5315 0.47786
89.522 0.47781
89.5428 0.47792
89.5788 0.47811
78.3263 0.41872
78.3169 0.41867
78.0156 0.41708
64.859 0.34764
64.8154 0.34741
54.8096 0.2946
54.766 0.29437
43.9171 0.23711
43.8963 0.237
32.5794 0.17727
32.5207 0.17696
21.3383 0.11794
21.3174 0.11783
21.3629 0.11807
21.3231 0.11786
21.3421 0.11796
21.38 0.11816
21.3136 0.11781
21.2947 0.11771
8.81863 0.051862
8.76824 0.051596
-2.58267 -0.0021048
-2.62893 -0.0022909
-3.06935 -0.0040624
-17.3348 -0.061443
-17.7517 -0.06312
-17.7562 -0.063138
-17.839 -0.063471
-33.2004 -0.12526
-33.2307 -0.12541
-41.1061 -0.18331
-41.1197 -0.18341
-41.1565 -0.18368
-41.1092 -0.18349
-41.1701 -0.18378
-50.2113 -0.24544
-50.2602 -0.24577
-58.8388 -0.30364
-58.8625 -0.3038
-58.8005 -0.3035
-67.748 -0.36374
-67.7346 -0.36367
-67.4325 -0.3621
-67.3555 -0.3617
-76.3993 -0.4221
-76.6587 -0.42385
-76.8069 -0.42485
-76.6642 -0.42406
-76.6136 -0.42378
-81.1471 -0.48367
-80.6258 -0.48062
-70.8602 -0.42348
-70.8209 -0.42325
-60.2742 -0.36154
-60.5015 -0.36287
-60.5989 -0.36344
-49.9291 -0.30101
-50.2932 -0.30314
-40.0968 -0.24348
-40.0712 -0.24333
-40.1003 -0.2435
-40.0986 -0.24349
-40.0695 -0.24332
-29.5997 -0.18206
-29.6083 -0.18211
-29.6048 -0.18209
-29.5775 -0.18193
-29.5758 -0.18192
-29.5655 -0.18186
-19.6922 -0.12409
-19.7008 -0.12414
-8.9507 -0.06124
-8.93993 -0.061177
-8.94557 -0.06121
-8.98932 -0.061466
-9.37694 -0.063734
-9.37284 -0.06371
-9.39164 -0.06382
-9.339 -0.063512
2.4945 -0.0010554
2.42637 -0.001415
2.05215 -0.0033901
13.6036 0.057578
24.0778 0.11286
36.3818 0.1778
47.873 0.23845
47.9033 0.23861
47.9715 0.23897
47.9412 0.23881
47.9299 0.23875
47.9659 0.23894
47.9545 0.23888
47.9943 0.23909
59.1842 0.29815
59.1463 0.29795
59.1634 0.29804
70.1033 0.35578
70.45 0.35761
70.522 0.35799
70.503 0.35789
70.522 0.35799
70.5333 0.35805
70.5125 0.35794
70.5637 0.35821
70.5712 0.35825
82.1155 0.41918
82.1553 0.41939
89.5997 0.47813
89.5618 0.47793
89.6257 0.47838
77.5153 0.41446
77.9757 0.41689
77.9833 0.41693
64.5523 0.34604
64.7626 0.34715
64.7796 0.34724
64.7702 0.34719
54.2133 0.29147
54.2455 0.29164
54.1963 0.29138
43.9331 0.23721
43.9388 0.23724
43.9501 0.2373
43.9179 0.23713
43.4367 0.23459
42.999 0.23228
32.4858 0.17679
32.0386 0.17443
32.0746 0.17462
20.6936 0.11455
20.686 0.11451
9.82814 0.057201
9.82776 0.057199
9.81544 0.057134
-0.760833 -0.0047491
-10.5644 -0.062111
-10.5468 -0.062008
-10.5928 -0.062277
-10.5441 -0.061992
-10.5475 -0.062012
-21.7382 -0.12749
-21.9056 -0.12847
-21.9296 -0.12861
-21.9347 -0.12864
-31.4013 -0.18403
-41.9206 -0.24558
-51.8195 -0.3035
-62.2688 -0.36464
-62.1116 -0.36372
-62.1577 -0.36399
-72.6292 -0.42526
-72.5318 -0.42469
-72.5472 -0.42478
-81.1932 -0.48413
-70.7732 -0.42325
-70.7805 -0.42332
-70.7993 -0.42343
-60.479 -0.36302
-60.467 -0.36295
-46.6154 -0.28187
-39.8518 -0.24228
-39.8467 -0.24225
-39.8399 -0.24221
-39.8125 -0.24205
-29.7518 -0.18316
-19.5886 -0.12367
-19.5066 -0.12319
-19.2896 -0.12192
-19.293 -0.12194
-19.2845 -0.12189
-9.29331 -0.063407
2.1163 -0.0024496
2.12557 -0.0024007
2.09679 -0.0025526
2.16369 -0.0021995
13.3328 0.056752
13.3133 0.056649
13.3862 0.057034
24.2701 0.11448
36.1967 0.17743
36.1361 0.17711
36.1702 0.17729
36.191 0.1774
47.8051 0.2387
58.7447 0.29644
70.4629 0.35829
81.6886 0.41754
89.3888 0.47626
89.4234 0.47657
78.4516 0.41866
78.1788 0.41722
78.1504 0.41707
78.1466 0.41705
78.1447 0.41704
66.6481 0.35636
66.6046 0.35613
55.468 0.29735
55.4509 0.29726
43.5602 0.2345
43.8406 0.23598
43.8615 0.23609
43.8293 0.23592
43.9145 0.23637
43.888 0.23623
32.6567 0.17695
21.2435 0.11671
21.2472 0.11673
21.1544 0.11624
20.8418 0.11459
21.0294 0.11558
21.2927 0.11697
9.85335 0.056592
9.84123 0.056528
9.82683 0.056452
9.8346 0.056493
9.83498 0.056495
9.94316 0.057066
9.90394 0.056859
9.88594 0.056764
9.86472 0.056652
-0.350129 -0.0031402
-0.331388 -0.0030305
-0.323512 -0.0029844
-10.6049 -0.063166
-10.6772 -0.063589
-10.6737 -0.063569
-10.6397 -0.06337
-10.6773 -0.06359
-10.6768 -0.063587
-20.697 -0.12224
-20.6697 -0.12208
-30.9645 -0.18234
-31.014 -0.18263
-31.0738 -0.18298
-41.6488 -0.24488
-41.6829 -0.24508
-41.6402 -0.24483
-41.6539 -0.24491
-41.6539 -0.24491
-51.5079 -0.30259
-51.4942 -0.30251
-61.9205 -0.36354
-72.135 -0.42333
-72.2717 -0.42413
-72.504 -0.42549
-81.151 -0.48396
-81.1373 -0.48388
-70.8101 -0.42343
-70.8169 -0.42347
-70.863 -0.42374
-70.8152 -0.42346
-70.805 -0.4234
-70.7588 -0.42313
-60.9014 -0.36543
-53.118 -0.31987
-39.4406 -0.23981
-28.9579 -0.17845
-19.7445 -0.12452
-19.7155 -0.12435
-19.3345 -0.12212
-19.3089 -0.12197
-19.3157 -0.12201
-9.88968 -0.066835
-9.35291 -0.063693
-9.03105 -0.061809
-9.17968 -0.062679
-9.21999 -0.062915
-9.18805 -0.062728
2.36552 -0.0017472
16.6817 0.073966
30.5018 0.14703
45.551 0.22644
58.8535 0.29665
58.8629 0.2967
58.825 0.2965
58.8857 0.29682
58.8724 0.29675
58.8838 0.29681
73.1958 0.37235
73.0821 0.37175
84.993 0.43694
85.6962 0.44323
86.2328 0.44803
86.4083 0.4496
86.4318 0.44981
91.7599 0.52279
91.8469 0.5246
95.5351 0.60135
95.4854 0.60106
95.5094 0.6012
82.0352 0.52267
82.0506 0.52276
68.0702 0.44128
68.0531 0.44118
56.2089 0.37215
42.6043 0.29286
30.6108 0.22296
17.7251 0.14786
4.54603 0.07105
-8.22847 -0.003725
-20.5192 -0.075668
-34.2738 -0.15618
-34.3028 -0.15635
-46.6288 -0.2285
-59.1855 -0.302
-59.5802 -0.30431
-59.5887 -0.30436
-70.956 -0.37611
-71.2188 -0.37889
-78.2571 -0.45334
-83.0131 -0.52668
-83.1207 -0.52916
-86.5014 -0.60708
-74.3269 -0.52845
-74.3486 -0.52859
-74.3626 -0.52868
-57.5726 -0.42024
-57.5849 -0.42032
-49.2983 -0.3668
-47.6587 -0.35621
-37.8547 -0.29289
-28.2566 -0.2309
-27.8727 -0.22842
-16.3965 -0.1543
-7.39844 -0.096185
-6.97574 -0.093455
-4.54395 -0.077749
7.98276 -0.0047412
8.01867 -0.0045319
8.17405 -0.0036263
8.50961 -0.0016706
8.48104 -0.0018371
8.46744 -0.0019164
8.42188 -0.0021819
20.7921 0.069914
20.9157 0.070634
21.2935 0.072836
21.2887 0.072808
21.2966 0.072854
21.2861 0.072793
21.3058 0.072908
21.2991 0.072869
32.8467 0.14017
33.3631 0.14318
47.5717 0.22599
47.5048 0.2256
59.8294 0.29743
72.5624 0.37164
72.6139 0.37194
72.5778 0.37173
72.5898 0.3718
72.5916 0.37181
82.1171 0.45476
82.1519 0.45514
82.1748 0.45539
82.1611 0.45531
82.1422 0.4552
87.676 0.51549
87.8069 0.51692
88.1373 0.52053
88.3469 0.52282
95.4546 0.60047
95.5003 0.60097
95.3288 0.59997
95.2395 0.59945
82.8703 0.52736
69.7375 0.45082
54.5389 0.36224
54.5115 0.36208
54.4669 0.36182
43.1597 0.29592
43.1683 0.29597
43.1666 0.29596
43.1426 0.29582
43.1203 0.29569
43.1134 0.29565
43.0791 0.29545
43.0911 0.29552
43.1289 0.29574
43.1237 0.29571
43.098 0.29556
30.9621 0.22483
17.3009 0.14521
17.4141 0.14587
17.4639 0.14616
5.13941 0.074331
-7.61809 -0.0080647
-7.63793 -0.0081928
-7.62468 -0.0081072
-7.61475 -0.0080431
-7.60636 -0.0079889
-7.23821 -0.0056112
-7.18528 -0.0052693
-7.22498 -0.0055257
-7.18012 -0.005236
-6.60795 -0.0015406
-18.259 -0.07679
-29.9596 -0.15236
-30.2863 -0.15447
-30.2693 -0.15436
-30.3173 -0.15467
-30.2631 -0.15432
-30.3034 -0.15458
-30.2972 -0.15454
-41.1617 -0.22471
-41.2051 -0.22499
-52.5295 -0.29813
-53.4492 -0.30407
-64.8929 -0.37798
-64.9099 -0.37809
-64.93 -0.37822
-64.9563 -0.37839
-73.6498 -0.4509
-73.6467 -0.45088
-73.6984 -0.45149
-79.6222 -0.52348
-79.8403 -0.52613
-79.9884 -0.52793
-80.0065 -0.52815
-80.0205 -0.52832
-85.9262 -0.60009
-85.9344 -0.60019
-74.8934 -0.52888
-61.5577 -0.44275
-61.5205 -0.44251
-48.5657 -0.35884
-48.5905 -0.359
-48.1492 -0.35615
-48.1554 -0.35619
-48.1569 -0.3562
-40.0236 -0.30367
-28.275 -0.22779
-16.9877 -0.15489
-16.5573 -0.15211
-5.06779 -0.077904
-4.77422 -0.076008
-4.88601 -0.07673
7.47792 -0.0046709
7.8422 -0.0025478
7.88575 -0.002294
7.93863 -0.0019858
7.91171 -0.0021427
7.91878 -0.0021015
7.94134 -0.00197
7.91057 -0.0021493
7.95649 -0.0018817
7.96958 -0.0018054
7.97169 -0.0017931
20.7258 0.07254
34.0524 0.15021
46.2501 0.2213
47.005 0.2257
47.06 0.22602
59.8719 0.30069
59.8375 0.30049
72.5345 0.37449
81.2638 0.44604
81.3189 0.44664
87.81 0.51728
88.184 0.52135
95.2852 0.59863
95.2131 0.59821
94.9746 0.59682
94.616 0.59473
82.3978 0.52352
82.3961 0.52351
82.4184 0.52364
68.8652 0.44465
57.033 0.37569
56.3622 0.37178
56.3193 0.37153
56.3073 0.37146
43.4216 0.29636
43.4302 0.29641
43.413 0.29631
30.3248 0.22003
30.5307 0.22123
30.6972 0.2222
16.9982 0.14236
17.0033 0.14239
5.30207 0.074193
4.94227 0.072096
4.83451 0.071468
4.89302 0.071809
4.93043 0.072027
4.88564 0.071766
4.93746 0.072068
4.90898 0.071902
4.91721 0.07195
4.93815 0.072072
4.93163 0.072034
4.94209 0.072095
-8.41357 -0.014164
-18.0989 -0.076718
-17.9207 -0.075567
-18.2734 -0.077845
-18.3008 -0.078022
-18.3066 -0.078059
-18.3112 -0.078089
-18.3018 -0.078028
-33.8023 -0.17814
-33.7915 -0.17807
-33.7667 -0.17791
-40.7481 -0.223
-53.2461 -0.30372
-53.1703 -0.30323
-52.9643 -0.3019
-64.5179 -0.37652
-73.7436 -0.45224
-73.7502 -0.45232
-73.7634 -0.45248
-79.5836 -0.52312
-79.9437 -0.52749
-80.1382 -0.52985
-85.9897 -0.60087
-69.6704 -0.49547
-69.9692 -0.4974
-69.9708 -0.49741
-69.9631 -0.49736
-63.0684 -0.45283
-63.0157 -0.45249
-63.0297 -0.45258
-63.0157 -0.45249
-52.0861 -0.3819
-51.8972 -0.38068
-51.648 -0.37907
-51.6634 -0.37917
-39.7631 -0.30231
-39.5153 -0.30071
-39.4735 -0.30044
-26.8795 -0.2191
-27.2356 -0.2214
-15.394 -0.14492
-5.76718 -0.082744
8.10007 -0.0019233
25.9398 0.10205
28.3162 0.1159
46.5535 0.22219
65.5921 0.33315
81.183 0.4451
81.3713 0.44715
91.8105 0.5608
100.408 0.70275
100.523 0.70514
104.351 0.78481
107.65 0.89709
107.652 0.89775
92.1509 0.79034
71.684 0.64852
71.8889 0.64994
55.4384 0.53595
55.4297 0.53589
42.4168 0.44572
42.4543 0.44598
42.4182 0.44573
42.4471 0.44593
24.4769 0.32141
10.4306 0.22408
10.0713 0.22159
-5.62097 0.12024
-7.55792 0.10773
-24.9695 -0.0047246
-42.1877 -0.11593
-42.2233 -0.11616
-42.2109 -0.11608
-42.2512 -0.11634
-58.8027 -0.22747
-67.0595 -0.34063
-67.0829 -0.34095
-67.069 -0.34086
-75.0669 -0.45037
-75.4623 -0.45579
-83.4952 -0.56588
-83.5995 -0.56731
-83.5964 -0.56729
-89.535 -0.677
-89.5562 -0.67749
-94.3843 -0.78877
-94.4099 -0.78936
-94.4775 -0.79092
-94.5517 -0.79263
-94.5634 -0.7929
-96.941 -0.90956
-96.32 -0.90478
-96.0056 -0.90236
-83.1584 -0.80347
-66.7386 -0.67708
-51.9998 -0.56363
-51.9959 -0.5636
-51.9595 -0.56332
-51.9712 -0.56341
-51.9478 -0.56323
-37.3988 -0.45124
-37.3819 -0.45111
-23.0601 -0.34087
-8.45779 -0.22847
-8.45 -0.22841
-8.42921 -0.22825
8.05379 -0.11318
8.06389 -0.11311
23.784 -0.0041812
40.0616 0.10861
40.8799 0.11428
40.9708 0.11491
56.5742 0.22303
56.9971 0.22596
70.7224 0.33291
77.8959 0.44263
78.5157 0.45211
85.8312 0.564
94.2587 0.6929
100.263 0.78474
107.399 0.89388
107.658 0.89979
107.666 0.90213
107.671 0.90379
91.9153 0.79429
74.2442 0.67148
57.7243 0.55667
42.095 0.44805
23.9793 0.32215
23.9951 0.32226
24.1232 0.32315
24.28 0.32424
24.3175 0.3245
8.57163 0.21507
-8.30799 0.085141
-8.68006 0.082277
-20.2552 -0.0068217
-34.491 -0.1164
-48.7101 -0.22585
-49.1128 -0.22895
-63.8044 -0.34321
-63.9413 -0.34555
-70.7324 -0.46162
-76.9695 -0.56822
-83.2089 -0.67486
-83.3973 -0.67808
-89.3085 -0.77911
-96.4952 -0.90194
-82.7451 -0.7961
-67.1086 -0.67574
-67.0774 -0.6755
-67.0774 -0.6755
-52.288 -0.56166
-52.11 -0.56029
-52.1009 -0.56022
-39.016 -0.4595
-37.9117 -0.451
-37.6064 -0.44865
-37.5908 -0.44853
-37.557 -0.44827
-37.5453 -0.44818
-37.5583 -0.44828
-37.5713 -0.44838
-20.9631 -0.32054
-21.0683 -0.32135
-20.9852 -0.32071
-7.46891 -0.21667
-7.43254 -0.21639
8.56653 -0.1052
8.48596 -0.10576
23.7174 9.5334e-05
39.0826 0.10688
39.074 0.10682
39.1229 0.10716
55.4932 0.22093
55.5018 0.22099
55.8731 0.22357
55.9249 0.22393
55.876 0.22359
70.3829 0.33236
70.4032 0.33267
77.9381 0.44814
85.0619 0.55731
92.6079 0.67295
92.6203 0.67314
99.7761 0.7828
99.8172 0.78343
99.8198 0.78347
99.8922 0.78458
107.745 0.9267
88.537 0.79173
88.2026 0.78938
87.8881 0.78717
71.178 0.66975
71.1695 0.66969
71.1567 0.6696
71.3559 0.671
54.2531 0.55082
39.7062 0.4486
23.7618 0.33656
7.81884 0.22453
-6.47691 0.11449
-6.4873 0.11441
-21.8753 -0.0040375
-21.9118 -0.0043185
-36.1467 -0.11389
-51.2258 -0.22996
-64.0388 -0.34124
-64.0475 -0.34139
-70.5287 -0.45334
-76.8826 -0.56309
-83.4622 -0.67674
-90.0997 -0.79139
-90.1373 -0.79204
-90.1178 -0.79189
-96.4941 -0.90184
-82.3828 -0.79322
-82.4166 -0.79348
-66.6034 -0.67176
-52.8364 -0.56579
-36.4607 -0.43974
-24.0423 -0.34415
-8.17974 -0.22205
-8.20443 -0.22224
-8.19533 -0.22217
6.61751 -0.11685
6.66589 -0.11651
6.6787 -0.11642
6.68866 -0.11635
6.77262 -0.11576
6.73562 -0.11602
23.4354 0.0013282
23.4796 0.0016383
23.5028 0.0018013
44.1873 0.14715
65.6249 0.29779
65.6576 0.29802
65.6903 0.29825
65.7216 0.29847
65.7003 0.29832
76.8685 0.44443
76.8845 0.44468
86.3746 0.59291
96.1872 0.74618
96.1975 0.74634
96.1918 0.7463
96.2218 0.74672
105.922 0.89824
105.96 0.89883
108.133 1.0479
108.609 1.1966
108.614 1.1983
87.5247 1.0324
87.6264 1.0332
87.7027 1.0338
69.931 0.894
69.9272 0.89397
69.8827 0.89362
51.3763 0.74804
30.5753 0.58441
30.7698 0.58594
30.7762 0.58599
30.7685 0.58593
30.78 0.58602
30.8067 0.58623
30.799 0.58617
30.7952 0.58614
13.1634 0.44744
-5.35132 0.29821
-23.673 0.14181
-41.0098 -0.0061832
-58.5395 -0.15994
-58.4459 -0.15922
-58.1926 -0.15727
-58.1978 -0.15731
-58.2329 -0.15758
-66.4906 -0.31515
-73.6025 -0.45398
-81.6597 -0.61126
-81.6751 -0.61156
-81.6874 -0.6118
-81.6879 -0.61181
-81.693 -0.61191
-81.7007 -0.61206
-81.7058 -0.61216
-87.6749 -0.72868
-89.015 -0.75484
-96.5901 -0.90271
-97.3542 -1.0529
-97.3631 -1.056
-97.364 -1.0563
-97.3646 -1.0565
-97.3663 -1.0571
-97.805 -1.2093
-79.8574 -1.0527
-61.9934 -0.89683
-45.5173 -0.75307
-28.8108 -0.6073
-28.6894 -0.60624
-10.4747 -0.44731
-10.2283 -0.44516
6.66539 -0.29173
20.8654 -0.15499
37.726 0.0073698
51.9729 0.14456
52.0995 0.14578
52.0957 0.14575
52.1224 0.146
66.2601 0.29491
73.3034 0.44514
73.3301 0.44571
73.3451 0.44603
80.1123 0.59037
80.2502 0.59331
80.2863 0.59408
80.4541 0.59766
80.5366 0.59942
80.5315 0.59938
87.7257 0.75276
87.6889 0.75247
87.5885 0.75168
94.2229 0.89134
94.4348 0.89586
101.08 1.0376
108.511 1.1961
108.581 1.1976
108.615 1.1985
108.616 1.1989
91.611 1.0651
68.7506 0.88523
51.5903 0.75021
26.0863 0.54954
26.1193 0.5498
26.4155 0.55213
10.6825 0.42834
-3.90602 0.30105
-3.84757 0.30156
-19.2636 0.13902
-32.9318 -0.006626
-48.6824 -0.17446
-59.9935 -0.31212
-65.9182 -0.4527
-72.0263 -0.59763
-78.6055 -0.75374
-78.5998 -0.75369
-84.7052 -0.89847
-84.8337 -0.90152
-91.0577 -1.0492
-91.2178 -1.053
-97.4679 -1.2013
-88.9066 -1.1266
-82.2135 -1.0682
-81.4571 -1.0616
-80.7236 -1.0552
-80.6892 -1.0549
-64.0859 -0.91003
-64.0768 -0.90995
-64.0344 -0.90958
-46.3893 -0.75562
-29.2782 -0.60632
-29.3287 -0.60676
-29.3974 -0.60736
-12.0423 -0.45593
6.8108 -0.28551
6.81496 -0.28547
6.83372 -0.28529
24.0279 -0.12032
23.7826 -0.12225
23.7699 -0.12235
23.808 -0.12205
36.7938 0.0021632
53.826 0.16558
53.5896 0.16372
65.996 0.292
73.1826 0.44492
73.2206 0.44573
73.2333 0.446
73.199 0.44573
73.2399 0.44614
80.207 0.59439
87.4673 0.74888
87.4355 0.74863
94.6346 0.90139
94.6802 0.90236
94.6952 0.90268
94.7234 0.90328
102.248 1.0634
102.277 1.064
102.162 1.0631
102.162 1.0631
102.188 1.0633
108.475 1.1959
108.536 1.1972
88.8875 1.0426
88.8494 1.0423
88.8748 1.0425
88.8494 1.0423
88.8748 1.0425
88.8748 1.0425
88.8621 1.0424
70.272 0.89613
51.5117 0.74852
30.7508 0.58517
13.1432 0.44663
12.4264 0.44099
-4.80384 0.29065
-19.3861 0.13682
-33.9021 -0.017727
-33.6378 -0.015421
-47.7471 -0.16513
-59.4391 -0.29949
-59.4623 -0.30004
-65.8606 -0.45177
-72.3091 -0.60469
-78.8243 -0.75919
-78.7463 -0.75851
-85.2525 -0.91163
-91.0622 -1.0494
-97.5815 -1.204
-79.8287 -1.0491
-79.8173 -1.049
-79.8173 -1.049
-63.3801 -0.90558
-43.5483 -0.73254
-43.6114 -0.73309
-28.6149 -0.60224
-13.4098 -0.46957
4.78522 -0.30659
21.0233 -0.15058
37.3848 0.0066156
60.7167 0.23078
73.3049 0.44683
83.5475 0.66498
83.6945 0.66811
84.0612 0.67592
84.0983 0.67671
94.3728 0.89554
94.4348 0.89686
104.729 1.1161
109.1 1.35
109.798 1.5679
110.538 1.799
110.544 1.8008
86.683 1.5766
62.5243 1.3496
62.2263 1.3468
37.4823 1.1143
37.4611 1.1141
13.709 0.89092
13.7026 0.89086
-6.19718 0.67401
-22.2547 0.44574
-22.2625 0.44563
-37.6152 0.22738
-53.9159 -0.0043475
-53.7511 -0.0029093
-53.6869 -0.0023494
-53.6696 -0.002198
-63.815 -0.22129
-63.8962 -0.22365
-64.0039 -0.22678
-64.0259 -0.22742
-64.0338 -0.22765
-72.1738 -0.46426
-79.7571 -0.68469
-79.8328 -0.68689
-79.7205 -0.68591
-87.4306 -0.90774
-95.4347 -1.1404
-98.1948 -1.3445
-98.0525 -1.3432
-98.2046 -1.3479
-98.8488 -1.5714
-99.513 -1.8018
-78.5664 -1.5842
-55.7811 -1.3475
-56.0025 -1.3498
-31.4461 -1.0947
-31.4172 -1.0944
-31.4172 -1.0944
-12.4035 -0.89688
-12.3756 -0.89659
5.40385 -0.67854
18.5486 -0.46086
33.1795 -0.21857
33.188 -0.21843
33.2001 -0.21823
33.2049 -0.21815
33.2417 -0.21754
47.0299 0.010794
59.7632 0.22166
59.5653 0.2198
59.5621 0.21977
59.6163 0.22028
59.8544 0.22317
59.8671 0.22338
59.881 0.22361
71.2176 0.49301
71.1123 0.49202
71.157 0.49244
71.2155 0.49299
71.2246 0.49324
71.2303 0.49343
71.2345 0.49357
71.2372 0.49366
71.2438 0.49388
76.5804 0.67135
76.6117 0.67239
76.6192 0.67264
83.1508 0.88985
83.4401 0.89947
90.0175 1.1182
90.0325 1.1187
90.0415 1.119
90.0475 1.1192
97.0901 1.3534
97.1171 1.3543
103.534 1.5677
110.357 1.7946
87.5395 1.5802
87.3692 1.5786
86.8903 1.5741
61.2204 1.3329
61.2204 1.3329
38.9562 1.1237
38.722 1.1215
38.7114 1.1214
14.6804 0.8956
-4.67436 0.67213
-17.8012 0.43194
-17.804 0.43189
-17.8171 0.43165
-17.8291 0.43143
-17.8428 0.43118
-17.838 0.43123
-30.3865 0.20166
-30.1613 0.204
-42.7207 -0.024025
-55.1909 -0.2522
-62.8362 -0.45014
-68.8986 -0.67356
-68.9117 -0.67404
-68.9304 -0.67473
-75.761 -0.92646
-75.7664 -0.92666
-75.7797 -0.92715
-75.784 -0.92731
-75.7609 -0.92707
-75.7686 -0.92715
-81.7968 -1.1489
-81.662 -1.1475
-87.0473 -1.3424
-93.2693 -1.5717
-93.3507 -1.5747
-93.367 -1.5753
-93.3806 -1.5758
-93.3833 -1.5759
-93.3887 -1.5761
-99.3936 -1.7974
-78.678 -1.5822
-56.2971 -1.3497
-31.5385 -1.0925
-31.7502 -1.0947
-13.9687 -0.90998
2.94557 -0.71616
5.25684 -0.67794
5.31187 -0.67703
5.28101 -0.67732
5.30229 -0.67712
5.3155 -0.67697
5.3006 -0.67711
18.7405 -0.45497
18.7532 -0.45476
18.7598 -0.45465
33.4686 -0.21142
33.2196 -0.21376
46.1324 -0.0020075
59.4151 0.21764
59.4266 0.21783
59.6044 0.22077
70.3695 0.46624
70.2269 0.4649
72.871 0.54934
73.9532 0.58529
74.9587 0.61869
76.5475 0.67147
83.2075 0.89271
83.2231 0.89323
83.2842 0.89526
83.3273 0.89669
83.3285 0.89673
89.9743 1.1175
96.8649 1.3464
96.907 1.3478
96.919 1.3482
97.0094 1.3512
97.0154 1.3514
103.614 1.5706
110.3 1.7927
110.369 1.795
110.432 1.7971
110.438 1.7973
110.459 1.798
110.465 1.7982
110.474 1.7985
87.5822 1.5834
62.2742 1.3456
38.7221 1.1243
38.7009 1.1241
13.843 0.89053
13.8366 0.89047
-5.77305 0.65469
-19.0611 0.41124
-29.465 0.22063
-43.5111 -0.036708
-53.9424 -0.22782
-63.0148 -0.45544
-63.0441 -0.45652
-68.9923 -0.67594
-69.036 -0.67755
-69.0688 -0.67876
-75.297 -0.90851
-81.3203 -1.1307
-87.5987 -1.3623
-93.3403 -1.5741
-99.475 -1.8004
-99.3306 -1.7989
-78.3166 -1.5806
-78.2974 -1.5804
-78.2589 -1.58
-54.126 -1.3293
-35.2297 -1.133
-35.2201 -1.1329
-35.1912 -1.1326
-13.3542 -0.90575
-13.332 -0.90552
5.30811 -0.67916
5.29321 -0.6793
20.6743 -0.42481
32.3323 -0.23184
46.3644 0.00042695
66.9378 0.35118
74.3004 0.59594
83.1243 0.88928
83.1397 0.88979
92.3808 1.197
101.432 1.4979
110.396 1.7959
111.484 2.0946
111.494 2.0976
112.473 2.4032
112.477 2.4045
82.8673 2.089
55.4069 1.7964
55.3975 1.7963
26.3135 1.4864
-0.572317 1.1934
-0.581386 1.1932
-0.585921 1.1931
-0.599525 1.1928
-0.580273 1.193
-14.3474 0.88963
-29.7944 0.54899
-41.4091 0.29286
-41.3995 0.29296
-41.4181 0.29266
-54.8869 -0.0043566
-64.2956 -0.30558
-71.2455 -0.60085
-71.2479 -0.60095
-78.5471 -0.91106
-78.5556 -0.91142
-85.2657 -1.1965
-92.4329 -1.501
-92.4541 -1.5019
-92.4588 -1.5021
-99.5335 -1.8089
-99.3701 -1.8072
-100.389 -2.1057
-101.245 -2.4028
-75.9964 -2.1054
-50.5352 -1.8055
-24.8532 -1.503
-24.8447 -1.5029
-24.8532 -1.503
0.43561 -1.2
13.2535 -0.89805
13.3053 -0.89683
26.2574 -0.59172
38.9946 -0.29167
39.0074 -0.29137
38.8863 -0.29266
51.2257 -0.0035437
65.401 0.33038
65.4392 0.33128
72.324 0.59725
72.4058 0.60093
78.9984 0.89766
85.7246 1.2004
85.729 1.2006
85.7357 1.2009
85.7401 1.2011
92.2899 1.4959
98.9574 1.796
98.9907 1.7975
105.705 2.0997
105.736 2.1011
112.361 2.3993
112.386 2.4004
112.397 2.4009
82.5057 2.0824
82.5808 2.0832
55.6929 1.7967
24.4597 1.4639
24.4316 1.4636
24.5348 1.4647
1.48471 1.1932
-12.0142 0.88992
-25.7126 0.53264
-25.5242 0.53486
-25.5038 0.5351
-35.0325 0.28956
-46.1612 -0.00069564
-57.8239 -0.30488
-65.2263 -0.60472
-71.2199 -0.90392
-71.2341 -0.90463
-77.4234 -1.2136
-83.2286 -1.5034
-83.2307 -1.5035
-83.2467 -1.5043
-83.2212 -1.504
-83.2487 -1.5044
-83.2547 -1.5047
-89.1982 -1.8014
-89.2062 -1.8018
-89.2282 -1.8029
-89.2663 -1.8048
-95.2679 -2.1044
-95.2759 -2.1048
-101.261 -2.4083
-101.185 -2.4074
-81.1857 -2.1716
-80.4818 -2.1633
-80.4648 -2.1631
-79.5064 -2.1518
-78.9636 -2.1454
-75.2572 -2.1017
-50.4489 -1.8092
-50.5592 -1.8105
-24.6314 -1.5048
-24.6314 -1.5048
-23.9784 -1.4971
0.113818 -1.2117
13.2848 -0.90103
26.101 -0.59873
26.1234 -0.5982
26.1349 -0.59793
26.14 -0.59781
41.5423 -0.23451
51.3193 -0.0038939
69.4622 0.46647
69.4662 0.46665
79.0724 0.89946
88.8768 1.3412
98.9356 1.7944
98.9534 1.7952
109.057 2.2504
109.079 2.2514
113.404 2.6941
114.851 3.146
114.862 3.1494
116.293 3.5961
116.304 3.5998
116.309 3.6011
80.3361 3.1442
80.5014 3.1463
44.2612 2.686
44.2454 2.6858
9.61923 2.246
9.61135 2.2459
9.81606 2.2485
9.76882 2.2479
-9.75309 1.7952
-9.75902 1.795
-22.8918 1.3525
-36.3757 0.89817
-36.4473 0.89576
-36.4396 0.89585
-49.9834 0.43967
-62.1886 -0.011176
-62.1535 -0.010762
-69.2612 -0.44508
-76.867 -0.9117
-84.008 -1.3498
-84.0177 -1.3504
-91.4015 -1.8034
-91.4081 -1.8038
-98.8506 -2.2604
-98.8603 -2.261
-102.154 -2.718
-103.405 -3.1521
-103.407 -3.1527
-103.409 -3.1532
-103.41 -3.1536
-104.702 -3.602
-104.705 -3.6029
-72.4268 -3.1492
-40.5826 -2.7016
-40.5755 -2.7015
-5.25242 -2.205
-5.26665 -2.2052
8.91644 -1.7998
21.1325 -1.3458
33.1346 -0.89975
33.1532 -0.89906
33.1761 -0.89821
33.1564 -0.89846
45.5148 -0.43965
45.5275 -0.43918
45.5278 -0.43917
57.2657 -0.0029392
69.1357 0.4382
69.2272 0.4416
76.2401 0.89783
76.2609 0.89923
82.8474 1.3436
89.6227 1.8007
96.5654 2.2691
96.5773 2.2699
96.4592 2.2684
96.4907 2.2688
96.5536 2.2696
96.5773 2.2699
102.917 2.6976
109.888 3.1679
109.88 3.1678
116.335 3.6094
116.337 3.6101
116.34 3.6109
79.9853 3.1486
79.9775 3.1485
44.0632 2.6918
9.35205 2.2504
9.32059 2.25
9.30487 2.2498
9.28914 2.2496
-10.0331 1.7173
-19.5629 1.3239
-19.5653 1.3238
-19.5084 1.3246
-30.1215 0.88803
-29.9892 0.88989
-30.1624 0.88634
-30.1632 0.88631
-40.8361 0.44572
-52.0641 -0.017783
-51.9323 -0.01593
-62.4918 -0.44825
-68.9854 -0.92408
-68.8431 -0.92208
-68.8837 -0.92265
-68.9107 -0.92303
-74.714 -1.3537
-74.714 -1.3537
-80.7516 -1.8065
-86.6893 -2.2518
-92.6749 -2.7007
-98.6899 -3.1518
-104.624 -3.5968
-104.662 -3.5997
-104.707 -3.6035
-104.707 -3.6038
-104.7 -3.6037
-104.709 -3.6044
-72.9135 -3.1574
-40.6484 -2.7038
-40.6413 -2.7037
-40.627 -2.7035
-7.33762 -2.2355
-7.35185 -2.2357
-7.49411 -2.2377
-7.46566 -2.2373
-7.43721 -2.2369
-7.43721 -2.2369
9.00547 -1.7971
9.16128 -1.7913
9.03545 -1.7929
21.5905 -1.3286
32.8677 -0.90879
45.6013 -0.43476
57.3547 0.0027817
72.2043 0.62843
72.2085 0.62871
72.2166 0.62926
72.2264 0.62992
80.8343 1.2116
80.7478 1.2105
89.5698 1.8019
98.3748 2.3969
98.3837 2.3975
98.3925 2.3981
98.4073 2.3991
107.434 3.0091
107.443 3.0097
107.457 3.0106
115.943 3.5841
116.188 3.6006
116.276 3.6066
116.306 3.6086
118.238 4.2035
