0.336296 0 -0.336296 0 0 0.336296 0
3.2551 0 -3.2551 0 0 3.2551 0
6.3171 0 -6.3171 0 0 6.3171 0
-4.4797 0 4.4797 0 0 -4.4797 0
-7.38381 0 7.38381 0 0 -7.38381 0
-10.6183 0 10.6183 0 0 -10.6183 0
-13.5978 0 13.5978 0 0 -13.5978 0
-13.668 0 13.668 0 0 -13.668 0
-11.4705 0 11.4705 0 0 -11.4705 0
-9.00594 0 9.00594 0 0 -9.00594 0
-6.08153 0 6.08153 0 0 -6.08153 0
-2.99105 0 2.99105 0 0 -2.99105 0
0.116023 0 -0.116023 0 0 0.116023 0
3.19515 0 -3.19515 0 0 3.19515 0
6.50193 0 -6.50193 0 0 6.50193 0
9.59184 0 -9.59184 0 0 9.59184 0
7.52764 0 -7.52764 0 0 7.52764 0
4.58267 0 -4.58267 0 0 4.58267 0
1.54388 0 -1.54388 0 0 1.54388 0
-1.42775 0 1.42775 0 0 -1.42775 0
-4.42718 0 4.42718 0 0 -4.42718 0
-7.74591 0 7.74591 0 0 -7.74591 0
-10.7769 0 10.7769 0 0 -10.7769 0
-13.6206 0 13.6206 0 0 -13.6206 0
-11.6379 0 11.6379 0 0 -11.6379 0
-8.66487 0 8.66487 0 0 -8.66487 0
-5.77557 0 5.77557 0 0 -5.77557 0
-5.71253 0 5.71253 0 0 -5.71253 0
-2.63779 0 2.63779 0 0 -2.63779 0
0.63973 0 -0.63973 0 0 0.63973 0
4.02109 0 -4.02109 0 0 4.02109 0
7.33644 0 -7.33644 0 0 7.33644 0
10.2266 0 -10.2266 0 0 10.2266 0
8.13458 0 -8.13458 0 0 8.13458 0
8.14507 0 -8.14507 0 0 8.14507 0
5.39858 0 -5.39858 0 0 5.39858 0
5.28593 0 -5.28593 0 0 5.28593 0
2.13271 0 -2.13271 0 0 2.13271 0
-0.751171 0 0.751171 0 0 -0.751171 0
-4.12322 0 4.12322 0 0 -4.12322 0
-7.29514 0 7.29514 0 0 -7.29514 0
-7.24141 0 7.24141 0 0 -7.24141 0
-7.23464 0 7.23464 0 0 -7.23464 0
-10.4616 0 10.4616 0 0 -10.4616 0
-10.4108 0 10.4108 0 0 -10.4108 0
-10.4764 0 10.4764 0 0 -10.4764 0
-10.4319 0 10.4319 0 0 -10.4319 0
-13.221 0 13.221 0 0 -13.221 0
-13.306 0 13.306 0 0 -13.306 0
-13.2637 0 13.2637 0 0 -13.2637 0
-13.2976 0 13.2976 0 0 -13.2976 0
-11.0856 0 11.0856 0 0 -11.0856 0
-11.0349 0 11.0349 0 0 -11.0349 0
-11.0294 0 11.0294 0 0 -11.0294 0
-10.9803 0 10.9803 0 0 -10.9803 0
-11.0958 0 11.0958 0 0 -11.0958 0
-10.9659 0 10.9659 0 0 -10.9659 0
-11.0687 0 11.0687 0 0 -11.0687 0
-11.0949 0 11.0949 0 0 -11.0949 0
-11.0086 0 11.0086 0 0 -11.0086 0
-10.9655 0 10.9655 0 0 -10.9655 0
-8.1811 0 8.1811 0 0 -8.1811 0
-5.28545 0 5.28545 0 0 -5.28545 0
-5.21056 0 5.21056 0 0 -5.21056 0
-5.24949 0 5.24949 0 0 -5.24949 0
-5.24526 0 5.24526 0 0 -5.24526 0
-5.24357 0 5.24357 0 0 -5.24357 0
-1.72843 0 1.72843 0 0 -1.72843 0
4.73307 0 -4.73307 0 0 4.73307 0
4.78999 0 -4.78999 0 0 4.78999 0
4.71911 0 -4.71911 0 0 4.71911 0
4.79322 0 -4.79322 0 0 4.79322 0
4.72883 0 -4.72883 0 0 4.72883 0
4.83578 0 -4.83578 0 0 4.83578 0
10.7926 0 -10.7926 0 0 10.7926 0
10.8295 0 -10.8295 0 0 10.8295 0
10.8277 0 -10.8277 0 0 10.8277 0
18.8154 0 -18.8154 0 0 18.8154 0
18.9121 0 -18.9121 0 0 18.9121 0
25.3657 0 -25.3657 0 0 25.3657 0
25.3816 0 -25.3816 0 0 25.3816 0
25.3939 0 -25.3939 0 0 25.3939 0
21.7365 0 -21.7365 0 0 21.7365 0
21.7027 0 -21.7027 0 0 21.7027 0
15.5201 0 -15.5201 0 0 15.5201 0
15.5023 0 -15.5023 0 0 15.5023 0
15.4959 0 -15.4959 0 0 15.4959 0
8.37679 0 -8.37679 0 0 8.37679 0
0.978238 0 -0.978238 0 0 0.978238 0
0.95585 0 -0.95585 0 0 0.95585 0
0.941207 0 -0.941207 0 0 0.941207 0
0.908451 0 -0.908451 0 0 0.908451 0
0.847171 0 -0.847171 0 0 0.847171 0
0.845394 0 -0.845394 0 0 0.845394 0
-6.4216 0 6.4216 0 0 -6.4216 0
-6.40256 0 6.40256 0 0 -6.40256 0
-12.7913 0 12.7913 0 0 -12.7913 0
-19.9489 0 19.9489 0 0 -19.9489 0
-19.9884 0 19.9884 0 0 -19.9884 0
-23.8983 0 23.8983 0 0 -23.8983 0
-23.8972 0 23.8972 0 0 -23.8972 0
-23.9296 0 23.9296 0 0 -23.9296 0
-23.9414 0 23.9414 0 0 -23.9414 0
-20.5731 0 20.5731 0 0 -20.5731 0
-20.5757 0 20.5757 0 0 -20.5757 0
-15.2163 0 15.2163 0 0 -15.2163 0
-15.2301 0 15.2301 0 0 -15.2301 0
-15.1919 0 15.1919 0 0 -15.1919 0
-8.57506 0 8.57506 0 0 -8.57506 0
-8.71918 0 8.71918 0 0 -8.71918 0
-1.49299 0 1.49299 0 0 -1.49299 0
-1.46256 0 1.46256 0 0 -1.46256 0
-1.38054 0 1.38054 0 0 -1.38054 0
-1.41378 0 1.41378 0 0 -1.41378 0
-1.37279 0 1.37279 0 0 -1.37279 0
-1.39413 0 1.39413 0 0 -1.39413 0
-1.30122 0 1.30122 0 0 -1.30122 0
-1.42378 0 1.42378 0 0 -1.42378 0
-1.38065 0 1.38065 0 0 -1.38065 0
6.91129 0 -6.91129 0 0 6.91129 0
15.0102 0 -15.0102 0 0 15.0102 0
14.9695 0 -14.9695 0 0 14.9695 0
15.0643 0 -15.0643 0 0 15.0643 0
15.0292 0 -15.0292 0 0 15.0292 0
15.0381 0 -15.0381 0 0 15.0381 0
21.9937 0 -21.9937 0 0 21.9937 0
22.0658 0 -22.0658 0 0 22.0658 0
22.0776 0 -22.0776 0 0 22.0776 0
22.107 0 -22.107 0 0 22.107 0
25.9096 0 -25.9096 0 0 25.9096 0
25.9508 0 -25.9508 0 0 25.9508 0
25.9816 0 -25.9816 0 0 25.9816 0
25.9825 0 -25.9825 0 0 25.9825 0
21.8072 0 -21.8072 0 0 21.8072 0
15.2979 0 -15.2979 0 0 15.2979 0
15.2416 0 -15.2416 0 0 15.2416 0
15.2441 0 -15.2441 0 0 15.2441 0
15.2098 0 -15.2098 0 0 15.2098 0
15.2536 0 -15.2536 0 0 15.2536 0
7.69957 0 -7.69957 0 0 7.69957 0
0.37051 0 -0.37051 0 0 0.37051 0
0.291112 0 -0.291112 0 0 0.291112 0
-7.17305 0 7.17305 0 0 -7.17305 0
-7.19962 0 7.19962 0 0 -7.19962 0
-7.22021 0 7.22021 0 0 -7.22021 0
-14.5611 0 14.5611 0 0 -14.5611 0
-20.8822 0 20.8822 0 0 -20.8822 0
-20.8646 0 20.8646 0 0 -20.8646 0
-20.9436 0 20.9436 0 0 -20.9436 0
-24.4179 0 24.4179 0 0 -24.4179 0
-24.4164 0 24.4164 0 0 -24.4164 0
-20.5174 0 20.5174 0 0 -20.5174 0
-20.5127 0 20.5127 0 0 -20.5127 0
-14.9127 0 14.9127 0 0 -14.9127 0
-14.7811 0 14.7811 0 0 -14.7811 0
-14.8686 0 14.8686 0 0 -14.8686 0
-8.16672 0 8.16672 0 0 -8.16672 0
-8.18657 0 8.18657 0 0 -8.18657 0
-8.2134 0 8.2134 0 0 -8.2134 0
-8.21009 0 8.21009 0 0 -8.21009 0
-8.1693 0 8.1693 0 0 -8.1693 0
-8.15349 0 8.15349 0 0 -8.15349 0
-8.15753 0 8.15753 0 0 -8.15753 0
-8.16525 0 8.16525 0 0 -8.16525 0
-8.18253 0 8.18253 0 0 -8.18253 0
-0.765219 0 0.765219 0 0 -0.765219 0
-0.844977 0 0.844977 0 0 -0.844977 0
-0.802967 0 0.802967 0 0 -0.802967 0
-0.793998 0 0.793998 0 0 -0.793998 0
-0.816125 0 0.816125 0 0 -0.816125 0
7.86711 0 -7.86711 0 0 7.86711 0
16.0243 0 -16.0243 0 0 16.0243 0
16.0586 0 -16.0586 0 0 16.0586 0
22.4509 0 -22.4509 0 0 22.4509 0
26.2774 0 -26.2774 0 0 26.2774 0
26.283 0 -26.283 0 0 26.283 0
26.3004 0 -26.3004 0 0 26.3004 0
26.2722 0 -26.2722 0 0 26.2722 0
21.6825 0 -21.6825 0 0 21.6825 0
21.6248 0 -21.6248 0 0 21.6248 0
21.5773 0 -21.5773 0 0 21.5773 0
15.0595 0 -15.0595 0 0 15.0595 0
7.30992 0 -7.30992 0 0 7.30992 0
7.3492 0 -7.3492 0 0 7.3492 0
7.33488 0 -7.33488 0 0 7.33488 0
7.3271 0 -7.3271 0 0 7.3271 0
-0.0777806 0 0.0777806 0 0 -0.0777806 0
-0.115491 0 0.115491 0 0 -0.115491 0
-0.184664 0 0.184664 0 0 -0.184664 0
-0.158752 0 0.158752 0 0 -0.158752 0
-0.181834 0 0.181834 0 0 -0.181834 0
-0.195139 0 0.195139 0 0 -0.195139 0
-0.188045 0 0.188045 0 0 -0.188045 0
-0.127253 0 0.127253 0 0 -0.127253 0
-0.155003 0 0.155003 0 0 -0.155003 0
-7.84933 0 7.84933 0 0 -7.84933 0
-7.82397 0 7.82397 0 0 -7.82397 0
-15.1588 0 15.1588 0 0 -15.1588 0
-15.1518 0 15.1518 0 0 -15.1518 0
-15.1459 0 15.1459 0 0 -15.1459 0
-21.3736 0 21.3736 0 0 -21.3736 0
-24.607 0 24.607 0 0 -24.607 0
-24.6565 0 24.6565 0 0 -24.6565 0
-24.5615 0 24.5615 0 0 -24.5615 0
-24.576 0 24.576 0 0 -24.576 0
-24.5942 0 24.5942 0 0 -24.5942 0
-24.5695 0 24.5695 0 0 -24.5695 0
-24.6143 0 24.6143 0 0 -24.6143 0
-24.6589 0 24.6589 0 0 -24.6589 0
-24.6619 0 24.6619 0 0 -24.6619 0
-24.6356 0 24.6356 0 0 -24.6356 0
-20.165 0 20.165 0 0 -20.165 0
-20.1428 0 20.1428 0 0 -20.1428 0
-15.1604 0 15.1604 0 0 -15.1604 0
-7.53511 0 7.53511 0 0 -7.53511 0
-7.48885 0 7.48885 0 0 -7.48885 0
-0.718133 0 0.718133 0 0 -0.718133 0
-0.679779 0 0.679779 0 0 -0.679779 0
7.91148 0 -7.91148 0 0 7.91148 0
7.84068 0 -7.84068 0 0 7.84068 0
16.3898 0 -16.3898 0 0 16.3898 0
16.2904 0 -16.2904 0 0 16.2904 0
22.5314 0 -22.5314 0 0 22.5314 0
26.3907 0 -26.3907 0 0 26.3907 0
29.4687 0 -29.4687 0 0 29.4687 0
29.4762 0 -29.4762 0 0 29.4762 0
33.5959 0 -33.5959 0 0 33.5959 0
38.5823 0 -38.5823 0 0 38.5823 0
43.3292 0 -43.3292 0 0 43.3292 0
43.3829 0 -43.3829 0 0 43.3829 0
40.3486 0 -40.3486 0 0 40.3486 0
40.3543 0 -40.3543 0 0 40.3543 0
36.1568 0 -36.1568 0 0 36.1568 0
36.1596 0 -36.1596 0 0 36.1596 0
31.4502 0 -31.4502 0 0 31.4502 0
31.4047 0 -31.4047 0 0 31.4047 0
26.2091 0 -26.2091 0 0 26.2091 0
20.0758 0 -20.0758 0 0 20.0758 0
20.0707 0 -20.0707 0 0 20.0707 0
13.8939 0 -13.8939 0 0 13.8939 0
13.7119 0 -13.7119 0 0 13.7119 0
13.7537 0 -13.7537 0 0 13.7537 0
13.7352 0 -13.7352 0 0 13.7352 0
6.83778 0 -6.83778 0 0 6.83778 0
6.74478 0 -6.74478 0 0 6.74478 0
-1.05244 0 1.05244 0 0 -1.05244 0
-1.01783 0 1.01783 0 0 -1.01783 0
-1.07502 0 1.07502 0 0 -1.07502 0
-9.91318 0 9.91318 0 0 -9.91318 0
-9.97568 0 9.97568 0 0 -9.97568 0
-17.0741 0 17.0741 0 0 -17.0741 0
-17.0759 0 17.0759 0 0 -17.0759 0
-17.0362 0 17.0362 0 0 -17.0362 0
-17.1097 0 17.1097 0 0 -17.1097 0
-20.6277 0 20.6277 0 0 -20.6277 0
-20.6416 0 20.6416 0 0 -20.6416 0
-24.0765 0 24.0765 0 0 -24.0765 0
-27.5236 0 27.5236 0 0 -27.5236 0
-27.5638 0 27.5638 0 0 -27.5638 0
-31.5005 0 31.5005 0 0 -31.5005 0
-31.6057 0 31.6057 0 0 -31.6057 0
-35.7846 0 35.7846 0 0 -35.7846 0
-40.6231 0 40.6231 0 0 -40.6231 0
-40.5748 0 40.5748 0 0 -40.5748 0
-37.6343 0 37.6343 0 0 -37.6343 0
-37.6699 0 37.6699 0 0 -37.6699 0
-37.535 0 37.535 0 0 -37.535 0
-34.1031 0 34.1031 0 0 -34.1031 0
-34.0369 0 34.0369 0 0 -34.0369 0
-34.042 0 34.042 0 0 -34.042 0
-34.0242 0 34.0242 0 0 -34.0242 0
-29.6987 0 29.6987 0 0 -29.6987 0
-29.6173 0 29.6173 0 0 -29.6173 0
-29.6351 0 29.6351 0 0 -29.6351 0
-29.5765 0 29.5765 0 0 -29.5765 0
-24.7877 0 24.7877 0 0 -24.7877 0
-24.7725 0 24.7725 0 0 -24.7725 0
-24.7215 0 24.7215 0 0 -24.7215 0
-24.7241 0 24.7241 0 0 -24.7241 0
-19.4526 0 19.4526 0 0 -19.4526 0
-19.4602 0 19.4602 0 0 -19.4602 0
-13.583 0 13.583 0 0 -13.583 0
-13.5344 0 13.5344 0 0 -13.5344 0
-6.50853 0 6.50853 0 0 -6.50853 0
-6.5956 0 6.5956 0 0 -6.5956 0
0.0506482 0 -0.0506482 0 0 0.0506482 0
9.30815 0 -9.30815 0 0 9.30815 0
9.2436 0 -9.2436 0 0 9.2436 0
17.0368 0 -17.0368 0 0 17.0368 0
17.1301 0 -17.1301 0 0 17.1301 0
17.1477 0 -17.1477 0 0 17.1477 0
17.1079 0 -17.1079 0 0 17.1079 0
17.2481 0 -17.2481 0 0 17.2481 0
17.2581 0 -17.2581 0 0 17.2581 0
17.3491 0 -17.3491 0 0 17.3491 0
24.865 0 -24.865 0 0 24.865 0
24.8736 0 -24.8736 0 0 24.8736 0
24.9173 0 -24.9173 0 0 24.9173 0
24.9344 0 -24.9344 0 0 24.9344 0
24.9253 0 -24.9253 0 0 24.9253 0
31.4281 0 -31.4281 0 0 31.4281 0
31.4561 0 -31.4561 0 0 31.4561 0
34.6705 0 -34.6705 0 0 34.6705 0
37.9104 0 -37.9104 0 0 37.9104 0
40.9942 0 -40.9942 0 0 40.9942 0
41.0205 0 -41.0205 0 0 41.0205 0
41.0292 0 -41.0292 0 0 41.0292 0
41.0744 0 -41.0744 0 0 41.0744 0
41.0204 0 -41.0204 0 0 41.0204 0
41.0687 0 -41.0687 0 0 41.0687 0
44.4372 0 -44.4372 0 0 44.4372 0
44.4715 0 -44.4715 0 0 44.4715 0
41.0027 0 -41.0027 0 0 41.0027 0
40.9775 0 -40.9775 0 0 40.9775 0
40.8514 0 -40.8514 0 0 40.8514 0
40.7477 0 -40.7477 0 0 40.7477 0
40.7337 0 -40.7337 0 0 40.7337 0
36.4663 0 -36.4663 0 0 36.4663 0
36.4944 0 -36.4944 0 0 36.4944 0
31.3052 0 -31.3052 0 0 31.3052 0
31.3248 0 -31.3248 0 0 31.3248 0
26.0432 0 -26.0432 0 0 26.0432 0
19.7394 0 -19.7394 0 0 19.7394 0
19.7144 0 -19.7144 0 0 19.7144 0
19.7402 0 -19.7402 0 0 19.7402 0
19.6298 0 -19.6298 0 0 19.6298 0
19.7049 0 -19.7049 0 0 19.7049 0
19.6309 0 -19.6309 0 0 19.6309 0
19.6214 0 -19.6214 0 0 19.6214 0
19.6581 0 -19.6581 0 0 19.6581 0
12.4894 0 -12.4894 0 0 12.4894 0
4.77847 0 -4.77847 0 0 4.77847 0
4.74204 0 -4.74204 0 0 4.74204 0
-2.70663 0 2.70663 0 0 -2.70663 0
-10.215 0 10.215 0 0 -10.215 0
-10.3451 0 10.3451 0 0 -10.3451 0
-10.3113 0 10.3113 0 0 -10.3113 0
-10.4172 0 10.4172 0 0 -10.4172 0
-17.4856 0 17.4856 0 0 -17.4856 0
-17.4978 0 17.4978 0 0 -17.4978 0
-24.1133 0 24.1133 0 0 -24.1133 0
-30.0411 0 30.0411 0 0 -30.0411 0
-30.0754 0 30.0754 0 0 -30.0754 0
-30.1015 0 30.1015 0 0 -30.1015 0
-30.1463 0 30.1463 0 0 -30.1463 0
-32.9371 0 32.9371 0 0 -32.9371 0
-32.9346 0 32.9346 0 0 -32.9346 0
-33.0478 0 33.0478 0 0 -33.0478 0
-35.8282 0 35.8282 0 0 -35.8282 0
-35.8946 0 35.8946 0 0 -35.8946 0
-35.8869 0 35.8869 0 0 -35.8869 0
-35.9024 0 35.9024 0 0 -35.9024 0
-35.9206 0 35.9206 0 0 -35.9206 0
-35.9219 0 35.9219 0 0 -35.9219 0
-35.8888 0 35.8888 0 0 -35.8888 0
-38.5825 0 38.5825 0 0 -38.5825 0
-38.5748 0 38.5748 0 0 -38.5748 0
-38.6072 0 38.6072 0 0 -38.6072 0
-38.6085 0 38.6085 0 0 -38.6085 0
-38.6111 0 38.6111 0 0 -38.6111 0
-41.4814 0 41.4814 0 0 -41.4814 0
-38.4217 0 38.4217 0 0 -38.4217 0
-38.3789 0 38.3789 0 0 -38.3789 0
-34.6805 0 34.6805 0 0 -34.6805 0
-34.6026 0 34.6026 0 0 -34.6026 0
-29.7653 0 29.7653 0 0 -29.7653 0
-24.6715 0 24.6715 0 0 -24.6715 0
-24.6941 0 24.6941 0 0 -24.6941 0
-19.2798 0 19.2798 0 0 -19.2798 0
-12.8291 0 12.8291 0 0 -12.8291 0
-12.8112 0 12.8112 0 0 -12.8112 0
-12.8512 0 12.8512 0 0 -12.8512 0
-12.8459 0 12.8459 0 0 -12.8459 0
-12.8764 0 12.8764 0 0 -12.8764 0
-12.8789 0 12.8789 0 0 -12.8789 0
-12.8525 0 12.8525 0 0 -12.8525 0
-12.848 0 12.848 0 0 -12.848 0
-6.27407 0 6.27407 0 0 -6.27407 0
2.26981 0 -2.26981 0 0 2.26981 0
10.9194 0 -10.9194 0 0 10.9194 0
19.4644 0 -19.4644 0 0 19.4644 0
26.9106 0 -26.9106 0 0 26.9106 0
32.7586 0 -32.7586 0 0 32.7586 0
32.8248 0 -32.8248 0 0 32.8248 0
32.8192 0 -32.8192 0 0 32.8192 0
35.9003 0 -35.9003 0 0 35.9003 0
35.9377 0 -35.9377 0 0 35.9377 0
39.0663 0 -39.0663 0 0 39.0663 0
39.0835 0 -39.0835 0 0 39.0835 0
39.1296 0 -39.1296 0 0 39.1296 0
39.1016 0 -39.1016 0 0 39.1016 0
42.0653 0 -42.0653 0 0 42.0653 0
45.3042 0 -45.3042 0 0 45.3042 0
41.2082 0 -41.2082 0 0 41.2082 0
41.2193 0 -41.2193 0 0 41.2193 0
41.1583 0 -41.1583 0 0 41.1583 0
41.1417 0 -41.1417 0 0 41.1417 0
36.6854 0 -36.6854 0 0 36.6854 0
36.7381 0 -36.7381 0 0 36.7381 0
31.3091 0 -31.3091 0 0 31.3091 0
25.93 0 -25.93 0 0 25.93 0
19.7564 0 -19.7564 0 0 19.7564 0
12.3396 0 -12.3396 0 0 12.3396 0
12.3091 0 -12.3091 0 0 12.3091 0
12.2495 0 -12.2495 0 0 12.2495 0
12.2761 0 -12.2761 0 0 12.2761 0
12.2625 0 -12.2625 0 0 12.2625 0
3.84194 0 -3.84194 0 0 3.84194 0
3.82365 0 -3.82365 0 0 3.82365 0
-3.46321 0 3.46321 0 0 -3.46321 0
-11.1137 0 11.1137 0 0 -11.1137 0
-11.0541 0 11.0541 0 0 -11.0541 0
-11.1089 0 11.1089 0 0 -11.1089 0
-18.4233 0 18.4233 0 0 -18.4233 0
-18.5434 0 18.5434 0 0 -18.5434 0
-18.6867 0 18.6867 0 0 -18.6867 0
-25.327 0 25.327 0 0 -25.327 0
-25.3177 0 25.3177 0 0 -25.3177 0
-25.3569 0 25.3569 0 0 -25.3569 0
-30.9779 0 30.9779 0 0 -30.9779 0
-30.9998 0 30.9998 0 0 -30.9998 0
-31.014 0 31.014 0 0 -31.014 0
-31.0256 0 31.0256 0 0 -31.0256 0
-33.8065 0 33.8065 0 0 -33.8065 0
-33.8039 0 33.8039 0 0 -33.8039 0
-33.8438 0 33.8438 0 0 -33.8438 0
-36.7239 0 36.7239 0 0 -36.7239 0
-39.3952 0 39.3952 0 0 -39.3952 0
-39.4106 0 39.4106 0 0 -39.4106 0
-42.2464 0 42.2464 0 0 -42.2464 0
-42.2289 0 42.2289 0 0 -42.2289 0
-42.2339 0 42.2339 0 0 -42.2339 0
-42.2745 0 42.2745 0 0 -42.2745 0
-37.1059 0 37.1059 0 0 -37.1059 0
-34.677 0 34.677 0 0 -34.677 0
-34.59 0 34.59 0 0 -34.59 0
-34.585 0 34.585 0 0 -34.585 0
-29.9534 0 29.9534 0 0 -29.9534 0
-29.9459 0 29.9459 0 0 -29.9459 0
-24.8444 0 24.8444 0 0 -24.8444 0
-24.7599 0 24.7599 0 0 -24.7599 0
-19.3499 0 19.3499 0 0 -19.3499 0
-19.2527 0 19.2527 0 0 -19.2527 0
-13.0879 0 13.0879 0 0 -13.0879 0
-5.09903 0 5.09903 0 0 -5.09903 0
2.96933 0 -2.93414 0 0 2.93414 0
2.95136 0 -2.95031 0 0 2.95031 0
6.10675 0 -6.10676 0 0 6.10676 0
23.1472 0 -23.1472 0 0 23.1472 0
23.2117 0 -23.2117 0 0 23.2117 0
35.7573 0 -35.7573 0 0 35.7573 0
44.4316 0 -44.4316 0 0 44.4316 0
44.51 0 -44.51 0 0 44.51 0
44.5157 0 -44.5157 0 0 44.5157 0
44.5442 0 -44.5442 0 0 44.5442 0
54.4036 0 -54.4036 0 0 54.4036 0
54.4427 0 -54.4427 0 0 54.4427 0
63.9511 0 -63.9511 0 0 63.9511 0
64.0521 0 -64.0521 0 0 64.0521 0
73.4057 0 -73.4057 0 0 73.4057 0
73.4774 0 -73.4774 0 0 73.4774 0
83.3867 0 -83.3867 0 0 83.3867 0
83.3948 0 -83.3948 0 0 83.3948 0
89.6243 0 -89.6243 0 0 89.6243 0
88.7698 0 -88.7698 0 0 88.7698 0
88.4856 0 -88.4856 0 0 88.4856 0
88.4515 0 -88.4515 0 0 88.4515 0
88.7205 0 -88.7205 0 0 88.7205 0
89.3875 0 -89.3875 0 0 89.3875 0
89.431 0 -89.431 0 0 89.431 0
89.4614 0 -89.4614 0 0 89.4614 0
89.5182 0 -89.5182 0 0 89.5182 0
89.5125 0 -89.5125 0 0 89.5125 0
89.5315 0 -89.5315 0 0 89.5315 0
89.522 0 -89.522 0 0 89.522 0
89.5428 0 -89.5428 0 0 89.5428 0
89.5788 0 -89.5788 0 0 89.5788 0
78.3263 0 -78.3263 0 0 78.3263 0
78.3169 0 -78.3169 0 0 78.3169 0
78.0156 0 -78.0156 0 0 78.0156 0
64.859 0 -64.859 0 0 64.859 0
64.8154 0 -64.8154 0 0 64.8154 0
54.8096 0 -54.8096 0 0 54.8096 0
54.766 0 -54.766 0 0 54.766 0
43.9171 0 -43.9171 0 0 43.9171 0
43.8963 0 -43.8963 0 0 43.8963 0
32.5794 0 -32.5794 0 0 32.5794 0
32.5207 0 -32.5207 0 0 32.5207 0
21.3383 0 -21.3383 0 0 21.3383 0
21.3174 0 -21.3174 0 0 21.3174 0
21.3629 0 -21.3629 0 0 21.3629 0
21.3231 0 -21.3231 0 0 21.3231 0
21.3421 0 -21.3421 0 0 21.3421 0
21.38 0 -21.38 0 0 21.38 0
21.3136 0 -21.3136 0 0 21.3136 0
21.2947 0 -21.2947 0 0 21.2947 0
8.81863 0 -8.81863 0 0 8.81863 0
8.76824 0 -8.76824 0 0 8.76824 0
-2.58267 0 2.58267 0 0 -2.58267 0
-2.62893 0 2.62893 0 0 -2.62893 0
-3.06935 0 3.06935 0 0 -3.06935 0
-17.3348 0 17.3348 0 0 -17.3348 0
-17.7517 0 17.7517 0 0 -17.7517 0
-17.7562 0 17.7562 0 0 -17.7562 0
-17.839 0 17.839 0 0 -17.839 0
-33.2004 0 33.2004 0 0 -33.2004 0
-33.2307 0 33.2307 0 0 -33.2307 0
-41.1061 0 41.1061 0 0 -41.1061 0
-41.1197 0 41.1197 0 0 -41.1197 0
-41.1565 0 41.1565 0 0 -41.1565 0
-41.1092 0 41.1092 0 0 -41.1092 0
-41.1701 0 41.1701 0 0 -41.1701 0
-50.2113 0 50.2113 0 0 -50.2113 0
-50.2602 0 50.2602 0 0 -50.2602 0
-58.8388 0 58.8388 0 0 -58.8388 0
-58.8625 0 58.8625 0 0 -58.8625 0
-58.8005 0 58.8005 0 0 -58.8005 0
-67.748 0 67.748 0 0 -67.748 0
-67.7346 0 67.7346 0 0 -67.7346 0
-67.4325 0 67.4325 0 0 -67.4325 0
-67.3555 0 67.3555 0 0 -67.3555 0
-76.3993 0 76.3993 0 0 -76.3993 0
-76.6587 0 76.6587 0 0 -76.6587 0
-76.8069 0 76.8069 0 0 -76.8069 0
-76.6642 0 76.6642 0 0 -76.6642 0
-76.6136 0 76.6136 0 0 -76.6136 0
-81.1471 0 81.1471 0 0 -81.1471 0
-80.6258 0 80.6258 0 0 -80.6258 0
-70.8602 0 70.8602 0 0 -70.8602 0
-70.8209 0 70.8209 0 0 -70.8209 0
-60.2742 0 60.2742 0 0 -60.2742 0
-60.5015 0 60.5015 0 0 -60.5015 0
-60.5989 0 60.5989 0 0 -60.5989 0
-49.9291 0 49.9291 0 0 -49.9291 0
-50.2932 0 50.2932 0 0 -50.2932 0
-40.0968 0 40.0968 0 0 -40.0968 0
-40.0712 0 40.0712 0 0 -40.0712 0
-40.1003 0 40.1003 0 0 -40.1003 0
-40.0986 0 40.0986 0 0 -40.0986 0
-40.0695 0 40.0695 0 0 -40.0695 0
-29.5997 0 29.5997 0 0 -29.5997 0
-29.6083 0 29.6083 0 0 -29.6083 0
-29.6048 0 29.6048 0 0 -29.6048 0
-29.5775 0 29.5775 0 0 -29.5775 0
-29.5758 0 29.5758 0 0 -29.5758 0
-29.5655 0 29.5655 0 0 -29.5655 0
-19.6922 0 19.6922 0 0 -19.6922 0
-19.7008 0 19.7008 0 0 -19.7008 0
-8.9507 0 8.9507 0 0 -8.9507 0
-8.93993 0 8.93993 0 0 -8.93993 0
-8.94557 0 8.94557 0 0 -8.94557 0
-8.98932 0 8.98932 0 0 -8.98932 0
-9.37694 0 9.37694 0 0 -9.37694 0
-9.37284 0 9.37284 0 0 -9.37284 0
-9.39164 0 9.39164 0 0 -9.39164 0
-9.339 0 9.339 0 0 -9.339 0
2.4945 0 -2.4945 0 0 2.4945 0
2.42637 0 -2.42637 0 0 2.42637 0
2.05215 0 -2.05215 0 0 2.05215 0
13.6036 0 -13.6036 0 0 13.6036 0
24.0778 0 -24.0778 0 0 24.0778 0
36.3818 0 -36.3818 0 0 36.3818 0
47.873 0 -47.873 0 0 47.873 0
47.9033 0 -47.9033 0 0 47.9033 0
47.9715 0 -47.9715 0 0 47.9715 0
47.9412 0 -47.9412 0 0 47.9412 0
47.9299 0 -47.9299 0 0 47.9299 0
47.9659 0 -47.9659 0 0 47.9659 0
47.9545 0 -47.9545 0 0 47.9545 0
47.9943 0 -47.9943 0 0 47.9943 0
59.1842 0 -59.1842 0 0 59.1842 0
59.1463 0 -59.1463 0 0 59.1463 0
59.1634 0 -59.1634 0 0 59.1634 0
70.1033 0 -70.1033 0 0 70.1033 0
70.45 0 -70.45 0 0 70.45 0
70.522 0 -70.522 0 0 70.522 0
70.503 0 -70.503 0 0 70.503 0
70.522 0 -70.522 0 0 70.522 0
70.5333 0 -70.5333 0 0 70.5333 0
70.5125 0 -70.5125 0 0 70.5125 0
70.5637 0 -70.5637 0 0 70.5637 0
70.5712 0 -70.5712 0 0 70.5712 0
82.1155 0 -82.1155 0 0 82.1155 0
82.1553 0 -82.1553 0 0 82.1553 0
89.5997 0 -89.5997 0 0 89.5997 0
89.5618 0 -89.5618 0 0 89.5618 0
89.6257 0 -89.6257 0 0 89.6257 0
77.5153 0 -77.5153 0 0 77.5153 0
77.9757 0 -77.9757 0 0 77.9757 0
77.9833 0 -77.9833 0 0 77.9833 0
64.5523 0 -64.5523 0 0 64.5523 0
64.7626 0 -64.7626 0 0 64.7626 0
64.7796 0 -64.7796 0 0 64.7796 0
64.7702 0 -64.7702 0 0 64.7702 0
54.2133 0 -54.2133 0 0 54.2133 0
54.2455 0 -54.2455 0 0 54.2455 0
54.1963 0 -54.1963 0 0 54.1963 0
43.9331 0 -43.9331 0 0 43.9331 0
43.9388 0 -43.9388 0 0 43.9388 0
43.9501 0 -43.9501 0 0 43.9501 0
43.9179 0 -43.9179 0 0 43.9179 0
43.4367 0 -43.4367 0 0 43.4367 0
42.999 0 -42.999 0 0 42.999 0
32.4858 0 -32.4858 0 0 32.4858 0
32.0386 0 -32.0386 0 0 32.0386 0
32.0746 0 -32.0746 0 0 32.0746 0
20.6936 0 -20.6936 0 0 20.6936 0
20.686 0 -20.686 0 0 20.686 0
9.82814 0 -9.82814 0 0 9.82814 0
9.82776 0 -9.82776 0 0 9.82776 0
9.81544 0 -9.81544 0 0 9.81544 0
-0.760833 0 0.760833 0 0 -0.760833 0
-10.5644 0 10.5644 0 0 -10.5644 0
-10.5468 0 10.5468 0 0 -10.5468 0
-10.5928 0 10.5928 0 0 -10.5928 0
-10.5441 0 10.5441 0 0 -10.5441 0
-10.5475 0 10.5475 0 0 -10.5475 0
-21.7382 0 21.7382 0 0 -21.7382 0
-21.9056 0 21.9056 0 0 -21.9056 0
-21.9296 0 21.9296 0 0 -21.9296 0
-21.9347 0 21.9347 0 0 -21.9347 0
-31.4013 0 31.4013 0 0 -31.4013 0
-41.9206 0 41.9206 0 0 -41.9206 0
-51.8195 0 51.8195 0 0 -51.8195 0
-62.2688 0 62.2688 0 0 -62.2688 0
-62.1116 0 62.1116 0 0 -62.1116 0
-62.1577 0 62.1577 0 0 -62.1577 0
-72.6292 0 72.6292 0 0 -72.6292 0
-72.5318 0 72.5318 0 0 -72.5318 0
-72.5472 0 72.5472 0 0 -72.5472 0
-81.1932 0 81.1663 0 0 -81.1663 0
-70.7732 0 70.768 0 0 -70.768 0
-70.7805 0 70.7806 0 0 -70.7806 0
-70.7993 0 70.7993 0 0 -70.7993 0
-60.479 0 60.479 0 0 -60.479 0
-60.467 0 60.467 0 0 -60.467 0
-46.6154 0 46.6154 0 0 -46.6154 0
-39.8518 0 39.8518 0 0 -39.8518 0
-39.8467 0 39.8467 0 0 -39.8467 0
-39.8399 0 39.8399 0 0 -39.8399 0
-39.8125 0 39.8125 0 0 -39.8125 0
-29.7518 0 29.7518 0 0 -29.7518 0
-19.5886 0 19.5886 0 0 -19.5886 0
-19.5066 0 19.5066 0 0 -19.5066 0
-19.2896 0 19.2896 0 0 -19.2896 0
-19.293 0 19.293 0 0 -19.293 0
-19.2845 0 19.2845 0 0 -19.2845 0
-9.29331 0 9.29331 0 0 -9.29331 0
2.1163 0 -2.1163 0 0 2.1163 0
2.12557 0 -2.12557 0 0 2.12557 0
2.09679 0 -2.09679 0 0 2.09679 0
2.16369 0 -2.16369 0 0 2.16369 0
13.3328 0 -13.3328 0 0 13.3328 0
13.3133 0 -13.3133 0 0 13.3133 0
13.3862 0 -13.3862 0 0 13.3862 0
24.2701 0 -24.2701 0 0 24.2701 0
36.1967 0 -36.1967 0 0 36.1967 0
36.1361 0 -36.1361 0 0 36.1361 0
36.1702 0 -36.1702 0 0 36.1702 0
36.191 0 -36.191 0 0 36.191 0
47.8051 0 -47.8051 0 0 47.8051 0
58.7447 0 -58.7447 0 0 58.7447 0
70.4629 0 -70.4629 0 0 70.4629 0
81.6886 0 -81.6886 0 0 81.6886 0
89.3888 0 -89.3888 0 0 89.3888 0
89.4234 0 -89.4234 0 0 89.4234 0
78.4516 0 -78.4516 0 0 78.4516 0
78.1788 0 -78.1788 0 0 78.1788 0
78.1504 0 -78.1504 0 0 78.1504 0
78.1466 0 -78.1466 0 0 78.1466 0
78.1447 0 -78.1447 0 0 78.1447 0
66.6481 0 -66.6481 0 0 66.6481 0
66.6046 0 -66.6046 0 0 66.6046 0
55.468 0 -55.468 0 0 55.468 0
55.4509 0 -55.4509 0 0 55.4509 0
43.5602 0 -43.5602 0 0 43.5602 0
43.8406 0 -43.8406 0 0 43.8406 0
43.8615 0 -43.8615 0 0 43.8615 0
43.8293 0 -43.8293 0 0 43.8293 0
43.9145 0 -43.9145 0 0 43.9145 0
43.888 0 -43.888 0 0 43.888 0
32.6567 0 -32.6567 0 0 32.6567 0
21.2435 0 -21.2435 0 0 21.2435 0
21.2472 0 -21.2472 0 0 21.2472 0
21.1544 0 -21.1544 0 0 21.1544 0
20.8418 0 -20.8418 0 0 20.8418 0
21.0294 0 -21.0294 0 0 21.0294 0
21.2927 0 -21.2927 0 0 21.2927 0
9.85335 0 -9.85335 0 0 9.85335 0
9.84123 0 -9.84123 0 0 9.84123 0
9.82683 0 -9.82683 0 0 9.82683 0
9.8346 0 -9.8346 0 0 9.8346 0
9.83498 0 -9.83498 0 0 9.83498 0
9.94316 0 -9.94316 0 0 9.94316 0
9.90394 0 -9.90394 0 0 9.90394 0
9.88594 0 -9.88594 0 0 9.88594 0
9.86472 0 -9.86472 0 0 9.86472 0
-0.350129 0 0.350129 0 0 -0.350129 0
-0.331388 0 0.331388 0 0 -0.331388 0
-0.323512 0 0.323512 0 0 -0.323512 0
-10.6049 0 10.6049 0 0 -10.6049 0
-10.6772 0 10.6772 0 0 -10.6772 0
-10.6737 0 10.6737 0 0 -10.6737 0
-10.6397 0 10.6397 0 0 -10.6397 0
-10.6773 0 10.6773 0 0 -10.6773 0
-10.6768 0 10.6768 0 0 -10.6768 0
-20.697 0 20.697 0 0 -20.697 0
-20.6697 0 20.6697 0 0 -20.6697 0
-30.9645 0 30.9645 0 0 -30.9645 0
-31.014 0 31.014 0 0 -31.014 0
-31.0738 0 31.0738 0 0 -31.0738 0
-41.6488 0 41.6488 0 0 -41.6488 0
-41.6829 0 41.6829 0 0 -41.6829 0
-41.6402 0 41.6402 0 0 -41.6402 0
-41.6539 0 41.6539 0 0 -41.6539 0
-41.6539 0 41.6539 0 0 -41.6539 0
-51.5079 0 51.5079 0 0 -51.5079 0
-51.4942 0 51.4942 0 0 -51.4942 0
-61.9205 0 61.9205 0 0 -61.9205 0
-72.135 0 72.135 0 0 -72.135 0
-72.2717 0 72.2717 0 0 -72.2717 0
-72.504 0 72.504 0 0 -72.504 0
-81.151 0 81.151 0 0 -81.151 0
-81.1373 0 81.1373 0 0 -81.1373 0
-70.8101 0 70.8101 0 0 -70.8101 0
-70.8169 0 70.8169 0 0 -70.8169 0
-70.863 0 70.863 0 0 -70.863 0
-70.8152 0 70.8152 0 0 -70.8152 0
-70.805 0 70.805 0 0 -70.805 0
-70.7588 0 70.7588 0 0 -70.7588 0
-60.9014 0 60.9014 0 0 -60.9014 0
-53.118 0 53.118 0 0 -53.118 0
-39.4406 0 39.4406 0 0 -39.4406 0
-28.9579 0 28.9579 0 0 -28.9579 0
-19.7445 0 19.7445 0 0 -19.7445 0
-19.7155 0 19.7155 0 0 -19.7155 0
-19.3345 0 19.3345 0 0 -19.3345 0
-19.3089 0 19.3089 0 0 -19.3089 0
-19.3157 0 19.3157 0 0 -19.3157 0
-9.88968 0 9.88968 0 0 -9.88968 0
-9.35291 0 9.35291 0 0 -9.35291 0
-9.03105 0 9.03105 0 0 -9.03105 0
-9.17968 0 9.17968 0 0 -9.17968 0
-9.21999 0 9.21999 0 0 -9.21999 0
-9.18805 0 9.18805 0 0 -9.18805 0
2.36552 0 -2.31173 0 0 2.31173 0
16.6817 0 -16.6606 0 0 16.6606 0
30.5018 0 -30.5067 0 0 30.5067 0
45.551 0 -45.5513 0 0 45.5513 0
58.8535 0 -58.8535 0 0 58.8535 0
58.8629 0 -58.8629 0 0 58.8629 0
58.825 0 -58.825 0 0 58.825 0
58.8857 0 -58.8857 0 0 58.8857 0
58.8724 0 -58.8724 0 0 58.8724 0
58.8838 0 -58.8838 0 0 58.8838 0
73.1958 0 -73.1958 0 0 73.1958 0
73.0821 0 -73.0821 0 0 73.0821 0
84.993 0 -84.993 0 0 84.993 0
85.6962 0 -85.6962 0 0 85.6962 0
86.2328 0 -86.2328 0 0 86.2328 0
86.4083 0 -86.4083 0 0 86.4083 0
86.4318 0 -86.4318 0 0 86.4318 0
91.7599 0 -91.7599 0 0 91.7599 0
91.8469 0 -91.8469 0 0 91.8469 0
95.5351 0 -95.5351 0 0 95.5351 0
95.4854 0 -95.4854 0 0 95.4854 0
95.5094 0 -95.5094 0 0 95.5094 0
82.0352 0 -82.0352 0 0 82.0352 0
82.0506 0 -82.0506 0 0 82.0506 0
68.0702 0 -68.0702 0 0 68.0702 0
68.0531 0 -68.0531 0 0 68.0531 0
56.2089 0 -56.2089 0 0 56.2089 0
42.6043 0 -42.6043 0 0 42.6043 0
30.6108 0 -30.6108 0 0 30.6108 0
17.7251 0 -17.7251 0 0 17.7251 0
4.54603 0 -4.54603 0 0 4.54603 0
-8.22847 0 8.22847 0 0 -8.22847 0
-20.5192 0 20.5192 0 0 -20.5192 0
-34.2738 0 34.2738 0 0 -34.2738 0
-34.3028 0 34.3028 0 0 -34.3028 0
-46.6288 0 46.6288 0 0 -46.6288 0
-59.1855 0 59.1855 0 0 -59.1855 0
-59.5802 0 59.5802 0 0 -59.5802 0
-59.5887 0 59.5887 0 0 -59.5887 0
-70.956 0 70.956 0 0 -70.956 0
-71.2188 0 71.2188 0 0 -71.2188 0
-78.2571 0 78.2571 0 0 -78.2571 0
-83.0131 0 83.0131 0 0 -83.0131 0
-83.1207 0 83.1207 0 0 -83.1207 0
-86.5014 0 86.5014 0 0 -86.5014 0
-74.3269 0 74.3269 0 0 -74.3269 0
-74.3486 0 74.3486 0 0 -74.3486 0
-74.3626 0 74.3626 0 0 -74.3626 0
-57.5726 0 57.5726 0 0 -57.5726 0
-57.5849 0 57.5849 0 0 -57.5849 0
-49.2983 0 49.2983 0 0 -49.2983 0
-47.6587 0 47.6587 0 0 -47.6587 0
-37.8547 0 37.8547 0 0 -37.8547 0
-28.2566 0 28.2566 0 0 -28.2566 0
-27.8727 0 27.8727 0 0 -27.8727 0
-16.3965 0 16.3965 0 0 -16.3965 0
-7.39844 0 7.39844 0 0 -7.39844 0
-6.97574 0 6.97574 0 0 -6.97574 0
-4.54395 0 4.54395 0 0 -4.54395 0
7.98276 0 -7.98276 0 0 7.98276 0
8.01867 0 -8.01867 0 0 8.01867 0
8.17405 0 -8.17405 0 0 8.17405 0
8.50961 0 -8.50961 0 0 8.50961 0
8.48104 0 -8.48104 0 0 8.48104 0
8.46744 0 -8.46744 0 0 8.46744 0
8.42188 0 -8.42188 0 0 8.42188 0
20.7921 0 -20.7921 0 0 20.7921 0
20.9157 0 -20.9157 0 0 20.9157 0
21.2935 0 -21.2935 0 0 21.2935 0
21.2887 0 -21.2887 0 0 21.2887 0
21.2966 0 -21.2966 0 0 21.2966 0
21.2861 0 -21.2861 0 0 21.2861 0
21.3058 0 -21.3058 0 0 21.3058 0
21.2991 0 -21.2991 0 0 21.2991 0
32.8467 0 -32.8467 0 0 32.8467 0
33.3631 0 -33.3631 0 0 33.3631 0
47.5717 0 -47.5717 0 0 47.5717 0
47.5048 0 -47.5048 0 0 47.5048 0
59.8294 0 -59.8294 0 0 59.8294 0
72.5624 0 -72.5624 0 0 72.5624 0
72.6139 0 -72.6139 0 0 72.6139 0
72.5778 0 -72.5778 0 0 72.5778 0
72.5898 0 -72.5898 0 0 72.5898 0
72.5916 0 -72.5916 0 0 72.5916 0
82.1171 0 -82.1171 0 0 82.1171 0
82.1519 0 -82.1519 0 0 82.1519 0
82.1748 0 -82.1748 0 0 82.1748 0
82.1611 0 -82.1611 0 0 82.1611 0
82.1422 0 -82.1422 0 0 82.1422 0
87.676 0 -87.676 0 0 87.676 0
87.8069 0 -87.8069 0 0 87.8069 0
88.1373 0 -88.1373 0 0 88.1373 0
88.3469 0 -88.3469 0 0 88.3469 0
95.4546 0 -95.4546 0 0 95.4546 0
95.5003 0 -95.5003 0 0 95.5003 0
95.3288 0 -95.3288 0 0 95.3288 0
95.2395 0 -95.2395 0 0 95.2395 0
82.8703 0 -82.8703 0 0 82.8703 0
69.7375 0 -69.7375 0 0 69.7375 0
54.5389 0 -54.5389 0 0 54.5389 0
54.5115 0 -54.5115 0 0 54.5115 0
54.4669 0 -54.4669 0 0 54.4669 0
43.1597 0 -43.1597 0 0 43.1597 0
43.1683 0 -43.1683 0 0 43.1683 0
43.1666 0 -43.1666 0 0 43.1666 0
43.1426 0 -43.1426 0 0 43.1426 0
43.1203 0 -43.1203 0 0 43.1203 0
43.1134 0 -43.1134 0 0 43.1134 0
43.0791 0 -43.0791 0 0 43.0791 0
43.0911 0 -43.0911 0 0 43.0911 0
43.1289 0 -43.1289 0 0 43.1289 0
43.1237 0 -43.1237 0 0 43.1237 0
43.098 0 -43.098 0 0 43.098 0
30.9621 0 -30.9621 0 0 30.9621 0
17.3009 0 -17.3009 0 0 17.3009 0
17.4141 0 -17.4141 0 0 17.4141 0
17.4639 0 -17.4639 0 0 17.4639 0
5.13941 0 -5.13941 0 0 5.13941 0
-7.61809 0 7.61809 0 0 -7.61809 0
-7.63793 0 7.63793 0 0 -7.63793 0
-7.62468 0 7.62468 0 0 -7.62468 0
-7.61475 0 7.61475 0 0 -7.61475 0
-7.60636 0 7.60636 0 0 -7.60636 0
-7.23821 0 7.23821 0 0 -7.23821 0
-7.18528 0 7.18528 0 0 -7.18528 0
-7.22498 0 7.22498 0 0 -7.22498 0
-7.18012 0 7.18012 0 0 -7.18012 0
-6.60795 0 6.60795 0 0 -6.60795 0
-18.259 0 18.259 0 0 -18.259 0
-29.9596 0 29.9596 0 0 -29.9596 0
-30.2863 0 30.2863 0 0 -30.2863 0
-30.2693 0 30.2693 0 0 -30.2693 0
-30.3173 0 30.3173 0 0 -30.3173 0
-30.2631 0 30.2631 0 0 -30.2631 0
-30.3034 0 30.3034 0 0 -30.3034 0
-30.2972 0 30.2972 0 0 -30.2972 0
-41.1617 0 41.1617 0 0 -41.1617 0
-41.2051 0 41.2051 0 0 -41.2051 0
-52.5295 0 52.5295 0 0 -52.5295 0
-53.4492 0 53.4492 0 0 -53.4492 0
-64.8929 0 64.8929 0 0 -64.8929 0
-64.9099 0 64.9099 0 0 -64.9099 0
-64.93 0 64.93 0 0 -64.93 0
-64.9563 0 64.9563 0 0 -64.9563 0
-73.6498 0 73.6498 0 0 -73.6498 0
-73.6467 0 73.6467 0 0 -73.6467 0
-73.6984 0 73.6984 0 0 -73.6984 0
-79.6222 0 79.6222 0 0 -79.6222 0
-79.8403 0 79.8403 0 0 -79.8403 0
-79.9884 0 79.9884 0 0 -79.9884 0
-80.0065 0 80.0065 0 0 -80.0065 0
-80.0205 0 80.0205 0 0 -80.0205 0
-85.9262 0 85.9262 0 0 -85.9262 0
-85.9344 0 85.9344 0 0 -85.9344 0
-74.8934 0 74.8934 0 0 -74.8934 0
-61.5577 0 61.5577 0 0 -61.5577 0
-61.5205 0 61.5205 0 0 -61.5205 0
-48.5657 0 48.5657 0 0 -48.5657 0
-48.5905 0 48.5905 0 0 -48.5905 0
-48.1492 0 48.1492 0 0 -48.1492 0
-48.1554 0 48.1554 0 0 -48.1554 0
-48.1569 0 48.1569 0 0 -48.1569 0
-40.0236 0 40.0236 0 0 -40.0236 0
-28.275 0 28.275 0 0 -28.275 0
-16.9877 0 16.9877 0 0 -16.9877 0
-16.5573 0 16.5573 0 0 -16.5573 0
-5.06779 0 5.06779 0 0 -5.06779 0
-4.77422 0 4.77422 0 0 -4.77422 0
-4.88601 0 4.88601 0 0 -4.88601 0
7.47792 0 -7.47792 0 0 7.47792 0
7.8422 0 -7.8422 0 0 7.8422 0
7.88575 0 -7.88575 0 0 7.88575 0
7.93863 0 -7.93863 0 0 7.93863 0
7.91171 0 -7.91171 0 0 7.91171 0
7.91878 0 -7.91878 0 0 7.91878 0
7.94134 0 -7.94134 0 0 7.94134 0
7.91057 0 -7.91057 0 0 7.91057 0
7.95649 0 -7.95649 0 0 7.95649 0
7.96958 0 -7.96958 0 0 7.96958 0
7.97169 0 -7.97169 0 0 7.97169 0
20.7258 0 -20.7258 0 0 20.7258 0
34.0524 0 -34.0524 0 0 34.0524 0
46.2501 0 -46.2501 0 0 46.2501 0
47.005 0 -47.005 0 0 47.005 0
47.06 0 -47.06 0 0 47.06 0
59.8719 0 -59.8719 0 0 59.8719 0
59.8375 0 -59.8375 0 0 59.8375 0
72.5345 0 -72.5345 0 0 72.5345 0
81.2638 0 -81.2638 0 0 81.2638 0
81.3189 0 -81.3189 0 0 81.3189 0
87.81 0 -87.81 0 0 87.81 0
88.184 0 -88.184 0 0 88.184 0
95.2852 0 -95.2852 0 0 95.2852 0
95.2131 0 -95.2131 0 0 95.2131 0
94.9746 0 -94.9746 0 0 94.9746 0
94.616 0 -94.616 0 0 94.616 0
82.3978 0 -82.3978 0 0 82.3978 0
82.3961 0 -82.3961 0 0 82.3961 0
82.4184 0 -82.4184 0 0 82.4184 0
68.8652 0 -68.8652 0 0 68.8652 0
57.033 0 -57.033 0 0 57.033 0
56.3622 0 -56.3622 0 0 56.3622 0
56.3193 0 -56.3193 0 0 56.3193 0
56.3073 0 -56.3073 0 0 56.3073 0
43.4216 0 -43.4216 0 0 43.4216 0
43.4302 0 -43.4302 0 0 43.4302 0
43.413 0 -43.413 0 0 43.413 0
30.3248 0 -30.3248 0 0 30.3248 0
30.5307 0 -30.5307 0 0 30.5307 0
30.6972 0 -30.6972 0 0 30.6972 0
16.9982 0 -16.9982 0 0 16.9982 0
17.0033 0 -17.0033 0 0 17.0033 0
5.30207 0 -5.30207 0 0 5.30207 0
4.94227 0 -4.94227 0 0 4.94227 0
4.83451 0 -4.83451 0 0 4.83451 0
4.89302 0 -4.89302 0 0 4.89302 0
4.93043 0 -4.93043 0 0 4.93043 0
4.88564 0 -4.88564 0 0 4.88564 0
4.93746 0 -4.93746 0 0 4.93746 0
4.90898 0 -4.90898 0 0 4.90898 0
4.91721 0 -4.91721 0 0 4.91721 0
4.93815 0 -4.93815 0 0 4.93815 0
4.93163 0 -4.93163 0 0 4.93163 0
4.94209 0 -4.94209 0 0 4.94209 0
-8.41357 0 8.41357 0 0 -8.41357 0
-18.0989 0 18.0989 0 0 -18.0989 0
-17.9207 0 17.9207 0 0 -17.9207 0
-18.2734 0 18.2734 0 0 -18.2734 0
-18.3008 0 18.3008 0 0 -18.3008 0
-18.3066 0 18.3066 0 0 -18.3066 0
-18.3112 0 18.3112 0 0 -18.3112 0
-18.3018 0 18.3018 0 0 -18.3018 0
-33.8023 0 33.8023 0 0 -33.8023 0
-33.7915 0 33.7915 0 0 -33.7915 0
-33.7667 0 33.7667 0 0 -33.7667 0
-40.7481 0 40.7481 0 0 -40.7481 0
-53.2461 0 53.2461 0 0 -53.2461 0
-53.1703 0 53.1703 0 0 -53.1703 0
-52.9643 0 52.9643 0 0 -52.9643 0
-64.5179 0 64.5179 0 0 -64.5179 0
-73.7436 0 73.7436 0 0 -73.7436 0
-73.7502 0 73.7502 0 0 -73.7502 0
-73.7634 0 73.7634 0 0 -73.7634 0
-79.5836 0 79.5836 0 0 -79.5836 0
-79.9437 0 79.9437 0 0 -79.9437 0
-80.1382 0 80.1382 0 0 -80.1382 0
-85.9897 0 85.9897 0 0 -85.9897 0
-69.6704 0 69.6704 0 0 -69.6704 0
-69.9692 0 69.9692 0 0 -69.9692 0
-69.9708 0 69.9708 0 0 -69.9708 0
-69.9631 0 69.9631 0 0 -69.9631 0
-63.0684 0 63.0684 0 0 -63.0684 0
-63.0157 0 63.0157 0 0 -63.0157 0
-63.0297 0 63.0297 0 0 -63.0297 0
-63.0157 0 63.0157 0 0 -63.0157 0
-52.0861 0 52.0861 0 0 -52.0861 0
-51.8972 0 51.8972 0 0 -51.8972 0
-51.648 0 51.648 0 0 -51.648 0
-51.6634 0 51.6634 0 0 -51.6634 0
-39.7631 0 39.7631 0 0 -39.7631 0
-39.5153 0 39.5153 0 0 -39.5153 0
-39.4735 0 39.4735 0 0 -39.4735 0
-26.8795 0 26.8795 0 0 -26.8795 0
-27.2356 0 27.2356 0 0 -27.2356 0
-15.394 0 15.394 0 0 -15.394 0
-5.76718 0 5.76718 0 0 -5.76718 0
8.10007 0 -8.10007 0 0 8.10007 0
25.9398 0 -25.9398 0 0 25.9398 0
28.3162 0 -28.3162 0 0 28.3162 0
46.5535 0 -46.5535 0 0 46.5535 0
65.5921 0 -65.5921 0 0 65.5921 0
81.183 0 -81.183 0 0 81.183 0
81.3713 0 -81.3713 0 0 81.3713 0
91.8105 0 -91.8105 0 0 91.8105 0
100.408 0 -100.408 0 0 100.408 0
100.523 0 -100.523 0 0 100.523 0
104.351 0 -104.351 0 0 104.351 0
107.65 0 -107.65 0 0 107.65 0
107.652 0 -107.652 0 0 107.652 0
92.1509 0 -92.1509 0 0 92.1509 0
71.684 0 -71.684 0 0 71.684 0
71.8889 0 -71.8889 0 0 71.8889 0
55.4384 0 -55.4384 0 0 55.4384 0
55.4297 0 -55.4297 0 0 55.4297 0
42.4168 0 -42.4168 0 0 42.4168 0
42.4543 0 -42.4543 0 0 42.4543 0
42.4182 0 -42.4182 0 0 42.4182 0
42.4471 0 -42.4471 0 0 42.4471 0
24.4769 0 -24.4769 0 0 24.4769 0
10.4306 0 -10.4306 0 0 10.4306 0
10.0713 0 -10.0713 0 0 10.0713 0
-5.62097 0 5.62097 0 0 -5.62097 0
-7.55792 0 7.55792 0 0 -7.55792 0
-24.9695 0 24.9695 0 0 -24.9695 0
-42.1877 0 42.1877 0 0 -42.1877 0
-42.2233 0 42.2233 0 0 -42.2233 0
-42.2109 0 42.2109 0 0 -42.2109 0
-42.2512 0 42.2512 0 0 -42.2512 0
-58.8027 0 58.8027 0 0 -58.8027 0
-67.0595 0 67.0595 0 0 -67.0595 0
-67.0829 0 67.0829 0 0 -67.0829 0
-67.069 0 67.069 0 0 -67.069 0
-75.0669 0 75.0669 0 0 -75.0669 0
-75.4623 0 75.4623 0 0 -75.4623 0
-83.4952 0 83.4952 0 0 -83.4952 0
-83.5995 0 83.5995 0 0 -83.5995 0
-83.5964 0 83.5964 0 0 -83.5964 0
-89.535 0 89.535 0 0 -89.535 0
-89.5562 0 89.5562 0 0 -89.5562 0
-94.3843 0 94.3843 0 0 -94.3843 0
-94.4099 0 94.4099 0 0 -94.4099 0
-94.4775 0 94.4775 0 0 -94.4775 0
-94.5517 0 94.5517 0 0 -94.5517 0
-94.5634 0 94.5634 0 0 -94.5634 0
-96.941 0 96.941 0 0 -96.941 0
-96.32 0 96.32 0 0 -96.32 0
-96.0056 0 96.0056 0 0 -96.0056 0
-83.1584 0 83.1584 0 0 -83.1584 0
-66.7386 0 66.7386 0 0 -66.7386 0
-51.9998 0 51.9998 0 0 -51.9998 0
-51.9959 0 51.9959 0 0 -51.9959 0
-51.9595 0 51.9595 0 0 -51.9595 0
-51.9712 0 51.9712 0 0 -51.9712 0
-51.9478 0 51.9478 0 0 -51.9478 0
-37.3988 0 37.3988 0 0 -37.3988 0
-37.3819 0 37.3819 0 0 -37.3819 0
-23.0601 0 23.0601 0 0 -23.0601 0
-8.45779 0 8.45779 0 0 -8.45779 0
-8.45 0 8.45 0 0 -8.45 0
-8.42921 0 8.42921 0 0 -8.42921 0
8.05379 0 -8.05379 0 0 8.05379 0
8.06389 0 -8.06389 0 0 8.06389 0
23.784 0 -23.784 0 0 23.784 0
40.0616 0 -40.0616 0 0 40.0616 0
40.8799 0 -40.8799 0 0 40.8799 0
40.9708 0 -40.9708 0 0 40.9708 0
56.5742 0 -56.5742 0 0 56.5742 0
56.9971 0 -56.9971 0 0 56.9971 0
70.7224 0 -70.7224 0 0 70.7224 0
77.8959 0 -77.8959 0 0 77.8959 0
78.5157 0 -78.5157 0 0 78.5157 0
85.8312 0 -85.8312 0 0 85.8312 0
94.2587 0 -94.2587 0 0 94.2587 0
100.263 0 -100.263 0 0 100.263 0
107.399 0 -107.399 0 0 107.399 0
107.658 0 -107.658 0 0 107.658 0
107.666 0 -107.666 0 0 107.666 0
107.671 0 -107.671 0 0 107.671 0
91.9153 0 -91.9153 0 0 91.9153 0
74.2442 0 -74.2442 0 0 74.2442 0
57.7243 0 -57.7243 0 0 57.7243 0
42.095 0 -42.095 0 0 42.095 0
23.9793 0 -23.9793 0 0 23.9793 0
23.9951 0 -23.9951 0 0 23.9951 0
24.1232 0 -24.1232 0 0 24.1232 0
24.28 0 -24.28 0 0 24.28 0
24.3175 0 -24.3175 0 0 24.3175 0
8.57163 0 -8.57163 0 0 8.57163 0
-8.30799 0 8.30799 0 0 -8.30799 0
-8.68006 0 8.68006 0 0 -8.68006 0
-20.2552 0 20.2552 0 0 -20.2552 0
-34.491 0 34.491 0 0 -34.491 0
-48.7101 0 48.7101 0 0 -48.7101 0
-49.1128 0 49.1128 0 0 -49.1128 0
-63.8044 0 63.8044 0 0 -63.8044 0
-63.9413 0 63.9413 0 0 -63.9413 0
-70.7324 0 70.7324 0 0 -70.7324 0
-76.9695 0 76.9695 0 0 -76.9695 0
-83.2089 0 83.2089 0 0 -83.2089 0
-83.3973 0 83.3973 0 0 -83.3973 0
-89.3085 0 89.3085 0 0 -89.3085 0
-96.4952 0 96.4952 0 0 -96.4952 0
-82.7451 0 82.7451 0 0 -82.7451 0
-67.1086 0 67.1086 0 0 -67.1086 0
-67.0774 0 67.0774 0 0 -67.0774 0
-67.0774 0 67.0774 0 0 -67.0774 0
-52.288 0 52.288 0 0 -52.288 0
-52.11 0 52.11 0 0 -52.11 0
-52.1009 0 52.1009 0 0 -52.1009 0
-39.016 0 39.016 0 0 -39.016 0
-37.9117 0 37.9117 0 0 -37.9117 0
-37.6064 0 37.6064 0 0 -37.6064 0
-37.5908 0 37.5908 0 0 -37.5908 0
-37.557 0 37.557 0 0 -37.557 0
-37.5453 0 37.5453 0 0 -37.5453 0
-37.5583 0 37.5583 0 0 -37.5583 0
-37.5713 0 37.5713 0 0 -37.5713 0
-20.9631 0 20.9631 0 0 -20.9631 0
-21.0683 0 21.0683 0 0 -21.0683 0
-20.9852 0 20.9852 0 0 -20.9852 0
-7.46891 0 7.46891 0 0 -7.46891 0
-7.43254 0 7.43254 0 0 -7.43254 0
8.56653 0 -8.56653 0 0 8.56653 0
8.48596 0 -8.48596 0 0 8.48596 0
23.7174 0 -23.7174 0 0 23.7174 0
39.0826 0 -39.0826 0 0 39.0826 0
39.074 0 -39.074 0 0 39.074 0
39.1229 0 -39.1229 0 0 39.1229 0
55.4932 0 -55.4932 0 0 55.4932 0
55.5018 0 -55.5018 0 0 55.5018 0
55.8731 0 -55.8731 0 0 55.8731 0
55.9249 0 -55.9249 0 0 55.9249 0
55.876 0 -55.876 0 0 55.876 0
70.3829 0 -70.3829 0 0 70.3829 0
70.4032 0 -70.4032 0 0 70.4032 0
77.9381 0 -77.9381 0 0 77.9381 0
85.0619 0 -85.0619 0 0 85.0619 0
92.6079 0 -92.6079 0 0 92.6079 0
92.6203 0 -92.6203 0 0 92.6203 0
99.7761 0 -99.7761 0 0 99.7761 0
99.8172 0 -99.8172 0 0 99.8172 0
99.8198 0 -99.8198 0 0 99.8198 0
99.8922 0 -99.8922 0 0 99.8922 0
107.745 0 -107.745 0 0 107.745 0
88.537 0 -88.537 0 0 88.537 0
88.2026 0 -88.2026 0 0 88.2026 0
87.8881 0 -87.8881 0 0 87.8881 0
71.178 0 -71.178 0 0 71.178 0
71.1695 0 -71.1695 0 0 71.1695 0
71.1567 0 -71.1567 0 0 71.1567 0
71.3559 0 -71.3559 0 0 71.3559 0
54.2531 0 -54.2531 0 0 54.2531 0
39.7062 0 -39.7062 0 0 39.7062 0
23.7618 0 -23.7618 0 0 23.7618 0
7.81884 0 -7.81884 0 0 7.81884 0
-6.47691 0 6.47691 0 0 -6.47691 0
-6.4873 0 6.4873 0 0 -6.4873 0
-21.8753 0 21.8753 0 0 -21.8753 0
-21.9118 0 21.9118 0 0 -21.9118 0
-36.1467 0 36.1467 0 0 -36.1467 0
-51.2258 0 51.2258 0 0 -51.2258 0
-64.0388 0 64.0388 0 0 -64.0388 0
-64.0475 0 64.0475 0 0 -64.0475 0
-70.5287 0 70.5287 0 0 -70.5287 0
-76.8826 0 76.8826 0 0 -76.8826 0
-83.4622 0 83.4622 0 0 -83.4622 0
-90.0997 0 90.0997 0 0 -90.0997 0
-90.1373 0 90.1373 0 0 -90.1373 0
-90.1178 0 90.1178 0 0 -90.1178 0
-96.4941 0 96.4941 0 0 -96.4941 0
-82.3828 0 82.3828 0 0 -82.3828 0
-82.4166 0 82.4166 0 0 -82.4166 0
-66.6034 0 66.6034 0 0 -66.6034 0
-52.8364 0 52.8364 0 0 -52.8364 0
-36.4607 0 36.4607 0 0 -36.4607 0
-24.0423 0 24.0423 0 0 -24.0423 0
-8.17974 0 8.17974 0 0 -8.17974 0
-8.20443 0 8.20443 0 0 -8.20443 0
-8.19533 0 8.19533 0 0 -8.19533 0
6.61751 0 -6.61751 0 0 6.61751 0
6.66589 0 -6.66589 0 0 6.66589 0
6.6787 0 -6.6787 0 0 6.6787 0
6.68866 0 -6.68866 0 0 6.68866 0
6.77262 0 -6.77262 0 0 6.77262 0
6.73562 0 -6.73562 0 0 6.73562 0
23.4354 0 -23.4354 0 0 23.4354 0
23.4796 0 -23.4796 0 0 23.4796 0
23.5028 0 -23.5028 0 0 23.5028 0
44.1873 0 -44.1873 0 0 44.1873 0
65.6249 0 -65.6249 0 0 65.6249 0
65.6576 0 -65.6576 0 0 65.6576 0
65.6903 0 -65.6903 0 0 65.6903 0
65.7216 0 -65.7216 0 0 65.7216 0
65.7003 0 -65.7003 0 0 65.7003 0
76.8685 0 -76.8685 0 0 76.8685 0
76.8845 0 -76.8845 0 0 76.8845 0
86.3746 0 -86.3746 0 0 86.3746 0
96.1872 0 -96.1872 0 0 96.1872 0
96.1975 0 -96.1975 0 0 96.1975 0
96.1918 0 -96.1918 0 0 96.1918 0
96.2218 0 -96.2218 0 0 96.2218 0
105.922 0 -105.922 0 0 105.922 0
105.96 0 -105.96 0 0 105.96 0
108.133 0 -108.133 0 0 108.133 0
108.609 0 -108.609 0 0 108.609 0
108.614 0 -108.614 0 0 108.614 0
87.5247 0 -87.5247 0 0 87.5247 0
87.6264 0 -87.6264 0 0 87.6264 0
87.7027 0 -87.7027 0 0 87.7027 0
69.931 0 -69.931 0 0 69.931 0
69.9272 0 -69.9272 0 0 69.9272 0
69.8827 0 -69.8827 0 0 69.8827 0
51.3763 0 -51.3763 0 0 51.3763 0
30.5753 0 -30.5753 0 0 30.5753 0
30.7698 0 -30.7698 0 0 30.7698 0
30.7762 0 -30.7762 0 0 30.7762 0
30.7685 0 -30.7685 0 0 30.7685 0
30.78 0 -30.78 0 0 30.78 0
30.8067 0 -30.8067 0 0 30.8067 0
30.799 0 -30.799 0 0 30.799 0
30.7952 0 -30.7952 0 0 30.7952 0
13.1634 0 -13.1634 0 0 13.1634 0
-5.35132 0 5.35132 0 0 -5.35132 0
-23.673 0 23.673 0 0 -23.673 0
-41.0098 0 41.0098 0 0 -41.0098 0
-58.5395 0 58.5395 0 0 -58.5395 0
-58.4459 0 58.4459 0 0 -58.4459 0
-58.1926 0 58.1926 0 0 -58.1926 0
-58.1978 0 58.1978 0 0 -58.1978 0
-58.2329 0 58.2329 0 0 -58.2329 0
-66.4906 0 66.4906 0 0 -66.4906 0
-73.6025 0 73.6025 0 0 -73.6025 0
-81.6597 0 81.6597 0 0 -81.6597 0
-81.6751 0 81.6751 0 0 -81.6751 0
-81.6874 0 81.6874 0 0 -81.6874 0
-81.6879 0 81.6879 0 0 -81.6879 0
-81.693 0 81.693 0 0 -81.693 0
-81.7007 0 81.7007 0 0 -81.7007 0
-81.7058 0 81.7058 0 0 -81.7058 0
-87.6749 0 87.6749 0 0 -87.6749 0
-89.015 0 89.015 0 0 -89.015 0
-96.5901 0 96.5901 0 0 -96.5901 0
-97.3542 0 97.3542 0 0 -97.3542 0
-97.3631 0 97.3631 0 0 -97.3631 0
-97.364 0 97.364 0 0 -97.364 0
-97.3646 0 97.3646 0 0 -97.3646 0
-97.3663 0 97.3663 0 0 -97.3663 0
-97.805 0 97.805 0 0 -97.805 0
-79.8574 0 79.8574 0 0 -79.8574 0
-61.9934 0 61.9934 0 0 -61.9934 0
-45.5173 0 45.5173 0 0 -45.5173 0
-28.8108 0 28.8108 0 0 -28.8108 0
-28.6894 0 28.6894 0 0 -28.6894 0
-10.4747 0 10.4747 0 0 -10.4747 0
-10.2283 0 10.2283 0 0 -10.2283 0
6.66539 0 -6.66539 0 0 6.66539 0
20.8654 0 -20.8654 0 0 20.8654 0
37.726 0 -37.726 0 0 37.726 0
51.9729 0 -51.9729 0 0 51.9729 0
52.0995 0 -52.0995 0 0 52.0995 0
52.0957 0 -52.0957 0 0 52.0957 0
52.1224 0 -52.1224 0 0 52.1224 0
66.2601 0 -66.2601 0 0 66.2601 0
73.3034 0 -73.3034 0 0 73.3034 0
73.3301 0 -73.3301 0 0 73.3301 0
73.3451 0 -73.3451 0 0 73.3451 0
80.1123 0 -80.1123 0 0 80.1123 0
80.2502 0 -80.2502 0 0 80.2502 0
80.2863 0 -80.2863 0 0 80.2863 0
80.4541 0 -80.4541 0 0 80.4541 0
80.5366 0 -80.5366 0 0 80.5366 0
80.5315 0 -80.5315 0 0 80.5315 0
87.7257 0 -87.7257 0 0 87.7257 0
87.6889 0 -87.6889 0 0 87.6889 0
87.5885 0 -87.5885 0 0 87.5885 0
94.2229 0 -94.2229 0 0 94.2229 0
94.4348 0 -94.4348 0 0 94.4348 0
101.08 0 -101.08 0 0 101.08 0
108.511 0 -108.511 0 0 108.511 0
108.581 0 -108.581 0 0 108.581 0
108.615 0 -108.615 0 0 108.615 0
108.616 0 -108.616 0 0 108.616 0
91.611 0 -91.611 0 0 91.611 0
68.7506 0 -68.7506 0 0 68.7506 0
51.5903 0 -51.5903 0 0 51.5903 0
26.0863 0 -26.0863 0 0 26.0863 0
26.1193 0 -26.1193 0 0 26.1193 0
26.4155 0 -26.4155 0 0 26.4155 0
10.6825 0 -10.6825 0 0 10.6825 0
-3.90602 0 3.90602 0 0 -3.90602 0
-3.84757 0 3.84757 0 0 -3.84757 0
-19.2636 0 19.2636 0 0 -19.2636 0
-32.9318 0 32.9318 0 0 -32.9318 0
-48.6824 0 48.6824 0 0 -48.6824 0
-59.9935 0 59.9935 0 0 -59.9935 0
-65.9182 0 65.9182 0 0 -65.9182 0
-72.0263 0 72.0263 0 0 -72.0263 0
-78.6055 0 78.6055 0 0 -78.6055 0
-78.5998 0 78.5998 0 0 -78.5998 0
-84.7052 0 84.7052 0 0 -84.7052 0
-84.8337 0 84.8337 0 0 -84.8337 0
-91.0577 0 91.0577 0 0 -91.0577 0
-91.2178 0 91.2178 0 0 -91.2178 0
-97.4679 0 97.4679 0 0 -97.4679 0
-88.9066 0 88.9066 0 0 -88.9066 0
-82.2135 0 82.2135 0 0 -82.2135 0
-81.4571 0 81.4571 0 0 -81.4571 0
-80.7236 0 80.7236 0 0 -80.7236 0
-80.6892 0 80.6892 0 0 -80.6892 0
-64.0859 0 64.0859 0 0 -64.0859 0
-64.0768 0 64.0768 0 0 -64.0768 0
-64.0344 0 64.0344 0 0 -64.0344 0
-46.3893 0 46.3893 0 0 -46.3893 0
-29.2782 0 29.2782 0 0 -29.2782 0
-29.3287 0 29.3287 0 0 -29.3287 0
-29.3974 0 29.3974 0 0 -29.3974 0
-12.0423 0 12.0423 0 0 -12.0423 0
6.8108 0 -6.8108 0 0 6.8108 0
6.81496 0 -6.81496 0 0 6.81496 0
6.83372 0 -6.83372 0 0 6.83372 0
24.0279 0 -24.0279 0 0 24.0279 0
23.7826 0 -23.7826 0 0 23.7826 0
23.7699 0 -23.7699 0 0 23.7699 0
23.808 0 -23.808 0 0 23.808 0
36.7938 0 -36.7938 0 0 36.7938 0
53.826 0 -53.826 0 0 53.826 0
53.5896 0 -53.5896 0 0 53.5896 0
65.996 0 -65.996 0 0 65.996 0
73.1826 0 -73.1826 0 0 73.1826 0
73.2206 0 -73.2206 0 0 73.2206 0
73.2333 0 -73.2333 0 0 73.2333 0
73.199 0 -73.199 0 0 73.199 0
73.2399 0 -73.2399 0 0 73.2399 0
80.207 0 -80.207 0 0 80.207 0
87.4673 0 -87.4673 0 0 87.4673 0
87.4355 0 -87.4355 0 0 87.4355 0
94.6346 0 -94.6346 0 0 94.6346 0
94.6802 0 -94.6802 0 0 94.6802 0
94.6952 0 -94.6952 0 0 94.6952 0
94.7234 0 -94.7234 0 0 94.7234 0
102.248 0 -102.248 0 0 102.248 0
102.277 0 -102.277 0 0 102.277 0
102.162 0 -102.162 0 0 102.162 0
102.162 0 -102.162 0 0 102.162 0
102.188 0 -102.188 0 0 102.188 0
108.475 0 -108.475 0 0 108.475 0
108.536 0 -108.536 0 0 108.536 0
88.8875 0 -88.8875 0 0 88.8875 0
88.8494 0 -88.8494 0 0 88.8494 0
88.8748 0 -88.8748 0 0 88.8748 0
88.8494 0 -88.8494 0 0 88.8494 0
88.8748 0 -88.8748 0 0 88.8748 0
88.8748 0 -88.8748 0 0 88.8748 0
88.8621 0 -88.8621 0 0 88.8621 0
70.272 0 -70.272 0 0 70.272 0
51.5117 0 -51.5117 0 0 51.5117 0
30.7508 0 -30.7508 0 0 30.7508 0
13.1432 0 -13.1432 0 0 13.1432 0
12.4264 0 -12.4264 0 0 12.4264 0
-4.80384 0 4.80384 0 0 -4.80384 0
-19.3861 0 19.3861 0 0 -19.3861 0
-33.9021 0 33.9021 0 0 -33.9021 0
-33.6378 0 33.6378 0 0 -33.6378 0
-47.7471 0 47.7471 0 0 -47.7471 0
-59.4391 0 59.4391 0 0 -59.4391 0
-59.4623 0 59.4623 0 0 -59.4623 0
-65.8606 0 65.8606 0 0 -65.8606 0
-72.3091 0 72.3091 0 0 -72.3091 0
-78.8243 0 78.8243 0 0 -78.8243 0
-78.7463 0 78.7463 0 0 -78.7463 0
-85.2525 0 85.2525 0 0 -85.2525 0
-91.0622 0 91.0622 0 0 -91.0622 0
-97.5815 0 97.5815 0 0 -97.5815 0
-79.8287 0 79.8287 0 0 -79.8287 0
-79.8173 0 79.8173 0 0 -79.8173 0
-79.8173 0 79.8173 0 0 -79.8173 0
-63.3801 0 63.3801 0 0 -63.3801 0
-43.5483 0 43.5483 0 0 -43.5483 0
-43.6114 0 43.6114 0 0 -43.6114 0
-28.6149 0 28.6149 0 0 -28.6149 0
-13.4098 0 13.4098 0 0 -13.4098 0
4.78522 0 -4.78522 0 0 4.78522 0
21.0233 0 -21.0233 0 0 21.0233 0
37.3848 0 -37.3848 0 0 37.3848 0
60.7167 0 -60.7167 0 0 60.7167 0
73.3049 0 -73.3049 0 0 73.3049 0
83.5475 0 -83.5475 0 0 83.5475 0
83.6945 0 -83.6945 0 0 83.6945 0
84.0612 0 -84.0612 0 0 84.0612 0
84.0983 0 -84.0983 0 0 84.0983 0
94.3728 0 -94.3728 0 0 94.3728 0
94.4348 0 -94.4348 0 0 94.4348 0
104.729 0 -104.729 0 0 104.729 0
109.1 0 -109.1 0 0 109.1 0
109.798 0 -109.798 0 0 109.798 0
110.538 0 -110.538 0 0 110.538 0
110.544 0 -110.544 0 0 110.544 0
86.683 0 -86.683 0 0 86.683 0
62.5243 0 -62.5243 0 0 62.5243 0
62.2263 0 -62.2263 0 0 62.2263 0
37.4823 0 -37.4823 0 0 37.4823 0
37.4611 0 -37.4611 0 0 37.4611 0
13.709 0 -13.709 0 0 13.709 0
13.7026 0 -13.7026 0 0 13.7026 0
-6.19718 0 6.19718 0 0 -6.19718 0
-22.2547 0 22.2547 0 0 -22.2547 0
-22.2625 0 22.2625 0 0 -22.2625 0
-37.6152 0 37.6152 0 0 -37.6152 0
-53.9159 0 53.9159 0 0 -53.9159 0
-53.7511 0 53.7511 0 0 -53.7511 0
-53.6869 0 53.6869 0 0 -53.6869 0
-53.6696 0 53.6696 0 0 -53.6696 0
-63.815 0 63.815 0 0 -63.815 0
-63.8962 0 63.8962 0 0 -63.8962 0
-64.0039 0 64.0039 0 0 -64.0039 0
-64.0259 0 64.0259 0 0 -64.0259 0
-64.0338 0 64.0338 0 0 -64.0338 0
-72.1738 0 72.1738 0 0 -72.1738 0
-79.7571 0 79.7571 0 0 -79.7571 0
-79.8328 0 79.8328 0 0 -79.8328 0
-79.7205 0 79.7205 0 0 -79.7205 0
-87.4306 0 87.4306 0 0 -87.4306 0
-95.4347 0 95.4347 0 0 -95.4347 0
-98.1948 0 98.1948 0 0 -98.1948 0
-98.0525 0 98.0525 0 0 -98.0525 0
-98.2046 0 98.2046 0 0 -98.2046 0
-98.8488 0 98.8488 0 0 -98.8488 0
-99.513 0 99.513 0 0 -99.513 0
-78.5664 0 78.5664 0 0 -78.5664 0
-55.7811 0 55.7811 0 0 -55.7811 0
-56.0025 0 56.0025 0 0 -56.0025 0
-31.4461 0 31.4461 0 0 -31.4461 0
-31.4172 0 31.4172 0 0 -31.4172 0
-31.4172 0 31.4172 0 0 -31.4172 0
-12.4035 0 12.4035 0 0 -12.4035 0
-12.3756 0 12.3756 0 0 -12.3756 0
5.40385 0 -5.40385 0 0 5.40385 0
18.5486 0 -18.5486 0 0 18.5486 0
33.1795 0 -33.1795 0 0 33.1795 0
33.188 0 -33.188 0 0 33.188 0
33.2001 0 -33.2001 0 0 33.2001 0
33.2049 0 -33.2049 0 0 33.2049 0
33.2417 0 -33.2417 0 0 33.2417 0
47.0299 0 -47.0299 0 0 47.0299 0
59.7632 0 -59.7632 0 0 59.7632 0
59.5653 0 -59.5653 0 0 59.5653 0
59.5621 0 -59.5621 0 0 59.5621 0
59.6163 0 -59.6163 0 0 59.6163 0
59.8544 0 -59.8544 0 0 59.8544 0
59.8671 0 -59.8671 0 0 59.8671 0
59.881 0 -59.881 0 0 59.881 0
71.2176 0 -71.2176 0 0 71.2176 0
71.1123 0 -71.1123 0 0 71.1123 0
71.157 0 -71.157 0 0 71.157 0
71.2155 0 -71.2155 0 0 71.2155 0
71.2246 0 -71.2246 0 0 71.2246 0
71.2303 0 -71.2303 0 0 71.2303 0
71.2345 0 -71.2345 0 0 71.2345 0
71.2372 0 -71.2372 0 0 71.2372 0
71.2438 0 -71.2438 0 0 71.2438 0
76.5804 0 -76.5804 0 0 76.5804 0
76.6117 0 -76.6117 0 0 76.6117 0
76.6192 0 -76.6192 0 0 76.6192 0
83.1508 0 -83.1508 0 0 83.1508 0
83.4401 0 -83.4401 0 0 83.4401 0
90.0175 0 -90.0175 0 0 90.0175 0
90.0325 0 -90.0325 0 0 90.0325 0
90.0415 0 -90.0415 0 0 90.0415 0
90.0475 0 -90.0475 0 0 90.0475 0
97.0901 0 -97.0901 0 0 97.0901 0
97.1171 0 -97.1171 0 0 97.1171 0
103.534 0 -103.534 0 0 103.534 0
110.357 0 -110.357 0 0 110.357 0
87.5395 0 -87.5395 0 0 87.5395 0
87.3692 0 -87.3692 0 0 87.3692 0
86.8903 0 -86.8903 0 0 86.8903 0
61.2204 0 -61.2204 0 0 61.2204 0
61.2204 0 -61.2204 0 0 61.2204 0
38.9562 0 -38.9562 0 0 38.9562 0
38.722 0 -38.722 0 0 38.722 0
38.7114 0 -38.7114 0 0 38.7114 0
14.6804 0 -14.6804 0 0 14.6804 0
-4.67436 0 4.67436 0 0 -4.67436 0
-17.8012 0 17.8012 0 0 -17.8012 0
-17.804 0 17.804 0 0 -17.804 0
-17.8171 0 17.8171 0 0 -17.8171 0
-17.8291 0 17.8291 0 0 -17.8291 0
-17.8428 0 17.8428 0 0 -17.8428 0
-17.838 0 17.838 0 0 -17.838 0
-30.3865 0 30.3865 0 0 -30.3865 0
-30.1613 0 30.1613 0 0 -30.1613 0
-42.7207 0 42.7207 0 0 -42.7207 0
-55.1909 0 55.1909 0 0 -55.1909 0
-62.8362 0 62.8362 0 0 -62.8362 0
-68.8986 0 68.8986 0 0 -68.8986 0
-68.9117 0 68.9117 0 0 -68.9117 0
-68.9304 0 68.9304 0 0 -68.9304 0
-75.761 0 75.761 0 0 -75.761 0
-75.7664 0 75.7664 0 0 -75.7664 0
-75.7797 0 75.7797 0 0 -75.7797 0
-75.784 0 75.784 0 0 -75.784 0
-75.7609 0 75.7609 0 0 -75.7609 0
-75.7686 0 75.7686 0 0 -75.7686 0
-81.7968 0 81.7968 0 0 -81.7968 0
-81.662 0 81.662 0 0 -81.662 0
-87.0473 0 87.0473 0 0 -87.0473 0
-93.2693 0 93.2693 0 0 -93.2693 0
-93.3507 0 93.3507 0 0 -93.3507 0
-93.367 0 93.367 0 0 -93.367 0
-93.3806 0 93.3806 0 0 -93.3806 0
-93.3833 0 93.3833 0 0 -93.3833 0
-93.3887 0 93.3887 0 0 -93.3887 0
-99.3936 0 99.3936 0 0 -99.3936 0
-78.678 0 78.678 0 0 -78.678 0
-56.2971 0 56.2971 0 0 -56.2971 0
-31.5385 0 31.5385 0 0 -31.5385 0
-31.7502 0 31.7502 0 0 -31.7502 0
-13.9687 0 13.9687 0 0 -13.9687 0
2.94557 0 -2.94557 0 0 2.94557 0
5.25684 0 -5.25684 0 0 5.25684 0
5.31187 0 -5.31187 0 0 5.31187 0
5.28101 0 -5.28101 0 0 5.28101 0
5.30229 0 -5.30229 0 0 5.30229 0
5.3155 0 -5.3155 0 0 5.3155 0
5.3006 0 -5.3006 0 0 5.3006 0
18.7405 0 -18.7405 0 0 18.7405 0
18.7532 0 -18.7532 0 0 18.7532 0
18.7598 0 -18.7598 0 0 18.7598 0
33.4686 0 -33.4686 0 0 33.4686 0
33.2196 0 -33.2196 0 0 33.2196 0
46.1324 0 -46.1324 0 0 46.1324 0
59.4151 0 -59.4151 0 0 59.4151 0
59.4266 0 -59.4266 0 0 59.4266 0
59.6044 0 -59.6044 0 0 59.6044 0
70.3695 0 -70.3695 0 0 70.3695 0
70.2269 0 -70.2269 0 0 70.2269 0
72.871 0 -72.871 0 0 72.871 0
73.9532 0 -73.9532 0 0 73.9532 0
74.9587 0 -74.9587 0 0 74.9587 0
76.5475 0 -76.5475 0 0 76.5475 0
83.2075 0 -83.2075 0 0 83.2075 0
83.2231 0 -83.2231 0 0 83.2231 0
83.2842 0 -83.2842 0 0 83.2842 0
83.3273 0 -83.3273 0 0 83.3273 0
83.3285 0 -83.3285 0 0 83.3285 0
89.9743 0 -89.9743 0 0 89.9743 0
96.8649 0 -96.8649 0 0 96.8649 0
96.907 0 -96.907 0 0 96.907 0
96.919 0 -96.919 0 0 96.919 0
97.0094 0 -97.0094 0 0 97.0094 0
97.0154 0 -97.0154 0 0 97.0154 0
103.614 0 -103.614 0 0 103.614 0
110.3 0 -110.3 0 0 110.3 0
110.369 0 -110.369 0 0 110.369 0
110.432 0 -110.432 0 0 110.432 0
110.438 0 -110.438 0 0 110.438 0
110.459 0 -110.459 0 0 110.459 0
110.465 0 -110.465 0 0 110.465 0
110.474 0 -110.474 0 0 110.474 0
87.5822 0 -87.5822 0 0 87.5822 0
62.2742 0 -62.2742 0 0 62.2742 0
38.7221 0 -38.7221 0 0 38.7221 0
38.7009 0 -38.7009 0 0 38.7009 0
13.843 0 -13.843 0 0 13.843 0
13.8366 0 -13.8366 0 0 13.8366 0
-5.77305 0 5.77305 0 0 -5.77305 0
-19.0611 0 19.0611 0 0 -19.0611 0
-29.465 0 29.465 0 0 -29.465 0
-43.5111 0 43.5111 0 0 -43.5111 0
-53.9424 0 53.9424 0 0 -53.9424 0
-63.0148 0 63.0148 0 0 -63.0148 0
-63.0441 0 63.0441 0 0 -63.0441 0
-68.9923 0 68.9923 0 0 -68.9923 0
-69.036 0 69.036 0 0 -69.036 0
-69.0688 0 69.0688 0 0 -69.0688 0
-75.297 0 75.297 0 0 -75.297 0
-81.3203 0 81.3203 0 0 -81.3203 0
-87.5987 0 87.5987 0 0 -87.5987 0
-93.3403 0 93.3403 0 0 -93.3403 0
-99.475 0 99.475 0 0 -99.475 0
-99.3306 0 99.3306 0 0 -99.3306 0
-78.3166 0 78.3166 0 0 -78.3166 0
-78.2974 0 78.2974 0 0 -78.2974 0
-78.2589 0 78.2589 0 0 -78.2589 0
-54.126 0 54.126 0 0 -54.126 0
-35.2297 0 35.2297 0 0 -35.2297 0
-35.2201 0 35.2201 0 0 -35.2201 0
-35.1912 0 35.1912 0 0 -35.1912 0
-13.3542 0 13.3542 0 0 -13.3542 0
-13.332 0 13.332 0 0 -13.332 0
5.30811 0 -5.30811 0 0 5.30811 0
5.29321 0 -5.29321 0 0 5.29321 0
20.6743 0 -20.6743 0 0 20.6743 0
32.3323 0 -32.3323 0 0 32.3323 0
46.3644 0 -46.3644 0 0 46.3644 0
66.9378 0 -66.9378 0 0 66.9378 0
74.3004 0 -74.3004 0 0 74.3004 0
83.1243 0 -83.1243 0 0 83.1243 0
83.1397 0 -83.1397 0 0 83.1397 0
92.3808 0 -92.3808 0 0 92.3808 0
101.432 0 -101.432 0 0 101.432 0
110.396 0 -110.396 0 0 110.396 0
111.484 0 -111.484 0 0 111.484 0
111.494 0 -111.494 0 0 111.494 0
112.473 0 -112.473 0 0 112.473 0
112.477 0 -112.477 0 0 112.477 0
82.8673 0 -82.8673 0 0 82.8673 0
55.4069 0 -55.4069 0 0 55.4069 0
55.3975 0 -55.3975 0 0 55.3975 0
26.3135 0 -26.3135 0 0 26.3135 0
-0.572317 0 0.572317 0 0 -0.572317 0
-0.581386 0 0.581386 0 0 -0.581386 0
-0.585921 0 0.585921 0 0 -0.585921 0
-0.599525 0 0.599525 0 0 -0.599525 0
-0.580273 0 0.580273 0 0 -0.580273 0
-14.3474 0 14.3474 0 0 -14.3474 0
-29.7944 0 29.7944 0 0 -29.7944 0
-41.4091 0 41.4091 0 0 -41.4091 0
-41.3995 0 41.3995 0 0 -41.3995 0
-41.4181 0 41.4181 0 0 -41.4181 0
-54.8869 0 54.8869 0 0 -54.8869 0
-64.2956 0 64.2956 0 0 -64.2956 0
-71.2455 0 71.2455 0 0 -71.2455 0
-71.2479 0 71.2479 0 0 -71.2479 0
-78.5471 0 78.5471 0 0 -78.5471 0
-78.5556 0 78.5556 0 0 -78.5556 0
-85.2657 0 85.2657 0 0 -85.2657 0
-92.4329 0 92.4329 0 0 -92.4329 0
-92.4541 0 92.4541 0 0 -92.4541 0
-92.4588 0 92.4588 0 0 -92.4588 0
-99.5335 0 99.5335 0 0 -99.5335 0
-99.3701 0 99.3701 0 0 -99.3701 0
-100.389 0 100.389 0 0 -100.389 0
-101.245 0 101.245 0 0 -101.245 0
-75.9964 0 75.9964 0 0 -75.9964 0
-50.5352 0 50.5352 0 0 -50.5352 0
-24.8532 0 24.8532 0 0 -24.8532 0
-24.8447 0 24.8447 0 0 -24.8447 0
-24.8532 0 24.8532 0 0 -24.8532 0
0.43561 0 -0.43561 0 0 0.43561 0
13.2535 0 -13.2535 0 0 13.2535 0
13.3053 0 -13.3053 0 0 13.3053 0
26.2574 0 -26.2574 0 0 26.2574 0
38.9946 0 -38.9946 0 0 38.9946 0
39.0074 0 -39.0074 0 0 39.0074 0
38.8863 0 -38.8863 0 0 38.8863 0
51.2257 0 -51.2257 0 0 51.2257 0
65.401 0 -65.401 0 0 65.401 0
65.4392 0 -65.4392 0 0 65.4392 0
72.324 0 -72.324 0 0 72.324 0
72.4058 0 -72.4058 0 0 72.4058 0
78.9984 0 -78.9984 0 0 78.9984 0
85.7246 0 -85.7246 0 0 85.7246 0
85.729 0 -85.729 0 0 85.729 0
85.7357 0 -85.7357 0 0 85.7357 0
85.7401 0 -85.7401 0 0 85.7401 0
92.2899 0 -92.2899 0 0 92.2899 0
98.9574 0 -98.9574 0 0 98.9574 0
98.9907 0 -98.9907 0 0 98.9907 0
105.705 0 -105.705 0 0 105.705 0
105.736 0 -105.736 0 0 105.736 0
112.361 0 -112.361 0 0 112.361 0
112.386 0 -112.386 0 0 112.386 0
112.397 0 -112.397 0 0 112.397 0
82.5057 0 -82.5057 0 0 82.5057 0
82.5808 0 -82.5808 0 0 82.5808 0
55.6929 0 -55.6929 0 0 55.6929 0
24.4597 0 -24.4597 0 0 24.4597 0
24.4316 0 -24.4316 0 0 24.4316 0
24.5348 0 -24.5348 0 0 24.5348 0
1.48471 0 -1.48471 0 0 1.48471 0
-12.0142 0 12.0142 0 0 -12.0142 0
-25.7126 0 25.7126 0 0 -25.7126 0
-25.5242 0 25.5242 0 0 -25.5242 0
-25.5038 0 25.5038 0 0 -25.5038 0
-35.0325 0 35.0325 0 0 -35.0325 0
-46.1612 0 46.1612 0 0 -46.1612 0
-57.8239 0 57.8239 0 0 -57.8239 0
-65.2263 0 65.2263 0 0 -65.2263 0
-71.2199 0 71.2199 0 0 -71.2199 0
-71.2341 0 71.2341 0 0 -71.2341 0
-77.4234 0 77.4234 0 0 -77.4234 0
-83.2286 0 83.2286 0 0 -83.2286 0
-83.2307 0 83.2307 0 0 -83.2307 0
-83.2467 0 83.2467 0 0 -83.2467 0
-83.2212 0 83.2212 0 0 -83.2212 0
-83.2487 0 83.2487 0 0 -83.2487 0
-83.2547 0 83.2547 0 0 -83.2547 0
-89.1982 0 89.1982 0 0 -89.1982 0
-89.2062 0 89.2062 0 0 -89.2062 0
-89.2282 0 89.2282 0 0 -89.2282 0
-89.2663 0 89.2663 0 0 -89.2663 0
-95.2679 0 95.2679 0 0 -95.2679 0
-95.2759 0 95.2759 0 0 -95.2759 0
-101.261 0 101.261 0 0 -101.261 0
-101.185 0 101.185 0 0 -101.185 0
-81.1857 0 81.1857 0 0 -81.1857 0
-80.4818 0 80.4818 0 0 -80.4818 0
-80.4648 0 80.4648 0 0 -80.4648 0
-79.5064 0 79.5064 0 0 -79.5064 0
-78.9636 0 78.9636 0 0 -78.9636 0
-75.2572 0 75.2572 0 0 -75.2572 0
-50.4489 0 50.4489 0 0 -50.4489 0
-50.5592 0 50.5592 0 0 -50.5592 0
-24.6314 0 24.6314 0 0 -24.6314 0
-24.6314 0 24.6314 0 0 -24.6314 0
-23.9784 0 23.9784 0 0 -23.9784 0
0.113818 0 -0.113818 0 0 0.113818 0
13.2848 0 -13.2848 0 0 13.2848 0
26.101 0 -26.101 0 0 26.101 0
26.1234 0 -26.1234 0 0 26.1234 0
26.1349 0 -26.1349 0 0 26.1349 0
26.14 0 -26.14 0 0 26.14 0
41.5423 0 -41.5423 0 0 41.5423 0
51.3193 0 -51.3193 0 0 51.3193 0
69.4622 0 -69.4622 0 0 69.4622 0
69.4662 0 -69.4662 0 0 69.4662 0
79.0724 0 -79.0724 0 0 79.0724 0
88.8768 0 -88.8768 0 0 88.8768 0
98.9356 0 -98.9356 0 0 98.9356 0
98.9534 0 -98.9534 0 0 98.9534 0
109.057 0 -109.057 0 0 109.057 0
109.079 0 -109.079 0 0 109.079 0
113.404 0 -113.404 0 0 113.404 0
114.851 0 -114.851 0 0 114.851 0
114.862 0 -114.862 0 0 114.862 0
116.293 0 -116.293 0 0 116.293 0
116.304 0 -116.304 0 0 116.304 0
116.309 0 -116.309 0 0 116.309 0
80.3361 0 -80.3361 0 0 80.3361 0
80.5014 0 -80.5014 0 0 80.5014 0
44.2612 0 -44.2612 0 0 44.2612 0
44.2454 0 -44.2454 0 0 44.2454 0
9.61923 0 -9.61923 0 0 9.61923 0
9.61135 0 -9.61135 0 0 9.61135 0
9.81606 0 -9.81606 0 0 9.81606 0
9.76882 0 -9.76882 0 0 9.76882 0
-9.75309 0 9.75309 0 0 -9.75309 0
-9.75902 0 9.75902 0 0 -9.75902 0
-22.8918 0 22.8918 0 0 -22.8918 0
-36.3757 0 36.3757 0 0 -36.3757 0
-36.4473 0 36.4473 0 0 -36.4473 0
-36.4396 0 36.4396 0 0 -36.4396 0
-49.9834 0 49.9834 0 0 -49.9834 0
-62.1886 0 62.1886 0 0 -62.1886 0
-62.1535 0 62.1535 0 0 -62.1535 0
-69.2612 0 69.2612 0 0 -69.2612 0
-76.867 0 76.867 0 0 -76.867 0
-84.008 0 84.008 0 0 -84.008 0
-84.0177 0 84.0177 0 0 -84.0177 0
-91.4015 0 91.4015 0 0 -91.4015 0
-91.4081 0 91.4081 0 0 -91.4081 0
-98.8506 0 98.8506 0 0 -98.8506 0
-98.8603 0 98.8603 0 0 -98.8603 0
-102.154 0 102.154 0 0 -102.154 0
-103.405 0 103.405 0 0 -103.405 0
-103.407 0 103.407 0 0 -103.407 0
-103.409 0 103.409 0 0 -103.409 0
-103.41 0 103.41 0 0 -103.41 0
-104.702 0 104.702 0 0 -104.702 0
-104.705 0 104.705 0 0 -104.705 0
-72.4268 0 72.4268 0 0 -72.4268 0
-40.5826 0 40.5826 0 0 -40.5826 0
-40.5755 0 40.5755 0 0 -40.5755 0
-5.25242 0 5.25242 0 0 -5.25242 0
-5.26665 0 5.26665 0 0 -5.26665 0
8.91644 0 -8.91644 0 0 8.91644 0
21.1325 0 -21.1325 0 0 21.1325 0
33.1346 0 -33.1346 0 0 33.1346 0
33.1532 0 -33.1532 0 0 33.1532 0
33.1761 0 -33.1761 0 0 33.1761 0
33.1564 0 -33.1564 0 0 33.1564 0
45.5148 0 -45.5148 0 0 45.5148 0
45.5275 0 -45.5275 0 0 45.5275 0
45.5278 0 -45.5278 0 0 45.5278 0
57.2657 0 -57.2657 0 0 57.2657 0
69.1357 0 -69.1357 0 0 69.1357 0
69.2272 0 -69.2272 0 0 69.2272 0
76.2401 0 -76.2401 0 0 76.2401 0
76.2609 0 -76.2609 0 0 76.2609 0
82.8474 0 -82.8474 0 0 82.8474 0
89.6227 0 -89.6227 0 0 89.6227 0
96.5654 0 -96.5654 0 0 96.5654 0
96.5773 0 -96.5773 0 0 96.5773 0
96.4592 0 -96.4592 0 0 96.4592 0
96.4907 0 -96.4907 0 0 96.4907 0
96.5536 0 -96.5536 0 0 96.5536 0
96.5773 0 -96.5773 0 0 96.5773 0
102.917 0 -102.917 0 0 102.917 0
109.888 0 -109.888 0 0 109.888 0
109.88 0 -109.88 0 0 109.88 0
116.335 0 -116.335 0 0 116.335 0
116.337 0 -116.337 0 0 116.337 0
116.34 0 -116.34 0 0 116.34 0
79.9853 0 -79.9853 0 0 79.9853 0
79.9775 0 -79.9775 0 0 79.9775 0
44.0632 0 -44.0632 0 0 44.0632 0
9.35205 0 -9.35205 0 0 9.35205 0
9.32059 0 -9.32059 0 0 9.32059 0
9.30487 0 -9.30487 0 0 9.30487 0
9.28914 0 -9.28914 0 0 9.28914 0
-10.0331 0 10.0331 0 0 -10.0331 0
-19.5629 0 19.5629 0 0 -19.5629 0
-19.5653 0 19.5653 0 0 -19.5653 0
-19.5084 0 19.5084 0 0 -19.5084 0
-30.1215 0 30.1215 0 0 -30.1215 0
-29.9892 0 29.9892 0 0 -29.9892 0
-30.1624 0 30.1624 0 0 -30.1624 0
-30.1632 0 30.1632 0 0 -30.1632 0
-40.8361 0 40.8361 0 0 -40.8361 0
-52.0641 0 52.0641 0 0 -52.0641 0
-51.9323 0 51.9323 0 0 -51.9323 0
-62.4918 0 62.4918 0 0 -62.4918 0
-68.9854 0 68.9854 0 0 -68.9854 0
-68.8431 0 68.8431 0 0 -68.8431 0
-68.8837 0 68.8837 0 0 -68.8837 0
-68.9107 0 68.9107 0 0 -68.9107 0
-74.714 0 74.714 0 0 -74.714 0
-74.714 0 74.714 0 0 -74.714 0
-80.7516 0 80.7516 0 0 -80.7516 0
-86.6893 0 86.6893 0 0 -86.6893 0
-92.6749 0 92.6749 0 0 -92.6749 0
-98.6899 0 98.6899 0 0 -98.6899 0
-104.624 0 104.624 0 0 -104.624 0
-104.662 0 104.662 0 0 -104.662 0
-104.707 0 104.707 0 0 -104.707 0
-104.707 0 104.707 0 0 -104.707 0
-104.7 0 104.7 0 0 -104.7 0
-104.709 0 104.709 0 0 -104.709 0
-72.9135 0 72.9135 0 0 -72.9135 0
-40.6484 0 40.6484 0 0 -40.6484 0
-40.6413 0 40.6413 0 0 -40.6413 0
-40.627 0 40.627 0 0 -40.627 0
-7.33762 0 7.33762 0 0 -7.33762 0
-7.35185 0 7.35185 0 0 -7.35185 0
-7.49411 0 7.49411 0 0 -7.49411 0
-7.46566 0 7.46566 0 0 -7.46566 0
-7.43721 0 7.43721 0 0 -7.43721 0
-7.43721 0 7.43721 0 0 -7.43721 0
9.00547 0 -9.00547 0 0 9.00547 0
9.16128 0 -9.16128 0 0 9.16128 0
9.03545 0 -9.03545 0 0 9.03545 0
21.5905 0 -21.5905 0 0 21.5905 0
32.8677 0 -32.8677 0 0 32.8677 0
45.6013 0 -45.6013 0 0 45.6013 0
57.3547 0 -57.3547 0 0 57.3547 0
72.2043 0 -72.2043 0 0 72.2043 0
72.2085 0 -72.2085 0 0 72.2085 0
72.2166 0 -72.2166 0 0 72.2166 0
72.2264 0 -72.2264 0 0 72.2264 0
80.8343 0 -80.8343 0 0 80.8343 0
80.7478 0 -80.7478 0 0 80.7478 0
89.5698 0 -89.5698 0 0 89.5698 0
98.3748 0 -98.3748 0 0 98.3748 0
98.3837 0 -98.3837 0 0 98.3837 0
98.3925 0 -98.3925 0 0 98.3925 0
98.4073 0 -98.4073 0 0 98.4073 0
107.434 0 -107.434 0 0 107.434 0
107.443 0 -107.443 0 0 107.443 0
107.457 0 -107.457 0 0 107.457 0
115.943 0 -115.943 0 0 115.943 0
116.188 0 -116.188 0 0 116.188 0
116.276 0 -116.276 0 0 116.276 0
116.306 0 -116.306 0 0 116.306 0
118.238 0 -118.238 0 0 118.238 0
