0.336296 -0.336296
3.2551 -3.2551
6.3171 -6.3171
-4.4797 4.4797
-7.38381 7.38381
-10.6183 10.6183
-13.5978 13.5978
-13.668 13.668
-11.4705 11.4705
-9.00594 9.00594
-6.08153 6.08153
-2.99105 2.99105
0.116023 -0.116023
3.19515 -3.19515
6.50193 -6.50193
9.59184 -9.59184
7.52764 -7.52764
4.58267 -4.58267
1.54388 -1.54388
-1.42775 1.42775
-4.42718 4.42718
-7.74591 7.74591
-10.7769 10.7769
-13.6206 13.6206
-11.6379 11.6379
-8.66487 8.66487
-5.77557 5.77557
-5.71253 5.71253
-2.63779 2.63779
0.63973 -0.63973
4.02109 -4.02109
7.33644 -7.33644
10.2266 -10.2266
8.13458 -8.13458
8.14507 -8.14507
5.39858 -5.39858
5.28593 -5.28593
2.13271 -2.13271
-0.751171 0.751171
-4.12322 4.12322
-7.29514 7.29514
-7.24141 7.24141
-7.23464 7.23464
-10.4616 10.4616
-10.4108 10.4108
-10.4764 10.4764
-10.4319 10.4319
-13.221 13.221
-13.306 13.306
-13.2637 13.2637
-13.2976 13.2976
-11.0856 11.0856
-11.0349 11.0349
-11.0294 11.0294
-10.9803 10.9803
-11.0958 11.0958
-10.9659 10.9659
-11.0687 11.0687
-11.0949 11.0949
-11.0086 11.0086
-10.9655 10.9655
-8.1811 8.1811
-5.28545 5.28545
-5.21056 5.21056
-5.24949 5.24949
-5.24526 5.24526
-5.24357 5.24357
-1.72843 1.72843
4.73307 -4.73307
4.78999 -4.78999
4.71911 -4.71911
4.79322 -4.79322
4.72883 -4.72883
4.83578 -4.83578
10.7926 -10.7926
10.8295 -10.8295
10.8277 -10.8277
18.8154 -18.8154
18.9121 -18.9121
25.3657 -25.3657
25.3816 -25.3816
25.3939 -25.3939
21.7365 -21.7365
21.7027 -21.7027
15.5201 -15.5201
15.5023 -15.5023
15.4959 -15.4959
8.37679 -8.37679
0.978238 -0.978238
0.95585 -0.95585
0.941207 -0.941207
0.908451 -0.908451
0.847171 -0.847171
0.845394 -0.845394
-6.4216 6.4216
-6.40256 6.40256
-12.7913 12.7913
-19.9489 19.9489
-19.9884 19.9884
-23.8983 23.8983
-23.8972 23.8972
-23.9296 23.9296
-23.9414 23.9414
-20.5731 20.5731
-20.5757 20.5757
-15.2163 15.2163
-15.2301 15.2301
-15.1919 15.1919
-8.57506 8.57506
-8.71918 8.71918
-1.49299 1.49299
-1.46256 1.46256
-1.38054 1.38054
-1.41378 1.41378
-1.37279 1.37279
-1.39413 1.39413
-1.30122 1.30122
-1.42378 1.42378
-1.38065 1.38065
6.91129 -6.91129
15.0102 -15.0102
14.9695 -14.9695
15.0643 -15.0643
15.0292 -15.0292
15.0381 -15.0381
21.9937 -21.9937
22.0658 -22.0658
22.0776 -22.0776
22.107 -22.107
25.9096 -25.9096
25.9508 -25.9508
25.9816 -25.9816
25.9825 -25.9825
21.8072 -21.8072
15.2979 -15.2979
15.2416 -15.2416
15.2441 -15.2441
15.2098 -15.2098
15.2536 -15.2536
7.69957 -7.69957
0.37051 -0.37051
0.291112 -0.291112
-7.17305 7.17305
-7.19962 7.19962
-7.22021 7.22021
-14.5611 14.5611
-20.8822 20.8822
-20.8646 20.8646
-20.9436 20.9436
-24.4179 24.4179
-24.4164 24.4164
-20.5174 20.5174
-20.5127 20.5127
-14.9127 14.9127
-14.7811 14.7811
-14.8686 14.8686
-8.16672 8.16672
-8.18657 8.18657
-8.2134 8.2134
-8.21009 8.21009
-8.1693 8.1693
-8.15349 8.15349
-8.15753 8.15753
-8.16525 8.16525
-8.18253 8.18253
-0.765219 0.765219
-0.844977 0.844977
-0.802967 0.802967
-0.793998 0.793998
-0.816125 0.816125
7.86711 -7.86711
16.0243 -16.0243
16.0586 -16.0586
22.4509 -22.4509
26.2774 -26.2774
26.283 -26.283
26.3004 -26.3004
26.2722 -26.2722
21.6825 -21.6825
21.6248 -21.6248
21.5773 -21.5773
15.0595 -15.0595
7.30992 -7.30992
7.3492 -7.3492
7.33488 -7.33488
7.3271 -7.3271
-0.0777806 0.0777806
-0.115491 0.115491
-0.184664 0.184664
-0.158752 0.158752
-0.181834 0.181834
-0.195139 0.195139
-0.188045 0.188045
-0.127253 0.127253
-0.155003 0.155003
-7.84933 7.84933
-7.82397 7.82397
-15.1588 15.1588
-15.1518 15.1518
-15.1459 15.1459
-21.3736 21.3736
-24.607 24.607
-24.6565 24.6565
-24.5615 24.5615
-24.576 24.576
-24.5942 24.5942
-24.5695 24.5695
-24.6143 24.6143
-24.6589 24.6589
-24.6619 24.6619
-24.6356 24.6356
-20.165 20.165
-20.1428 20.1428
-15.1604 15.1604
-7.53511 7.53511
-7.48885 7.48885
-0.718133 0.718133
-0.679779 0.679779
7.91148 -7.91148
7.84068 -7.84068
16.3898 -16.3898
16.2904 -16.2904
22.5314 -22.5314
26.3907 -26.3907
29.4687 -29.4687
29.4762 -29.4762
33.5959 -33.5959
38.5823 -38.5823
43.3292 -43.3292
43.3829 -43.3829
40.3486 -40.3486
40.3543 -40.3543
36.1568 -36.1568
36.1596 -36.1596
31.4502 -31.4502
31.4047 -31.4047
26.2091 -26.2091
20.0758 -20.0758
20.0707 -20.0707
13.8939 -13.8939
13.7119 -13.7119
13.7537 -13.7537
13.7352 -13.7352
6.83778 -6.83778
6.74478 -6.74478
-1.05244 1.05244
-1.01783 1.01783
-1.07502 1.07502
-9.91318 9.91318
-9.97568 9.97568
-17.0741 17.0741
-17.0759 17.0759
-17.0362 17.0362
-17.1097 17.1097
-20.6277 20.6277
-20.6416 20.6416
-24.0765 24.0765
-27.5236 27.5236
-27.5638 27.5638
-31.5005 31.5005
-31.6057 31.6057
-35.7846 35.7846
-40.6231 40.6231
-40.5748 40.5748
-37.6343 37.6343
-37.6699 37.6699
-37.535 37.535
-34.1031 34.1031
-34.0369 34.0369
-34.042 34.042
-34.0242 34.0242
-29.6987 29.6987
-29.6173 29.6173
-29.6351 29.6351
-29.5765 29.5765
-24.7877 24.7877
-24.7725 24.7725
-24.7215 24.7215
-24.7241 24.7241
-19.4526 19.4526
-19.4602 19.4602
-13.583 13.583
-13.5344 13.5344
-6.50853 6.50853
-6.5956 6.5956
0.0506482 -0.0506482
9.30815 -9.30815
9.2436 -9.2436
17.0368 -17.0368
17.1301 -17.1301
17.1477 -17.1477
17.1079 -17.1079
17.2481 -17.2481
17.2581 -17.2581
17.3491 -17.3491
24.865 -24.865
24.8736 -24.8736
24.9173 -24.9173
24.9344 -24.9344
24.9253 -24.9253
31.4281 -31.4281
31.4561 -31.4561
34.6705 -34.6705
37.9104 -37.9104
40.9942 -40.9942
41.0205 -41.0205
41.0292 -41.0292
41.0744 -41.0744
41.0204 -41.0204
41.0687 -41.0687
44.4372 -44.4372
44.4715 -44.4715
41.0027 -41.0027
40.9775 -40.9775
40.8514 -40.8514
40.7477 -40.7477
40.7337 -40.7337
36.4663 -36.4663
36.4944 -36.4944
31.3052 -31.3052
31.3248 -31.3248
26.0432 -26.0432
19.7394 -19.7394
19.7144 -19.7144
19.7402 -19.7402
19.6298 -19.6298
19.7049 -19.7049
19.6309 -19.6309
19.6214 -19.6214
19.6581 -19.6581
12.4894 -12.4894
4.77847 -4.77847
4.74204 -4.74204
-2.70663 2.70663
-10.215 10.215
-10.3451 10.3451
-10.3113 10.3113
-10.4172 10.4172
-17.4856 17.4856
-17.4978 17.4978
-24.1133 24.1133
-30.0411 30.0411
-30.0754 30.0754
-30.1015 30.1015
-30.1463 30.1463
-32.9371 32.9371
-32.9346 32.9346
-33.0478 33.0478
-35.8282 35.8282
-35.8946 35.8946
-35.8869 35.8869
-35.9024 35.9024
-35.9206 35.9206
-35.9219 35.9219
-35.8888 35.8888
-38.5825 38.5825
-38.5748 38.5748
-38.6072 38.6072
-38.6085 38.6085
-38.6111 38.6111
-41.4814 41.4814
-38.4217 38.4217
-38.3789 38.3789
-34.6805 34.6805
-34.6026 34.6026
-29.7653 29.7653
-24.6715 24.6715
-24.6941 24.6941
-19.2798 19.2798
-12.8291 12.8291
-12.8112 12.8112
-12.8512 12.8512
-12.8459 12.8459
-12.8764 12.8764
-12.8789 12.8789
-12.8525 12.8525
-12.848 12.848
-6.27407 6.27407
2.26981 -2.26981
10.9194 -10.9194
19.4644 -19.4644
26.9106 -26.9106
32.7586 -32.7586
32.8248 -32.8248
32.8192 -32.8192
35.9003 -35.9003
35.9377 -35.9377
39.0663 -39.0663
39.0835 -39.0835
39.1296 -39.1296
39.1016 -39.1016
42.0653 -42.0653
45.3042 -45.3042
41.2082 -41.2082
41.2193 -41.2193
41.1583 -41.1583
41.1417 -41.1417
36.6854 -36.6854
36.7381 -36.7381
31.3091 -31.3091
25.93 -25.93
19.7564 -19.7564
12.3396 -12.3396
12.3091 -12.3091
12.2495 -12.2495
12.2761 -12.2761
12.2625 -12.2625
3.84194 -3.84194
3.82365 -3.82365
-3.46321 3.46321
-11.1137 11.1137
-11.0541 11.0541
-11.1089 11.1089
-18.4233 18.4233
-18.5434 18.5434
-18.6867 18.6867
-25.327 25.327
-25.3177 25.3177
-25.3569 25.3569
-30.9779 30.9779
-30.9998 30.9998
-31.014 31.014
-31.0256 31.0256
-33.8065 33.8065
-33.8039 33.8039
-33.8438 33.8438
-36.7239 36.7239
-39.3952 39.3952
-39.4106 39.4106
-42.2464 42.2464
-42.2289 42.2289
-42.2339 42.2339
-42.2745 42.2745
-37.1059 37.1059
-34.677 34.677
-34.59 34.59
-34.585 34.585
-29.9534 29.9534
-29.9459 29.9459
-24.8444 24.8444
-24.7599 24.7599
-19.3499 19.3499
-19.2527 19.2527
-13.0879 13.0879
-5.09903 5.09903
2.96933 -2.96933
2.95136 -2.95136
6.10675 -6.10675
23.1472 -23.1472
23.2117 -23.2117
35.7573 -35.7573
44.4316 -44.4316
44.51 -44.51
44.5157 -44.5157
44.5442 -44.5442
54.4036 -54.4036
54.4427 -54.4427
63.9511 -63.9511
64.0521 -64.0521
73.4057 -73.4057
73.4774 -73.4774
83.3867 -83.3867
83.3948 -83.3948
89.6243 -89.6243
88.7698 -88.7698
88.4856 -88.4856
88.4515 -88.4515
88.7205 -88.7205
89.3875 -89.3875
89.431 -89.431
89.4614 -89.4614
89.5182 -89.5182
89.5125 -89.5125
89.5315 -89.5315
89.522 -89.522
89.5428 -89.5428
89.5788 -89.5788
78.3263 -78.3263
78.3169 -78.3169
78.0156 -78.0156
64.859 -64.859
64.8154 -64.8154
54.8096 -54.8096
54.766 -54.766
43.9171 -43.9171
43.8963 -43.8963
32.5794 -32.5794
32.5207 -32.5207
21.3383 -21.3383
21.3174 -21.3174
21.3629 -21.3629
21.3231 -21.3231
21.3421 -21.3421
21.38 -21.38
21.3136 -21.3136
21.2947 -21.2947
8.81863 -8.81863
8.76824 -8.76824
-2.58267 2.58267
-2.62893 2.62893
-3.06935 3.06935
-17.3348 17.3348
-17.7517 17.7517
-17.7562 17.7562
-17.839 17.839
-33.2004 33.2004
-33.2307 33.2307
-41.1061 41.1061
-41.1197 41.1197
-41.1565 41.1565
-41.1092 41.1092
-41.1701 41.1701
-50.2113 50.2113
-50.2602 50.2602
-58.8388 58.8388
-58.8625 58.8625
-58.8005 58.8005
-67.748 67.748
-67.7346 67.7346
-67.4325 67.4325
-67.3555 67.3555
-76.3993 76.3993
-76.6587 76.6587
-76.8069 76.8069
-76.6642 76.6642
-76.6136 76.6136
-81.1471 81.1471
-80.6258 80.6258
-70.8602 70.8602
-70.8209 70.8209
-60.2742 60.2742
-60.5015 60.5015
-60.5989 60.5989
-49.9291 49.9291
-50.2932 50.2932
-40.0968 40.0968
-40.0712 40.0712
-40.1003 40.1003
-40.0986 40.0986
-40.0695 40.0695
-29.5997 29.5997
-29.6083 29.6083
-29.6048 29.6048
-29.5775 29.5775
-29.5758 29.5758
-29.5655 29.5655
-19.6922 19.6922
-19.7008 19.7008
-8.9507 8.9507
-8.93993 8.93993
-8.94557 8.94557
-8.98932 8.98932
-9.37694 9.37694
-9.37284 9.37284
-9.39164 9.39164
-9.339 9.339
2.4945 -2.4945
2.42637 -2.42637
2.05215 -2.05215
13.6036 -13.6036
24.0778 -24.0778
36.3818 -36.3818
47.873 -47.873
47.9033 -47.9033
47.9715 -47.9715
47.9412 -47.9412
47.9299 -47.9299
47.9659 -47.9659
47.9545 -47.9545
47.9943 -47.9943
59.1842 -59.1842
59.1463 -59.1463
59.1634 -59.1634
70.1033 -70.1033
70.45 -70.45
70.522 -70.522
70.503 -70.503
70.522 -70.522
70.5333 -70.5333
70.5125 -70.5125
70.5637 -70.5637
70.5712 -70.5712
82.1155 -82.1155
82.1553 -82.1553
89.5997 -89.5997
89.5618 -89.5618
89.6257 -89.6257
77.5153 -77.5153
77.9757 -77.9757
77.9833 -77.9833
64.5523 -64.5523
64.7626 -64.7626
64.7796 -64.7796
64.7702 -64.7702
54.2133 -54.2133
54.2455 -54.2455
54.1963 -54.1963
43.9331 -43.9331
43.9388 -43.9388
43.9501 -43.9501
43.9179 -43.9179
43.4367 -43.4367
42.999 -42.999
32.4858 -32.4858
32.0386 -32.0386
32.0746 -32.0746
20.6936 -20.6936
20.686 -20.686
9.82814 -9.82814
9.82776 -9.82776
9.81544 -9.81544
-0.760833 0.760833
-10.5644 10.5644
-10.5468 10.5468
-10.5928 10.5928
-10.5441 10.5441
-10.5475 10.5475
-21.7382 21.7382
-21.9056 21.9056
-21.9296 21.9296
-21.9347 21.9347
-31.4013 31.4013
-41.9206 41.9206
-51.8195 51.8195
-62.2688 62.2688
-62.1116 62.1116
-62.1577 62.1577
-72.6292 72.6292
-72.5318 72.5318
-72.5472 72.5472
-81.1932 81.1932
-70.7732 70.7732
-70.7805 70.7805
-70.7993 70.7993
-60.479 60.479
-60.467 60.467
-46.6154 46.6154
-39.8518 39.8518
-39.8467 39.8467
-39.8399 39.8399
-39.8125 39.8125
-29.7518 29.7518
-19.5886 19.5886
-19.5066 19.5066
-19.2896 19.2896
-19.293 19.293
-19.2845 19.2845
-9.29331 9.29331
2.1163 -2.1163
2.12557 -2.12557
2.09679 -2.09679
2.16369 -2.16369
13.3328 -13.3328
13.3133 -13.3133
13.3862 -13.3862
24.2701 -24.2701
36.1967 -36.1967
36.1361 -36.1361
36.1702 -36.1702
36.191 -36.191
47.8051 -47.8051
58.7447 -58.7447
70.4629 -70.4629
81.6886 -81.6886
89.3888 -89.3888
89.4234 -89.4234
78.4516 -78.4516
78.1788 -78.1788
78.1504 -78.1504
78.1466 -78.1466
78.1447 -78.1447
66.6481 -66.6481
66.6046 -66.6046
55.468 -55.468
55.4509 -55.4509
43.5602 -43.5602
43.8406 -43.8406
43.8615 -43.8615
43.8293 -43.8293
43.9145 -43.9145
43.888 -43.888
32.6567 -32.6567
21.2435 -21.2435
21.2472 -21.2472
21.1544 -21.1544
20.8418 -20.8418
21.0294 -21.0294
21.2927 -21.2927
9.85335 -9.85335
9.84123 -9.84123
9.82683 -9.82683
9.8346 -9.8346
9.83498 -9.83498
9.94316 -9.94316
9.90394 -9.90394
9.88594 -9.88594
9.86472 -9.86472
-0.350129 0.350129
-0.331388 0.331388
-0.323512 0.323512
-10.6049 10.6049
-10.6772 10.6772
-10.6737 10.6737
-10.6397 10.6397
-10.6773 10.6773
-10.6768 10.6768
-20.697 20.697
-20.6697 20.6697
-30.9645 30.9645
-31.014 31.014
-31.0738 31.0738
-41.6488 41.6488
-41.6829 41.6829
-41.6402 41.6402
-41.6539 41.6539
-41.6539 41.6539
-51.5079 51.5079
-51.4942 51.4942
-61.9205 61.9205
-72.135 72.135
-72.2717 72.2717
-72.504 72.504
-81.151 81.151
-81.1373 81.1373
-70.8101 70.8101
-70.8169 70.8169
-70.863 70.863
-70.8152 70.8152
-70.805 70.805
-70.7588 70.7588
-60.9014 60.9014
-53.118 53.118
-39.4406 39.4406
-28.9579 28.9579
-19.7445 19.7445
-19.7155 19.7155
-19.3345 19.3345
-19.3089 19.3089
-19.3157 19.3157
-9.88968 9.88968
-9.35291 9.35291
-9.03105 9.03105
-9.17968 9.17968
-9.21999 9.21999
-9.18805 9.18805
2.36552 -2.36552
16.6817 -16.6817
30.5018 -30.5018
45.551 -45.551
58.8535 -58.8535
58.8629 -58.8629
58.825 -58.825
58.8857 -58.8857
58.8724 -58.8724
58.8838 -58.8838
73.1958 -73.1958
73.0821 -73.0821
84.993 -84.993
85.6962 -85.6962
86.2328 -86.2328
86.4083 -86.4083
86.4318 -86.4318
91.7599 -91.7599
91.8469 -91.8469
95.5351 -95.5351
95.4854 -95.4854
95.5094 -95.5094
82.0352 -82.0352
82.0506 -82.0506
68.0702 -68.0702
68.0531 -68.0531
56.2089 -56.2089
42.6043 -42.6043
30.6108 -30.6108
17.7251 -17.7251
4.54603 -4.54603
-8.22847 8.22847
-20.5192 20.5192
-34.2738 34.2738
-34.3028 34.3028
-46.6288 46.6288
-59.1855 59.1855
-59.5802 59.5802
-59.5887 59.5887
-70.956 70.956
-71.2188 71.2188
-78.2571 78.2571
-83.0131 83.0131
-83.1207 83.1207
-86.5014 86.5014
-74.3269 74.3269
-74.3486 74.3486
-74.3626 74.3626
-57.5726 57.5726
-57.5849 57.5849
-49.2983 49.2983
-47.6587 47.6587
-37.8547 37.8547
-28.2566 28.2566
-27.8727 27.8727
-16.3965 16.3965
-7.39844 7.39844
-6.97574 6.97574
-4.54395 4.54395
7.98276 -7.98276
8.01867 -8.01867
8.17405 -8.17405
8.50961 -8.50961
8.48104 -8.48104
8.46744 -8.46744
8.42188 -8.42188
20.7921 -20.7921
20.9157 -20.9157
21.2935 -21.2935
21.2887 -21.2887
21.2966 -21.2966
21.2861 -21.2861
21.3058 -21.3058
21.2991 -21.2991
32.8467 -32.8467
33.3631 -33.3631
47.5717 -47.5717
47.5048 -47.5048
59.8294 -59.8294
72.5624 -72.5624
72.6139 -72.6139
72.5778 -72.5778
72.5898 -72.5898
72.5916 -72.5916
82.1171 -82.1171
82.1519 -82.1519
82.1748 -82.1748
82.1611 -82.1611
82.1422 -82.1422
87.676 -87.676
87.8069 -87.8069
88.1373 -88.1373
88.3469 -88.3469
95.4546 -95.4546
95.5003 -95.5003
95.3288 -95.3288
95.2395 -95.2395
82.8703 -82.8703
69.7375 -69.7375
54.5389 -54.5389
54.5115 -54.5115
54.4669 -54.4669
43.1597 -43.1597
43.1683 -43.1683
43.1666 -43.1666
43.1426 -43.1426
43.1203 -43.1203
43.1134 -43.1134
43.0791 -43.0791
43.0911 -43.0911
43.1289 -43.1289
43.1237 -43.1237
43.098 -43.098
30.9621 -30.9621
17.3009 -17.3009
17.4141 -17.4141
17.4639 -17.4639
5.13941 -5.13941
-7.61809 7.61809
-7.63793 7.63793
-7.62468 7.62468
-7.61475 7.61475
-7.60636 7.60636
-7.23821 7.23821
-7.18528 7.18528
-7.22498 7.22498
-7.18012 7.18012
-6.60795 6.60795
-18.259 18.259
-29.9596 29.9596
-30.2863 30.2863
-30.2693 30.2693
-30.3173 30.3173
-30.2631 30.2631
-30.3034 30.3034
-30.2972 30.2972
-41.1617 41.1617
-41.2051 41.2051
-52.5295 52.5295
-53.4492 53.4492
-64.8929 64.8929
-64.9099 64.9099
-64.93 64.93
-64.9563 64.9563
-73.6498 73.6498
-73.6467 73.6467
-73.6984 73.6984
-79.6222 79.6222
-79.8403 79.8403
-79.9884 79.9884
-80.0065 80.0065
-80.0205 80.0205
-85.9262 85.9262
-85.9344 85.9344
-74.8934 74.8934
-61.5577 61.5577
-61.5205 61.5205
-48.5657 48.5657
-48.5905 48.5905
-48.1492 48.1492
-48.1554 48.1554
-48.1569 48.1569
-40.0236 40.0236
-28.275 28.275
-16.9877 16.9877
-16.5573 16.5573
-5.06779 5.06779
-4.77422 4.77422
-4.88601 4.88601
7.47792 -7.47792
7.8422 -7.8422
7.88575 -7.88575
7.93863 -7.93863
7.91171 -7.91171
7.91878 -7.91878
7.94134 -7.94134
7.91057 -7.91057
7.95649 -7.95649
7.96958 -7.96958
7.97169 -7.97169
20.7258 -20.7258
34.0524 -34.0524
46.2501 -46.2501
47.005 -47.005
47.06 -47.06
59.8719 -59.8719
59.8375 -59.8375
72.5345 -72.5345
81.2638 -81.2638
81.3189 -81.3189
87.81 -87.81
88.184 -88.184
95.2852 -95.2852
95.2131 -95.2131
94.9746 -94.9746
94.616 -94.616
82.3978 -82.3978
82.3961 -82.3961
82.4184 -82.4184
68.8652 -68.8652
57.033 -57.033
56.3622 -56.3622
56.3193 -56.3193
56.3073 -56.3073
43.4216 -43.4216
43.4302 -43.4302
43.413 -43.413
30.3248 -30.3248
30.5307 -30.5307
30.6972 -30.6972
16.9982 -16.9982
17.0033 -17.0033
5.30207 -5.30207
4.94227 -4.94227
4.83451 -4.83451
4.89302 -4.89302
4.93043 -4.93043
4.88564 -4.88564
4.93746 -4.93746
4.90898 -4.90898
4.91721 -4.91721
4.93815 -4.93815
4.93163 -4.93163
4.94209 -4.94209
-8.41357 8.41357
-18.0989 18.0989
-17.9207 17.9207
-18.2734 18.2734
-18.3008 18.3008
-18.3066 18.3066
-18.3112 18.3112
-18.3018 18.3018
-33.8023 33.8023
-33.7915 33.7915
-33.7667 33.7667
-40.7481 40.7481
-53.2461 53.2461
-53.1703 53.1703
-52.9643 52.9643
-64.5179 64.5179
-73.7436 73.7436
-73.7502 73.7502
-73.7634 73.7634
-79.5836 79.5836
-79.9437 79.9437
-80.1382 80.1382
-85.9897 85.9897
-69.6704 69.6704
-69.9692 69.9692
-69.9708 69.9708
-69.9631 69.9631
-63.0684 63.0684
-63.0157 63.0157
-63.0297 63.0297
-63.0157 63.0157
-52.0861 52.0861
-51.8972 51.8972
-51.648 51.648
-51.6634 51.6634
-39.7631 39.7631
-39.5153 39.5153
-39.4735 39.4735
-26.8795 26.8795
-27.2356 27.2356
-15.394 15.394
-5.76718 5.76718
8.10007 -8.10007
25.9398 -25.9398
28.3162 -28.3162
46.5535 -46.5535
65.5921 -65.5921
81.183 -81.183
81.3713 -81.3713
91.8105 -91.8105
100.408 -100.408
100.523 -100.523
104.351 -104.351
107.65 -107.65
107.652 -107.652
92.1509 -92.1509
71.684 -71.684
71.8889 -71.8889
55.4384 -55.4384
55.4297 -55.4297
42.4168 -42.4168
42.4543 -42.4543
42.4182 -42.4182
42.4471 -42.4471
24.4769 -24.4769
10.4306 -10.4306
10.0713 -10.0713
-5.62097 5.62097
-7.55792 7.55792
-24.9695 24.9695
-42.1877 42.1877
-42.2233 42.2233
-42.2109 42.2109
-42.2512 42.2512
-58.8027 58.8027
-67.0595 67.0595
-67.0829 67.0829
-67.069 67.069
-75.0669 75.0669
-75.4623 75.4623
-83.4952 83.4952
-83.5995 83.5995
-83.5964 83.5964
-89.535 89.535
-89.5562 89.5562
-94.3843 94.3843
-94.4099 94.4099
-94.4775 94.4775
-94.5517 94.5517
-94.5634 94.5634
-96.941 96.941
-96.32 96.32
-96.0056 96.0056
-83.1584 83.1584
-66.7386 66.7386
-51.9998 51.9998
-51.9959 51.9959
-51.9595 51.9595
-51.9712 51.9712
-51.9478 51.9478
-37.3988 37.3988
-37.3819 37.3819
-23.0601 23.0601
-8.45779 8.45779
-8.45 8.45
-8.42921 8.42921
8.05379 -8.05379
8.06389 -8.06389
23.784 -23.784
40.0616 -40.0616
40.8799 -40.8799
40.9708 -40.9708
56.5742 -56.5742
56.9971 -56.9971
70.7224 -70.7224
77.8959 -77.8959
78.5157 -78.5157
85.8312 -85.8312
94.2587 -94.2587
100.263 -100.263
107.399 -107.399
107.658 -107.658
107.666 -107.666
107.671 -107.671
91.9153 -91.9153
74.2442 -74.2442
57.7243 -57.7243
42.095 -42.095
23.9793 -23.9793
23.9951 -23.9951
24.1232 -24.1232
24.28 -24.28
24.3175 -24.3175
8.57163 -8.57163
-8.30799 8.30799
-8.68006 8.68006
-20.2552 20.2552
-34.491 34.491
-48.7101 48.7101
-49.1128 49.1128
-63.8044 63.8044
-63.9413 63.9413
-70.7324 70.7324
-76.9695 76.9695
-83.2089 83.2089
-83.3973 83.3973
-89.3085 89.3085
-96.4952 96.4952
-82.7451 82.7451
-67.1086 67.1086
-67.0774 67.0774
-67.0774 67.0774
-52.288 52.288
-52.11 52.11
-52.1009 52.1009
-39.016 39.016
-37.9117 37.9117
-37.6064 37.6064
-37.5908 37.5908
-37.557 37.557
-37.5453 37.5453
-37.5583 37.5583
-37.5713 37.5713
-20.9631 20.9631
-21.0683 21.0683
-20.9852 20.9852
-7.46891 7.46891
-7.43254 7.43254
8.56653 -8.56653
8.48596 -8.48596
23.7174 -23.7174
39.0826 -39.0826
39.074 -39.074
39.1229 -39.1229
55.4932 -55.4932
55.5018 -55.5018
55.8731 -55.8731
55.9249 -55.9249
55.876 -55.876
70.3829 -70.3829
70.4032 -70.4032
77.9381 -77.9381
85.0619 -85.0619
92.6079 -92.6079
92.6203 -92.6203
99.7761 -99.7761
99.8172 -99.8172
99.8198 -99.8198
99.8922 -99.8922
107.745 -107.745
88.537 -88.537
88.2026 -88.2026
87.8881 -87.8881
71.178 -71.178
71.1695 -71.1695
71.1567 -71.1567
71.3559 -71.3559
54.2531 -54.2531
39.7062 -39.7062
23.7618 -23.7618
7.81884 -7.81884
-6.47691 6.47691
-6.4873 6.4873
-21.8753 21.8753
-21.9118 21.9118
-36.1467 36.1467
-51.2258 51.2258
-64.0388 64.0388
-64.0475 64.0475
-70.5287 70.5287
-76.8826 76.8826
-83.4622 83.4622
-90.0997 90.0997
-90.1373 90.1373
-90.1178 90.1178
-96.4941 96.4941
-82.3828 82.3828
-82.4166 82.4166
-66.6034 66.6034
-52.8364 52.8364
-36.4607 36.4607
-24.0423 24.0423
-8.17974 8.17974
-8.20443 8.20443
-8.19533 8.19533
6.61751 -6.61751
6.66589 -6.66589
6.6787 -6.6787
6.68866 -6.68866
6.77262 -6.77262
6.73562 -6.73562
23.4354 -23.4354
23.4796 -23.4796
23.5028 -23.5028
44.1873 -44.1873
65.6249 -65.6249
65.6576 -65.6576
65.6903 -65.6903
65.7216 -65.7216
65.7003 -65.7003
76.8685 -76.8685
76.8845 -76.8845
86.3746 -86.3746
96.1872 -96.1872
96.1975 -96.1975
96.1918 -96.1918
96.2218 -96.2218
105.922 -105.922
105.96 -105.96
108.133 -108.133
108.609 -108.609
108.614 -108.614
87.5247 -87.5247
87.6264 -87.6264
87.7027 -87.7027
69.931 -69.931
69.9272 -69.9272
69.8827 -69.8827
51.3763 -51.3763
30.5753 -30.5753
30.7698 -30.7698
30.7762 -30.7762
30.7685 -30.7685
30.78 -30.78
30.8067 -30.8067
30.799 -30.799
30.7952 -30.7952
13.1634 -13.1634
-5.35132 5.35132
-23.673 23.673
-41.0098 41.0098
-58.5395 58.5395
-58.4459 58.4459
-58.1926 58.1926
-58.1978 58.1978
-58.2329 58.2329
-66.4906 66.4906
-73.6025 73.6025
-81.6597 81.6597
-81.6751 81.6751
-81.6874 81.6874
-81.6879 81.6879
-81.693 81.693
-81.7007 81.7007
-81.7058 81.7058
-87.6749 87.6749
-89.015 89.015
-96.5901 96.5901
-97.3542 97.3542
-97.3631 97.3631
-97.364 97.364
-97.3646 97.3646
-97.3663 97.3663
-97.805 97.805
-79.8574 79.8574
-61.9934 61.9934
-45.5173 45.5173
-28.8108 28.8108
-28.6894 28.6894
-10.4747 10.4747
-10.2283 10.2283
6.66539 -6.66539
20.8654 -20.8654
37.726 -37.726
51.9729 -51.9729
52.0995 -52.0995
52.0957 -52.0957
52.1224 -52.1224
66.2601 -66.2601
73.3034 -73.3034
73.3301 -73.3301
73.3451 -73.3451
80.1123 -80.1123
80.2502 -80.2502
80.2863 -80.2863
80.4541 -80.4541
80.5366 -80.5366
80.5315 -80.5315
87.7257 -87.7257
87.6889 -87.6889
87.5885 -87.5885
94.2229 -94.2229
94.4348 -94.4348
101.08 -101.08
108.511 -108.511
108.581 -108.581
108.615 -108.615
108.616 -108.616
91.611 -91.611
68.7506 -68.7506
51.5903 -51.5903
26.0863 -26.0863
26.1193 -26.1193
26.4155 -26.4155
10.6825 -10.6825
-3.90602 3.90602
-3.84757 3.84757
-19.2636 19.2636
-32.9318 32.9318
-48.6824 48.6824
-59.9935 59.9935
-65.9182 65.9182
-72.0263 72.0263
-78.6055 78.6055
-78.5998 78.5998
-84.7052 84.7052
-84.8337 84.8337
-91.0577 91.0577
-91.2178 91.2178
-97.4679 97.4679
-88.9066 88.9066
-82.2135 82.2135
-81.4571 81.4571
-80.7236 80.7236
-80.6892 80.6892
-64.0859 64.0859
-64.0768 64.0768
-64.0344 64.0344
-46.3893 46.3893
-29.2782 29.2782
-29.3287 29.3287
-29.3974 29.3974
-12.0423 12.0423
6.8108 -6.8108
6.81496 -6.81496
6.83372 -6.83372
24.0279 -24.0279
23.7826 -23.7826
23.7699 -23.7699
23.808 -23.808
36.7938 -36.7938
53.826 -53.826
53.5896 -53.5896
65.996 -65.996
73.1826 -73.1826
73.2206 -73.2206
73.2333 -73.2333
73.199 -73.199
73.2399 -73.2399
80.207 -80.207
87.4673 -87.4673
87.4355 -87.4355
94.6346 -94.6346
94.6802 -94.6802
94.6952 -94.6952
94.7234 -94.7234
102.248 -102.248
102.277 -102.277
102.162 -102.162
102.162 -102.162
102.188 -102.188
108.475 -108.475
108.536 -108.536
88.8875 -88.8875
88.8494 -88.8494
88.8748 -88.8748
88.8494 -88.8494
88.8748 -88.8748
88.8748 -88.8748
88.8621 -88.8621
70.272 -70.272
51.5117 -51.5117
30.7508 -30.7508
13.1432 -13.1432
12.4264 -12.4264
-4.80384 4.80384
-19.3861 19.3861
-33.9021 33.9021
-33.6378 33.6378
-47.7471 47.7471
-59.4391 59.4391
-59.4623 59.4623
-65.8606 65.8606
-72.3091 72.3091
-78.8243 78.8243
-78.7463 78.7463
-85.2525 85.2525
-91.0622 91.0622
-97.5815 97.5815
-79.8287 79.8287
-79.8173 79.8173
-79.8173 79.8173
-63.3801 63.3801
-43.5483 43.5483
-43.6114 43.6114
-28.6149 28.6149
-13.4098 13.4098
4.78522 -4.78522
21.0233 -21.0233
37.3848 -37.3848
60.7167 -60.7167
73.3049 -73.3049
83.5475 -83.5475
83.6945 -83.6945
84.0612 -84.0612
84.0983 -84.0983
94.3728 -94.3728
94.4348 -94.4348
104.729 -104.729
109.1 -109.1
109.798 -109.798
110.538 -110.538
110.544 -110.544
86.683 -86.683
62.5243 -62.5243
62.2263 -62.2263
37.4823 -37.4823
37.4611 -37.4611
13.709 -13.709
13.7026 -13.7026
-6.19718 6.19718
-22.2547 22.2547
-22.2625 22.2625
-37.6152 37.6152
-53.9159 53.9159
-53.7511 53.7511
-53.6869 53.6869
-53.6696 53.6696
-63.815 63.815
-63.8962 63.8962
-64.0039 64.0039
-64.0259 64.0259
-64.0338 64.0338
-72.1738 72.1738
-79.7571 79.7571
-79.8328 79.8328
-79.7205 79.7205
-87.4306 87.4306
-95.4347 95.4347
-98.1948 98.1948
-98.0525 98.0525
-98.2046 98.2046
-98.8488 98.8488
-99.513 99.513
-78.5664 78.5664
-55.7811 55.7811
-56.0025 56.0025
-31.4461 31.4461
-31.4172 31.4172
-31.4172 31.4172
-12.4035 12.4035
-12.3756 12.3756
5.40385 -5.40385
18.5486 -18.5486
33.1795 -33.1795
33.188 -33.188
33.2001 -33.2001
33.2049 -33.2049
33.2417 -33.2417
47.0299 -47.0299
59.7632 -59.7632
59.5653 -59.5653
59.5621 -59.5621
59.6163 -59.6163
59.8544 -59.8544
59.8671 -59.8671
59.881 -59.881
71.2176 -71.2176
71.1123 -71.1123
71.157 -71.157
71.2155 -71.2155
71.2246 -71.2246
71.2303 -71.2303
71.2345 -71.2345
71.2372 -71.2372
71.2438 -71.2438
76.5804 -76.5804
76.6117 -76.6117
76.6192 -76.6192
83.1508 -83.1508
83.4401 -83.4401
90.0175 -90.0175
90.0325 -90.0325
90.0415 -90.0415
90.0475 -90.0475
97.0901 -97.0901
97.1171 -97.1171
103.534 -103.534
110.357 -110.357
87.5395 -87.5395
87.3692 -87.3692
86.8903 -86.8903
61.2204 -61.2204
61.2204 -61.2204
38.9562 -38.9562
38.722 -38.722
38.7114 -38.7114
14.6804 -14.6804
-4.67436 4.67436
-17.8012 17.8012
-17.804 17.804
-17.8171 17.8171
-17.8291 17.8291
-17.8428 17.8428
-17.838 17.838
-30.3865 30.3865
-30.1613 30.1613
-42.7207 42.7207
-55.1909 55.1909
-62.8362 62.8362
-68.8986 68.8986
-68.9117 68.9117
-68.9304 68.9304
-75.761 75.761
-75.7664 75.7664
-75.7797 75.7797
-75.784 75.784
-75.7609 75.7609
-75.7686 75.7686
-81.7968 81.7968
-81.662 81.662
-87.0473 87.0473
-93.2693 93.2693
-93.3507 93.3507
-93.367 93.367
-93.3806 93.3806
-93.3833 93.3833
-93.3887 93.3887
-99.3936 99.3936
-78.678 78.678
-56.2971 56.2971
-31.5385 31.5385
-31.7502 31.7502
-13.9687 13.9687
2.94557 -2.94557
5.25684 -5.25684
5.31187 -5.31187
5.28101 -5.28101
5.30229 -5.30229
5.3155 -5.3155
5.3006 -5.3006
18.7405 -18.7405
18.7532 -18.7532
18.7598 -18.7598
33.4686 -33.4686
33.2196 -33.2196
46.1324 -46.1324
59.4151 -59.4151
59.4266 -59.4266
59.6044 -59.6044
70.3695 -70.3695
70.2269 -70.2269
72.871 -72.871
73.9532 -73.9532
74.9587 -74.9587
76.5475 -76.5475
83.2075 -83.2075
83.2231 -83.2231
83.2842 -83.2842
83.3273 -83.3273
83.3285 -83.3285
89.9743 -89.9743
96.8649 -96.8649
96.907 -96.907
96.919 -96.919
97.0094 -97.0094
97.0154 -97.0154
103.614 -103.614
110.3 -110.3
110.369 -110.369
110.432 -110.432
110.438 -110.438
110.459 -110.459
110.465 -110.465
110.474 -110.474
87.5822 -87.5822
62.2742 -62.2742
38.7221 -38.7221
38.7009 -38.7009
13.843 -13.843
13.8366 -13.8366
-5.77305 5.77305
-19.0611 19.0611
-29.465 29.465
-43.5111 43.5111
-53.9424 53.9424
-63.0148 63.0148
-63.0441 63.0441
-68.9923 68.9923
-69.036 69.036
-69.0688 69.0688
-75.297 75.297
-81.3203 81.3203
-87.5987 87.5987
-93.3403 93.3403
-99.475 99.475
-99.3306 99.3306
-78.3166 78.3166
-78.2974 78.2974
-78.2589 78.2589
-54.126 54.126
-35.2297 35.2297
-35.2201 35.2201
-35.1912 35.1912
-13.3542 13.3542
-13.332 13.332
5.30811 -5.30811
5.29321 -5.29321
20.6743 -20.6743
32.3323 -32.3323
46.3644 -46.3644
66.9378 -66.9378
74.3004 -74.3004
83.1243 -83.1243
83.1397 -83.1397
92.3808 -92.3808
101.432 -101.432
110.396 -110.396
111.484 -111.484
111.494 -111.494
112.473 -112.473
112.477 -112.477
82.8673 -82.8673
55.4069 -55.4069
55.3975 -55.3975
26.3135 -26.3135
-0.572317 0.572317
-0.581386 0.581386
-0.585921 0.585921
-0.599525 0.599525
-0.580273 0.580273
-14.3474 14.3474
-29.7944 29.7944
-41.4091 41.4091
-41.3995 41.3995
-41.4181 41.4181
-54.8869 54.8869
-64.2956 64.2956
-71.2455 71.2455
-71.2479 71.2479
-78.5471 78.5471
-78.5556 78.5556
-85.2657 85.2657
-92.4329 92.4329
-92.4541 92.4541
-92.4588 92.4588
-99.5335 99.5335
-99.3701 99.3701
-100.389 100.389
-101.245 101.245
-75.9964 75.9964
-50.5352 50.5352
-24.8532 24.8532
-24.8447 24.8447
-24.8532 24.8532
0.43561 -0.43561
13.2535 -13.2535
13.3053 -13.3053
26.2574 -26.2574
38.9946 -38.9946
39.0074 -39.0074
38.8863 -38.8863
51.2257 -51.2257
65.401 -65.401
65.4392 -65.4392
72.324 -72.324
72.4058 -72.4058
78.9984 -78.9984
85.7246 -85.7246
85.729 -85.729
85.7357 -85.7357
85.7401 -85.7401
92.2899 -92.2899
98.9574 -98.9574
98.9907 -98.9907
105.705 -105.705
105.736 -105.736
112.361 -112.361
112.386 -112.386
112.397 -112.397
82.5057 -82.5057
82.5808 -82.5808
55.6929 -55.6929
24.4597 -24.4597
24.4316 -24.4316
24.5348 -24.5348
1.48471 -1.48471
-12.0142 12.0142
-25.7126 25.7126
-25.5242 25.5242
-25.5038 25.5038
-35.0325 35.0325
-46.1612 46.1612
-57.8239 57.8239
-65.2263 65.2263
-71.2199 71.2199
-71.2341 71.2341
-77.4234 77.4234
-83.2286 83.2286
-83.2307 83.2307
-83.2467 83.2467
-83.2212 83.2212
-83.2487 83.2487
-83.2547 83.2547
-89.1982 89.1982
-89.2062 89.2062
-89.2282 89.2282
-89.2663 89.2663
-95.2679 95.2679
-95.2759 95.2759
-101.261 101.261
-101.185 101.185
-81.1857 81.1857
-80.4818 80.4818
-80.4648 80.4648
-79.5064 79.5064
-78.9636 78.9636
-75.2572 75.2572
-50.4489 50.4489
-50.5592 50.5592
-24.6314 24.6314
-24.6314 24.6314
-23.9784 23.9784
0.113818 -0.113818
13.2848 -13.2848
26.101 -26.101
26.1234 -26.1234
26.1349 -26.1349
26.14 -26.14
41.5423 -41.5423
51.3193 -51.3193
69.4622 -69.4622
69.4662 -69.4662
79.0724 -79.0724
88.8768 -88.8768
98.9356 -98.9356
98.9534 -98.9534
109.057 -109.057
109.079 -109.079
113.404 -113.404
114.851 -114.851
114.862 -114.862
116.293 -116.293
116.304 -116.304
116.309 -116.309
80.3361 -80.3361
80.5014 -80.5014
44.2612 -44.2612
44.2454 -44.2454
9.61923 -9.61923
9.61135 -9.61135
9.81606 -9.81606
9.76882 -9.76882
-9.75309 9.75309
-9.75902 9.75902
-22.8918 22.8918
-36.3757 36.3757
-36.4473 36.4473
-36.4396 36.4396
-49.9834 49.9834
-62.1886 62.1886
-62.1535 62.1535
-69.2612 69.2612
-76.867 76.867
-84.008 84.008
-84.0177 84.0177
-91.4015 91.4015
-91.4081 91.4081
-98.8506 98.8506
-98.8603 98.8603
-102.154 102.154
-103.405 103.405
-103.407 103.407
-103.409 103.409
-103.41 103.41
-104.702 104.702
-104.705 104.705
-72.4268 72.4268
-40.5826 40.5826
-40.5755 40.5755
-5.25242 5.25242
-5.26665 5.26665
8.91644 -8.91644
21.1325 -21.1325
33.1346 -33.1346
33.1532 -33.1532
33.1761 -33.1761
33.1564 -33.1564
45.5148 -45.5148
45.5275 -45.5275
45.5278 -45.5278
57.2657 -57.2657
69.1357 -69.1357
69.2272 -69.2272
76.2401 -76.2401
76.2609 -76.2609
82.8474 -82.8474
89.6227 -89.6227
96.5654 -96.5654
96.5773 -96.5773
96.4592 -96.4592
96.4907 -96.4907
96.5536 -96.5536
96.5773 -96.5773
102.917 -102.917
109.888 -109.888
109.88 -109.88
116.335 -116.335
116.337 -116.337
116.34 -116.34
79.9853 -79.9853
79.9775 -79.9775
44.0632 -44.0632
9.35205 -9.35205
9.32059 -9.32059
9.30487 -9.30487
9.28914 -9.28914
-10.0331 10.0331
-19.5629 19.5629
-19.5653 19.5653
-19.5084 19.5084
-30.1215 30.1215
-29.9892 29.9892
-30.1624 30.1624
-30.1632 30.1632
-40.8361 40.8361
-52.0641 52.0641
-51.9323 51.9323
-62.4918 62.4918
-68.9854 68.9854
-68.8431 68.8431
-68.8837 68.8837
-68.9107 68.9107
-74.714 74.714
-74.714 74.714
-80.7516 80.7516
-86.6893 86.6893
-92.6749 92.6749
-98.6899 98.6899
-104.624 104.624
-104.662 104.662
-104.707 104.707
-104.707 104.707
-104.7 104.7
-104.709 104.709
-72.9135 72.9135
-40.6484 40.6484
-40.6413 40.6413
-40.627 40.627
-7.33762 7.33762
-7.35185 7.35185
-7.49411 7.49411
-7.46566 7.46566
-7.43721 7.43721
-7.43721 7.43721
9.00547 -9.00547
9.16128 -9.16128
9.03545 -9.03545
21.5905 -21.5905
32.8677 -32.8677
45.6013 -45.6013
57.3547 -57.3547
72.2043 -72.2043
72.2085 -72.2085
72.2166 -72.2166
72.2264 -72.2264
80.8343 -80.8343
80.7478 -80.7478
89.5698 -89.5698
98.3748 -98.3748
98.3837 -98.3837
98.3925 -98.3925
98.4073 -98.4073
107.434 -107.434
107.443 -107.443
107.457 -107.457
115.943 -115.943
116.188 -116.188
116.276 -116.276
116.306 -116.306
118.238 -118.238
