14.8316 0 0 0 1 0 -0.0398257 0.0254941 0 -0.000389137 0.0956407 0 -0.00288335 0.201246 0 -0.00709635 0.333716 0 -0.0127728 0.485306 0 -0.0193271 0.649885 0 -0.0261589 0.822847 0 -0.0329956
24.3655 0 0 0 2 0 -0.00439846 0.0492846 0 0.010379 0.186337 0 0.0167848 0.395257 0 0.0196642 0.660397 0 0.0190504 0.966288 0 0.0152556 1.29864 0 0.00924806 1.64588 0 0.0024337
33.387 0 0 0 3 0 0.036658 0.0723896 0 0.0216826 0.274675 0 0.0377938 0.584563 0 0.0483245 0.97988 0 0.0535525 1.43895 0 0.0539734 1.94055 0 0.0500131 2.46542 0 0.0434923
42.2539 0 0 0 4 0 0.0799606 0.0951776 0 0.0327511 0.361806 0 0.0584733 0.771581 0 0.0771514 1.29626 0 0.0887709 1.90778 0 0.0936696 2.57869 0 0.0925332 3.28284 0 0.0867933
51.048 0 0 0 5 0 0.124244 0.117866 0 0.0436905 0.448539 0 0.0789165 0.957714 0 0.105655 1.61118 0 0.123885 2.37483 0 0.133616 3.21496 0 0.135579 4.09902 0 0.131044
59.7974 0 0 0 6 0 0.168849 0.140528 0 0.0545359 0.535159 0 0.0991892 1.14357 0 0.133928 1.92559 0 0.158721 2.84117 0 0.17354 3.85047 0 0.178709 4.91464 0 0.17557
68.5081 0 0 0 7 0 0.213699 0.163181 0 0.0652937 0.621729 0 0.119304 1.32929 0 0.161987 2.23971 0 0.193302 3.307 0 0.213209 4.48537 0 0.221766 5.7298 0 0.220324
77.1193 0 0 0 8 0 0.25861 0.185839 0 0.0759684 0.708296 0 0.139269 1.51497 0 0.189844 2.55371 0 0.227642 3.7726 0 0.252609 5.11994 0 0.264723 6.54466 0 0.265089
85.8297 0 0 0 9 0 0.303363 0.208516 0 0.0865653 0.794919 0 0.159094 1.70073 0 0.217515 2.8678 0 0.26176 4.23824 0 0.291762 5.7545 0 0.307461 7.3595 0 0.309669
94.3821 0 0 0 10 0 0.347967 0.231212 0 0.0970823 0.881596 0 0.178777 1.88658 0 0.244994 3.18197 0 0.29565 4.70394 0 0.330663 6.38904 0 0.349956 8.17427 0 0.354042
102.963 0 0 0 11 0 0.392378 0.25393 0 0.107519 0.96834 0 0.198316 2.07253 0 0.272282 3.49625 0 0.329312 5.16973 0 0.36931 7.02362 0 0.392182 8.98899 0 0.39818
111.586 0 0 0 12 0 0.436689 0.27667 0 0.117872 1.05514 0 0.217706 2.25856 0 0.29937 3.81062 0 0.362738 5.63557 0 0.407695 7.65816 0 0.434128 9.80363 0 0.442134
120.047 0 0 0 13 0 0.48083 0.299434 0 0.128141 1.14202 0 0.236946 2.4447 0 0.326257 4.12511 0 0.395927 6.1015 0 0.445815 8.29274 0 0.475793 10.6182 0 0.485903
128.534 0 0 0 14 0 0.524683 0.322227 0 0.138325 1.22898 0 0.256036 2.63098 0 0.352945 4.43977 0 0.428879 6.56761 0 0.483674 8.92746 0 0.51718 11.4329 0 0.529385
136.996 0 0 0 15 0 0.568284 0.34505 0 0.148422 1.31603 0 0.274971 2.81741 0 0.379427 4.75461 0 0.461588 7.03388 0 0.521264 9.5623 0 0.558281 12.2477 0 0.572572
145.425 0 0 0 16 0 0.611659 0.367902 0 0.158429 1.40317 0 0.293747 3.00398 0 0.405699 5.06961 0 0.494048 7.5003 0 0.558578 10.1972 0 0.599088 13.0624 0 0.615456
153.331 0 0 0 17 0 0.655232 0.397672 0 0.171078 1.50137 0 0.314512 3.2034 0 0.433406 5.39726 0 0.527492 7.97759 0 0.596525 10.8401 0 0.640278 13.8813 0 0.658574
160.227 0 0 0 18 0 0.699554 0.434902 0 0.188241 1.61421 0 0.338793 3.42079 0 0.463781 5.74306 0 0.562907 8.47068 0 0.635897 11.4945 0 0.682503 14.7063 0 0.702496
165.369 0 0 0 19 0 0.746297 0.479816 0 0.214726 1.74926 0 0.370571 3.66763 0 0.500095 6.11952 0 0.602975 8.99087 0 0.678914 12.1689 0 0.727645 15.5419 0 0.748921
170.128 0 0 0 20 0 0.793982 0.530501 0 0.243713 1.89268 0 0.404437 3.92385 0 0.538146 6.50506 0 0.64449 9.51879 0 0.723152 12.8489 0 0.773847 16.3803 0 0.796311
173.967 0 0 0 21 0 0.843574 0.58447 0 0.275744 2.04713 0 0.442886 4.19501 0 0.579967 6.90627 0 0.689103 10.0606 0 0.769962 13.5391 0 0.822241 17.2242 0 0.845665
177.676 0 0 0 22 0 0.894454 0.638383 0 0.309406 2.20263 0 0.483003 4.46782 0 0.623338 7.30931 0 0.735172 10.6041 0 0.818153 14.2306 0 0.871964 18.0687 0 0.896314
180.797 0 0 0 23 0 0.947216 0.694431 0 0.347722 2.36531 0 0.526737 4.75035 0 0.669801 7.72257 0 0.783898 11.1567 0 0.868659 14.9289 0 0.923754 18.9168 0 0.948883
183.206 0 0 0 24 0 1.00217 0.752938 0 0.391503 2.53645 0 0.574712 5.04437 0 0.719886 8.14789 0 0.835732 11.7199 0 0.921871 15.635 0 0.97796 19.7691 0 1.00369
184.928 0 0 0 25 0 1.05892 0.823284 0 0.436765 2.72027 0 0.626475 5.35333 0 0.773153 8.588 0 0.890245 12.2959 0 0.977365 16.3504 0 1.03416 20.6263 0 1.06032
186.535 0 0 0 26 0 1.11585 0.894939 0 0.4819 2.9054 0 0.678727 5.66408 0 0.826809 9.02999 0 0.945067 12.8736 0 1.0331 17.0671 0 1.09056 21.484 0 1.11713
188.118 0 0 0 27 0 1.17284 0.966906 0 0.52709 3.09108 0 0.731121 5.97544 0 0.880585 9.47257 0 0.999989 13.4518 0 1.08893 17.7841 0 1.14704 22.342 0 1.174
189.68 0 0 0 28 0 1.22966 1.03946 0 0.572271 3.2775 0 0.783409 6.28756 0 0.934234 9.91585 0 1.05477 14.0305 0 1.1446 18.5015 0 1.20335 23.2002 0 1.2307
191.216 0 0 0 29 0 1.2863 1.11269 0 0.617449 3.46478 0 0.835585 6.60054 0 0.987749 10.3599 0 1.1094 14.6099 0 1.2001 19.2194 0 1.25949 24.0586 0 1.28722
192.323 0 0 0 30 0 1.34024 1.20035 0 0.663154 3.66956 0 0.886326 6.93084 0 1.03945 10.8196 0 1.1619 15.2021 0 1.25323 19.9463 0 1.31308 24.9217 0 1.34108
192.327 0 0 0 31 0 1.38758 1.3252 0 0.710453 3.91937 0 0.933646 7.30565 0 1.08678 11.3194 0 1.20922 15.827 0 1.30056 20.6962 0 1.36041 25.7967 0 1.38842
192.068 0 0 0 32 0 1.43419 1.4532 0 0.758138 4.17416 0 0.981046 7.68621 0 1.13394 11.8249 0 1.25619 16.4567 0 1.34737 21.4496 0 1.40711 26.6734 0 1.43505
191.741 0 0 0 33 0 1.47996 1.582 0 0.805268 4.43024 0 1.02782 8.06826 0 1.1804 12.3318 0 1.3024 17.0876 0 1.39339 22.2039 0 1.45299 27.5507 0 1.48085
191.24 0 0 0 34 0 1.52521 1.7128 0 0.85259 4.68951 0 1.07459 8.45401 0 1.22671 12.8424 0 1.34833 17.7217 0 1.43902 22.9605 0 1.49841 28.4292 0 1.52614
190.404 0 0 0 35 0 1.57308 1.84747 0 0.903901 4.95494 0 1.12499 8.84691 0 1.27633 13.3601 0 1.39731 18.3618 0 1.48751 23.7215 0 1.54655 29.31 0 1.57407
189.559 0 0 0 36 0 1.62061 1.98226 0 0.954924 5.22059 0 1.17508 9.24006 0 1.32564 13.8779 0 1.44598 19.0022 0 1.53568 24.4827 0 1.59436 30.1908 0 1.62166
188.699 0 0 0 37 0 1.66771 2.11722 0 1.00558 5.48649 0 1.2248 9.63351 0 1.37455 14.3961 0 1.49424 19.6428 0 1.58343 25.244 0 1.64174 31.0718 0 1.66883
187.82 0 0 0 38 0 1.71426 2.25239 0 1.05576 5.75274 0 1.27401 10.0274 0 1.42295 14.9146 0 1.54197 20.2837 0 1.63064 26.0056 0 1.68858 31.9529 0 1.71544
186.915 0 0 0 39 0 1.76002 2.38787 0 1.10525 6.01948 0 1.32251 10.4218 0 1.47061 15.4337 0 1.58894 20.9251 0 1.67708 26.7676 0 1.73463 32.8341 0 1.76127
186.762 0 0 0 40 0 1.81096 2.51462 0 1.15682 6.27228 0 1.37392 10.8 0 1.52188 15.9369 0 1.64009 21.5529 0 1.72814 27.5196 0 1.78563 33.7102 0 1.81223
186.764 0 0 0 41 0 1.86306 2.6396 0 1.20891 6.52225 0 1.42601 11.175 0 1.57397 16.4369 0 1.69219 22.1779 0 1.78024 28.2695 0 1.83773 34.5852 0 1.86433
186.766 0 0 0 42 0 1.91516 2.76459 0 1.26101 6.77222 0 1.4781 11.5499 0 1.62606 16.9369 0 1.74428 22.8028 0 1.83233 29.0195 0 1.88983 35.4602 0 1.91642
186.767 0 0 0 43 0 1.96726 2.88957 0 1.3131 7.02219 0 1.5302 11.9249 0 1.67816 17.4368 0 1.79638 23.4278 0 1.88443 29.7695 0 1.94192 36.3351 0 1.96852
186.769 0 0 0 44 0 2.01935 3.01455 0 1.36519 7.27216 0 1.58229 12.2999 0 1.73025 17.9368 0 1.84847 24.0528 0 1.93652 30.5195 0 1.99402 37.2101 0 2.02062
186.771 0 0 0 45 0 2.07145 3.13953 0 1.41728 7.52213 0 1.63438 12.6748 0 1.78235 18.4368 0 1.90057 24.6778 0 1.98862 31.2695 0 2.04612 38.0851 0 2.07271
186.772 0 0 0 46 0 2.12355 3.26451 0 1.46937 7.77211 0 1.68647 13.0498 0 1.83444 18.9367 0 1.95266 25.3027 0 2.04072 32.0194 0 2.09821 38.9601 0 2.12481
186.774 0 0 0 47 0 2.17565 3.3895 0 1.52146 8.02208 0 1.73857 13.4248 0 1.88653 19.4367 0 2.00476 25.9277 0 2.09281 32.7694 0 2.15031 39.8351 0 2.17691
186.775 0 0 0 48 0 2.22774 3.51448 0 1.57355 8.27205 0 1.79066 13.7997 0 1.93863 19.9367 0 2.05685 26.5527 0 2.14491 33.5194 0 2.20241 40.7101 0 2.22901
186.777 0 0 0 49 0 2.27984 3.63946 0 1.62564 8.52202 0 1.84275 14.1747 0 1.99072 20.4366 0 2.10895 27.1776 0 2.197 34.2694 0 2.2545 41.5851 0 2.2811
186.778 0 0 0 50 0 2.33194 3.76444 0 1.67773 8.77199 0 1.89484 14.5497 0 2.04282 20.9366 0 2.16104 27.8026 0 2.2491 35.0193 0 2.3066 42.4601 0 2.3332
186.78 0 0 0 51 0 2.38403 3.88942 0 1.72982 9.02196 0 1.94694 14.9246 0 2.09491 21.4366 0 2.21314 28.4276 0 2.3012 35.7693 0 2.3587 43.3351 0 2.3853
186.782 0 0 0 52 0 2.43613 4.01441 0 1.78191 9.27193 0 1.99903 15.2996 0 2.147 21.9365 0 2.26523 29.0526 0 2.35329 36.5193 0 2.41079 44.21 0 2.43739
186.783 0 0 0 53 0 2.48823 4.13939 0 1.834 9.5219 0 2.05112 15.6746 0 2.1991 22.4365 0 2.31733 29.6775 0 2.40539 37.2693 0 2.46289 45.085 0 2.48949
186.785 0 0 0 54 0 2.54033 4.26437 0 1.88609 9.77187 0 2.10321 16.0495 0 2.25119 22.9365 0 2.36942 30.3025 0 2.45748 38.0193 0 2.51499 45.96 0 2.54159
186.786 0 0 0 55 0 2.59242 4.38935 0 1.93819 10.0218 0 2.15531 16.4245 0 2.30329 23.4364 0 2.42152 30.9275 0 2.50958 38.7692 0 2.56708 46.835 0 2.59369
186.788 0 0 0 56 0 2.64452 4.51433 0 1.99028 10.2718 0 2.2074 16.7995 0 2.35538 23.9364 0 2.47361 31.5524 0 2.56168 39.5192 0 2.61918 47.71 0 2.64578
186.789 0 0 0 57 0 2.69662 4.63931 0 2.04237 10.5218 0 2.25949 17.1744 0 2.40747 24.4364 0 2.52571 32.1774 0 2.61377 40.2692 0 2.67128 48.585 0 2.69788
186.791 0 0 0 58 0 2.74872 4.7643 0 2.09446 10.7718 0 2.31158 17.5494 0 2.45957 24.9363 0 2.57781 32.8024 0 2.66587 41.0192 0 2.72337 49.46 0 2.74998
186.793 0 0 0 59 0 2.80081 4.88928 0 2.14655 11.0217 0 2.36368 17.9244 0 2.51166 25.4363 0 2.6299 33.4274 0 2.71796 41.7692 0 2.77547 50.335 0 2.80207
186.794 0 0 0 60 0 2.85291 5.01426 0 2.19864 11.2717 0 2.41577 18.2993 0 2.56376 25.9363 0 2.682 34.0523 0 2.77006 42.5191 0 2.82757 51.21 0 2.85417
186.796 0 0 0 61 0 2.90501 5.13924 0 2.25073 11.5217 0 2.46786 18.6743 0 2.61585 26.4362 0 2.73409 34.6773 0 2.82216 43.2691 0 2.87966 52.0849 0 2.90627
186.797 0 0 0 62 0 2.9571 5.26422 0 2.30282 11.7716 0 2.51995 19.0493 0 2.66794 26.9362 0 2.78619 35.3023 0 2.87425 44.0191 0 2.93176 52.9599 0 2.95837
186.799 0 0 0 63 0 3.0092 5.38921 0 2.35491 12.0216 0 2.57205 19.4242 0 2.72004 27.4362 0 2.83828 35.9272 0 2.92635 44.7691 0 2.98386 53.8349 0 3.01046
186.8 0 0 0 64 0 3.0613 5.51419 0 2.407 12.2716 0 2.62414 19.7992 0 2.77213 27.9361 0 2.89038 36.5522 0 2.97844 45.5191 0 3.03595 54.7099 0 3.06256
186.802 0 0 0 65 0 3.1134 5.63917 0 2.45909 12.5216 0 2.67623 20.1742 0 2.82422 28.4361 0 2.94247 37.1772 0 3.03054 46.269 0 3.08805 55.5849 0 3.11466
186.804 0 0 0 66 0 3.16549 5.76415 0 2.51118 12.7715 0 2.72832 20.5491 0 2.87632 28.9361 0 2.99457 37.8022 0 3.08264 47.019 0 3.14015 56.4599 0 3.16675
186.805 0 0 0 67 0 3.21759 5.88913 0 2.56327 13.0215 0 2.78042 20.9241 0 2.92841 29.436 0 3.04666 38.4271 0 3.13473 47.769 0 3.19225 57.3349 0 3.21885
186.807 0 0 0 68 0 3.26969 6.01411 0 2.61537 13.2715 0 2.83251 21.2991 0 2.98051 29.936 0 3.09876 39.0521 0 3.18683 48.519 0 3.24434 58.2099 0 3.27095
186.808 0 0 0 69 0 3.32179 6.1391 0 2.66746 13.5214 0 2.8846 21.674 0 3.0326 30.436 0 3.15085 39.6771 0 3.23893 49.269 0 3.29644 59.0849 0 3.32305
186.81 0 0 0 70 0 3.37388 6.26408 0 2.71955 13.7714 0 2.93669 22.049 0 3.08469 30.9359 0 3.20295 40.302 0 3.29102 50.0189 0 3.34854 59.9599 0 3.37514
186.811 0 0 0 71 0 3.42598 6.38906 0 2.77164 14.0214 0 2.98879 22.424 0 3.13679 31.4359 0 3.25504 40.927 0 3.34312 50.7689 0 3.40063 60.8348 0 3.42724
186.813 0 0 0 72 0 3.47808 6.51404 0 2.82373 14.2714 0 3.04088 22.7989 0 3.18888 31.9359 0 3.30714 41.552 0 3.39521 51.5189 0 3.45273 61.7098 0 3.47934
186.815 0 0 0 73 0 3.53017 6.63902 0 2.87582 14.5213 0 3.09297 23.1739 0 3.24098 32.4358 0 3.35923 42.177 0 3.44731 52.2689 0 3.50483 62.5848 0 3.53143
186.816 0 0 0 74 0 3.58227 6.76401 0 2.92791 14.7713 0 3.14506 23.5489 0 3.29307 32.9358 0 3.41133 42.8019 0 3.49941 53.0189 0 3.55692 63.4598 0 3.58353
186.818 0 0 0 75 0 3.63437 6.88899 0 2.98 15.0213 0 3.19716 23.9238 0 3.34516 33.4358 0 3.46342 43.4269 0 3.5515 53.7688 0 3.60902 64.3348 0 3.63563
186.819 0 0 0 76 0 3.68647 7.01397 0 3.03209 15.2712 0 3.24925 24.2988 0 3.39726 33.9357 0 3.51552 44.0519 0 3.6036 54.5188 0 3.66112 65.2098 0 3.68773
186.821 0 0 0 77 0 3.73856 7.13895 0 3.08418 15.5212 0 3.30134 24.6738 0 3.44935 34.4357 0 3.56761 44.6768 0 3.65569 55.2688 0 3.71321 66.0848 0 3.73982
186.822 0 0 0 78 0 3.79066 7.26393 0 3.13627 15.7712 0 3.35343 25.0487 0 3.50145 34.9357 0 3.61971 45.3018 0 3.70779 56.0188 0 3.76531 66.9598 0 3.79192
186.824 0 0 0 79 0 3.84276 7.38891 0 3.18836 16.0211 0 3.40553 25.4237 0 3.55354 35.4356 0 3.6718 45.9268 0 3.75989 56.7687 0 3.81741 67.8348 0 3.84402
186.826 0 0 0 80 0 3.89486 7.5139 0 3.24045 16.2711 0 3.45762 25.7987 0 3.60563 35.9356 0 3.7239 46.5518 0 3.81198 57.5187 0 3.8695 68.7097 0 3.89611
186.827 0 0 0 81 0 3.94695 7.63888 0 3.29255 16.5211 0 3.50971 26.1736 0 3.65773 36.4356 0 3.77599 47.1767 0 3.86408 58.2687 0 3.9216 69.5847 0 3.94821
186.829 0 0 0 82 0 3.99905 7.76386 0 3.34464 16.7711 0 3.5618 26.5486 0 3.70982 36.9355 0 3.82809 47.8017 0 3.91617 59.0187 0 3.9737 70.4597 0 4.00031
186.83 0 0 0 83 0 4.05115 7.88884 0 3.39673 17.021 0 3.6139 26.9236 0 3.76192 37.4355 0 3.88018 48.4267 0 3.96827 59.7687 0 4.02579 71.3347 0 4.05241
186.832 0 0 0 84 0 4.10324 8.01382 0 3.44882 17.271 0 3.66599 27.2985 0 3.81401 37.9355 0 3.93228 49.0516 0 4.02037 60.5186 0 4.07789 72.2097 0 4.1045
186.833 0 0 0 85 0 4.15534 8.13881 0 3.50091 17.521 0 3.71808 27.6735 0 3.8661 38.4354 0 3.98437 49.6766 0 4.07246 61.2686 0 4.12999 73.0847 0 4.1566
186.835 0 0 0 86 0 4.20744 8.26379 0 3.553 17.7709 0 3.77017 28.0485 0 3.9182 38.9354 0 4.03647 50.3016 0 4.12456 62.0186 0 4.18208 73.9597 0 4.2087
186.836 0 0 0 87 0 4.25954 8.38877 0 3.60509 18.0209 0 3.82227 28.4234 0 3.97029 39.4354 0 4.08856 50.9266 0 4.17665 62.7686 0 4.23418 74.8347 0 4.26079
186.838 0 0 0 88 0 4.31163 8.51375 0 3.65718 18.2709 0 3.87436 28.7984 0 4.02239 39.9353 0 4.14066 51.5515 0 4.22875 63.5186 0 4.28628 75.7097 0 4.31289
186.84 0 0 0 89 0 4.36373 8.63873 0 3.70927 18.5209 0 3.92645 29.1734 0 4.07448 40.4353 0 4.19275 52.1765 0 4.28085 64.2685 0 4.33837 76.5846 0 4.36499
186.841 0 0 0 90 0 4.41583 8.76371 0 3.76136 18.7708 0 3.97854 29.5483 0 4.12657 40.9353 0 4.24485 52.8015 0 4.33294 65.0185 0 4.39047 77.4596 0 4.41709
186.843 0 0 0 91 0 4.46792 8.8887 0 3.81345 19.0208 0 4.03064 29.9233 0 4.17867 41.4352 0 4.29694 53.4264 0 4.38504 65.7685 0 4.44257 78.3346 0 4.46918
186.844 0 0 0 92 0 4.52002 9.01368 0 3.86554 19.2708 0 4.08273 30.2983 0 4.23076 41.9352 0 4.34904 54.0514 0 4.43714 66.5185 0 4.49466 79.2096 0 4.52128
186.846 0 0 0 93 0 4.57212 9.13866 0 3.91763 19.5207 0 4.13482 30.6732 0 4.28286 42.4352 0 4.40114 54.6764 0 4.48923 67.2685 0 4.54676 80.0846 0 4.57338
186.847 0 0 0 94 0 4.62422 9.26364 0 3.96973 19.7707 0 4.18691 31.0482 0 4.33495 42.9351 0 4.45323 55.3014 0 4.54133 68.0184 0 4.59886 80.9596 0 4.62547
186.849 0 0 0 95 0 4.67631 9.38862 0 4.02182 20.0207 0 4.23901 31.4232 0 4.38704 43.4351 0 4.50533 55.9263 0 4.59342 68.7684 0 4.65095 81.8346 0 4.67757
186.851 0 0 0 96 0 4.72841 9.51361 0 4.07391 20.2707 0 4.2911 31.7981 0 4.43914 43.9351 0 4.55742 56.5513 0 4.64552 69.5184 0 4.70305 82.7096 0 4.72967
186.852 0 0 0 97 0 4.78051 9.63859 0 4.126 20.5206 0 4.34319 32.1731 0 4.49123 44.435 0 4.60952 57.1763 0 4.69762 70.2684 0 4.75515 83.5846 0 4.78177
186.854 0 0 0 98 0 4.83261 9.76357 0 4.17809 20.7706 0 4.39528 32.5481 0 4.54333 44.935 0 4.66161 57.8012 0 4.74971 71.0184 0 4.80724 84.4595 0 4.83386
186.855 0 0 0 99 0 4.8847 9.88855 0 4.23018 21.0206 0 4.44738 32.923 0 4.59542 45.435 0 4.71371 58.4262 0 4.80181 71.7683 0 4.85934 85.3345 0 4.88596
186.857 0 0 0 100 0 4.9368 10.0135 0 4.28227 21.2705 0 4.49947 33.298 0 4.64751 45.9349 0 4.7658 59.0512 0 4.8539 72.5183 0 4.91144 86.2095 0 4.93806
