19.683 1 0 -0.768746
39.0504 2 0 -0.77295
58.3352 3 0 -0.777703
76.0452 4 0 -0.779998
91.2971 5 0 -0.777976
105.174 6 0 -0.773533
118.107 7 0 -0.765841
130.226 8 0 -0.756794
141.505 9 0 -0.744064
152.301 10 0 -0.730893
162.861 11 0 -0.71623
172.615 12 0 -0.697763
181.706 13 0 -0.676334
190.78 14 0 -0.655351
199.776 15 0 -0.63483
208.686 16 0 -0.614786
217.507 17 0 -0.595236
225.836 18 0 -0.571244
233.869 19 0 -0.546311
238.806 20 0 -0.516178
242.552 21 0 -0.486654
245.109 22 0 -0.463871
247.473 23 0 -0.442286
249.598 24 0 -0.422168
251.118 25 0 -0.405576
252.565 26 0 -0.389634
253.933 27 0 -0.374392
254.934 28 0 -0.358644
255.201 29 0 -0.340706
255.397 30 0 -0.323496
255.447 31 0 -0.303272
255.402 32 0 -0.282091
255.304 33 0 -0.262166
255.018 34 0 -0.246475
254.609 35 0 -0.233608
254.192 36 0 -0.221218
253.763 37 0 -0.209344
253.322 38 0 -0.198031
252.868 39 0 -0.18733
252.399 40 0 -0.177302
251.914 41 0 -0.168016
251.411 42 0 -0.159558
250.823 43 0 -0.154573
249.625 44 0 -0.173758
248.513 45 0 -0.1818
247.497 46 0 -0.18127
246.432 47 0 -0.181606
245.316 48 0 -0.182884
244.144 49 0 -0.185191
242.91 50 0 -0.188632
241.607 51 0 -0.193327
240.205 52 0 -0.200153
238.508 53 0 -0.212008
236.871 54 0 -0.223218
236.353 55 0 -0.223093
235.839 56 0 -0.222969
235.303 57 0 -0.224021
234.763 58 0 -0.225826
234.218 59 0 -0.227791
233.669 60 0 -0.229922
233.118 61 0 -0.232227
232.564 62 0 -0.234713
232.007 63 0 -0.237389
231.446 64 0 -0.240263
230.883 65 0 -0.243346
230.316 66 0 -0.246648
229.746 67 0 -0.250181
229.172 68 0 -0.253958
228.594 69 0 -0.258008
228.012 70 0 -0.262333
227.425 71 0 -0.266947
227.152 72 0 -0.265978
227.068 73 0 -0.261844
226.982 74 0 -0.25776
226.895 75 0 -0.253727
226.808 76 0 -0.249746
226.72 77 0 -0.245819
226.632 78 0 -0.241947
226.543 79 0 -0.238132
226.454 80 0 -0.234375
226.365 81 0 -0.230677
226.275 82 0 -0.227041
226.184 83 0 -0.223468
226.093 84 0 -0.21996
226.002 85 0 -0.216518
225.909 86 0 -0.213146
225.817 87 0 -0.209844
225.724 88 0 -0.206615
225.63 89 0 -0.203461
225.535 90 0 -0.200385
225.44 91 0 -0.19739
225.345 92 0 -0.194477
225.248 93 0 -0.191651
225.151 94 0 -0.188914
225.053 95 0 -0.186268
224.955 96 0 -0.183719
224.856 97 0 -0.181269
224.756 98 0 -0.178922
224.655 99 0 -0.176683
224.553 100 0 -0.174555
