0.01 0 0 0 0 0.00765676 -4.82682e-07 0.00765676 -4.82682e-07
0.02 0 0 0 0 0.008735 -1.22262e-05 0.008735 -1.22262e-05
0.03 0 0 0 0 0.00290727 -6.64686e-05 0.00290727 -6.64686e-05
0.04 0 0 0 0 -0.00473277 -0.000134836 -0.00473277 -0.000134836
0.05 0 0 0 0 -0.00807588 -8.88812e-05 -0.00807588 -8.88812e-05
0.06 0 0 0 0 -0.00485023 9.8267e-05 -0.00485023 9.8267e-05
0.07 0 0 0 0 0.00190897 0.000222811 0.00190897 0.000222811
0.08 0 0 0 0 0.00664784 8.83413e-05 0.00664784 8.83413e-05
0.09 0 0 0 0 0.00582849 -0.000225923 0.00582849 -0.000225923
0.1 0 0 0 0 0.000533645 -0.000422087 0.000533645 -0.000422087
0.11 0 0 0 0 -0.00474815 -0.000259457 -0.00474815 -0.000259457
0.12 0 0 0 0 -0.00590337 0.000189249 -0.00590337 0.000189249
0.13 0 0 0 0 -0.00236868 0.000522983 -0.00236868 0.000522983
0.14 0 0 0 0 0.00272434 0.000368158 0.00272434 0.000368158
0.15 0 0 0 0 0.00528947 -0.000199287 0.00528947 -0.000199287
0.16 0 0 0 0 0.00354415 -0.000673723 0.00354415 -0.000673723
0.17 0 0 0 0 -0.000795304 -0.000592867 -0.000795304 -0.000592867
0.18 0 0 0 0 -0.00414705 2.02737e-05 -0.00414705 2.02737e-05
0.19 0 0 0 0 -0.00400494 0.000645319 -0.00400494 0.000645319
0.2 0 0 0 0 -0.000780145 0.000704789 -0.000780145 0.000704789
0.21 0 0 0 0 0.00277552 0.000105088 0.00277552 0.000105088
0.22 0 0 0 0 0.00389736 -0.000638877 0.00389736 -0.000638877
0.23 0 0 0 0 0.00193923 -0.000861983 0.00193923 -0.000861983
0.24 0 0 0 0 -0.00132143 -0.000356635 -0.00132143 -0.000356635
0.25 0 0 0 0 -0.00327394 0.000442474 -0.00327394 0.000442474
0.26 0 0 0 0 -0.00254919 0.000841879 -0.00254919 0.000841879
0.27 0 0 0 0 5.72604e-05 0.000495263 5.72604e-05 0.000495263
0.28 0 0 0 0 0.00239532 -0.000292177 0.00239532 -0.000292177
0.29 0 0 0 0 0.00271917 -0.000836926 0.00271917 -0.000836926
0.3 0 0 0 0 0.000971422 -0.000683242 0.000971422 -0.000683242
0.31 0 0 0 0 -0.00133713 1.29159e-05 -0.00133713 1.29159e-05
0.32 0 0 0 0 -0.00241985 0.000647393 -0.00241985 0.000647393
0.33 0 0 0 0 -0.00158049 0.000698786 -0.00158049 0.000698786
0.34 0 0 0 0 0.000374935 0.000157102 0.000374935 0.000157102
0.35 0 0 0 0 0.00188502 -0.000498477 0.00188502 -0.000498477
0.36 0 0 0 0 0.00186761 -0.000728109 0.00186761 -0.000728109
0.37 0 0 0 0 0.000477804 -0.000379713 0.000477804 -0.000379713
0.38 0 0 0 0 -0.0011275 0.000221114 -0.0011275 0.000221114
0.39 0 0 0 0 -0.00174229 0.000578502 -0.00174229 0.000578502
0.4 0 0 0 0 -0.00100393 0.000436389 -0.00100393 0.000436389
0.41 0 0 0 0 0.000421501 -4.63973e-05 0.000421501 -4.63973e-05
0.42 0 0 0 0 0.00142461 -0.000464719 0.00142461 -0.000464719
0.43 0 0 0 0 0.00130747 -0.000507446 0.00130747 -0.000507446
0.44 0 0 0 0 0.000256972 -0.000183927 0.000256972 -0.000183927
0.45 0 0 0 0 -0.000874465 0.000223775 -0.000874465 0.000223775
0.46 0 0 0 0 -0.00125334 0.000406654 -0.00125334 0.000406654
0.47 0 0 0 0 -0.000670439 0.00025807 -0.000670439 0.00025807
0.48 0 0 0 0 0.00036454 -7.70582e-05 0.00036454 -7.70582e-05
0.49 0 0 0 0 0.00105913 -0.000338715 0.00105913 -0.000338715
0.5 0 0 0 0 0.000939859 -0.000349654 0.000939859 -0.000349654
0.51 0 0 0 0 0.000166757 -0.000128492 0.000166757 -0.000128492
0.52 0 0 0 0 -0.00064163 0.000147097 -0.00064163 0.000147097
0.53 0 0 0 0 -0.000898768 0.00028025 -0.000898768 0.00028025
0.54 0 0 0 0 -0.000470056 0.000190621 -0.000470056 0.000190621
0.55 0 0 0 0 0.000273478 -4.18587e-05 0.000273478 -4.18587e-05
0.56 0 0 0 0 0.00077012 -0.000244136 0.00077012 -0.000244136
0.57 0 0 0 0 0.000688547 -0.000275566 0.000688547 -0.000275566
0.58 0 0 0 0 0.000142069 -0.000124073 0.000142069 -0.000124073
0.59 0 0 0 0 -0.000436576 9.20504e-05 -0.000436576 9.20504e-05
0.6 0 0 0 0 -0.000634748 0.000214515 -0.000634748 0.000214515
0.61 0 0 0 0 -0.000349478 0.000160405 -0.000349478 0.000160405
0.62 0 0 0 0 0.000171888 -2.11138e-05 0.000171888 -2.11138e-05
0.63 0 0 0 0 0.000541295 -0.000190669 0.000541295 -0.000190669
0.64 0 0 0 0 0.000515862 -0.000225516 0.000515862 -0.000225516
0.65 0 0 0 0 0.000152075 -0.000109159 0.000152075 -0.000109159
0.66 0 0 0 0 -0.000264573 6.3057e-05 -0.000264573 6.3057e-05
0.67 0 0 0 0 -0.000440758 0.000162081 -0.000440758 0.000162081
0.68 0 0 0 0 -0.000278118 0.000122677 -0.000278118 0.000122677
0.69 0 0 0 0 7.91558e-05 -1.4256e-05 7.91558e-05 -1.4256e-05
0.7 0 0 0 0 0.00036754 -0.000141397 0.00036754 -0.000141397
0.71 0 0 0 0 0.000396171 -0.000169394 0.000396171 -0.000169394
0.72 0 0 0 0 0.000169917 -8.89879e-05 0.000169917 -8.89879e-05
0.73 0 0 0 0 -0.000133058 3.18423e-05 -0.000133058 3.18423e-05
0.74 0 0 0 0 -0.000299216 0.000105222 -0.000299216 0.000105222
0.75 0 0 0 0 -0.000228049 8.68177e-05 -0.000228049 8.68177e-05
0.76 0 0 0 0 1.04467e-05 1.93137e-07 1.04467e-05 1.93137e-07
0.77 0 0 0 0 0.000239258 -8.84042e-05 0.000239258 -8.84042e-05
0.78 0 0 0 0 0.000304326 -0.000119856 0.000304326 -0.000119856
0.79 0 0 0 0 0.00017671 -7.98411e-05 0.00017671 -7.98411e-05
0.8 0 0 0 0 -3.96537e-05 -2.16956e-06 -3.96537e-05 -2.16956e-06
0.81 0 0 0 0 -0.000190788 5.88476e-05 -0.000190788 5.88476e-05
0.82 0 0 0 0 -0.000181237 6.52946e-05 -0.000181237 6.52946e-05
0.83 0 0 0 0 -3.25579e-05 1.80428e-05 -3.25579e-05 1.80428e-05
0.84 0 0 0 0 0.000142598 -4.73424e-05 0.000142598 -4.73424e-05
0.85 0 0 0 0 0.000224855 -8.62466e-05 0.000224855 -8.62466e-05
0.86 0 0 0 0 0.000168381 -7.46707e-05 0.000168381 -7.46707e-05
0.87 0 0 0 0 2.38951e-05 -2.37326e-05 2.38951e-05 -2.37326e-05
0.88 0 0 0 0 -0.000104767 2.98578e-05 -0.000104767 2.98578e-05
0.89 0 0 0 0 -0.000134572 5.00737e-05 -0.000134572 5.00737e-05
0.9 0 0 0 0 -5.56955e-05 2.60215e-05 -5.56955e-05 2.60215e-05
0.91 0 0 0 0 6.9534e-05 -2.2289e-05 6.9534e-05 -2.2289e-05
0.92 0 0 0 0 0.000154632 -5.99348e-05 0.000154632 -5.99348e-05
0.93 0 0 0 0 0.000147655 -6.22438e-05 0.000147655 -6.22438e-05
0.94 0 0 0 0 6.14578e-05 -3.07484e-05 6.14578e-05 -3.07484e-05
0.95 0 0 0 0 -4.10311e-05 1.04545e-05 -4.10311e-05 1.04545e-05
0.96 0 0 0 0 -9.23834e-05 3.34137e-05 -9.23834e-05 3.34137e-05
0.97 0 0 0 0 -6.46929e-05 2.54736e-05 -6.46929e-05 2.54736e-05
0.98 0 0 0 0 1.60624e-05 -4.21635e-06 1.60624e-05 -4.21635e-06
0.99 0 0 0 0 9.16518e-05 -3.34057e-05 9.16518e-05 -3.34057e-05
1 0 0 0 0 0.00014806 -0.000108192 0.00014806 -0.000108192
1.01 0 0 0 0 0.000290751 -0.000397587 0.000290751 -0.000397587
1.02 0 0 0 0 0.000303349 -0.000307821 0.000303349 -0.000307821
1.03 0 0 0 0 0.000178579 1.60489e-05 0.000178579 1.60489e-05
1.04 0 0 0 0 -3.25863e-05 0.000236518 -3.25863e-05 0.000236518
1.05 0 0 0 0 -0.000212753 0.000182108 -0.000212753 0.000182108
1.06 0 0 0 0 -0.000236637 -2.1617e-05 -0.000236637 -2.1617e-05
1.07 0 0 0 0 -7.23295e-05 -0.0001418 -7.23295e-05 -0.0001418
1.08 0 0 0 0 0.000171929 -9.60519e-05 0.000171929 -9.60519e-05
1.09 0 0 0 0 0.000319626 2.35322e-06 0.000319626 2.35322e-06
1.1 0 0 0 0 0.000265961 1.81023e-05 0.000265961 1.81023e-05
1.11 0 0 0 0 6.16634e-05 -4.49209e-05 6.16634e-05 -4.49209e-05
1.12 0 0 0 0 -0.000134611 -7.42135e-05 -0.000134611 -7.42135e-05
1.13 0 0 0 0 -0.000188128 -7.17883e-06 -0.000188128 -7.17883e-06
1.14 0 0 0 0 -8.53606e-05 8.56248e-05 -8.53606e-05 8.56248e-05
1.15 0 0 0 0 7.79507e-05 8.70901e-05 7.79507e-05 8.70901e-05
1.16 0 0 0 0 0.000187844 -2.23705e-05 0.000187844 -2.23705e-05
1.17 0 0 0 0 0.000192884 -0.000135929 0.000192884 -0.000135929
1.18 0 0 0 0 0.000116768 -0.00013707 0.000116768 -0.00013707
1.19 0 0 0 0 1.77402e-05 -2.53928e-05 1.77402e-05 -2.53928e-05
1.2 0 0 0 0 -5.38652e-05 8.732e-05 -5.38652e-05 8.732e-05
1.21 0 0 0 0 -7.12769e-05 9.81308e-05 -7.12769e-05 9.81308e-05
1.22 0 0 0 0 -3.03154e-05 1.34354e-05 -3.03154e-05 1.34354e-05
1.23 0 0 0 0 4.99696e-05 -7.30761e-05 4.99696e-05 -7.30761e-05
1.24 0 0 0 0 0.000127846 -8.60876e-05 0.000127846 -8.60876e-05
1.25 0 0 0 0 0.000155958 -3.69049e-05 0.000155958 -3.69049e-05
1.26 0 0 0 0 0.000113416 9.04831e-06 0.000113416 9.04831e-06
1.27 0 0 0 0 2.66278e-05 1.22211e-05 2.66278e-05 1.22211e-05
1.28 0 0 0 0 -4.55859e-05 -7.84264e-06 -4.55859e-05 -7.84264e-06
1.29 0 0 0 0 -5.52642e-05 -1.22646e-05 -5.52642e-05 -1.22646e-05
1.3 0 0 0 0 -9.00388e-07 4.06087e-06 -9.00388e-07 4.06087e-06
1.31 0 0 0 0 7.48661e-05 1.08938e-05 7.48661e-05 1.08938e-05
1.32 0 0 0 0 0.000120987 -1.25245e-05 0.000120987 -1.25245e-05
1.33 0 0 0 0 0.000114515 -4.65542e-05 0.000114515 -4.65542e-05
1.34 0 0 0 0 6.96539e-05 -5.24597e-05 6.96539e-05 -5.24597e-05
1.35 0 0 0 0 1.92706e-05 -1.86536e-05 1.92706e-05 -1.86536e-05
1.36 0 0 0 0 -9.5922e-06 2.40025e-05 -9.5922e-06 2.40025e-05
1.37 0 0 0 0 -7.51669e-06 3.50873e-05 -7.51669e-06 3.50873e-05
1.38 0 0 0 0 1.94705e-05 6.95638e-06 1.94705e-05 6.95638e-06
1.39 0 0 0 0 5.66016e-05 -3.02341e-05 5.66016e-05 -3.02341e-05
1.4 0 0 0 0 8.58349e-05 -4.27567e-05 8.58349e-05 -4.27567e-05
1.41 0 0 0 0 9.19642e-05 -2.62453e-05 9.19642e-05 -2.62453e-05
1.42 0 0 0 0 7.08257e-05 -3.42699e-06 7.08257e-05 -3.42699e-06
1.43 0 0 0 0 3.42675e-05 4.74347e-06 3.42675e-05 4.74347e-06
1.44 0 0 0 0 4.72806e-06 -9.42149e-07 4.72806e-06 -9.42149e-07
1.45 0 0 0 0 5.01663e-07 -6.18644e-06 5.01663e-07 -6.18644e-06
1.46 0 0 0 0 2.27332e-05 -4.1649e-06 2.27332e-05 -4.1649e-06
1.47 0 0 0 0 5.51739e-05 -2.25928e-06 5.51739e-05 -2.25928e-06
1.48 0 0 0 0 7.68129e-05 -8.94475e-06 7.68129e-05 -8.94475e-06
1.49 0 0 0 0 7.64392e-05 -2.01408e-05 7.64392e-05 -2.01408e-05
1.5 0 0 0 0 5.79517e-05 -2.29047e-05 5.79517e-05 -2.29047e-05
1.51 0 0 0 0 3.45619e-05 -1.13943e-05 3.45619e-05 -1.13943e-05
1.52 0 0 0 0 1.89572e-05 4.99252e-06 1.89572e-05 4.99252e-06
1.53 0 0 0 0 1.71157e-05 1.12067e-05 1.71157e-05 1.12067e-05
1.54 0 0 0 0 2.7723e-05 2.44471e-06 2.7723e-05 2.44471e-06
1.55 0 0 0 0 4.44862e-05 -1.16845e-05 4.44862e-05 -1.16845e-05
1.56 0 0 0 0 5.89201e-05 -1.82631e-05 5.89201e-05 -1.82631e-05
1.57 0 0 0 0 6.35613e-05 -1.39026e-05 6.35613e-05 -1.39026e-05
1.58 0 0 0 0 5.56963e-05 -5.67091e-06 5.56963e-05 -5.67091e-06
1.59 0 0 0 0 3.95778e-05 -1.38052e-06 3.95778e-05 -1.38052e-06
1.6 0 0 0 0 2.44934e-05 -1.7505e-06 2.44934e-05 -1.7505e-06
1.61 0 0 0 0 1.89705e-05 -2.45347e-06 1.89705e-05 -2.45347e-06
1.62 0 0 0 0 2.51658e-05 -1.33262e-06 2.51658e-05 -1.33262e-06
1.63 0 0 0 0 3.78272e-05 -9.8088e-07 3.78272e-05 -9.8088e-07
1.64 0 0 0 0 4.84276e-05 -4.18661e-06 4.84276e-05 -4.18661e-06
1.65 0 0 0 0 5.08719e-05 -9.05018e-06 5.08719e-05 -9.05018e-06
1.66 0 0 0 0 4.45164e-05 -1.04218e-05 4.45164e-05 -1.04218e-05
1.67 0 0 0 0 3.31758e-05 -5.89974e-06 3.31758e-05 -5.89974e-06
1.68 0 0 0 0 2.19612e-05 1.05391e-06 2.19612e-05 1.05391e-06
1.69 0 0 0 0 0.000111479 -9.39693e-05 0.000111479 -9.39693e-05
1.7 0 0 0 0 0.000545733 -0.000486227 0.000545733 -0.000486227
1.71 0 0 0 0 0.000749679 -0.000412526 0.000749679 -0.000412526
1.72 0 0 0 0 0.000622195 -6.36512e-05 0.000622195 -6.36512e-05
1.73 0 0 0 0 0.000204707 0.0001691 0.000204707 0.0001691
1.74 0 0 0 0 -0.000288475 0.000141292 -0.000288475 0.000141292
1.75 0 0 0 0 -0.000577453 3.30888e-05 -0.000577453 3.30888e-05
1.76 0 0 0 0 -0.000504997 4.31699e-05 -0.000504997 4.31699e-05
1.77 0 0 0 0 -0.000144544 0.000129455 -0.000144544 0.000129455
1.78 0 0 0 0 0.000267538 0.000103317 0.000267538 0.000103317
1.79 0 0 0 0 0.000507239 -8.73706e-05 0.000507239 -8.73706e-05
1.8 0 0 0 0 0.000492751 -0.000265474 0.000492751 -0.000265474
1.81 0 0 0 0 0.000285934 -0.000231707 0.000285934 -0.000231707
1.82 0 0 0 0 1.1049e-05 -3.66286e-06 1.1049e-05 -3.66286e-06
1.83 0 0 0 0 -0.000216334 0.000202759 -0.000216334 0.000202759
1.84 0 0 0 0 -0.000314647 0.000213022 -0.000314647 0.000213022
1.85 0 0 0 0 -0.000246461 6.48474e-05 -0.000246461 6.48474e-05
1.86 0 0 0 0 -3.90975e-05 -7.00775e-05 -3.90975e-05 -7.00775e-05
1.87 0 0 0 0 0.000207875 -8.96739e-05 0.000207875 -8.96739e-05
1.88 0 0 0 0 0.000364505 -4.41583e-05 0.000364505 -4.41583e-05
1.89 0 0 0 0 0.000349353 -2.97839e-05 0.000349353 -2.97839e-05
1.9 0 0 0 0 0.000183497 -5.5485e-05 0.000183497 -5.5485e-05
1.91 0 0 0 0 -2.83941e-05 -4.87734e-05 -2.83941e-05 -4.87734e-05
1.92 0 0 0 0 -0.000172469 2.77258e-05 -0.000172469 2.77258e-05
1.93 0 0 0 0 -0.000192326 0.000112083 -0.000192326 0.000112083
1.94 0 0 0 0 -0.000103057 0.000112795 -0.000103057 0.000112795
1.95 0 0 0 0 3.84326e-05 1.97865e-05 3.84326e-05 1.97865e-05
1.96 0 0 0 0 0.00016901 -8.14376e-05 0.00016901 -8.14376e-05
1.97 0 0 0 0 0.000238953 -0.000104663 0.000238953 -0.000104663
1.98 0 0 0 0 0.000222098 -4.97271e-05 0.000222098 -4.97271e-05
1.99 0 0 0 0 0.000126456 1.43516e-05 0.000126456 1.43516e-05
2 0 0 0 0 -2.34655e-06 3.51707e-05 -2.34655e-06 3.51707e-05
2.01 0 0 0 0 -9.93772e-05 2.42228e-05 -9.93772e-05 2.42228e-05
2.02 0 0 0 0 -0.000116783 2.06644e-05 -0.000116783 2.06644e-05
2.03 0 0 0 0 -5.25477e-05 3.19277e-05 -5.25477e-05 3.19277e-05
2.04 0 0 0 0 5.15442e-05 2.87716e-05 5.15442e-05 2.87716e-05
2.05 0 0 0 0 0.00013967 -6.88715e-06 0.00013967 -6.88715e-06
2.06 0 0 0 0 0.000174337 -4.98375e-05 0.000174337 -4.98375e-05
2.07 0 0 0 0 0.000149671 -5.75672e-05 0.000149671 -5.75672e-05
2.08 0 0 0 0 8.46882e-05 -2.01414e-05 8.46882e-05 -2.01414e-05
2.09 0 0 0 0 9.68795e-06 2.81519e-05 9.68795e-06 2.81519e-05
2.1 0 0 0 0 -4.47789e-05 4.71726e-05 -4.47789e-05 4.71726e-05
2.11 0 0 0 0 -5.68794e-05 3.11767e-05 -5.68794e-05 3.11767e-05
2.12 0 0 0 0 -2.2423e-05 6.13523e-06 -2.2423e-05 6.13523e-06
2.13 0 0 0 0 4.08926e-05 -5.36986e-06 4.08926e-05 -5.36986e-06
2.14 0 0 0 0 0.000100803 -5.92515e-06 0.000100803 -5.92515e-06
2.15 0 0 0 0 0.000128012 -9.78758e-06 0.000128012 -9.78758e-06
2.16 0 0 0 0 0.000112396 -1.82138e-05 0.000112396 -1.82138e-05
2.17 0 0 0 0 6.63779e-05 -1.73912e-05 6.63779e-05 -1.73912e-05
2.18 0 0 0 0 1.46776e-05 7.3081e-07 1.46776e-05 7.3081e-07
2.19 0 0 0 0 -2.01577e-05 2.4226e-05 -2.01577e-05 2.4226e-05
2.2 0 0 0 0 -2.68307e-05 3.26179e-05 -2.68307e-05 3.26179e-05
2.21 0 0 0 0 -6.73396e-06 1.93769e-05 -6.73396e-06 1.93769e-05
2.22 0 0 0 0 2.8857e-05 -1.94872e-06 2.8857e-05 -1.94872e-06
2.23 0 0 0 0 6.4284e-05 -1.47129e-05 6.4284e-05 -1.47129e-05
2.24 0 0 0 0 0.000787441 -0.000526617 0.000787441 -0.000526617
2.25 0 0 0 0 0.001198 -0.000532675 0.001198 -0.000532675
2.26 0 0 0 0 0.00114431 -0.00019185 0.00114431 -0.00019185
2.27 0 0 0 0 0.000640955 6.6444e-05 0.000640955 6.6444e-05
2.28 0 0 0 0 -8.68271e-05 7.36209e-05 -8.68271e-05 7.36209e-05
2.29 0 0 0 0 -0.000696419 3.02636e-05 -0.000696419 3.02636e-05
2.3 0 0 0 0 -0.000921761 0.000141392 -0.000921761 0.000141392
2.31 0 0 0 0 -0.000715709 0.000311803 -0.000715709 0.000311803
2.32 0 0 0 0 -0.000235791 0.000284904 -0.000235791 0.000284904
2.33 0 0 0 0 0.000284268 2.67591e-06 0.000284268 2.67591e-06
2.34 0 0 0 0 0.00065457 -0.000295007 0.00065457 -0.000295007
2.35 0 0 0 0 0.000772477 -0.000344746 0.000772477 -0.000344746
2.36 0 0 0 0 0.000618756 -0.000148244 0.000618756 -0.000148244
2.37 0 0 0 0 0.000256956 6.77415e-05 0.000256956 6.77415e-05
2.38 0 0 0 0 -0.000168935 0.000132 -0.000168935 0.000132
2.39 0 0 0 0 -0.00047886 8.9452e-05 -0.00047886 8.9452e-05
2.4 0 0 0 0 -0.000543984 7.78083e-05 -0.000543984 7.78083e-05
2.41 0 0 0 0 -0.000357299 0.0001225 -0.000357299 0.0001225
2.42 0 0 0 0 -2.89105e-05 0.000119483 -2.89105e-05 0.000119483
2.43 0 0 0 0 0.000287373 1.34305e-06 0.000287373 1.34305e-06
2.44 0 0 0 0 0.000474092 -0.000150973 0.000474092 -0.000150973
2.45 0 0 0 0 0.000485548 -0.000195682 0.000485548 -0.000195682
2.46 0 0 0 0 0.000339999 -9.60609e-05 0.000339999 -9.60609e-05
2.47 0 0 0 0 0.000100035 4.46438e-05 0.000100035 4.46438e-05
2.48 0 0 0 0 -0.000144011 0.000109261 -0.000144011 0.000109261
2.49 0 0 0 0 -0.000298359 8.71641e-05 -0.000298359 8.71641e-05
2.5 0 0 0 0 -0.000303772 5.17252e-05 -0.000303772 5.17252e-05
2.51 0 0 0 0 -0.00016707 4.839e-05 -0.00016707 4.839e-05
2.52 0 0 0 0 4.17512e-05 4.5619e-05 4.17512e-05 4.5619e-05
2.53 0 0 0 0 0.000229008 -1.25691e-06 0.000229008 -1.25691e-06
2.54 0 0 0 0 0.000324778 -7.32095e-05 0.000324778 -7.32095e-05
2.55 0 0 0 0 0.000307299 -0.000102476 0.000307299 -0.000102476
2.56 0 0 0 0 0.000198292 -5.53417e-05 0.000198292 -5.53417e-05
2.57 0 0 0 0 4.51216e-05 2.651e-05 4.51216e-05 2.651e-05
2.58 0 0 0 0 -9.58895e-05 7.48384e-05 -9.58895e-05 7.48384e-05
2.59 0 0 0 0 -0.000174544 6.76164e-05 -0.000174544 6.76164e-05
2.6 0 0 0 0 -0.000163778 3.84259e-05 -0.000163778 3.84259e-05
2.61 0 0 0 0 -7.27714e-05 2.2883e-05 -7.27714e-05 2.2883e-05
2.62 0 0 0 0 5.56773e-05 1.75536e-05 5.56773e-05 1.75536e-05
2.63 0 0 0 0 0.000166186 -1.23592e-06 0.000166186 -1.23592e-06
2.64 0 0 0 0 0.000217528 -3.37586e-05 0.000217528 -3.37586e-05
2.65 0 0 0 0 0.000198109 -5.03759e-05 0.000198109 -5.03759e-05
2.66 0 0 0 0 0.000124141 -2.87877e-05 0.000124141 -2.87877e-05
2.67 0 0 0 0 2.75886e-05 1.61324e-05 2.75886e-05 1.61324e-05
2.68 0 0 0 0 -5.64786e-05 4.79563e-05 -5.64786e-05 4.79563e-05
2.69 0 0 0 0 -9.98668e-05 4.79278e-05 -9.98668e-05 4.79278e-05
2.7 0 0 0 0 -8.96225e-05 2.93263e-05 -8.96225e-05 2.93263e-05
2.71 0 0 0 0 -3.34058e-05 1.4398e-05 -3.34058e-05 1.4398e-05
2.72 0 0 0 0 8.56749e-05 -1.61473e-05 8.56749e-05 -1.61473e-05
2.73 0 0 0 0 0.00104134 -0.000508795 0.00104134 -0.000508795
2.74 0 0 0 0 0.0016157 -0.00054069 0.0016157 -0.00054069
2.75 0 0 0 0 0.00164145 -0.000267474 0.00164145 -0.000267474
2.76 0 0 0 0 0.00112697 -6.56251e-05 0.00112697 -6.56251e-05
2.77 0 0 0 0 0.000283506 -4.96756e-05 0.000283506 -4.96756e-05
2.78 0 0 0 0 -0.000556288 -1.69895e-05 -0.000556288 -1.69895e-05
2.79 0 0 0 0 -0.00109501 0.000186541 -0.00109501 0.000186541
2.8 0 0 0 0 -0.00119279 0.000415614 -0.00119279 0.000415614
2.81 0 0 0 0 -0.000884381 0.000409269 -0.000884381 0.000409269
2.82 0 0 0 0 -0.000318066 0.000133513 -0.000318066 0.000133513
2.83 0 0 0 0 0.000312788 -0.000170779 0.000312788 -0.000170779
2.84 0 0 0 0 0.000814437 -0.000272559 0.000814437 -0.000272559
2.85 0 0 0 0 0.00103395 -0.000187863 0.00103395 -0.000187863
2.86 0 0 0 0 0.000910788 -9.40948e-05 0.000910788 -9.40948e-05
2.87 0 0 0 0 0.000509636 -7.87074e-05 0.000509636 -7.87074e-05
2.88 0 0 0 0 -4.37733e-06 -5.87961e-05 -4.37733e-06 -5.87961e-05
2.89 0 0 0 0 -0.000442849 5.72861e-05 -0.000442849 5.72861e-05
2.9 0 0 0 0 -0.000672706 0.000213307 -0.000672706 0.000213307
2.91 0 0 0 0 -0.000651013 0.000263416 -0.000651013 0.000263416
2.92 0 0 0 0 -0.000414917 0.0001541 -0.000414917 0.0001541
2.93 0 0 0 0 -5.49169e-05 -1.26067e-05 -5.49169e-05 -1.26067e-05
2.94 0 0 0 0 0.000310694 -0.000104065 0.000310694 -0.000104065
2.95 0 0 0 0 0.000565057 -9.81633e-05 0.000565057 -9.81633e-05
2.96 0 0 0 0 0.000630414 -7.07583e-05 0.000630414 -7.07583e-05
2.97 0 0 0 0 0.000499055 -7.25339e-05 0.000499055 -7.25339e-05
2.98 0 0 0 0 0.000234516 -6.82286e-05 0.000234516 -6.82286e-05
2.99 0 0 0 0 -6.07619e-05 -5.63194e-06 -6.07619e-05 -5.63194e-06
3 0 0 0 0 -0.000289611 9.48289e-05 -0.000289611 9.48289e-05
3.01 0 0 0 0 -0.000390676 0.0001534 -0.000390676 0.0001534
3.02 0 0 0 0 -0.000347756 0.00012437 -0.000347756 0.00012437
3.03 0 0 0 0 -0.000186306 4.53729e-05 -0.000186306 4.53729e-05
3.04 0 0 0 0 3.55241e-05 -1.41035e-05 3.55241e-05 -1.41035e-05
3.05 0 0 0 0 0.000242895 -3.04177e-05 0.000242895 -3.04177e-05
3.06 0 0 0 0 0.000368785 -3.32407e-05 0.000368785 -3.32407e-05
3.07 0 0 0 0 0.000378605 -4.75766e-05 0.000378605 -4.75766e-05
3.08 0 0 0 0 0.000281053 -5.60218e-05 0.000281053 -5.60218e-05
3.09 0 0 0 0 0.00011939 -2.79707e-05 0.00011939 -2.79707e-05
3.1 0 0 0 0 -4.92069e-05 3.11054e-05 -4.92069e-05 3.11054e-05
3.11 0 0 0 0 -0.000173554 7.88596e-05 -0.000173554 7.88596e-05
3.12 0 0 0 0 -0.000221061 8.29014e-05 -0.000221061 8.29014e-05
3.13 0 0 0 0 -0.000183852 5.33324e-05 -0.000183852 5.33324e-05
3.14 0 0 0 0 -7.98994e-05 2.3263e-05 -7.98994e-05 2.3263e-05
3.15 0 0 0 0 5.24669e-05 8.35618e-06 5.24669e-05 8.35618e-06
3.16 0 0 0 0 0.000167774 -2.53132e-06 0.000167774 -2.53132e-06
3.17 0 0 0 0 0.000229986 -2.05893e-05 0.000229986 -2.05893e-05
3.18 0 0 0 0 0.00022432 -3.57359e-05 0.00022432 -3.57359e-05
3.19 0 0 0 0 0.000540106 -0.000195392 0.000540106 -0.000195392
3.2 0 0 0 0 0.00143628 -0.000509146 0.00143628 -0.000509146
3.21 0 0 0 0 0.00189355 -0.000428454 0.00189355 -0.000428454
3.22 0 0 0 0 0.00181394 -0.000203527 0.00181394 -0.000203527
3.23 0 0 0 0 0.00125232 -0.0001155 0.00125232 -0.0001155
3.24 0 0 0 0 0.000409506 -0.000133124 0.000409506 -0.000133124
3.25 0 0 0 0 -0.000443173 -3.68033e-05 -0.000443173 -3.68033e-05
3.26 0 0 0 0 -0.00106748 0.000222 -0.00106748 0.000222
3.27 0 0 0 0 -0.00132719 0.00043027 -0.00132719 0.00043027
3.28 0 0 0 0 -0.00119953 0.000386384 -0.00119953 0.000386384
3.29 0 0 0 0 -0.000754558 0.000148993 -0.000754558 0.000148993
3.3 0 0 0 0 -0.000130808 -5.37972e-05 -0.000130808 -5.37972e-05
3.31 0 0 0 0 0.000492996 -0.000103432 0.000492996 -0.000103432
3.32 0 0 0 0 0.000943633 -8.85699e-05 0.000943633 -8.85699e-05
3.33 0 0 0 0 0.00110877 -0.000130446 0.00110877 -0.000130446
3.34 0 0 0 0 0.000971861 -0.000202425 0.000971861 -0.000202425
3.35 0 0 0 0 0.000605315 -0.000179769 0.000605315 -0.000179769
3.36 0 0 0 0 0.000132242 -2.58868e-05 0.000132242 -2.58868e-05
3.37 0 0 0 0 -0.000315592 0.000146257 -0.000315592 0.000146257
3.38 0 0 0 0 -0.000627404 0.000208643 -0.000627404 0.000208643
3.39 0 0 0 0 -0.000733469 0.000159704 -0.000733469 0.000159704
3.4 0 0 0 0 -0.000620594 9.65266e-05 -0.000620594 9.65266e-05
3.41 0 0 0 0 -0.000336822 7.71478e-05 -0.000336822 7.71478e-05
3.42 0 0 0 0 2.41323e-05 6.21809e-05 2.41323e-05 6.21809e-05
3.43 0 0 0 0 0.000355932 -3.41295e-06 0.000355932 -3.41295e-06
3.44 0 0 0 0 0.000573729 -9.67358e-05 0.000573729 -9.67358e-05
3.45 0 0 0 0 0.000633944 -0.000138962 0.000633944 -0.000138962
3.46 0 0 0 0 0.000537337 -9.43249e-05 0.000537337 -9.43249e-05
3.47 0 0 0 0 0.000322399 -1.08232e-05 0.000322399 -1.08232e-05
3.48 0 0 0 0 5.40981e-05 4.33973e-05 5.40981e-05 4.33973e-05
3.49 0 0 0 0 -0.000192487 5.62342e-05 -0.000192487 5.62342e-05
3.5 0 0 0 0 -0.000353054 6.50329e-05 -0.000353054 6.50329e-05
3.51 0 0 0 0 -0.000392695 9.01632e-05 -0.000392695 9.01632e-05
3.52 0 0 0 0 -0.000313599 0.000104617 -0.000313599 0.000104617
3.53 0 0 0 0 -0.000149329 7.52686e-05 -0.000149329 7.52686e-05
3.54 0 0 0 0 4.90284e-05 1.28109e-05 4.90284e-05 1.28109e-05
3.55 0 0 0 0 0.000227722 -3.73606e-05 0.000227722 -3.73606e-05
3.56 0 0 0 0 0.000342734 -4.71749e-05 0.000342734 -4.71749e-05
3.57 0 0 0 0 0.000369336 -3.12446e-05 0.000369336 -3.12446e-05
3.58 0 0 0 0 0.000307661 -1.82213e-05 0.000307661 -1.82213e-05
3.59 0 0 0 0 0.000181647 -1.26003e-05 0.000181647 -1.26003e-05
3.6 0 0 0 0 3.04839e-05 3.19211e-06 3.04839e-05 3.19211e-06
3.61 0 0 0 0 -0.000104175 3.58908e-05 -0.000104175 3.58908e-05
3.62 0 0 0 0 -0.000189844 6.62085e-05 -0.000189844 6.62085e-05
3.63 0 0 0 0 -0.000210115 7.07975e-05 -0.000210115 7.07975e-05
3.64 0 0 0 0 -0.000166568 4.96977e-05 -0.000166568 4.96977e-05
3.65 0 0 0 0 0.000584335 -0.000204865 0.000584335 -0.000204865
3.66 0 0 0 0 0.00179784 -0.000475468 0.00179784 -0.000475468
3.67 0 0 0 0 0.00252101 -0.000419021 0.00252101 -0.000419021
3.68 0 0 0 0 0.00263272 -0.00028928 0.00263272 -0.00028928
3.69 0 0 0 0 0.00216086 -0.000280429 0.00216086 -0.000280429
3.7 0 0 0 0 0.00126865 -0.000292366 0.00126865 -0.000292366
3.71 0 0 0 0 0.00019931 -0.000130716 0.00019931 -0.000130716
3.72 0 0 0 0 -0.000794382 0.000182435 -0.000794382 0.000182435
3.73 0 0 0 0 -0.00150662 0.000415266 -0.00150662 0.000415266
3.74 0 0 0 0 -0.00181172 0.000412494 -0.00181172 0.000412494
3.75 0 0 0 0 -0.00167973 0.000263078 -0.00167973 0.000263078
3.76 0 0 0 0 -0.0011773 0.000150469 -0.0011773 0.000150469
3.77 0 0 0 0 -0.000449029 0.000117961 -0.000449029 0.000117961
3.78 0 0 0 0 0.000321627 5.87136e-05 0.000321627 5.87136e-05
3.79 0 0 0 0 0.000960501 -9.23371e-05 0.000960501 -9.23371e-05
3.8 0 0 0 0 0.00134223 -0.000247057 0.00134223 -0.000247057
3.81 0 0 0 0 0.00141054 -0.000274499 0.00141054 -0.000274499
3.82 0 0 0 0 0.00118056 -0.000166057 0.00118056 -0.000166057
3.83 0 0 0 0 0.000728663 -3.49228e-05 0.000728663 -3.49228e-05
3.84 0 0 0 0 0.000172589 3.08069e-05 0.000172589 3.08069e-05
3.85 0 0 0 0 -0.000356754 5.67271e-05 -0.000356754 5.67271e-05
3.86 0 0 0 0 -0.00074631 0.000110448 -0.00074631 0.000110448
3.87 0 0 0 0 -0.00092532 0.000188393 -0.00092532 0.000188393
3.88 0 0 0 0 -0.000876287 0.000217253 -0.000876287 0.000217253
3.89 0 0 0 0 -0.000632101 0.000155479 -0.000632101 0.000155479
3.9 0 0 0 0 -0.000263456 4.97641e-05 -0.000263456 4.97641e-05
3.91 0 0 0 0 0.000139189 -2.35839e-05 0.000139189 -2.35839e-05
3.92 0 0 0 0 0.000486023 -4.51433e-05 0.000486023 -4.51433e-05
3.93 0 0 0 0 0.000707261 -5.45154e-05 0.000707261 -5.45154e-05
3.94 0 0 0 0 0.00076697 -7.93173e-05 0.00076697 -7.93173e-05
3.95 0 0 0 0 0.000667769 -9.48969e-05 0.000667769 -9.48969e-05
3.96 0 0 0 0 0.000446075 -6.39818e-05 0.000446075 -6.39818e-05
3.97 0 0 0 0 0.000160627 6.40908e-06 0.000160627 6.40908e-06
3.98 0 0 0 0 -0.000122049 6.91959e-05 -0.000122049 6.91959e-05
3.99 0 0 0 0 -0.0003422 9.20056e-05 -0.0003422 9.20056e-05
4 0 0 0 0 -0.000458872 8.73034e-05 -0.000458872 8.73034e-05
4.01 0 0 0 0 -0.000457076 8.37371e-05 -0.000457076 8.37371e-05
4.02 0 0 0 0 -0.000348606 8.45484e-05 -0.000348606 8.45484e-05
4.03 0 0 0 0 -0.000166835 6.88938e-05 -0.000166835 6.88938e-05
4.04 0 0 0 0 4.25518e-05 2.79888e-05 4.25518e-05 2.79888e-05
4.05 0 0 0 0 0.000232371 -1.71426e-05 0.000232371 -1.71426e-05
4.06 0 0 0 0 0.000363965 -3.89801e-05 0.000363965 -3.89801e-05
4.07 0 0 0 0 0.000414584 -3.39504e-05 0.000414584 -3.39504e-05
4.08 0 0 0 0 0.000380757 -2.05169e-05 0.000380757 -2.05169e-05
4.09 0 0 0 0 0.000277158 -1.19885e-05 0.000277158 -1.19885e-05
4.1 0 0 0 0 0.000131609 -2.54531e-06 0.000131609 -2.54531e-06
4.11 0 0 0 0 0.000771196 -0.000198067 0.000771196 -0.000198067
4.12 0 0 0 0 0.00199342 -0.000419095 0.00199342 -0.000419095
4.13 0 0 0 0 0.00276033 -0.000362648 0.00276033 -0.000362648
4.14 0 0 0 0 0.00298108 -0.00026526 0.00298108 -0.00026526
4.15 0 0 0 0 0.00267075 -0.000292282 0.00267075 -0.000292282
4.16 0 0 0 0 0.00193485 -0.000334783 0.00193485 -0.000334783
4.17 0 0 0 0 0.000941812 -0.000206882 0.000941812 -0.000206882
4.18 0 0 0 0 -0.000110313 7.10931e-05 -0.000110313 7.10931e-05
4.19 0 0 0 0 -0.00103016 0.000291594 -0.00103016 0.000291594
4.2 0 0 0 0 -0.00166783 0.00032394 -0.00166783 0.00032394
4.21 0 0 0 0 -0.00193951 0.000251931 -0.00193951 0.000251931
4.22 0 0 0 0 -0.00183494 0.000224254 -0.00183494 0.000224254
4.23 0 0 0 0 -0.00140915 0.000250918 -0.00140915 0.000250918
4.24 0 0 0 0 -0.000765613 0.000217847 -0.000765613 0.000217847
4.25 0 0 0 0 -3.57173e-05 7.00334e-05 -3.57173e-05 7.00334e-05
4.26 0 0 0 0 0.000644688 -0.000101993 0.000644688 -0.000101993
4.27 0 0 0 0 0.0011603 -0.00017769 0.0011603 -0.00017769
4.28 0 0 0 0 0.00143691 -0.00015067 0.00143691 -0.00015067
4.29 0 0 0 0 0.00145078 -0.000111411 0.00145078 -0.000111411
4.3 0 0 0 0 0.00122578 -0.000112968 0.00122578 -0.000112968
4.31 0 0 0 0 0.000822845 -0.000110537 0.000822845 -0.000110537
4.32 0 0 0 0 0.00032685 -4.32127e-05 0.00032685 -4.32127e-05
4.33 0 0 0 0 -0.000168223 7.00013e-05 -0.000168223 7.00013e-05
4.34 0 0 0 0 -0.000576043 0.000150593 -0.000576043 0.000150593
4.35 0 0 0 0 -0.00083392 0.00015834 -0.00083392 0.00015834
4.36 0 0 0 0 -0.000912642 0.000130252 -0.000912642 0.000130252
4.37 0 0 0 0 -0.000817221 0.000118118 -0.000817221 0.000118118
4.38 0 0 0 0 -0.000580877 0.000119724 -0.000580877 0.000119724
4.39 0 0 0 0 -0.000256496 9.41632e-05 -0.000256496 9.41632e-05
4.4 0 0 0 0 9.26825e-05 2.90312e-05 9.26825e-05 2.90312e-05
4.41 0 0 0 0 0.000403868 -3.71669e-05 0.000403868 -3.71669e-05
4.42 0 0 0 0 0.000626333 -6.29662e-05 0.000626333 -6.29662e-05
4.43 0 0 0 0 0.000730373 -5.17447e-05 0.000730373 -5.17447e-05
4.44 0 0 0 0 0.0007103 -3.75075e-05 0.0007103 -3.75075e-05
4.45 0 0 0 0 0.000581736 -3.56196e-05 0.000581736 -3.56196e-05
4.46 0 0 0 0 0.000376143 -2.75327e-05 0.000376143 -2.75327e-05
4.47 0 0 0 0 0.000134758 5.49696e-06 0.000134758 5.49696e-06
4.48 0 0 0 0 -9.82071e-05 5.14446e-05 -9.82071e-05 5.14446e-05
4.49 0 0 0 0 -0.000283465 8.09156e-05 -0.000283465 8.09156e-05
4.5 0 0 0 0 -0.000393943 8.26995e-05 -0.000393943 8.26995e-05
4.51 0 0 0 0 -0.000418714 7.26338e-05 -0.000418714 7.26338e-05
4.52 0 0 0 0 -0.000362585 6.7912e-05 -0.000362585 6.7912e-05
4.53 0 0 0 0 -0.000242897 6.50745e-05 -0.000242897 6.50745e-05
4.54 0 0 0 0 -8.55571e-05 4.98358e-05 -8.55571e-05 4.98358e-05
4.55 0 0 0 0 7.92519e-05 2.11019e-05 7.92519e-05 2.11019e-05
4.56 0 0 0 0 0.000222184 -5.07534e-06 0.000222184 -5.07534e-06
4.57 0 0 0 0 0.00032012 -1.50832e-05 0.00032012 -1.50832e-05
4.58 0 0 0 0 0.0016223 -0.000276888 0.0016223 -0.000276888
4.59 0 0 0 0 0.00310518 -0.000439289 0.00310518 -0.000439289
4.6 0 0 0 0 0.0040298 -0.000391893 0.0040298 -0.000391893
4.61 0 0 0 0 0.00433273 -0.000349634 0.00433273 -0.000349634
4.62 0 0 0 0 0.00403813 -0.000403026 0.00403813 -0.000403026
4.63 0 0 0 0 0.00323903 -0.000419386 0.00323903 -0.000419386
4.64 0 0 0 0 0.0020855 -0.00026281 0.0020855 -0.00026281
4.65 0 0 0 0 0.000768869 2.14759e-06 0.000768869 2.14759e-06
4.66 0 0 0 0 -0.000509501 0.000194082 -0.000509501 0.000194082
4.67 0 0 0 0 -0.00157671 0.000242414 -0.00157671 0.000242414
4.68 0 0 0 0 -0.00231353 0.000243778 -0.00231353 0.000243778
4.69 0 0 0 0 -0.0026585 0.000297358 -0.0026585 0.000297358
4.7 0 0 0 0 -0.00260254 0.000366115 -0.00260254 0.000366115
4.71 0 0 0 0 -0.00218652 0.000343741 -0.00218652 0.000343741
4.72 0 0 0 0 -0.0014988 0.000211587 -0.0014988 0.000211587
4.73 0 0 0 0 -0.000661682 6.50352e-05 -0.000661682 6.50352e-05
4.74 0 0 0 0 0.000193853 -1.11827e-05 0.000193853 -1.11827e-05
4.75 0 0 0 0 0.000952259 -3.70229e-05 0.000952259 -3.70229e-05
4.76 0 0 0 0 0.00152561 -8.23041e-05 0.00152561 -8.23041e-05
4.77 0 0 0 0 0.0018566 -0.000156374 0.0018566 -0.000156374
4.78 0 0 0 0 0.00192135 -0.000196607 0.00192135 -0.000196607
4.79 0 0 0 0 0.00173378 -0.000158773 0.00173378 -0.000158773
4.8 0 0 0 0 0.00134406 -7.62878e-05 0.00134406 -7.62878e-05
4.81 0 0 0 0 0.000826613 -1.29485e-05 0.000826613 -1.29485e-05
4.82 0 0 0 0 0.000263257 1.59449e-05 0.000263257 1.59449e-05
4.83 0 0 0 0 -0.000269427 4.71762e-05 -0.000269427 4.71762e-05
4.84 0 0 0 0 -0.000706184 0.000104354 -0.000706184 0.000104354
4.85 0 0 0 0 -0.000997727 0.000160307 -0.000997727 0.000160307
4.86 0 0 0 0 -0.00111724 0.000174212 -0.00111724 0.000174212
4.87 0 0 0 0 -0.00106515 0.000145081 -0.00106515 0.000145081
4.88 0 0 0 0 -0.000866877 0.000108644 -0.000866877 0.000108644
4.89 0 0 0 0 -0.000564209 8.85774e-05 -0.000564209 8.85774e-05
4.9 0 0 0 0 -0.000206255 7.18396e-05 -0.000206255 7.18396e-05
4.91 0 0 0 0 0.00015632 3.68542e-05 0.00015632 3.68542e-05
4.92 0 0 0 0 0.000475567 -1.05048e-05 0.000475567 -1.05048e-05
4.93 0 0 0 0 0.000712143 -4.26763e-05 0.000712143 -4.26763e-05
4.94 0 0 0 0 0.000841803 -4.55877e-05 0.000841803 -4.55877e-05
4.95 0 0 0 0 0.000858415 -3.32087e-05 0.000858415 -3.32087e-05
4.96 0 0 0 0 0.000771779 -2.4938e-05 0.000771779 -2.4938e-05
4.97 0 0 0 0 0.000602942 -2.04579e-05 0.000602942 -2.04579e-05
4.98 0 0 0 0 0.000380427 -5.39266e-06 0.000380427 -5.39266e-06
4.99 0 0 0 0 0.000137443 2.42061e-05 0.000137443 2.42061e-05
5 0 0 0 0 -9.20352e-05 5.40349e-05 -9.20352e-05 5.40349e-05
5.01 0 0 0 0 -0.000278788 6.91648e-05 -0.000278788 6.91648e-05
