0.01 0 0 0 0 1.91419e-07 -5.08667e-05 1.91419e-07 -5.08667e-05
0.02 0 0 0 0 9.84051e-07 -5.0867e-05 9.84051e-07 -5.0867e-05
0.03 0 0 0 0 2.47753e-06 -5.08696e-05 2.47753e-06 -5.08696e-05
0.04 0 0 0 0 4.21644e-06 -5.08793e-05 4.21644e-06 -5.08793e-05
0.05 0 0 0 0 5.58949e-06 -5.08995e-05 5.58949e-06 -5.08995e-05
0.06 0 0 0 0 6.31917e-06 -5.09251e-05 6.31917e-06 -5.09251e-05
0.07 0 0 0 0 6.65216e-06 -5.09425e-05 6.65216e-06 -5.09425e-05
0.08 0 0 0 0 7.12555e-06 -5.0944e-05 7.12555e-06 -5.0944e-05
0.09 0 0 0 0 8.12476e-06 -5.09412e-05 8.12476e-06 -5.09412e-05
0.1 0 0 0 0 9.59494e-06 -5.09581e-05 9.59494e-06 -5.09581e-05
0.11 0 0 0 0 1.11188e-05 -5.10082e-05 1.11188e-05 -5.10082e-05
0.12 0 0 0 0 1.2271e-05 -5.1077e-05 1.2271e-05 -5.1077e-05
0.13 0 0 0 0 1.29501e-05 -5.11299e-05 1.29501e-05 -5.11299e-05
0.14 0 0 0 0 1.34314e-05 -5.11426e-05 1.34314e-05 -5.11426e-05
0.15 0 0 0 0 1.41218e-05 -5.11288e-05 1.41218e-05 -5.11288e-05
0.16 0 0 0 0 1.52335e-05 -5.11327e-05 1.52335e-05 -5.11327e-05
0.17 0 0 0 0 1.66347e-05 -5.119e-05 1.66347e-05 -5.119e-05
0.18 0 0 0 0 1.7981e-05 -5.12933e-05 1.7981e-05 -5.12933e-05
0.19 0 0 0 0 1.9e-05 -5.13943e-05 1.9e-05 -5.13943e-05
0.2 0 0 0 0 1.96956e-05 -5.14449e-05 1.96956e-05 -5.14449e-05
0.21 0 0 0 0 2.03214e-05 -5.14415e-05 2.03214e-05 -5.14415e-05
0.22 0 0 0 0 2.1164e-05 -5.14312e-05 2.1164e-05 -5.14312e-05
0.23 0 0 0 0 2.23193e-05 -5.14718e-05 2.23193e-05 -5.14718e-05
0.24 0 0 0 0 2.36359e-05 -5.15803e-05 2.36359e-05 -5.15803e-05
0.25 0 0 0 0 2.48531e-05 -5.17172e-05 2.48531e-05 -5.17172e-05
0.26 0 0 0 0 2.58098e-05 -5.18198e-05 2.58098e-05 -5.18198e-05
0.27 0 0 0 0 2.65587e-05 -5.18569e-05 2.65587e-05 -5.18569e-05
0.28 0 0 0 0 2.73066e-05 -5.18555e-05 2.73066e-05 -5.18555e-05
0.29 0 0 0 0 2.82436e-05 -5.18772e-05 2.82436e-05 -5.18772e-05
0.3 0 0 0 0 2.94008e-05 -5.19651e-05 2.94008e-05 -5.19651e-05
0.31 0 0 0 0 3.06411e-05 -5.21078e-05 3.06411e-05 -5.21078e-05
0.32 0 0 0 0 3.17783e-05 -5.22508e-05 3.17783e-05 -5.22508e-05
0.33 0 0 0 0 3.27216e-05 -5.23436e-05 3.27216e-05 -5.23436e-05
0.34 0 0 0 0 3.35348e-05 -5.23814e-05 3.35348e-05 -5.23814e-05
0.35 0 0 0 0 3.43743e-05 -5.24062e-05 3.43743e-05 -5.24062e-05
0.36 0 0 0 0 3.53641e-05 -5.24703e-05 3.53641e-05 -5.24703e-05
0.37 0 0 0 0 3.65064e-05 -5.25928e-05 3.65064e-05 -5.25928e-05
0.38 0 0 0 0 3.76911e-05 -5.27469e-05 3.76911e-05 -5.27469e-05
0.39 0 0 0 0 3.87878e-05 -5.2885e-05 3.87878e-05 -5.2885e-05
0.4 0 0 0 0 3.9744e-05 -5.29777e-05 3.9744e-05 -5.29777e-05
0.41 0 0 0 0 4.06171e-05 -5.30353e-05 4.06171e-05 -5.30353e-05
0.42 0 0 0 0 4.15218e-05 -5.30959e-05 4.15218e-05 -5.30959e-05
0.43 0 0 0 0 4.25409e-05 -5.31936e-05 4.25409e-05 -5.31936e-05
0.44 0 0 0 0 4.36674e-05 -5.33329e-05 4.36674e-05 -5.33329e-05
0.45 0 0 0 0 4.48176e-05 -5.34885e-05 4.48176e-05 -5.34885e-05
0.46 0 0 0 0 4.58992e-05 -5.36273e-05 4.58992e-05 -5.36273e-05
0.47 0 0 0 0 4.68795e-05 -5.37338e-05 4.68795e-05 -5.37338e-05
0.48 0 0 0 0 4.7804e-05 -5.38191e-05 4.7804e-05 -5.38191e-05
0.49 0 0 0 0 4.87565e-05 -5.39103e-05 4.87565e-05 -5.39103e-05
0.5 0 0 0 0 4.97945e-05 -5.4029e-05 4.97945e-05 -5.4029e-05
0.51 0 0 0 0 5.09102e-05 -5.4177e-05 5.09102e-05 -5.4177e-05
0.52 0 0 0 0 5.20417e-05 -5.43364e-05 5.20417e-05 -5.43364e-05
0.53 0 0 0 0 5.31228e-05 -5.44847e-05 5.31228e-05 -5.44847e-05
0.54 0 0 0 0 5.41312e-05 -5.46105e-05 5.41312e-05 -5.46105e-05
0.55 0 0 0 0 5.51004e-05 -5.47208e-05 5.51004e-05 -5.47208e-05
0.56 0 0 0 0 5.60908e-05 -5.48346e-05 5.60908e-05 -5.48346e-05
0.57 0 0 0 0 5.71438e-05 -5.49685e-05 5.71438e-05 -5.49685e-05
0.58 0 0 0 0 5.8254e-05 -5.51254e-05 5.8254e-05 -5.51254e-05
0.59 0 0 0 0 5.93776e-05 -5.52931e-05 5.93776e-05 -5.52931e-05
0.6 0 0 0 0 6.04671e-05 -5.54539e-05 6.04671e-05 -5.54539e-05
0.61 0 0 0 0 6.15051e-05 -5.55977e-05 6.15051e-05 -5.55977e-05
0.62 0 0 0 0 6.25141e-05 -5.57286e-05 6.25141e-05 -5.57286e-05
0.63 0 0 0 0 6.35366e-05 -5.58614e-05 6.35366e-05 -5.58614e-05
0.64 0 0 0 0 6.46032e-05 -5.60098e-05 6.46032e-05 -5.60098e-05
0.65 0 0 0 0 6.5713e-05 -5.6177e-05 6.5713e-05 -5.6177e-05
0.66 0 0 0 0 6.68367e-05 -5.63537e-05 6.68367e-05 -5.63537e-05
0.67 0 0 0 0 6.79399e-05 -5.6526e-05 6.79399e-05 -5.6526e-05
0.68 0 0 0 0 6.90076e-05 -5.66855e-05 6.90076e-05 -5.66855e-05
0.69 0 0 0 0 7.00523e-05 -5.68352e-05 7.00523e-05 -5.68352e-05
0.7 0 0 0 0 7.11031e-05 -5.6986e-05 7.11031e-05 -5.6986e-05
0.71 0 0 0 0 7.21843e-05 -5.71485e-05 7.21843e-05 -5.71485e-05
0.72 0 0 0 0 7.32987e-05 -5.73253e-05 7.32987e-05 -5.73253e-05
0.73 0 0 0 0 7.44281e-05 -5.75099e-05 7.44281e-05 -5.75099e-05
0.74 0 0 0 0 7.55477e-05 -5.76926e-05 7.55477e-05 -5.76926e-05
0.75 0 0 0 0 7.66433e-05 -5.7867e-05 7.66433e-05 -5.7867e-05
0.76 0 0 0 0 7.77203e-05 -5.80344e-05 7.77203e-05 -5.80344e-05
0.77 0 0 0 0 7.8798e-05 -5.82019e-05 7.8798e-05 -5.82019e-05
0.78 0 0 0 0 7.98956e-05 -5.83767e-05 7.98956e-05 -5.83767e-05
0.79 0 0 0 0 8.10188e-05 -5.85618e-05 8.10188e-05 -5.85618e-05
0.8 0 0 0 0 8.21575e-05 -5.87539e-05 8.21575e-05 -5.87539e-05
0.81 0 0 0 0 8.32938e-05 -5.89467e-05 8.32938e-05 -5.89467e-05
0.82 0 0 0 0 8.44151e-05 -5.91349e-05 8.44151e-05 -5.91349e-05
0.83 0 0 0 0 8.55217e-05 -5.9318e-05 8.55217e-05 -5.9318e-05
0.84 0 0 0 0 8.66258e-05 -5.94997e-05 8.66258e-05 -5.94997e-05
0.85 0 0 0 0 8.77417e-05 -5.96854e-05 8.77417e-05 -5.96854e-05
0.86 0 0 0 0 8.88767e-05 -5.98785e-05 8.88767e-05 -5.98785e-05
0.87 0 0 0 0 9.00263e-05 -6.00782e-05 9.00263e-05 -6.00782e-05
0.88 0 0 0 0 9.11787e-05 -6.02801e-05 9.11787e-05 -6.02801e-05
0.89 0 0 0 0 9.23231e-05 -6.04798e-05 9.23231e-05 -6.04798e-05
0.9 0 0 0 0 9.34568e-05 -6.06757e-05 9.34568e-05 -6.06757e-05
0.91 0 0 0 0 9.45861e-05 -6.08696e-05 9.45861e-05 -6.08696e-05
0.92 0 0 0 0 9.57213e-05 -6.10654e-05 9.57213e-05 -6.10654e-05
0.93 0 0 0 0 9.68696e-05 -6.12663e-05 9.68696e-05 -6.12663e-05
0.94 0 0 0 0 9.80308e-05 -6.14727e-05 9.80308e-05 -6.14727e-05
0.95 0 0 0 0 9.91977e-05 -6.16818e-05 9.91977e-05 -6.16818e-05
0.96 0 0 0 0 0.000100362 -6.18904e-05 0.000100362 -6.18904e-05
0.97 0 0 0 0 0.000101519 -6.20964e-05 0.000101519 -6.20964e-05
0.98 0 0 0 0 0.00010267 -6.23004e-05 0.00010267 -6.23004e-05
0.99 0 0 0 0 0.000103823 -6.25048e-05 0.000103823 -6.25048e-05
1 0 0 0 0 0.000104985 -6.27136e-05 0.000104985 -6.27136e-05
1.01 0 0 0 0 0.000106164 -6.29387e-05 0.000106164 -6.29387e-05
1.02 0 0 0 0 0.000107369 -6.31941e-05 0.000107369 -6.31941e-05
1.03 0 0 0 0 0.0001086 -6.34743e-05 0.0001086 -6.34743e-05
1.04 0 0 0 0 0.000109847 -6.37556e-05 0.000109847 -6.37556e-05
1.05 0 0 0 0 0.000111092 -6.40201e-05 0.000111092 -6.40201e-05
1.06 0 0 0 0 0.000112319 -6.42701e-05 0.000112319 -6.42701e-05
1.07 0 0 0 0 0.000113528 -6.45201e-05 0.000113528 -6.45201e-05
1.08 0 0 0 0 0.000114731 -6.47802e-05 0.000114731 -6.47802e-05
1.09 0 0 0 0 0.000115949 -6.50486e-05 0.000115949 -6.50486e-05
1.1 0 0 0 0 0.000117194 -6.53188e-05 0.000117194 -6.53188e-05
1.11 0 0 0 0 0.000118461 -6.55892e-05 0.000118461 -6.55892e-05
1.12 0 0 0 0 0.000119735 -6.58632e-05 0.000119735 -6.58632e-05
1.13 0 0 0 0 0.000121 -6.61423e-05 0.000121 -6.61423e-05
1.14 0 0 0 0 0.000122249 -6.64214e-05 0.000122249 -6.64214e-05
1.15 0 0 0 0 0.000123491 -6.66942e-05 0.000123491 -6.66942e-05
1.16 0 0 0 0 0.00012474 -6.69611e-05 0.00012474 -6.69611e-05
1.17 0 0 0 0 0.000126005 -6.72304e-05 0.000126005 -6.72304e-05
1.18 0 0 0 0 0.000127287 -6.75104e-05 0.000127287 -6.75104e-05
1.19 0 0 0 0 0.00012858 -6.78013e-05 0.00012858 -6.78013e-05
1.2 0 0 0 0 0.000129876 -6.80947e-05 0.000129876 -6.80947e-05
1.21 0 0 0 0 0.000131167 -6.8382e-05 0.000131167 -6.8382e-05
1.22 0 0 0 0 0.000132453 -6.86618e-05 0.000132453 -6.86618e-05
1.23 0 0 0 0 0.000133737 -6.89403e-05 0.000133737 -6.89403e-05
1.24 0 0 0 0 0.000135026 -6.92243e-05 0.000135026 -6.92243e-05
1.25 0 0 0 0 0.000136327 -6.95153e-05 0.000136327 -6.95153e-05
1.26 0 0 0 0 0.000137641 -6.98101e-05 0.000137641 -6.98101e-05
1.27 0 0 0 0 0.000138965 -7.01051e-05 0.000138965 -7.01051e-05
1.28 0 0 0 0 0.000140293 -7.03994e-05 0.000140293 -7.03994e-05
1.29 0 0 0 0 0.000141617 -7.06942e-05 0.000141617 -7.06942e-05
1.3 0 0 0 0 0.000142938 -7.09896e-05 0.000142938 -7.09896e-05
1.31 0 0 0 0 0.000144259 -7.12849e-05 0.000144259 -7.12849e-05
1.32 0 0 0 0 0.000145587 -7.15798e-05 0.000145587 -7.15798e-05
1.33 0 0 0 0 0.000146925 -7.18763e-05 0.000146925 -7.18763e-05
1.34 0 0 0 0 0.000148274 -7.21767e-05 0.000148274 -7.21767e-05
1.35 0 0 0 0 0.00014963 -7.24813e-05 0.00014963 -7.24813e-05
1.36 0 0 0 0 0.000150989 -7.27876e-05 0.000150989 -7.27876e-05
1.37 0 0 0 0 0.000152347 -7.30923e-05 0.000152347 -7.30923e-05
1.38 0 0 0 0 0.000153705 -7.33945e-05 0.000153705 -7.33945e-05
1.39 0 0 0 0 0.000155065 -7.36962e-05 0.000155065 -7.36962e-05
1.4 0 0 0 0 0.000156431 -7.40003e-05 0.000156431 -7.40003e-05
1.41 0 0 0 0 0.000157804 -7.43079e-05 0.000157804 -7.43079e-05
1.42 0 0 0 0 0.000159187 -7.4618e-05 0.000159187 -7.4618e-05
1.43 0 0 0 0 0.000160576 -7.49288e-05 0.000160576 -7.49288e-05
1.44 0 0 0 0 0.000161968 -7.52395e-05 0.000161968 -7.52395e-05
1.45 0 0 0 0 0.000163362 -7.55503e-05 0.000163362 -7.55503e-05
1.46 0 0 0 0 0.000164756 -7.58615e-05 0.000164756 -7.58615e-05
1.47 0 0 0 0 0.000166153 -7.61732e-05 0.000166153 -7.61732e-05
1.48 0 0 0 0 0.000167555 -7.64852e-05 0.000167555 -7.64852e-05
1.49 0 0 0 0 0.000168964 -7.67983e-05 0.000168964 -7.67983e-05
1.5 0 0 0 0 0.000170381 -7.71132e-05 0.000170381 -7.71132e-05
1.51 0 0 0 0 0.000171803 -7.743e-05 0.000171803 -7.743e-05
1.52 0 0 0 0 0.000173229 -7.77479e-05 0.000173229 -7.77479e-05
1.53 0 0 0 0 0.000174657 -7.80655e-05 0.000174657 -7.80655e-05
1.54 0 0 0 0 0.000176087 -7.83823e-05 0.000176087 -7.83823e-05
1.55 0 0 0 0 0.00017752 -7.8699e-05 0.00017752 -7.8699e-05
1.56 0 0 0 0 0.000178957 -7.90168e-05 0.000178957 -7.90168e-05
1.57 0 0 0 0 0.0001804 -7.9336e-05 0.0001804 -7.9336e-05
1.58 0 0 0 0 0.000181849 -7.96566e-05 0.000181849 -7.96566e-05
1.59 0 0 0 0 0.000183303 -7.99778e-05 0.000183303 -7.99778e-05
1.6 0 0 0 0 0.000184762 -8.02993e-05 0.000184762 -8.02993e-05
1.61 0 0 0 0 0.000186223 -8.0621e-05 0.000186223 -8.0621e-05
1.62 0 0 0 0 0.000187686 -8.09428e-05 0.000187686 -8.09428e-05
1.63 0 0 0 0 0.000189152 -8.12649e-05 0.000189152 -8.12649e-05
1.64 0 0 0 0 0.000190622 -8.15871e-05 0.000190622 -8.15871e-05
1.65 0 0 0 0 0.000192096 -8.19097e-05 0.000192096 -8.19097e-05
1.66 0 0 0 0 0.000193575 -8.22332e-05 0.000193575 -8.22332e-05
1.67 0 0 0 0 0.000195058 -8.25576e-05 0.000195058 -8.25576e-05
1.68 0 0 0 0 0.000196545 -8.28825e-05 0.000196545 -8.28825e-05
1.69 0 0 0 0 0.000198037 -8.32098e-05 0.000198037 -8.32098e-05
1.7 0 0 0 0 0.000199548 -8.3554e-05 0.000199548 -8.3554e-05
1.71 0 0 0 0 0.000201108 -8.39352e-05 0.000201108 -8.39352e-05
1.72 0 0 0 0 0.000202735 -8.43507e-05 0.000202735 -8.43507e-05
1.73 0 0 0 0 0.000204417 -8.47755e-05 0.000204417 -8.47755e-05
1.74 0 0 0 0 0.000206117 -8.51899e-05 0.000206117 -8.51899e-05
1.75 0 0 0 0 0.000207794 -8.55922e-05 0.000207794 -8.55922e-05
1.76 0 0 0 0 0.000209422 -8.59882e-05 0.000209422 -8.59882e-05
1.77 0 0 0 0 0.000211006 -8.6378e-05 0.000211006 -8.6378e-05
1.78 0 0 0 0 0.000212578 -8.67576e-05 0.000212578 -8.67576e-05
1.79 0 0 0 0 0.000214172 -8.71311e-05 0.000214172 -8.71311e-05
1.8 0 0 0 0 0.00021581 -8.75129e-05 0.00021581 -8.75129e-05
1.81 0 0 0 0 0.000217492 -8.7916e-05 0.000217492 -8.7916e-05
1.82 0 0 0 0 0.000219202 -8.83375e-05 0.000219202 -8.83375e-05
1.83 0 0 0 0 0.000220914 -8.87598e-05 0.000220914 -8.87598e-05
1.84 0 0 0 0 0.000222607 -8.91668e-05 0.000222607 -8.91668e-05
1.85 0 0 0 0 0.000224274 -8.95564e-05 0.000224274 -8.95564e-05
1.86 0 0 0 0 0.000225919 -8.99392e-05 0.000225919 -8.99392e-05
1.87 0 0 0 0 0.000227561 -9.03261e-05 0.000227561 -9.03261e-05
1.88 0 0 0 0 0.000229221 -9.07204e-05 0.000229221 -9.07204e-05
1.89 0 0 0 0 0.000230914 -9.11198e-05 0.000230914 -9.11198e-05
1.9 0 0 0 0 0.000232638 -9.15233e-05 0.000232638 -9.15233e-05
1.91 0 0 0 0 0.000234379 -9.19314e-05 0.000234379 -9.19314e-05
1.92 0 0 0 0 0.000236119 -9.23428e-05 0.000236119 -9.23428e-05
1.93 0 0 0 0 0.000237845 -9.27511e-05 0.000237845 -9.27511e-05
1.94 0 0 0 0 0.000239554 -9.31503e-05 0.000239554 -9.31503e-05
1.95 0 0 0 0 0.000241255 -9.35406e-05 0.000241255 -9.35406e-05
1.96 0 0 0 0 0.000242959 -9.39291e-05 0.000242959 -9.39291e-05
1.97 0 0 0 0 0.000244678 -9.43238e-05 0.000244678 -9.43238e-05
1.98 0 0 0 0 0.000246419 -9.47271e-05 0.000246419 -9.47271e-05
1.99 0 0 0 0 0.00024818 -9.5135e-05 0.00024818 -9.5135e-05
2 0 0 0 0 0.000249953 -9.55426e-05 0.000249953 -9.55426e-05
2.01 0 0 0 0 0.000251727 -9.59475e-05 0.000251727 -9.59475e-05
2.02 0 0 0 0 0.000253493 -9.63498e-05 0.000253493 -9.63498e-05
2.03 0 0 0 0 0.000255249 -9.67497e-05 0.000255249 -9.67497e-05
2.04 0 0 0 0 0.000257001 -9.71467e-05 0.000257001 -9.71467e-05
2.05 0 0 0 0 0.000258757 -9.75416e-05 0.000258757 -9.75416e-05
2.06 0 0 0 0 0.000260526 -9.79374e-05 0.000260526 -9.79374e-05
2.07 0 0 0 0 0.000262312 -9.83374e-05 0.000262312 -9.83374e-05
2.08 0 0 0 0 0.000264111 -9.87419e-05 0.000264111 -9.87419e-05
2.09 0 0 0 0 0.000265918 -9.91482e-05 0.000265918 -9.91482e-05
2.1 0 0 0 0 0.000267727 -9.95524e-05 0.000267727 -9.95524e-05
2.11 0 0 0 0 0.000269532 -9.99528e-05 0.000269532 -9.99528e-05
2.12 0 0 0 0 0.000271333 -0.00010035 0.000271333 -0.00010035
2.13 0 0 0 0 0.000273132 -0.000100747 0.000273132 -0.000100747
2.14 0 0 0 0 0.000274936 -0.000101144 0.000274936 -0.000101144
2.15 0 0 0 0 0.000276748 -0.000101541 0.000276748 -0.000101541
2.16 0 0 0 0 0.000278573 -0.00010194 0.000278573 -0.00010194
2.17 0 0 0 0 0.000280408 -0.00010234 0.000280408 -0.00010234
2.18 0 0 0 0 0.000282249 -0.000102741 0.000282249 -0.000102741
2.19 0 0 0 0 0.000284092 -0.000103142 0.000284092 -0.000103142
2.2 0 0 0 0 0.000285934 -0.000103542 0.000285934 -0.000103542
2.21 0 0 0 0 0.000287774 -0.000103938 0.000287774 -0.000103938
2.22 0 0 0 0 0.000289613 -0.000104333 0.000289613 -0.000104333
2.23 0 0 0 0 0.000291456 -0.000104728 0.000291456 -0.000104728
2.24 0 0 0 0 0.000293322 -0.000105136 0.000293322 -0.000105136
2.25 0 0 0 0 0.000295259 -0.000105585 0.000295259 -0.000105585
2.26 0 0 0 0 0.000297304 -0.000106078 0.000297304 -0.000106078
2.27 0 0 0 0 0.000299453 -0.000106593 0.000299453 -0.000106593
2.28 0 0 0 0 0.00030166 -0.000107107 0.00030166 -0.000107107
2.29 0 0 0 0 0.000303861 -0.000107615 0.000303861 -0.000107615
2.3 0 0 0 0 0.000306002 -0.000108116 0.000306002 -0.000108116
2.31 0 0 0 0 0.000308062 -0.000108602 0.000308062 -0.000108602
2.32 0 0 0 0 0.000310057 -0.000109061 0.000310057 -0.000109061
2.33 0 0 0 0 0.000312029 -0.000109498 0.000312029 -0.000109498
2.34 0 0 0 0 0.000314026 -0.000109936 0.000314026 -0.000109936
2.35 0 0 0 0 0.000316082 -0.000110396 0.000316082 -0.000110396
2.36 0 0 0 0 0.000318209 -0.000110885 0.000318209 -0.000110885
2.37 0 0 0 0 0.000320393 -0.000111388 0.000320393 -0.000111388
2.38 0 0 0 0 0.0003226 -0.000111889 0.0003226 -0.000111889
2.39 0 0 0 0 0.000324794 -0.000112378 0.000324794 -0.000112378
2.4 0 0 0 0 0.000326945 -0.000112859 0.000326945 -0.000112859
2.41 0 0 0 0 0.000329049 -0.000113329 0.000329049 -0.000113329
2.42 0 0 0 0 0.00033112 -0.000113789 0.00033112 -0.000113789
2.43 0 0 0 0 0.000333189 -0.00011424 0.000333189 -0.00011424
2.44 0 0 0 0 0.000335282 -0.000114691 0.000335282 -0.000114691
2.45 0 0 0 0 0.000337419 -0.000115155 0.000337419 -0.000115155
2.46 0 0 0 0 0.0003396 -0.000115635 0.0003396 -0.000115635
2.47 0 0 0 0 0.000341814 -0.000116123 0.000341814 -0.000116123
2.48 0 0 0 0 0.000344036 -0.000116609 0.000344036 -0.000116609
2.49 0 0 0 0 0.000346247 -0.000117086 0.000346247 -0.000117086
2.5 0 0 0 0 0.000348432 -0.000117555 0.000348432 -0.000117555
2.51 0 0 0 0 0.00035059 -0.000118018 0.00035059 -0.000118018
2.52 0 0 0 0 0.000352733 -0.000118476 0.000352733 -0.000118476
2.53 0 0 0 0 0.000354879 -0.00011893 0.000354879 -0.00011893
2.54 0 0 0 0 0.000357047 -0.000119385 0.000357047 -0.000119385
2.55 0 0 0 0 0.000359243 -0.000119847 0.000359243 -0.000119847
2.56 0 0 0 0 0.000361469 -0.000120316 0.000361469 -0.000120316
2.57 0 0 0 0 0.000363713 -0.000120791 0.000363713 -0.000120791
2.58 0 0 0 0 0.000365961 -0.000121263 0.000365961 -0.000121263
2.59 0 0 0 0 0.000368202 -0.00012173 0.000368202 -0.00012173
2.6 0 0 0 0 0.000370428 -0.00012219 0.000370428 -0.00012219
2.61 0 0 0 0 0.000372639 -0.000122646 0.000372639 -0.000122646
2.62 0 0 0 0 0.000374844 -0.0001231 0.000374844 -0.0001231
2.63 0 0 0 0 0.000377054 -0.000123552 0.000377054 -0.000123552
2.64 0 0 0 0 0.000379279 -0.000124005 0.000379279 -0.000124005
2.65 0 0 0 0 0.000381524 -0.00012446 0.000381524 -0.00012446
2.66 0 0 0 0 0.000383788 -0.00012492 0.000383788 -0.00012492
2.67 0 0 0 0 0.000386063 -0.000125382 0.000386063 -0.000125382
2.68 0 0 0 0 0.000388342 -0.000125843 0.000388342 -0.000125843
2.69 0 0 0 0 0.000390615 -0.000126299 0.000390615 -0.000126299
2.7 0 0 0 0 0.000392881 -0.000126752 0.000392881 -0.000126752
2.71 0 0 0 0 0.000395138 -0.000127201 0.000395138 -0.000127201
2.72 0 0 0 0 0.000397394 -0.000127649 0.000397394 -0.000127649
2.73 0 0 0 0 0.000399679 -0.000128111 0.000399679 -0.000128111
2.74 0 0 0 0 0.000402058 -0.000128612 0.000402058 -0.000128612
2.75 0 0 0 0 0.000404586 -0.000129159 0.000404586 -0.000129159
2.76 0 0 0 0 0.000407264 -0.000129735 0.000407264 -0.000129735
2.77 0 0 0 0 0.000410047 -0.000130322 0.000410047 -0.000130322
2.78 0 0 0 0 0.000412858 -0.000130913 0.000412858 -0.000130913
2.79 0 0 0 0 0.000415621 -0.000131502 0.000415621 -0.000131502
2.8 0 0 0 0 0.000418285 -0.000132072 0.000418285 -0.000132072
2.81 0 0 0 0 0.000420841 -0.000132606 0.000420841 -0.000132606
2.82 0 0 0 0 0.000423314 -0.000133106 0.000423314 -0.000133106
2.83 0 0 0 0 0.000425757 -0.000133593 0.000425757 -0.000133593
2.84 0 0 0 0 0.000428229 -0.000134092 0.000428229 -0.000134092
2.85 0 0 0 0 0.000430774 -0.000134614 0.000430774 -0.000134614
2.86 0 0 0 0 0.000433415 -0.000135154 0.000433415 -0.000135154
2.87 0 0 0 0 0.000436139 -0.000135706 0.000436139 -0.000135706
2.88 0 0 0 0 0.000438912 -0.000136265 0.000438912 -0.000136265
2.89 0 0 0 0 0.000441686 -0.000136828 0.000441686 -0.000136828
2.9 0 0 0 0 0.000444422 -0.000137385 0.000444422 -0.000137385
2.91 0 0 0 0 0.000447096 -0.000137922 0.000447096 -0.000137922
2.92 0 0 0 0 0.00044971 -0.000138437 0.00044971 -0.000138437
2.93 0 0 0 0 0.000452286 -0.000138939 0.000452286 -0.000138939
2.94 0 0 0 0 0.000454857 -0.000139439 0.000454857 -0.000139439
2.95 0 0 0 0 0.000457456 -0.000139948 0.000457456 -0.000139948
2.96 0 0 0 0 0.000460107 -0.000140466 0.000460107 -0.000140466
2.97 0 0 0 0 0.000462815 -0.000140991 0.000462815 -0.000140991
2.98 0 0 0 0 0.000465571 -0.000141524 0.000465571 -0.000141524
2.99 0 0 0 0 0.000468349 -0.000142062 0.000468349 -0.000142062
3 0 0 0 0 0.000471123 -0.0001426 0.000471123 -0.0001426
3.01 0 0 0 0 0.000473871 -0.000143129 0.000473871 -0.000143129
3.02 0 0 0 0 0.000476583 -0.000143645 0.000476583 -0.000143645
3.03 0 0 0 0 0.000479264 -0.00014415 0.000479264 -0.00014415
3.04 0 0 0 0 0.000481927 -0.00014465 0.000481927 -0.00014465
3.05 0 0 0 0 0.000484594 -0.00014515 0.000484594 -0.00014515
3.06 0 0 0 0 0.000487283 -0.000145653 0.000487283 -0.000145653
3.07 0 0 0 0 0.000490006 -0.00014616 0.000490006 -0.00014616
3.08 0 0 0 0 0.000492764 -0.000146671 0.000492764 -0.000146671
3.09 0 0 0 0 0.000495549 -0.000147187 0.000495549 -0.000147187
3.1 0 0 0 0 0.000498345 -0.000147705 0.000498345 -0.000147705
3.11 0 0 0 0 0.000501138 -0.00014822 0.000501138 -0.00014822
3.12 0 0 0 0 0.000503915 -0.000148728 0.000503915 -0.000148728
3.13 0 0 0 0 0.000506672 -0.000149229 0.000506672 -0.000149229
3.14 0 0 0 0 0.000509412 -0.000149725 0.000509412 -0.000149725
3.15 0 0 0 0 0.000512146 -0.000150217 0.000512146 -0.000150217
3.16 0 0 0 0 0.000514884 -0.000150709 0.000514884 -0.000150709
3.17 0 0 0 0 0.000517637 -0.000151201 0.000517637 -0.000151201
3.18 0 0 0 0 0.000520412 -0.000151696 0.000520412 -0.000151696
3.19 0 0 0 0 0.000523217 -0.000152197 0.000523217 -0.000152197
3.2 0 0 0 0 0.000526091 -0.000152722 0.000526091 -0.000152722
3.21 0 0 0 0 0.000529097 -0.000153288 0.000529097 -0.000153288
3.22 0 0 0 0 0.000532279 -0.000153893 0.000532279 -0.000153893
3.23 0 0 0 0 0.000535631 -0.000154522 0.000535631 -0.000154522
3.24 0 0 0 0 0.000539101 -0.000155165 0.000539101 -0.000155165
3.25 0 0 0 0 0.000542612 -0.000155819 0.000542612 -0.000155819
3.26 0 0 0 0 0.000546084 -0.000156472 0.000546084 -0.000156472
3.27 0 0 0 0 0.000549458 -0.000157104 0.000549458 -0.000157104
3.28 0 0 0 0 0.000552709 -0.0001577 0.000552709 -0.0001577
3.29 0 0 0 0 0.000555848 -0.000158262 0.000555848 -0.000158262
3.3 0 0 0 0 0.000558917 -0.000158808 0.000558917 -0.000158808
3.31 0 0 0 0 0.000561972 -0.000159355 0.000561972 -0.000159355
3.32 0 0 0 0 0.000565072 -0.000159911 0.000565072 -0.000159911
3.33 0 0 0 0 0.00056826 -0.000160478 0.00056826 -0.000160478
3.34 0 0 0 0 0.00057155 -0.000161058 0.00057155 -0.000161058
3.35 0 0 0 0 0.000574932 -0.000161656 0.000574932 -0.000161656
3.36 0 0 0 0 0.000578372 -0.000162269 0.000578372 -0.000162269
3.37 0 0 0 0 0.000581826 -0.000162884 0.000581826 -0.000162884
3.38 0 0 0 0 0.000585252 -0.000163488 0.000585252 -0.000163488
3.39 0 0 0 0 0.00058862 -0.000164073 0.00058862 -0.000164073
3.4 0 0 0 0 0.00059192 -0.000164642 0.00059192 -0.000164642
3.41 0 0 0 0 0.000595163 -0.000165201 0.000595163 -0.000165201
3.42 0 0 0 0 0.000598374 -0.000165752 0.000598374 -0.000165752
3.43 0 0 0 0 0.000601586 -0.000166298 0.000601586 -0.000166298
3.44 0 0 0 0 0.000604831 -0.000166845 0.000604831 -0.000166845
3.45 0 0 0 0 0.00060813 -0.0001674 0.00060813 -0.0001674
3.46 0 0 0 0 0.000611488 -0.000167967 0.000611488 -0.000167967
3.47 0 0 0 0 0.000614897 -0.000168543 0.000614897 -0.000168543
3.48 0 0 0 0 0.000618337 -0.00016912 0.000618337 -0.00016912
3.49 0 0 0 0 0.000621782 -0.000169694 0.000621782 -0.000169694
3.5 0 0 0 0 0.000625211 -0.000170263 0.000625211 -0.000170263
3.51 0 0 0 0 0.000628607 -0.000170824 0.000628607 -0.000170824
3.52 0 0 0 0 0.000631967 -0.000171377 0.000631967 -0.000171377
3.53 0 0 0 0 0.000635298 -0.000171921 0.000635298 -0.000171921
3.54 0 0 0 0 0.000638615 -0.000172457 0.000638615 -0.000172457
3.55 0 0 0 0 0.000641936 -0.000172993 0.000641936 -0.000172993
3.56 0 0 0 0 0.000645278 -0.000173531 0.000645278 -0.000173531
3.57 0 0 0 0 0.000648652 -0.000174073 0.000648652 -0.000174073
3.58 0 0 0 0 0.000652061 -0.000174618 0.000652061 -0.000174618
3.59 0 0 0 0 0.0006555 -0.000175165 0.0006555 -0.000175165
3.6 0 0 0 0 0.000658956 -0.000175713 0.000658956 -0.000175713
3.61 0 0 0 0 0.000662415 -0.000176261 0.000662415 -0.000176261
3.62 0 0 0 0 0.000665865 -0.000176805 0.000665865 -0.000176805
3.63 0 0 0 0 0.000669298 -0.000177343 0.000669298 -0.000177343
3.64 0 0 0 0 0.000672711 -0.000177874 0.000672711 -0.000177874
3.65 0 0 0 0 0.000676125 -0.000178407 0.000676125 -0.000178407
3.66 0 0 0 0 0.000679609 -0.00017896 0.000679609 -0.00017896
3.67 0 0 0 0 0.000683261 -0.000179553 0.000683261 -0.000179553
3.68 0 0 0 0 0.00068715 -0.000180185 0.00068715 -0.000180185
3.69 0 0 0 0 0.000691287 -0.00018085 0.000691287 -0.00018085
3.7 0 0 0 0 0.00069563 -0.000181543 0.00069563 -0.000181543
3.71 0 0 0 0 0.000700095 -0.000182261 0.000700095 -0.000182261
3.72 0 0 0 0 0.000704583 -0.000182989 0.000704583 -0.000182989
3.73 0 0 0 0 0.000708997 -0.0001837 0.000708997 -0.0001837
3.74 0 0 0 0 0.000713272 -0.000184376 0.000713272 -0.000184376
3.75 0 0 0 0 0.000717376 -0.000185014 0.000717376 -0.000185014
3.76 0 0 0 0 0.000721321 -0.000185624 0.000721321 -0.000185624
3.77 0 0 0 0 0.000725154 -0.000186218 0.000725154 -0.000186218
3.78 0 0 0 0 0.000728944 -0.000186801 0.000728944 -0.000186801
3.79 0 0 0 0 0.000732762 -0.00018738 0.000732762 -0.00018738
3.8 0 0 0 0 0.00073667 -0.000187968 0.00073667 -0.000187968
3.81 0 0 0 0 0.000740704 -0.000188578 0.000740704 -0.000188578
3.82 0 0 0 0 0.000744872 -0.000189212 0.000744872 -0.000189212
3.83 0 0 0 0 0.000749152 -0.000189862 0.000749152 -0.000189862
3.84 0 0 0 0 0.000753503 -0.000190517 0.000753503 -0.000190517
3.85 0 0 0 0 0.000757872 -0.00019117 0.000757872 -0.00019117
3.86 0 0 0 0 0.000762208 -0.000191816 0.000762208 -0.000191816
3.87 0 0 0 0 0.000766475 -0.000192451 0.000766475 -0.000192451
3.88 0 0 0 0 0.000770655 -0.000193069 0.000770655 -0.000193069
3.89 0 0 0 0 0.000774753 -0.000193667 0.000774753 -0.000193667
3.9 0 0 0 0 0.00077879 -0.00019425 0.00077879 -0.00019425
3.91 0 0 0 0 0.000782802 -0.000194828 0.000782802 -0.000194828
3.92 0 0 0 0 0.000786826 -0.000195406 0.000786826 -0.000195406
3.93 0 0 0 0 0.000790896 -0.000195989 0.000790896 -0.000195989
3.94 0 0 0 0 0.000795033 -0.000196578 0.000795033 -0.000196578
3.95 0 0 0 0 0.000799242 -0.000197175 0.000799242 -0.000197175
3.96 0 0 0 0 0.000803515 -0.000197779 0.000803515 -0.000197779
3.97 0 0 0 0 0.000807831 -0.00019839 0.000807831 -0.00019839
3.98 0 0 0 0 0.000812163 -0.000198999 0.000812163 -0.000198999
3.99 0 0 0 0 0.000816484 -0.000199603 0.000816484 -0.000199603
4 0 0 0 0 0.000820774 -0.000200198 0.000820774 -0.000200198
4.01 0 0 0 0 0.000825021 -0.000200785 0.000825021 -0.000200785
4.02 0 0 0 0 0.000829225 -0.000201363 0.000829225 -0.000201363
4.03 0 0 0 0 0.000833396 -0.000201933 0.000833396 -0.000201933
4.04 0 0 0 0 0.000837551 -0.000202497 0.000837551 -0.000202497
4.05 0 0 0 0 0.000841709 -0.000203058 0.000841709 -0.000203058
4.06 0 0 0 0 0.00084589 -0.00020362 0.00084589 -0.00020362
4.07 0 0 0 0 0.000850104 -0.000204186 0.000850104 -0.000204186
4.08 0 0 0 0 0.000854358 -0.000204754 0.000854358 -0.000204754
4.09 0 0 0 0 0.000858649 -0.000205325 0.000858649 -0.000205325
4.1 0 0 0 0 0.000862966 -0.000205897 0.000862966 -0.000205897
4.11 0 0 0 0 0.000867316 -0.000206474 0.000867316 -0.000206474
4.12 0 0 0 0 0.000871757 -0.000207072 0.000871757 -0.000207072
4.13 0 0 0 0 0.000876387 -0.000207705 0.000876387 -0.000207705
4.14 0 0 0 0 0.000881279 -0.000208373 0.000881279 -0.000208373
4.15 0 0 0 0 0.000886456 -0.000209071 0.000886456 -0.000209071
4.16 0 0 0 0 0.000891889 -0.000209798 0.000891889 -0.000209798
4.17 0 0 0 0 0.000897509 -0.000210554 0.000897509 -0.000210554
4.18 0 0 0 0 0.000903222 -0.000211328 0.000903222 -0.000211328
4.19 0 0 0 0 0.000908927 -0.000212096 0.000908927 -0.000212096
4.2 0 0 0 0 0.000914537 -0.000212839 0.000914537 -0.000212839
4.21 0 0 0 0 0.000919988 -0.000213552 0.000919988 -0.000213552
4.22 0 0 0 0 0.000925255 -0.00021424 0.000925255 -0.00021424
4.23 0 0 0 0 0.000930347 -0.000214903 0.000930347 -0.000214903
4.24 0 0 0 0 0.000935303 -0.000215543 0.000935303 -0.000215543
4.25 0 0 0 0 0.000940185 -0.000216164 0.000940185 -0.000216164
4.26 0 0 0 0 0.000945062 -0.000216778 0.000945062 -0.000216778
4.27 0 0 0 0 0.000949999 -0.000217401 0.000949999 -0.000217401
4.28 0 0 0 0 0.000955046 -0.000218038 0.000955046 -0.000218038
4.29 0 0 0 0 0.000960231 -0.00021869 0.000960231 -0.00021869
4.3 0 0 0 0 0.000965554 -0.000219355 0.000965554 -0.000219355
4.31 0 0 0 0 0.000970996 -0.00022003 0.000970996 -0.00022003
4.32 0 0 0 0 0.000976518 -0.000220716 0.000976518 -0.000220716
4.33 0 0 0 0 0.000982072 -0.000221404 0.000982072 -0.000221404
4.34 0 0 0 0 0.000987612 -0.000222086 0.000987612 -0.000222086
4.35 0 0 0 0 0.000993098 -0.000222755 0.000993098 -0.000222755
4.36 0 0 0 0 0.000998505 -0.000223408 0.000998505 -0.000223408
4.37 0 0 0 0 0.00100382 -0.000224049 0.00100382 -0.000224049
4.38 0 0 0 0 0.00100907 -0.000224677 0.00100907 -0.000224677
4.39 0 0 0 0 0.00101425 -0.000225294 0.00101425 -0.000225294
4.4 0 0 0 0 0.00101941 -0.000225903 0.00101941 -0.000225903
4.41 0 0 0 0 0.00102458 -0.000226508 0.00102458 -0.000226508
4.42 0 0 0 0 0.00102979 -0.000227117 0.00102979 -0.000227117
4.43 0 0 0 0 0.00103506 -0.000227731 0.00103506 -0.000227731
4.44 0 0 0 0 0.00104039 -0.00022835 0.00104039 -0.00022835
4.45 0 0 0 0 0.0010458 -0.000228972 0.0010458 -0.000228972
4.46 0 0 0 0 0.00105126 -0.000229599 0.00105126 -0.000229599
4.47 0 0 0 0 0.00105676 -0.000230227 0.00105676 -0.000230227
4.48 0 0 0 0 0.00106227 -0.000230855 0.00106227 -0.000230855
4.49 0 0 0 0 0.00106777 -0.000231478 0.00106777 -0.000231478
4.5 0 0 0 0 0.00107325 -0.000232093 0.00107325 -0.000232093
4.51 0 0 0 0 0.00107869 -0.000232701 0.00107869 -0.000232701
4.52 0 0 0 0 0.00108409 -0.000233301 0.00108409 -0.000233301
4.53 0 0 0 0 0.00108946 -0.000233894 0.00108946 -0.000233894
4.54 0 0 0 0 0.0010948 -0.000234481 0.0010948 -0.000234481
4.55 0 0 0 0 0.00110013 -0.000235063 0.00110013 -0.000235063
4.56 0 0 0 0 0.00110547 -0.000235644 0.00110547 -0.000235644
4.57 0 0 0 0 0.00111083 -0.000236224 0.00111083 -0.000236224
4.58 0 0 0 0 0.00111626 -0.000236812 0.00111626 -0.000236812
4.59 0 0 0 0 0.00112185 -0.000237426 0.00112185 -0.000237426
4.6 0 0 0 0 0.00112774 -0.000238078 0.00112774 -0.000238078
4.61 0 0 0 0 0.00113401 -0.000238769 0.00113401 -0.000238769
4.62 0 0 0 0 0.0011407 -0.000239498 0.0011407 -0.000239498
4.63 0 0 0 0 0.00114779 -0.000240266 0.00114779 -0.000240266
4.64 0 0 0 0 0.00115519 -0.000241071 0.00115519 -0.000241071
4.65 0 0 0 0 0.00116279 -0.000241901 0.00116279 -0.000241901
4.66 0 0 0 0 0.00117047 -0.000242732 0.00117047 -0.000242732
4.67 0 0 0 0 0.00117811 -0.000243547 0.00117811 -0.000243547
4.68 0 0 0 0 0.0011856 -0.000244339 0.0011856 -0.000244339
4.69 0 0 0 0 0.00119286 -0.000245105 0.00119286 -0.000245105
4.7 0 0 0 0 0.00119987 -0.000245841 0.00119987 -0.000245841
4.71 0 0 0 0 0.00120663 -0.000246543 0.00120663 -0.000246543
4.72 0 0 0 0 0.00121317 -0.000247213 0.00121317 -0.000247213
4.73 0 0 0 0 0.00121957 -0.000247863 0.00121957 -0.000247863
4.74 0 0 0 0 0.00122591 -0.000248504 0.00122591 -0.000248504
4.75 0 0 0 0 0.00123226 -0.000249145 0.00123226 -0.000249145
4.76 0 0 0 0 0.0012387 -0.00024979 0.0012387 -0.00024979
4.77 0 0 0 0 0.00124529 -0.000250444 0.00124529 -0.000250444
4.78 0 0 0 0 0.00125206 -0.000251113 0.00125206 -0.000251113
4.79 0 0 0 0 0.00125901 -0.0002518 0.00125901 -0.0002518
4.8 0 0 0 0 0.00126613 -0.000252501 0.00126613 -0.000252501
4.81 0 0 0 0 0.00127338 -0.000253211 0.00127338 -0.000253211
4.82 0 0 0 0 0.00128072 -0.000253922 0.00128072 -0.000253922
4.83 0 0 0 0 0.00128808 -0.000254632 0.00128808 -0.000254632
4.84 0 0 0 0 0.00129542 -0.000255337 0.00129542 -0.000255337
4.85 0 0 0 0 0.00130269 -0.000256031 0.00130269 -0.000256031
4.86 0 0 0 0 0.00130986 -0.000256711 0.00130986 -0.000256711
4.87 0 0 0 0 0.00131693 -0.000257374 0.00131693 -0.000257374
4.88 0 0 0 0 0.00132389 -0.000258022 0.00132389 -0.000258022
4.89 0 0 0 0 0.00133077 -0.00025866 0.00133077 -0.00025866
4.9 0 0 0 0 0.00133759 -0.000259288 0.00133759 -0.000259288
4.91 0 0 0 0 0.0013444 -0.00025991 0.0013444 -0.00025991
4.92 0 0 0 0 0.00135122 -0.000260528 0.00135122 -0.000260528
4.93 0 0 0 0 0.00135808 -0.000261147 0.00135808 -0.000261147
4.94 0 0 0 0 0.00136502 -0.000261769 0.00136502 -0.000261769
4.95 0 0 0 0 0.00137203 -0.000262396 0.00137203 -0.000262396
4.96 0 0 0 0 0.00137913 -0.000263026 0.00137913 -0.000263026
4.97 0 0 0 0 0.0013863 -0.000263659 0.0013863 -0.000263659
4.98 0 0 0 0 0.00139353 -0.000264293 0.00139353 -0.000264293
4.99 0 0 0 0 0.0014008 -0.000264928 0.0014008 -0.000264928
5 0 0 0 0 0.00140808 -0.00026556 0.00140808 -0.00026556
5.01 0 0 0 0 0.00141536 -0.000266187 0.00141536 -0.000266187
