0.01 0 -5.08667e-05 1.91419e-07
0.02 0 -5.0867e-05 9.84051e-07
0.03 0 -5.08696e-05 2.47753e-06
0.04 0 -5.08793e-05 4.21644e-06
0.05 0 -5.08995e-05 5.58949e-06
0.06 0 -5.09251e-05 6.31917e-06
0.07 0 -5.09425e-05 6.65216e-06
0.08 0 -5.0944e-05 7.12555e-06
0.09 0 -5.09412e-05 8.12476e-06
0.1 0 -5.09581e-05 9.59494e-06
0.11 0 -5.10082e-05 1.11188e-05
0.12 0 -5.1077e-05 1.2271e-05
0.13 0 -5.11299e-05 1.29501e-05
0.14 0 -5.11426e-05 1.34314e-05
0.15 0 -5.11288e-05 1.41218e-05
0.16 0 -5.11327e-05 1.52335e-05
0.17 0 -5.119e-05 1.66347e-05
0.18 0 -5.12933e-05 1.7981e-05
0.19 0 -5.13943e-05 1.9e-05
0.2 0 -5.14449e-05 1.96956e-05
0.21 0 -5.14415e-05 2.03214e-05
0.22 0 -5.14312e-05 2.1164e-05
0.23 0 -5.14718e-05 2.23193e-05
0.24 0 -5.15803e-05 2.36359e-05
0.25 0 -5.17172e-05 2.48531e-05
0.26 0 -5.18198e-05 2.58098e-05
0.27 0 -5.18569e-05 2.65587e-05
0.28 0 -5.18555e-05 2.73066e-05
0.29 0 -5.18772e-05 2.82436e-05
0.3 0 -5.19651e-05 2.94008e-05
0.31 0 -5.21078e-05 3.06411e-05
0.32 0 -5.22508e-05 3.17783e-05
0.33 0 -5.23436e-05 3.27216e-05
0.34 0 -5.23814e-05 3.35348e-05
0.35 0 -5.24062e-05 3.43743e-05
0.36 0 -5.24703e-05 3.53641e-05
0.37 0 -5.25928e-05 3.65064e-05
0.38 0 -5.27469e-05 3.76911e-05
0.39 0 -5.2885e-05 3.87878e-05
0.4 0 -5.29777e-05 3.9744e-05
0.41 0 -5.30353e-05 4.06171e-05
0.42 0 -5.30959e-05 4.15218e-05
0.43 0 -5.31936e-05 4.25409e-05
0.44 0 -5.33329e-05 4.36674e-05
0.45 0 -5.34885e-05 4.48176e-05
0.46 0 -5.36273e-05 4.58992e-05
0.47 0 -5.37338e-05 4.68795e-05
0.48 0 -5.38191e-05 4.7804e-05
0.49 0 -5.39103e-05 4.87565e-05
0.5 0 -5.4029e-05 4.97945e-05
0.51 0 -5.4177e-05 5.09102e-05
0.52 0 -5.43364e-05 5.20417e-05
0.53 0 -5.44847e-05 5.31228e-05
0.54 0 -5.46105e-05 5.41312e-05
0.55 0 -5.47208e-05 5.51004e-05
0.56 0 -5.48346e-05 5.60908e-05
0.57 0 -5.49685e-05 5.71438e-05
0.58 0 -5.51254e-05 5.8254e-05
0.59 0 -5.52931e-05 5.93776e-05
0.6 0 -5.54539e-05 6.04671e-05
0.61 0 -5.55977e-05 6.15051e-05
0.62 0 -5.57286e-05 6.25141e-05
0.63 0 -5.58614e-05 6.35366e-05
0.64 0 -5.60098e-05 6.46032e-05
0.65 0 -5.6177e-05 6.5713e-05
0.66 0 -5.63537e-05 6.68367e-05
0.67 0 -5.6526e-05 6.79399e-05
0.68 0 -5.66855e-05 6.90076e-05
0.69 0 -5.68352e-05 7.00523e-05
0.7 0 -5.6986e-05 7.11031e-05
0.71 0 -5.71485e-05 7.21843e-05
0.72 0 -5.73253e-05 7.32987e-05
0.73 0 -5.75099e-05 7.44281e-05
0.74 0 -5.76926e-05 7.55477e-05
0.75 0 -5.7867e-05 7.66433e-05
0.76 0 -5.80344e-05 7.77203e-05
0.77 0 -5.82019e-05 7.8798e-05
0.78 0 -5.83767e-05 7.98956e-05
0.79 0 -5.85618e-05 8.10188e-05
0.8 0 -5.87539e-05 8.21575e-05
0.81 0 -5.89467e-05 8.32938e-05
0.82 0 -5.91349e-05 8.44151e-05
0.83 0 -5.9318e-05 8.55217e-05
0.84 0 -5.94997e-05 8.66258e-05
0.85 0 -5.96854e-05 8.77417e-05
0.86 0 -5.98785e-05 8.88767e-05
0.87 0 -6.00782e-05 9.00263e-05
0.88 0 -6.02801e-05 9.11787e-05
0.89 0 -6.04798e-05 9.23231e-05
0.9 0 -6.06757e-05 9.34568e-05
0.91 0 -6.08696e-05 9.45861e-05
0.92 0 -6.10654e-05 9.57213e-05
0.93 0 -6.12663e-05 9.68696e-05
0.94 0 -6.14727e-05 9.80308e-05
0.95 0 -6.16818e-05 9.91977e-05
0.96 0 -6.18904e-05 0.000100362
0.97 0 -6.20964e-05 0.000101519
0.98 0 -6.23004e-05 0.00010267
0.99 0 -6.25048e-05 0.000103823
1 0 -6.27136e-05 0.000104985
1.01 0 -6.29387e-05 0.000106164
1.02 0 -6.31941e-05 0.000107369
1.03 0 -6.34743e-05 0.0001086
1.04 0 -6.37556e-05 0.000109847
1.05 0 -6.40201e-05 0.000111092
1.06 0 -6.42701e-05 0.000112319
1.07 0 -6.45201e-05 0.000113528
1.08 0 -6.47802e-05 0.000114731
1.09 0 -6.50486e-05 0.000115949
1.1 0 -6.53188e-05 0.000117194
1.11 0 -6.55892e-05 0.000118461
1.12 0 -6.58632e-05 0.000119735
1.13 0 -6.61423e-05 0.000121
1.14 0 -6.64214e-05 0.000122249
1.15 0 -6.66942e-05 0.000123491
1.16 0 -6.69611e-05 0.00012474
1.17 0 -6.72304e-05 0.000126005
1.18 0 -6.75104e-05 0.000127287
1.19 0 -6.78013e-05 0.00012858
1.2 0 -6.80947e-05 0.000129876
1.21 0 -6.8382e-05 0.000131167
1.22 0 -6.86618e-05 0.000132453
1.23 0 -6.89403e-05 0.000133737
1.24 0 -6.92243e-05 0.000135026
1.25 0 -6.95153e-05 0.000136327
1.26 0 -6.98101e-05 0.000137641
1.27 0 -7.01051e-05 0.000138965
1.28 0 -7.03994e-05 0.000140293
1.29 0 -7.06942e-05 0.000141617
1.3 0 -7.09896e-05 0.000142938
1.31 0 -7.12849e-05 0.000144259
1.32 0 -7.15798e-05 0.000145587
1.33 0 -7.18763e-05 0.000146925
1.34 0 -7.21767e-05 0.000148274
1.35 0 -7.24813e-05 0.00014963
1.36 0 -7.27876e-05 0.000150989
1.37 0 -7.30923e-05 0.000152347
1.38 0 -7.33945e-05 0.000153705
1.39 0 -7.36962e-05 0.000155065
1.4 0 -7.40003e-05 0.000156431
1.41 0 -7.43079e-05 0.000157804
1.42 0 -7.4618e-05 0.000159187
1.43 0 -7.49288e-05 0.000160576
1.44 0 -7.52395e-05 0.000161968
1.45 0 -7.55503e-05 0.000163362
1.46 0 -7.58615e-05 0.000164756
1.47 0 -7.61732e-05 0.000166153
1.48 0 -7.64852e-05 0.000167555
1.49 0 -7.67983e-05 0.000168964
1.5 0 -7.71132e-05 0.000170381
1.51 0 -7.743e-05 0.000171803
1.52 0 -7.77479e-05 0.000173229
1.53 0 -7.80655e-05 0.000174657
1.54 0 -7.83823e-05 0.000176087
1.55 0 -7.8699e-05 0.00017752
1.56 0 -7.90168e-05 0.000178957
1.57 0 -7.9336e-05 0.0001804
1.58 0 -7.96566e-05 0.000181849
1.59 0 -7.99778e-05 0.000183303
1.6 0 -8.02993e-05 0.000184762
1.61 0 -8.0621e-05 0.000186223
1.62 0 -8.09428e-05 0.000187686
1.63 0 -8.12649e-05 0.000189152
1.64 0 -8.15871e-05 0.000190622
1.65 0 -8.19097e-05 0.000192096
1.66 0 -8.22332e-05 0.000193575
1.67 0 -8.25576e-05 0.000195058
1.68 0 -8.28825e-05 0.000196545
1.69 0 -8.32098e-05 0.000198037
1.7 0 -8.3554e-05 0.000199548
1.71 0 -8.39352e-05 0.000201108
1.72 0 -8.43507e-05 0.000202735
1.73 0 -8.47755e-05 0.000204417
1.74 0 -8.51899e-05 0.000206117
1.75 0 -8.55922e-05 0.000207794
1.76 0 -8.59882e-05 0.000209422
1.77 0 -8.6378e-05 0.000211006
1.78 0 -8.67576e-05 0.000212578
1.79 0 -8.71311e-05 0.000214172
1.8 0 -8.75129e-05 0.00021581
1.81 0 -8.7916e-05 0.000217492
1.82 0 -8.83375e-05 0.000219202
1.83 0 -8.87598e-05 0.000220914
1.84 0 -8.91668e-05 0.000222607
1.85 0 -8.95564e-05 0.000224274
1.86 0 -8.99392e-05 0.000225919
1.87 0 -9.03261e-05 0.000227561
1.88 0 -9.07204e-05 0.000229221
1.89 0 -9.11198e-05 0.000230914
1.9 0 -9.15233e-05 0.000232638
1.91 0 -9.19314e-05 0.000234379
1.92 0 -9.23428e-05 0.000236119
1.93 0 -9.27511e-05 0.000237845
1.94 0 -9.31503e-05 0.000239554
1.95 0 -9.35406e-05 0.000241255
1.96 0 -9.39291e-05 0.000242959
1.97 0 -9.43238e-05 0.000244678
1.98 0 -9.47271e-05 0.000246419
1.99 0 -9.5135e-05 0.00024818
2 0 -9.55426e-05 0.000249953
2.01 0 -9.59475e-05 0.000251727
2.02 0 -9.63498e-05 0.000253493
2.03 0 -9.67497e-05 0.000255249
2.04 0 -9.71467e-05 0.000257001
2.05 0 -9.75416e-05 0.000258757
2.06 0 -9.79374e-05 0.000260526
2.07 0 -9.83374e-05 0.000262312
2.08 0 -9.87419e-05 0.000264111
2.09 0 -9.91482e-05 0.000265918
2.1 0 -9.95524e-05 0.000267727
2.11 0 -9.99528e-05 0.000269532
2.12 0 -0.00010035 0.000271333
2.13 0 -0.000100747 0.000273132
2.14 0 -0.000101144 0.000274936
2.15 0 -0.000101541 0.000276748
2.16 0 -0.00010194 0.000278573
2.17 0 -0.00010234 0.000280408
2.18 0 -0.000102741 0.000282249
2.19 0 -0.000103142 0.000284092
2.2 0 -0.000103542 0.000285934
2.21 0 -0.000103938 0.000287774
2.22 0 -0.000104333 0.000289613
2.23 0 -0.000104728 0.000291456
2.24 0 -0.000105136 0.000293322
2.25 0 -0.000105585 0.000295259
2.26 0 -0.000106078 0.000297304
2.27 0 -0.000106593 0.000299453
2.28 0 -0.000107107 0.00030166
2.29 0 -0.000107615 0.000303861
2.3 0 -0.000108116 0.000306002
2.31 0 -0.000108602 0.000308062
2.32 0 -0.000109061 0.000310057
2.33 0 -0.000109498 0.000312029
2.34 0 -0.000109936 0.000314026
2.35 0 -0.000110396 0.000316082
2.36 0 -0.000110885 0.000318209
2.37 0 -0.000111388 0.000320393
2.38 0 -0.000111889 0.0003226
2.39 0 -0.000112378 0.000324794
2.4 0 -0.000112859 0.000326945
2.41 0 -0.000113329 0.000329049
2.42 0 -0.000113789 0.00033112
2.43 0 -0.00011424 0.000333189
2.44 0 -0.000114691 0.000335282
2.45 0 -0.000115155 0.000337419
2.46 0 -0.000115635 0.0003396
2.47 0 -0.000116123 0.000341814
2.48 0 -0.000116609 0.000344036
2.49 0 -0.000117086 0.000346247
2.5 0 -0.000117555 0.000348432
2.51 0 -0.000118018 0.00035059
2.52 0 -0.000118476 0.000352733
2.53 0 -0.00011893 0.000354879
2.54 0 -0.000119385 0.000357047
2.55 0 -0.000119847 0.000359243
2.56 0 -0.000120316 0.000361469
2.57 0 -0.000120791 0.000363713
2.58 0 -0.000121263 0.000365961
2.59 0 -0.00012173 0.000368202
2.6 0 -0.00012219 0.000370428
2.61 0 -0.000122646 0.000372639
2.62 0 -0.0001231 0.000374844
2.63 0 -0.000123552 0.000377054
2.64 0 -0.000124005 0.000379279
2.65 0 -0.00012446 0.000381524
2.66 0 -0.00012492 0.000383788
2.67 0 -0.000125382 0.000386063
2.68 0 -0.000125843 0.000388342
2.69 0 -0.000126299 0.000390615
2.7 0 -0.000126752 0.000392881
2.71 0 -0.000127201 0.000395138
2.72 0 -0.000127649 0.000397394
2.73 0 -0.000128111 0.000399679
2.74 0 -0.000128612 0.000402058
2.75 0 -0.000129159 0.000404586
2.76 0 -0.000129735 0.000407264
2.77 0 -0.000130322 0.000410047
2.78 0 -0.000130913 0.000412858
2.79 0 -0.000131502 0.000415621
2.8 0 -0.000132072 0.000418285
2.81 0 -0.000132606 0.000420841
2.82 0 -0.000133106 0.000423314
2.83 0 -0.000133593 0.000425757
2.84 0 -0.000134092 0.000428229
2.85 0 -0.000134614 0.000430774
2.86 0 -0.000135154 0.000433415
2.87 0 -0.000135706 0.000436139
2.88 0 -0.000136265 0.000438912
2.89 0 -0.000136828 0.000441686
2.9 0 -0.000137385 0.000444422
2.91 0 -0.000137922 0.000447096
2.92 0 -0.000138437 0.00044971
2.93 0 -0.000138939 0.000452286
2.94 0 -0.000139439 0.000454857
2.95 0 -0.000139948 0.000457456
2.96 0 -0.000140466 0.000460107
2.97 0 -0.000140991 0.000462815
2.98 0 -0.000141524 0.000465571
2.99 0 -0.000142062 0.000468349
3 0 -0.0001426 0.000471123
3.01 0 -0.000143129 0.000473871
3.02 0 -0.000143645 0.000476583
3.03 0 -0.00014415 0.000479264
3.04 0 -0.00014465 0.000481927
3.05 0 -0.00014515 0.000484594
3.06 0 -0.000145653 0.000487283
3.07 0 -0.00014616 0.000490006
3.08 0 -0.000146671 0.000492764
3.09 0 -0.000147187 0.000495549
3.1 0 -0.000147705 0.000498345
3.11 0 -0.00014822 0.000501138
3.12 0 -0.000148728 0.000503915
3.13 0 -0.000149229 0.000506672
3.14 0 -0.000149725 0.000509412
3.15 0 -0.000150217 0.000512146
3.16 0 -0.000150709 0.000514884
3.17 0 -0.000151201 0.000517637
3.18 0 -0.000151696 0.000520412
3.19 0 -0.000152197 0.000523217
3.2 0 -0.000152722 0.000526091
3.21 0 -0.000153288 0.000529097
3.22 0 -0.000153893 0.000532279
3.23 0 -0.000154522 0.000535631
3.24 0 -0.000155165 0.000539101
3.25 0 -0.000155819 0.000542612
3.26 0 -0.000156472 0.000546084
3.27 0 -0.000157104 0.000549458
3.28 0 -0.0001577 0.000552709
3.29 0 -0.000158262 0.000555848
3.3 0 -0.000158808 0.000558917
3.31 0 -0.000159355 0.000561972
3.32 0 -0.000159911 0.000565072
3.33 0 -0.000160478 0.00056826
3.34 0 -0.000161058 0.00057155
3.35 0 -0.000161656 0.000574932
3.36 0 -0.000162269 0.000578372
3.37 0 -0.000162884 0.000581826
3.38 0 -0.000163488 0.000585252
3.39 0 -0.000164073 0.00058862
3.4 0 -0.000164642 0.00059192
3.41 0 -0.000165201 0.000595163
3.42 0 -0.000165752 0.000598374
3.43 0 -0.000166298 0.000601586
3.44 0 -0.000166845 0.000604831
3.45 0 -0.0001674 0.00060813
3.46 0 -0.000167967 0.000611488
3.47 0 -0.000168543 0.000614897
3.48 0 -0.00016912 0.000618337
3.49 0 -0.000169694 0.000621782
3.5 0 -0.000170263 0.000625211
3.51 0 -0.000170824 0.000628607
3.52 0 -0.000171377 0.000631967
3.53 0 -0.000171921 0.000635298
3.54 0 -0.000172457 0.000638615
3.55 0 -0.000172993 0.000641936
3.56 0 -0.000173531 0.000645278
3.57 0 -0.000174073 0.000648652
3.58 0 -0.000174618 0.000652061
3.59 0 -0.000175165 0.0006555
3.6 0 -0.000175713 0.000658956
3.61 0 -0.000176261 0.000662415
3.62 0 -0.000176805 0.000665865
3.63 0 -0.000177343 0.000669298
3.64 0 -0.000177874 0.000672711
3.65 0 -0.000178407 0.000676125
3.66 0 -0.00017896 0.000679609
3.67 0 -0.000179553 0.000683261
3.68 0 -0.000180185 0.00068715
3.69 0 -0.00018085 0.000691287
3.7 0 -0.000181543 0.00069563
3.71 0 -0.000182261 0.000700095
3.72 0 -0.000182989 0.000704583
3.73 0 -0.0001837 0.000708997
3.74 0 -0.000184376 0.000713272
3.75 0 -0.000185014 0.000717376
3.76 0 -0.000185624 0.000721321
3.77 0 -0.000186218 0.000725154
3.78 0 -0.000186801 0.000728944
3.79 0 -0.00018738 0.000732762
3.8 0 -0.000187968 0.00073667
3.81 0 -0.000188578 0.000740704
3.82 0 -0.000189212 0.000744872
3.83 0 -0.000189862 0.000749152
3.84 0 -0.000190517 0.000753503
3.85 0 -0.00019117 0.000757872
3.86 0 -0.000191816 0.000762208
3.87 0 -0.000192451 0.000766475
3.88 0 -0.000193069 0.000770655
3.89 0 -0.000193667 0.000774753
3.9 0 -0.00019425 0.00077879
3.91 0 -0.000194828 0.000782802
3.92 0 -0.000195406 0.000786826
3.93 0 -0.000195989 0.000790896
3.94 0 -0.000196578 0.000795033
3.95 0 -0.000197175 0.000799242
3.96 0 -0.000197779 0.000803515
3.97 0 -0.00019839 0.000807831
3.98 0 -0.000198999 0.000812163
3.99 0 -0.000199603 0.000816484
4 0 -0.000200198 0.000820774
4.01 0 -0.000200785 0.000825021
4.02 0 -0.000201363 0.000829225
4.03 0 -0.000201933 0.000833396
4.04 0 -0.000202497 0.000837551
4.05 0 -0.000203058 0.000841709
4.06 0 -0.00020362 0.00084589
4.07 0 -0.000204186 0.000850104
4.08 0 -0.000204754 0.000854358
4.09 0 -0.000205325 0.000858649
4.1 0 -0.000205897 0.000862966
4.11 0 -0.000206474 0.000867316
4.12 0 -0.000207072 0.000871757
4.13 0 -0.000207705 0.000876387
4.14 0 -0.000208373 0.000881279
4.15 0 -0.000209071 0.000886456
4.16 0 -0.000209798 0.000891889
4.17 0 -0.000210554 0.000897509
4.18 0 -0.000211328 0.000903222
4.19 0 -0.000212096 0.000908927
4.2 0 -0.000212839 0.000914537
4.21 0 -0.000213552 0.000919988
4.22 0 -0.00021424 0.000925255
4.23 0 -0.000214903 0.000930347
4.24 0 -0.000215543 0.000935303
4.25 0 -0.000216164 0.000940185
4.26 0 -0.000216778 0.000945062
4.27 0 -0.000217401 0.000949999
4.28 0 -0.000218038 0.000955046
4.29 0 -0.00021869 0.000960231
4.3 0 -0.000219355 0.000965554
4.31 0 -0.00022003 0.000970996
4.32 0 -0.000220716 0.000976518
4.33 0 -0.000221404 0.000982072
4.34 0 -0.000222086 0.000987612
4.35 0 -0.000222755 0.000993098
4.36 0 -0.000223408 0.000998505
4.37 0 -0.000224049 0.00100382
4.38 0 -0.000224677 0.00100907
4.39 0 -0.000225294 0.00101425
4.4 0 -0.000225903 0.00101941
4.41 0 -0.000226508 0.00102458
4.42 0 -0.000227117 0.00102979
4.43 0 -0.000227731 0.00103506
4.44 0 -0.00022835 0.00104039
4.45 0 -0.000228972 0.0010458
4.46 0 -0.000229599 0.00105126
4.47 0 -0.000230227 0.00105676
4.48 0 -0.000230855 0.00106227
4.49 0 -0.000231478 0.00106777
4.5 0 -0.000232093 0.00107325
4.51 0 -0.000232701 0.00107869
4.52 0 -0.000233301 0.00108409
4.53 0 -0.000233894 0.00108946
4.54 0 -0.000234481 0.0010948
4.55 0 -0.000235063 0.00110013
4.56 0 -0.000235644 0.00110547
4.57 0 -0.000236224 0.00111083
4.58 0 -0.000236812 0.00111626
4.59 0 -0.000237426 0.00112185
4.6 0 -0.000238078 0.00112774
4.61 0 -0.000238769 0.00113401
4.62 0 -0.000239498 0.0011407
4.63 0 -0.000240266 0.00114779
4.64 0 -0.000241071 0.00115519
4.65 0 -0.000241901 0.00116279
4.66 0 -0.000242732 0.00117047
4.67 0 -0.000243547 0.00117811
4.68 0 -0.000244339 0.0011856
4.69 0 -0.000245105 0.00119286
4.7 0 -0.000245841 0.00119987
4.71 0 -0.000246543 0.00120663
4.72 0 -0.000247213 0.00121317
4.73 0 -0.000247863 0.00121957
4.74 0 -0.000248504 0.00122591
4.75 0 -0.000249145 0.00123226
4.76 0 -0.00024979 0.0012387
4.77 0 -0.000250444 0.00124529
4.78 0 -0.000251113 0.00125206
4.79 0 -0.0002518 0.00125901
4.8 0 -0.000252501 0.00126613
4.81 0 -0.000253211 0.00127338
4.82 0 -0.000253922 0.00128072
4.83 0 -0.000254632 0.00128808
4.84 0 -0.000255337 0.00129542
4.85 0 -0.000256031 0.00130269
4.86 0 -0.000256711 0.00130986
4.87 0 -0.000257374 0.00131693
4.88 0 -0.000258022 0.00132389
4.89 0 -0.00025866 0.00133077
4.9 0 -0.000259288 0.00133759
4.91 0 -0.00025991 0.0013444
4.92 0 -0.000260528 0.00135122
4.93 0 -0.000261147 0.00135808
4.94 0 -0.000261769 0.00136502
4.95 0 -0.000262396 0.00137203
4.96 0 -0.000263026 0.00137913
4.97 0 -0.000263659 0.0013863
4.98 0 -0.000264293 0.00139353
4.99 0 -0.000264928 0.0014008
5 0 -0.00026556 0.00140808
5.01 0 -0.000266187 0.00141536
