0.01 -6.54 -9.81 -6.54 0.0019527 0.319911
0.02 -6.54001 -9.80999 -6.54001 0.0100384 0.319913
0.03 -6.54006 -9.80992 -6.54006 0.0252723 0.319926
0.04 -6.54018 -9.80984 -6.54018 0.0430054 0.319958
0.05 -6.54035 -9.80986 -6.54035 0.0570019 0.320002
0.06 -6.54049 -9.81005 -6.54049 0.0644355 0.320041
0.07 -6.54057 -9.8102 -6.54057 0.0678263 0.320064
0.08 -6.54063 -9.8101 -6.54063 0.072651 0.320079
0.09 -6.54074 -9.80977 -6.54074 0.082834 0.320107
0.1 -6.541 -9.80951 -6.541 0.0978044 0.320175
0.11 -6.5414 -9.8096 -6.5414 0.113301 0.32028
0.12 -6.54181 -9.81005 -6.54181 0.125 0.320392
0.13 -6.54209 -9.81045 -6.54209 0.131887 0.32047
0.14 -6.54223 -9.81039 -6.54223 0.136776 0.320506
0.15 -6.54234 -9.80984 -6.54234 0.143802 0.320534
0.16 -6.54262 -9.80927 -6.54262 0.155097 0.320604
0.17 -6.54313 -9.80923 -6.54313 0.169296 0.320742
0.18 -6.54379 -9.80978 -6.54379 0.1829 0.320921
0.19 -6.54438 -9.81047 -6.54438 0.193173 0.32108
0.2 -6.54473 -9.81067 -6.54473 0.200193 0.321176
0.21 -6.54492 -9.81015 -6.54492 0.206535 0.321224
0.22 -6.54517 -9.80935 -6.54517 0.215073 0.321287
0.23 -6.54568 -9.80898 -6.54568 0.226733 0.321422
0.24 -6.54646 -9.80936 -6.54646 0.239963 0.321633
0.25 -6.5473 -9.81017 -6.5473 0.252149 0.321864
0.26 -6.54797 -9.8107 -6.54797 0.261722 0.322046
0.27 -6.54838 -9.81049 -6.54838 0.269242 0.322155
0.28 -6.54869 -9.80972 -6.54869 0.276779 0.322236
0.29 -6.54916 -9.80906 -6.54916 0.286194 0.322359
0.3 -6.54992 -9.80906 -6.54992 0.297754 0.322565
0.31 -6.55089 -9.80969 -6.55089 0.310081 0.32283
0.32 -6.55184 -9.81039 -6.55184 0.321356 0.323089
0.33 -6.55256 -9.81058 -6.55256 0.33072 0.323286
0.34 -6.55308 -9.81012 -6.55308 0.338826 0.323425
0.35 -6.55359 -9.80943 -6.55359 0.347201 0.32356
0.36 -6.55429 -9.80908 -6.55429 0.357027 0.323751
0.37 -6.55525 -9.80931 -6.55525 0.368297 0.324014
0.38 -6.55634 -9.8099 -6.55634 0.379936 0.324314
0.39 -6.55735 -9.81034 -6.55735 0.390697 0.324592
0.4 -6.55817 -9.8103 -6.55817 0.400098 0.324817
0.41 -6.55886 -9.80986 -6.55886 0.408703 0.325003
0.42 -6.55958 -9.80939 -6.55958 0.417605 0.3252
0.43 -6.56049 -9.80924 -6.56049 0.427583 0.325449
0.44 -6.56158 -9.8095 -6.56158 0.438554 0.325753
0.45 -6.56276 -9.80991 -6.56276 0.449717 0.326079
0.46 -6.56385 -9.81016 -6.56385 0.460204 0.326384
0.47 -6.56481 -9.81007 -6.56481 0.46972 0.326649
0.48 -6.56568 -9.80976 -6.56568 0.4787 0.32689
0.49 -6.5666 -9.80945 -6.5666 0.487933 0.327144
0.5 -6.56766 -9.80937 -6.56766 0.49795 0.32744
0.51 -6.56887 -9.80955 -6.56887 0.508667 0.327779
0.52 -6.57013 -9.80982 -6.57013 0.519499 0.328134
0.53 -6.57133 -9.81 -6.57133 0.529835 0.328474
0.54 -6.57244 -9.80996 -6.57244 0.539476 0.328785
0.55 -6.57348 -9.80974 -6.57348 0.548743 0.329079
0.56 -6.57457 -9.80951 -6.57457 0.558193 0.329384
0.57 -6.57576 -9.80942 -6.57576 0.5682 0.329722
0.58 -6.57707 -9.80954 -6.57707 0.578704 0.330094
0.59 -6.57843 -9.80975 -6.57843 0.589298 0.330483
0.6 -6.57975 -9.8099 -6.57975 0.599551 0.330862
0.61 -6.581 -9.80989 -6.581 0.609316 0.331219
0.62 -6.5822 -9.80972 -6.5822 0.618803 0.331564
0.63 -6.58343 -9.80953 -6.58343 0.628398 0.331916
0.64 -6.58474 -9.80945 -6.58474 0.638369 0.332295
0.65 -6.58615 -9.80953 -6.58615 0.648699 0.332703
0.66 -6.5876 -9.8097 -6.5876 0.659121 0.333126
0.67 -6.58904 -9.80982 -6.58904 0.669333 0.333544
0.68 -6.59042 -9.80981 -6.59042 0.679207 0.333948
0.69 -6.59176 -9.80969 -6.59176 0.68886 0.334341
0.7 -6.59312 -9.80954 -6.59312 0.698549 0.33474
0.71 -6.59455 -9.80948 -6.59455 0.708481 0.33516
0.72 -6.59605 -9.80954 -6.59605 0.718679 0.335604
0.73 -6.5976 -9.80965 -6.5976 0.72898 0.336062
0.74 -6.59913 -9.80974 -6.59913 0.739168 0.33652
0.75 -6.60064 -9.80974 -6.60064 0.749124 0.336968
0.76 -6.60211 -9.80966 -6.60211 0.758896 0.33741
0.77 -6.6036 -9.80957 -6.6036 0.768655 0.337855
0.78 -6.60512 -9.80951 -6.60512 0.778562 0.338316
0.79 -6.60671 -9.80953 -6.60671 0.788665 0.338795
0.8 -6.60834 -9.8096 -6.60834 0.798875 0.339289
0.81 -6.60997 -9.80967 -6.60997 0.809037 0.339786
0.82 -6.61158 -9.80969 -6.61158 0.819047 0.34028
0.83 -6.61317 -9.80965 -6.61317 0.828909 0.340768
0.84 -6.61476 -9.80958 -6.61476 0.838728 0.341259
0.85 -6.61639 -9.80953 -6.61639 0.848627 0.34176
0.86 -6.61805 -9.80952 -6.61805 0.858664 0.342276
0.87 -6.61975 -9.80956 -6.61975 0.868798 0.342806
0.88 -6.62146 -9.80962 -6.62146 0.878931 0.343343
0.89 -6.62317 -9.80965 -6.62317 0.888973 0.34388
0.9 -6.62486 -9.80963 -6.62486 0.898904 0.344414
0.91 -6.62655 -9.80958 -6.62655 0.908778 0.344949
0.92 -6.62825 -9.80954 -6.62825 0.918682 0.345491
0.93 -6.62999 -9.80952 -6.62999 0.928673 0.346046
0.94 -6.63175 -9.80954 -6.63175 0.938749 0.346613
0.95 -6.63353 -9.80958 -6.63353 0.94885 0.347189
0.96 -6.63532 -9.80961 -6.63532 0.958908 0.347768
0.97 -6.63709 -9.80961 -6.63709 0.968889 0.348346
0.98 -6.63885 -9.80958 -6.63885 0.97881 0.348926
0.99 -6.64062 -9.80955 -6.64062 0.988729 0.349511
1 -6.64246 -9.80946 -6.64246 0.998661 0.350093
1.01 -6.64454 -9.80912 -6.64454 1.0085 0.350628
1.02 -6.64672 -9.80914 -6.64672 1.01845 0.351193
1.03 -6.64901 -9.80943 -6.64901 1.02855 0.351785
1.04 -6.65132 -9.80968 -6.65132 1.03876 0.352385
1.05 -6.6536 -9.80966 -6.6536 1.04895 0.352978
1.06 -6.65583 -9.80948 -6.65583 1.059 0.353558
1.07 -6.65803 -9.80934 -6.65803 1.06885 0.354135
1.08 -6.66026 -9.80936 -6.66026 1.0786 0.354719
1.09 -6.66252 -9.80945 -6.66252 1.08843 0.355315
1.1 -6.66484 -9.80947 -6.66484 1.09845 0.355925
1.11 -6.66718 -9.8094 -6.66718 1.10864 0.356545
1.12 -6.66955 -9.80936 -6.66955 1.11884 0.357173
1.13 -6.67192 -9.80942 -6.67192 1.12891 0.357803
1.14 -6.67428 -9.80952 -6.67428 1.13882 0.35843
1.15 -6.67661 -9.80954 -6.67661 1.14866 0.359054
1.16 -6.67894 -9.80944 -6.67894 1.15853 0.359679
1.17 -6.6813 -9.80931 -6.6813 1.16851 0.360313
1.18 -6.68372 -9.80928 -6.68372 1.17857 0.360964
1.19 -6.68617 -9.80937 -6.68617 1.18866 0.361627
1.2 -6.68863 -9.80949 -6.68863 1.19873 0.362294
1.21 -6.69108 -9.80952 -6.69108 1.20876 0.36296
1.22 -6.69351 -9.80945 -6.69351 1.21872 0.363621
1.23 -6.69593 -9.80936 -6.69593 1.22864 0.364284
1.24 -6.69838 -9.80933 -6.69838 1.23855 0.364954
1.25 -6.70086 -9.80936 -6.70086 1.24851 0.365634
1.26 -6.70336 -9.80941 -6.70336 1.25854 0.366325
1.27 -6.70588 -9.80941 -6.70588 1.26862 0.367022
1.28 -6.70841 -9.80939 -6.70841 1.27869 0.367723
1.29 -6.71093 -9.80939 -6.71093 1.28871 0.368424
1.3 -6.71345 -9.8094 -6.71345 1.29866 0.369127
1.31 -6.71597 -9.80941 -6.71597 1.30858 0.369833
1.32 -6.71851 -9.80939 -6.71851 1.31852 0.370543
1.33 -6.72106 -9.80935 -6.72106 1.32851 0.371261
1.34 -6.72363 -9.80933 -6.72363 1.33855 0.371987
1.35 -6.72622 -9.80936 -6.72622 1.3486 0.372721
1.36 -6.72882 -9.8094 -6.72882 1.35862 0.37346
1.37 -6.73142 -9.80942 -6.73142 1.36862 0.374199
1.38 -6.73401 -9.80939 -6.73401 1.37859 0.374939
1.39 -6.7366 -9.80935 -6.7366 1.38855 0.375682
1.4 -6.7392 -9.80933 -6.7392 1.39852 0.376431
1.41 -6.74182 -9.80934 -6.74182 1.4085 0.377188
1.42 -6.74446 -9.80936 -6.74446 1.41851 0.377951
1.43 -6.74711 -9.80937 -6.74711 1.42855 0.37872
1.44 -6.74976 -9.80937 -6.74976 1.43857 0.379493
1.45 -6.75241 -9.80936 -6.75241 1.44858 0.380269
1.46 -6.75507 -9.80936 -6.75507 1.45855 0.381047
1.47 -6.75772 -9.80936 -6.75772 1.46852 0.381828
1.48 -6.76038 -9.80935 -6.76038 1.47849 0.382614
1.49 -6.76306 -9.80934 -6.76306 1.48848 0.383406
1.5 -6.76574 -9.80933 -6.76574 1.49849 0.384205
1.51 -6.76844 -9.80934 -6.76844 1.50851 0.385009
1.52 -6.77114 -9.80936 -6.77114 1.51853 0.385817
1.53 -6.77384 -9.80936 -6.77384 1.52853 0.386628
1.54 -6.77654 -9.80936 -6.77654 1.53851 0.387442
1.55 -6.77924 -9.80934 -6.77924 1.54849 0.388259
1.56 -6.78195 -9.80933 -6.78195 1.55847 0.389081
1.57 -6.78466 -9.80933 -6.78466 1.56846 0.389908
1.58 -6.78738 -9.80934 -6.78738 1.57846 0.390741
1.59 -6.79012 -9.80934 -6.79012 1.58847 0.391579
1.6 -6.79285 -9.80934 -6.79285 1.59849 0.392421
1.61 -6.79558 -9.80934 -6.79558 1.60849 0.393267
1.62 -6.79832 -9.80934 -6.79832 1.61848 0.394115
1.63 -6.80106 -9.80934 -6.80106 1.62847 0.394968
1.64 -6.8038 -9.80934 -6.8038 1.63845 0.395824
1.65 -6.80654 -9.80933 -6.80654 1.64844 0.396685
1.66 -6.80929 -9.80933 -6.80929 1.65844 0.397552
1.67 -6.81205 -9.80933 -6.81205 1.66845 0.398423
1.68 -6.8148 -9.80934 -6.8148 1.67846 0.399298
1.69 -6.81763 -9.80923 -6.81763 1.68836 0.400154
1.7 -6.82074 -9.80878 -6.82074 1.6979 0.400923
1.71 -6.82398 -9.80876 -6.82398 1.70763 0.401729
1.72 -6.82739 -9.80906 -6.82739 1.71768 0.402578
1.73 -6.8309 -9.80931 -6.8309 1.72806 0.403455
1.74 -6.83441 -9.80931 -6.83441 1.73856 0.404338
1.75 -6.83787 -9.80922 -6.83787 1.74889 0.405208
1.76 -6.84122 -9.80924 -6.84122 1.75887 0.406056
1.77 -6.84449 -9.80934 -6.84449 1.76854 0.406885
1.78 -6.84771 -9.80934 -6.84771 1.77813 0.407706
1.79 -6.85096 -9.80915 -6.85096 1.78785 0.408536
1.8 -6.85428 -9.80894 -6.85428 1.79781 0.409389
1.81 -6.85771 -9.80892 -6.85771 1.80798 0.410272
1.82 -6.8612 -9.80912 -6.8612 1.81824 0.411174
1.83 -6.86469 -9.80935 -6.86469 1.82848 0.412079
1.84 -6.86811 -9.8094 -6.86811 1.8386 0.412972
1.85 -6.87146 -9.80928 -6.87146 1.84856 0.413848
1.86 -6.87476 -9.80915 -6.87476 1.85837 0.414714
1.87 -6.87806 -9.80911 -6.87806 1.86811 0.415581
1.88 -6.88138 -9.80914 -6.88138 1.87793 0.41646
1.89 -6.88476 -9.80915 -6.88476 1.88791 0.417357
1.9 -6.88819 -9.80912 -6.88819 1.89804 0.418271
1.91 -6.89165 -9.80911 -6.89165 1.90825 0.419195
1.92 -6.8951 -9.80919 -6.8951 1.9184 0.420122
1.93 -6.89851 -9.80929 -6.89851 1.92844 0.421042
1.94 -6.90188 -9.80931 -6.90188 1.93837 0.421953
1.95 -6.90522 -9.80923 -6.90522 1.94823 0.422858
1.96 -6.90855 -9.80912 -6.90855 1.95809 0.423766
1.97 -6.9119 -9.80908 -6.9119 1.968 0.424684
1.98 -6.9153 -9.80912 -6.9153 1.97799 0.425615
1.99 -6.91872 -9.80918 -6.91872 1.98807 0.42656
2 -6.92215 -9.80921 -6.92215 1.99819 0.42751
2.01 -6.92558 -9.8092 -6.92558 2.00829 0.428461
2.02 -6.92898 -9.8092 -6.92898 2.01832 0.42941
2.03 -6.93235 -9.80922 -6.93235 2.02827 0.430354
2.04 -6.9357 -9.80922 -6.9357 2.03816 0.431296
2.05 -6.93905 -9.80919 -6.93905 2.04806 0.432241
2.06 -6.94241 -9.80914 -6.94241 2.05801 0.433194
2.07 -6.94579 -9.80912 -6.94579 2.06802 0.434156
2.08 -6.9492 -9.80915 -6.9492 2.07807 0.435128
2.09 -6.95261 -9.8092 -6.95261 2.08814 0.436105
2.1 -6.95601 -9.80923 -6.95601 2.0982 0.437084
2.11 -6.95939 -9.80922 -6.95939 2.10822 0.438061
2.12 -6.96275 -9.8092 -6.96275 2.11819 0.439037
2.13 -6.9661 -9.80919 -6.9661 2.12812 0.440012
2.14 -6.96945 -9.80918 -6.96945 2.13806 0.440991
2.15 -6.9728 -9.80918 -6.9728 2.14802 0.441976
2.16 -6.97617 -9.80917 -6.97617 2.15802 0.442968
2.17 -6.97954 -9.80916 -6.97954 2.16806 0.443966
2.18 -6.98292 -9.80918 -6.98292 2.1781 0.44497
2.19 -6.98629 -9.80921 -6.98629 2.18814 0.445975
2.2 -6.98965 -9.80922 -6.98965 2.19815 0.446981
2.21 -6.993 -9.80921 -6.993 2.20813 0.447986
2.22 -6.99633 -9.80919 -6.99633 2.21809 0.448993
2.23 -6.99967 -9.80918 -6.99967 2.22805 0.450002
2.24 -7.00335 -9.80861 -7.00335 2.23729 0.450865
2.25 -7.00718 -9.8085 -7.00718 2.24678 0.451768
2.26 -7.01123 -9.80876 -7.01123 2.25671 0.452728
2.27 -7.01547 -9.80901 -7.01547 2.26712 0.453735
2.28 -7.01979 -9.80903 -7.01979 2.27782 0.454768
2.29 -7.02409 -9.809 -7.02409 2.28847 0.455798
2.3 -7.02826 -9.80913 -7.02826 2.29878 0.456802
2.31 -7.03226 -9.80934 -7.03226 2.30866 0.457771
2.32 -7.03612 -9.80938 -7.03612 2.31822 0.458707
2.33 -7.0399 -9.80913 -7.0399 2.3277 0.459629
2.34 -7.04372 -9.8088 -7.04372 2.33728 0.460563
2.35 -7.04765 -9.80868 -7.04765 2.34709 0.461527
2.36 -7.05171 -9.80883 -7.05171 2.35718 0.462528
2.37 -7.05586 -9.80904 -7.05586 2.36749 0.463557
2.38 -7.06004 -9.80912 -7.06004 2.37791 0.464597
2.39 -7.06417 -9.8091 -7.06417 2.38826 0.465629
2.4 -7.06821 -9.80911 -7.06821 2.39838 0.466642
2.41 -7.07215 -9.80917 -7.07215 2.40823 0.467634
2.42 -7.07601 -9.80919 -7.07601 2.41793 0.46861
2.43 -7.07984 -9.80909 -7.07984 2.4276 0.469584
2.44 -7.08371 -9.80892 -7.08371 2.43737 0.47057
2.45 -7.08765 -9.80884 -7.08765 2.44731 0.471577
2.46 -7.09165 -9.80891 -7.09165 2.45741 0.472608
2.47 -7.09571 -9.80905 -7.09571 2.46763 0.473655
2.48 -7.09976 -9.80913 -7.09976 2.47788 0.474706
2.49 -7.10377 -9.80912 -7.10377 2.48805 0.475751
2.5 -7.10773 -9.8091 -7.10773 2.49809 0.476784
2.51 -7.11161 -9.80911 -7.11161 2.50798 0.477805
2.52 -7.11546 -9.80912 -7.11546 2.51778 0.478819
2.53 -7.1193 -9.80907 -7.1193 2.52757 0.479835
2.54 -7.12316 -9.80899 -7.12316 2.53745 0.480861
2.55 -7.12706 -9.80895 -7.12706 2.54744 0.481901
2.56 -7.13099 -9.80898 -7.13099 2.55752 0.482956
2.57 -7.13495 -9.80906 -7.13495 2.56766 0.484021
2.58 -7.1389 -9.80912 -7.1389 2.5778 0.485089
2.59 -7.14281 -9.80912 -7.14281 2.5879 0.486152
2.6 -7.14669 -9.8091 -7.14669 2.5979 0.487209
2.61 -7.15053 -9.8091 -7.15053 2.60782 0.488259
2.62 -7.15434 -9.80909 -7.15434 2.6177 0.489307
2.63 -7.15815 -9.80908 -7.15815 2.62757 0.490358
2.64 -7.16197 -9.80904 -7.16197 2.6375 0.491416
2.65 -7.16581 -9.80902 -7.16581 2.6475 0.492484
2.66 -7.16966 -9.80903 -7.16966 2.65756 0.493561
2.67 -7.17353 -9.80907 -7.17353 2.66765 0.494646
2.68 -7.17739 -9.80911 -7.17739 2.67773 0.495732
2.69 -7.18122 -9.80912 -7.18122 2.68778 0.496816
2.7 -7.18503 -9.80911 -7.18503 2.69778 0.497897
2.71 -7.18881 -9.8091 -7.18881 2.70773 0.498974
2.72 -7.19259 -9.80907 -7.19259 2.71761 0.500043
2.73 -7.19669 -9.80852 -7.19669 2.7266 0.500948
2.74 -7.20096 -9.80838 -7.20096 2.73589 0.501893
2.75 -7.20549 -9.80857 -7.20549 2.7457 0.502901
2.76 -7.21027 -9.80874 -7.21027 2.75607 0.503968
2.77 -7.2152 -9.80875 -7.2152 2.76684 0.505076
2.78 -7.22017 -9.80877 -7.22017 2.7777 0.506195
2.79 -7.22503 -9.80899 -7.22503 2.78832 0.507297
2.8 -7.22971 -9.80928 -7.22971 2.79853 0.508361
2.81 -7.23417 -9.80936 -7.23417 2.80833 0.50938
2.82 -7.23846 -9.80914 -7.23846 2.81783 0.510365
2.83 -7.24268 -9.80883 -7.24268 2.82719 0.511338
2.84 -7.24694 -9.80869 -7.24694 2.83664 0.512323
2.85 -7.25131 -9.80872 -7.25131 2.84632 0.513339
2.86 -7.25583 -9.80879 -7.25583 2.85635 0.514393
2.87 -7.26047 -9.80879 -7.26047 2.86667 0.515481
2.88 -7.26517 -9.80879 -7.26517 2.87716 0.516588
2.89 -7.26986 -9.80891 -7.26986 2.88762 0.517697
2.9 -7.27446 -9.80909 -7.27446 2.89791 0.51879
2.91 -7.27894 -9.80919 -7.27894 2.90796 0.51986
2.92 -7.2833 -9.80912 -7.2833 2.91778 0.520904
2.93 -7.28758 -9.80897 -7.28758 2.92744 0.521933
2.94 -7.29183 -9.80887 -7.29183 2.93706 0.522961
2.95 -7.29612 -9.80885 -7.29612 2.94676 0.524
2.96 -7.30047 -9.80886 -7.30047 2.95664 0.525061
2.97 -7.3049 -9.80885 -7.3049 2.96671 0.526145
2.98 -7.30938 -9.80884 -7.30938 2.97694 0.527247
2.99 -7.31388 -9.80889 -7.31388 2.98722 0.52836
3 -7.31836 -9.809 -7.31836 2.99747 0.529471
3.01 -7.32278 -9.80909 -7.32278 3.0076 0.530572
3.02 -7.32713 -9.80909 -7.32713 3.0176 0.531659
3.03 -7.3314 -9.80902 -7.3314 3.02747 0.532733
3.04 -7.33563 -9.80897 -7.33563 3.03725 0.5338
3.05 -7.33985 -9.80895 -7.33985 3.04703 0.534869
3.06 -7.34408 -9.80894 -7.34408 3.05687 0.535948
3.07 -7.34836 -9.80891 -7.34836 3.06682 0.53704
3.08 -7.35267 -9.8089 -7.35267 3.07689 0.538146
3.09 -7.357 -9.80892 -7.357 3.08703 0.539264
3.1 -7.36134 -9.80897 -7.36134 3.09719 0.540387
3.11 -7.36565 -9.80903 -7.36565 3.10733 0.541508
3.12 -7.36993 -9.80905 -7.36993 3.1174 0.542624
3.13 -7.37415 -9.80904 -7.37415 3.12738 0.543732
3.14 -7.37834 -9.80902 -7.37834 3.13729 0.544833
3.15 -7.38249 -9.809 -7.38249 3.14716 0.545932
3.16 -7.38664 -9.80899 -7.38664 3.15703 0.547033
3.17 -7.3908 -9.80897 -7.3908 3.16695 0.548141
3.18 -7.39498 -9.80895 -7.39498 3.17693 0.549257
3.19 -7.39928 -9.80877 -7.39928 3.18658 0.550314
3.2 -7.40387 -9.80838 -7.40387 3.19558 0.551253
3.21 -7.40865 -9.80837 -7.40865 3.20495 0.552237
3.22 -7.41369 -9.80853 -7.41369 3.21485 0.553279
3.23 -7.41898 -9.80859 -7.41898 3.22525 0.554377
3.24 -7.42442 -9.80854 -7.42442 3.23601 0.555513
3.25 -7.42991 -9.80862 -7.42991 3.24686 0.556663
3.26 -7.43532 -9.8089 -7.43532 3.25756 0.557801
3.27 -7.44055 -9.80917 -7.44055 3.26795 0.558908
3.28 -7.44556 -9.80921 -7.44556 3.27795 0.559974
3.29 -7.45038 -9.80903 -7.45038 3.2876 0.561002
3.3 -7.45507 -9.80884 -7.45507 3.29702 0.562008
3.31 -7.45972 -9.80877 -7.45972 3.30638 0.563009
3.32 -7.46442 -9.80877 -7.46442 3.31586 0.564026
3.33 -7.46924 -9.8087 -7.46924 3.32559 0.565072
3.34 -7.47418 -9.8086 -7.47418 3.33562 0.566151
3.35 -7.47925 -9.80858 -7.47925 3.3459 0.567261
3.36 -7.48437 -9.80871 -7.48437 3.35634 0.56839
3.37 -7.4895 -9.8089 -7.4895 3.3668 0.569525
3.38 -7.49456 -9.809 -7.49456 3.37716 0.57065
3.39 -7.49952 -9.80898 -7.49952 3.38733 0.571756
3.4 -7.50435 -9.80895 -7.50435 3.39729 0.57284
3.41 -7.50908 -9.80895 -7.50908 3.40705 0.573905
3.42 -7.51374 -9.80895 -7.51374 3.41671 0.57496
3.43 -7.51839 -9.80889 -7.51839 3.42636 0.576016
3.44 -7.52306 -9.80878 -7.52306 3.43609 0.577082
3.45 -7.52779 -9.80872 -7.52779 3.44597 0.578166
3.46 -7.53258 -9.80874 -7.53258 3.45601 0.579271
3.47 -7.53743 -9.80881 -7.53743 3.46618 0.580392
3.48 -7.5423 -9.80887 -7.5423 3.47643 0.581524
3.49 -7.54715 -9.80889 -7.54715 3.48668 0.582657
3.5 -7.55196 -9.80891 -7.55196 3.49687 0.583786
3.51 -7.55671 -9.80895 -7.55671 3.50695 0.584904
3.52 -7.56139 -9.80899 -7.56139 3.5169 0.58601
3.53 -7.566 -9.80898 -7.566 3.52676 0.587107
3.54 -7.57058 -9.80892 -7.57058 3.53657 0.588199
3.55 -7.57514 -9.80887 -7.57514 3.54638 0.589293
3.56 -7.57972 -9.80885 -7.57972 3.55623 0.590394
3.57 -7.58432 -9.80886 -7.58432 3.56617 0.591506
3.58 -7.58895 -9.80887 -7.58895 3.5762 0.59263
3.59 -7.5936 -9.80887 -7.5936 3.5863 0.593764
3.6 -7.59825 -9.80888 -7.59825 3.59644 0.594904
3.61 -7.6029 -9.80892 -7.6029 3.60658 0.596045
3.62 -7.60751 -9.80896 -7.60751 3.61668 0.597184
3.63 -7.61208 -9.80898 -7.61208 3.62672 0.598317
3.64 -7.61661 -9.80897 -7.61661 3.63669 0.599445
3.65 -7.62126 -9.8087 -7.62126 3.64592 0.600452
3.66 -7.62611 -9.80836 -7.62611 3.65459 0.601361
3.67 -7.63118 -9.80833 -7.63118 3.66364 0.602315
3.68 -7.63655 -9.80838 -7.63655 3.67327 0.603331
3.69 -7.64224 -9.80833 -7.64224 3.6835 0.604411
3.7 -7.64818 -9.80826 -7.64818 3.69421 0.605546
3.71 -7.65426 -9.80838 -7.65426 3.70521 0.606713
3.72 -7.66035 -9.8087 -7.66035 3.71623 0.607886
3.73 -7.6663 -9.80899 -7.6663 3.72706 0.60904
3.74 -7.67204 -9.80908 -7.67204 3.73754 0.610157
3.75 -7.67752 -9.809 -7.67752 3.74758 0.611231
3.76 -7.68277 -9.80893 -7.68277 3.75723 0.612262
3.77 -7.68785 -9.80892 -7.68785 3.76658 0.613265
3.78 -7.69285 -9.80888 -7.69285 3.77582 0.614257
3.79 -7.69787 -9.80872 -7.69787 3.78511 0.615256
3.8 -7.70298 -9.80854 -7.70298 3.79461 0.616279
3.81 -7.70823 -9.80845 -7.70823 3.8044 0.617335
3.82 -7.71363 -9.80852 -7.71363 3.8145 0.618426
3.83 -7.71915 -9.80863 -7.71915 3.82486 0.619547
3.84 -7.72474 -9.80869 -7.72474 3.83537 0.620686
3.85 -7.73032 -9.80873 -7.73032 3.8459 0.621831
3.86 -7.73583 -9.8088 -7.73583 3.85635 0.622967
3.87 -7.74124 -9.80891 -7.74124 3.86662 0.624085
3.88 -7.74651 -9.80898 -7.74651 3.87666 0.625181
3.89 -7.75165 -9.80895 -7.75165 3.88649 0.626255
3.9 -7.75669 -9.80887 -7.75669 3.89617 0.627314
3.91 -7.76168 -9.8088 -7.76168 3.90577 0.628366
3.92 -7.76667 -9.80877 -7.76667 3.91539 0.629422
3.93 -7.77169 -9.80875 -7.77169 3.92511 0.63049
3.94 -7.77677 -9.80871 -7.77677 3.93498 0.631575
3.95 -7.78191 -9.80868 -7.78191 3.945 0.63268
3.96 -7.78711 -9.80869 -7.78711 3.95517 0.633802
3.97 -7.79234 -9.80876 -7.79234 3.96542 0.634935
3.98 -7.79756 -9.80883 -7.79756 3.9757 0.636073
3.99 -7.80275 -9.80887 -7.80275 3.98595 0.637208
4 -7.80788 -9.80888 -7.80788 3.9961 0.638336
4.01 -7.81294 -9.8089 -7.81294 4.00615 0.639452
4.02 -7.81792 -9.80891 -7.81792 4.01608 0.640557
4.03 -7.82285 -9.80891 -7.82285 4.02593 0.641654
4.04 -7.82773 -9.80888 -7.82773 4.03572 0.642747
4.05 -7.8326 -9.80884 -7.8326 4.04552 0.643841
4.06 -7.83748 -9.80881 -7.83748 4.05536 0.644941
4.07 -7.84237 -9.80881 -7.84237 4.06527 0.64605
4.08 -7.84729 -9.80882 -7.84729 4.07526 0.64717
4.09 -7.85224 -9.80882 -7.85224 4.08533 0.6483
4.1 -7.8572 -9.80883 -7.8572 4.09545 0.649438
4.11 -7.8623 -9.80861 -7.8623 4.10477 0.650446
4.12 -7.8676 -9.80833 -7.8676 4.11341 0.65134
4.13 -7.87311 -9.80831 -7.87311 4.1224 0.652271
4.14 -7.87891 -9.80834 -7.87891 4.13188 0.653256
4.15 -7.88501 -9.80826 -7.88501 4.1419 0.654298
4.16 -7.89137 -9.80815 -7.89137 4.15241 0.655392
4.17 -7.89793 -9.80822 -7.89793 4.16325 0.656524
4.18 -7.90455 -9.80849 -7.90455 4.17426 0.657675
4.19 -7.91114 -9.80874 -7.91114 4.18524 0.658824
4.2 -7.91758 -9.80884 -7.91758 4.19601 0.659955
4.21 -7.92381 -9.80883 -7.92381 4.20647 0.661054
4.22 -7.92979 -9.80885 -7.92979 4.21656 0.662116
4.23 -7.93555 -9.80892 -7.93555 4.2263 0.663142
4.24 -7.94114 -9.80894 -7.94114 4.23577 0.664142
4.25 -7.94661 -9.80882 -7.94661 4.24508 0.665127
4.26 -7.95205 -9.80864 -7.95205 4.25436 0.666111
4.27 -7.95754 -9.80854 -7.95754 4.26376 0.667108
4.28 -7.96312 -9.80853 -7.96312 4.27335 0.668126
4.29 -7.96883 -9.80854 -7.96883 4.28319 0.669173
4.3 -7.97466 -9.80852 -7.97466 4.29328 0.670248
4.31 -7.98059 -9.8085 -7.98059 4.30357 0.671347
4.32 -7.98657 -9.80855 -7.98657 4.31401 0.672463
4.33 -7.99257 -9.80867 -7.99257 4.3245 0.673585
4.34 -7.99851 -9.80877 -7.99851 4.33494 0.674704
4.35 -8.00437 -9.80881 -8.00437 4.34527 0.675813
4.36 -8.01012 -9.80881 -8.01012 4.35544 0.676907
4.37 -8.01575 -9.80882 -8.01575 4.36543 0.677983
4.38 -8.02127 -9.80885 -8.02127 4.37527 0.679043
4.39 -8.02671 -9.80885 -8.02671 4.38499 0.680092
4.4 -8.0321 -9.80879 -8.0321 4.39465 0.681137
4.41 -8.03747 -9.80873 -8.03747 4.40431 0.682183
4.42 -8.04285 -9.80869 -8.04285 4.41404 0.683237
4.43 -8.04828 -9.80869 -8.04828 4.42386 0.684304
4.44 -8.05374 -9.8087 -8.05374 4.43381 0.685385
4.45 -8.05926 -9.80869 -8.05926 4.44387 0.68648
4.46 -8.0648 -9.80869 -8.0648 4.45403 0.687587
4.47 -8.07036 -9.80872 -8.07036 4.46424 0.688702
4.48 -8.0759 -9.80877 -8.0759 4.47447 0.689819
4.49 -8.08141 -9.80882 -8.08141 4.48468 0.690935
4.5 -8.08687 -9.80884 -8.08687 4.49482 0.692046
4.51 -8.09227 -9.80884 -8.09227 4.50489 0.69315
4.52 -8.0976 -9.80885 -8.0976 4.51487 0.694246
4.53 -8.10288 -9.80886 -8.10288 4.52479 0.695335
4.54 -8.10811 -9.80886 -8.10811 4.53464 0.69642
4.55 -8.11332 -9.80884 -8.11332 4.54448 0.697504
4.56 -8.11851 -9.80881 -8.11851 4.55432 0.698589
4.57 -8.1237 -9.8088 -8.1237 4.5642 0.699679
4.58 -8.12909 -9.80851 -8.12909 4.5728 0.700571
4.59 -8.13468 -9.80827 -8.13468 4.58107 0.701401
4.6 -8.14053 -9.80824 -8.14053 4.58978 0.702275
4.61 -8.14674 -9.8082 -8.14674 4.59905 0.703207
4.62 -8.15333 -9.80807 -8.15333 4.60892 0.704201
4.63 -8.16027 -9.80797 -8.16027 4.61935 0.705253
4.64 -8.16747 -9.80806 -8.16747 4.63023 0.706352
4.65 -8.17482 -9.8083 -8.17482 4.6414 0.707482
4.66 -8.18221 -9.80851 -8.18221 4.65267 0.708624
4.67 -8.1895 -9.8086 -8.1895 4.66384 0.709759
4.68 -8.19662 -9.80865 -8.19662 4.67478 0.710872
4.69 -8.20348 -9.80876 -8.20348 4.68537 0.711953
4.7 -8.21007 -9.8089 -8.21007 4.69559 0.712995
4.71 -8.21639 -9.80895 -8.21639 4.70541 0.714001
4.72 -8.22248 -9.80887 -8.22248 4.71492 0.714975
4.73 -8.22841 -9.80875 -8.22841 4.72419 0.715928
4.74 -8.23425 -9.80868 -8.23425 4.73336 0.716872
4.75 -8.24007 -9.80865 -8.24007 4.74254 0.717818
4.76 -8.24594 -9.8086 -8.24594 4.75184 0.718778
4.77 -8.25192 -9.8085 -8.25192 4.76134 0.719759
4.78 -8.25803 -9.80842 -8.25803 4.77108 0.720768
4.79 -8.26427 -9.80842 -8.26427 4.78108 0.721805
4.8 -8.27063 -9.80848 -8.27063 4.79131 0.722866
4.81 -8.27707 -9.80853 -8.27707 4.80172 0.723948
4.82 -8.28355 -9.80856 -8.28355 4.81223 0.725042
4.83 -8.29001 -9.8086 -8.29001 4.82276 0.726141
4.84 -8.29642 -9.80867 -8.29642 4.83325 0.727236
4.85 -8.30273 -9.80876 -8.30273 4.84363 0.728321
4.86 -8.30893 -9.80881 -8.30893 4.85385 0.729392
4.87 -8.31501 -9.80881 -8.31501 4.86391 0.730448
4.88 -8.32096 -9.8088 -8.32096 4.87381 0.731488
4.89 -8.32682 -9.8088 -8.32682 4.88358 0.732516
4.9 -8.3326 -9.8088 -8.3326 4.89326 0.733537
4.91 -8.33833 -9.80877 -8.33833 4.9029 0.734554
4.92 -8.34405 -9.80873 -8.34405 4.91255 0.735574
4.93 -8.34977 -9.80869 -8.34977 4.92226 0.736601
4.94 -8.35553 -9.80868 -8.35553 4.93205 0.737638
4.95 -8.36132 -9.80868 -8.36132 4.94194 0.738688
4.96 -8.36715 -9.80869 -8.36715 4.95195 0.739751
4.97 -8.37302 -9.80869 -8.37302 4.96205 0.740825
4.98 -8.3789 -9.8087 -8.3789 4.97222 0.741909
4.99 -8.38479 -9.80873 -8.38479 4.98243 0.742998
5 -8.39065 -9.80877 -8.39065 4.99266 0.744089
5.01 -8.39649 -9.8088 -8.39649 5.00287 0.74518
