9.05999 0.011117
15.3458 0.01883
20.7711 0.025487
3.41928 0.0041956
-13.95 -0.017468
-19.1126 -0.023907
-1.6723 -0.0021548
2.85607 0.0034017
11.6734 0.014221
21.1385 0.025835
10.1902 0.012401
2.46097 0.0029169
-7.83009 -0.0099185
-19.1924 -0.02409
-8.96821 -0.011338
1.45946 0.0014572
14.8443 0.017881
21.0381 0.025481
-0.966879 -0.0019644
-9.52788 -0.012642
-18.7964 -0.024202
-8.16807 -0.010946
-0.806605 -0.0017645
4.73786 0.0050388
12.8021 0.014934
22.1359 0.026387
33.5592 0.041101
39.8764 0.054884
33.5107 0.046459
23.5861 0.033324
10.9581 0.016611
-7.40751 -0.0062953
-12.4408 -0.012573
-22.3956 -0.024989
-30.9592 -0.036916
-37.8802 -0.052028
-22.912 -0.032152
-14.8383 -0.021431
5.22812 0.0051266
7.11314 0.0076214
8.93983 0.010039
26.6869 0.033527
36.3466 0.046913
40.3794 0.055983
23.5605 0.033606
13.2911 0.019943
1.22417 0.0038884
-11.6101 -0.013154
-32.3047 -0.040634
-38.4363 -0.053265
-19.9833 -0.028608
1.46633 -7.0074e-05
7.53053 0.0079981
19.294 0.023649
35.1855 0.044792
40.4132 0.05606
30.9863 0.043518
18.6755 0.027126
-1.23581 0.00052078
-22.1148 -0.027378
-36.8988 -0.049735
-24.0505 -0.032567
-1.0245 -0.0017994
1.08535 0.0010087
29.4548 0.038767
41.0193 0.057381
55.2604 0.088495
72.5959 0.12637
68.6813 0.11991
68.0813 0.11892
51.3615 0.091329
18.1213 0.036476
-11.1032 -0.0042054
-13.1011 -0.0068751
-14.8562 -0.0092202
-29.2431 -0.030871
-37.8661 -0.051876
-51.2636 -0.0818
-70.8855 -0.12545
-66.0733 -0.11738
-63.1872 -0.11254
-37.5543 -0.069554
3.95396 -0.0010571
35.9096 0.051676
58.1372 0.088356
64.9497 0.10392
74.1384 0.12974
41.4735 0.075459
16.3982 0.03379
-10.0969 -0.010642
-11.6622 -0.013267
-25.3517 -0.036224
-50.3154 -0.078088
-61.9025 -0.09861
-73.0163 -0.13019
-47.3709 -0.086757
-15.5032 -0.032786
1.28269 -0.004892
3.47646 -0.0012465
6.73676 0.0041713
8.6903 0.0074176
10.8563 0.011017
38.018 0.056153
51.3515 0.07831
66.1528 0.10618
71.7929 0.12282
76.9853 0.13596
53.1521 0.09586
-4.75778 -0.002216
-35.2597 -0.053874
-54.782 -0.086937
-63.7927 -0.10245
-73.8029 -0.13194
-43.4456 -0.080344
-20.6869 -0.041663
1.18055 -0.0048705
5.76973 0.0028509
33.9186 0.050212
56.6197 0.088407
65.816 0.10388
78.9901 0.14034
95.9893 0.17748
106.484 0.20041
95.3296 0.1796
88.6238 0.16709
68.4581 0.12947
42.3184 0.080705
23.978 0.04649
-6.74626 -0.0057295
-41.4502 -0.064713
-59.4713 -0.095342
-88.7812 -0.16526
-102.838 -0.19653
-92.0081 -0.17606
-89.6432 -0.17159
-25.2249 -0.04983
1.74143 0.00047709
38.9856 0.069958
70.0177 0.12785
91.2072 0.16738
109.565 0.20714
70.4645 0.13355
54.461 0.10343
27.044 0.051829
2.17518 0.0050238
-5.82409 -0.010096
-9.34922 -0.016759
-31.0899 -0.057852
-93.7348 -0.17626
-106.007 -0.20358
-45.6673 -0.088448
19.8155 0.034796
98.8098 0.18347
111.368 0.21108
14.4653 0.02778
-11.525 -0.021811
-17.9912 -0.034149
-78.8704 -0.15031
-107.895 -0.20778
-66.5873 -0.12853
-45.2365 -0.087568
-3.50764 -0.0075103
-3.14393 -0.0068125
-3.1078 -0.0067432
-3.04239 -0.0066177
0.478751 4.2835e-05
0.449263 -1.2944e-05
0.470752 2.7705e-05
0.601381 0.0002748
0.617542 0.00030537
0.545396 0.0001689
0.619302 0.0003087
0.462237 1.1598e-05
70.2759 0.13207
70.3287 0.13217
70.445 0.13239
70.445 0.13239
74.1139 0.13933
93.7905 0.17655
114.503 0.21793
130.894 0.25374
139.014 0.27148
118.569 0.23011
99.9288 0.19239
81.5502 0.1552
65.8797 0.12349
45.5229 0.082297
27.6108 0.046051
16.05 0.022657
-12.1608 -0.031466
-30.5635 -0.066772
-46.5076 -0.097361
-62.264 -0.12759
-68.2738 -0.13912
-89.608 -0.18005
-110.291 -0.21311
-121.359 -0.23773
-138.71 -0.27633
-114.14 -0.22544
-95.885 -0.18763
-76.7899 -0.14808
-60.4419 -0.11422
-40.286 -0.072473
-28.5305 -0.048125
-14.1529 -0.018346
-0.616506 0.0096906
3.66281 0.01835
15.4401 0.042182
32.8561 0.077424
51.1931 0.11453
67.9261 0.14839
81.8274 0.17652
101.886 0.21711
114.295 0.24222
133.66 0.27013
109.39 0.22837
91.0274 0.19288
74.0039 0.15914
55.81 0.12245
41.0052 0.092958
18.919 0.048721
3.10129 0.016946
-22.8439 -0.037158
-29.4296 -0.051087
-45.1712 -0.083824
-65.7437 -0.12597
-79.5182 -0.15425
-93.5287 -0.18358
-107.323 -0.21193
-122.372 -0.24284
-136.763 -0.27267
-108.273 -0.213
-89.5944 -0.17453
-78.8824 -0.15223
-62.4223 -0.11877
-40.7619 -0.07302
-29.7649 -0.050211
-16.0546 -0.022921
2.18737 0.014687
8.61422 0.027655
23.5951 0.058124
33.1808 0.076993
51.8754 0.11521
69.1878 0.15051
86.649 0.18569
105.96 0.22416
115.64 0.24428
135.725 0.2707
99.2007 0.20668
82.2934 0.17425
67.048 0.14424
50.6161 0.11133
32.6385 0.075445
20.1579 0.050453
4.83019 0.019682
-19.3573 -0.030386
-37.077 -0.067063
-51.0933 -0.096058
-67.5054 -0.13003
-83.3056 -0.16275
-98.7846 -0.19481
-112.047 -0.22228
-121.848 -0.24258
-135.763 -0.2714
-104.506 -0.20666
-86.2605 -0.16887
-69.8015 -0.13478
-62.6462 -0.11996
-40.7788 -0.074668
-32.8578 -0.058262
-15.5944 -0.022506
-4.11168 0.001277
-4.09541 0.0013107
18.1617 0.046349
45.1691 0.101
66.3152 0.14379
92.2794 0.19633
110.302 0.2328
141.947 0.27789
157.414 0.31987
164.445 0.36135
134.146 0.29492
113.977 0.2507
95.2859 0.20972
75.9425 0.16731
55.4497 0.12238
30.9455 0.068655
15.2227 0.034183
-14.8014 -0.028003
-33.2709 -0.066257
-63.6797 -0.12924
-80.8726 -0.16485
-101.3 -0.20716
-123.655 -0.25346
-147.642 -0.2962
-154.965 -0.32333
-161.362 -0.36181
-135.581 -0.3042
-115.6 -0.25955
-91.4838 -0.20566
-72.8092 -0.16393
-46.6702 -0.10552
-25.2004 -0.057544
-12.3233 -0.028769
9.76399 0.019657
13.3367 0.02749
26.0611 0.055388
50.7555 0.10953
68.0464 0.14744
93.0136 0.20218
111.18 0.24201
130.916 0.28528
149.306 0.3256
164.687 0.36278
131.867 0.29074
116.486 0.25698
92.9189 0.20525
70.9004 0.15692
47.1233 0.10473
26.5131 0.059491
11.0477 0.025545
-9.22089 -0.019747
-31.5449 -0.069632
-52.0847 -0.11553
-68.8485 -0.15299
-93.7345 -0.2086
-106.815 -0.23783
-125.257 -0.27904
-150.984 -0.33653
-161.5 -0.36264
-138.599 -0.31143
-108.564 -0.24427
-85.7557 -0.19327
-60.7251 -0.1373
-42.9121 -0.097469
-29.4979 -0.067474
-13.0292 -0.030649
2.05867 0.0024685
2.0727 0.0024993
26.2387 0.055543
49.1397 0.10581
68.1604 0.14756
89.3543 0.19408
104.188 0.22664
130.097 0.28351
149.246 0.32554
164.533 0.36221
130.063 0.28655
109.726 0.24191
91.4885 0.20188
73.8118 0.16308
48.709 0.10798
34.7931 0.077435
15.2184 0.034469
-9.40393 -0.020588
-35.9546 -0.079957
-63.7146 -0.14203
-70.6732 -0.15759
-84.8276 -0.18924
-111.625 -0.24916
-129.679 -0.28953
-145.801 -0.32558
-161.104 -0.36115
-126.19 -0.28308
-101.49 -0.22785
-91.7004 -0.20596
-75.301 -0.16929
-51.5405 -0.11616
-31.2397 -0.070766
-12.5148 -0.028896
8.01348 0.016163
8.16337 0.016492
40.4444 0.087348
68.6051 0.14916
100.473 0.21911
129.818 0.28352
162.351 0.35493
174.459 0.42043
185.251 0.4841
187.495 0.54402
153.447 0.46002
119.115 0.37532
96.9875 0.32073
68.2856 0.24992
40.5727 0.18155
-2.37168 0.077505
-35.8715 0.0025973
-54.4163 -0.03887
-83.5255 -0.10396
-113.847 -0.17176
-132.283 -0.23475
-144.309 -0.28739
-161.549 -0.36293
-172.619 -0.42952
-180.941 -0.47958
-183.785 -0.54721
-143.235 -0.4451
-110.544 -0.36278
-88.2381 -0.30661
-65.8049 -0.25012
-39.9325 -0.18497
-16.153 -0.12509
18.4988 -0.039601
46.0045 0.028258
52.6796 0.044726
68.4115 0.083538
100.531 0.16278
126.266 0.22627
142.075 0.30579
151.408 0.35474
168.42 0.44397
178.1 0.49474
187.574 0.55196
144.57 0.44541
117.79 0.37906
95.5188 0.32388
60.2028 0.23638
37.306 0.17965
10.5748 0.11342
-25.984 0.02136
-49.194 -0.037086
-75.1354 -0.10241
-104.681 -0.17681
-128.668 -0.2498
-136.246 -0.29069
-146.815 -0.34772
-159.207 -0.41459
-173.55 -0.49198
-183.731 -0.54692
-139.56 -0.43569
-115.034 -0.37393
-76.0008 -0.27564
-42.6586 -0.19168
-23.2196 -0.14273
-0.103702 -0.084521
15.4285 -0.046038
43.9835 0.024711
45.7352 0.029051
76.946 0.10638
105.001 0.17589
130.508 0.24948
139.594 0.29764
150.128 0.35348
160.59 0.40893
176.339 0.49241
185.712 0.54209
149.585 0.45258
118.366 0.37523
88.1595 0.30039
64.7258 0.24233
28.7843 0.15328
10.8236 0.10878
-21.7207 0.026829
-48.1037 -0.039607
-82.4558 -0.12611
-115.595 -0.20956
-126.269 -0.23891
-135.895 -0.29051
-147.137 -0.35077
-161.374 -0.42708
-173.646 -0.49286
-183.259 -0.54439
-138.091 -0.43065
-113.124 -0.36778
-86.4492 -0.30061
-51.9872 -0.21383
-23.192 -0.14132
-7.39066 -0.10153
16.2484 -0.042961
39.8713 0.015568
39.3894 0.014374
87.3933 0.13331
126.2 0.22946
138.347 0.29147
154.266 0.37571
172.339 0.47134
187.654 0.55992
188.718 0.6666
189.422 0.7371
140.955 0.60642
106.612 0.51382
75.0087 0.42861
40.5093 0.33559
9.49985 0.25198
-25.5744 0.15509
-61.6929 0.054428
-87.1612 -0.016552
-120.233 -0.14414
-134.461 -0.23438
-145.668 -0.30546
-159.278 -0.39178
-174.721 -0.48972
-184.017 -0.57094
-184.99 -0.67042
-185.69 -0.74201
-139.642 -0.61525
-102.675 -0.51349
-64.6111 -0.40871
-19.4125 -0.28429
-4.20583 -0.24243
23.6785 -0.14849
53.8373 -0.043587
73.715 0.025555
73.4317 0.024791
98.3142 0.11112
120.183 0.21382
129.74 0.28605
141.589 0.3756
152.45 0.45768
165.721 0.55798
177.881 0.64988
189.486 0.7435
134.352 0.59447
108.899 0.52567
72.7996 0.42809
40.3216 0.3403
3.08602 0.23965
-22.2342 0.15195
-47.1152 0.063145
-71.9143 -0.025368
-100.619 -0.12782
-117.682 -0.21493
-128.301 -0.29723
-138.858 -0.37905
-154.259 -0.49841
-165.674 -0.58688
-179.876 -0.69695
-185.728 -0.74583
-128.061 -0.58685
-94.4135 -0.49409
-61.8474 -0.40431
-26.0856 -0.30572
-4.74608 -0.24689
22.5797 -0.15442
48.7297 -0.062482
73.2217 0.023627
73.2555 0.023746
101.486 0.123
120.927 0.22105
131.728 0.30336
144.875 0.40354
152.105 0.45864
167.927 0.57921
178.077 0.65656
186.002 0.71695
143.269 0.60144
115.582 0.5266
72.4306 0.40996
42.3794 0.32873
0.324241 0.21279
-24.6708 0.12765
-50.7473 0.036194
-68.8945 -0.027452
-103.066 -0.1473
-117.281 -0.22143
-132.878 -0.34093
-141.667 -0.40826
-149.75 -0.47019
-163.041 -0.57202
-173.654 -0.65333
-183.363 -0.72771
-139.809 -0.60764
-94.2865 -0.48214
-60.2259 -0.38824
-30.8301 -0.3072
-7.52815 -0.24296
18.8254 -0.15698
43.8607 -0.070238
66.2352 0.0072848
66.2341 0.0072819
111.706 0.16483
133.027 0.31758
145.668 0.41294
168.172 0.58271
186.222 0.71888
190.615 0.85664
191.529 0.94822
192.375 1.033
135.735 0.86462
102.967 0.76721
57.9961 0.63352
11.03 0.4939
-28.1659 0.33112
-56.1843 0.20181
-75.3645 0.11329
-108.726 -0.040681
-125.27 -0.18216
-138.616 -0.30659
-151.533 -0.42702
-171.135 -0.60978
-185.138 -0.74033
-186.736 -0.84893
-187.88 -0.96584
-189.046 -1.0851
-132.372 -0.91096
-92.9954 -0.78997
-49.9055 -0.65757
-7.44042 -0.52709
19.3039 -0.39252
42.5775 -0.25784
65.1702 -0.1271
88.7702 0.0094687
91.2956 0.024083
110.705 0.1364
125.75 0.28035
137.17 0.40936
149.749 0.55146
161.968 0.6895
174.192 0.82759
191.428 1.0223
192.941 1.0897
138.328 0.92483
92.0329 0.78507
49.7159 0.65732
5.481 0.52378
-22.3111 0.37083
-43.7777 0.23959
-68.4912 0.088499
-85.0427 -0.012692
-108.818 -0.15805
-122.759 -0.29715
-132.471 -0.4126
-145.75 -0.57044
-159.138 -0.72958
-168.462 -0.84042
-178.747 -0.96267
-188.802 -1.0822
-133.785 -0.91315
-89.3603 -0.77665
-44.8513 -0.63989
2.58669 -0.48659
21.3089 -0.37449
44.26 -0.23707
69.616 -0.08525
87.9772 0.024688
91.2362 0.044201
113.08 0.17499
125.999 0.31023
136.815 0.43617
147.542 0.56108
160.425 0.71109
171.374 0.83857
183.471 0.97943
192.589 1.0856
125.644 0.8835
85.3341 0.76181
30.6218 0.59664
-4.75492 0.47519
-24.072 0.35735
-54.9737 0.16884
-65.4551 0.1049
-92.0844 -0.057547
-114.397 -0.19925
-125.774 -0.33426
-134.057 -0.43255
-146.172 -0.57632
-159.288 -0.73196
-170.078 -0.86001
-180.227 -0.98044
-188.987 -1.0844
-125.596 -0.88962
-87.368 -0.77216
-41.5833 -0.63148
-1.69903 -0.50893
20.4217 -0.38129
44.4051 -0.23752
66.2548 -0.10654
84.1315 0.00062304
84.1647 0.00082182
116.152 0.19476
132.158 0.38131
147.019 0.5545
162.826 0.73873
178.173 0.91759
193.051 1.1007
194.768 1.2727
196.486 1.4449
137.197 1.2508
76.8075 1.0531
15.9448 0.85385
-18.385 0.66539
-42.2303 0.48866
-66.8838 0.30594
-85.6074 0.16717
-113.648 -0.042064
-126.171 -0.2153
-141.425 -0.42632
-154.77 -0.61093
-166.433 -0.77227
-180.949 -0.97308
-189.298 -1.1108
-191.069 -1.2919
-192.61 -1.4494
-121.787 -1.2129
-69.8304 -1.0394
-12.8129 -0.849
16.2805 -0.66661
37.4435 -0.48514
58.5353 -0.30428
77.6061 -0.14075
99.8546 0.050028
103.729 0.083249
118.207 0.20967
128.499 0.37208
140.312 0.55848
152.247 0.74681
164.359 0.93794
174.743 1.1018
187.506 1.3032
196.516 1.4479
130.912 1.233
69.3377 1.0313
14.7786 0.85258
-15.2093 0.671
-35.7042 0.49155
-57.4224 0.30139
-78.7408 0.11473
-100.487 -0.07568
-116.398 -0.22112
-128.581 -0.41747
-139.949 -0.60068
-151.466 -0.7863
-160.292 -0.92855
-171.377 -1.1072
-184.475 -1.3183
-192.455 -1.4469
-123.249 -1.2158
-54.253 -0.9854
-9.66619 -0.83651
18.1532 -0.64853
37.5781 -0.48192
56.8807 -0.31636
76.7476 -0.14596
95.4501 0.014453
95.2278 0.013725
123.321 0.29251
140.409 0.56225
159.415 0.86225
175.851 1.1217
192.132 1.3787
198.449 1.6416
201.259 1.9231
203.706 2.1683
123.87 1.8747
46.9428 1.5918
-9.98252 1.3052
-33.9563 1.0315
-57.9801 0.75723
-82.8999 0.47273
-103.232 0.24061
-122.868 -0.047045
-135.925 -0.30958
-147.672 -0.5458
-162.784 -0.84967
-176.124 -1.1179
-189.541 -1.3877
-194.576 -1.6504
-197.098 -1.9083
-199.658 -2.17
-115.29 -1.8537
-36.8166 -1.5595
9.94777 -1.2864
31.4153 -0.99491
49.6769 -0.74695
72.2374 -0.44062
89.127 -0.21129
106.774 0.028318
108.849 0.0565
125.631 0.31881
137.211 0.59314
148.779 0.86715
160.347 1.1412
171.914 1.4152
183.924 1.6997
193.228 1.9201
203.402 2.1611
115.245 1.8369
40.1671 1.5608
-10.4588 1.2685
-26.9227 1.0409
-49.7031 0.72598
-69.1466 0.45719
-84.817 0.24056
-106.662 -0.061432
-126.377 -0.40179
-138.493 -0.69414
-147.552 -0.91273
-158.645 -1.1804
-167.593 -1.3963
-180.403 -1.7054
-190.047 -1.9381
-199.55 -2.1674
-105.206 -1.8137
-27.5866 -1.5227
11.8265 -1.2588
32.1078 -0.9836
53.8732 -0.68826
71.4675 -0.44952
89.1885 -0.20906
108.726 0.05605
110.128 0.075066
131.019 0.44743
146.14 0.80542
161.387 1.1664
176.618 1.527
189.814 1.8394
204.347 2.2325
208.04 2.6025
210.876 2.8867
113.02 2.4961
17.2942 2.114
-16.6551 1.7708
-38.5182 1.4109
-61.9121 1.0258
-82.1508 0.69264
-105.017 0.31623
-125.006 -0.073401
-136.783 -0.40416
-150.369 -0.78572
-163.076 -1.1426
-175.246 -1.4844
-187.922 -1.8404
-200.096 -2.2148
-203.458 -2.5585
-206.655 -2.8853
-106.779 -2.479
-14.0806 -2.1019
17.5435 -1.724
38.0954 -1.3484
58.8793 -0.96856
77.9199 -0.62058
95.8886 -0.29219
114.299 0.044274
114.568 0.049181
131.187 0.41246
144.146 0.81482
154.471 1.1354
167.328 1.5346
178.862 1.8927
189.751 2.2308
199.813 2.5432
210.921 2.8912
112.984 2.5001
17.4005 2.1184
-15.7671 1.7547
-36.2388 1.3727
-56.062 1.0028
-73.3482 0.68024
-91.9753 0.33266
-118.103 -0.15489
-130.07 -0.45743
-140.567 -0.79021
-153.187 -1.1903
-162.982 -1.5008
-174.83 -1.8764
-184.899 -2.1956
-196.709 -2.57
-206.856 -2.9059
-101.051 -2.4746
-8.19814 -2.0961
16.622 -1.7575
39.2635 -1.3418
58.3408 -0.99154
76.9682 -0.64954
97.2971 -0.2763
113.117 0.014149
113.363 0.018674
134.193 0.49904
148.757 0.9531
163.171 1.4025
177.493 1.849
192.536 2.318
205.568 2.7243
176.539 3.2262
130.704 3.6164
2.56466 3.0699
-19.0682 2.6244
-40.0425 2.1464
-57.9935 1.7373
-79.7708 1.241
-97.5142 0.83663
-118.373 0.36127
-133.261 -0.1163
-145.036 -0.56261
-156.081 -0.98127
-167.916 -1.4299
-179.939 -1.8856
-191.264 -2.3149
-202.366 -2.7357
-172.624 -3.2287
-129.192 -3.6062
-7.22205 -3.0764
11.5337 -2.5702
22.6854 -2.1111
34.2257 -1.636
44.4641 -1.2145
54.8472 -0.78704
64.5303 -0.3884
74.3843 0.017278
74.3868 0.017381
83.5626 0.52104
90.2149 0.95784
96.731 1.3857
104.133 1.8717
110.221 2.2715
118.022 2.7837
124.539 3.2116
130.472 3.6012
3.3883 3.0592
-11.954 2.5478
-22.0954 2.1262
-33.2616 1.662
-44.1007 1.2114
-54.137 0.79417
-66.6077 0.27574
-76.8105 -0.14841
-82.88 -0.53364
-91.1799 -1.0843
-96.7794 -1.4558
-103.677 -1.9134
-110.975 -2.3976
-116.507 -2.7646
-123.882 -3.2539
-126.269 -3.6316
2.7821 -2.9668
12.2666 -2.5741
23.891 -2.0928
32.4843 -1.737
45.8717 -1.1827
54.7918 -0.81337
66.2148 -0.34041
74.6598 0.0092532
74.6367 0.0091543
85.9763 0.66372
94.0363 1.1958
101.045 1.6585
109.731 2.2319
118.172 2.7891
125.749 3.2893
104.426 3.8401
47.5493 4.3243
-8.8557 3.6699
-20.0526 3.1127
-30.4558 2.595
-42.1109 2.015
-52.8175 1.4822
-63.4426 0.95346
-75.803 0.33716
-81.5682 -0.11622
-88.5931 -0.66867
-95.2451 -1.1918
-102.005 -1.7234
-108.495 -2.2338
-114.99 -2.7446
-121.867 -3.2854
-102.396 -3.8391
-46.2386 -4.3272
3.41717 -3.6146
7.04918 -3.0824
10.7358 -2.5422
14.5486 -1.9835
18.7225 -1.3719
22.508 -0.81721
25.6624 -0.35499
28.9936 0.16905
29.3207 0.24229
31.5814 0.74855
33.697 1.2223
36.6621 1.8863
38.4158 2.279
41.1702 2.8958
43.2391 3.3591
45.6934 3.9087
47.5327 4.3206
-3.17384 3.629
-6.98936 3.0544
-10.5698 2.5152
-14.8535 1.8701
-17.5527 1.4636
-21.3203 0.89622
-24.5351 0.41209
-28.1522 -0.16516
-30.6129 -0.73142
-32.5505 -1.1773
-35.2561 -1.7999
-37.1929 -2.2456
-39.6986 -2.8222
-42.1051 -3.376
-44.5865 -3.947
-46.2326 -4.3258
3.01521 -3.6722
7.028 -3.0843
11.0039 -2.5018
14.4256 -2.0005
17.979 -1.4799
22.0489 -0.88364
25.2638 -0.41264
28.1057 0.0037271
28.106 0.0037632
31.5762 0.74795
34.433 1.3876
37.2633 2.0213
39.9288 2.6181
42.6042 3.2171
45.3148 3.824
46.75 4.4394
-45.815 -4.7309
-45.7937 -4.7308
-45.815 -4.7309
-45.815 -4.7312
-45.815 -4.7312
-45.7937 -4.7311
-45.815 -4.7312
-45.7937 -4.7311
-45.815 -4.7312
-45.815 -4.7315
-45.815 -4.7387
-45.815 -4.7417
-45.815 -4.7459
-45.815 -4.7629
-45.815 -4.8112
-45.815 -4.8417
-45.815 -4.8869
-45.815 -4.9099
-45.815 -4.9368
-45.815 -4.9603
-45.815 -4.9742
-45.815 -4.9798
-45.815 -4.9927
-45.815 -5.0049
-45.815 -5.0102
-44.8523 -5.0056
-41.399 -4.9891
-36.69 -4.9666
-36.7528 -4.9669
-36.7528 -4.9669
-36.7947 -4.9671
-32.6717 -4.9474
-28.2766 -4.9264
-21.8724 -4.8958
-15.7193 -4.8664
-12.6846 -4.8519
-12.0986 -4.8491
-12.1195 -4.8492
-12.1195 -4.8492
-12.0986 -4.8491
-12.1404 -4.8493
-12.266 -4.8499
-12.4962 -4.851
-12.4753 -4.8509
-12.4544 -4.8508
-12.4334 -4.8507
-12.4544 -4.8508
-12.4753 -4.8509
-12.4753 -4.8509
-12.4753 -4.8509
-12.4544 -4.8508
-12.4753 -4.8509
-12.4753 -4.8509
7.53477 -3.562
16.5854 -2.0854
26.9809 -0.38937
32.4775 0.88704
40.9074 2.9852
46.75 4.7064
9.8932 4.5367
-0.230228 4.4517
-17.8249 1.4369
-27.9874 -0.34931
-38.8112 -3.1791
-45.3698 -4.8938
7.74463 -3.3926
23.0678 -0.85131
28.4589 0.07844
