9.05999 0 -9.05999 0 0 9.05999 0
15.3458 0 -15.3458 0 0 15.3458 0
20.7711 0 -20.7711 0 0 20.7711 0
3.41928 0 -3.41928 0 0 3.41928 0
-13.95 0 13.95 0 0 -13.95 0
-19.1126 0 19.1126 0 0 -19.1126 0
-1.6723 0 1.6723 0 0 -1.6723 0
2.85607 0 -2.85607 0 0 2.85607 0
11.6734 0 -11.6734 0 0 11.6734 0
21.1385 0 -21.1385 0 0 21.1385 0
10.1902 0 -10.1902 0 0 10.1902 0
2.46097 0 -2.46097 0 0 2.46097 0
-7.83009 0 7.83009 0 0 -7.83009 0
-19.1924 0 19.1924 0 0 -19.1924 0
-8.96821 0 8.96821 0 0 -8.96821 0
1.45946 0 -1.45946 0 0 1.45946 0
14.8443 0 -14.8443 0 0 14.8443 0
21.0381 0 -21.0381 0 0 21.0381 0
-0.966879 0 0.966879 0 0 -0.966879 0
-9.52788 0 9.52788 0 0 -9.52788 0
-18.7964 0 18.7964 0 0 -18.7964 0
-8.16807 0 8.16807 0 0 -8.16807 0
-0.806605 0 0.806605 0 0 -0.806605 0
4.73786 0 -4.73786 0 0 4.73786 0
12.8021 0 -12.8021 0 0 12.8021 0
22.1359 0 -22.1359 0 0 22.1359 0
33.5592 0 -33.5592 0 0 33.5592 0
39.8764 0 -39.8764 0 0 39.8764 0
33.5107 0 -33.5107 0 0 33.5107 0
23.5861 0 -23.5861 0 0 23.5861 0
10.9581 0 -10.9581 0 0 10.9581 0
-7.40751 0 7.40751 0 0 -7.40751 0
-12.4408 0 12.4408 0 0 -12.4408 0
-22.3956 0 22.3956 0 0 -22.3956 0
-30.9592 0 30.9592 0 0 -30.9592 0
-37.8802 0 37.8802 0 0 -37.8802 0
-22.912 0 22.912 0 0 -22.912 0
-14.8383 0 14.8383 0 0 -14.8383 0
5.22812 0 -5.22812 0 0 5.22812 0
7.11314 0 -7.11314 0 0 7.11314 0
8.93983 0 -8.93983 0 0 8.93983 0
26.6869 0 -26.6869 0 0 26.6869 0
36.3466 0 -36.3466 0 0 36.3466 0
40.3794 0 -40.3794 0 0 40.3794 0
23.5605 0 -23.5605 0 0 23.5605 0
13.2911 0 -13.2911 0 0 13.2911 0
1.22417 0 -1.22417 0 0 1.22417 0
-11.6101 0 11.6101 0 0 -11.6101 0
-32.3047 0 32.3047 0 0 -32.3047 0
-38.4363 0 38.4363 0 0 -38.4363 0
-19.9833 0 19.9833 0 0 -19.9833 0
1.46633 0 -1.46633 0 0 1.46633 0
7.53053 0 -7.53053 0 0 7.53053 0
19.294 0 -19.294 0 0 19.294 0
35.1855 0 -35.1855 0 0 35.1855 0
40.4132 0 -40.4149 0 0 40.4149 0
30.9863 0 -30.9923 0 0 30.9923 0
18.6755 0 -18.6751 0 0 18.6751 0
-1.23581 0 1.23578 0 0 -1.23578 0
-22.1148 0 22.1148 0 0 -22.1148 0
-36.8988 0 36.8988 0 0 -36.8988 0
-24.0505 0 24.0505 0 0 -24.0505 0
-1.0245 0 1.0245 0 0 -1.0245 0
1.08535 0 -1.08535 0 0 1.08535 0
29.4548 0 -29.4548 0 0 29.4548 0
41.0193 0 -41.0193 0 0 41.0193 0
55.2604 0 -55.2604 0 0 55.2604 0
72.5959 0 -72.5959 0 0 72.5959 0
68.6813 0 -68.6813 0 0 68.6813 0
68.0813 0 -68.0813 0 0 68.0813 0
51.3615 0 -51.3615 0 0 51.3615 0
18.1213 0 -18.1213 0 0 18.1213 0
-11.1032 0 11.1032 0 0 -11.1032 0
-13.1011 0 13.1011 0 0 -13.1011 0
-14.8562 0 14.8562 0 0 -14.8562 0
-29.2431 0 29.2431 0 0 -29.2431 0
-37.8661 0 37.8661 0 0 -37.8661 0
-51.2636 0 51.2636 0 0 -51.2636 0
-70.8855 0 70.8855 0 0 -70.8855 0
-66.0733 0 66.0733 0 0 -66.0733 0
-63.1872 0 63.1872 0 0 -63.1872 0
-37.5543 0 37.5543 0 0 -37.5543 0
3.95396 0 -3.95396 0 0 3.95396 0
35.9096 0 -35.9096 0 0 35.9096 0
58.1372 0 -58.1372 0 0 58.1372 0
64.9497 0 -64.9497 0 0 64.9497 0
74.1384 0 -74.1384 0 0 74.1384 0
41.4735 0 -41.4735 0 0 41.4735 0
16.3982 0 -16.3982 0 0 16.3982 0
-10.0969 0 10.0969 0 0 -10.0969 0
-11.6622 0 11.6622 0 0 -11.6622 0
-25.3517 0 25.3517 0 0 -25.3517 0
-50.3154 0 50.3154 0 0 -50.3154 0
-61.9025 0 61.9025 0 0 -61.9025 0
-73.0163 0 73.0163 0 0 -73.0163 0
-47.3709 0 47.3709 0 0 -47.3709 0
-15.5032 0 15.5032 0 0 -15.5032 0
1.28269 0 -1.28269 0 0 1.28269 0
3.47646 0 -3.47646 0 0 3.47646 0
6.73676 0 -6.73676 0 0 6.73676 0
8.6903 0 -8.6903 0 0 8.6903 0
10.8563 0 -10.8563 0 0 10.8563 0
38.018 0 -38.018 0 0 38.018 0
51.3515 0 -51.3515 0 0 51.3515 0
66.1528 0 -66.1528 0 0 66.1528 0
71.7929 0 -71.7929 0 0 71.7929 0
76.9853 0 -76.9853 0 0 76.9853 0
53.1521 0 -53.1521 0 0 53.1521 0
-4.75778 0 4.75778 0 0 -4.75778 0
-35.2597 0 35.2597 0 0 -35.2597 0
-54.782 0 54.782 0 0 -54.782 0
-63.7927 0 63.7927 0 0 -63.7927 0
-73.8029 0 73.8029 0 0 -73.8029 0
-43.4456 0 43.4456 0 0 -43.4456 0
-20.6869 0 20.6869 0 0 -20.6869 0
1.18055 0 -1.18055 0 0 1.18055 0
5.76973 0 -5.76973 0 0 5.76973 0
33.9186 0 -33.9186 0 0 33.9186 0
56.6197 0 -56.6197 0 0 56.6197 0
65.816 0 -65.816 0 0 65.816 0
78.9901 0 -78.9901 0 0 78.9901 0
95.9893 0 -95.9893 0 0 95.9893 0
106.484 0 -106.484 0 0 106.484 0
95.3296 0 -95.3296 0 0 95.3296 0
88.6238 0 -88.6238 0 0 88.6238 0
68.4581 0 -68.4581 0 0 68.4581 0
42.3184 0 -42.3184 0 0 42.3184 0
23.978 0 -23.978 0 0 23.978 0
-6.74626 0 6.74626 0 0 -6.74626 0
-41.4502 0 41.4502 0 0 -41.4502 0
-59.4713 0 59.4713 0 0 -59.4713 0
-88.7812 0 88.7812 0 0 -88.7812 0
-102.838 0 102.838 0 0 -102.838 0
-92.0081 0 92.0081 0 0 -92.0081 0
-89.6432 0 89.6432 0 0 -89.6432 0
-25.2249 0 25.2249 0 0 -25.2249 0
1.74143 0 -1.74143 0 0 1.74143 0
38.9856 0 -38.9856 0 0 38.9856 0
70.0177 0 -70.0177 0 0 70.0177 0
91.2072 0 -91.2072 0 0 91.2072 0
109.565 0 -109.565 0 0 109.565 0
70.4645 0 -70.4645 0 0 70.4645 0
54.461 0 -54.461 0 0 54.461 0
27.044 0 -27.044 0 0 27.044 0
2.17518 0 -2.17518 0 0 2.17518 0
-5.82409 0 5.82409 0 0 -5.82409 0
-9.34922 0 9.34922 0 0 -9.34922 0
-31.0899 0 31.0899 0 0 -31.0899 0
-93.7348 0 93.7348 0 0 -93.7348 0
-106.007 0 106.007 0 0 -106.007 0
-45.6673 0 45.6673 0 0 -45.6673 0
19.8155 0 -19.8155 0 0 19.8155 0
98.8098 0 -98.8098 0 0 98.8098 0
111.368 0 -111.368 0 0 111.368 0
14.4653 0 -14.4653 0 0 14.4653 0
-11.525 0 11.525 0 0 -11.525 0
-17.9912 0 17.9912 0 0 -17.9912 0
-78.8704 0 78.8704 0 0 -78.8704 0
-107.895 0 107.895 0 0 -107.895 0
-66.5873 0 66.5873 0 0 -66.5873 0
-45.2365 0 45.2365 0 0 -45.2365 0
-3.50764 0 3.50764 0 0 -3.50764 0
-3.14393 0 3.14393 0 0 -3.14393 0
-3.1078 0 3.1078 0 0 -3.1078 0
-3.04239 0 3.04239 0 0 -3.04239 0
0.478751 0 -0.478751 0 0 0.478751 0
0.449263 0 -0.449263 0 0 0.449263 0
0.470752 0 -0.470752 0 0 0.470752 0
0.601381 0 -0.601381 0 0 0.601381 0
0.617542 0 -0.617542 0 0 0.617542 0
0.545396 0 -0.545396 0 0 0.545396 0
0.619302 0 -0.619302 0 0 0.619302 0
0.462237 0 -0.462237 0 0 0.462237 0
70.2759 0 -70.2759 0 0 70.2759 0
70.3287 0 -70.3287 0 0 70.3287 0
70.445 0 -70.445 0 0 70.445 0
70.445 0 -70.445 0 0 70.445 0
74.1139 0 -74.1139 0 0 74.1139 0
93.7905 0 -93.7905 0 0 93.7905 0
114.503 0 -114.503 0 0 114.503 0
130.894 0 -130.894 0 0 130.894 0
139.014 0 -139.014 0 0 139.014 0
118.569 0 -118.569 0 0 118.569 0
99.9288 0 -99.9288 0 0 99.9288 0
81.5502 0 -81.5502 0 0 81.5502 0
65.8797 0 -65.8797 0 0 65.8797 0
45.5229 0 -45.5229 0 0 45.5229 0
27.6108 0 -27.6108 0 0 27.6108 0
16.05 0 -16.05 0 0 16.05 0
-12.1608 0 12.1608 0 0 -12.1608 0
-30.5635 0 30.5635 0 0 -30.5635 0
-46.5076 0 46.5076 0 0 -46.5076 0
-62.264 0 62.264 0 0 -62.264 0
-68.2738 0 68.2738 0 0 -68.2738 0
-89.608 0 89.608 0 0 -89.608 0
-110.291 0 110.291 0 0 -110.291 0
-121.359 0 121.359 0 0 -121.359 0
-138.71 0 138.71 0 0 -138.71 0
-114.14 0 114.14 0 0 -114.14 0
-95.885 0 95.885 0 0 -95.885 0
-76.7899 0 76.7899 0 0 -76.7899 0
-60.4419 0 60.4419 0 0 -60.4419 0
-40.286 0 40.286 0 0 -40.286 0
-28.5305 0 28.5305 0 0 -28.5305 0
-14.1529 0 14.1529 0 0 -14.1529 0
-0.616506 0 0.616506 0 0 -0.616506 0
3.66281 0 -3.66281 0 0 3.66281 0
15.4401 0 -15.4401 0 0 15.4401 0
32.8561 0 -32.8561 0 0 32.8561 0
51.1931 0 -51.1931 0 0 51.1931 0
67.9261 0 -67.9261 0 0 67.9261 0
81.8274 0 -81.8274 0 0 81.8274 0
101.886 0 -101.886 0 0 101.886 0
114.295 0 -114.295 0 0 114.295 0
133.66 0 -127.347 0 0 127.347 0
109.39 0 -107.193 0 0 107.193 0
91.0274 0 -89.7639 0 0 89.7639 0
74.0039 0 -73.1368 0 0 73.1368 0
55.81 0 -55.0136 0 0 55.0136 0
41.0052 0 -40.4698 0 0 40.4698 0
18.919 0 -18.6387 0 0 18.6387 0
3.10129 0 -2.95138 0 0 2.95138 0
-22.8439 0 23.1935 0 0 -23.1935 0
-29.4296 0 29.9366 0 0 -29.9366 0
-45.1712 0 45.7507 0 0 -45.7507 0
-65.7437 0 66.0703 0 0 -66.0703 0
-79.5182 0 79.7086 0 0 -79.7086 0
-93.5287 0 93.8889 0 0 -93.8889 0
-107.323 0 107.563 0 0 -107.563 0
-122.372 0 122.47 0 0 -122.47 0
-136.763 0 136.874 0 0 -136.874 0
-108.273 0 108.023 0 0 -108.023 0
-89.5944 0 89.4631 0 0 -89.4631 0
-78.8824 0 78.6893 0 0 -78.6893 0
-62.4223 0 62.574 0 0 -62.574 0
-40.7619 0 40.4299 0 0 -40.4299 0
-29.7649 0 29.4155 0 0 -29.4155 0
-16.0546 0 16.3088 0 0 -16.3088 0
2.18737 0 -2.322 0 0 2.322 0
8.61422 0 -8.7281 0 0 8.7281 0
23.5951 0 -23.7954 0 0 23.7954 0
33.1808 0 -33.0854 0 0 33.0854 0
51.8754 0 -51.997 0 0 51.997 0
69.1878 0 -69.4592 0 0 69.4592 0
86.649 0 -86.8344 0 0 86.8344 0
105.96 0 -105.806 0 0 105.806 0
115.64 0 -115.783 0 0 115.783 0
135.725 0 -127.904 0 0 127.904 0
99.2007 0 -96.9172 0 0 96.9172 0
82.2934 0 -81.0082 0 0 81.0082 0
67.048 0 -66.2331 0 0 66.2331 0
50.6161 0 -49.992 0 0 49.992 0
32.6385 0 -32.2908 0 0 32.2908 0
20.1579 0 -19.9575 0 0 19.9575 0
4.83019 0 -4.76723 0 0 4.76723 0
-19.3573 0 19.4043 0 0 -19.4043 0
-37.077 0 37.1109 0 0 -37.1109 0
-51.0933 0 51.1077 0 0 -51.1077 0
-67.5054 0 67.5085 0 0 -67.5085 0
-83.3056 0 83.3057 0 0 -83.3057 0
-98.7846 0 98.7846 0 0 -98.7846 0
-112.047 0 112.047 0 0 -112.047 0
-121.848 0 121.848 0 0 -121.848 0
-135.763 0 135.763 0 0 -135.763 0
-104.506 0 104.506 0 0 -104.506 0
-86.2605 0 86.2605 0 0 -86.2605 0
-69.8015 0 69.8015 0 0 -69.8015 0
-62.6462 0 62.6462 0 0 -62.6462 0
-40.7788 0 40.7788 0 0 -40.7788 0
-32.8578 0 32.8578 0 0 -32.8578 0
-15.5944 0 15.5944 0 0 -15.5944 0
-4.11168 0 4.11168 0 0 -4.11168 0
-4.09541 0 4.09541 0 0 -4.09541 0
18.1617 0 -18.1617 0 0 18.1617 0
45.1691 0 -45.1691 0 0 45.1691 0
66.3152 0 -66.3152 0 0 66.3152 0
92.2794 0 -92.2794 0 0 92.2794 0
110.302 0 -110.302 0 0 110.302 0
141.947 0 -141.947 0 0 141.947 0
157.414 0 -157.414 0 0 157.414 0
164.445 0 -164.445 0 0 164.445 0
134.146 0 -134.146 0 0 134.146 0
113.977 0 -113.977 0 0 113.977 0
95.2859 0 -95.2859 0 0 95.2859 0
75.9425 0 -75.9425 0 0 75.9425 0
55.4497 0 -55.4497 0 0 55.4497 0
30.9455 0 -30.9455 0 0 30.9455 0
15.2227 0 -15.2227 0 0 15.2227 0
-14.8014 0 14.8014 0 0 -14.8014 0
-33.2709 0 33.2709 0 0 -33.2709 0
-63.6797 0 63.6797 0 0 -63.6797 0
-80.8726 0 80.8726 0 0 -80.8726 0
-101.3 0 101.3 0 0 -101.3 0
-123.655 0 123.655 0 0 -123.655 0
-147.642 0 147.642 0 0 -147.642 0
-154.965 0 154.965 0 0 -154.965 0
-161.362 0 161.362 0 0 -161.362 0
-135.581 0 135.581 0 0 -135.581 0
-115.6 0 115.6 0 0 -115.6 0
-91.4838 0 91.4838 0 0 -91.4838 0
-72.8092 0 72.8092 0 0 -72.8092 0
-46.6702 0 46.6702 0 0 -46.6702 0
-25.2004 0 25.2004 0 0 -25.2004 0
-12.3233 0 12.3233 0 0 -12.3233 0
9.76399 0 -9.76399 0 0 9.76399 0
13.3367 0 -13.3367 0 0 13.3367 0
26.0611 0 -26.0611 0 0 26.0611 0
50.7555 0 -50.7555 0 0 50.7555 0
68.0464 0 -68.0464 0 0 68.0464 0
93.0136 0 -93.0136 0 0 93.0136 0
111.18 0 -111.18 0 0 111.18 0
130.916 0 -130.916 0 0 130.916 0
149.306 0 -149.306 0 0 149.306 0
164.687 0 -164.687 0 0 164.687 0
131.867 0 -131.867 0 0 131.867 0
116.486 0 -116.486 0 0 116.486 0
92.9189 0 -92.9189 0 0 92.9189 0
70.9004 0 -70.9004 0 0 70.9004 0
47.1233 0 -47.1233 0 0 47.1233 0
26.5131 0 -26.5131 0 0 26.5131 0
11.0477 0 -11.0477 0 0 11.0477 0
-9.22089 0 9.22089 0 0 -9.22089 0
-31.5449 0 31.5449 0 0 -31.5449 0
-52.0847 0 52.0847 0 0 -52.0847 0
-68.8485 0 68.8485 0 0 -68.8485 0
-93.7345 0 93.7345 0 0 -93.7345 0
-106.815 0 106.815 0 0 -106.815 0
-125.257 0 125.257 0 0 -125.257 0
-150.984 0 150.984 0 0 -150.984 0
-161.5 0 161.5 0 0 -161.5 0
-138.599 0 138.599 0 0 -138.599 0
-108.564 0 108.564 0 0 -108.564 0
-85.7557 0 85.7557 0 0 -85.7557 0
-60.7251 0 60.7251 0 0 -60.7251 0
-42.9121 0 42.9121 0 0 -42.9121 0
-29.4979 0 29.4979 0 0 -29.4979 0
-13.0292 0 13.0292 0 0 -13.0292 0
2.05867 0 -2.05867 0 0 2.05867 0
2.0727 0 -2.0727 0 0 2.0727 0
26.2387 0 -26.2387 0 0 26.2387 0
49.1397 0 -49.1397 0 0 49.1397 0
68.1604 0 -68.1604 0 0 68.1604 0
89.3543 0 -89.3543 0 0 89.3543 0
104.188 0 -104.188 0 0 104.188 0
130.097 0 -130.097 0 0 130.097 0
149.246 0 -149.246 0 0 149.246 0
164.533 0 -164.533 0 0 164.533 0
130.063 0 -130.063 0 0 130.063 0
109.726 0 -109.726 0 0 109.726 0
91.4885 0 -91.4885 0 0 91.4885 0
73.8118 0 -73.8118 0 0 73.8118 0
48.709 0 -48.709 0 0 48.709 0
34.7931 0 -34.7931 0 0 34.7931 0
15.2184 0 -15.2184 0 0 15.2184 0
-9.40393 0 9.40393 0 0 -9.40393 0
-35.9546 0 35.9546 0 0 -35.9546 0
-63.7146 0 63.7146 0 0 -63.7146 0
-70.6732 0 70.6732 0 0 -70.6732 0
-84.8276 0 84.8276 0 0 -84.8276 0
-111.625 0 111.625 0 0 -111.625 0
-129.679 0 129.679 0 0 -129.679 0
-145.801 0 145.801 0 0 -145.801 0
-161.104 0 161.104 0 0 -161.104 0
-126.19 0 126.19 0 0 -126.19 0
-101.49 0 101.49 0 0 -101.49 0
-91.7004 0 91.7004 0 0 -91.7004 0
-75.301 0 75.301 0 0 -75.301 0
-51.5405 0 51.5405 0 0 -51.5405 0
-31.2397 0 31.2397 0 0 -31.2397 0
-12.5148 0 12.5148 0 0 -12.5148 0
8.01348 0 -8.01348 0 0 8.01348 0
8.16337 0 -8.16337 0 0 8.16337 0
40.4444 0 -40.4444 0 0 40.4444 0
68.6051 0 -68.6051 0 0 68.6051 0
100.473 0 -100.473 0 0 100.473 0
129.818 0 -129.818 0 0 129.818 0
162.351 0 -162.351 0 0 162.351 0
174.459 0 -174.459 0 0 174.459 0
185.251 0 -185.251 0 0 185.251 0
187.495 0 -187.495 0 0 187.495 0
153.447 0 -153.447 0 0 153.447 0
119.115 0 -119.115 0 0 119.115 0
96.9875 0 -96.9875 0 0 96.9875 0
68.2856 0 -68.2856 0 0 68.2856 0
40.5727 0 -40.5727 0 0 40.5727 0
-2.37168 0 2.37168 0 0 -2.37168 0
-35.8715 0 35.8715 0 0 -35.8715 0
-54.4163 0 54.4163 0 0 -54.4163 0
-83.5255 0 83.5255 0 0 -83.5255 0
-113.847 0 113.847 0 0 -113.847 0
-132.283 0 132.283 0 0 -132.283 0
-144.309 0 144.309 0 0 -144.309 0
-161.549 0 161.549 0 0 -161.549 0
-172.619 0 172.619 0 0 -172.619 0
-180.941 0 180.941 0 0 -180.941 0
-183.785 0 183.785 0 0 -183.785 0
-143.235 0 143.235 0 0 -143.235 0
-110.544 0 110.544 0 0 -110.544 0
-88.2381 0 88.2381 0 0 -88.2381 0
-65.8049 0 65.8049 0 0 -65.8049 0
-39.9325 0 39.9325 0 0 -39.9325 0
-16.153 0 16.153 0 0 -16.153 0
18.4988 0 -18.4988 0 0 18.4988 0
46.0045 0 -46.0045 0 0 46.0045 0
52.6796 0 -52.6796 0 0 52.6796 0
68.4115 0 -68.4115 0 0 68.4115 0
100.531 0 -100.531 0 0 100.531 0
126.266 0 -126.266 0 0 126.266 0
142.075 0 -142.075 0 0 142.075 0
151.408 0 -151.408 0 0 151.408 0
168.42 0 -168.42 0 0 168.42 0
178.1 0 -178.1 0 0 178.1 0
187.574 0 -187.574 0 0 187.574 0
144.57 0 -144.57 0 0 144.57 0
117.79 0 -117.79 0 0 117.79 0
95.5188 0 -95.5188 0 0 95.5188 0
60.2028 0 -60.2028 0 0 60.2028 0
37.306 0 -37.306 0 0 37.306 0
10.5748 0 -10.5748 0 0 10.5748 0
-25.984 0 25.984 0 0 -25.984 0
-49.194 0 49.194 0 0 -49.194 0
-75.1354 0 75.1354 0 0 -75.1354 0
-104.681 0 104.681 0 0 -104.681 0
-128.668 0 128.668 0 0 -128.668 0
-136.246 0 136.246 0 0 -136.246 0
-146.815 0 146.815 0 0 -146.815 0
-159.207 0 159.207 0 0 -159.207 0
-173.55 0 173.55 0 0 -173.55 0
-183.731 0 183.731 0 0 -183.731 0
-139.56 0 139.56 0 0 -139.56 0
-115.034 0 115.034 0 0 -115.034 0
-76.0008 0 76.0008 0 0 -76.0008 0
-42.6586 0 42.6586 0 0 -42.6586 0
-23.2196 0 23.2196 0 0 -23.2196 0
-0.103702 0 0.103702 0 0 -0.103702 0
15.4285 0 -15.4285 0 0 15.4285 0
43.9835 0 -43.9835 0 0 43.9835 0
45.7352 0 -45.7352 0 0 45.7352 0
76.946 0 -76.946 0 0 76.946 0
105.001 0 -105.001 0 0 105.001 0
130.508 0 -130.508 0 0 130.508 0
139.594 0 -139.594 0 0 139.594 0
150.128 0 -150.128 0 0 150.128 0
160.59 0 -160.59 0 0 160.59 0
176.339 0 -176.339 0 0 176.339 0
185.712 0 -185.712 0 0 185.712 0
149.585 0 -149.585 0 0 149.585 0
118.366 0 -118.366 0 0 118.366 0
88.1595 0 -88.1595 0 0 88.1595 0
64.7258 0 -64.7258 0 0 64.7258 0
28.7843 0 -28.7843 0 0 28.7843 0
10.8236 0 -10.8236 0 0 10.8236 0
-21.7207 0 21.7207 0 0 -21.7207 0
-48.1037 0 48.1037 0 0 -48.1037 0
-82.4558 0 82.4558 0 0 -82.4558 0
-115.595 0 115.595 0 0 -115.595 0
-126.269 0 126.269 0 0 -126.269 0
-135.895 0 135.895 0 0 -135.895 0
-147.137 0 147.137 0 0 -147.137 0
-161.374 0 161.374 0 0 -161.374 0
-173.646 0 173.646 0 0 -173.646 0
-183.259 0 183.259 0 0 -183.259 0
-138.091 0 138.091 0 0 -138.091 0
-113.124 0 113.124 0 0 -113.124 0
-86.4492 0 86.4492 0 0 -86.4492 0
-51.9872 0 51.9872 0 0 -51.9872 0
-23.192 0 23.192 0 0 -23.192 0
-7.39066 0 7.39066 0 0 -7.39066 0
16.2484 0 -16.2484 0 0 16.2484 0
39.8713 0 -39.8713 0 0 39.8713 0
39.3894 0 -39.3894 0 0 39.3894 0
87.3933 0 -87.3933 0 0 87.3933 0
126.2 0 -126.2 0 0 126.2 0
138.347 0 -138.347 0 0 138.347 0
154.266 0 -154.266 0 0 154.266 0
172.339 0 -172.339 0 0 172.339 0
187.654 0 -187.654 0 0 187.654 0
188.718 0 -188.718 0 0 188.718 0
189.422 0 -189.422 0 0 189.422 0
140.955 0 -140.955 0 0 140.955 0
106.612 0 -106.612 0 0 106.612 0
75.0087 0 -75.0087 0 0 75.0087 0
40.5093 0 -40.5093 0 0 40.5093 0
9.49985 0 -9.49985 0 0 9.49985 0
-25.5744 0 25.5744 0 0 -25.5744 0
-61.6929 0 61.6929 0 0 -61.6929 0
-87.1612 0 87.1612 0 0 -87.1612 0
-120.233 0 120.233 0 0 -120.233 0
-134.461 0 134.461 0 0 -134.461 0
-145.668 0 145.668 0 0 -145.668 0
-159.278 0 159.278 0 0 -159.278 0
-174.721 0 174.721 0 0 -174.721 0
-184.017 0 184.017 0 0 -184.017 0
-184.99 0 184.99 0 0 -184.99 0
-185.69 0 185.69 0 0 -185.69 0
-139.642 0 139.642 0 0 -139.642 0
-102.675 0 102.675 0 0 -102.675 0
-64.6111 0 64.6111 0 0 -64.6111 0
-19.4125 0 19.4125 0 0 -19.4125 0
-4.20583 0 4.20583 0 0 -4.20583 0
23.6785 0 -23.6785 0 0 23.6785 0
53.8373 0 -53.8373 0 0 53.8373 0
73.715 0 -73.715 0 0 73.715 0
73.4317 0 -73.4317 0 0 73.4317 0
98.3142 0 -98.3142 0 0 98.3142 0
120.183 0 -120.183 0 0 120.183 0
129.74 0 -129.74 0 0 129.74 0
141.589 0 -141.589 0 0 141.589 0
152.45 0 -152.45 0 0 152.45 0
165.721 0 -165.721 0 0 165.721 0
177.881 0 -177.881 0 0 177.881 0
189.486 0 -189.486 0 0 189.486 0
134.352 0 -134.352 0 0 134.352 0
108.899 0 -108.899 0 0 108.899 0
72.7996 0 -72.7996 0 0 72.7996 0
40.3216 0 -40.3216 0 0 40.3216 0
3.08602 0 -3.08602 0 0 3.08602 0
-22.2342 0 22.2342 0 0 -22.2342 0
-47.1152 0 47.1152 0 0 -47.1152 0
-71.9143 0 71.9143 0 0 -71.9143 0
-100.619 0 100.619 0 0 -100.619 0
-117.682 0 117.682 0 0 -117.682 0
-128.301 0 128.301 0 0 -128.301 0
-138.858 0 138.858 0 0 -138.858 0
-154.259 0 154.259 0 0 -154.259 0
-165.674 0 165.674 0 0 -165.674 0
-179.876 0 179.876 0 0 -179.876 0
-185.728 0 185.728 0 0 -185.728 0
-128.061 0 128.061 0 0 -128.061 0
-94.4135 0 94.4135 0 0 -94.4135 0
-61.8474 0 61.8474 0 0 -61.8474 0
-26.0856 0 26.0856 0 0 -26.0856 0
-4.74608 0 4.74608 0 0 -4.74608 0
22.5797 0 -22.5797 0 0 22.5797 0
48.7297 0 -48.7297 0 0 48.7297 0
73.2217 0 -73.2217 0 0 73.2217 0
73.2555 0 -73.2555 0 0 73.2555 0
101.486 0 -101.486 0 0 101.486 0
120.927 0 -120.927 0 0 120.927 0
131.728 0 -131.728 0 0 131.728 0
144.875 0 -144.875 0 0 144.875 0
152.105 0 -152.105 0 0 152.105 0
167.927 0 -167.927 0 0 167.927 0
178.077 0 -178.077 0 0 178.077 0
186.002 0 -186.002 0 0 186.002 0
143.269 0 -143.269 0 0 143.269 0
115.582 0 -115.582 0 0 115.582 0
72.4306 0 -72.4306 0 0 72.4306 0
42.3794 0 -42.3794 0 0 42.3794 0
0.324241 0 -0.324241 0 0 0.324241 0
-24.6708 0 24.6708 0 0 -24.6708 0
-50.7473 0 50.7473 0 0 -50.7473 0
-68.8945 0 68.8945 0 0 -68.8945 0
-103.066 0 103.066 0 0 -103.066 0
-117.281 0 117.281 0 0 -117.281 0
-132.878 0 132.878 0 0 -132.878 0
-141.667 0 141.667 0 0 -141.667 0
-149.75 0 149.75 0 0 -149.75 0
-163.041 0 163.041 0 0 -163.041 0
-173.654 0 173.654 0 0 -173.654 0
-183.363 0 183.363 0 0 -183.363 0
-139.809 0 139.809 0 0 -139.809 0
-94.2865 0 94.2865 0 0 -94.2865 0
-60.2259 0 60.2259 0 0 -60.2259 0
-30.8301 0 30.8301 0 0 -30.8301 0
-7.52815 0 7.52815 0 0 -7.52815 0
18.8254 0 -18.8254 0 0 18.8254 0
43.8607 0 -43.8607 0 0 43.8607 0
66.2352 0 -66.2352 0 0 66.2352 0
66.2341 0 -66.2341 0 0 66.2341 0
111.706 0 -111.706 0 0 111.706 0
133.027 0 -133.027 0 0 133.027 0
145.668 0 -145.668 0 0 145.668 0
168.172 0 -168.172 0 0 168.172 0
186.222 0 -186.222 0 0 186.222 0
190.615 0 -190.615 0 0 190.615 0
191.529 0 -191.529 0 0 191.529 0
192.375 0 -192.375 0 0 192.375 0
135.735 0 -135.735 0 0 135.735 0
102.967 0 -102.967 0 0 102.967 0
57.9961 0 -57.9961 0 0 57.9961 0
11.03 0 -11.03 0 0 11.03 0
-28.1659 0 28.1659 0 0 -28.1659 0
-56.1843 0 56.1843 0 0 -56.1843 0
-75.3645 0 75.3645 0 0 -75.3645 0
-108.726 0 108.726 0 0 -108.726 0
-125.27 0 125.27 0 0 -125.27 0
-138.616 0 138.616 0 0 -138.616 0
-151.533 0 151.533 0 0 -151.533 0
-171.135 0 171.135 0 0 -171.135 0
-185.138 0 185.138 0 0 -185.138 0
-186.736 0 186.736 0 0 -186.736 0
-187.88 0 187.88 0 0 -187.88 0
-189.046 0 189.046 0 0 -189.046 0
-132.372 0 132.372 0 0 -132.372 0
-92.9954 0 92.9954 0 0 -92.9954 0
-49.9055 0 49.9055 0 0 -49.9055 0
-7.44042 0 7.44042 0 0 -7.44042 0
19.3039 0 -19.3039 0 0 19.3039 0
42.5775 0 -42.5775 0 0 42.5775 0
65.1702 0 -65.1702 0 0 65.1702 0
88.7702 0 -88.7702 0 0 88.7702 0
91.2956 0 -91.2956 0 0 91.2956 0
110.705 0 -110.705 0 0 110.705 0
125.75 0 -125.75 0 0 125.75 0
137.17 0 -137.17 0 0 137.17 0
149.749 0 -149.749 0 0 149.749 0
161.968 0 -161.968 0 0 161.968 0
174.192 0 -174.192 0 0 174.192 0
191.428 0 -191.428 0 0 191.428 0
192.941 0 -192.941 0 0 192.941 0
138.328 0 -138.328 0 0 138.328 0
92.0329 0 -92.0329 0 0 92.0329 0
49.7159 0 -49.7159 0 0 49.7159 0
5.481 0 -5.481 0 0 5.481 0
-22.3111 0 22.3111 0 0 -22.3111 0
-43.7777 0 43.7777 0 0 -43.7777 0
-68.4912 0 68.4912 0 0 -68.4912 0
-85.0427 0 85.0427 0 0 -85.0427 0
-108.818 0 108.818 0 0 -108.818 0
-122.759 0 122.759 0 0 -122.759 0
-132.471 0 132.471 0 0 -132.471 0
-145.75 0 145.75 0 0 -145.75 0
-159.138 0 159.138 0 0 -159.138 0
-168.462 0 168.462 0 0 -168.462 0
-178.747 0 178.747 0 0 -178.747 0
-188.802 0 188.802 0 0 -188.802 0
-133.785 0 133.785 0 0 -133.785 0
-89.3603 0 89.3603 0 0 -89.3603 0
-44.8513 0 44.8513 0 0 -44.8513 0
2.58669 0 -2.58669 0 0 2.58669 0
21.3089 0 -21.3089 0 0 21.3089 0
44.26 0 -44.26 0 0 44.26 0
69.616 0 -69.616 0 0 69.616 0
87.9772 0 -87.9772 0 0 87.9772 0
91.2362 0 -91.2362 0 0 91.2362 0
113.08 0 -113.08 0 0 113.08 0
125.999 0 -125.999 0 0 125.999 0
136.815 0 -136.815 0 0 136.815 0
147.542 0 -147.542 0 0 147.542 0
160.425 0 -160.425 0 0 160.425 0
171.374 0 -171.374 0 0 171.374 0
183.471 0 -183.471 0 0 183.471 0
192.589 0 -192.589 0 0 192.589 0
125.644 0 -125.644 0 0 125.644 0
85.3341 0 -85.3341 0 0 85.3341 0
30.6218 0 -30.6218 0 0 30.6218 0
-4.75492 0 4.75492 0 0 -4.75492 0
-24.072 0 24.072 0 0 -24.072 0
-54.9737 0 54.9737 0 0 -54.9737 0
-65.4551 0 65.4551 0 0 -65.4551 0
-92.0844 0 92.0844 0 0 -92.0844 0
-114.397 0 114.397 0 0 -114.397 0
-125.774 0 125.774 0 0 -125.774 0
-134.057 0 134.057 0 0 -134.057 0
-146.172 0 146.172 0 0 -146.172 0
-159.288 0 159.288 0 0 -159.288 0
-170.078 0 170.078 0 0 -170.078 0
-180.227 0 180.227 0 0 -180.227 0
-188.987 0 188.987 0 0 -188.987 0
-125.596 0 125.596 0 0 -125.596 0
-87.368 0 87.368 0 0 -87.368 0
-41.5833 0 41.5833 0 0 -41.5833 0
-1.69903 0 1.69903 0 0 -1.69903 0
20.4217 0 -20.4217 0 0 20.4217 0
44.4051 0 -44.4051 0 0 44.4051 0
66.2548 0 -66.2548 0 0 66.2548 0
84.1315 0 -84.1315 0 0 84.1315 0
84.1647 0 -84.1647 0 0 84.1647 0
116.152 0 -116.152 0 0 116.152 0
132.158 0 -132.158 0 0 132.158 0
147.019 0 -147.019 0 0 147.019 0
162.826 0 -162.826 0 0 162.826 0
178.173 0 -178.173 0 0 178.173 0
193.051 0 -193.051 0 0 193.051 0
194.768 0 -194.768 0 0 194.768 0
196.486 0 -196.486 0 0 196.486 0
137.197 0 -137.197 0 0 137.197 0
76.8075 0 -76.8075 0 0 76.8075 0
15.9448 0 -15.9448 0 0 15.9448 0
-18.385 0 18.385 0 0 -18.385 0
-42.2303 0 42.2303 0 0 -42.2303 0
-66.8838 0 66.8838 0 0 -66.8838 0
-85.6074 0 85.6074 0 0 -85.6074 0
-113.648 0 113.648 0 0 -113.648 0
-126.171 0 126.171 0 0 -126.171 0
-141.425 0 141.425 0 0 -141.425 0
-154.77 0 154.77 0 0 -154.77 0
-166.433 0 166.433 0 0 -166.433 0
-180.949 0 180.949 0 0 -180.949 0
-189.298 0 189.298 0 0 -189.298 0
-191.069 0 191.069 0 0 -191.069 0
-192.61 0 192.61 0 0 -192.61 0
-121.787 0 121.787 0 0 -121.787 0
-69.8304 0 69.8304 0 0 -69.8304 0
-12.8129 0 12.8129 0 0 -12.8129 0
16.2805 0 -16.2805 0 0 16.2805 0
37.4435 0 -37.4435 0 0 37.4435 0
58.5353 0 -58.5353 0 0 58.5353 0
77.6061 0 -77.6061 0 0 77.6061 0
99.8546 0 -99.8546 0 0 99.8546 0
103.729 0 -103.729 0 0 103.729 0
118.207 0 -118.207 0 0 118.207 0
128.499 0 -128.499 0 0 128.499 0
140.312 0 -140.312 0 0 140.312 0
152.247 0 -152.247 0 0 152.247 0
164.359 0 -164.359 0 0 164.359 0
174.743 0 -174.743 0 0 174.743 0
187.506 0 -187.506 0 0 187.506 0
196.516 0 -196.516 0 0 196.516 0
130.912 0 -130.912 0 0 130.912 0
69.3377 0 -69.3377 0 0 69.3377 0
14.7786 0 -14.7786 0 0 14.7786 0
-15.2093 0 15.2093 0 0 -15.2093 0
-35.7042 0 35.7042 0 0 -35.7042 0
-57.4224 0 57.4224 0 0 -57.4224 0
-78.7408 0 78.7408 0 0 -78.7408 0
-100.487 0 100.487 0 0 -100.487 0
-116.398 0 116.398 0 0 -116.398 0
-128.581 0 128.581 0 0 -128.581 0
-139.949 0 139.949 0 0 -139.949 0
-151.466 0 151.466 0 0 -151.466 0
-160.292 0 160.292 0 0 -160.292 0
-171.377 0 171.377 0 0 -171.377 0
-184.475 0 184.475 0 0 -184.475 0
-192.455 0 192.455 0 0 -192.455 0
-123.249 0 123.249 0 0 -123.249 0
-54.253 0 54.253 0 0 -54.253 0
-9.66619 0 9.66619 0 0 -9.66619 0
18.1532 0 -18.1532 0 0 18.1532 0
37.5781 0 -37.5781 0 0 37.5781 0
56.8807 0 -56.8807 0 0 56.8807 0
76.7476 0 -76.7476 0 0 76.7476 0
95.4501 0 -95.4501 0 0 95.4501 0
95.2278 0 -95.2278 0 0 95.2278 0
123.321 0 -123.321 0 0 123.321 0
140.409 0 -140.409 0 0 140.409 0
159.415 0 -159.415 0 0 159.415 0
175.851 0 -175.851 0 0 175.851 0
192.132 0 -192.132 0 0 192.132 0
198.449 0 -198.449 0 0 198.449 0
201.259 0 -201.259 0 0 201.259 0
203.706 0 -203.706 0 0 203.706 0
123.87 0 -123.87 0 0 123.87 0
46.9428 0 -46.9428 0 0 46.9428 0
-9.98252 0 9.98252 0 0 -9.98252 0
-33.9563 0 33.9563 0 0 -33.9563 0
-57.9801 0 57.9801 0 0 -57.9801 0
-82.8999 0 82.8999 0 0 -82.8999 0
-103.232 0 103.232 0 0 -103.232 0
-122.868 0 122.868 0 0 -122.868 0
-135.925 0 135.925 0 0 -135.925 0
-147.672 0 147.672 0 0 -147.672 0
-162.784 0 162.784 0 0 -162.784 0
-176.124 0 176.124 0 0 -176.124 0
-189.541 0 189.541 0 0 -189.541 0
-194.576 0 194.576 0 0 -194.576 0
-197.098 0 197.098 0 0 -197.098 0
-199.658 0 199.658 0 0 -199.658 0
-115.29 0 115.29 0 0 -115.29 0
-36.8166 0 36.8166 0 0 -36.8166 0
9.94777 0 -9.94777 0 0 9.94777 0
31.4153 0 -31.4153 0 0 31.4153 0
49.6769 0 -49.6769 0 0 49.6769 0
72.2374 0 -72.2374 0 0 72.2374 0
89.127 0 -89.127 0 0 89.127 0
106.774 0 -106.774 0 0 106.774 0
108.849 0 -108.849 0 0 108.849 0
125.631 0 -125.631 0 0 125.631 0
137.211 0 -137.211 0 0 137.211 0
148.779 0 -148.779 0 0 148.779 0
160.347 0 -160.347 0 0 160.347 0
171.914 0 -171.914 0 0 171.914 0
183.924 0 -183.924 0 0 183.924 0
193.228 0 -193.228 0 0 193.228 0
203.402 0 -203.402 0 0 203.402 0
115.245 0 -115.245 0 0 115.245 0
40.1671 0 -40.1671 0 0 40.1671 0
-10.4588 0 10.4588 0 0 -10.4588 0
-26.9227 0 26.9227 0 0 -26.9227 0
-49.7031 0 49.7031 0 0 -49.7031 0
-69.1466 0 69.1466 0 0 -69.1466 0
-84.817 0 84.817 0 0 -84.817 0
-106.662 0 106.662 0 0 -106.662 0
-126.377 0 126.377 0 0 -126.377 0
-138.493 0 138.493 0 0 -138.493 0
-147.552 0 147.552 0 0 -147.552 0
-158.645 0 158.645 0 0 -158.645 0
-167.593 0 167.593 0 0 -167.593 0
-180.403 0 180.403 0 0 -180.403 0
-190.047 0 190.047 0 0 -190.047 0
-199.55 0 199.55 0 0 -199.55 0
-105.206 0 105.206 0 0 -105.206 0
-27.5866 0 27.5866 0 0 -27.5866 0
11.8265 0 -11.8265 0 0 11.8265 0
32.1078 0 -32.1078 0 0 32.1078 0
53.8732 0 -53.8732 0 0 53.8732 0
71.4675 0 -71.4675 0 0 71.4675 0
89.1885 0 -89.1885 0 0 89.1885 0
108.726 0 -108.726 0 0 108.726 0
110.128 0 -110.128 0 0 110.128 0
131.019 0 -131.019 0 0 131.019 0
146.14 0 -146.14 0 0 146.14 0
161.387 0 -161.387 0 0 161.387 0
176.618 0 -176.618 0 0 176.618 0
189.814 0 -189.814 0 0 189.814 0
204.347 0 -204.347 0 0 204.347 0
208.04 0 -208.04 0 0 208.04 0
210.876 0 -210.876 0 0 210.876 0
113.02 0 -113.02 0 0 113.02 0
17.2942 0 -17.2942 0 0 17.2942 0
-16.6551 0 16.6551 0 0 -16.6551 0
-38.5182 0 38.5182 0 0 -38.5182 0
-61.9121 0 61.9121 0 0 -61.9121 0
-82.1508 0 82.1508 0 0 -82.1508 0
-105.017 0 105.017 0 0 -105.017 0
-125.006 0 125.006 0 0 -125.006 0
-136.783 0 136.783 0 0 -136.783 0
-150.369 0 150.369 0 0 -150.369 0
-163.076 0 163.076 0 0 -163.076 0
-175.246 0 175.246 0 0 -175.246 0
-187.922 0 187.922 0 0 -187.922 0
-200.096 0 200.096 0 0 -200.096 0
-203.458 0 203.458 0 0 -203.458 0
-206.655 0 206.655 0 0 -206.655 0
-106.779 0 106.779 0 0 -106.779 0
-14.0806 0 14.0806 0 0 -14.0806 0
17.5435 0 -17.5435 0 0 17.5435 0
38.0954 0 -38.0954 0 0 38.0954 0
58.8793 0 -58.8793 0 0 58.8793 0
77.9199 0 -77.9199 0 0 77.9199 0
95.8886 0 -95.8886 0 0 95.8886 0
114.299 0 -114.299 0 0 114.299 0
114.568 0 -114.568 0 0 114.568 0
131.187 0 -131.187 0 0 131.187 0
144.146 0 -144.146 0 0 144.146 0
154.471 0 -154.471 0 0 154.471 0
167.328 0 -167.328 0 0 167.328 0
178.862 0 -178.862 0 0 178.862 0
189.751 0 -189.751 0 0 189.751 0
199.813 0 -199.813 0 0 199.813 0
210.921 0 -210.921 0 0 210.921 0
112.984 0 -112.984 0 0 112.984 0
17.4005 0 -17.4005 0 0 17.4005 0
-15.7671 0 15.7671 0 0 -15.7671 0
-36.2388 0 36.2388 0 0 -36.2388 0
-56.062 0 56.062 0 0 -56.062 0
-73.3482 0 73.3482 0 0 -73.3482 0
-91.9753 0 91.9753 0 0 -91.9753 0
-118.103 0 118.103 0 0 -118.103 0
-130.07 0 130.07 0 0 -130.07 0
-140.567 0 140.567 0 0 -140.567 0
-153.187 0 153.187 0 0 -153.187 0
-162.982 0 162.982 0 0 -162.982 0
-174.83 0 174.83 0 0 -174.83 0
-184.899 0 184.899 0 0 -184.899 0
-196.709 0 196.709 0 0 -196.709 0
-206.856 0 206.856 0 0 -206.856 0
-101.051 0 101.051 0 0 -101.051 0
-8.19814 0 8.19814 0 0 -8.19814 0
16.622 0 -16.622 0 0 16.622 0
39.2635 0 -39.2635 0 0 39.2635 0
58.3408 0 -58.3408 0 0 58.3408 0
76.9682 0 -76.9682 0 0 76.9682 0
97.2971 0 -97.2971 0 0 97.2971 0
113.117 0 -113.117 0 0 113.117 0
113.363 0 -113.363 0 0 113.363 0
134.193 0 -134.193 0 0 134.193 0
148.757 0 -148.757 0 0 148.757 0
163.171 0 -163.171 0 0 163.171 0
177.493 0 -177.493 0 0 177.493 0
192.536 0 -192.536 0 0 192.536 0
205.568 0 -205.568 0 0 205.568 0
176.539 0 -176.539 0 0 176.539 0
130.704 0 -130.704 0 0 130.704 0
2.56466 0 -2.56466 0 0 2.56466 0
-19.0682 0 19.0682 0 0 -19.0682 0
-40.0425 0 40.0425 0 0 -40.0425 0
-57.9935 0 57.9935 0 0 -57.9935 0
-79.7708 0 79.7708 0 0 -79.7708 0
-97.5142 0 97.5142 0 0 -97.5142 0
-118.373 0 118.373 0 0 -118.373 0
-133.261 0 133.261 0 0 -133.261 0
-145.036 0 145.036 0 0 -145.036 0
-156.081 0 156.081 0 0 -156.081 0
-167.916 0 167.916 0 0 -167.916 0
-179.939 0 179.939 0 0 -179.939 0
-191.264 0 191.264 0 0 -191.264 0
-202.366 0 202.366 0 0 -202.366 0
-172.624 0 172.624 0 0 -172.624 0
-129.192 0 129.192 0 0 -129.192 0
-7.22205 0 7.22205 0 0 -7.22205 0
11.5337 0 -11.5337 0 0 11.5337 0
22.6854 0 -22.6854 0 0 22.6854 0
34.2257 0 -34.2257 0 0 34.2257 0
44.4641 0 -44.4641 0 0 44.4641 0
54.8472 0 -54.8472 0 0 54.8472 0
64.5303 0 -64.5303 0 0 64.5303 0
74.3843 0 -74.3843 0 0 74.3843 0
74.3868 0 -74.3868 0 0 74.3868 0
83.5626 0 -83.5626 0 0 83.5626 0
90.2149 0 -90.2149 0 0 90.2149 0
96.731 0 -96.731 0 0 96.731 0
104.133 0 -104.133 0 0 104.133 0
110.221 0 -110.221 0 0 110.221 0
118.022 0 -118.022 0 0 118.022 0
124.539 0 -124.539 0 0 124.539 0
130.472 0 -130.472 0 0 130.472 0
3.3883 0 -3.3883 0 0 3.3883 0
-11.954 0 11.954 0 0 -11.954 0
-22.0954 0 22.0954 0 0 -22.0954 0
-33.2616 0 33.2616 0 0 -33.2616 0
-44.1007 0 44.1007 0 0 -44.1007 0
-54.137 0 54.137 0 0 -54.137 0
-66.6077 0 66.6077 0 0 -66.6077 0
-76.8105 0 76.8105 0 0 -76.8105 0
-82.88 0 82.88 0 0 -82.88 0
-91.1799 0 91.1799 0 0 -91.1799 0
-96.7794 0 96.7794 0 0 -96.7794 0
-103.677 0 103.677 0 0 -103.677 0
-110.975 0 110.975 0 0 -110.975 0
-116.507 0 116.507 0 0 -116.507 0
-123.882 0 123.882 0 0 -123.882 0
-126.269 0 126.269 0 0 -126.269 0
2.7821 0 -2.7821 0 0 2.7821 0
12.2666 0 -12.2666 0 0 12.2666 0
23.891 0 -23.891 0 0 23.891 0
32.4843 0 -32.4843 0 0 32.4843 0
45.8717 0 -45.8717 0 0 45.8717 0
54.7918 0 -54.7918 0 0 54.7918 0
66.2148 0 -66.2148 0 0 66.2148 0
74.6598 0 -74.6598 0 0 74.6598 0
74.6367 0 -74.6367 0 0 74.6367 0
85.9763 0 -85.9763 0 0 85.9763 0
94.0363 0 -94.0363 0 0 94.0363 0
101.045 0 -101.045 0 0 101.045 0
109.731 0 -109.731 0 0 109.731 0
118.172 0 -118.172 0 0 118.172 0
125.749 0 -125.749 0 0 125.749 0
104.426 0 -104.426 0 0 104.426 0
47.5493 0 -47.5493 0 0 47.5493 0
-8.8557 0 8.8557 0 0 -8.8557 0
-20.0526 0 20.0526 0 0 -20.0526 0
-30.4558 0 30.4558 0 0 -30.4558 0
-42.1109 0 42.1109 0 0 -42.1109 0
-52.8175 0 52.8175 0 0 -52.8175 0
-63.4426 0 63.4426 0 0 -63.4426 0
-75.803 0 75.803 0 0 -75.803 0
-81.5682 0 81.5682 0 0 -81.5682 0
-88.5931 0 88.5931 0 0 -88.5931 0
-95.2451 0 95.2451 0 0 -95.2451 0
-102.005 0 102.005 0 0 -102.005 0
-108.495 0 108.495 0 0 -108.495 0
-114.99 0 114.99 0 0 -114.99 0
-121.867 0 121.867 0 0 -121.867 0
-102.396 0 102.396 0 0 -102.396 0
-46.2386 0 46.2386 0 0 -46.2386 0
3.41717 0 -3.41717 0 0 3.41717 0
7.04918 0 -7.04918 0 0 7.04918 0
10.7358 0 -10.7358 0 0 10.7358 0
14.5486 0 -14.5486 0 0 14.5486 0
18.7225 0 -18.7225 0 0 18.7225 0
22.508 0 -22.508 0 0 22.508 0
25.6624 0 -25.6624 0 0 25.6624 0
28.9936 0 -28.9936 0 0 28.9936 0
29.3207 0 -29.3207 0 0 29.3207 0
31.5814 0 -31.5814 0 0 31.5814 0
33.697 0 -33.697 0 0 33.697 0
36.6621 0 -36.6621 0 0 36.6621 0
38.4158 0 -38.4158 0 0 38.4158 0
41.1702 0 -41.1702 0 0 41.1702 0
43.2391 0 -43.2391 0 0 43.2391 0
45.6934 0 -45.6934 0 0 45.6934 0
47.5327 0 -47.5327 0 0 47.5327 0
-3.17384 0 3.17384 0 0 -3.17384 0
-6.98936 0 6.98936 0 0 -6.98936 0
-10.5698 0 10.5698 0 0 -10.5698 0
-14.8535 0 14.8535 0 0 -14.8535 0
-17.5527 0 17.5527 0 0 -17.5527 0
-21.3203 0 21.3203 0 0 -21.3203 0
-24.5351 0 24.5351 0 0 -24.5351 0
-28.1522 0 28.1522 0 0 -28.1522 0
-30.6129 0 30.6129 0 0 -30.6129 0
-32.5505 0 32.5505 0 0 -32.5505 0
-35.2561 0 35.2561 0 0 -35.2561 0
-37.1929 0 37.1929 0 0 -37.1929 0
-39.6986 0 39.6986 0 0 -39.6986 0
-42.1051 0 42.1051 0 0 -42.1051 0
-44.5865 0 44.5865 0 0 -44.5865 0
-46.2326 0 46.2326 0 0 -46.2326 0
3.01521 0 -3.01521 0 0 3.01521 0
7.028 0 -7.028 0 0 7.028 0
11.0039 0 -11.0039 0 0 11.0039 0
14.4256 0 -14.4256 0 0 14.4256 0
17.979 0 -17.979 0 0 17.979 0
22.0489 0 -22.0489 0 0 22.0489 0
25.2638 0 -25.2638 0 0 25.2638 0
28.1057 0 -28.1057 0 0 28.1057 0
28.106 0 -28.106 0 0 28.106 0
31.5762 0 -31.5762 0 0 31.5762 0
34.433 0 -34.433 0 0 34.433 0
37.2633 0 -37.2633 0 0 37.2633 0
39.9288 0 -39.9288 0 0 39.9288 0
42.6042 0 -42.6042 0 0 42.6042 0
45.3148 0 -45.3148 0 0 45.3148 0
46.75 0 -46.75 0 0 46.75 0
-45.815 0 45.815 0 0 -45.815 0
-45.7937 0 45.7937 0 0 -45.7937 0
-45.815 0 45.815 0 0 -45.815 0
-45.815 0 45.815 0 0 -45.815 0
-45.815 0 45.815 0 0 -45.815 0
-45.7937 0 45.7937 0 0 -45.7937 0
-45.815 0 45.815 0 0 -45.815 0
-45.7937 0 45.7937 0 0 -45.7937 0
-45.815 0 45.815 0 0 -45.815 0
-45.815 0 45.815 0 0 -45.815 0
-45.815 0 45.815 0 0 -45.815 0
-45.815 0 45.815 0 0 -45.815 0
-45.815 0 45.815 0 0 -45.815 0
-45.815 0 45.815 0 0 -45.815 0
-45.815 0 45.815 0 0 -45.815 0
-45.815 0 45.815 0 0 -45.815 0
-45.815 0 45.815 0 0 -45.815 0
-45.815 0 45.815 0 0 -45.815 0
-45.815 0 45.815 0 0 -45.815 0
-45.815 0 45.815 0 0 -45.815 0
-45.815 0 45.815 0 0 -45.815 0
-45.815 0 45.815 0 0 -45.815 0
-45.815 0 45.815 0 0 -45.815 0
-45.815 0 45.815 0 0 -45.815 0
-45.815 0 45.815 0 0 -45.815 0
-44.8523 0 44.8523 0 0 -44.8523 0
-41.399 0 41.399 0 0 -41.399 0
-36.69 0 36.69 0 0 -36.69 0
-36.7528 0 36.7528 0 0 -36.7528 0
-36.7528 0 36.7528 0 0 -36.7528 0
-36.7947 0 36.7947 0 0 -36.7947 0
-32.6717 0 32.6717 0 0 -32.6717 0
-28.2766 0 28.2766 0 0 -28.2766 0
-21.8724 0 21.8724 0 0 -21.8724 0
-15.7193 0 15.7193 0 0 -15.7193 0
-12.6846 0 12.6846 0 0 -12.6846 0
-12.0986 0 12.0986 0 0 -12.0986 0
-12.1195 0 12.1195 0 0 -12.1195 0
-12.1195 0 12.1195 0 0 -12.1195 0
-12.0986 0 12.0986 0 0 -12.0986 0
-12.1404 0 12.1404 0 0 -12.1404 0
-12.266 0 12.266 0 0 -12.266 0
-12.4962 0 12.4962 0 0 -12.4962 0
-12.4753 0 12.4753 0 0 -12.4753 0
-12.4544 0 12.4544 0 0 -12.4544 0
-12.4334 0 12.4334 0 0 -12.4334 0
-12.4544 0 12.4544 0 0 -12.4544 0
-12.4753 0 12.4753 0 0 -12.4753 0
-12.4753 0 12.4753 0 0 -12.4753 0
-12.4753 0 12.4753 0 0 -12.4753 0
-12.4544 0 12.4544 0 0 -12.4544 0
-12.4753 0 12.4753 0 0 -12.4753 0
-12.4753 0 12.4753 0 0 -12.4753 0
7.53477 0 -7.53477 0 0 7.53477 0
16.5854 0 -16.5854 0 0 16.5854 0
26.9809 0 -26.9809 0 0 26.9809 0
32.4775 0 -32.4775 0 0 32.4775 0
40.9074 0 -40.9074 0 0 40.9074 0
46.75 0 -46.75 0 0 46.75 0
9.8932 0 -9.8932 0 0 9.8932 0
-0.230228 0 0.230227 0 0 -0.230227 0
-17.8249 0 17.8249 0 0 -17.8249 0
-27.9874 0 27.9874 0 0 -27.9874 0
-38.8112 0 38.8112 0 0 -38.8112 0
-45.3698 0 45.3698 0 0 -45.3698 0
7.74463 0 -7.74463 0 0 7.74463 0
23.0678 0 -23.0678 0 0 23.0678 0
28.4589 0 -28.4589 0 0 28.4589 0
