9.05999 9.05999
15.3458 15.3458
20.7711 20.7711
3.41928 3.41928
-13.95 -13.95
-19.1126 -19.1126
-1.6723 -1.6723
2.85607 2.85607
11.6734 11.6734
21.1385 21.1385
10.1902 10.1902
2.46097 2.46097
-7.83009 -7.83009
-19.1924 -19.1924
-8.96821 -8.96821
1.45946 1.45946
14.8443 14.8443
21.0381 21.0381
-0.966879 -0.966879
-9.52788 -9.52788
-18.7964 -18.7964
-8.16807 -8.16807
-0.806605 -0.806605
4.73786 4.73786
12.8021 12.8021
22.1359 22.1359
33.5592 33.5592
39.8764 39.8764
33.5107 33.5107
23.5861 23.5861
10.9581 10.9581
-7.40751 -7.40751
-12.4408 -12.4408
-22.3956 -22.3956
-30.9592 -30.9592
-37.8802 -37.8802
-22.912 -22.912
-14.8383 -14.8383
5.22812 5.22812
7.11314 7.11314
8.93983 8.93983
26.6869 26.6869
36.3466 36.3466
40.3794 40.3794
23.5605 23.5605
13.2911 13.2911
1.22417 1.22417
-11.6101 -11.6101
-32.3047 -32.3047
-38.4363 -38.4363
-19.9833 -19.9833
1.46633 1.46633
7.53053 7.53053
19.294 19.294
35.1855 35.1855
40.4132 40.4149
30.9863 30.9923
18.6755 18.6751
-1.23581 -1.23578
-22.1148 -22.1148
-36.8988 -36.8988
-24.0505 -24.0505
-1.0245 -1.0245
1.08535 1.08535
29.4548 29.4548
41.0193 41.0193
55.2604 55.2604
72.5959 72.5959
68.6813 68.6813
68.0813 68.0813
51.3615 51.3615
18.1213 18.1213
-11.1032 -11.1032
-13.1011 -13.1011
-14.8562 -14.8562
-29.2431 -29.2431
-37.8661 -37.8661
-51.2636 -51.2636
-70.8855 -70.8855
-66.0733 -66.0733
-63.1872 -63.1872
-37.5543 -37.5543
3.95396 3.95396
35.9096 35.9096
58.1372 58.1372
64.9497 64.9497
74.1384 74.1384
41.4735 41.4735
16.3982 16.3982
-10.0969 -10.0969
-11.6622 -11.6622
-25.3517 -25.3517
-50.3154 -50.3154
-61.9025 -61.9025
-73.0163 -73.0163
-47.3709 -47.3709
-15.5032 -15.5032
1.28269 1.28269
3.47646 3.47646
6.73676 6.73676
8.6903 8.6903
10.8563 10.8563
38.018 38.018
51.3515 51.3515
66.1528 66.1528
71.7929 71.7929
76.9853 76.9853
53.1521 53.1521
-4.75778 -4.75778
-35.2597 -35.2597
-54.782 -54.782
-63.7927 -63.7927
-73.8029 -73.8029
-43.4456 -43.4456
-20.6869 -20.6869
1.18055 1.18055
5.76973 5.76973
33.9186 33.9186
56.6197 56.6197
65.816 65.816
78.9901 78.9901
95.9893 95.9893
106.484 106.484
95.3296 95.3296
88.6238 88.6238
68.4581 68.4581
42.3184 42.3184
23.978 23.978
-6.74626 -6.74626
-41.4502 -41.4502
-59.4713 -59.4713
-88.7812 -88.7812
-102.838 -102.838
-92.0081 -92.0081
-89.6432 -89.6432
-25.2249 -25.2249
1.74143 1.74143
38.9856 38.9856
70.0177 70.0177
91.2072 91.2072
109.565 109.565
70.4645 70.4645
54.461 54.461
27.044 27.044
2.17518 2.17518
-5.82409 -5.82409
-9.34922 -9.34922
-31.0899 -31.0899
-93.7348 -93.7348
-106.007 -106.007
-45.6673 -45.6673
19.8155 19.8155
98.8098 98.8098
111.368 111.368
14.4653 14.4653
-11.525 -11.525
-17.9912 -17.9912
-78.8704 -78.8704
-107.895 -107.895
-66.5873 -66.5873
-45.2365 -45.2365
-3.50764 -3.50764
-3.14393 -3.14393
-3.1078 -3.1078
-3.04239 -3.04239
0.478751 0.478751
0.449263 0.449263
0.470752 0.470752
0.601381 0.601381
0.617542 0.617542
0.545396 0.545396
0.619302 0.619302
0.462237 0.462237
70.2759 70.2759
70.3287 70.3287
70.445 70.445
70.445 70.445
74.1139 74.1139
93.7905 93.7905
114.503 114.503
130.894 130.894
139.014 139.014
118.569 118.569
99.9288 99.9288
81.5502 81.5502
65.8797 65.8797
45.5229 45.5229
27.6108 27.6108
16.05 16.05
-12.1608 -12.1608
-30.5635 -30.5635
-46.5076 -46.5076
-62.264 -62.264
-68.2738 -68.2738
-89.608 -89.608
-110.291 -110.291
-121.359 -121.359
-138.71 -138.71
-114.14 -114.14
-95.885 -95.885
-76.7899 -76.7899
-60.4419 -60.4419
-40.286 -40.286
-28.5305 -28.5305
-14.1529 -14.1529
-0.616506 -0.616506
3.66281 3.66281
15.4401 15.4401
32.8561 32.8561
51.1931 51.1931
67.9261 67.9261
81.8274 81.8274
101.886 101.886
114.295 114.295
133.66 127.347
109.39 107.193
91.0274 89.7639
74.0039 73.1368
55.81 55.0136
41.0052 40.4698
18.919 18.6387
3.10129 2.95138
-22.8439 -23.1935
-29.4296 -29.9366
-45.1712 -45.7507
-65.7437 -66.0703
-79.5182 -79.7086
-93.5287 -93.8889
-107.323 -107.563
-122.372 -122.47
-136.763 -136.874
-108.273 -108.023
-89.5944 -89.4631
-78.8824 -78.6893
-62.4223 -62.574
-40.7619 -40.4299
-29.7649 -29.4155
-16.0546 -16.3088
2.18737 2.322
8.61422 8.7281
23.5951 23.7954
33.1808 33.0854
51.8754 51.997
69.1878 69.4592
86.649 86.8344
105.96 105.806
115.64 115.783
135.725 127.904
99.2007 96.9172
82.2934 81.0082
67.048 66.2331
50.6161 49.992
32.6385 32.2908
20.1579 19.9575
4.83019 4.76723
-19.3573 -19.4043
-37.077 -37.1109
-51.0933 -51.1077
-67.5054 -67.5085
-83.3056 -83.3057
-98.7846 -98.7846
-112.047 -112.047
-121.848 -121.848
-135.763 -135.763
-104.506 -104.506
-86.2605 -86.2605
-69.8015 -69.8015
-62.6462 -62.6462
-40.7788 -40.7788
-32.8578 -32.8578
-15.5944 -15.5944
-4.11168 -4.11168
-4.09541 -4.09541
18.1617 18.1617
45.1691 45.1691
66.3152 66.3152
92.2794 92.2794
110.302 110.302
141.947 141.947
157.414 157.414
164.445 164.445
134.146 134.146
113.977 113.977
95.2859 95.2859
75.9425 75.9425
55.4497 55.4497
30.9455 30.9455
15.2227 15.2227
-14.8014 -14.8014
-33.2709 -33.2709
-63.6797 -63.6797
-80.8726 -80.8726
-101.3 -101.3
-123.655 -123.655
-147.642 -147.642
-154.965 -154.965
-161.362 -161.362
-135.581 -135.581
-115.6 -115.6
-91.4838 -91.4838
-72.8092 -72.8092
-46.6702 -46.6702
-25.2004 -25.2004
-12.3233 -12.3233
9.76399 9.76399
13.3367 13.3367
26.0611 26.0611
50.7555 50.7555
68.0464 68.0464
93.0136 93.0136
111.18 111.18
130.916 130.916
149.306 149.306
164.687 164.687
131.867 131.867
116.486 116.486
92.9189 92.9189
70.9004 70.9004
47.1233 47.1233
26.5131 26.5131
11.0477 11.0477
-9.22089 -9.22089
-31.5449 -31.5449
-52.0847 -52.0847
-68.8485 -68.8485
-93.7345 -93.7345
-106.815 -106.815
-125.257 -125.257
-150.984 -150.984
-161.5 -161.5
-138.599 -138.599
-108.564 -108.564
-85.7557 -85.7557
-60.7251 -60.7251
-42.9121 -42.9121
-29.4979 -29.4979
-13.0292 -13.0292
2.05867 2.05867
2.0727 2.0727
26.2387 26.2387
49.1397 49.1397
68.1604 68.1604
89.3543 89.3543
104.188 104.188
130.097 130.097
149.246 149.246
164.533 164.533
130.063 130.063
109.726 109.726
91.4885 91.4885
73.8118 73.8118
48.709 48.709
34.7931 34.7931
15.2184 15.2184
-9.40393 -9.40393
-35.9546 -35.9546
-63.7146 -63.7146
-70.6732 -70.6732
-84.8276 -84.8276
-111.625 -111.625
-129.679 -129.679
-145.801 -145.801
-161.104 -161.104
-126.19 -126.19
-101.49 -101.49
-91.7004 -91.7004
-75.301 -75.301
-51.5405 -51.5405
-31.2397 -31.2397
-12.5148 -12.5148
8.01348 8.01348
8.16337 8.16337
40.4444 40.4444
68.6051 68.6051
100.473 100.473
129.818 129.818
162.351 162.351
174.459 174.459
185.251 185.251
187.495 187.495
153.447 153.447
119.115 119.115
96.9875 96.9875
68.2856 68.2856
40.5727 40.5727
-2.37168 -2.37168
-35.8715 -35.8715
-54.4163 -54.4163
-83.5255 -83.5255
-113.847 -113.847
-132.283 -132.283
-144.309 -144.309
-161.549 -161.549
-172.619 -172.619
-180.941 -180.941
-183.785 -183.785
-143.235 -143.235
-110.544 -110.544
-88.2381 -88.2381
-65.8049 -65.8049
-39.9325 -39.9325
-16.153 -16.153
18.4988 18.4988
46.0045 46.0045
52.6796 52.6796
68.4115 68.4115
100.531 100.531
126.266 126.266
142.075 142.075
151.408 151.408
168.42 168.42
178.1 178.1
187.574 187.574
144.57 144.57
117.79 117.79
95.5188 95.5188
60.2028 60.2028
37.306 37.306
10.5748 10.5748
-25.984 -25.984
-49.194 -49.194
-75.1354 -75.1354
-104.681 -104.681
-128.668 -128.668
-136.246 -136.246
-146.815 -146.815
-159.207 -159.207
-173.55 -173.55
-183.731 -183.731
-139.56 -139.56
-115.034 -115.034
-76.0008 -76.0008
-42.6586 -42.6586
-23.2196 -23.2196
-0.103702 -0.103702
15.4285 15.4285
43.9835 43.9835
45.7352 45.7352
76.946 76.946
105.001 105.001
130.508 130.508
139.594 139.594
150.128 150.128
160.59 160.59
176.339 176.339
185.712 185.712
149.585 149.585
118.366 118.366
88.1595 88.1595
64.7258 64.7258
28.7843 28.7843
10.8236 10.8236
-21.7207 -21.7207
-48.1037 -48.1037
-82.4558 -82.4558
-115.595 -115.595
-126.269 -126.269
-135.895 -135.895
-147.137 -147.137
-161.374 -161.374
-173.646 -173.646
-183.259 -183.259
-138.091 -138.091
-113.124 -113.124
-86.4492 -86.4492
-51.9872 -51.9872
-23.192 -23.192
-7.39066 -7.39066
16.2484 16.2484
39.8713 39.8713
39.3894 39.3894
87.3933 87.3933
126.2 126.2
138.347 138.347
154.266 154.266
172.339 172.339
187.654 187.654
188.718 188.718
189.422 189.422
140.955 140.955
106.612 106.612
75.0087 75.0087
40.5093 40.5093
9.49985 9.49985
-25.5744 -25.5744
-61.6929 -61.6929
-87.1612 -87.1612
-120.233 -120.233
-134.461 -134.461
-145.668 -145.668
-159.278 -159.278
-174.721 -174.721
-184.017 -184.017
-184.99 -184.99
-185.69 -185.69
-139.642 -139.642
-102.675 -102.675
-64.6111 -64.6111
-19.4125 -19.4125
-4.20583 -4.20583
23.6785 23.6785
53.8373 53.8373
73.715 73.715
73.4317 73.4317
98.3142 98.3142
120.183 120.183
129.74 129.74
141.589 141.589
152.45 152.45
165.721 165.721
177.881 177.881
189.486 189.486
134.352 134.352
108.899 108.899
72.7996 72.7996
40.3216 40.3216
3.08602 3.08602
-22.2342 -22.2342
-47.1152 -47.1152
-71.9143 -71.9143
-100.619 -100.619
-117.682 -117.682
-128.301 -128.301
-138.858 -138.858
-154.259 -154.259
-165.674 -165.674
-179.876 -179.876
-185.728 -185.728
-128.061 -128.061
-94.4135 -94.4135
-61.8474 -61.8474
-26.0856 -26.0856
-4.74608 -4.74608
22.5797 22.5797
48.7297 48.7297
73.2217 73.2217
73.2555 73.2555
101.486 101.486
120.927 120.927
131.728 131.728
144.875 144.875
152.105 152.105
167.927 167.927
178.077 178.077
186.002 186.002
143.269 143.269
115.582 115.582
72.4306 72.4306
42.3794 42.3794
0.324241 0.324241
-24.6708 -24.6708
-50.7473 -50.7473
-68.8945 -68.8945
-103.066 -103.066
-117.281 -117.281
-132.878 -132.878
-141.667 -141.667
-149.75 -149.75
-163.041 -163.041
-173.654 -173.654
-183.363 -183.363
-139.809 -139.809
-94.2865 -94.2865
-60.2259 -60.2259
-30.8301 -30.8301
-7.52815 -7.52815
18.8254 18.8254
43.8607 43.8607
66.2352 66.2352
66.2341 66.2341
111.706 111.706
133.027 133.027
145.668 145.668
168.172 168.172
186.222 186.222
190.615 190.615
191.529 191.529
192.375 192.375
135.735 135.735
102.967 102.967
57.9961 57.9961
11.03 11.03
-28.1659 -28.1659
-56.1843 -56.1843
-75.3645 -75.3645
-108.726 -108.726
-125.27 -125.27
-138.616 -138.616
-151.533 -151.533
-171.135 -171.135
-185.138 -185.138
-186.736 -186.736
-187.88 -187.88
-189.046 -189.046
-132.372 -132.372
-92.9954 -92.9954
-49.9055 -49.9055
-7.44042 -7.44042
19.3039 19.3039
42.5775 42.5775
65.1702 65.1702
88.7702 88.7702
91.2956 91.2956
110.705 110.705
125.75 125.75
137.17 137.17
149.749 149.749
161.968 161.968
174.192 174.192
191.428 191.428
192.941 192.941
138.328 138.328
92.0329 92.0329
49.7159 49.7159
5.481 5.481
-22.3111 -22.3111
-43.7777 -43.7777
-68.4912 -68.4912
-85.0427 -85.0427
-108.818 -108.818
-122.759 -122.759
-132.471 -132.471
-145.75 -145.75
-159.138 -159.138
-168.462 -168.462
-178.747 -178.747
-188.802 -188.802
-133.785 -133.785
-89.3603 -89.3603
-44.8513 -44.8513
2.58669 2.58669
21.3089 21.3089
44.26 44.26
69.616 69.616
87.9772 87.9772
91.2362 91.2362
113.08 113.08
125.999 125.999
136.815 136.815
147.542 147.542
160.425 160.425
171.374 171.374
183.471 183.471
192.589 192.589
125.644 125.644
85.3341 85.3341
30.6218 30.6218
-4.75492 -4.75492
-24.072 -24.072
-54.9737 -54.9737
-65.4551 -65.4551
-92.0844 -92.0844
-114.397 -114.397
-125.774 -125.774
-134.057 -134.057
-146.172 -146.172
-159.288 -159.288
-170.078 -170.078
-180.227 -180.227
-188.987 -188.987
-125.596 -125.596
-87.368 -87.368
-41.5833 -41.5833
-1.69903 -1.69903
20.4217 20.4217
44.4051 44.4051
66.2548 66.2548
84.1315 84.1315
84.1647 84.1647
116.152 116.152
132.158 132.158
147.019 147.019
162.826 162.826
178.173 178.173
193.051 193.051
194.768 194.768
196.486 196.486
137.197 137.197
76.8075 76.8075
15.9448 15.9448
-18.385 -18.385
-42.2303 -42.2303
-66.8838 -66.8838
-85.6074 -85.6074
-113.648 -113.648
-126.171 -126.171
-141.425 -141.425
-154.77 -154.77
-166.433 -166.433
-180.949 -180.949
-189.298 -189.298
-191.069 -191.069
-192.61 -192.61
-121.787 -121.787
-69.8304 -69.8304
-12.8129 -12.8129
16.2805 16.2805
37.4435 37.4435
58.5353 58.5353
77.6061 77.6061
99.8546 99.8546
103.729 103.729
118.207 118.207
128.499 128.499
140.312 140.312
152.247 152.247
164.359 164.359
174.743 174.743
187.506 187.506
196.516 196.516
130.912 130.912
69.3377 69.3377
14.7786 14.7786
-15.2093 -15.2093
-35.7042 -35.7042
-57.4224 -57.4224
-78.7408 -78.7408
-100.487 -100.487
-116.398 -116.398
-128.581 -128.581
-139.949 -139.949
-151.466 -151.466
-160.292 -160.292
-171.377 -171.377
-184.475 -184.475
-192.455 -192.455
-123.249 -123.249
-54.253 -54.253
-9.66619 -9.66619
18.1532 18.1532
37.5781 37.5781
56.8807 56.8807
76.7476 76.7476
95.4501 95.4501
95.2278 95.2278
123.321 123.321
140.409 140.409
159.415 159.415
175.851 175.851
192.132 192.132
198.449 198.449
201.259 201.259
203.706 203.706
123.87 123.87
46.9428 46.9428
-9.98252 -9.98252
-33.9563 -33.9563
-57.9801 -57.9801
-82.8999 -82.8999
-103.232 -103.232
-122.868 -122.868
-135.925 -135.925
-147.672 -147.672
-162.784 -162.784
-176.124 -176.124
-189.541 -189.541
-194.576 -194.576
-197.098 -197.098
-199.658 -199.658
-115.29 -115.29
-36.8166 -36.8166
9.94777 9.94777
31.4153 31.4153
49.6769 49.6769
72.2374 72.2374
89.127 89.127
106.774 106.774
108.849 108.849
125.631 125.631
137.211 137.211
148.779 148.779
160.347 160.347
171.914 171.914
183.924 183.924
193.228 193.228
203.402 203.402
115.245 115.245
40.1671 40.1671
-10.4588 -10.4588
-26.9227 -26.9227
-49.7031 -49.7031
-69.1466 -69.1466
-84.817 -84.817
-106.662 -106.662
-126.377 -126.377
-138.493 -138.493
-147.552 -147.552
-158.645 -158.645
-167.593 -167.593
-180.403 -180.403
-190.047 -190.047
-199.55 -199.55
-105.206 -105.206
-27.5866 -27.5866
11.8265 11.8265
32.1078 32.1078
53.8732 53.8732
71.4675 71.4675
89.1885 89.1885
108.726 108.726
110.128 110.128
131.019 131.019
146.14 146.14
161.387 161.387
176.618 176.618
189.814 189.814
204.347 204.347
208.04 208.04
210.876 210.876
113.02 113.02
17.2942 17.2942
-16.6551 -16.6551
-38.5182 -38.5182
-61.9121 -61.9121
-82.1508 -82.1508
-105.017 -105.017
-125.006 -125.006
-136.783 -136.783
-150.369 -150.369
-163.076 -163.076
-175.246 -175.246
-187.922 -187.922
-200.096 -200.096
-203.458 -203.458
-206.655 -206.655
-106.779 -106.779
-14.0806 -14.0806
17.5435 17.5435
38.0954 38.0954
58.8793 58.8793
77.9199 77.9199
95.8886 95.8886
114.299 114.299
114.568 114.568
131.187 131.187
144.146 144.146
154.471 154.471
167.328 167.328
178.862 178.862
189.751 189.751
199.813 199.813
210.921 210.921
112.984 112.984
17.4005 17.4005
-15.7671 -15.7671
-36.2388 -36.2388
-56.062 -56.062
-73.3482 -73.3482
-91.9753 -91.9753
-118.103 -118.103
-130.07 -130.07
-140.567 -140.567
-153.187 -153.187
-162.982 -162.982
-174.83 -174.83
-184.899 -184.899
-196.709 -196.709
-206.856 -206.856
-101.051 -101.051
-8.19814 -8.19814
16.622 16.622
39.2635 39.2635
58.3408 58.3408
76.9682 76.9682
97.2971 97.2971
113.117 113.117
113.363 113.363
134.193 134.193
148.757 148.757
163.171 163.171
177.493 177.493
192.536 192.536
205.568 205.568
176.539 176.539
130.704 130.704
2.56466 2.56466
-19.0682 -19.0682
-40.0425 -40.0425
-57.9935 -57.9935
-79.7708 -79.7708
-97.5142 -97.5142
-118.373 -118.373
-133.261 -133.261
-145.036 -145.036
-156.081 -156.081
-167.916 -167.916
-179.939 -179.939
-191.264 -191.264
-202.366 -202.366
-172.624 -172.624
-129.192 -129.192
-7.22205 -7.22205
11.5337 11.5337
22.6854 22.6854
34.2257 34.2257
44.4641 44.4641
54.8472 54.8472
64.5303 64.5303
74.3843 74.3843
74.3868 74.3868
83.5626 83.5626
90.2149 90.2149
96.731 96.731
104.133 104.133
110.221 110.221
118.022 118.022
124.539 124.539
130.472 130.472
3.3883 3.3883
-11.954 -11.954
-22.0954 -22.0954
-33.2616 -33.2616
-44.1007 -44.1007
-54.137 -54.137
-66.6077 -66.6077
-76.8105 -76.8105
-82.88 -82.88
-91.1799 -91.1799
-96.7794 -96.7794
-103.677 -103.677
-110.975 -110.975
-116.507 -116.507
-123.882 -123.882
-126.269 -126.269
2.7821 2.7821
12.2666 12.2666
23.891 23.891
32.4843 32.4843
45.8717 45.8717
54.7918 54.7918
66.2148 66.2148
74.6598 74.6598
74.6367 74.6367
85.9763 85.9763
94.0363 94.0363
101.045 101.045
109.731 109.731
118.172 118.172
125.749 125.749
104.426 104.426
47.5493 47.5493
-8.8557 -8.8557
-20.0526 -20.0526
-30.4558 -30.4558
-42.1109 -42.1109
-52.8175 -52.8175
-63.4426 -63.4426
-75.803 -75.803
-81.5682 -81.5682
-88.5931 -88.5931
-95.2451 -95.2451
-102.005 -102.005
-108.495 -108.495
-114.99 -114.99
-121.867 -121.867
-102.396 -102.396
-46.2386 -46.2386
3.41717 3.41717
7.04918 7.04918
10.7358 10.7358
14.5486 14.5486
18.7225 18.7225
22.508 22.508
25.6624 25.6624
28.9936 28.9936
29.3207 29.3207
31.5814 31.5814
33.697 33.697
36.6621 36.6621
38.4158 38.4158
41.1702 41.1702
43.2391 43.2391
45.6934 45.6934
47.5327 47.5327
-3.17384 -3.17384
-6.98936 -6.98936
-10.5698 -10.5698
-14.8535 -14.8535
-17.5527 -17.5527
-21.3203 -21.3203
-24.5351 -24.5351
-28.1522 -28.1522
-30.6129 -30.6129
-32.5505 -32.5505
-35.2561 -35.2561
-37.1929 -37.1929
-39.6986 -39.6986
-42.1051 -42.1051
-44.5865 -44.5865
-46.2326 -46.2326
3.01521 3.01521
7.028 7.028
11.0039 11.0039
14.4256 14.4256
17.979 17.979
22.0489 22.0489
25.2638 25.2638
28.1057 28.1057
28.106 28.106
31.5762 31.5762
34.433 34.433
37.2633 37.2633
39.9288 39.9288
42.6042 42.6042
45.3148 45.3148
46.75 46.75
-45.815 -45.815
-45.7937 -45.7937
-45.815 -45.815
-45.815 -45.815
-45.815 -45.815
-45.7937 -45.7937
-45.815 -45.815
-45.7937 -45.7937
-45.815 -45.815
-45.815 -45.815
-45.815 -45.815
-45.815 -45.815
-45.815 -45.815
-45.815 -45.815
-45.815 -45.815
-45.815 -45.815
-45.815 -45.815
-45.815 -45.815
-45.815 -45.815
-45.815 -45.815
-45.815 -45.815
-45.815 -45.815
-45.815 -45.815
-45.815 -45.815
-45.815 -45.815
-44.8523 -44.8523
-41.399 -41.399
-36.69 -36.69
-36.7528 -36.7528
-36.7528 -36.7528
-36.7947 -36.7947
-32.6717 -32.6717
-28.2766 -28.2766
-21.8724 -21.8724
-15.7193 -15.7193
-12.6846 -12.6846
-12.0986 -12.0986
-12.1195 -12.1195
-12.1195 -12.1195
-12.0986 -12.0986
-12.1404 -12.1404
-12.266 -12.266
-12.4962 -12.4962
-12.4753 -12.4753
-12.4544 -12.4544
-12.4334 -12.4334
-12.4544 -12.4544
-12.4753 -12.4753
-12.4753 -12.4753
-12.4753 -12.4753
-12.4544 -12.4544
-12.4753 -12.4753
-12.4753 -12.4753
7.53477 7.53477
16.5854 16.5854
26.9809 26.9809
32.4775 32.4775
40.9074 40.9074
46.75 46.75
9.8932 9.8932
-0.230228 -0.230227
-17.8249 -17.8249
-27.9874 -27.9874
-38.8112 -38.8112
-45.3698 -45.3698
7.74463 7.74463
23.0678 23.0678
28.4589 28.4589
