0.561701 0.00069731
0.560582 0.00069592
0.574018 0.0007126
0.601736 0.00074701
0.620287 0.00077004
3.50927 0.0043565
3.43823 0.0042683
3.51072 0.0043583
3.6156 0.0044885
3.68407 0.0045735
6.80541 0.0084484
10.0457 0.012471
13.615 0.016902
11.5827 0.014379
11.4787 0.01425
8.42741 0.010462
5.72689 0.0071095
1.03615 0.0012863
-0.898173 -0.00084895
-2.19574 -0.0022813
-2.33488 -0.0024349
-5.04062 -0.0054217
-5.20876 -0.0056073
-5.19644 -0.0055937
-8.94786 -0.0097348
-8.99351 -0.0097852
-13.435 -0.014688
-11.4846 -0.012535
-8.1118 -0.0088119
-4.57191 -0.0049043
-0.808371 -0.00074982
4.09786 0.0053409
6.93283 0.0088603
10.6557 0.013482
13.898 0.017507
11.5257 0.014562
8.47195 0.010771
4.78997 0.0062001
0.993687 0.0014873
-2.72603 -0.0026188
-3.26449 -0.0032132
-6.85113 -0.0071724
-10.6972 -0.011418
-13.7718 -0.014812
-11.6357 -0.012454
-8.49642 -0.0089886
-4.41906 -0.0044877
-0.488183 -0.0001485
3.74099 0.0051017
7.98394 0.010369
12.0381 0.015402
13.1731 0.016811
13.1393 0.016769
11.2479 0.014421
8.14826 0.010573
4.92954 0.0065772
1.38982 0.0021829
-3.57116 -0.0032934
-8.71204 -0.0089683
-10.9629 -0.011453
-14.3492 -0.015191
-11.2401 -0.011759
-8.19197 -0.0083942
-4.9079 -0.004769
-0.653115 -7.2247e-05
-0.504291 9.2037e-05
-0.482193 0.00011643
7.0008 0.009406
7.20919 0.0096647
13.3145 0.017244
12.4204 0.016134
12.2029 0.015864
9.742 0.012809
3.03938 0.0044882
-0.210422 0.00056856
-6.1943 -0.0060369
-6.48057 -0.0063529
-14.2506 -0.01493
-23.2633 -0.024879
-30.0828 -0.037242
-25.1149 -0.031362
-18.964 -0.024082
-9.0188 -0.012311
-1.89297 -0.003877
11.4957 0.012744
15.6014 0.017841
22.2639 0.026798
27.4263 0.040343
27.7771 0.04131
22.1226 0.033449
16.5336 0.025679
8.42621 0.014408
-1.86873 0.0011355
-4.11471 -0.0015228
-5.47051 -0.0031275
-10.0876 -0.0085922
-18.9309 -0.019059
-25.9591 -0.028714
-30.4244 -0.038065
-23.5725 -0.0299
-17.5506 -0.022724
-10.4269 -0.014235
-1.16801 -0.0013631
1.99257 0.0030308
4.27156 0.0061991
7.6393 0.010881
16.1488 0.022711
22.5851 0.031659
28.1635 0.042375
18.8649 0.029344
16.3817 0.025864
7.55548 0.013495
-1.30373 0.0018024
-11.7576 -0.010655
-20.2005 -0.020716
-26.6697 -0.030195
-30.5945 -0.038475
-22.5059 -0.028804
-17.2107 -0.022473
-11.9005 -0.016124
-5.65015 -0.0086509
-0.709921 -0.0017277
-0.354203 -0.0012292
2.02957 0.0021114
16.8895 0.022936
28.6755 0.043786
39.44 0.073454
53.4802 0.11215
44.72 0.095491
34.3408 0.075753
20.9631 0.050313
4.83053 0.019634
-19.3574 -0.011354
-29.5624 -0.035984
-40.9036 -0.063316
-52.5083 -0.091279
-44.9001 -0.079403
-31.9694 -0.059219
-17.4666 -0.036581
-0.901623 -0.0050798
19.1637 0.033078
34.3729 0.062001
47.3683 0.090106
53.9446 0.11343
55.4032 0.11745
45.6811 0.098691
31.7325 0.071777
18.2784 0.045817
0.574063 0.011656
-9.2845 -0.0037326
-22.0213 -0.023614
-39.2423 -0.051197
-46.8659 -0.074231
-54.8344 -0.096884
-45.1082 -0.08142
-32.9391 -0.062072
-17.7862 -0.03798
4.85022 0.0056975
5.51199 0.0069744
6.0286 0.0079712
8.80431 0.013327
9.9165 0.015473
10.8141 0.017205
11.7926 0.019093
12.7706 0.02098
20.3149 0.035537
36.251 0.066286
48.7589 0.093196
55.61 0.11802
46.4352 0.10029
28.2149 0.06508
17.6869 0.044735
-0.803461 0.0095714
-23.4035 -0.026361
-41.1033 -0.054853
-48.1791 -0.076512
-55.8524 -0.099337
-53.2411 -0.095153
-44.0466 -0.080421
-33.4347 -0.063418
-33.308 -0.063215
-17.5309 -0.037936
0.00938692 -0.00404
2.19618 0.00018591
14.7129 0.024374
26.7964 0.047725
41.6706 0.076469
48.3972 0.091641
58.2768 0.12537
63.019 0.13844
73.7661 0.16806
79.2122 0.18307
66.7987 0.15551
56.5292 0.13271
46.3858 0.11019
36.5204 0.088287
26.8278 0.066768
12.1285 0.034133
6.03028 0.020594
-9.02733 -0.0035322
-28.0042 -0.033938
-40.1763 -0.053441
-48.614 -0.077604
-55.5696 -0.098488
-62.9958 -0.11655
-73.3045 -0.14139
-80.816 -0.15949
-89.971 -0.18155
-71.6465 -0.14614
-63.6823 -0.13075
-53.4463 -0.11097
-38.6087 -0.082298
-27.5131 -0.060857
-14.8707 -0.036427
-3.01854 -0.013524
5.26827 0.0048741
6.47629 0.0075561
15.8201 0.028301
25.9649 0.050824
34.8674 0.070589
43.6717 0.090136
54.461 0.11409
63.9062 0.13506
73.2766 0.1597
78.7423 0.18122
66.7748 0.15465
52.4695 0.12289
45.5241 0.10747
35.3393 0.084858
26.4602 0.065145
16.2407 0.042456
4.86767 0.017206
-5.88011 -0.0035629
-23.2043 -0.03704
-33.0015 -0.055972
-42.9281 -0.075154
-56.9087 -0.10217
-64.7901 -0.1174
-77.1945 -0.14137
-83.6398 -0.16006
-89.859 -0.18117
-76.725 -0.15579
-60.3567 -0.12416
-49.8723 -0.1039
-41.2094 -0.08716
-27.3401 -0.060359
-15.8652 -0.038185
-3.87223 -0.01501
5.80218 0.0064688
6.52762 0.0080794
16.1565 0.029457
24.6297 0.048269
34.4821 0.070143
45.7853 0.095238
57.3034 0.12081
66.0325 0.14019
74.6146 0.16498
78.5362 0.18041
64.6588 0.1496
55.718 0.12975
46.4485 0.10917
36.1609 0.08633
25.7054 0.063117
15.3503 0.040127
6.37984 0.020211
-5.68517 -0.0031033
-20.8046 -0.03232
-31.4381 -0.052868
-44.6797 -0.078456
-54.3993 -0.097238
-63.3685 -0.11457
-75.7418 -0.13848
-83.3061 -0.15896
-89.6435 -0.18044
-73.596 -0.14943
-65.5955 -0.13397
-50.847 -0.10547
-41.6407 -0.08768
-27.716 -0.060772
-18.6226 -0.0432
-6.31092 -0.019409
2.98496 0.0012294
3.09194 0.0014669
20.0236 0.039058
33.9163 0.069902
50.3781 0.10645
64.814 0.1385
76.2145 0.17129
86.8208 0.20404
100.489 0.24171
111.45 0.27192
96.4533 0.23415
82.8186 0.19981
69.4579 0.16616
54.4891 0.12846
42.3513 0.09789
29.7958 0.066268
16.175 0.031963
3.45533 -7.2485e-05
-17.6282 -0.040814
-32.991 -0.070501
-52.4224 -0.10805
-68.3146 -0.13876
-85.1177 -0.17123
-99.3915 -0.20425
-113.958 -0.23935
-126.844 -0.2704
-105.981 -0.22471
-94.5922 -0.19977
-76.5873 -0.16034
-57.1851 -0.11785
-45.1369 -0.091465
-28.9699 -0.05606
-13.6308 -0.022468
-0.797523 0.0098537
3.69124 0.021159
14.514 0.048417
36.7659 0.10446
42.2372 0.11824
54.6808 0.14958
69.7409 0.18751
81.6047 0.21739
93.1191 0.24639
112.107 0.27373
94.9865 0.23052
82.3871 0.19872
69.9303 0.16728
51.3165 0.1203
43.5588 0.10072
24.7872 0.053342
15.266 0.029311
-0.95912 -0.010282
-21.581 -0.055443
-36.5196 -0.088158
-47.1235 -0.11138
-60.2744 -0.14018
-76.4619 -0.17563
-94.1974 -0.21447
-106.673 -0.24179
-123.37 -0.26956
-103.991 -0.21765
-88.793 -0.18707
-76.1628 -0.15941
-59.8658 -0.12372
-45.2753 -0.091767
-31.299 -0.061159
-15.0778 -0.025635
-1.42019 0.004275
-3.80914e-10 0.0039785
17.2435 0.0475
30.3616 0.080609
42.2125 0.11052
54.0076 0.14029
71.73 0.18502
82.3404 0.2118
97.1506 0.24918
105.515 0.27029
86.4649 0.22221
71.9756 0.18564
59.8081 0.15493
45.4218 0.11862
34.9798 0.092265
19.076 0.052125
6.32525 0.019943
-11.3023 -0.018661
-28.496 -0.056315
-44.2007 -0.090708
-59.8228 -0.12492
-78.6585 -0.16617
-88.5216 -0.18777
-99.2477 -0.21126
-117.047 -0.25024
-127.919 -0.27299
-104.054 -0.22057
-90.5467 -0.1909
-70.6701 -0.14724
-51.1487 -0.10436
-42.746 -0.085903
-28.6526 -0.054946
-17.008 -0.029368
-2.883 0.0016584
-2.86561 0.0016966
14.9199 0.046586
34.5333 0.096089
51.7648 0.13958
69.8517 0.18523
88.8141 0.23309
114.062 0.27912
123.823 0.31939
128.68 0.36097
110.146 0.30966
93.6807 0.26408
77.9383 0.2205
62.2645 0.17711
45.5575 0.13086
28.7339 0.084287
12.3258 0.038864
-5.50465 -0.0018588
-31.8491 -0.059726
-46.0782 -0.090981
-68.1805 -0.13953
-86.7596 -0.18034
-108.211 -0.22746
-129.06 -0.27574
-143.109 -0.32033
-148.551 -0.36067
-127.481 -0.30993
-110.265 -0.26847
-91.678 -0.22371
-73.1288 -0.17904
-53.7948 -0.13248
-32.1927 -0.080458
-15.0956 -0.039285
1.03594 0.0053722
1.74792 0.0073432
17.2905 0.05037
33.6709 0.095716
48.006 0.1354
66.4866 0.18656
83.0562 0.23243
98.8059 0.27603
113.089 0.31557
128.197 0.35868
111.082 0.3113
93.7318 0.26327
79.1706 0.22296
60.5997 0.17155
45.5436 0.12987
29.2944 0.084887
14.5489 0.044067
-3.9549 -0.0016031
-28.5688 -0.060878
-43.1444 -0.095979
-62.89 -0.14353
-83.7272 -0.19371
-101.014 -0.23534
-116.764 -0.27327
-139.2 -0.3273
-148.445 -0.36024
-126.832 -0.30819
-110.878 -0.26977
-91.4399 -0.22296
-71.7654 -0.17558
-48.5654 -0.11971
-31.2242 -0.077949
-10.3641 -0.027714
0.0677421 0.0011647
-0.152049 0.0006354
19.9564 0.056302
34.5906 0.096814
49.5947 0.13835
67.4214 0.1877
85.9706 0.23905
104.141 0.28935
115.415 0.32056
128.663 0.36089
110.345 0.31018
91.7708 0.25876
77.625 0.2196
62.1535 0.17677
43.4237 0.12492
28.3362 0.083153
14.1095 0.043769
-6.21637 -0.0051795
-24.8704 -0.050102
-41.9799 -0.091305
-64.1148 -0.14461
-84.0343 -0.19258
-99.3114 -0.22937
-121.423 -0.28262
-140.176 -0.32778
-148.319 -0.35972
-126.871 -0.30807
-105.07 -0.25557
-89.6937 -0.21854
-70.2309 -0.17167
-53.4881 -0.13135
-33.4021 -0.082979
-16.1966 -0.041545
-0.520167 0.0018523
-0.492714 0.0019283
23.6511 0.068766
48.9712 0.13886
80.6945 0.22668
97.2244 0.27244
122.926 0.34359
135.543 0.41972
141.024 0.47676
141.171 0.54084
118.923 0.47014
96.4769 0.39881
75.3365 0.33163
54.13 0.26424
32.763 0.19634
12.7302 0.13268
-16.83 0.060922
-43.5238 -0.0033618
-72.3202 -0.072709
-101.716 -0.1435
-116.532 -0.20596
-131.417 -0.27788
-144.496 -0.34108
-155.379 -0.41129
-163.576 -0.47797
-163.742 -0.54015
-137.876 -0.4687
-111.448 -0.3957
-88.8982 -0.33341
-64.1397 -0.26502
-40.3622 -0.19934
-16.1286 -0.1324
7.29109 -0.057977
25.5235 -3.8169e-05
25.2773 -0.00082038
46.8795 0.067827
70.2551 0.14211
91.2067 0.20869
103.003 0.27471
112.807 0.34307
122.79 0.41268
131.83 0.47571
141.176 0.54282
118.792 0.4716
95.972 0.39899
74.5848 0.33094
54.1561 0.26594
29.9341 0.18887
9.80083 0.12481
-12.0065 0.064572
-39.1175 -0.010395
-64.6497 -0.080943
-88.4489 -0.14668
-108.953 -0.20943
-119.857 -0.27525
-131.025 -0.34266
-141.974 -0.40875
-152.803 -0.47412
-163.743 -0.54042
-138.076 -0.46951
-111.668 -0.39655
-79.3416 -0.30724
-59.0611 -0.25121
-33.6698 -0.18106
-12.1008 -0.12147
8.64844 -0.05545
26.3385 0.00083629
26.3049 0.00072937
57.4308 0.099766
75.5224 0.15733
94.7253 0.21843
103.083 0.27642
112.944 0.34538
122.277 0.41065
132.351 0.4811
141.023 0.54175
116.895 0.46498
96.0327 0.3986
75.3464 0.33278
50.854 0.25485
33.5336 0.19974
12.1401 0.13167
-12.3579 0.063074
-36.8045 -0.0044661
-61.1972 -0.071857
-85.1997 -0.13817
-108.821 -0.20902
-119.656 -0.2744
-130.574 -0.34028
-143.12 -0.41598
-152.778 -0.47426
-163.744 -0.54092
-135.929 -0.46405
-111.237 -0.39581
-85.5284 -0.32476
-58.2382 -0.24934
-37.7146 -0.19262
-13.5652 -0.12588
7.61114 -0.058501
26.6985 0.0022313
26.4547 0.0014557
56.3599 0.096608
83.2163 0.18206
102.857 0.27472
114.969 0.35946
128.793 0.45618
141.191 0.5492
141.389 0.63532
141.587 0.72116
115.532 0.62977
88.4432 0.53475
61.3655 0.43977
36.1408 0.35129
10.4173 0.26106
-16.9454 0.17205
-50.5352 0.068043
-76.602 -0.01267
-101.872 -0.10522
-114.381 -0.19331
-125.556 -0.272
-138.373 -0.36226
-152.175 -0.45945
-163.783 -0.55531
-164.003 -0.63783
-164.226 -0.72135
-132.982 -0.62606
-102.237 -0.53229
-75.0092 -0.44925
-42.8537 -0.35118
-14.4197 -0.26446
11.5442 -0.16859
31.2631 -0.079952
51.2137 0.0097276
50.9887 0.0089382
71.2713 0.099888
88.1042 0.19254
96.542 0.27594
106.007 0.36949
114.26 0.45106
123.371 0.54112
135.613 0.66212
141.59 0.72249
114.432 0.62717
87.85 0.53387
60.7552 0.43877
34.2188 0.34563
7.34897 0.25132
-18.7627 0.15216
-35.406 0.087081
-58.8829 -0.0047185
-85.2706 -0.1079
-101.887 -0.18842
-111.835 -0.27346
-122.175 -0.36186
-134.397 -0.46634
-144.487 -0.5526
-153.918 -0.63323
-164.227 -0.72167
-132.906 -0.62613
-102.725 -0.53407
-74.9284 -0.44928
-35.4704 -0.32892
-7.23413 -0.24279
12.8864 -0.16269
30.7791 -0.082111
49.7942 0.0035232
49.3511 0.0019677
74.0038 0.11255
89.4631 0.2065
97.6984 0.28802
104.712 0.35745
114.567 0.455
123.625 0.54466
133.616 0.64356
141.247 0.7191
114.517 0.62528
88.1059 0.53258
55.4468 0.41795
38.261 0.35763
11.095 0.26228
-14.482 0.16685
-63.6638 -0.024986
-63.0248 -0.023037
-86.4693 -0.11394
-107.388 -0.23656
-112.13 -0.27703
-122.716 -0.36738
-133.068 -0.45573
-143.376 -0.54371
-158.894 -0.67615
-164.262 -0.73476
-125.227 -0.61496
-96.3227 -0.52625
-68.8224 -0.44185
-39.4421 -0.35168
-10.7754 -0.2637
12.8063 -0.17221
31.9958 -0.084672
51.908 0.0061628
51.869 0.006026
82.834 0.14724
96.3474 0.27069
111.776 0.42476
124.359 0.55042
141.605 0.72938
141.902 0.85828
142.133 0.95867
142.423 1.0844
107.002 0.94164
71.9752 0.80047
36.3457 0.65687
5.22197 0.53143
-25.505 0.37225
-48.6202 0.24706
-71.3438 0.12399
-98.3925 -0.022504
-110.021 -0.14751
-122.208 -0.27946
-134.097 -0.40817
-149.11 -0.57071
-159.977 -0.68837
-164.511 -0.82797
-164.863 -0.95994
-165.188 -1.0815
-124.941 -0.94068
-87.1893 -0.80859
-39.863 -0.643
-8.28457 -0.53251
18.3479 -0.35546
32.663 -0.23994
47.3958 -0.12105
63.4404 0.0084264
63.4056 0.0082858
84.4254 0.17777
91.4791 0.28108
99.4239 0.40636
107.943 0.5407
118.951 0.71427
127.464 0.84851
134.658 0.96196
142.366 1.0835
106.937 0.94071
69.8414 0.7912
35.3383 0.65214
2.11803 0.51825
-16.6808 0.39323
-35.6051 0.26108
-57.9176 0.10527
-77.6085 -0.032233
-95.7219 -0.15872
-106.524 -0.28325
-116.791 -0.42295
-127.25 -0.56527
-136.857 -0.69599
-148.009 -0.84774
-156.764 -0.96687
-165.151 -1.081
-119.211 -0.92026
-80.5619 -0.78503
-22.9753 -0.58354
-2.13162 -0.51061
15.586 -0.37741
33.8257 -0.23026
47.9166 -0.11658
63.3741 0.0081247
63.2598 0.0076642
85.8734 0.19287
91.7679 0.2858
101.35 0.43686
109.327 0.56262
118.433 0.70619
126.149 0.82784
134.918 0.96608
142.425 1.0851
95.4292 0.89565
71.3796 0.7987
32.7712 0.64306
4.87906 0.53062
-16.7414 0.39394
-36.8135 0.25365
-55.8353 0.1207
-73.3879 -0.0019806
-95.1424 -0.15403
-105.52 -0.26903
-119.489 -0.45923
-127.123 -0.56319
-141.167 -0.75442
-146.41 -0.82581
-157.12 -0.97164
-164.439 -1.0713
-124.764 -0.93248
-83.9909 -0.78982
-49.3143 -0.66849
-8.99308 -0.52741
13.9572 -0.38388
33.9096 -0.22368
47.134 -0.1175
61.9271 0.001276
61.8301 0.00088494
85.9136 0.19739
97.8694 0.3852
107.961 0.54372
120.004 0.73291
131.024 0.90601
142.556 1.1421
142.85 1.2698
143.25 1.4436
100.895 1.2555
60.6106 1.0766
20.3267 0.8977
-13.1903 0.69551
-39.1915 0.47489
-53.8681 0.35036
-73.6984 0.1821
-94.7719 0.0032916
-111.821 -0.2351
-120.031 -0.3653
-132.277 -0.55953
-142.729 -0.72529
-155.766 -0.93206
-165.23 -1.0974
-165.867 -1.3357
-166.153 -1.4429
-107.006 -1.2148
-59.1895 -1.0304
-11.013 -0.84461
14.9444 -0.6272
26.0934 -0.49669
40.6535 -0.32625
58.1078 -0.12193
72.4637 0.04612
76.3543 0.091663
84.7241 0.18964
93.3764 0.36465
101.996 0.55113
111.068 0.74739
120.932 0.96078
131.005 1.1787
136.233 1.2918
143.254 1.4454
100.354 1.2548
59.5242 1.0734
16.4573 0.88206
-11.3777 0.69368
-29.7596 0.50746
-48.0852 0.32181
-63.7022 0.1636
-79.8907 -0.00040007
-98.6083 -0.19002
-108.301 -0.36186
-118.343 -0.54951
-128.797 -0.74485
-137.743 -0.91202
-148.664 -1.1161
-158.265 -1.2955
-166.1 -1.4419
-113.512 -1.2391
-48.4914 -0.98835
-24.4745 -0.89573
8.82136 -0.69804
22.6248 -0.53639
38.7236 -0.34786
53.8207 -0.17106
69.3895 0.011264
68.3061 0.0064503
89.3365 0.27847
103.245 0.57949
114.876 0.83122
128.547 1.1271
143.322 1.4749
143.758 1.6643
144.302 1.9003
144.881 2.152
87.5034 1.8603
36.3413 1.6002
-8.3163 1.3059
-31.6604 0.9984
-47.2732 0.79274
-66.6605 0.53736
-88.4863 0.24986
-108.052 -0.092118
-118.083 -0.32533
-133.587 -0.68578
-140.38 -0.8437
-151.365 -1.0991
-163.082 -1.3715
-166.715 -1.6531
-167.383 -1.9035
-168.097 -2.1708
-102.995 -1.8827
-36.0399 -1.5864
4.19776 -1.3471
20.3921 -1.0392
33.3329 -0.79316
48.0382 -0.51357
61.7148 -0.25354
75.5347 0.009214
70.2365 -0.017721
88.9988 0.29465
97.1894 0.56688
105.722 0.85048
113.645 1.1138
122.22 1.3988
130.319 1.668
137.525 1.9075
144.91 2.1643
90.5872 1.8876
30.0217 1.5791
-5.78195 1.3309
-23.975 1.0311
-38.9597 0.78417
-55.0143 0.51961
-71.1107 0.25436
-86.0682 0.0078783
-103.573 -0.31397
-114.927 -0.64071
-121.592 -0.83249
-131.384 -1.1143
-141.681 -1.4106
-150.18 -1.6552
-159.681 -1.9286
-168.118 -2.1785
-100.069 -1.877
-3.24281 -1.448
6.426 -1.3108
21.3045 -1.0264
33.4636 -0.79398
51.1325 -0.45624
64.7 -0.1969
75.9401 0.017954
77.2169 0.042359
92.2576 0.40574
103.542 0.78263
115.074 1.1678
125.23 1.507
136.014 1.8672
144.957 2.1847
145.896 2.5925
146.593 2.8954
78.0141 2.5099
10.3603 2.1296
-15.6948 1.762
-35.8712 1.3643
-52.5573 1.0354
-69.0911 0.7095
-87.325 0.35009
-103.598 -0.0086241
-116.221 -0.43315
-128.988 -0.86253
-137.702 -1.1556
-148.428 -1.5163
-159.941 -1.9035
-168.286 -2.2415
-169.235 -2.5966
-170.009 -2.8865
-92.6166 -2.5095
-17.4621 -2.1434
11.2515 -1.7612
28.2383 -1.3126
39.4732 -1.0159
51.1349 -0.70793
64.7944 -0.3472
77.5828 -0.0094745
78.036 0.0024933
90.739 0.38934
99.2538 0.77138
106.616 1.1017
115.312 1.4919
122.429 1.8112
132.251 2.2519
139.956 2.5976
146.415 2.8874
78.7431 2.507
10.6446 2.1242
-13.3429 1.7606
-28.6683 1.4117
-48.1149 0.96898
-59.8552 0.7017
-77.4454 0.30124
-93.0635 -0.054321
-108.472 -0.50786
-117.155 -0.84349
-124.365 -1.1222
-136.235 -1.581
-144.557 -1.9027
-154.792 -2.2983
-160.993 -2.538
-169.944 -2.884
-92.4493 -2.5065
-12.6143 -2.1176
10.4618 -1.78
25.9261 -1.3718
42.1242 -0.94423
55.617 -0.58807
66.1264 -0.31066
78.587 0.018254
77.95 0.014673
93.9743 0.53548
103.114 0.94539
112.72 1.3762
123.442 1.8571
133.329 2.3005
143.13 2.7401
120.597 3.1865
80.2185 3.6062
-0.550476 3.1043
-16.3815 2.662
-39.0596 2.0284
-62.4893 1.3738
-73.5062 1.066
-80.8265 0.86148
-98.0144 0.38127
-107.788 0.0013527
-117.858 -0.466
-129.055 -0.9857
-137.975 -1.3997
-147.181 -1.827
-156.888 -2.2775
-167.148 -2.7537
-140.051 -3.1898
-91.3098 -3.6249
-10.567 -3.1352
9.8388 -2.4725
15.2624 -2.1025
23.0753 -1.5695
31.3016 -1.0083
34.2113 -0.8098
39.7511 -0.43187
48.2437 0.15198
47.82 0.14941
51.5855 0.51299
56.2075 1.0123
59.775 1.3977
63.7591 1.8281
68.0339 2.2899
72.0411 2.7228
76.178 3.1697
80.1973 3.6039
-0.831537 3.0677
-8.45262 2.6112
-15.8233 2.1697
-22.7899 1.7524
-31.1105 1.254
-42.4892 0.57242
-45.8201 0.3729
-52.0618 -0.00097626
-57.9854 -0.46731
-63.049 -0.9471
-68.1243 -1.428
-72.3626 -1.8296
-77.267 -2.2943
-82.2578 -2.7672
-86.8181 -3.1993
-91.0903 -3.6041
-4.72497 -3.0803
7.03013 -2.6459
13.7873 -2.1863
20.5636 -1.7254
26.8063 -1.3008
34.5591 -0.77348
40.2539 -0.38614
45.933 0.00013522
45.9386 0.00051521
52.4534 0.61525
57.6422 1.1742
62.8565 1.7359
67.6855 2.2561
72.5071 2.7755
77.6815 3.3329
54.9157 3.8692
45.12 4.3374
-4.90742 3.7104
-13.4386 3.1271
-21.2633 2.5921
-29.0296 2.0611
-36.5369 1.5478
-44.0165 1.0364
-51.7247 0.50937
-57.9899 -0.044246
-63.9355 -0.68318
-68.4526 -1.1686
-73.807 -1.744
-78.1573 -2.2115
-83.2912 -2.7632
-88.2604 -3.2972
-65.7014 -3.8535
-52.3392 -4.3366
2.29928 -3.6922
6.58191 -3.038
10.1798 -2.4884
13.7836 -1.9379
17.3409 -1.3945
20.7663 -0.87124
25.0374 -0.2188
28.313 0.38391
29.2146 0.59599
30.1192 0.80879
33.2906 1.5548
35.2993 2.0273
37.1231 2.4563
39.4982 3.015
42.1191 3.6315
43.9654 4.0658
45.12 4.4067
-7.47954 3.1204
-10.7416 2.6872
-14.5979 2.1751
-21.9391 1.2002
-26.084 0.64976
-30.9877 -0.001444
-33.6429 -0.51446
-36.1637 -1.0298
-38.3825 -1.4834
-40.3338 -1.8823
-42.13 -2.2495
-44.1698 -2.6665
-48.4186 -3.5351
-49.9091 -3.8398
-50.4109 -3.9424
-52.3392 -4.3996
10.0186 -2.5505
13.3306 -2.0366
16.651 -1.5214
19.8386 -1.0268
23.1443 -0.51389
25.9945 -0.071638
27.6188 0.22616
27.678 0.24031
-0.435078 0.030423
