0.561701 0 -0.561701 0 0 0.561701 0
0.560582 0 -0.560582 0 0 0.560582 0
0.574018 0 -0.574018 0 0 0.574018 0
0.601736 0 -0.601736 0 0 0.601736 0
0.620287 0 -0.620287 0 0 0.620287 0
3.50927 0 -3.50927 0 0 3.50927 0
3.43823 0 -3.43823 0 0 3.43823 0
3.51072 0 -3.51072 0 0 3.51072 0
3.6156 0 -3.6156 0 0 3.6156 0
3.68407 0 -3.68407 0 0 3.68407 0
6.80541 0 -6.80541 0 0 6.80541 0
10.0457 0 -10.0457 0 0 10.0457 0
13.615 0 -13.615 0 0 13.615 0
11.5827 0 -11.5827 0 0 11.5827 0
11.4787 0 -11.4787 0 0 11.4787 0
8.42741 0 -8.42741 0 0 8.42741 0
5.72689 0 -5.72689 0 0 5.72689 0
1.03615 0 -1.03615 0 0 1.03615 0
-0.898173 0 0.898173 0 0 -0.898173 0
-2.19574 0 2.19574 0 0 -2.19574 0
-2.33488 0 2.33488 0 0 -2.33488 0
-5.04062 0 5.04062 0 0 -5.04062 0
-5.20876 0 5.20876 0 0 -5.20876 0
-5.19644 0 5.19644 0 0 -5.19644 0
-8.94786 0 8.94786 0 0 -8.94786 0
-8.99351 0 8.99351 0 0 -8.99351 0
-13.435 0 13.435 0 0 -13.435 0
-11.4846 0 11.4846 0 0 -11.4846 0
-8.1118 0 8.1118 0 0 -8.1118 0
-4.57191 0 4.57191 0 0 -4.57191 0
-0.808371 0 0.808371 0 0 -0.808371 0
4.09786 0 -4.09786 0 0 4.09786 0
6.93283 0 -6.93283 0 0 6.93283 0
10.6557 0 -10.6557 0 0 10.6557 0
13.898 0 -13.898 0 0 13.898 0
11.5257 0 -11.5257 0 0 11.5257 0
8.47195 0 -8.47195 0 0 8.47195 0
4.78997 0 -4.78997 0 0 4.78997 0
0.993687 0 -0.993687 0 0 0.993687 0
-2.72603 0 2.72603 0 0 -2.72603 0
-3.26449 0 3.26449 0 0 -3.26449 0
-6.85113 0 6.85113 0 0 -6.85113 0
-10.6972 0 10.6972 0 0 -10.6972 0
-13.7718 0 13.7718 0 0 -13.7718 0
-11.6357 0 11.6357 0 0 -11.6357 0
-8.49642 0 8.49642 0 0 -8.49642 0
-4.41906 0 4.41906 0 0 -4.41906 0
-0.488183 0 0.488183 0 0 -0.488183 0
3.74099 0 -3.74099 0 0 3.74099 0
7.98394 0 -7.98394 0 0 7.98394 0
12.0381 0 -12.0381 0 0 12.0381 0
13.1731 0 -13.1731 0 0 13.1731 0
13.1393 0 -13.1393 0 0 13.1393 0
11.2479 0 -11.2479 0 0 11.2479 0
8.14826 0 -8.14826 0 0 8.14826 0
4.92954 0 -4.92954 0 0 4.92954 0
1.38982 0 -1.38982 0 0 1.38982 0
-3.57116 0 3.57116 0 0 -3.57116 0
-8.71204 0 8.71204 0 0 -8.71204 0
-10.9629 0 10.9629 0 0 -10.9629 0
-14.3492 0 14.3492 0 0 -14.3492 0
-11.2401 0 11.2401 0 0 -11.2401 0
-8.19197 0 8.19197 0 0 -8.19197 0
-4.9079 0 4.9079 0 0 -4.9079 0
-0.653115 0 0.653115 0 0 -0.653115 0
-0.504291 0 0.504291 0 0 -0.504291 0
-0.482193 0 0.482193 0 0 -0.482193 0
7.0008 0 -7.0008 0 0 7.0008 0
7.20919 0 -7.20919 0 0 7.20919 0
13.3145 0 -13.3145 0 0 13.3145 0
12.4204 0 -12.4204 0 0 12.4204 0
12.2029 0 -12.2029 0 0 12.2029 0
9.742 0 -9.742 0 0 9.742 0
3.03938 0 -3.03938 0 0 3.03938 0
-0.210422 0 0.210422 0 0 -0.210422 0
-6.1943 0 6.1943 0 0 -6.1943 0
-6.48057 0 6.48057 0 0 -6.48057 0
-14.2506 0 14.2506 0 0 -14.2506 0
-23.2633 0 23.2633 0 0 -23.2633 0
-30.0828 0 30.0828 0 0 -30.0828 0
-25.1149 0 25.1149 0 0 -25.1149 0
-18.964 0 18.964 0 0 -18.964 0
-9.0188 0 9.0188 0 0 -9.0188 0
-1.89297 0 1.89297 0 0 -1.89297 0
11.4957 0 -11.4957 0 0 11.4957 0
15.6014 0 -15.6014 0 0 15.6014 0
22.2639 0 -22.2639 0 0 22.2639 0
27.4263 0 -27.4263 0 0 27.4263 0
27.7771 0 -27.7771 0 0 27.7771 0
22.1226 0 -22.1226 0 0 22.1226 0
16.5336 0 -16.5336 0 0 16.5336 0
8.42621 0 -8.42621 0 0 8.42621 0
-1.86873 0 1.86873 0 0 -1.86873 0
-4.11471 0 4.11471 0 0 -4.11471 0
-5.47051 0 5.47051 0 0 -5.47051 0
-10.0876 0 10.0876 0 0 -10.0876 0
-18.9309 0 18.9309 0 0 -18.9309 0
-25.9591 0 25.9591 0 0 -25.9591 0
-30.4244 0 30.4244 0 0 -30.4244 0
-23.5725 0 23.5725 0 0 -23.5725 0
-17.5506 0 17.5506 0 0 -17.5506 0
-10.4269 0 10.4269 0 0 -10.4269 0
-1.16801 0 1.16801 0 0 -1.16801 0
1.99257 0 -1.99257 0 0 1.99257 0
4.27156 0 -4.27156 0 0 4.27156 0
7.6393 0 -7.6393 0 0 7.6393 0
16.1488 0 -16.1488 0 0 16.1488 0
22.5851 0 -22.5851 0 0 22.5851 0
28.1635 0 -28.1635 0 0 28.1635 0
18.8649 0 -18.8649 0 0 18.8649 0
16.3817 0 -16.3817 0 0 16.3817 0
7.55548 0 -7.55548 0 0 7.55548 0
-1.30373 0 1.30373 0 0 -1.30373 0
-11.7576 0 11.7576 0 0 -11.7576 0
-20.2005 0 20.2005 0 0 -20.2005 0
-26.6697 0 26.6697 0 0 -26.6697 0
-30.5945 0 30.5945 0 0 -30.5945 0
-22.5059 0 22.5059 0 0 -22.5059 0
-17.2107 0 17.2107 0 0 -17.2107 0
-11.9005 0 11.9005 0 0 -11.9005 0
-5.65015 0 5.65015 0 0 -5.65015 0
-0.709921 0 0.709921 0 0 -0.709921 0
-0.354203 0 0.354203 0 0 -0.354203 0
2.02957 0 -2.02957 0 0 2.02957 0
16.8895 0 -16.8895 0 0 16.8895 0
28.6755 0 -28.6755 0 0 28.6755 0
39.44 0 -39.44 0 0 39.44 0
53.4802 0 -53.4802 0 0 53.4802 0
44.72 0 -44.72 0 0 44.72 0
34.3408 0 -34.3408 0 0 34.3408 0
20.9631 0 -20.9631 0 0 20.9631 0
4.83053 0 -4.83053 0 0 4.83053 0
-19.3574 0 19.3574 0 0 -19.3574 0
-29.5624 0 29.5624 0 0 -29.5624 0
-40.9036 0 40.9036 0 0 -40.9036 0
-52.5083 0 52.5083 0 0 -52.5083 0
-44.9001 0 44.9001 0 0 -44.9001 0
-31.9694 0 31.9694 0 0 -31.9694 0
-17.4666 0 17.4666 0 0 -17.4666 0
-0.901623 0 0.901623 0 0 -0.901623 0
19.1637 0 -19.1637 0 0 19.1637 0
34.3729 0 -34.3729 0 0 34.3729 0
47.3683 0 -47.3683 0 0 47.3683 0
53.9446 0 -53.9446 0 0 53.9446 0
55.4032 0 -55.4032 0 0 55.4032 0
45.6811 0 -45.6811 0 0 45.6811 0
31.7325 0 -31.7325 0 0 31.7325 0
18.2784 0 -18.2784 0 0 18.2784 0
0.574063 0 -0.574063 0 0 0.574063 0
-9.2845 0 9.2845 0 0 -9.2845 0
-22.0213 0 22.0213 0 0 -22.0213 0
-39.2423 0 39.2423 0 0 -39.2423 0
-46.8659 0 46.8659 0 0 -46.8659 0
-54.8344 0 54.8344 0 0 -54.8344 0
-45.1082 0 45.1082 0 0 -45.1082 0
-32.9391 0 32.9391 0 0 -32.9391 0
-17.7862 0 17.7862 0 0 -17.7862 0
4.85022 0 -4.85022 0 0 4.85022 0
5.51199 0 -5.51199 0 0 5.51199 0
6.0286 0 -6.0286 0 0 6.0286 0
8.80431 0 -8.80431 0 0 8.80431 0
9.9165 0 -9.9165 0 0 9.9165 0
10.8141 0 -10.8141 0 0 10.8141 0
11.7926 0 -11.7926 0 0 11.7926 0
12.7706 0 -12.7706 0 0 12.7706 0
20.3149 0 -20.3149 0 0 20.3149 0
36.251 0 -36.251 0 0 36.251 0
48.7589 0 -48.7589 0 0 48.7589 0
55.61 0 -55.61 0 0 55.61 0
46.4352 0 -46.4352 0 0 46.4352 0
28.2149 0 -28.2149 0 0 28.2149 0
17.6869 0 -17.6869 0 0 17.6869 0
-0.803461 0 0.803461 0 0 -0.803461 0
-23.4035 0 23.4035 0 0 -23.4035 0
-41.1033 0 41.1033 0 0 -41.1033 0
-48.1791 0 48.1791 0 0 -48.1791 0
-55.8524 0 55.8524 0 0 -55.8524 0
-53.2411 0 53.2411 0 0 -53.2411 0
-44.0466 0 44.0466 0 0 -44.0466 0
-33.4347 0 33.4347 0 0 -33.4347 0
-33.308 0 33.308 0 0 -33.308 0
-17.5309 0 17.5309 0 0 -17.5309 0
0.00938692 0 -0.00938692 0 0 0.00938692 0
2.19618 0 -2.19618 0 0 2.19618 0
14.7129 0 -14.7129 0 0 14.7129 0
26.7964 0 -26.7964 0 0 26.7964 0
41.6706 0 -41.6706 0 0 41.6706 0
48.3972 0 -48.3972 0 0 48.3972 0
58.2768 0 -58.2768 0 0 58.2768 0
63.019 0 -63.019 0 0 63.019 0
73.7661 0 -73.7661 0 0 73.7661 0
79.2122 0 -79.2122 0 0 79.2122 0
66.7987 0 -66.7987 0 0 66.7987 0
56.5292 0 -56.5292 0 0 56.5292 0
46.3858 0 -46.3858 0 0 46.3858 0
36.5204 0 -36.5204 0 0 36.5204 0
26.8278 0 -26.8278 0 0 26.8278 0
12.1285 0 -12.1285 0 0 12.1285 0
6.03028 0 -6.03028 0 0 6.03028 0
-9.02733 0 9.02733 0 0 -9.02733 0
-28.0042 0 28.0042 0 0 -28.0042 0
-40.1763 0 40.1763 0 0 -40.1763 0
-48.614 0 48.614 0 0 -48.614 0
-55.5696 0 55.5696 0 0 -55.5696 0
-62.9958 0 62.9958 0 0 -62.9958 0
-73.3045 0 73.3045 0 0 -73.3045 0
-80.816 0 80.816 0 0 -80.816 0
-89.971 0 89.971 0 0 -89.971 0
-71.6465 0 71.6465 0 0 -71.6465 0
-63.6823 0 63.6823 0 0 -63.6823 0
-53.4463 0 53.4463 0 0 -53.4463 0
-38.6087 0 38.6087 0 0 -38.6087 0
-27.5131 0 27.5131 0 0 -27.5131 0
-14.8707 0 14.8707 0 0 -14.8707 0
-3.01854 0 3.01854 0 0 -3.01854 0
5.26827 0 -5.26827 0 0 5.26827 0
6.47629 0 -6.47629 0 0 6.47629 0
15.8201 0 -15.8201 0 0 15.8201 0
25.9649 0 -25.9649 0 0 25.9649 0
34.8674 0 -34.8674 0 0 34.8674 0
43.6717 0 -43.6717 0 0 43.6717 0
54.461 0 -54.461 0 0 54.461 0
63.9062 0 -63.9062 0 0 63.9062 0
73.2766 0 -73.2766 0 0 73.2766 0
78.7423 0 -78.7423 0 0 78.7423 0
66.7748 0 -66.7748 0 0 66.7748 0
52.4695 0 -52.4695 0 0 52.4695 0
45.5241 0 -45.5241 0 0 45.5241 0
35.3393 0 -35.3393 0 0 35.3393 0
26.4602 0 -26.4602 0 0 26.4602 0
16.2407 0 -16.2407 0 0 16.2407 0
4.86767 0 -4.86767 0 0 4.86767 0
-5.88011 0 5.88011 0 0 -5.88011 0
-23.2043 0 23.2043 0 0 -23.2043 0
-33.0015 0 33.0015 0 0 -33.0015 0
-42.9281 0 42.9281 0 0 -42.9281 0
-56.9087 0 56.9087 0 0 -56.9087 0
-64.7901 0 64.7901 0 0 -64.7901 0
-77.1945 0 77.1945 0 0 -77.1945 0
-83.6398 0 83.6398 0 0 -83.6398 0
-89.859 0 89.859 0 0 -89.859 0
-76.725 0 76.725 0 0 -76.725 0
-60.3567 0 60.3567 0 0 -60.3567 0
-49.8723 0 49.8723 0 0 -49.8723 0
-41.2094 0 41.2094 0 0 -41.2094 0
-27.3401 0 27.3401 0 0 -27.3401 0
-15.8652 0 15.8652 0 0 -15.8652 0
-3.87223 0 3.87223 0 0 -3.87223 0
5.80218 0 -5.80218 0 0 5.80218 0
6.52762 0 -6.52762 0 0 6.52762 0
16.1565 0 -16.1565 0 0 16.1565 0
24.6297 0 -24.6297 0 0 24.6297 0
34.4821 0 -34.4821 0 0 34.4821 0
45.7853 0 -45.7853 0 0 45.7853 0
57.3034 0 -57.3034 0 0 57.3034 0
66.0325 0 -66.0325 0 0 66.0325 0
74.6146 0 -74.6146 0 0 74.6146 0
78.5362 0 -78.5362 0 0 78.5362 0
64.6588 0 -64.6588 0 0 64.6588 0
55.718 0 -55.718 0 0 55.718 0
46.4485 0 -46.4485 0 0 46.4485 0
36.1609 0 -36.1609 0 0 36.1609 0
25.7054 0 -25.7054 0 0 25.7054 0
15.3503 0 -15.3503 0 0 15.3503 0
6.37984 0 -6.37984 0 0 6.37984 0
-5.68517 0 5.68517 0 0 -5.68517 0
-20.8046 0 20.8046 0 0 -20.8046 0
-31.4381 0 31.4381 0 0 -31.4381 0
-44.6797 0 44.6797 0 0 -44.6797 0
-54.3993 0 54.3993 0 0 -54.3993 0
-63.3685 0 63.3685 0 0 -63.3685 0
-75.7418 0 75.7418 0 0 -75.7418 0
-83.3061 0 83.3061 0 0 -83.3061 0
-89.6435 0 89.6435 0 0 -89.6435 0
-73.596 0 73.596 0 0 -73.596 0
-65.5955 0 65.5955 0 0 -65.5955 0
-50.847 0 50.847 0 0 -50.847 0
-41.6407 0 41.6407 0 0 -41.6407 0
-27.716 0 27.716 0 0 -27.716 0
-18.6226 0 18.6226 0 0 -18.6226 0
-6.31092 0 6.31092 0 0 -6.31092 0
2.98496 0 -2.98496 0 0 2.98496 0
3.09194 0 -3.09194 0 0 3.09194 0
20.0236 0 -20.0236 0 0 20.0236 0
33.9163 0 -33.9163 0 0 33.9163 0
50.3781 0 -50.3781 0 0 50.3781 0
64.814 0 -64.814 0 0 64.814 0
76.2145 0 -76.2145 0 0 76.2145 0
86.8208 0 -86.8208 0 0 86.8208 0
100.489 0 -100.489 0 0 100.489 0
111.45 0 -111.45 0 0 111.45 0
96.4533 0 -96.4533 0 0 96.4533 0
82.8186 0 -82.8186 0 0 82.8186 0
69.4579 0 -69.4579 0 0 69.4579 0
54.4891 0 -54.4891 0 0 54.4891 0
42.3513 0 -42.3513 0 0 42.3513 0
29.7958 0 -29.7958 0 0 29.7958 0
16.175 0 -16.175 0 0 16.175 0
3.45533 0 -3.45533 0 0 3.45533 0
-17.6282 0 17.6282 0 0 -17.6282 0
-32.991 0 32.991 0 0 -32.991 0
-52.4224 0 52.4224 0 0 -52.4224 0
-68.3146 0 68.3146 0 0 -68.3146 0
-85.1177 0 85.1177 0 0 -85.1177 0
-99.3915 0 99.3915 0 0 -99.3915 0
-113.958 0 113.958 0 0 -113.958 0
-126.844 0 126.844 0 0 -126.844 0
-105.981 0 105.981 0 0 -105.981 0
-94.5922 0 94.5922 0 0 -94.5922 0
-76.5873 0 76.5873 0 0 -76.5873 0
-57.1851 0 57.1851 0 0 -57.1851 0
-45.1369 0 45.1369 0 0 -45.1369 0
-28.9699 0 28.9699 0 0 -28.9699 0
-13.6308 0 13.6308 0 0 -13.6308 0
-0.797523 0 0.797523 0 0 -0.797523 0
3.69124 0 -3.69124 0 0 3.69124 0
14.514 0 -14.514 0 0 14.514 0
36.7659 0 -36.7659 0 0 36.7659 0
42.2372 0 -42.2372 0 0 42.2372 0
54.6808 0 -54.6808 0 0 54.6808 0
69.7409 0 -69.7409 0 0 69.7409 0
81.6047 0 -81.6047 0 0 81.6047 0
93.1191 0 -93.1191 0 0 93.1191 0
112.107 0 -112.107 0 0 112.107 0
94.9865 0 -94.9865 0 0 94.9865 0
82.3871 0 -82.3871 0 0 82.3871 0
69.9303 0 -69.9303 0 0 69.9303 0
51.3165 0 -51.3165 0 0 51.3165 0
43.5588 0 -43.5588 0 0 43.5588 0
24.7872 0 -24.7872 0 0 24.7872 0
15.266 0 -15.266 0 0 15.266 0
-0.95912 0 0.95912 0 0 -0.95912 0
-21.581 0 21.581 0 0 -21.581 0
-36.5196 0 36.5196 0 0 -36.5196 0
-47.1235 0 47.1235 0 0 -47.1235 0
-60.2744 0 60.2744 0 0 -60.2744 0
-76.4619 0 76.4619 0 0 -76.4619 0
-94.1974 0 94.1974 0 0 -94.1974 0
-106.673 0 106.673 0 0 -106.673 0
-123.37 0 126.848 0 0 -126.848 0
-103.991 0 102.602 0 0 -102.602 0
-88.793 0 88.793 0 0 -88.793 0
-76.1628 0 76.1628 0 0 -76.1628 0
-59.8658 0 59.8658 0 0 -59.8658 0
-45.2753 0 45.2753 0 0 -45.2753 0
-31.299 0 31.299 0 0 -31.299 0
-15.0778 0 15.0778 0 0 -15.0778 0
-1.42019 0 1.42019 0 0 -1.42019 0
-3.80914e-10 0 0 0 0 0 0
17.2435 0 -17.2435 0 0 17.2435 0
30.3616 0 -30.3616 0 0 30.3616 0
42.2125 0 -42.2125 0 0 42.2125 0
54.0076 0 -54.0076 0 0 54.0076 0
71.73 0 -71.73 0 0 71.73 0
82.3404 0 -82.3404 0 0 82.3404 0
97.1506 0 -97.1506 0 0 97.1506 0
105.515 0 -105.515 0 0 105.515 0
86.4649 0 -86.4649 0 0 86.4649 0
71.9756 0 -71.9756 0 0 71.9756 0
59.8081 0 -59.8081 0 0 59.8081 0
45.4218 0 -45.4218 0 0 45.4218 0
34.9798 0 -34.9798 0 0 34.9798 0
19.076 0 -19.076 0 0 19.076 0
6.32525 0 -6.32525 0 0 6.32525 0
-11.3023 0 11.3023 0 0 -11.3023 0
-28.496 0 28.496 0 0 -28.496 0
-44.2007 0 44.2007 0 0 -44.2007 0
-59.8228 0 59.8228 0 0 -59.8228 0
-78.6585 0 78.6585 0 0 -78.6585 0
-88.5216 0 88.5216 0 0 -88.5216 0
-99.2477 0 99.2477 0 0 -99.2477 0
-117.047 0 117.047 0 0 -117.047 0
-127.919 0 127.919 0 0 -127.919 0
-104.054 0 104.054 0 0 -104.054 0
-90.5467 0 90.5467 0 0 -90.5467 0
-70.6701 0 70.6701 0 0 -70.6701 0
-51.1487 0 51.1487 0 0 -51.1487 0
-42.746 0 42.746 0 0 -42.746 0
-28.6526 0 28.6526 0 0 -28.6526 0
-17.008 0 17.008 0 0 -17.008 0
-2.883 0 2.883 0 0 -2.883 0
-2.86561 0 2.86561 0 0 -2.86561 0
14.9199 0 -14.9199 0 0 14.9199 0
34.5333 0 -34.5333 0 0 34.5333 0
51.7648 0 -51.7648 0 0 51.7648 0
69.8517 0 -69.8517 0 0 69.8517 0
88.8141 0 -88.8141 0 0 88.8141 0
114.062 0 -114.062 0 0 114.062 0
123.823 0 -123.823 0 0 123.823 0
128.68 0 -128.68 0 0 128.68 0
110.146 0 -110.146 0 0 110.146 0
93.6807 0 -93.6807 0 0 93.6807 0
77.9383 0 -77.9383 0 0 77.9383 0
62.2645 0 -62.2645 0 0 62.2645 0
45.5575 0 -45.5575 0 0 45.5575 0
28.7339 0 -28.7339 0 0 28.7339 0
12.3258 0 -12.3258 0 0 12.3258 0
-5.50465 0 5.50465 0 0 -5.50465 0
-31.8491 0 31.8491 0 0 -31.8491 0
-46.0782 0 46.0782 0 0 -46.0782 0
-68.1805 0 68.1805 0 0 -68.1805 0
-86.7596 0 86.7596 0 0 -86.7596 0
-108.211 0 108.211 0 0 -108.211 0
-129.06 0 129.06 0 0 -129.06 0
-143.109 0 143.109 0 0 -143.109 0
-148.551 0 148.551 0 0 -148.551 0
-127.481 0 127.481 0 0 -127.481 0
-110.265 0 110.265 0 0 -110.265 0
-91.678 0 91.678 0 0 -91.678 0
-73.1288 0 73.1288 0 0 -73.1288 0
-53.7948 0 53.7948 0 0 -53.7948 0
-32.1927 0 32.1927 0 0 -32.1927 0
-15.0956 0 15.0956 0 0 -15.0956 0
1.03594 0 -1.03594 0 0 1.03594 0
1.74792 0 -1.74792 0 0 1.74792 0
17.2905 0 -17.2905 0 0 17.2905 0
33.6709 0 -33.6709 0 0 33.6709 0
48.006 0 -48.006 0 0 48.006 0
66.4866 0 -66.4866 0 0 66.4866 0
83.0562 0 -83.0562 0 0 83.0562 0
98.8059 0 -98.8059 0 0 98.8059 0
113.089 0 -113.089 0 0 113.089 0
128.197 0 -128.197 0 0 128.197 0
111.082 0 -111.082 0 0 111.082 0
93.7318 0 -93.7318 0 0 93.7318 0
79.1706 0 -79.1706 0 0 79.1706 0
60.5997 0 -60.5997 0 0 60.5997 0
45.5436 0 -45.5436 0 0 45.5436 0
29.2944 0 -29.2944 0 0 29.2944 0
14.5489 0 -14.5489 0 0 14.5489 0
-3.9549 0 3.9549 0 0 -3.9549 0
-28.5688 0 28.5688 0 0 -28.5688 0
-43.1444 0 43.1444 0 0 -43.1444 0
-62.89 0 62.89 0 0 -62.89 0
-83.7272 0 83.7272 0 0 -83.7272 0
-101.014 0 101.014 0 0 -101.014 0
-116.764 0 116.764 0 0 -116.764 0
-139.2 0 139.2 0 0 -139.2 0
-148.445 0 148.445 0 0 -148.445 0
-126.832 0 126.832 0 0 -126.832 0
-110.878 0 110.878 0 0 -110.878 0
-91.4399 0 91.4399 0 0 -91.4399 0
-71.7654 0 71.7654 0 0 -71.7654 0
-48.5654 0 48.5654 0 0 -48.5654 0
-31.2242 0 31.2242 0 0 -31.2242 0
-10.3641 0 10.3641 0 0 -10.3641 0
0.0677421 0 -0.0677421 0 0 0.0677421 0
-0.152049 0 0.152049 0 0 -0.152049 0
19.9564 0 -19.9564 0 0 19.9564 0
34.5906 0 -34.5906 0 0 34.5906 0
49.5947 0 -49.5947 0 0 49.5947 0
67.4214 0 -67.4214 0 0 67.4214 0
85.9706 0 -85.9706 0 0 85.9706 0
104.141 0 -104.141 0 0 104.141 0
115.415 0 -115.415 0 0 115.415 0
128.663 0 -128.663 0 0 128.663 0
110.345 0 -110.345 0 0 110.345 0
91.7708 0 -91.7708 0 0 91.7708 0
77.625 0 -77.625 0 0 77.625 0
62.1535 0 -62.1535 0 0 62.1535 0
43.4237 0 -43.4237 0 0 43.4237 0
28.3362 0 -28.3362 0 0 28.3362 0
14.1095 0 -14.1095 0 0 14.1095 0
-6.21637 0 6.21637 0 0 -6.21637 0
-24.8704 0 24.8704 0 0 -24.8704 0
-41.9799 0 41.9799 0 0 -41.9799 0
-64.1148 0 64.1148 0 0 -64.1148 0
-84.0343 0 84.0343 0 0 -84.0343 0
-99.3114 0 99.3114 0 0 -99.3114 0
-121.423 0 121.423 0 0 -121.423 0
-140.176 0 140.176 0 0 -140.176 0
-148.319 0 148.319 0 0 -148.319 0
-126.871 0 126.871 0 0 -126.871 0
-105.07 0 105.07 0 0 -105.07 0
-89.6937 0 89.6937 0 0 -89.6937 0
-70.2309 0 70.2309 0 0 -70.2309 0
-53.4881 0 53.4881 0 0 -53.4881 0
-33.4021 0 33.4021 0 0 -33.4021 0
-16.1966 0 16.1966 0 0 -16.1966 0
-0.520167 0 0.520167 0 0 -0.520167 0
-0.492714 0 0.492714 0 0 -0.492714 0
23.6511 0 -23.6511 0 0 23.6511 0
48.9712 0 -48.9712 0 0 48.9712 0
80.6945 0 -80.6945 0 0 80.6945 0
97.2244 0 -97.2244 0 0 97.2244 0
122.926 0 -122.926 0 0 122.926 0
135.543 0 -135.543 0 0 135.543 0
141.024 0 -141.024 0 0 141.024 0
141.171 0 -141.171 0 0 141.171 0
118.923 0 -118.923 0 0 118.923 0
96.4769 0 -96.4769 0 0 96.4769 0
75.3365 0 -75.3365 0 0 75.3365 0
54.13 0 -54.13 0 0 54.13 0
32.763 0 -32.763 0 0 32.763 0
12.7302 0 -12.7302 0 0 12.7302 0
-16.83 0 16.83 0 0 -16.83 0
-43.5238 0 43.5238 0 0 -43.5238 0
-72.3202 0 72.3202 0 0 -72.3202 0
-101.716 0 101.716 0 0 -101.716 0
-116.532 0 116.532 0 0 -116.532 0
-131.417 0 131.417 0 0 -131.417 0
-144.496 0 144.496 0 0 -144.496 0
-155.379 0 155.379 0 0 -155.379 0
-163.576 0 163.576 0 0 -163.576 0
-163.742 0 163.742 0 0 -163.742 0
-137.876 0 137.876 0 0 -137.876 0
-111.448 0 111.448 0 0 -111.448 0
-88.8982 0 88.8982 0 0 -88.8982 0
-64.1397 0 64.1397 0 0 -64.1397 0
-40.3622 0 40.3622 0 0 -40.3622 0
-16.1286 0 16.1286 0 0 -16.1286 0
7.29109 0 -7.29109 0 0 7.29109 0
25.5235 0 -25.5235 0 0 25.5235 0
25.2773 0 -25.2773 0 0 25.2773 0
46.8795 0 -46.8795 0 0 46.8795 0
70.2551 0 -70.2551 0 0 70.2551 0
91.2067 0 -91.2067 0 0 91.2067 0
103.003 0 -103.003 0 0 103.003 0
112.807 0 -112.807 0 0 112.807 0
122.79 0 -122.79 0 0 122.79 0
131.83 0 -131.83 0 0 131.83 0
141.176 0 -141.176 0 0 141.176 0
118.792 0 -118.792 0 0 118.792 0
95.972 0 -95.972 0 0 95.972 0
74.5848 0 -74.5848 0 0 74.5848 0
54.1561 0 -54.1561 0 0 54.1561 0
29.9341 0 -29.9341 0 0 29.9341 0
9.80083 0 -9.80083 0 0 9.80083 0
-12.0065 0 11.9681 0 0 -11.9681 0
-39.1175 0 39.1104 0 0 -39.1104 0
-64.6497 0 64.6509 0 0 -64.6509 0
-88.4489 0 88.4489 0 0 -88.4489 0
-108.953 0 108.953 0 0 -108.953 0
-119.857 0 119.857 0 0 -119.857 0
-131.025 0 131.025 0 0 -131.025 0
-141.974 0 141.974 0 0 -141.974 0
-152.803 0 152.803 0 0 -152.803 0
-163.743 0 163.743 0 0 -163.743 0
-138.076 0 138.076 0 0 -138.076 0
-111.668 0 111.668 0 0 -111.668 0
-79.3416 0 79.3416 0 0 -79.3416 0
-59.0611 0 59.0611 0 0 -59.0611 0
-33.6698 0 33.6698 0 0 -33.6698 0
-12.1008 0 12.1008 0 0 -12.1008 0
8.64844 0 -8.64844 0 0 8.64844 0
26.3385 0 -26.3385 0 0 26.3385 0
26.3049 0 -26.3049 0 0 26.3049 0
57.4308 0 -57.4308 0 0 57.4308 0
75.5224 0 -75.5224 0 0 75.5224 0
94.7253 0 -94.7253 0 0 94.7253 0
103.083 0 -103.083 0 0 103.083 0
112.944 0 -112.944 0 0 112.944 0
122.277 0 -122.277 0 0 122.277 0
132.351 0 -132.351 0 0 132.351 0
141.023 0 -141.023 0 0 141.023 0
116.895 0 -116.895 0 0 116.895 0
96.0327 0 -96.0327 0 0 96.0327 0
75.3464 0 -75.3464 0 0 75.3464 0
50.854 0 -50.854 0 0 50.854 0
33.5336 0 -33.5336 0 0 33.5336 0
12.1401 0 -12.1401 0 0 12.1401 0
-12.3579 0 12.3579 0 0 -12.3579 0
-36.8045 0 36.8045 0 0 -36.8045 0
-61.1972 0 61.1972 0 0 -61.1972 0
-85.1997 0 85.1997 0 0 -85.1997 0
-108.821 0 108.821 0 0 -108.821 0
-119.656 0 119.656 0 0 -119.656 0
-130.574 0 130.574 0 0 -130.574 0
-143.12 0 143.12 0 0 -143.12 0
-152.778 0 152.778 0 0 -152.778 0
-163.744 0 163.744 0 0 -163.744 0
-135.929 0 135.929 0 0 -135.929 0
-111.237 0 111.237 0 0 -111.237 0
-85.5284 0 85.5284 0 0 -85.5284 0
-58.2382 0 58.2382 0 0 -58.2382 0
-37.7146 0 37.7146 0 0 -37.7146 0
-13.5652 0 13.5652 0 0 -13.5652 0
7.61114 0 -7.61114 0 0 7.61114 0
26.6985 0 -26.6985 0 0 26.6985 0
26.4547 0 -26.4547 0 0 26.4547 0
56.3599 0 -56.3599 0 0 56.3599 0
83.2163 0 -83.2163 0 0 83.2163 0
102.857 0 -102.857 0 0 102.857 0
114.969 0 -114.969 0 0 114.969 0
128.793 0 -128.793 0 0 128.793 0
141.191 0 -141.191 0 0 141.191 0
141.389 0 -141.389 0 0 141.389 0
141.587 0 -141.587 0 0 141.587 0
115.532 0 -115.532 0 0 115.532 0
88.4432 0 -88.4432 0 0 88.4432 0
61.3655 0 -61.3655 0 0 61.3655 0
36.1408 0 -36.1408 0 0 36.1408 0
10.4173 0 -10.4173 0 0 10.4173 0
-16.9454 0 16.9454 0 0 -16.9454 0
-50.5352 0 50.5352 0 0 -50.5352 0
-76.602 0 76.602 0 0 -76.602 0
-101.872 0 101.872 0 0 -101.872 0
-114.381 0 114.381 0 0 -114.381 0
-125.556 0 125.556 0 0 -125.556 0
-138.373 0 138.373 0 0 -138.373 0
-152.175 0 152.175 0 0 -152.175 0
-163.783 0 163.783 0 0 -163.783 0
-164.003 0 164.003 0 0 -164.003 0
-164.226 0 164.226 0 0 -164.226 0
-132.982 0 132.982 0 0 -132.982 0
-102.237 0 102.237 0 0 -102.237 0
-75.0092 0 75.0092 0 0 -75.0092 0
-42.8537 0 42.8537 0 0 -42.8537 0
-14.4197 0 14.4197 0 0 -14.4197 0
11.5442 0 -11.5442 0 0 11.5442 0
31.2631 0 -31.2631 0 0 31.2631 0
51.2137 0 -51.2137 0 0 51.2137 0
50.9887 0 -50.9887 0 0 50.9887 0
71.2713 0 -71.2713 0 0 71.2713 0
88.1042 0 -88.1042 0 0 88.1042 0
96.542 0 -96.542 0 0 96.542 0
106.007 0 -106.007 0 0 106.007 0
114.26 0 -114.26 0 0 114.26 0
123.371 0 -123.371 0 0 123.371 0
135.613 0 -135.613 0 0 135.613 0
141.59 0 -141.59 0 0 141.59 0
114.432 0 -114.432 0 0 114.432 0
87.85 0 -87.85 0 0 87.85 0
60.7552 0 -60.7552 0 0 60.7552 0
34.2188 0 -34.2188 0 0 34.2188 0
7.34897 0 -7.34897 0 0 7.34897 0
-18.7627 0 18.7627 0 0 -18.7627 0
-35.406 0 35.406 0 0 -35.406 0
-58.8829 0 58.8829 0 0 -58.8829 0
-85.2706 0 85.2706 0 0 -85.2706 0
-101.887 0 101.887 0 0 -101.887 0
-111.835 0 111.835 0 0 -111.835 0
-122.175 0 122.175 0 0 -122.175 0
-134.397 0 134.397 0 0 -134.397 0
-144.487 0 144.487 0 0 -144.487 0
-153.918 0 153.918 0 0 -153.918 0
-164.227 0 164.227 0 0 -164.227 0
-132.906 0 132.906 0 0 -132.906 0
-102.725 0 102.725 0 0 -102.725 0
-74.9284 0 74.9284 0 0 -74.9284 0
-35.4704 0 35.4704 0 0 -35.4704 0
-7.23413 0 7.23413 0 0 -7.23413 0
12.8864 0 -12.8864 0 0 12.8864 0
30.7791 0 -30.7791 0 0 30.7791 0
49.7942 0 -49.7942 0 0 49.7942 0
49.3511 0 -49.3511 0 0 49.3511 0
74.0038 0 -74.0038 0 0 74.0038 0
89.4631 0 -89.4631 0 0 89.4631 0
97.6984 0 -97.6984 0 0 97.6984 0
104.712 0 -104.712 0 0 104.712 0
114.567 0 -114.567 0 0 114.567 0
123.625 0 -123.625 0 0 123.625 0
133.616 0 -133.616 0 0 133.616 0
141.247 0 -141.247 0 0 141.247 0
114.517 0 -114.517 0 0 114.517 0
88.1059 0 -88.1059 0 0 88.1059 0
55.4468 0 -55.4468 0 0 55.4468 0
38.261 0 -38.261 0 0 38.261 0
11.095 0 -11.095 0 0 11.095 0
-14.482 0 14.482 0 0 -14.482 0
-63.6638 0 63.6638 0 0 -63.6638 0
-63.0248 0 63.0248 0 0 -63.0248 0
-86.4693 0 86.4693 0 0 -86.4693 0
-107.388 0 107.388 0 0 -107.388 0
-112.13 0 112.13 0 0 -112.13 0
-122.716 0 122.716 0 0 -122.716 0
-133.068 0 133.068 0 0 -133.068 0
-143.376 0 143.376 0 0 -143.376 0
-158.894 0 158.894 0 0 -158.894 0
-164.262 0 164.262 0 0 -164.262 0
-125.227 0 125.227 0 0 -125.227 0
-96.3227 0 96.3227 0 0 -96.3227 0
-68.8224 0 68.8224 0 0 -68.8224 0
-39.4421 0 39.4421 0 0 -39.4421 0
-10.7754 0 10.7754 0 0 -10.7754 0
12.8063 0 -12.8063 0 0 12.8063 0
31.9958 0 -31.9958 0 0 31.9958 0
51.908 0 -51.908 0 0 51.908 0
51.869 0 -51.869 0 0 51.869 0
82.834 0 -82.834 0 0 82.834 0
96.3474 0 -96.3474 0 0 96.3474 0
111.776 0 -111.776 0 0 111.776 0
124.359 0 -124.359 0 0 124.359 0
141.605 0 -141.605 0 0 141.605 0
141.902 0 -141.902 0 0 141.902 0
142.133 0 -142.133 0 0 142.133 0
142.423 0 -142.423 0 0 142.423 0
107.002 0 -107.002 0 0 107.002 0
71.9752 0 -71.9752 0 0 71.9752 0
36.3457 0 -36.3457 0 0 36.3457 0
5.22197 0 -5.22197 0 0 5.22197 0
-25.505 0 25.505 0 0 -25.505 0
-48.6202 0 48.6202 0 0 -48.6202 0
-71.3438 0 71.3438 0 0 -71.3438 0
-98.3925 0 98.3925 0 0 -98.3925 0
-110.021 0 110.021 0 0 -110.021 0
-122.208 0 122.208 0 0 -122.208 0
-134.097 0 134.097 0 0 -134.097 0
-149.11 0 149.11 0 0 -149.11 0
-159.977 0 159.977 0 0 -159.977 0
-164.511 0 164.511 0 0 -164.511 0
-164.863 0 164.863 0 0 -164.863 0
-165.188 0 165.188 0 0 -165.188 0
-124.941 0 124.941 0 0 -124.941 0
-87.1893 0 87.1893 0 0 -87.1893 0
-39.863 0 39.863 0 0 -39.863 0
-8.28457 0 8.28457 0 0 -8.28457 0
18.3479 0 -18.3479 0 0 18.3479 0
32.663 0 -32.663 0 0 32.663 0
47.3958 0 -47.3958 0 0 47.3958 0
63.4404 0 -63.4404 0 0 63.4404 0
63.4056 0 -63.4056 0 0 63.4056 0
84.4254 0 -84.4254 0 0 84.4254 0
91.4791 0 -91.4791 0 0 91.4791 0
99.4239 0 -99.4239 0 0 99.4239 0
107.943 0 -107.943 0 0 107.943 0
118.951 0 -118.951 0 0 118.951 0
127.464 0 -127.464 0 0 127.464 0
134.658 0 -134.658 0 0 134.658 0
142.366 0 -142.366 0 0 142.366 0
106.937 0 -106.937 0 0 106.937 0
69.8414 0 -69.8414 0 0 69.8414 0
35.3383 0 -35.3383 0 0 35.3383 0
2.11803 0 -2.11803 0 0 2.11803 0
-16.6808 0 16.6808 0 0 -16.6808 0
-35.6051 0 35.6051 0 0 -35.6051 0
-57.9176 0 57.9176 0 0 -57.9176 0
-77.6085 0 77.6085 0 0 -77.6085 0
-95.7219 0 95.7219 0 0 -95.7219 0
-106.524 0 106.524 0 0 -106.524 0
-116.791 0 116.791 0 0 -116.791 0
-127.25 0 127.25 0 0 -127.25 0
-136.857 0 136.857 0 0 -136.857 0
-148.009 0 148.009 0 0 -148.009 0
-156.764 0 156.764 0 0 -156.764 0
-165.151 0 165.151 0 0 -165.151 0
-119.211 0 119.211 0 0 -119.211 0
-80.5619 0 80.5619 0 0 -80.5619 0
-22.9753 0 22.9753 0 0 -22.9753 0
-2.13162 0 2.13162 0 0 -2.13162 0
15.586 0 -15.586 0 0 15.586 0
33.8257 0 -33.8257 0 0 33.8257 0
47.9166 0 -47.9166 0 0 47.9166 0
63.3741 0 -63.3741 0 0 63.3741 0
63.2598 0 -63.2598 0 0 63.2598 0
85.8734 0 -85.8734 0 0 85.8734 0
91.7679 0 -91.7679 0 0 91.7679 0
101.35 0 -101.35 0 0 101.35 0
109.327 0 -109.327 0 0 109.327 0
118.433 0 -118.433 0 0 118.433 0
126.149 0 -126.149 0 0 126.149 0
134.918 0 -134.918 0 0 134.918 0
142.425 0 -142.425 0 0 142.425 0
95.4292 0 -95.4292 0 0 95.4292 0
71.3796 0 -71.3796 0 0 71.3796 0
32.7712 0 -32.7712 0 0 32.7712 0
4.87906 0 -4.87906 0 0 4.87906 0
-16.7414 0 16.7414 0 0 -16.7414 0
-36.8135 0 36.8135 0 0 -36.8135 0
-55.8353 0 55.8353 0 0 -55.8353 0
-73.3879 0 73.3879 0 0 -73.3879 0
-95.1424 0 95.1424 0 0 -95.1424 0
-105.52 0 105.52 0 0 -105.52 0
-119.489 0 119.489 0 0 -119.489 0
-127.123 0 127.123 0 0 -127.123 0
-141.167 0 141.167 0 0 -141.167 0
-146.41 0 146.41 0 0 -146.41 0
-157.12 0 157.12 0 0 -157.12 0
-164.439 0 164.439 0 0 -164.439 0
-124.764 0 124.764 0 0 -124.764 0
-83.9909 0 83.9909 0 0 -83.9909 0
-49.3143 0 49.3143 0 0 -49.3143 0
-8.99308 0 8.99308 0 0 -8.99308 0
13.9572 0 -13.9572 0 0 13.9572 0
33.9096 0 -33.9096 0 0 33.9096 0
47.134 0 -47.134 0 0 47.134 0
61.9271 0 -61.9271 0 0 61.9271 0
61.8301 0 -61.8301 0 0 61.8301 0
85.9136 0 -85.9136 0 0 85.9136 0
97.8694 0 -97.8694 0 0 97.8694 0
107.961 0 -107.961 0 0 107.961 0
120.004 0 -120.004 0 0 120.004 0
131.024 0 -131.024 0 0 131.024 0
142.556 0 -142.556 0 0 142.556 0
142.85 0 -142.85 0 0 142.85 0
143.25 0 -143.25 0 0 143.25 0
100.895 0 -100.895 0 0 100.895 0
60.6106 0 -60.6106 0 0 60.6106 0
20.3267 0 -20.3267 0 0 20.3267 0
-13.1903 0 13.1903 0 0 -13.1903 0
-39.1915 0 39.1915 0 0 -39.1915 0
-53.8681 0 53.8681 0 0 -53.8681 0
-73.6984 0 73.6984 0 0 -73.6984 0
-94.7719 0 94.7719 0 0 -94.7719 0
-111.821 0 111.821 0 0 -111.821 0
-120.031 0 120.031 0 0 -120.031 0
-132.277 0 132.277 0 0 -132.277 0
-142.729 0 142.729 0 0 -142.729 0
-155.766 0 155.766 0 0 -155.766 0
-165.23 0 165.23 0 0 -165.23 0
-165.867 0 165.867 0 0 -165.867 0
-166.153 0 166.153 0 0 -166.153 0
-107.006 0 107.006 0 0 -107.006 0
-59.1895 0 59.1895 0 0 -59.1895 0
-11.013 0 11.013 0 0 -11.013 0
14.9444 0 -14.9444 0 0 14.9444 0
26.0934 0 -26.0934 0 0 26.0934 0
40.6535 0 -40.6535 0 0 40.6535 0
58.1078 0 -58.1078 0 0 58.1078 0
72.4637 0 -72.4637 0 0 72.4637 0
76.3543 0 -76.3543 0 0 76.3543 0
84.7241 0 -84.7241 0 0 84.7241 0
93.3764 0 -93.3764 0 0 93.3764 0
101.996 0 -101.996 0 0 101.996 0
111.068 0 -111.068 0 0 111.068 0
120.932 0 -120.932 0 0 120.932 0
131.005 0 -131.005 0 0 131.005 0
136.233 0 -136.233 0 0 136.233 0
143.254 0 -143.254 0 0 143.254 0
100.354 0 -100.354 0 0 100.354 0
59.5242 0 -59.5242 0 0 59.5242 0
16.4573 0 -16.4573 0 0 16.4573 0
-11.3777 0 11.3777 0 0 -11.3777 0
-29.7596 0 29.7596 0 0 -29.7596 0
-48.0852 0 48.0852 0 0 -48.0852 0
-63.7022 0 63.7022 0 0 -63.7022 0
-79.8907 0 79.8907 0 0 -79.8907 0
-98.6083 0 98.6083 0 0 -98.6083 0
-108.301 0 108.301 0 0 -108.301 0
-118.343 0 118.343 0 0 -118.343 0
-128.797 0 128.797 0 0 -128.797 0
-137.743 0 137.743 0 0 -137.743 0
-148.664 0 148.664 0 0 -148.664 0
-158.265 0 158.265 0 0 -158.265 0
-166.1 0 166.1 0 0 -166.1 0
-113.512 0 113.512 0 0 -113.512 0
-48.4914 0 48.4914 0 0 -48.4914 0
-24.4745 0 24.4745 0 0 -24.4745 0
8.82136 0 -8.82136 0 0 8.82136 0
22.6248 0 -22.6248 0 0 22.6248 0
38.7236 0 -38.7236 0 0 38.7236 0
53.8207 0 -53.8207 0 0 53.8207 0
69.3895 0 -69.3895 0 0 69.3895 0
68.3061 0 -68.3061 0 0 68.3061 0
89.3365 0 -89.3365 0 0 89.3365 0
103.245 0 -103.245 0 0 103.245 0
114.876 0 -114.876 0 0 114.876 0
128.547 0 -128.547 0 0 128.547 0
143.322 0 -143.322 0 0 143.322 0
143.758 0 -143.758 0 0 143.758 0
144.302 0 -144.302 0 0 144.302 0
144.881 0 -144.881 0 0 144.881 0
87.5034 0 -87.5034 0 0 87.5034 0
36.3413 0 -36.3413 0 0 36.3413 0
-8.3163 0 8.3163 0 0 -8.3163 0
-31.6604 0 31.6604 0 0 -31.6604 0
-47.2732 0 47.2732 0 0 -47.2732 0
-66.6605 0 66.6605 0 0 -66.6605 0
-88.4863 0 88.4863 0 0 -88.4863 0
-108.052 0 108.052 0 0 -108.052 0
-118.083 0 118.083 0 0 -118.083 0
-133.587 0 133.587 0 0 -133.587 0
-140.38 0 140.38 0 0 -140.38 0
-151.365 0 151.365 0 0 -151.365 0
-163.082 0 163.082 0 0 -163.082 0
-166.715 0 166.715 0 0 -166.715 0
-167.383 0 167.383 0 0 -167.383 0
-168.097 0 168.097 0 0 -168.097 0
-102.995 0 102.995 0 0 -102.995 0
-36.0399 0 36.0399 0 0 -36.0399 0
4.19776 0 -4.19776 0 0 4.19776 0
20.3921 0 -20.3921 0 0 20.3921 0
33.3329 0 -33.3329 0 0 33.3329 0
48.0382 0 -48.0382 0 0 48.0382 0
61.7148 0 -61.7148 0 0 61.7148 0
75.5347 0 -75.5347 0 0 75.5347 0
70.2365 0 -70.2365 0 0 70.2365 0
88.9988 0 -88.9988 0 0 88.9988 0
97.1894 0 -97.1894 0 0 97.1894 0
105.722 0 -105.722 0 0 105.722 0
113.645 0 -113.645 0 0 113.645 0
122.22 0 -122.22 0 0 122.22 0
130.319 0 -130.319 0 0 130.319 0
137.525 0 -137.525 0 0 137.525 0
144.91 0 -144.91 0 0 144.91 0
90.5872 0 -90.5872 0 0 90.5872 0
30.0217 0 -30.0217 0 0 30.0217 0
-5.78195 0 5.78195 0 0 -5.78195 0
-23.975 0 23.975 0 0 -23.975 0
-38.9597 0 38.9597 0 0 -38.9597 0
-55.0143 0 55.0143 0 0 -55.0143 0
-71.1107 0 71.1107 0 0 -71.1107 0
-86.0682 0 86.0682 0 0 -86.0682 0
-103.573 0 103.573 0 0 -103.573 0
-114.927 0 114.927 0 0 -114.927 0
-121.592 0 121.592 0 0 -121.592 0
-131.384 0 131.384 0 0 -131.384 0
-141.681 0 141.681 0 0 -141.681 0
-150.18 0 150.18 0 0 -150.18 0
-159.681 0 159.681 0 0 -159.681 0
-168.118 0 168.118 0 0 -168.118 0
-100.069 0 100.069 0 0 -100.069 0
-3.24281 0 3.24281 0 0 -3.24281 0
6.426 0 -6.426 0 0 6.426 0
21.3045 0 -21.3045 0 0 21.3045 0
33.4636 0 -33.4636 0 0 33.4636 0
51.1325 0 -51.1325 0 0 51.1325 0
64.7 0 -64.7 0 0 64.7 0
75.9401 0 -75.9401 0 0 75.9401 0
77.2169 0 -77.2169 0 0 77.2169 0
92.2576 0 -92.2576 0 0 92.2576 0
103.542 0 -103.542 0 0 103.542 0
115.074 0 -115.074 0 0 115.074 0
125.23 0 -125.23 0 0 125.23 0
136.014 0 -136.014 0 0 136.014 0
144.957 0 -144.957 0 0 144.957 0
145.896 0 -145.896 0 0 145.896 0
146.593 0 -146.593 0 0 146.593 0
78.0141 0 -78.0141 0 0 78.0141 0
10.3603 0 -10.3603 0 0 10.3603 0
-15.6948 0 15.6948 0 0 -15.6948 0
-35.8712 0 35.8712 0 0 -35.8712 0
-52.5573 0 52.5573 0 0 -52.5573 0
-69.0911 0 69.0911 0 0 -69.0911 0
-87.325 0 87.325 0 0 -87.325 0
-103.598 0 103.598 0 0 -103.598 0
-116.221 0 116.221 0 0 -116.221 0
-128.988 0 128.988 0 0 -128.988 0
-137.702 0 137.702 0 0 -137.702 0
-148.428 0 148.428 0 0 -148.428 0
-159.941 0 159.941 0 0 -159.941 0
-168.286 0 168.286 0 0 -168.286 0
-169.235 0 169.235 0 0 -169.235 0
-170.009 0 170.009 0 0 -170.009 0
-92.6166 0 92.6166 0 0 -92.6166 0
-17.4621 0 17.4621 0 0 -17.4621 0
11.2515 0 -11.2515 0 0 11.2515 0
28.2383 0 -28.2383 0 0 28.2383 0
39.4732 0 -39.4732 0 0 39.4732 0
51.1349 0 -51.1349 0 0 51.1349 0
64.7944 0 -64.7944 0 0 64.7944 0
77.5828 0 -77.5828 0 0 77.5828 0
78.036 0 -78.036 0 0 78.036 0
90.739 0 -90.739 0 0 90.739 0
99.2538 0 -99.2538 0 0 99.2538 0
106.616 0 -106.616 0 0 106.616 0
115.312 0 -115.312 0 0 115.312 0
122.429 0 -122.429 0 0 122.429 0
132.251 0 -132.251 0 0 132.251 0
139.956 0 -139.956 0 0 139.956 0
146.415 0 -146.415 0 0 146.415 0
78.7431 0 -78.7431 0 0 78.7431 0
10.6446 0 -10.6446 0 0 10.6446 0
-13.3429 0 13.3429 0 0 -13.3429 0
-28.6683 0 28.6683 0 0 -28.6683 0
-48.1149 0 48.1149 0 0 -48.1149 0
-59.8552 0 59.8552 0 0 -59.8552 0
-77.4454 0 77.4454 0 0 -77.4454 0
-93.0635 0 93.0635 0 0 -93.0635 0
-108.472 0 108.472 0 0 -108.472 0
-117.155 0 117.155 0 0 -117.155 0
-124.365 0 124.365 0 0 -124.365 0
-136.235 0 136.235 0 0 -136.235 0
-144.557 0 144.557 0 0 -144.557 0
-154.792 0 154.792 0 0 -154.792 0
-160.993 0 160.993 0 0 -160.993 0
-169.944 0 169.944 0 0 -169.944 0
-92.4493 0 92.4493 0 0 -92.4493 0
-12.6143 0 12.6143 0 0 -12.6143 0
10.4618 0 -10.4618 0 0 10.4618 0
25.9261 0 -25.9261 0 0 25.9261 0
42.1242 0 -42.1242 0 0 42.1242 0
55.617 0 -55.617 0 0 55.617 0
66.1264 0 -66.1264 0 0 66.1264 0
78.587 0 -78.587 0 0 78.587 0
77.95 0 -77.95 0 0 77.95 0
93.9743 0 -93.9743 0 0 93.9743 0
103.114 0 -103.114 0 0 103.114 0
112.72 0 -112.72 0 0 112.72 0
123.442 0 -123.442 0 0 123.442 0
133.329 0 -133.329 0 0 133.329 0
143.13 0 -143.13 0 0 143.13 0
120.597 0 -120.597 0 0 120.597 0
80.2185 0 -80.2185 0 0 80.2185 0
-0.550476 0 0.550476 0 0 -0.550476 0
-16.3815 0 16.3815 0 0 -16.3815 0
-39.0596 0 39.0596 0 0 -39.0596 0
-62.4893 0 62.4893 0 0 -62.4893 0
-73.5062 0 73.5062 0 0 -73.5062 0
-80.8265 0 80.8265 0 0 -80.8265 0
-98.0144 0 98.0144 0 0 -98.0144 0
-107.788 0 107.788 0 0 -107.788 0
-117.858 0 117.858 0 0 -117.858 0
-129.055 0 129.055 0 0 -129.055 0
-137.975 0 137.975 0 0 -137.975 0
-147.181 0 147.181 0 0 -147.181 0
-156.888 0 156.888 0 0 -156.888 0
-167.148 0 167.148 0 0 -167.148 0
-140.051 0 140.051 0 0 -140.051 0
-91.3098 0 91.3098 0 0 -91.3098 0
-10.567 0 10.567 0 0 -10.567 0
9.8388 0 -9.8388 0 0 9.8388 0
15.2624 0 -15.2624 0 0 15.2624 0
23.0753 0 -23.0753 0 0 23.0753 0
31.3016 0 -31.3016 0 0 31.3016 0
34.2113 0 -34.2113 0 0 34.2113 0
39.7511 0 -39.7511 0 0 39.7511 0
48.2437 0 -48.2437 0 0 48.2437 0
47.82 0 -47.82 0 0 47.82 0
51.5855 0 -51.5855 0 0 51.5855 0
56.2075 0 -56.2075 0 0 56.2075 0
59.775 0 -59.775 0 0 59.775 0
63.7591 0 -63.7591 0 0 63.7591 0
68.0339 0 -68.0339 0 0 68.0339 0
72.0411 0 -72.0411 0 0 72.0411 0
76.178 0 -76.178 0 0 76.178 0
80.1973 0 -80.1973 0 0 80.1973 0
-0.831537 0 0.831537 0 0 -0.831537 0
-8.45262 0 8.45262 0 0 -8.45262 0
-15.8233 0 15.8233 0 0 -15.8233 0
-22.7899 0 22.7899 0 0 -22.7899 0
-31.1105 0 31.1105 0 0 -31.1105 0
-42.4892 0 42.4892 0 0 -42.4892 0
-45.8201 0 45.8201 0 0 -45.8201 0
-52.0618 0 52.0618 0 0 -52.0618 0
-57.9854 0 57.9854 0 0 -57.9854 0
-63.049 0 63.049 0 0 -63.049 0
-68.1243 0 68.1243 0 0 -68.1243 0
-72.3626 0 72.3626 0 0 -72.3626 0
-77.267 0 77.267 0 0 -77.267 0
-82.2578 0 82.2578 0 0 -82.2578 0
-86.8181 0 86.8181 0 0 -86.8181 0
-91.0903 0 91.0903 0 0 -91.0903 0
-4.72497 0 4.72497 0 0 -4.72497 0
7.03013 0 -7.03013 0 0 7.03013 0
13.7873 0 -13.7873 0 0 13.7873 0
20.5636 0 -20.5636 0 0 20.5636 0
26.8063 0 -26.8063 0 0 26.8063 0
34.5591 0 -34.5591 0 0 34.5591 0
40.2539 0 -40.2539 0 0 40.2539 0
45.933 0 -45.933 0 0 45.933 0
45.9386 0 -45.9386 0 0 45.9386 0
52.4534 0 -52.4534 0 0 52.4534 0
57.6422 0 -57.6422 0 0 57.6422 0
62.8565 0 -62.8565 0 0 62.8565 0
67.6855 0 -67.6855 0 0 67.6855 0
72.5071 0 -72.5071 0 0 72.5071 0
77.6815 0 -77.6815 0 0 77.6815 0
54.9157 0 -54.9157 0 0 54.9157 0
45.12 0 -45.12 0 0 45.12 0
-4.90742 0 4.90742 0 0 -4.90742 0
-13.4386 0 13.4386 0 0 -13.4386 0
-21.2633 0 21.2633 0 0 -21.2633 0
-29.0296 0 29.0296 0 0 -29.0296 0
-36.5369 0 36.5369 0 0 -36.5369 0
-44.0165 0 44.0165 0 0 -44.0165 0
-51.7247 0 51.7247 0 0 -51.7247 0
-57.9899 0 57.9899 0 0 -57.9899 0
-63.9355 0 63.9355 0 0 -63.9355 0
-68.4526 0 68.4526 0 0 -68.4526 0
-73.807 0 73.807 0 0 -73.807 0
-78.1573 0 78.1573 0 0 -78.1573 0
-83.2912 0 83.2912 0 0 -83.2912 0
-88.2604 0 88.2604 0 0 -88.2604 0
-65.7014 0 65.7014 0 0 -65.7014 0
-52.3392 0 52.3392 0 0 -52.3392 0
2.29928 0 -2.29928 0 0 2.29928 0
6.58191 0 -6.58191 0 0 6.58191 0
10.1798 0 -10.1798 0 0 10.1798 0
13.7836 0 -13.7836 0 0 13.7836 0
17.3409 0 -17.3409 0 0 17.3409 0
20.7663 0 -20.7663 0 0 20.7663 0
25.0374 0 -25.0374 0 0 25.0374 0
28.313 0 -28.313 0 0 28.313 0
29.2146 0 -29.2146 0 0 29.2146 0
30.1192 0 -30.1192 0 0 30.1192 0
33.2906 0 -33.2906 0 0 33.2906 0
35.2993 0 -35.2993 0 0 35.2993 0
37.1231 0 -37.1231 0 0 37.1231 0
39.4982 0 -39.4982 0 0 39.4982 0
42.1191 0 -42.1191 0 0 42.1191 0
43.9654 0 -43.9654 0 0 43.9654 0
45.12 0 -45.12 0 0 45.12 0
-7.47954 0 7.47954 0 0 -7.47954 0
-10.7416 0 10.7416 0 0 -10.7416 0
-14.5979 0 14.5979 0 0 -14.5979 0
-21.9391 0 21.9391 0 0 -21.9391 0
-26.084 0 26.084 0 0 -26.084 0
-30.9877 0 30.9877 0 0 -30.9877 0
-33.6429 0 33.6429 0 0 -33.6429 0
-36.1637 0 36.1637 0 0 -36.1637 0
-38.3825 0 38.3825 0 0 -38.3825 0
-40.3338 0 40.3338 0 0 -40.3338 0
-42.13 0 42.13 0 0 -42.13 0
-44.1698 0 44.1698 0 0 -44.1698 0
-48.4186 0 48.4186 0 0 -48.4186 0
-49.9091 0 49.9091 0 0 -49.9091 0
-50.4109 0 50.4109 0 0 -50.4109 0
-52.3392 0 52.3392 0 0 -52.3392 0
10.0186 0 -10.0186 0 0 10.0186 0
13.3306 0 -13.3306 0 0 13.3306 0
16.651 0 -16.651 0 0 16.651 0
19.8386 0 -19.8386 0 0 19.8386 0
23.1443 0 -23.1443 0 0 23.1443 0
25.9945 0 -25.9945 0 0 25.9945 0
27.6188 0 -27.6188 0 0 27.6188 0
27.678 0 -27.678 0 0 27.678 0
-0.435078 0 0.435078 0 0 -0.435078 0
