0.561701 -0.561701
0.560582 -0.560582
0.574018 -0.574018
0.601736 -0.601736
0.620287 -0.620287
3.50927 -3.50927
3.43823 -3.43823
3.51072 -3.51072
3.6156 -3.6156
3.68407 -3.68407
6.80541 -6.80541
10.0457 -10.0457
13.615 -13.615
11.5827 -11.5827
11.4787 -11.4787
8.42741 -8.42741
5.72689 -5.72689
1.03615 -1.03615
-0.898173 0.898173
-2.19574 2.19574
-2.33488 2.33488
-5.04062 5.04062
-5.20876 5.20876
-5.19644 5.19644
-8.94786 8.94786
-8.99351 8.99351
-13.435 13.435
-11.4846 11.4846
-8.1118 8.1118
-4.57191 4.57191
-0.808371 0.808371
4.09786 -4.09786
6.93283 -6.93283
10.6557 -10.6557
13.898 -13.898
11.5257 -11.5257
8.47195 -8.47195
4.78997 -4.78997
0.993687 -0.993687
-2.72603 2.72603
-3.26449 3.26449
-6.85113 6.85113
-10.6972 10.6972
-13.7718 13.7718
-11.6357 11.6357
-8.49642 8.49642
-4.41906 4.41906
-0.488183 0.488183
3.74099 -3.74099
7.98394 -7.98394
12.0381 -12.0381
13.1731 -13.1731
13.1393 -13.1393
11.2479 -11.2479
8.14826 -8.14826
4.92954 -4.92954
1.38982 -1.38982
-3.57116 3.57116
-8.71204 8.71204
-10.9629 10.9629
-14.3492 14.3492
-11.2401 11.2401
-8.19197 8.19197
-4.9079 4.9079
-0.653115 0.653115
-0.504291 0.504291
-0.482193 0.482193
7.0008 -7.0008
7.20919 -7.20919
13.3145 -13.3145
12.4204 -12.4204
12.2029 -12.2029
9.742 -9.742
3.03938 -3.03938
-0.210422 0.210422
-6.1943 6.1943
-6.48057 6.48057
-14.2506 14.2506
-23.2633 23.2633
-30.0828 30.0828
-25.1149 25.1149
-18.964 18.964
-9.0188 9.0188
-1.89297 1.89297
11.4957 -11.4957
15.6014 -15.6014
22.2639 -22.2639
27.4263 -27.4263
27.7771 -27.7771
22.1226 -22.1226
16.5336 -16.5336
8.42621 -8.42621
-1.86873 1.86873
-4.11471 4.11471
-5.47051 5.47051
-10.0876 10.0876
-18.9309 18.9309
-25.9591 25.9591
-30.4244 30.4244
-23.5725 23.5725
-17.5506 17.5506
-10.4269 10.4269
-1.16801 1.16801
1.99257 -1.99257
4.27156 -4.27156
7.6393 -7.6393
16.1488 -16.1488
22.5851 -22.5851
28.1635 -28.1635
18.8649 -18.8649
16.3817 -16.3817
7.55548 -7.55548
-1.30373 1.30373
-11.7576 11.7576
-20.2005 20.2005
-26.6697 26.6697
-30.5945 30.5945
-22.5059 22.5059
-17.2107 17.2107
-11.9005 11.9005
-5.65015 5.65015
-0.709921 0.709921
-0.354203 0.354203
2.02957 -2.02957
16.8895 -16.8895
28.6755 -28.6755
39.44 -39.44
53.4802 -53.4802
44.72 -44.72
34.3408 -34.3408
20.9631 -20.9631
4.83053 -4.83053
-19.3574 19.3574
-29.5624 29.5624
-40.9036 40.9036
-52.5083 52.5083
-44.9001 44.9001
-31.9694 31.9694
-17.4666 17.4666
-0.901623 0.901623
19.1637 -19.1637
34.3729 -34.3729
47.3683 -47.3683
53.9446 -53.9446
55.4032 -55.4032
45.6811 -45.6811
31.7325 -31.7325
18.2784 -18.2784
0.574063 -0.574063
-9.2845 9.2845
-22.0213 22.0213
-39.2423 39.2423
-46.8659 46.8659
-54.8344 54.8344
-45.1082 45.1082
-32.9391 32.9391
-17.7862 17.7862
4.85022 -4.85022
5.51199 -5.51199
6.0286 -6.0286
8.80431 -8.80431
9.9165 -9.9165
10.8141 -10.8141
11.7926 -11.7926
12.7706 -12.7706
20.3149 -20.3149
36.251 -36.251
48.7589 -48.7589
55.61 -55.61
46.4352 -46.4352
28.2149 -28.2149
17.6869 -17.6869
-0.803461 0.803461
-23.4035 23.4035
-41.1033 41.1033
-48.1791 48.1791
-55.8524 55.8524
-53.2411 53.2411
-44.0466 44.0466
-33.4347 33.4347
-33.308 33.308
-17.5309 17.5309
0.00938692 -0.00938692
2.19618 -2.19618
14.7129 -14.7129
26.7964 -26.7964
41.6706 -41.6706
48.3972 -48.3972
58.2768 -58.2768
63.019 -63.019
73.7661 -73.7661
79.2122 -79.2122
66.7987 -66.7987
56.5292 -56.5292
46.3858 -46.3858
36.5204 -36.5204
26.8278 -26.8278
12.1285 -12.1285
6.03028 -6.03028
-9.02733 9.02733
-28.0042 28.0042
-40.1763 40.1763
-48.614 48.614
-55.5696 55.5696
-62.9958 62.9958
-73.3045 73.3045
-80.816 80.816
-89.971 89.971
-71.6465 71.6465
-63.6823 63.6823
-53.4463 53.4463
-38.6087 38.6087
-27.5131 27.5131
-14.8707 14.8707
-3.01854 3.01854
5.26827 -5.26827
6.47629 -6.47629
15.8201 -15.8201
25.9649 -25.9649
34.8674 -34.8674
43.6717 -43.6717
54.461 -54.461
63.9062 -63.9062
73.2766 -73.2766
78.7423 -78.7423
66.7748 -66.7748
52.4695 -52.4695
45.5241 -45.5241
35.3393 -35.3393
26.4602 -26.4602
16.2407 -16.2407
4.86767 -4.86767
-5.88011 5.88011
-23.2043 23.2043
-33.0015 33.0015
-42.9281 42.9281
-56.9087 56.9087
-64.7901 64.7901
-77.1945 77.1945
-83.6398 83.6398
-89.859 89.859
-76.725 76.725
-60.3567 60.3567
-49.8723 49.8723
-41.2094 41.2094
-27.3401 27.3401
-15.8652 15.8652
-3.87223 3.87223
5.80218 -5.80218
6.52762 -6.52762
16.1565 -16.1565
24.6297 -24.6297
34.4821 -34.4821
45.7853 -45.7853
57.3034 -57.3034
66.0325 -66.0325
74.6146 -74.6146
78.5362 -78.5362
64.6588 -64.6588
55.718 -55.718
46.4485 -46.4485
36.1609 -36.1609
25.7054 -25.7054
15.3503 -15.3503
6.37984 -6.37984
-5.68517 5.68517
-20.8046 20.8046
-31.4381 31.4381
-44.6797 44.6797
-54.3993 54.3993
-63.3685 63.3685
-75.7418 75.7418
-83.3061 83.3061
-89.6435 89.6435
-73.596 73.596
-65.5955 65.5955
-50.847 50.847
-41.6407 41.6407
-27.716 27.716
-18.6226 18.6226
-6.31092 6.31092
2.98496 -2.98496
3.09194 -3.09194
20.0236 -20.0236
33.9163 -33.9163
50.3781 -50.3781
64.814 -64.814
76.2145 -76.2145
86.8208 -86.8208
100.489 -100.489
111.45 -111.45
96.4533 -96.4533
82.8186 -82.8186
69.4579 -69.4579
54.4891 -54.4891
42.3513 -42.3513
29.7958 -29.7958
16.175 -16.175
3.45533 -3.45533
-17.6282 17.6282
-32.991 32.991
-52.4224 52.4224
-68.3146 68.3146
-85.1177 85.1177
-99.3915 99.3915
-113.958 113.958
-126.844 126.844
-105.981 105.981
-94.5922 94.5922
-76.5873 76.5873
-57.1851 57.1851
-45.1369 45.1369
-28.9699 28.9699
-13.6308 13.6308
-0.797523 0.797523
3.69124 -3.69124
14.514 -14.514
36.7659 -36.7659
42.2372 -42.2372
54.6808 -54.6808
69.7409 -69.7409
81.6047 -81.6047
93.1191 -93.1191
112.107 -112.107
94.9865 -94.9865
82.3871 -82.3871
69.9303 -69.9303
51.3165 -51.3165
43.5588 -43.5588
24.7872 -24.7872
15.266 -15.266
-0.95912 0.95912
-21.581 21.581
-36.5196 36.5196
-47.1235 47.1235
-60.2744 60.2744
-76.4619 76.4619
-94.1974 94.1974
-106.673 106.673
-123.37 123.369
-103.991 103.991
-88.793 88.793
-76.1628 76.1628
-59.8658 59.8658
-45.2753 45.2753
-31.299 31.299
-15.0778 15.0778
-1.42019 1.42019
-3.80914e-10 3.80917e-10
17.2435 -17.2435
30.3616 -30.3616
42.2125 -42.2125
54.0076 -54.0076
71.73 -71.73
82.3404 -82.3404
97.1506 -97.1506
105.515 -105.515
86.4649 -86.4649
71.9756 -71.9756
59.8081 -59.8081
45.4218 -45.4218
34.9798 -34.9798
19.076 -19.076
6.32525 -6.32525
-11.3023 11.3023
-28.496 28.496
-44.2007 44.2007
-59.8228 59.8228
-78.6585 78.6585
-88.5216 88.5216
-99.2477 99.2477
-117.047 117.047
-127.919 127.919
-104.054 104.054
-90.5467 90.5467
-70.6701 70.6701
-51.1487 51.1487
-42.746 42.746
-28.6526 28.6526
-17.008 17.008
-2.883 2.883
-2.86561 2.86561
14.9199 -14.9199
34.5333 -34.5333
51.7648 -51.7648
69.8517 -69.8517
88.8141 -88.8141
114.062 -114.062
123.823 -123.823
128.68 -128.68
110.146 -110.146
93.6807 -93.6807
77.9383 -77.9383
62.2645 -62.2645
45.5575 -45.5575
28.7339 -28.7339
12.3258 -12.3258
-5.50465 5.50465
-31.8491 31.8491
-46.0782 46.0782
-68.1805 68.1805
-86.7596 86.7596
-108.211 108.211
-129.06 129.06
-143.109 143.109
-148.551 148.551
-127.481 127.481
-110.265 110.265
-91.678 91.678
-73.1288 73.1288
-53.7948 53.7948
-32.1927 32.1927
-15.0956 15.0956
1.03594 -1.03594
1.74792 -1.74792
17.2905 -17.2905
33.6709 -33.6709
48.006 -48.006
66.4866 -66.4866
83.0562 -83.0562
98.8059 -98.8059
113.089 -113.089
128.197 -128.197
111.082 -111.082
93.7318 -93.7318
79.1706 -79.1706
60.5997 -60.5997
45.5436 -45.5436
29.2944 -29.2944
14.5489 -14.5489
-3.9549 3.9549
-28.5688 28.5688
-43.1444 43.1444
-62.89 62.89
-83.7272 83.7272
-101.014 101.014
-116.764 116.764
-139.2 139.2
-148.445 148.445
-126.832 126.832
-110.878 110.878
-91.4399 91.4399
-71.7654 71.7654
-48.5654 48.5654
-31.2242 31.2242
-10.3641 10.3641
0.0677421 -0.0677421
-0.152049 0.152049
19.9564 -19.9564
34.5906 -34.5906
49.5947 -49.5947
67.4214 -67.4214
85.9706 -85.9706
104.141 -104.141
115.415 -115.415
128.663 -128.663
110.345 -110.345
91.7708 -91.7708
77.625 -77.625
62.1535 -62.1535
43.4237 -43.4237
28.3362 -28.3362
14.1095 -14.1095
-6.21637 6.21637
-24.8704 24.8704
-41.9799 41.9799
-64.1148 64.1148
-84.0343 84.0343
-99.3114 99.3114
-121.423 121.423
-140.176 140.176
-148.319 148.319
-126.871 126.871
-105.07 105.07
-89.6937 89.6937
-70.2309 70.2309
-53.4881 53.4881
-33.4021 33.4021
-16.1966 16.1966
-0.520167 0.520167
-0.492714 0.492714
23.6511 -23.6511
48.9712 -48.9712
80.6945 -80.6945
97.2244 -97.2244
122.926 -122.926
135.543 -135.543
141.024 -141.024
141.171 -141.171
118.923 -118.923
96.4769 -96.4769
75.3365 -75.3365
54.13 -54.13
32.763 -32.763
12.7302 -12.7302
-16.83 16.83
-43.5238 43.5238
-72.3202 72.3202
-101.716 101.716
-116.532 116.532
-131.417 131.417
-144.496 144.496
-155.379 155.379
-163.576 163.576
-163.742 163.742
-137.876 137.876
-111.448 111.448
-88.8982 88.8982
-64.1397 64.1397
-40.3622 40.3622
-16.1286 16.1286
7.29109 -7.29109
25.5235 -25.5235
25.2773 -25.2773
46.8795 -46.8795
70.2551 -70.2551
91.2067 -91.2067
103.003 -103.003
112.807 -112.807
122.79 -122.79
131.83 -131.83
141.176 -141.176
118.792 -118.792
95.972 -95.972
74.5848 -74.5848
54.1561 -54.1561
29.9341 -29.9341
9.80083 -9.80083
-12.0065 12.0065
-39.1175 39.1175
-64.6497 64.6497
-88.4489 88.4489
-108.953 108.953
-119.857 119.857
-131.025 131.025
-141.974 141.974
-152.803 152.803
-163.743 163.743
-138.076 138.076
-111.668 111.668
-79.3416 79.3416
-59.0611 59.0611
-33.6698 33.6698
-12.1008 12.1008
8.64844 -8.64844
26.3385 -26.3385
26.3049 -26.3049
57.4308 -57.4308
75.5224 -75.5224
94.7253 -94.7253
103.083 -103.083
112.944 -112.944
122.277 -122.277
132.351 -132.351
141.023 -141.023
116.895 -116.895
96.0327 -96.0327
75.3464 -75.3464
50.854 -50.854
33.5336 -33.5336
12.1401 -12.1401
-12.3579 12.3579
-36.8045 36.8045
-61.1972 61.1972
-85.1997 85.1997
-108.821 108.821
-119.656 119.656
-130.574 130.574
-143.12 143.12
-152.778 152.778
-163.744 163.744
-135.929 135.929
-111.237 111.237
-85.5284 85.5284
-58.2382 58.2382
-37.7146 37.7146
-13.5652 13.5652
7.61114 -7.61114
26.6985 -26.6985
26.4547 -26.4547
56.3599 -56.3599
83.2163 -83.2163
102.857 -102.857
114.969 -114.969
128.793 -128.793
141.191 -141.191
141.389 -141.389
141.587 -141.587
115.532 -115.532
88.4432 -88.4432
61.3655 -61.3655
36.1408 -36.1408
10.4173 -10.4173
-16.9454 16.9454
-50.5352 50.5352
-76.602 76.602
-101.872 101.872
-114.381 114.381
-125.556 125.556
-138.373 138.373
-152.175 152.175
-163.783 163.783
-164.003 164.003
-164.226 164.226
-132.982 132.982
-102.237 102.237
-75.0092 75.0092
-42.8537 42.8537
-14.4197 14.4197
11.5442 -11.5442
31.2631 -31.2631
51.2137 -51.2137
50.9887 -50.9887
71.2713 -71.2713
88.1042 -88.1042
96.542 -96.542
106.007 -106.007
114.26 -114.26
123.371 -123.371
135.613 -135.613
141.59 -141.59
114.432 -114.432
87.85 -87.85
60.7552 -60.7552
34.2188 -34.2188
7.34897 -7.34897
-18.7627 18.7627
-35.406 35.406
-58.8829 58.8829
-85.2706 85.2706
-101.887 101.887
-111.835 111.835
-122.175 122.175
-134.397 134.397
-144.487 144.487
-153.918 153.918
-164.227 164.227
-132.906 132.906
-102.725 102.725
-74.9284 74.9284
-35.4704 35.4704
-7.23413 7.23413
12.8864 -12.8864
30.7791 -30.7791
49.7942 -49.7942
49.3511 -49.3511
74.0038 -74.0038
89.4631 -89.4631
97.6984 -97.6984
104.712 -104.712
114.567 -114.567
123.625 -123.625
133.616 -133.616
141.247 -141.247
114.517 -114.517
88.1059 -88.1059
55.4468 -55.4468
38.261 -38.261
11.095 -11.095
-14.482 14.482
-63.6638 63.6638
-63.0248 63.0248
-86.4693 86.4693
-107.388 107.388
-112.13 112.13
-122.716 122.716
-133.068 133.068
-143.376 143.376
-158.894 158.894
-164.262 164.262
-125.227 125.227
-96.3227 96.3227
-68.8224 68.8224
-39.4421 39.4421
-10.7754 10.7754
12.8063 -12.8063
31.9958 -31.9958
51.908 -51.908
51.869 -51.869
82.834 -82.834
96.3474 -96.3474
111.776 -111.776
124.359 -124.359
141.605 -141.605
141.902 -141.902
142.133 -142.133
142.423 -142.423
107.002 -107.002
71.9752 -71.9752
36.3457 -36.3457
5.22197 -5.22197
-25.505 25.505
-48.6202 48.6202
-71.3438 71.3438
-98.3925 98.3925
-110.021 110.021
-122.208 122.208
-134.097 134.097
-149.11 149.11
-159.977 159.977
-164.511 164.511
-164.863 164.863
-165.188 165.188
-124.941 124.941
-87.1893 87.1893
-39.863 39.863
-8.28457 8.28457
18.3479 -18.3479
32.663 -32.663
47.3958 -47.3958
63.4404 -63.4404
63.4056 -63.4056
84.4254 -84.4254
91.4791 -91.4791
99.4239 -99.4239
107.943 -107.943
118.951 -118.951
127.464 -127.464
134.658 -134.658
142.366 -142.366
106.937 -106.937
69.8414 -69.8414
35.3383 -35.3383
2.11803 -2.11803
-16.6808 16.6808
-35.6051 35.6051
-57.9176 57.9176
-77.6085 77.6085
-95.7219 95.7219
-106.524 106.524
-116.791 116.791
-127.25 127.25
-136.857 136.857
-148.009 148.009
-156.764 156.764
-165.151 165.151
-119.211 119.211
-80.5619 80.5619
-22.9753 22.9753
-2.13162 2.13162
15.586 -15.586
33.8257 -33.8257
47.9166 -47.9166
63.3741 -63.3741
63.2598 -63.2598
85.8734 -85.8734
91.7679 -91.7679
101.35 -101.35
109.327 -109.327
118.433 -118.433
126.149 -126.149
134.918 -134.918
142.425 -142.425
95.4292 -95.4292
71.3796 -71.3796
32.7712 -32.7712
4.87906 -4.87906
-16.7414 16.7414
-36.8135 36.8135
-55.8353 55.8353
-73.3879 73.3879
-95.1424 95.1424
-105.52 105.52
-119.489 119.489
-127.123 127.123
-141.167 141.167
-146.41 146.41
-157.12 157.12
-164.439 164.439
-124.764 124.764
-83.9909 83.9909
-49.3143 49.3143
-8.99308 8.99308
13.9572 -13.9572
33.9096 -33.9096
47.134 -47.134
61.9271 -61.9271
61.8301 -61.8301
85.9136 -85.9136
97.8694 -97.8694
107.961 -107.961
120.004 -120.004
131.024 -131.024
142.556 -142.556
142.85 -142.85
143.25 -143.25
100.895 -100.895
60.6106 -60.6106
20.3267 -20.3267
-13.1903 13.1903
-39.1915 39.1915
-53.8681 53.8681
-73.6984 73.6984
-94.7719 94.7719
-111.821 111.821
-120.031 120.031
-132.277 132.277
-142.729 142.729
-155.766 155.766
-165.23 165.23
-165.867 165.867
-166.153 166.153
-107.006 107.006
-59.1895 59.1895
-11.013 11.013
14.9444 -14.9444
26.0934 -26.0934
40.6535 -40.6535
58.1078 -58.1078
72.4637 -72.4637
76.3543 -76.3543
84.7241 -84.7241
93.3764 -93.3764
101.996 -101.996
111.068 -111.068
120.932 -120.932
131.005 -131.005
136.233 -136.233
143.254 -143.254
100.354 -100.354
59.5242 -59.5242
16.4573 -16.4573
-11.3777 11.3777
-29.7596 29.7596
-48.0852 48.0852
-63.7022 63.7022
-79.8907 79.8907
-98.6083 98.6083
-108.301 108.301
-118.343 118.343
-128.797 128.797
-137.743 137.743
-148.664 148.664
-158.265 158.265
-166.1 166.1
-113.512 113.512
-48.4914 48.4914
-24.4745 24.4745
8.82136 -8.82136
22.6248 -22.6248
38.7236 -38.7236
53.8207 -53.8207
69.3895 -69.3895
68.3061 -68.3061
89.3365 -89.3365
103.245 -103.245
114.876 -114.876
128.547 -128.547
143.322 -143.322
143.758 -143.758
144.302 -144.302
144.881 -144.881
87.5034 -87.5034
36.3413 -36.3413
-8.3163 8.3163
-31.6604 31.6604
-47.2732 47.2732
-66.6605 66.6605
-88.4863 88.4863
-108.052 108.052
-118.083 118.083
-133.587 133.587
-140.38 140.38
-151.365 151.365
-163.082 163.082
-166.715 166.715
-167.383 167.383
-168.097 168.097
-102.995 102.995
-36.0399 36.0399
4.19776 -4.19776
20.3921 -20.3921
33.3329 -33.3329
48.0382 -48.0382
61.7148 -61.7148
75.5347 -75.5347
70.2365 -70.2365
88.9988 -88.9988
97.1894 -97.1894
105.722 -105.722
113.645 -113.645
122.22 -122.22
130.319 -130.319
137.525 -137.525
144.91 -144.91
90.5872 -90.5872
30.0217 -30.0217
-5.78195 5.78195
-23.975 23.975
-38.9597 38.9597
-55.0143 55.0143
-71.1107 71.1107
-86.0682 86.0682
-103.573 103.573
-114.927 114.927
-121.592 121.592
-131.384 131.384
-141.681 141.681
-150.18 150.18
-159.681 159.681
-168.118 168.118
-100.069 100.069
-3.24281 3.24281
6.426 -6.426
21.3045 -21.3045
33.4636 -33.4636
51.1325 -51.1325
64.7 -64.7
75.9401 -75.9401
77.2169 -77.2169
92.2576 -92.2576
103.542 -103.542
115.074 -115.074
125.23 -125.23
136.014 -136.014
144.957 -144.957
145.896 -145.896
146.593 -146.593
78.0141 -78.0141
10.3603 -10.3603
-15.6948 15.6948
-35.8712 35.8712
-52.5573 52.5573
-69.0911 69.0911
-87.325 87.325
-103.598 103.598
-116.221 116.221
-128.988 128.988
-137.702 137.702
-148.428 148.428
-159.941 159.941
-168.286 168.286
-169.235 169.235
-170.009 170.009
-92.6166 92.6166
-17.4621 17.4621
11.2515 -11.2515
28.2383 -28.2383
39.4732 -39.4732
51.1349 -51.1349
64.7944 -64.7944
77.5828 -77.5828
78.036 -78.036
90.739 -90.739
99.2538 -99.2538
106.616 -106.616
115.312 -115.312
122.429 -122.429
132.251 -132.251
139.956 -139.956
146.415 -146.415
78.7431 -78.7431
10.6446 -10.6446
-13.3429 13.3429
-28.6683 28.6683
-48.1149 48.1149
-59.8552 59.8552
-77.4454 77.4454
-93.0635 93.0635
-108.472 108.472
-117.155 117.155
-124.365 124.365
-136.235 136.235
-144.557 144.557
-154.792 154.792
-160.993 160.993
-169.944 169.944
-92.4493 92.4493
-12.6143 12.6143
10.4618 -10.4618
25.9261 -25.9261
42.1242 -42.1242
55.617 -55.617
66.1264 -66.1264
78.587 -78.587
77.95 -77.95
93.9743 -93.9743
103.114 -103.114
112.72 -112.72
123.442 -123.442
133.329 -133.329
143.13 -143.13
120.597 -120.597
80.2185 -80.2185
-0.550476 0.550476
-16.3815 16.3815
-39.0596 39.0596
-62.4893 62.4893
-73.5062 73.5062
-80.8265 80.8265
-98.0144 98.0144
-107.788 107.788
-117.858 117.858
-129.055 129.055
-137.975 137.975
-147.181 147.181
-156.888 156.888
-167.148 167.148
-140.051 140.051
-91.3098 91.3098
-10.567 10.567
9.8388 -9.8388
15.2624 -15.2624
23.0753 -23.0753
31.3016 -31.3016
34.2113 -34.2113
39.7511 -39.7511
48.2437 -48.2437
47.82 -47.82
51.5855 -51.5855
56.2075 -56.2075
59.775 -59.775
63.7591 -63.7591
68.0339 -68.0339
72.0411 -72.0411
76.178 -76.178
80.1973 -80.1973
-0.831537 0.831537
-8.45262 8.45262
-15.8233 15.8233
-22.7899 22.7899
-31.1105 31.1105
-42.4892 42.4892
-45.8201 45.8201
-52.0618 52.0618
-57.9854 57.9854
-63.049 63.049
-68.1243 68.1243
-72.3626 72.3626
-77.267 77.267
-82.2578 82.2578
-86.8181 86.8181
-91.0903 91.0903
-4.72497 4.72497
7.03013 -7.03013
13.7873 -13.7873
20.5636 -20.5636
26.8063 -26.8063
34.5591 -34.5591
40.2539 -40.2539
45.933 -45.933
45.9386 -45.9386
52.4534 -52.4534
57.6422 -57.6422
62.8565 -62.8565
67.6855 -67.6855
72.5071 -72.5071
77.6815 -77.6815
54.9157 -54.9157
45.12 -45.12
-4.90742 4.90742
-13.4386 13.4386
-21.2633 21.2633
-29.0296 29.0296
-36.5369 36.5369
-44.0165 44.0165
-51.7247 51.7247
-57.9899 57.9899
-63.9355 63.9355
-68.4526 68.4526
-73.807 73.807
-78.1573 78.1573
-83.2912 83.2912
-88.2604 88.2604
-65.7014 65.7014
-52.3392 52.3392
2.29928 -2.29928
6.58191 -6.58191
10.1798 -10.1798
13.7836 -13.7836
17.3409 -17.3409
20.7663 -20.7663
25.0374 -25.0374
28.313 -28.313
29.2146 -29.2146
30.1192 -30.1192
33.2906 -33.2906
35.2993 -35.2993
37.1231 -37.1231
39.4982 -39.4982
42.1191 -42.1191
43.9654 -43.9654
45.12 -45.12
-7.47954 7.47954
-10.7416 10.7416
-14.5979 14.5979
-21.9391 21.9391
-26.084 26.084
-30.9877 30.9877
-33.6429 33.6429
-36.1637 36.1637
-38.3825 38.3825
-40.3338 40.3338
-42.13 42.13
-44.1698 44.1698
-48.4186 48.4186
-49.9091 49.9091
-50.4109 50.4109
-52.3392 52.3392
10.0186 -10.0186
13.3306 -13.3306
16.651 -16.651
19.8386 -19.8386
23.1443 -23.1443
25.9945 -25.9945
27.6188 -27.6188
27.678 -27.678
-0.435078 0.435078
