14.6031 1 0 -0.632762 0 0 0 0.0860489 0 -0.158845 0.312737 0 -0.317234 0.633012 0 -0.475197
30.3056 2 0 -0.636598 0 0 0 0.172332 0 -0.160655 0.625969 0 -0.320227 1.26644 0 -0.478836
46.2928 3 0 -0.641021 0 0 0 0.258868 0 -0.162817 0.93973 0 -0.323743 1.90031 0 -0.483056
60.4159 4 0 -0.64005 0 0 0 0.361381 0 -0.15974 1.27606 0 -0.321951 2.54906 0 -0.481907
71.6008 5 0 -0.632719 0 0 0 0.4681 0 -0.15139 1.6274 0 -0.313915 3.20899 0 -0.474427
81.2381 6 0 -0.620597 0 0 0 0.580763 0 -0.139783 1.98748 0 -0.301158 3.87543 0 -0.462174
88.7524 7 0 -0.599561 0 0 0 0.693282 0 -0.121626 2.35187 0 -0.279615 4.54717 0 -0.441035
95.9304 8 0 -0.578418 0 0 0 0.804786 0 -0.103586 2.7163 0 -0.257961 5.21912 0 -0.41979
102.603 9 0 -0.555123 0 0 0 0.909884 0 -0.0852422 3.07669 0 -0.234422 5.88974 0 -0.396397
109.089 10 0 -0.531755 0 0 0 1.0141 0 -0.0673517 3.43362 0 -0.211144 6.55881 0 -0.372932
115.38 11 0 -0.507429 0 0 0 1.11793 0 -0.0495233 3.78941 0 -0.186891 7.22762 0 -0.348511
121.113 12 0 -0.479039 0 0 0 1.21925 0 -0.0314423 4.13973 0 -0.158556 7.8945 0 -0.320033
126.754 13 0 -0.451014 0 0 0 1.32072 0 -0.013598 4.49036 0 -0.130574 8.56159 0 -0.291921
132.222 14 0 -0.42153 0 0 0 1.42346 0 0.00610786 4.84341 0 -0.10112 9.23017 0 -0.26235
137.282 15 0 -0.388024 0 0 0 1.52748 0 0.0296585 5.1971 0 -0.0685786 9.89783 0 -0.228764
142.246 16 0 -0.354623 0 0 0 1.63109 0 0.0528437 5.54927 0 -0.0365324 10.564 0 -0.195282
146.596 17 0 -0.319019 0 0 0 1.75415 0 0.0786045 5.91776 0 -0.00270888 11.2399 0 -0.15961
150.561 18 0 -0.283328 0 0 0 1.88059 0 0.104534 6.289 0 0.0311165 11.9176 0 -0.123853
154.303 19 0 -0.246688 0 0 0 2.01394 0 0.131695 6.66838 0 0.0660448 12.5999 0 -0.0871511
157.596 20 0 -0.208815 0 0 0 2.15718 0 0.160549 7.0591 0 0.102404 13.2887 0 -0.0492235
160.724 21 0 -0.171766 0 0 0 2.30567 0 0.189073 7.45522 0 0.138023 13.9805 0 -0.0121219
163.197 22 0 -0.135897 0 0 0 2.47868 0 0.21851 7.87646 0 0.172814 14.6864 0 0.0237874
164.776 23 0 -0.0989993 0 0 0 2.67102 0 0.251428 8.32099 0 0.209045 15.4058 0 0.0607095
165.559 24 0 -0.0653015 0 0 0 2.89213 0 0.283411 8.79439 0 0.242456 16.1412 0 0.094418
164.909 25 0 -0.0390753 0 0 0 3.16466 0 0.311978 9.31751 0 0.269112 16.9042 0 0.120644
164.112 26 0 -0.0131339 0 0 0 3.44711 0 0.341294 9.85082 0 0.295673 17.6729 0 0.146586
162.699 27 0 0.0115809 0 0 0 3.74341 0 0.370823 10.3983 0 0.321271 18.4496 0 0.1713
160.516 28 0 0.0327605 0 0 0 4.05171 0 0.398061 10.9582 0 0.343563 19.2333 0 0.19248
158.355 29 0 0.0532295 0 0 0 4.36132 0 0.424726 11.5193 0 0.365169 20.0177 0 0.212949
156.226 30 0 0.073044 0 0 0 4.6719 0 0.450836 12.0815 0 0.386139 20.8026 0 0.232764
154.076 31 0 0.0922204 0 0 0 4.98306 0 0.476318 12.6444 0 0.406492 21.588 0 0.25194
151.906 32 0 0.11145 0 0 0 5.29171 0 0.501277 13.206 0 0.42691 22.3727 0 0.271169
149.676 33 0 0.129403 0 0 0 5.60216 0 0.525136 13.7693 0 0.446088 23.1585 0 0.289122
148.313 34 0 0.154371 0 0 0 5.8808 0 0.552902 14.2994 0 0.471637 23.9255 0 0.31409
148.313 35 0 0.186707 0 0 0 6.12944 0 0.585105 14.798 0 0.503946 24.6747 0 0.346427
148.339 36 0 0.219035 0 0 0 6.37808 0 0.6173 15.2965 0 0.536246 25.4239 0 0.378755
148.377 37 0 0.251354 0 0 0 6.62673 0 0.649486 15.7951 0 0.568537 26.1731 0 0.411073
148.421 38 0 0.283663 0 0 0 6.87537 0 0.681663 16.2937 0 0.600819 26.9223 0 0.443383
148.468 39 0 0.315963 0 0 0 7.12402 0 0.71383 16.7923 0 0.633091 27.6715 0 0.475682
148.517 40 0 0.348253 0 0 0 7.37266 0 0.745988 17.2908 0 0.665354 28.4207 0 0.507972
148.566 41 0 0.380533 0 0 0 7.62131 0 0.778136 17.7894 0 0.697606 29.1699 0 0.540252
148.616 42 0 0.412802 0 0 0 7.86996 0 0.810274 18.288 0 0.729848 29.9191 0 0.572522
148.665 43 0 0.445061 0 0 0 8.11861 0 0.842401 18.7866 0 0.76208 30.6683 0 0.604781
148.715 44 0 0.477309 0 0 0 8.36727 0 0.874517 19.2852 0 0.794301 31.4175 0 0.637029
148.765 45 0 0.509546 0 0 0 8.61592 0 0.906622 19.7838 0 0.82651 32.1667 0 0.669265
148.815 46 0 0.541771 0 0 0 8.86458 0 0.938716 20.2824 0 0.858708 32.9159 0 0.70149
148.865 47 0 0.573984 0 0 0 9.11324 0 0.970798 20.781 0 0.890894 33.6651 0 0.733703
148.914 48 0 0.606184 0 0 0 9.3619 0 1.00287 21.2796 0 0.923067 34.4143 0 0.765904
148.964 49 0 0.638372 0 0 0 9.61057 0 1.03493 21.7782 0 0.955228 35.1635 0 0.798092
149.014 50 0 0.670547 0 0 0 9.85923 0 1.06697 22.2768 0 0.987376 35.9127 0 0.830267
149.063 51 0 0.702709 0 0 0 10.1079 0 1.099 22.7754 0 1.01951 36.6619 0 0.862428
149.112 52 0 0.734856 0 0 0 10.3566 0 1.13102 23.274 0 1.05163 37.4111 0 0.894575
149.162 53 0 0.766989 0 0 0 10.6052 0 1.16302 23.7726 0 1.08374 38.1603 0 0.926708
149.217 54 0 0.7993 0 0 0 10.8541 0 1.19522 24.2714 0 1.11603 38.9097 0 0.95902
149.223 55 0 0.832633 0 0 0 11.1041 0 1.22856 24.7714 0 1.14936 39.6597 0 0.992353
149.225 56 0 0.865967 0 0 0 11.3541 0 1.26189 25.2714 0 1.18269 40.4097 0 1.02569
149.227 57 0 0.8993 0 0 0 11.6041 0 1.29522 25.7714 0 1.21602 41.1597 0 1.05902
149.228 58 0 0.932633 0 0 0 11.8541 0 1.32855 26.2714 0 1.24936 41.9097 0 1.09235
149.229 59 0 0.965966 0 0 0 12.1041 0 1.36189 26.7714 0 1.28269 42.6597 0 1.12569
149.229 60 0 0.999299 0 0 0 12.3541 0 1.39522 27.2714 0 1.31602 43.4097 0 1.15902
149.229 61 0 1.03263 0 0 0 12.6041 0 1.42855 27.7713 0 1.34936 44.1597 0 1.19235
149.23 62 0 1.06597 0 0 0 12.8541 0 1.46188 28.2713 0 1.38269 44.9096 0 1.22569
149.23 63 0 1.0993 0 0 0 13.1041 0 1.49522 28.7713 0 1.41602 45.6596 0 1.25902
149.23 64 0 1.13263 0 0 0 13.3541 0 1.52855 29.2713 0 1.44936 46.4096 0 1.29235
149.23 65 0 1.16597 0 0 0 13.604 0 1.56188 29.7713 0 1.48269 47.1596 0 1.32568
149.231 66 0 1.1993 0 0 0 13.854 0 1.59521 30.2713 0 1.51602 47.9096 0 1.35902
149.231 67 0 1.23263 0 0 0 14.104 0 1.62855 30.7713 0 1.54935 48.6596 0 1.39235
149.231 68 0 1.26596 0 0 0 14.354 0 1.66188 31.2713 0 1.58269 49.4096 0 1.42568
149.232 69 0 1.2993 0 0 0 14.604 0 1.69521 31.7713 0 1.61602 50.1596 0 1.45902
149.232 70 0 1.33263 0 0 0 14.854 0 1.72854 32.2713 0 1.64935 50.9096 0 1.49235
149.232 71 0 1.36596 0 0 0 15.104 0 1.76188 32.7713 0 1.68269 51.6596 0 1.52568
149.232 72 0 1.3993 0 0 0 15.354 0 1.79521 33.2713 0 1.71602 52.4096 0 1.55902
149.233 73 0 1.43263 0 0 0 15.604 0 1.82854 33.7713 0 1.74935 53.1596 0 1.59235
149.233 74 0 1.46596 0 0 0 15.854 0 1.86187 34.2712 0 1.78269 53.9096 0 1.62568
149.233 75 0 1.4993 0 0 0 16.104 0 1.89521 34.7712 0 1.81602 54.6596 0 1.65902
149.233 76 0 1.53263 0 0 0 16.354 0 1.92854 35.2712 0 1.84935 55.4096 0 1.69235
149.234 77 0 1.56596 0 0 0 16.604 0 1.96187 35.7712 0 1.88268 56.1596 0 1.72568
149.234 78 0 1.5993 0 0 0 16.8539 0 1.9952 36.2712 0 1.91602 56.9096 0 1.75902
149.234 79 0 1.63263 0 0 0 17.1039 0 2.02854 36.7712 0 1.94935 57.6596 0 1.79235
149.235 80 0 1.66596 0 0 0 17.3539 0 2.06187 37.2712 0 1.98268 58.4096 0 1.82568
149.235 81 0 1.6993 0 0 0 17.6039 0 2.0952 37.7712 0 2.01602 59.1596 0 1.85902
149.235 82 0 1.73263 0 0 0 17.8539 0 2.12853 38.2712 0 2.04935 59.9096 0 1.89235
149.235 83 0 1.76596 0 0 0 18.1039 0 2.16187 38.7712 0 2.08268 60.6596 0 1.92568
149.236 84 0 1.7993 0 0 0 18.3539 0 2.1952 39.2712 0 2.11602 61.4096 0 1.95902
149.236 85 0 1.83263 0 0 0 18.6039 0 2.22853 39.7712 0 2.14935 62.1595 0 1.99235
149.236 86 0 1.86596 0 0 0 18.8539 0 2.26186 40.2712 0 2.18268 62.9095 0 2.02568
149.236 87 0 1.8993 0 0 0 19.1039 0 2.2952 40.7711 0 2.21602 63.6595 0 2.05901
149.237 88 0 1.93263 0 0 0 19.3539 0 2.32853 41.2711 0 2.24935 64.4095 0 2.09235
149.237 89 0 1.96596 0 0 0 19.6039 0 2.36186 41.7711 0 2.28268 65.1595 0 2.12568
149.237 90 0 1.99929 0 0 0 19.8539 0 2.39519 42.2711 0 2.31601 65.9095 0 2.15901
149.238 91 0 2.03263 0 0 0 20.1039 0 2.42852 42.7711 0 2.34935 66.6595 0 2.19235
149.238 92 0 2.06596 0 0 0 20.3538 0 2.46186 43.2711 0 2.38268 67.4095 0 2.22568
149.238 93 0 2.09929 0 0 0 20.6038 0 2.49519 43.7711 0 2.41601 68.1595 0 2.25901
149.238 94 0 2.13263 0 0 0 20.8538 0 2.52852 44.2711 0 2.44935 68.9095 0 2.29235
149.239 95 0 2.16596 0 0 0 21.1038 0 2.56185 44.7711 0 2.48268 69.6595 0 2.32568
149.239 96 0 2.19929 0 0 0 21.3538 0 2.59519 45.2711 0 2.51601 70.4095 0 2.35901
149.239 97 0 2.23263 0 0 0 21.6038 0 2.62852 45.7711 0 2.54935 71.1595 0 2.39235
149.239 98 0 2.26596 0 0 0 21.8538 0 2.66185 46.2711 0 2.58268 71.9095 0 2.42568
149.24 99 0 2.29929 0 0 0 22.1038 0 2.69518 46.7711 0 2.61601 72.6595 0 2.45901
149.24 100 0 2.33263 0 0 0 22.3538 0 2.72852 47.271 0 2.64934 73.4095 0 2.49235
