14.6031 1 0 -0.632762
30.3056 2 0 -0.636598
46.2928 3 0 -0.641021
60.4159 4 0 -0.64005
71.6008 5 0 -0.632719
81.2381 6 0 -0.620597
88.7524 7 0 -0.599561
95.9304 8 0 -0.578418
102.603 9 0 -0.555123
109.089 10 0 -0.531755
115.38 11 0 -0.507429
121.113 12 0 -0.479039
126.754 13 0 -0.451014
132.222 14 0 -0.42153
137.282 15 0 -0.388024
142.246 16 0 -0.354623
146.596 17 0 -0.319019
150.561 18 0 -0.283328
154.303 19 0 -0.246688
157.596 20 0 -0.208815
160.724 21 0 -0.171766
163.197 22 0 -0.135897
164.776 23 0 -0.0989993
165.559 24 0 -0.0653015
164.909 25 0 -0.0390753
164.112 26 0 -0.0131339
162.699 27 0 0.0115809
160.516 28 0 0.0327605
158.355 29 0 0.0532295
156.226 30 0 0.073044
154.076 31 0 0.0922204
151.906 32 0 0.11145
149.676 33 0 0.129403
148.313 34 0 0.154371
148.313 35 0 0.186707
148.339 36 0 0.219035
148.377 37 0 0.251354
148.421 38 0 0.283663
148.468 39 0 0.315963
148.517 40 0 0.348253
148.566 41 0 0.380533
148.616 42 0 0.412802
148.665 43 0 0.445061
148.715 44 0 0.477309
148.765 45 0 0.509546
148.815 46 0 0.541771
148.865 47 0 0.573984
148.914 48 0 0.606184
148.964 49 0 0.638372
149.014 50 0 0.670547
149.063 51 0 0.702709
149.112 52 0 0.734856
149.162 53 0 0.766989
149.217 54 0 0.7993
149.223 55 0 0.832633
149.225 56 0 0.865967
149.227 57 0 0.8993
149.228 58 0 0.932633
149.229 59 0 0.965966
149.229 60 0 0.999299
149.229 61 0 1.03263
149.23 62 0 1.06597
149.23 63 0 1.0993
149.23 64 0 1.13263
149.23 65 0 1.16597
149.231 66 0 1.1993
149.231 67 0 1.23263
149.231 68 0 1.26596
149.232 69 0 1.2993
149.232 70 0 1.33263
149.232 71 0 1.36596
149.232 72 0 1.3993
149.233 73 0 1.43263
149.233 74 0 1.46596
149.233 75 0 1.4993
149.233 76 0 1.53263
149.234 77 0 1.56596
149.234 78 0 1.5993
149.234 79 0 1.63263
149.235 80 0 1.66596
149.235 81 0 1.6993
149.235 82 0 1.73263
149.235 83 0 1.76596
149.236 84 0 1.7993
149.236 85 0 1.83263
149.236 86 0 1.86596
149.236 87 0 1.8993
149.237 88 0 1.93263
149.237 89 0 1.96596
149.237 90 0 1.99929
149.238 91 0 2.03263
149.238 92 0 2.06596
149.238 93 0 2.09929
149.238 94 0 2.13263
149.239 95 0 2.16596
149.239 96 0 2.19929
149.239 97 0 2.23263
149.239 98 0 2.26596
149.24 99 0 2.29929
149.24 100 0 2.33263
