-0.062062 -0.0001608
3.08566 0.0073972
5.66641 0.013584
8.65229 0.020742
11.5235 0.027625
9.94917 0.023851
7.45969 0.017883
4.69197 0.011248
1.28233 0.0030741
-1.43775 -0.0039735
-4.26817 -0.011307
-7.37166 -0.019348
-10.6006 -0.027714
-10.7472 -0.028094
-10.8642 -0.028397
-9.20843 -0.024107
-6.65262 -0.017485
-3.74242 -0.0099448
-0.70748 -0.0020814
2.52797 0.0056749
5.70327 0.013287
8.71919 0.020517
11.7101 0.027687
11.8648 0.028058
9.98228 0.023545
7.34513 0.017223
4.43392 0.010244
1.21461 0.0025264
-1.82963 -0.0053611
-4.89333 -0.013299
-7.88913 -0.021061
-10.6337 -0.028172
-8.81311 -0.023455
-6.30439 -0.016955
-3.5791 -0.0098939
-0.299308 -0.0013961
2.97807 0.0064607
6.06794 0.013868
6.15971 0.014088
6.1814 0.01414
6.20434 0.014195
6.16054 0.01409
6.22228 0.014238
6.22645 0.014248
6.1547 0.014076
9.31328 0.021648
12.0126 0.028119
10.0166 0.023334
7.49914 0.017299
4.44393 0.0099748
1.10916 0.0019804
-2.08537 -0.0062965
-5.05513 -0.013991
-8.04977 -0.02175
-10.7881 -0.028845
-8.94249 -0.024063
-6.42026 -0.017528
-4.40517 -0.012307
-3.48065 -0.0099116
-0.113438 -0.0011873
6.19674 0.01394
11.7505 0.027254
17.5926 0.041259
25.9206 0.061853
22.1167 0.052734
16.9784 0.040416
10.6396 0.02522
3.62231 0.0083976
-2.98548 -0.0087229
-9.19789 -0.024819
-16.1478 -0.042826
-24.5998 -0.068009
-21.3269 -0.059228
-16.2032 -0.045481
-9.61282 -0.027799
-1.74976 -0.0067024
6.37877 0.012784
13.8643 0.030729
20.6236 0.046933
26.3308 0.063296
21.9411 0.052854
16.4534 0.039681
9.87752 0.023878
2.05796 0.0050855
-6.18114 -0.01702
-13.2322 -0.035938
-19.9754 -0.05403
-25.3664 -0.073151
-21.4625 -0.062429
-16.1663 -0.047883
-9.33216 -0.029113
-1.03449 -0.0063234
7.77785 0.014855
15.1936 0.032677
21.9848 0.048998
26.5014 0.064722
22.2875 0.05452
16.8267 0.041299
9.79637 0.024278
1.25246 0.0035926
-6.81438 -0.018563
-14.0439 -0.038419
-20.9312 -0.057335
-25.7688 -0.07585
-21.3541 -0.063584
-16.0434 -0.048828
-8.93741 -0.029084
-0.485599 -0.0056006
15.7422 0.033688
26.6937 0.065434
33.4796 0.10748
34.3066 0.11235
44.2241 0.17287
38.8898 0.15532
28.6376 0.12159
17.1779 0.083887
2.7029 0.036264
-14.6932 -0.015597
-22.7198 -0.059263
-31.8306 -0.11651
-42.8242 -0.19025
-35.7953 -0.16416
-25.396 -0.12556
-12.9226 -0.079261
3.31327 -0.020765
4.60779 -0.016506
24.9246 0.050337
25.0383 0.050711
32.0456 0.095235
38.9047 0.13896
46.0481 0.184
37.4766 0.15525
27.9331 0.12324
15.6531 0.082051
0.687318 0.026501
-16.3823 -0.036858
-29.2543 -0.093104
-36.4685 -0.14475
-44.3225 -0.2003
-35.8979 -0.16852
-25.4798 -0.12922
-12.1202 -0.078824
6.77904 -0.011132
25.9503 0.053171
33.5048 0.10227
40.2176 0.14601
46.5774 0.18723
38.3751 0.15957
14.9824 0.080684
-18.1528 -0.044311
-30.5095 -0.099967
-37.8161 -0.15304
-44.8473 -0.20382
-36.3183 -0.17147
-36.2682 -0.17128
-25.1978 -0.12929
-11.3057 -0.076598
8.2489 -0.0068247
8.27959 -0.0067212
21.9281 0.039305
29.2059 0.073325
35.8804 0.11709
40.8156 0.14945
46.4416 0.18634
46.5118 0.1868
52.9718 0.22625
59.081 0.26353
65.4427 0.30235
55.6604 0.26407
45.9062 0.2259
26.1066 0.14842
7.24835 0.074624
-11.8944 0.00052844
-28.2029 -0.075783
-37.7625 -0.14932
-48.1197 -0.22577
-59.3354 -0.301
-41.9426 -0.22641
-24.1534 -0.15012
-6.66592 -0.075124
12.4589 -0.00028476
31.7791 0.075319
31.7648 0.075263
45.3941 0.15238
55.395 0.22719
55.4471 0.22758
65.5787 0.30318
45.4513 0.22435
26.4626 0.14998
7.12617 0.074248
-10.1245 0.00026746
-28.2844 -0.077612
-40.8962 -0.1489
-49.9752 -0.22379
-59.8707 -0.30459
-40.6868 -0.22201
-24.4253 -0.15201
-6.66734 -0.075568
12.7524 0.00049038
32.2223 0.076745
45.115 0.14992
55.5338 0.22795
55.4827 0.22775
65.8507 0.30484
44.2231 0.21999
26.3704 0.14995
6.35268 0.071416
-10.4971 -0.0011163
-28.5725 -0.078925
-41.4432 -0.15223
-50.2627 -0.22515
-59.7812 -0.30385
-41.7007 -0.22602
-41.7542 -0.22625
-23.7992 -0.14896
-5.38704 -0.069702
12.649 0.0010572
40.5738 0.11551
55.1635 0.22479
71.7912 0.34109
90.1862 0.45334
63.89 0.33651
38.3412 0.223
13.3032 0.11176
-13.3037 -0.0027737
-37.4214 -0.11641
-37.3541 -0.11612
-50.729 -0.22796
-50.5431 -0.22716
-65.2214 -0.34048
-81.4866 -0.44958
-58.4349 -0.33729
-34.636 -0.22136
-34.5929 -0.22115
-10.8617 -0.10555
-10.8227 -0.10536
13.0673 0.00077978
39.0303 0.11613
61.609 0.22314
76.1608 0.34036
89.9962 0.45181
53.3351 0.28893
38.4123 0.22263
13.613 0.11245
-9.40382 0.00033003
-9.41579 0.00027174
-33.8248 -0.11863
-56.2627 -0.22793
-69.387 -0.3422
-69.3961 -0.34228
-81.9727 -0.45284
-57.3212 -0.33248
-35.191 -0.22443
-11.791 -0.11018
13.5265 0.0023022
13.5671 0.0024824
39.0952 0.1159
61.6798 0.22372
75.5506 0.33545
89.9689 0.45159
38.5988 0.22336
12.8991 0.10918
-9.50431 -0.0002042
-34.2634 -0.12109
-55.8038 -0.22626
-55.7853 -0.22617
-69.0024 -0.33763
-81.9614 -0.45274
-58.164 -0.33655
-35.9949 -0.22831
-11.9006 -0.11067
13.0965 0.00038838
29.6612 0.073983
46.2174 0.14754
62.3035 0.22876
62.3308 0.22898
71.3767 0.30184
80.9776 0.37917
81.0136 0.37946
89.8423 0.45057
102.467 0.52828
107.758 0.59709
107.8 0.59817
107.883 0.60031
107.899 0.60074
107.925 0.6014
107.936 0.60169
107.95 0.60205
107.995 0.60322
91.5913 0.52324
77.5092 0.45458
61.53 0.37667
45.5979 0.29899
26.454 0.20565
15.9038 0.15421
-0.602433 0.073619
-16.5101 -0.0040495
-46.9333 -0.15259
-58.1179 -0.23293
-66.6452 -0.31154
-73.3012 -0.3729
-73.1373 -0.3721
-81.8913 -0.45209
-92.9081 -0.52619
-97.2924 -0.59893
-83.1256 -0.52309
-68.8167 -0.44649
-54.8012 -0.37146
-40.0141 -0.2923
-26.8149 -0.22164
-12.7246 -0.14621
18.8664 0.0078187
32.5815 0.074689
47.9353 0.14955
61.9374 0.21782
74.611 0.30117
74.6199 0.30125
82.9037 0.3762
91.1621 0.45092
99.6704 0.5279
108.273 0.61042
108.285 0.61072
85.1562 0.49747
75.6432 0.45089
59.8665 0.37364
44.4289 0.29805
44.4657 0.29823
28.8074 0.22156
12.8225 0.14329
12.8061 0.14321
-0.481838 0.072075
-15.862 -0.01026
-15.7834 -0.0098396
-28.4511 -0.077654
-28.4513 -0.077655
-42.946 -0.15525
-54.9721 -0.21963
-67.4426 -0.29935
-67.3417 -0.29881
-75.3549 -0.37876
-82.6096 -0.45157
-89.8444 -0.52418
-97.4574 -0.60366
-82.636 -0.5241
-82.6621 -0.52424
-68.1704 -0.44645
-68.1611 -0.4464
-54.9194 -0.37532
-40.5227 -0.29804
-26.5918 -0.22326
-5.05641 -0.10766
2.5227 -0.070106
17.7267 0.0043401
32.1152 0.074793
48.0526 0.15283
63.429 0.22812
73.9329 0.2967
82.8289 0.37802
90.7961 0.45085
99.6473 0.53176
107.334 0.60203
91.8968 0.52644
76.1446 0.44931
76.4183 0.45065
60.7968 0.37416
45.1836 0.29771
29.317 0.22002
14.7923 0.1489
0.827635 0.073939
-13.8029 -0.0045964
-28.3498 -0.082683
-41.1699 -0.1515
-55.3282 -0.2275
-67.4493 -0.30243
-67.4742 -0.30268
-76.2566 -0.39084
-82.0255 -0.44875
-90.4513 -0.53333
-97.9158 -0.6168
-97.9176 -0.61685
-80.4198 -0.52222
-67.0177 -0.44974
-54.2221 -0.38054
-38.8433 -0.29737
-23.999 -0.21709
-24.1635 -0.21798
-7.44235 -0.12755
4.70537 -0.067613
18.3547 -0.00077941
43.4339 0.12202
64.7186 0.22624
78.874 0.33982
78.9239 0.34028
92.4634 0.46499
103.576 0.56735
110.911 0.67864
115.37 0.79397
119.037 0.90965
97.5531 0.78911
76.5218 0.67111
56.264 0.55745
37.2913 0.451
13.3958 0.31693
-3.60156 0.21985
-20.988 0.11403
-40.4314 -0.0043095
-41.9756 -0.013708
-57.7262 -0.13265
-66.9896 -0.24425
-66.7567 -0.24299
-84.4997 -0.4552
-93.832 -0.56763
-99.9004 -0.67369
-103.893 -0.78814
-103.794 -0.78756
-107.133 -0.90152
-88.508 -0.78678
-69.8004 -0.67153
-51.9661 -0.56166
-51.9855 -0.56178
-34.0441 -0.45125
-14.5881 -0.33139
2.76385 -0.22266
19.6236 -0.10762
35.7144 0.0021733
56.9088 0.14679
56.9161 0.14684
67.6095 0.23334
76.3923 0.34884
84.6573 0.45753
93.3161 0.5714
101.922 0.68457
110.079 0.79184
110.097 0.79208
118.747 0.90583
98.3392 0.79133
77.7338 0.67572
56.6597 0.55748
14.7041 0.32208
-1.05255 0.22501
-17.2474 0.1104
-31.7589 0.0017114
-47.9957 -0.1199
-60.7919 -0.22887
-60.7659 -0.22871
-61.0116 -0.23206
-68.3867 -0.33911
-76.1172 -0.45132
-84.1763 -0.5683
-84.1894 -0.56849
-91.7298 -0.67794
-99.1578 -0.78576
-107.137 -0.90414
-107.137 -0.90424
-88.3129 -0.78815
-88.3112 -0.78814
-69.9346 -0.67481
-51.1233 -0.5588
-33.118 -0.44776
-13.4684 -0.32658
3.06781 -0.22254
20.2043 -0.10535
36.018 0.0027941
52.8204 0.1177
67.0203 0.22462
75.6016 0.33763
83.9717 0.44786
93.9988 0.57991
101.154 0.67414
111.433 0.80951
118.51 0.90271
97.9654 0.78744
77.631 0.67335
57.883 0.56255
38.2098 0.45217
38.2223 0.45224
13.8259 0.31536
13.9881 0.31627
-1.64818 0.21984
-1.67251 0.21969
-17.4773 0.1068
-31.2243 0.0037709
-47.2304 -0.11619
-60.2876 -0.22363
-69.9733 -0.36434
-75.8573 -0.44982
-84.1037 -0.56962
-91.7058 -0.68006
-99.0676 -0.78701
-107.137 -0.90442
-88.2123 -0.7877
-69.9001 -0.67476
-69.9066 -0.6748
-49.8141 -0.55088
-34.7334 -0.45787
3.27095 -0.22128
18.6913 -0.11581
34.8421 -0.0053441
35.7134 0.00061495
35.719 0.0006534
57.9887 0.15297
73.1532 0.30533
84.8702 0.45965
95.3815 0.59809
107.029 0.75149
107.077 0.75213
118.629 0.90428
119.281 1.0527
119.546 1.2085
93.6305 1.0481
69.4223 0.89827
69.4303 0.89832
45.0654 0.74752
45.0121 0.74719
16.1523 0.56857
-20.8344 0.27162
-20.802 0.27182
-37.5587 0.1135
-37.6814 0.11234
-49.6777 -0.0010793
-62.9777 -0.15709
-72.1006 -0.31148
-80.3732 -0.45148
-89.6828 -0.60903
-98.8689 -0.76449
-106.911 -0.90059
-107.364 -1.052
-107.318 -1.0517
-107.611 -1.2129
-83.3577 -1.0473
-63.0415 -0.90858
-40.0189 -0.75138
-18.9646 -0.60762
3.06358 -0.44559
16.7005 -0.30075
16.6763 -0.3009
31.2715 -0.14599
45.0255 9.2516e-05
59.3589 0.15233
70.2687 0.30322
78.8105 0.46014
94.9158 0.75601
94.9778 0.75715
102.912 0.90291
110.554 1.0433
111.218 1.0555
119.55 1.2104
93.6154 1.0498
69.5317 0.90066
43.6717 0.74052
20.6732 0.5981
-3.26167 0.43175
-14.5538 0.29905
-27.8439 0.14287
-40.0177 -0.00019227
-53.1086 -0.15403
-63.2896 -0.30913
-71.3513 -0.47352
-77.701 -0.603
-85.6278 -0.76464
-99.4503 -1.0465
-107.101 -1.2025
-85.3813 -1.0542
-64.5072 -0.91167
-64.5496 -0.91196
-42.993 -0.76477
-19.9118 -0.60717
2.63589 -0.44332
17.6436 -0.28452
30.3708 -0.14985
44.7596 0.0024018
61.834 0.18307
69.9922 0.30223
79.043 0.46809
86.4495 0.60382
94.8962 0.75861
102.89 0.90511
111.108 1.0557
119.13 1.2027
92.8561 1.04
69.2456 0.89379
47.1497 0.75696
17.8856 0.57574
-2.8058 0.43213
-13.8841 0.30242
-25.7344 0.16367
-38.9506 0.0089281
-63.4281 -0.31428
-70.7107 -0.4624
-77.5218 -0.60093
-84.7813 -0.74858
-92.1962 -0.89939
-99.97 -1.0575
-107.365 -1.2079
-83.6537 -1.046
-63.1179 -0.90578
-41.1717 -0.75593
-18.3263 -0.59994
2.53259 -0.44794
2.4906 -0.4482
17.2084 -0.29225
30.7861 -0.14821
45.663 0.0096135
66.5409 0.23721
78.3269 0.45359
90.8586 0.68366
102.873 0.90423
116.347 1.1516
119.788 1.3504
120.18 1.58
120.533 1.7874
90.5763 1.5754
59.8001 1.3576
26.8619 1.1245
-1.54596 0.91017
-17.1123 0.66618
-30.8706 0.45053
-47.3277 0.19258
-59.975 -0.013163
-68.8489 -0.23666
-77.966 -0.46628
-86.2453 -0.6748
-95.331 -0.90363
-105.78 -1.1668
-107.823 -1.3517
-108.169 -1.577
-108.517 -1.804
-79.3111 -1.5754
-50.0795 -1.3466
2.64182 -0.90677
16.015 -0.66454
28.0588 -0.44639
41.5728 -0.20161
52.3181 -0.0069803
66.3107 0.24665
73.0954 0.43944
82.0082 0.6927
89.5171 0.90607
97.4434 1.1313
105.077 1.3482
113.213 1.5794
120.571 1.8098
87.3928 1.574
57.7321 1.3632
22.3306 1.1116
-2.22128 0.90798
-14.0873 0.66804
-23.5301 0.4771
-36.1801 0.22131
-47.2049 -0.0016191
-47.2244 -0.0020133
-58.9033 -0.23817
-66.62 -0.47411
-66.6452 -0.47491
-73.0642 -0.67866
-79.9945 -0.89864
-87.6519 -1.1417
-87.6264 -1.1415
-94.1103 -1.3467
-101.268 -1.5739
-108.522 -1.807
-76.6509 -1.5574
-49.3768 -1.3438
-19.5872 -1.1105
-19.5617 -1.1103
3.03751 -0.90157
15.5948 -0.672
28.0061 -0.4451
40.983 -0.20786
52.8523 0.0091321
69.5828 0.34889
73.357 0.45703
81.7708 0.6981
88.8911 0.90211
97.5639 1.1506
104.642 1.3534
112.54 1.5797
120.463 1.8067
88.2977 1.5781
59.0028 1.3699
23.742 1.1193
-2.09186 0.90826
-15.5114 0.63687
-25.3801 0.43729
-35.9827 0.22287
-47.8011 -0.01614
-59.2304 -0.24728
-65.6454 -0.44569
-73.3381 -0.68993
-79.4497 -0.88397
-88.3074 -1.1652
-95.7217 -1.4006
-101.618 -1.5878
-108.282 -1.7994
-108.317 -1.8005
-74.6458 -1.5368
-73.5988 -1.5286
-50.8575 -1.3505
-20.7232 -1.1145
2.76815 -0.9017
15.2873 -0.67329
27.9495 -0.44227
40.0214 -0.22202
52.3114 0.0022092
67.7933 0.3
78.4565 0.60504
88.8761 0.90311
99.8767 1.2178
109.986 1.507
120.442 1.8061
121.111 2.1267
121.586 2.4051
82.6626 2.1003
44.1737 1.7989
7.30663 1.5102
-10.5141 1.1961
-23.6692 0.87469
-35.0832 0.59582
-47.2946 0.29747
-59.684 -0.0052322
-69.188 -0.35583
-75.8528 -0.60172
-83.8081 -0.89522
-92.2264 -1.2058
-100.409 -1.5077
-108.497 -1.8061
-108.982 -2.1067
-109.438 -2.404
-74.3084 -2.1006
-39.237 -1.7977
-4.55931 -1.4982
10.8143 -1.1775
22.0129 -0.88618
33.5309 -0.58655
44.4904 -0.30145
56.1149 0.00094963
67.5838 0.30842
75.2506 0.60609
83.06 0.9093
92.0128 1.2569
98.426 1.5059
106.418 1.8162
114.696 2.1376
121.454 2.4
82.2248 2.0928
42.7654 1.7838
4.36587 1.4831
-8.58727 1.2016
-19.4776 0.88796
-30.5326 0.56958
-39.7687 0.30358
-50.3579 -0.0013872
-60.7681 -0.30942
-67.9102 -0.61679
-74.7213 -0.90992
-81.4755 -1.2006
-88.9017 -1.5202
-95.4055 -1.8001
-102.441 -2.1029
-109.405 -2.4026
-74.6811 -2.1027
-39.8297 -1.8017
-4.74678 -1.4987
10.8709 -1.175
21.8696 -0.88897
33.5637 -0.58486
44.1806 -0.30876
56.187 0.0034741
71.2835 0.45258
83.1993 0.9151
94.8672 1.368
106.216 1.8085
106.241 1.8095
117.76 2.2566
122.102 2.708
122.104 2.709
122.863 3.1548
123.64 3.6106
123.642 3.6116
72.446 3.1511
72.446 3.1511
22.3841 2.7008
-8.03584 2.1979
-18.7669 1.7952
-31.3606 1.3226
-42.5599 0.90233
-55.4366 0.41911
-64.8901 -0.011669
-73.1564 -0.45559
-81.709 -0.91489
-90.4796 -1.3859
-98.4066 -1.8116
-98.4103 -1.8118
-107.056 -2.2761
-107.065 -2.2766
-109.893 -2.7007
-110.582 -3.15
-111.274 -3.6014
-67.0388 -3.1626
-66.5851 -3.1581
-21.4524 -2.7104
6.60878 -2.2229
16.9658 -1.7924
27.9844 -1.3344
27.994 -1.334
27.994 -1.334
38.7964 -0.88499
49.9834 -0.41999
61.6212 0.063748
61.6386 0.064472
70.2228 0.45998
77.9107 0.91355
77.8018 0.91257
85.6118 1.3679
93.2341 1.8176
100.536 2.2484
100.541 2.2487
108.275 2.705
108.329 2.7082
116.064 3.1645
123.621 3.6104
72.5034 3.1506
21.063 2.6879
21.0964 2.6882
-5.97438 2.223
-15.2318 1.7962
-25.27 1.3334
-34.548 0.90565
-44.5388 0.44504
-54.1678 0.0011087
-63.6276 -0.48202
-70.3585 -0.92268
-76.8977 -1.3508
-83.9836 -1.8147
-90.4584 -2.2386
-97.4816 -2.6984
-104.505 -3.1582
-111.277 -3.6028
-50.3649 -2.9985
-20.1158 -2.6984
5.76385 -2.2592
16.7079 -1.8042
27.9887 -1.3352
28.0921 -1.3309
38.9162 -0.88089
49.4054 -0.4448
49.3642 -0.44517
62.2212 0.08802
72.7789 0.61022
72.7848 0.61057
82.8312 1.2034
93.0957 1.8091
103.447 2.4199
113.554 3.0163
123.598 3.609
102.721 4.2084
78.9189 4.8051
18.7116 4.2068
17.7657 4.1974
-7.0068 3.6106
-16.5096 3.0542
-28.0892 2.3762
-37.9302 1.8
-48.5977 1.1754
-48.6148 1.1744
-49.7984 1.1051
-50.9478 1.0378
-52.0914 0.97084
-53.4578 0.89084
-54.9662 0.80252
-56.1359 0.73403
-57.1574 0.67422
-57.7755 0.63803
-58.2616 0.60957
-58.8382 0.57581
-58.8059 0.57613
-58.8341 0.57585
-66.6555 -0.002604
-74.0631 -0.60028
-82.0848 -1.2475
-88.9177 -1.7988
-96.3801 -2.4009
-96.3297 -2.4004
-103.826 -3.0017
-111.328 -3.6361
-111.329 -3.637
-92.3193 -4.2053
-70.7777 -4.8069
-70.7634 -4.8073
-14.1876 -4.1864
-8.50181 -4.124
4.42348 -3.597
10.1964 -3.031
16.5089 -2.4121
22.7234 -1.8028
22.5523 -1.8045
29.0665 -1.1809
35.1299 -0.58642
41.172 0.0059777
46.4216 0.61394
46.8266 0.66617
51.9303 1.3244
55.7871 1.8218
60.5114 2.4311
60.5153 2.4316
64.9582 3.0046
64.9683 3.0059
69.7532 3.623
69.7602 3.6239
74.9947 4.299
75.0785 4.3098
78.1052 4.8255
11.7066 4.1647
11.6966 4.1646
-4.04272 3.6051
-9.49967 3.007
-15.307 2.3705
-20.5669 1.794
-27.0557 1.0828
-31.5758 0.58739
-37.5197 -0.064083
-37.4765 -0.063609
-41.5668 -0.59906
-45.8894 -1.2221
-46.2398 -1.2726
-46.74 -1.3447
-47.2673 -1.4207
-47.6856 -1.481
-47.9257 -1.5156
-48.6889 -1.6256
-49.3584 -1.7221
-49.8988 -1.8
-50.2145 -1.8455
-50.1781 -1.8451
-50.0961 -1.8442
-54.2822 -2.4318
-59.1326 -3.1309
-62.4392 -3.6075
-66.5812 -4.2045
-66.5812 -4.2045
-70.7537 -4.8059
-14.5788 -4.1894
4.27505 -3.6048
4.42205 -3.5902
10.457 -2.9908
10.4631 -2.9902
16.5786 -2.3828
22.9086 -1.7541
29.0574 -1.1434
29.1077 -1.1384
34.5806 -0.59483
34.5605 -0.59503
34.5755 -0.59488
41.2054 0.063158
46.9587 0.7595
52.7744 1.5187
58.3587 2.2477
64.1873 3.0086
69.8559 3.7486
69.8566 3.7487
75.6447 4.5043
69.0542 5.0524
-1.15623 4.2228
-39.0609 -0.085623
-38.8542 -0.083354
