-0.062062 0 0.062062 0 0 -0.062062 0
3.08566 0 -3.08566 0 0 3.08566 0
5.66641 0 -5.66641 0 0 5.66641 0
8.65229 0 -8.65229 0 0 8.65229 0
11.5235 0 -11.5235 0 0 11.5235 0
9.94917 0 -9.94917 0 0 9.94917 0
7.45969 0 -7.45969 0 0 7.45969 0
4.69197 0 -4.69197 0 0 4.69197 0
1.28233 0 -1.28233 0 0 1.28233 0
-1.43775 0 1.43775 0 0 -1.43775 0
-4.26817 0 4.26817 0 0 -4.26817 0
-7.37166 0 7.37166 0 0 -7.37166 0
-10.6006 0 10.6006 0 0 -10.6006 0
-10.7472 0 10.7472 0 0 -10.7472 0
-10.8642 0 10.8642 0 0 -10.8642 0
-9.20843 0 9.20843 0 0 -9.20843 0
-6.65262 0 6.65262 0 0 -6.65262 0
-3.74242 0 3.74242 0 0 -3.74242 0
-0.70748 0 0.70748 0 0 -0.70748 0
2.52797 0 -2.52797 0 0 2.52797 0
5.70327 0 -5.70327 0 0 5.70327 0
8.71919 0 -8.71919 0 0 8.71919 0
11.7101 0 -11.7101 0 0 11.7101 0
11.8648 0 -11.8648 0 0 11.8648 0
9.98228 0 -9.98228 0 0 9.98228 0
7.34513 0 -7.34513 0 0 7.34513 0
4.43392 0 -4.43392 0 0 4.43392 0
1.21461 0 -1.21461 0 0 1.21461 0
-1.82963 0 1.82963 0 0 -1.82963 0
-4.89333 0 4.89333 0 0 -4.89333 0
-7.88913 0 7.88913 0 0 -7.88913 0
-10.6337 0 10.6337 0 0 -10.6337 0
-8.81311 0 8.81311 0 0 -8.81311 0
-6.30439 0 6.30439 0 0 -6.30439 0
-3.5791 0 3.5791 0 0 -3.5791 0
-0.299308 0 0.299308 0 0 -0.299308 0
2.97807 0 -2.97807 0 0 2.97807 0
6.06794 0 -6.06794 0 0 6.06794 0
6.15971 0 -6.15971 0 0 6.15971 0
6.1814 0 -6.1814 0 0 6.1814 0
6.20434 0 -6.20434 0 0 6.20434 0
6.16054 0 -6.16054 0 0 6.16054 0
6.22228 0 -6.22228 0 0 6.22228 0
6.22645 0 -6.22645 0 0 6.22645 0
6.1547 0 -6.1547 0 0 6.1547 0
9.31328 0 -9.31328 0 0 9.31328 0
12.0126 0 -12.0126 0 0 12.0126 0
10.0166 0 -10.0166 0 0 10.0166 0
7.49914 0 -7.49914 0 0 7.49914 0
4.44393 0 -4.44393 0 0 4.44393 0
1.10916 0 -1.10916 0 0 1.10916 0
-2.08537 0 2.08537 0 0 -2.08537 0
-5.05513 0 5.05513 0 0 -5.05513 0
-8.04977 0 8.04977 0 0 -8.04977 0
-10.7881 0 10.7881 0 0 -10.7881 0
-8.94249 0 8.94249 0 0 -8.94249 0
-6.42026 0 6.42026 0 0 -6.42026 0
-4.40517 0 4.40517 0 0 -4.40517 0
-3.48065 0 3.48065 0 0 -3.48065 0
-0.113438 0 0.113438 0 0 -0.113438 0
6.19674 0 -6.19674 0 0 6.19674 0
11.7505 0 -11.7505 0 0 11.7505 0
17.5926 0 -17.5926 0 0 17.5926 0
25.9206 0 -25.9206 0 0 25.9206 0
22.1167 0 -22.1167 0 0 22.1167 0
16.9784 0 -16.9784 0 0 16.9784 0
10.6396 0 -10.6396 0 0 10.6396 0
3.62231 0 -3.62231 0 0 3.62231 0
-2.98548 0 2.98548 0 0 -2.98548 0
-9.19789 0 9.19789 0 0 -9.19789 0
-16.1478 0 16.1478 0 0 -16.1478 0
-24.5998 0 24.5998 0 0 -24.5998 0
-21.3269 0 21.3269 0 0 -21.3269 0
-16.2032 0 16.2032 0 0 -16.2032 0
-9.61282 0 9.61282 0 0 -9.61282 0
-1.74976 0 1.74976 0 0 -1.74976 0
6.37877 0 -6.37877 0 0 6.37877 0
13.8643 0 -13.8643 0 0 13.8643 0
20.6236 0 -20.6236 0 0 20.6236 0
26.3308 0 -26.2601 0 0 26.2601 0
21.9411 0 -21.9319 0 0 21.9319 0
16.4534 0 -16.453 0 0 16.453 0
9.87752 0 -9.87752 0 0 9.87752 0
2.05796 0 -2.05796 0 0 2.05796 0
-6.18114 0 6.18114 0 0 -6.18114 0
-13.2322 0 13.2322 0 0 -13.2322 0
-19.9754 0 19.9754 0 0 -19.9754 0
-25.3664 0 25.3664 0 0 -25.3664 0
-21.4625 0 21.4625 0 0 -21.4625 0
-16.1663 0 16.1663 0 0 -16.1663 0
-9.33216 0 9.33216 0 0 -9.33216 0
-1.03449 0 1.03449 0 0 -1.03449 0
7.77785 0 -7.77785 0 0 7.77785 0
15.1936 0 -15.1936 0 0 15.1936 0
21.9848 0 -21.9848 0 0 21.9848 0
26.5014 0 -26.5014 0 0 26.5014 0
22.2875 0 -22.2875 0 0 22.2875 0
16.8267 0 -16.8267 0 0 16.8267 0
9.79637 0 -9.79637 0 0 9.79637 0
1.25246 0 -1.25246 0 0 1.25246 0
-6.81438 0 6.81438 0 0 -6.81438 0
-14.0439 0 14.0439 0 0 -14.0439 0
-20.9312 0 20.9312 0 0 -20.9312 0
-25.7688 0 25.7688 0 0 -25.7688 0
-21.3541 0 21.3541 0 0 -21.3541 0
-16.0434 0 16.0434 0 0 -16.0434 0
-8.93741 0 8.93741 0 0 -8.93741 0
-0.485599 0 0.485599 0 0 -0.485599 0
15.7422 0 -15.7422 0 0 15.7422 0
26.6937 0 -26.609 0 0 26.609 0
33.4796 0 -33.5118 0 0 33.5118 0
34.3066 0 -34.3064 0 0 34.3064 0
44.2241 0 -44.2241 0 0 44.2241 0
38.8898 0 -38.8898 0 0 38.8898 0
28.6376 0 -28.6376 0 0 28.6376 0
17.1779 0 -17.1779 0 0 17.1779 0
2.7029 0 -2.7029 0 0 2.7029 0
-14.6932 0 14.6932 0 0 -14.6932 0
-22.7198 0 22.7198 0 0 -22.7198 0
-31.8306 0 31.8306 0 0 -31.8306 0
-42.8242 0 42.8242 0 0 -42.8242 0
-35.7953 0 35.7953 0 0 -35.7953 0
-25.396 0 25.396 0 0 -25.396 0
-12.9226 0 12.9226 0 0 -12.9226 0
3.31327 0 -3.31327 0 0 3.31327 0
4.60779 0 -4.60779 0 0 4.60779 0
24.9246 0 -24.9246 0 0 24.9246 0
25.0383 0 -25.0383 0 0 25.0383 0
32.0456 0 -32.0456 0 0 32.0456 0
38.9047 0 -38.9047 0 0 38.9047 0
46.0481 0 -46.0481 0 0 46.0481 0
37.4766 0 -37.4766 0 0 37.4766 0
27.9331 0 -27.9331 0 0 27.9331 0
15.6531 0 -15.6531 0 0 15.6531 0
0.687318 0 -0.687318 0 0 0.687318 0
-16.3823 0 16.3823 0 0 -16.3823 0
-29.2543 0 29.2543 0 0 -29.2543 0
-36.4685 0 36.4685 0 0 -36.4685 0
-44.3225 0 44.3225 0 0 -44.3225 0
-35.8979 0 35.8979 0 0 -35.8979 0
-25.4798 0 25.4798 0 0 -25.4798 0
-12.1202 0 12.1202 0 0 -12.1202 0
6.77904 0 -6.77904 0 0 6.77904 0
25.9503 0 -25.9503 0 0 25.9503 0
33.5048 0 -33.5048 0 0 33.5048 0
40.2176 0 -40.2176 0 0 40.2176 0
46.5774 0 -46.5774 0 0 46.5774 0
38.3751 0 -38.3751 0 0 38.3751 0
14.9824 0 -14.9824 0 0 14.9824 0
-18.1528 0 18.1528 0 0 -18.1528 0
-30.5095 0 30.5095 0 0 -30.5095 0
-37.8161 0 37.8161 0 0 -37.8161 0
-44.8473 0 44.8473 0 0 -44.8473 0
-36.3183 0 36.3183 0 0 -36.3183 0
-36.2682 0 36.2682 0 0 -36.2682 0
-25.1978 0 25.1978 0 0 -25.1978 0
-11.3057 0 11.3057 0 0 -11.3057 0
8.2489 0 -8.2489 0 0 8.2489 0
8.27959 0 -8.27959 0 0 8.27959 0
21.9281 0 -21.9281 0 0 21.9281 0
29.2059 0 -29.2059 0 0 29.2059 0
35.8804 0 -35.8804 0 0 35.8804 0
40.8156 0 -40.8156 0 0 40.8156 0
46.4416 0 -46.4416 0 0 46.4416 0
46.5118 0 -46.5118 0 0 46.5118 0
52.9718 0 -52.9718 0 0 52.9718 0
59.081 0 -59.081 0 0 59.081 0
65.4427 0 -65.4427 0 0 65.4427 0
55.6604 0 -55.6604 0 0 55.6604 0
45.9062 0 -45.9062 0 0 45.9062 0
26.1066 0 -26.1066 0 0 26.1066 0
7.24835 0 -7.24835 0 0 7.24835 0
-11.8944 0 11.8944 0 0 -11.8944 0
-28.2029 0 28.2029 0 0 -28.2029 0
-37.7625 0 37.7625 0 0 -37.7625 0
-48.1197 0 48.1197 0 0 -48.1197 0
-59.3354 0 59.3354 0 0 -59.3354 0
-41.9426 0 41.9426 0 0 -41.9426 0
-24.1534 0 24.1534 0 0 -24.1534 0
-6.66592 0 6.66592 0 0 -6.66592 0
12.4589 0 -12.4589 0 0 12.4589 0
31.7791 0 -31.7791 0 0 31.7791 0
31.7648 0 -31.7648 0 0 31.7648 0
45.3941 0 -45.3941 0 0 45.3941 0
55.395 0 -55.395 0 0 55.395 0
55.4471 0 -55.4471 0 0 55.4471 0
65.5787 0 -65.5787 0 0 65.5787 0
45.4513 0 -45.4513 0 0 45.4513 0
26.4626 0 -26.4626 0 0 26.4626 0
7.12617 0 -7.12617 0 0 7.12617 0
-10.1245 0 10.1245 0 0 -10.1245 0
-28.2844 0 28.2844 0 0 -28.2844 0
-40.8962 0 40.8962 0 0 -40.8962 0
-49.9752 0 49.9752 0 0 -49.9752 0
-59.8707 0 59.8707 0 0 -59.8707 0
-40.6868 0 40.6868 0 0 -40.6868 0
-24.4253 0 24.4253 0 0 -24.4253 0
-6.66734 0 6.66734 0 0 -6.66734 0
12.7524 0 -12.7524 0 0 12.7524 0
32.2223 0 -32.2223 0 0 32.2223 0
45.115 0 -45.115 0 0 45.115 0
55.5338 0 -55.5338 0 0 55.5338 0
55.4827 0 -55.4827 0 0 55.4827 0
65.8507 0 -65.8507 0 0 65.8507 0
44.2231 0 -44.2231 0 0 44.2231 0
26.3704 0 -26.3704 0 0 26.3704 0
6.35268 0 -6.35268 0 0 6.35268 0
-10.4971 0 10.4971 0 0 -10.4971 0
-28.5725 0 28.5725 0 0 -28.5725 0
-41.4432 0 41.4432 0 0 -41.4432 0
-50.2627 0 50.2627 0 0 -50.2627 0
-59.7812 0 59.7812 0 0 -59.7812 0
-41.7007 0 41.7007 0 0 -41.7007 0
-41.7542 0 41.7542 0 0 -41.7542 0
-23.7992 0 23.7992 0 0 -23.7992 0
-5.38704 0 5.38704 0 0 -5.38704 0
12.649 0 -12.649 0 0 12.649 0
40.5738 0 -40.5738 0 0 40.5738 0
55.1635 0 -55.1635 0 0 55.1635 0
71.7912 0 -71.7912 0 0 71.7912 0
90.1862 0 -90.1862 0 0 90.1862 0
63.89 0 -63.89 0 0 63.89 0
38.3412 0 -38.3412 0 0 38.3412 0
13.3032 0 -13.3032 0 0 13.3032 0
-13.3037 0 13.3037 0 0 -13.3037 0
-37.4214 0 37.4214 0 0 -37.4214 0
-37.3541 0 37.3541 0 0 -37.3541 0
-50.729 0 50.729 0 0 -50.729 0
-50.5431 0 50.5431 0 0 -50.5431 0
-65.2214 0 65.2214 0 0 -65.2214 0
-81.4866 0 81.4866 0 0 -81.4866 0
-58.4349 0 58.4349 0 0 -58.4349 0
-34.636 0 34.636 0 0 -34.636 0
-34.5929 0 34.5929 0 0 -34.5929 0
-10.8617 0 10.8617 0 0 -10.8617 0
-10.8227 0 10.8227 0 0 -10.8227 0
13.0673 0 -13.0673 0 0 13.0673 0
39.0303 0 -39.0303 0 0 39.0303 0
61.609 0 -61.609 0 0 61.609 0
76.1608 0 -76.1608 0 0 76.1608 0
89.9962 0 -89.9962 0 0 89.9962 0
53.3351 0 -53.3351 0 0 53.3351 0
38.4123 0 -38.4123 0 0 38.4123 0
13.613 0 -13.613 0 0 13.613 0
-9.40382 0 9.40382 0 0 -9.40382 0
-9.41579 0 9.41579 0 0 -9.41579 0
-33.8248 0 33.8248 0 0 -33.8248 0
-56.2627 0 56.2627 0 0 -56.2627 0
-69.387 0 69.387 0 0 -69.387 0
-69.3961 0 69.3961 0 0 -69.3961 0
-81.9727 0 81.9727 0 0 -81.9727 0
-57.3212 0 57.3212 0 0 -57.3212 0
-35.191 0 35.191 0 0 -35.191 0
-11.791 0 11.791 0 0 -11.791 0
13.5265 0 -13.5265 0 0 13.5265 0
13.5671 0 -13.5671 0 0 13.5671 0
39.0952 0 -39.0952 0 0 39.0952 0
61.6798 0 -61.6798 0 0 61.6798 0
75.5506 0 -75.5506 0 0 75.5506 0
89.9689 0 -89.9689 0 0 89.9689 0
38.5988 0 -38.5988 0 0 38.5988 0
12.8991 0 -12.8991 0 0 12.8991 0
-9.50431 0 9.50431 0 0 -9.50431 0
-34.2634 0 34.2634 0 0 -34.2634 0
-55.8038 0 55.8038 0 0 -55.8038 0
-55.7853 0 55.7853 0 0 -55.7853 0
-69.0024 0 69.0024 0 0 -69.0024 0
-81.9614 0 81.9614 0 0 -81.9614 0
-58.164 0 58.164 0 0 -58.164 0
-35.9949 0 35.9949 0 0 -35.9949 0
-11.9006 0 11.9006 0 0 -11.9006 0
13.0965 0 -13.0965 0 0 13.0965 0
29.6612 0 -29.6612 0 0 29.6612 0
46.2174 0 -46.2174 0 0 46.2174 0
62.3035 0 -62.3035 0 0 62.3035 0
62.3308 0 -62.3308 0 0 62.3308 0
71.3767 0 -71.3767 0 0 71.3767 0
80.9776 0 -80.9776 0 0 80.9776 0
81.0136 0 -81.0136 0 0 81.0136 0
89.8423 0 -89.8423 0 0 89.8423 0
102.467 0 -102.467 0 0 102.467 0
107.758 0 -107.758 0 0 107.758 0
107.8 0 -107.8 0 0 107.8 0
107.883 0 -107.883 0 0 107.883 0
107.899 0 -107.899 0 0 107.899 0
107.925 0 -107.925 0 0 107.925 0
107.936 0 -107.936 0 0 107.936 0
107.95 0 -107.95 0 0 107.95 0
107.995 0 -107.995 0 0 107.995 0
91.5913 0 -91.5913 0 0 91.5913 0
77.5092 0 -77.5092 0 0 77.5092 0
61.53 0 -61.53 0 0 61.53 0
45.5979 0 -45.5979 0 0 45.5979 0
26.454 0 -26.454 0 0 26.454 0
15.9038 0 -15.9038 0 0 15.9038 0
-0.602433 0 0.602433 0 0 -0.602433 0
-16.5101 0 16.5101 0 0 -16.5101 0
-46.9333 0 46.9333 0 0 -46.9333 0
-58.1179 0 58.1179 0 0 -58.1179 0
-66.6452 0 66.6452 0 0 -66.6452 0
-73.3012 0 73.3012 0 0 -73.3012 0
-73.1373 0 73.1373 0 0 -73.1373 0
-81.8913 0 81.8913 0 0 -81.8913 0
-92.9081 0 92.9081 0 0 -92.9081 0
-97.2924 0 97.2924 0 0 -97.2924 0
-83.1256 0 83.1256 0 0 -83.1256 0
-68.8167 0 68.8167 0 0 -68.8167 0
-54.8012 0 54.8012 0 0 -54.8012 0
-40.0141 0 40.0141 0 0 -40.0141 0
-26.8149 0 26.8149 0 0 -26.8149 0
-12.7246 0 12.7246 0 0 -12.7246 0
18.8664 0 -18.8664 0 0 18.8664 0
32.5815 0 -32.5815 0 0 32.5815 0
47.9353 0 -47.9353 0 0 47.9353 0
61.9374 0 -61.9374 0 0 61.9374 0
74.611 0 -74.611 0 0 74.611 0
74.6199 0 -74.6199 0 0 74.6199 0
82.9037 0 -82.9037 0 0 82.9037 0
91.1621 0 -91.1621 0 0 91.1621 0
99.6704 0 -99.6704 0 0 99.6704 0
108.273 0 -108.273 0 0 108.273 0
108.285 0 -108.285 0 0 108.285 0
85.1562 0 -85.1562 0 0 85.1562 0
75.6432 0 -75.6432 0 0 75.6432 0
59.8665 0 -59.8665 0 0 59.8665 0
44.4289 0 -44.4289 0 0 44.4289 0
44.4657 0 -44.4657 0 0 44.4657 0
28.8074 0 -28.8074 0 0 28.8074 0
12.8225 0 -12.8225 0 0 12.8225 0
12.8061 0 -12.8061 0 0 12.8061 0
-0.481838 0 0.481838 0 0 -0.481838 0
-15.862 0 15.862 0 0 -15.862 0
-15.7834 0 15.7834 0 0 -15.7834 0
-28.4511 0 28.4511 0 0 -28.4511 0
-28.4513 0 28.4513 0 0 -28.4513 0
-42.946 0 42.946 0 0 -42.946 0
-54.9721 0 54.9721 0 0 -54.9721 0
-67.4426 0 67.4426 0 0 -67.4426 0
-67.3417 0 67.3417 0 0 -67.3417 0
-75.3549 0 75.3549 0 0 -75.3549 0
-82.6096 0 82.6096 0 0 -82.6096 0
-89.8444 0 89.8444 0 0 -89.8444 0
-97.4574 0 97.4574 0 0 -97.4574 0
-82.636 0 82.636 0 0 -82.636 0
-82.6621 0 82.6621 0 0 -82.6621 0
-68.1704 0 68.1704 0 0 -68.1704 0
-68.1611 0 68.1611 0 0 -68.1611 0
-54.9194 0 54.9194 0 0 -54.9194 0
-40.5227 0 40.5227 0 0 -40.5227 0
-26.5918 0 26.5918 0 0 -26.5918 0
-5.05641 0 5.05641 0 0 -5.05641 0
2.5227 0 -2.5227 0 0 2.5227 0
17.7267 0 -17.7267 0 0 17.7267 0
32.1152 0 -32.1152 0 0 32.1152 0
48.0526 0 -48.0526 0 0 48.0526 0
63.429 0 -63.429 0 0 63.429 0
73.9329 0 -73.9329 0 0 73.9329 0
82.8289 0 -82.8289 0 0 82.8289 0
90.7961 0 -90.7961 0 0 90.7961 0
99.6473 0 -99.6473 0 0 99.6473 0
107.334 0 -107.334 0 0 107.334 0
91.8968 0 -91.8968 0 0 91.8968 0
76.1446 0 -76.1446 0 0 76.1446 0
76.4183 0 -76.4183 0 0 76.4183 0
60.7968 0 -60.7968 0 0 60.7968 0
45.1836 0 -45.1836 0 0 45.1836 0
29.317 0 -29.317 0 0 29.317 0
14.7923 0 -14.7923 0 0 14.7923 0
0.827635 0 -0.827635 0 0 0.827635 0
-13.8029 0 13.8029 0 0 -13.8029 0
-28.3498 0 28.3498 0 0 -28.3498 0
-41.1699 0 41.1699 0 0 -41.1699 0
-55.3282 0 55.3282 0 0 -55.3282 0
-67.4493 0 67.4493 0 0 -67.4493 0
-67.4742 0 67.4742 0 0 -67.4742 0
-76.2566 0 76.2566 0 0 -76.2566 0
-82.0255 0 82.0255 0 0 -82.0255 0
-90.4513 0 90.4513 0 0 -90.4513 0
-97.9158 0 97.9158 0 0 -97.9158 0
-97.9176 0 97.9176 0 0 -97.9176 0
-80.4198 0 80.4198 0 0 -80.4198 0
-67.0177 0 67.0177 0 0 -67.0177 0
-54.2221 0 54.2221 0 0 -54.2221 0
-38.8433 0 38.8433 0 0 -38.8433 0
-23.999 0 23.999 0 0 -23.999 0
-24.1635 0 24.1635 0 0 -24.1635 0
-7.44235 0 7.44235 0 0 -7.44235 0
4.70537 0 -4.70537 0 0 4.70537 0
18.3547 0 -18.3547 0 0 18.3547 0
43.4339 0 -43.4339 0 0 43.4339 0
64.7186 0 -64.7186 0 0 64.7186 0
78.874 0 -78.874 0 0 78.874 0
78.9239 0 -78.9239 0 0 78.9239 0
92.4634 0 -92.4634 0 0 92.4634 0
103.576 0 -103.576 0 0 103.576 0
110.911 0 -110.911 0 0 110.911 0
115.37 0 -115.37 0 0 115.37 0
119.037 0 -119.037 0 0 119.037 0
97.5531 0 -97.5531 0 0 97.5531 0
76.5218 0 -76.5218 0 0 76.5218 0
56.264 0 -56.264 0 0 56.264 0
37.2913 0 -37.2913 0 0 37.2913 0
13.3958 0 -13.3958 0 0 13.3958 0
-3.60156 0 3.60156 0 0 -3.60156 0
-20.988 0 20.988 0 0 -20.988 0
-40.4314 0 40.4314 0 0 -40.4314 0
-41.9756 0 41.9756 0 0 -41.9756 0
-57.7262 0 57.7262 0 0 -57.7262 0
-66.9896 0 66.9896 0 0 -66.9896 0
-66.7567 0 66.7567 0 0 -66.7567 0
-84.4997 0 84.4997 0 0 -84.4997 0
-93.832 0 93.832 0 0 -93.832 0
-99.9004 0 99.9004 0 0 -99.9004 0
-103.893 0 103.893 0 0 -103.893 0
-103.794 0 103.794 0 0 -103.794 0
-107.133 0 107.133 0 0 -107.133 0
-88.508 0 88.508 0 0 -88.508 0
-69.8004 0 69.8004 0 0 -69.8004 0
-51.9661 0 51.9661 0 0 -51.9661 0
-51.9855 0 51.9855 0 0 -51.9855 0
-34.0441 0 34.0441 0 0 -34.0441 0
-14.5881 0 14.5881 0 0 -14.5881 0
2.76385 0 -2.76385 0 0 2.76385 0
19.6236 0 -19.6236 0 0 19.6236 0
35.7144 0 -35.7144 0 0 35.7144 0
56.9088 0 -56.9088 0 0 56.9088 0
56.9161 0 -56.9161 0 0 56.9161 0
67.6095 0 -67.6095 0 0 67.6095 0
76.3923 0 -76.3923 0 0 76.3923 0
84.6573 0 -84.6573 0 0 84.6573 0
93.3161 0 -93.3161 0 0 93.3161 0
101.922 0 -101.922 0 0 101.922 0
110.079 0 -110.079 0 0 110.079 0
110.097 0 -110.097 0 0 110.097 0
118.747 0 -118.747 0 0 118.747 0
98.3392 0 -98.3392 0 0 98.3392 0
77.7338 0 -77.7338 0 0 77.7338 0
56.6597 0 -56.6597 0 0 56.6597 0
14.7041 0 -14.7041 0 0 14.7041 0
-1.05255 0 1.05255 0 0 -1.05255 0
-17.2474 0 17.2474 0 0 -17.2474 0
-31.7589 0 31.7589 0 0 -31.7589 0
-47.9957 0 47.9957 0 0 -47.9957 0
-60.7919 0 60.7919 0 0 -60.7919 0
-60.7659 0 60.7659 0 0 -60.7659 0
-61.0116 0 61.0116 0 0 -61.0116 0
-68.3867 0 68.3867 0 0 -68.3867 0
-76.1172 0 76.1172 0 0 -76.1172 0
-84.1763 0 84.1763 0 0 -84.1763 0
-84.1894 0 84.1894 0 0 -84.1894 0
-91.7298 0 91.7298 0 0 -91.7298 0
-99.1578 0 99.1578 0 0 -99.1578 0
-107.137 0 107.137 0 0 -107.137 0
-107.137 0 107.137 0 0 -107.137 0
-88.3129 0 88.3129 0 0 -88.3129 0
-88.3112 0 88.3112 0 0 -88.3112 0
-69.9346 0 69.9346 0 0 -69.9346 0
-51.1233 0 51.1233 0 0 -51.1233 0
-33.118 0 33.118 0 0 -33.118 0
-13.4684 0 13.4684 0 0 -13.4684 0
3.06781 0 -3.06781 0 0 3.06781 0
20.2043 0 -20.2043 0 0 20.2043 0
36.018 0 -36.018 0 0 36.018 0
52.8204 0 -52.8204 0 0 52.8204 0
67.0203 0 -67.0203 0 0 67.0203 0
75.6016 0 -75.6016 0 0 75.6016 0
83.9717 0 -83.9717 0 0 83.9717 0
93.9988 0 -93.9988 0 0 93.9988 0
101.154 0 -101.154 0 0 101.154 0
111.433 0 -111.433 0 0 111.433 0
118.51 0 -118.51 0 0 118.51 0
97.9654 0 -97.9654 0 0 97.9654 0
77.631 0 -77.631 0 0 77.631 0
57.883 0 -57.883 0 0 57.883 0
38.2098 0 -38.2098 0 0 38.2098 0
38.2223 0 -38.2223 0 0 38.2223 0
13.8259 0 -13.8259 0 0 13.8259 0
13.9881 0 -13.9881 0 0 13.9881 0
-1.64818 0 1.64818 0 0 -1.64818 0
-1.67251 0 1.67251 0 0 -1.67251 0
-17.4773 0 17.4773 0 0 -17.4773 0
-31.2243 0 31.2243 0 0 -31.2243 0
-47.2304 0 47.2304 0 0 -47.2304 0
-60.2876 0 60.2876 0 0 -60.2876 0
-69.9733 0 69.9733 0 0 -69.9733 0
-75.8573 0 75.8573 0 0 -75.8573 0
-84.1037 0 84.1037 0 0 -84.1037 0
-91.7058 0 91.7058 0 0 -91.7058 0
-99.0676 0 99.0676 0 0 -99.0676 0
-107.137 0 107.137 0 0 -107.137 0
-88.2123 0 88.2123 0 0 -88.2123 0
-69.9001 0 69.9001 0 0 -69.9001 0
-69.9066 0 69.9066 0 0 -69.9066 0
-49.8141 0 49.8141 0 0 -49.8141 0
-34.7334 0 34.7334 0 0 -34.7334 0
3.27095 0 -3.27095 0 0 3.27095 0
18.6913 0 -18.6913 0 0 18.6913 0
34.8421 0 -34.8421 0 0 34.8421 0
35.7134 0 -35.7134 0 0 35.7134 0
35.719 0 -35.719 0 0 35.719 0
57.9887 0 -57.9887 0 0 57.9887 0
73.1532 0 -73.1532 0 0 73.1532 0
84.8702 0 -84.8702 0 0 84.8702 0
95.3815 0 -95.3815 0 0 95.3815 0
107.029 0 -107.029 0 0 107.029 0
107.077 0 -107.077 0 0 107.077 0
118.629 0 -118.629 0 0 118.629 0
119.281 0 -119.281 0 0 119.281 0
119.546 0 -119.546 0 0 119.546 0
93.6305 0 -93.6305 0 0 93.6305 0
69.4223 0 -69.4223 0 0 69.4223 0
69.4303 0 -69.4303 0 0 69.4303 0
45.0654 0 -45.0654 0 0 45.0654 0
45.0121 0 -45.0121 0 0 45.0121 0
16.1523 0 -16.1523 0 0 16.1523 0
-20.8344 0 20.8344 0 0 -20.8344 0
-20.802 0 20.802 0 0 -20.802 0
-37.5587 0 37.5587 0 0 -37.5587 0
-37.6814 0 37.6814 0 0 -37.6814 0
-49.6777 0 49.6777 0 0 -49.6777 0
-62.9777 0 62.9777 0 0 -62.9777 0
-72.1006 0 72.1006 0 0 -72.1006 0
-80.3732 0 80.3732 0 0 -80.3732 0
-89.6828 0 89.6828 0 0 -89.6828 0
-98.8689 0 98.8689 0 0 -98.8689 0
-106.911 0 106.911 0 0 -106.911 0
-107.364 0 107.364 0 0 -107.364 0
-107.318 0 107.318 0 0 -107.318 0
-107.611 0 107.611 0 0 -107.611 0
-83.3577 0 83.3577 0 0 -83.3577 0
-63.0415 0 63.0415 0 0 -63.0415 0
-40.0189 0 40.0189 0 0 -40.0189 0
-18.9646 0 18.9646 0 0 -18.9646 0
3.06358 0 -3.06358 0 0 3.06358 0
16.7005 0 -16.7005 0 0 16.7005 0
16.6763 0 -16.6763 0 0 16.6763 0
31.2715 0 -31.2715 0 0 31.2715 0
45.0255 0 -45.0255 0 0 45.0255 0
59.3589 0 -59.3589 0 0 59.3589 0
70.2687 0 -70.2687 0 0 70.2687 0
78.8105 0 -78.8105 0 0 78.8105 0
94.9158 0 -94.9158 0 0 94.9158 0
94.9778 0 -94.9778 0 0 94.9778 0
102.912 0 -102.912 0 0 102.912 0
110.554 0 -110.554 0 0 110.554 0
111.218 0 -111.218 0 0 111.218 0
119.55 0 -119.55 0 0 119.55 0
93.6154 0 -93.6154 0 0 93.6154 0
69.5317 0 -69.5317 0 0 69.5317 0
43.6717 0 -43.6717 0 0 43.6717 0
20.6732 0 -20.6732 0 0 20.6732 0
-3.26167 0 3.26167 0 0 -3.26167 0
-14.5538 0 14.5538 0 0 -14.5538 0
-27.8439 0 27.8439 0 0 -27.8439 0
-40.0177 0 40.0177 0 0 -40.0177 0
-53.1086 0 53.1086 0 0 -53.1086 0
-63.2896 0 63.2896 0 0 -63.2896 0
-71.3513 0 71.3513 0 0 -71.3513 0
-77.701 0 77.701 0 0 -77.701 0
-85.6278 0 85.6278 0 0 -85.6278 0
-99.4503 0 99.4503 0 0 -99.4503 0
-107.101 0 107.101 0 0 -107.101 0
-85.3813 0 85.3813 0 0 -85.3813 0
-64.5072 0 64.5072 0 0 -64.5072 0
-64.5496 0 64.5496 0 0 -64.5496 0
-42.993 0 42.993 0 0 -42.993 0
-19.9118 0 19.9118 0 0 -19.9118 0
2.63589 0 -2.63589 0 0 2.63589 0
17.6436 0 -17.6436 0 0 17.6436 0
30.3708 0 -30.3708 0 0 30.3708 0
44.7596 0 -44.7596 0 0 44.7596 0
61.834 0 -61.834 0 0 61.834 0
69.9922 0 -69.9922 0 0 69.9922 0
79.043 0 -79.043 0 0 79.043 0
86.4495 0 -86.4495 0 0 86.4495 0
94.8962 0 -94.8962 0 0 94.8962 0
102.89 0 -102.89 0 0 102.89 0
111.108 0 -111.108 0 0 111.108 0
119.13 0 -119.13 0 0 119.13 0
92.8561 0 -92.8561 0 0 92.8561 0
69.2456 0 -69.2456 0 0 69.2456 0
47.1497 0 -47.1497 0 0 47.1497 0
17.8856 0 -17.8856 0 0 17.8856 0
-2.8058 0 2.8058 0 0 -2.8058 0
-13.8841 0 13.8841 0 0 -13.8841 0
-25.7344 0 25.7344 0 0 -25.7344 0
-38.9506 0 38.9506 0 0 -38.9506 0
-63.4281 0 63.4281 0 0 -63.4281 0
-70.7107 0 70.7107 0 0 -70.7107 0
-77.5218 0 77.5218 0 0 -77.5218 0
-84.7813 0 84.7813 0 0 -84.7813 0
-92.1962 0 92.1962 0 0 -92.1962 0
-99.97 0 99.97 0 0 -99.97 0
-107.365 0 107.365 0 0 -107.365 0
-83.6537 0 83.6537 0 0 -83.6537 0
-63.1179 0 63.1179 0 0 -63.1179 0
-41.1717 0 41.1717 0 0 -41.1717 0
-18.3263 0 18.3263 0 0 -18.3263 0
2.53259 0 -2.53259 0 0 2.53259 0
2.4906 0 -2.4906 0 0 2.4906 0
17.2084 0 -17.2084 0 0 17.2084 0
30.7861 0 -30.7861 0 0 30.7861 0
45.663 0 -45.663 0 0 45.663 0
66.5409 0 -66.5409 0 0 66.5409 0
78.3269 0 -78.3269 0 0 78.3269 0
90.8586 0 -90.8586 0 0 90.8586 0
102.873 0 -102.873 0 0 102.873 0
116.347 0 -116.347 0 0 116.347 0
119.788 0 -119.788 0 0 119.788 0
120.18 0 -120.18 0 0 120.18 0
120.533 0 -120.533 0 0 120.533 0
90.5763 0 -90.5763 0 0 90.5763 0
59.8001 0 -59.8001 0 0 59.8001 0
26.8619 0 -26.8619 0 0 26.8619 0
-1.54596 0 1.54596 0 0 -1.54596 0
-17.1123 0 17.1123 0 0 -17.1123 0
-30.8706 0 30.8706 0 0 -30.8706 0
-47.3277 0 47.3277 0 0 -47.3277 0
-59.975 0 59.975 0 0 -59.975 0
-68.8489 0 68.8489 0 0 -68.8489 0
-77.966 0 77.966 0 0 -77.966 0
-86.2453 0 86.2453 0 0 -86.2453 0
-95.331 0 95.331 0 0 -95.331 0
-105.78 0 105.78 0 0 -105.78 0
-107.823 0 107.823 0 0 -107.823 0
-108.169 0 108.169 0 0 -108.169 0
-108.517 0 108.517 0 0 -108.517 0
-79.3111 0 79.3111 0 0 -79.3111 0
-50.0795 0 50.0795 0 0 -50.0795 0
2.64182 0 -2.64182 0 0 2.64182 0
16.015 0 -16.015 0 0 16.015 0
28.0588 0 -28.0588 0 0 28.0588 0
41.5728 0 -41.5728 0 0 41.5728 0
52.3181 0 -52.3181 0 0 52.3181 0
66.3107 0 -66.3107 0 0 66.3107 0
73.0954 0 -73.0954 0 0 73.0954 0
82.0082 0 -82.0082 0 0 82.0082 0
89.5171 0 -89.5171 0 0 89.5171 0
97.4434 0 -97.4434 0 0 97.4434 0
105.077 0 -105.077 0 0 105.077 0
113.213 0 -113.213 0 0 113.213 0
120.571 0 -120.571 0 0 120.571 0
87.3928 0 -87.3928 0 0 87.3928 0
57.7321 0 -57.7321 0 0 57.7321 0
22.3306 0 -22.3306 0 0 22.3306 0
-2.22128 0 2.22128 0 0 -2.22128 0
-14.0873 0 14.0873 0 0 -14.0873 0
-23.5301 0 23.5301 0 0 -23.5301 0
-36.1801 0 36.1801 0 0 -36.1801 0
-47.2049 0 47.2049 0 0 -47.2049 0
-47.2244 0 47.2244 0 0 -47.2244 0
-58.9033 0 58.9033 0 0 -58.9033 0
-66.62 0 66.62 0 0 -66.62 0
-66.6452 0 66.6452 0 0 -66.6452 0
-73.0642 0 73.0642 0 0 -73.0642 0
-79.9945 0 79.9945 0 0 -79.9945 0
-87.6519 0 87.6519 0 0 -87.6519 0
-87.6264 0 87.6264 0 0 -87.6264 0
-94.1103 0 94.1103 0 0 -94.1103 0
-101.268 0 101.268 0 0 -101.268 0
-108.522 0 108.522 0 0 -108.522 0
-76.6509 0 76.6509 0 0 -76.6509 0
-49.3768 0 49.3768 0 0 -49.3768 0
-19.5872 0 19.5872 0 0 -19.5872 0
-19.5617 0 19.5617 0 0 -19.5617 0
3.03751 0 -3.03751 0 0 3.03751 0
15.5948 0 -15.5948 0 0 15.5948 0
28.0061 0 -28.0061 0 0 28.0061 0
40.983 0 -40.983 0 0 40.983 0
52.8523 0 -52.8523 0 0 52.8523 0
69.5828 0 -69.5828 0 0 69.5828 0
73.357 0 -73.357 0 0 73.357 0
81.7708 0 -81.7708 0 0 81.7708 0
88.8911 0 -88.8911 0 0 88.8911 0
97.5639 0 -97.5639 0 0 97.5639 0
104.642 0 -104.642 0 0 104.642 0
112.54 0 -112.54 0 0 112.54 0
120.463 0 -120.463 0 0 120.463 0
88.2977 0 -88.2977 0 0 88.2977 0
59.0028 0 -59.0028 0 0 59.0028 0
23.742 0 -23.742 0 0 23.742 0
-2.09186 0 2.09186 0 0 -2.09186 0
-15.5114 0 15.5114 0 0 -15.5114 0
-25.3801 0 25.3801 0 0 -25.3801 0
-35.9827 0 35.9827 0 0 -35.9827 0
-47.8011 0 47.8011 0 0 -47.8011 0
-59.2304 0 59.2304 0 0 -59.2304 0
-65.6454 0 65.6454 0 0 -65.6454 0
-73.3381 0 73.3381 0 0 -73.3381 0
-79.4497 0 79.4497 0 0 -79.4497 0
-88.3074 0 88.3074 0 0 -88.3074 0
-95.7217 0 95.7217 0 0 -95.7217 0
-101.618 0 101.618 0 0 -101.618 0
-108.282 0 108.282 0 0 -108.282 0
-108.317 0 108.317 0 0 -108.317 0
-74.6458 0 74.6458 0 0 -74.6458 0
-73.5988 0 73.5988 0 0 -73.5988 0
-50.8575 0 50.8575 0 0 -50.8575 0
-20.7232 0 20.7232 0 0 -20.7232 0
2.76815 0 -2.76815 0 0 2.76815 0
15.2873 0 -15.2873 0 0 15.2873 0
27.9495 0 -27.9495 0 0 27.9495 0
40.0214 0 -40.0214 0 0 40.0214 0
52.3114 0 -52.3114 0 0 52.3114 0
67.7933 0 -67.7933 0 0 67.7933 0
78.4565 0 -78.4565 0 0 78.4565 0
88.8761 0 -88.8761 0 0 88.8761 0
99.8767 0 -99.8767 0 0 99.8767 0
109.986 0 -109.986 0 0 109.986 0
120.442 0 -120.442 0 0 120.442 0
121.111 0 -121.111 0 0 121.111 0
121.586 0 -121.586 0 0 121.586 0
82.6626 0 -82.6626 0 0 82.6626 0
44.1737 0 -44.1737 0 0 44.1737 0
7.30663 0 -7.30663 0 0 7.30663 0
-10.5141 0 10.5141 0 0 -10.5141 0
-23.6692 0 23.6692 0 0 -23.6692 0
-35.0832 0 35.0832 0 0 -35.0832 0
-47.2946 0 47.2946 0 0 -47.2946 0
-59.684 0 59.684 0 0 -59.684 0
-69.188 0 69.188 0 0 -69.188 0
-75.8528 0 75.8528 0 0 -75.8528 0
-83.8081 0 83.8081 0 0 -83.8081 0
-92.2264 0 92.2264 0 0 -92.2264 0
-100.409 0 100.409 0 0 -100.409 0
-108.497 0 108.497 0 0 -108.497 0
-108.982 0 108.982 0 0 -108.982 0
-109.438 0 109.438 0 0 -109.438 0
-74.3084 0 74.3084 0 0 -74.3084 0
-39.237 0 39.237 0 0 -39.237 0
-4.55931 0 4.55931 0 0 -4.55931 0
10.8143 0 -10.8143 0 0 10.8143 0
22.0129 0 -22.0129 0 0 22.0129 0
33.5309 0 -33.5309 0 0 33.5309 0
44.4904 0 -44.4904 0 0 44.4904 0
56.1149 0 -56.1149 0 0 56.1149 0
67.5838 0 -67.5838 0 0 67.5838 0
75.2506 0 -75.2506 0 0 75.2506 0
83.06 0 -83.06 0 0 83.06 0
92.0128 0 -92.0128 0 0 92.0128 0
98.426 0 -98.426 0 0 98.426 0
106.418 0 -106.418 0 0 106.418 0
114.696 0 -114.696 0 0 114.696 0
121.454 0 -121.454 0 0 121.454 0
82.2248 0 -82.2248 0 0 82.2248 0
42.7654 0 -42.7654 0 0 42.7654 0
4.36587 0 -4.36587 0 0 4.36587 0
-8.58727 0 8.58727 0 0 -8.58727 0
-19.4776 0 19.4776 0 0 -19.4776 0
-30.5326 0 30.5326 0 0 -30.5326 0
-39.7687 0 39.7687 0 0 -39.7687 0
-50.3579 0 50.3579 0 0 -50.3579 0
-60.7681 0 60.7681 0 0 -60.7681 0
-67.9102 0 67.9102 0 0 -67.9102 0
-74.7213 0 74.7213 0 0 -74.7213 0
-81.4755 0 81.4755 0 0 -81.4755 0
-88.9017 0 88.9017 0 0 -88.9017 0
-95.4055 0 95.4055 0 0 -95.4055 0
-102.441 0 102.441 0 0 -102.441 0
-109.405 0 109.405 0 0 -109.405 0
-74.6811 0 74.6811 0 0 -74.6811 0
-39.8297 0 39.8297 0 0 -39.8297 0
-4.74678 0 4.74678 0 0 -4.74678 0
10.8709 0 -10.8709 0 0 10.8709 0
21.8696 0 -21.8696 0 0 21.8696 0
33.5637 0 -33.5637 0 0 33.5637 0
44.1806 0 -44.1806 0 0 44.1806 0
56.187 0 -56.187 0 0 56.187 0
71.2835 0 -71.2835 0 0 71.2835 0
83.1993 0 -83.1993 0 0 83.1993 0
94.8672 0 -94.8672 0 0 94.8672 0
106.216 0 -106.216 0 0 106.216 0
106.241 0 -106.241 0 0 106.241 0
117.76 0 -117.76 0 0 117.76 0
122.102 0 -122.102 0 0 122.102 0
122.104 0 -122.104 0 0 122.104 0
122.863 0 -122.863 0 0 122.863 0
123.64 0 -123.64 0 0 123.64 0
123.642 0 -123.642 0 0 123.642 0
72.446 0 -72.446 0 0 72.446 0
72.446 0 -72.446 0 0 72.446 0
22.3841 0 -22.3841 0 0 22.3841 0
-8.03584 0 8.03584 0 0 -8.03584 0
-18.7669 0 18.7669 0 0 -18.7669 0
-31.3606 0 31.3606 0 0 -31.3606 0
-42.5599 0 42.5599 0 0 -42.5599 0
-55.4366 0 55.4366 0 0 -55.4366 0
-64.8901 0 64.8901 0 0 -64.8901 0
-73.1564 0 73.1564 0 0 -73.1564 0
-81.709 0 81.709 0 0 -81.709 0
-90.4796 0 90.4796 0 0 -90.4796 0
-98.4066 0 98.4066 0 0 -98.4066 0
-98.4103 0 98.4103 0 0 -98.4103 0
-107.056 0 107.056 0 0 -107.056 0
-107.065 0 107.065 0 0 -107.065 0
-109.893 0 109.893 0 0 -109.893 0
-110.582 0 110.582 0 0 -110.582 0
-111.274 0 111.274 0 0 -111.274 0
-67.0388 0 67.0388 0 0 -67.0388 0
-66.5851 0 66.5851 0 0 -66.5851 0
-21.4524 0 21.4524 0 0 -21.4524 0
6.60878 0 -6.60878 0 0 6.60878 0
16.9658 0 -16.9658 0 0 16.9658 0
27.9844 0 -27.9844 0 0 27.9844 0
27.994 0 -27.994 0 0 27.994 0
27.994 0 -27.994 0 0 27.994 0
38.7964 0 -38.7964 0 0 38.7964 0
49.9834 0 -49.9834 0 0 49.9834 0
61.6212 0 -61.6212 0 0 61.6212 0
61.6386 0 -61.6386 0 0 61.6386 0
70.2228 0 -70.2228 0 0 70.2228 0
77.9107 0 -77.9107 0 0 77.9107 0
77.8018 0 -77.8018 0 0 77.8018 0
85.6118 0 -85.6118 0 0 85.6118 0
93.2341 0 -93.2341 0 0 93.2341 0
100.536 0 -100.536 0 0 100.536 0
100.541 0 -100.541 0 0 100.541 0
108.275 0 -108.275 0 0 108.275 0
108.329 0 -108.329 0 0 108.329 0
116.064 0 -116.064 0 0 116.064 0
123.621 0 -123.621 0 0 123.621 0
72.5034 0 -72.5034 0 0 72.5034 0
21.063 0 -21.063 0 0 21.063 0
21.0964 0 -21.0964 0 0 21.0964 0
-5.97438 0 5.97438 0 0 -5.97438 0
-15.2318 0 15.2318 0 0 -15.2318 0
-25.27 0 25.27 0 0 -25.27 0
-34.548 0 34.548 0 0 -34.548 0
-44.5388 0 44.5388 0 0 -44.5388 0
-54.1678 0 54.1678 0 0 -54.1678 0
-63.6276 0 63.6276 0 0 -63.6276 0
-70.3585 0 70.3585 0 0 -70.3585 0
-76.8977 0 76.8977 0 0 -76.8977 0
-83.9836 0 83.9836 0 0 -83.9836 0
-90.4584 0 90.4584 0 0 -90.4584 0
-97.4816 0 97.4816 0 0 -97.4816 0
-104.505 0 104.505 0 0 -104.505 0
-111.277 0 111.277 0 0 -111.277 0
-50.3649 0 50.3649 0 0 -50.3649 0
-20.1158 0 20.1158 0 0 -20.1158 0
5.76385 0 -5.76385 0 0 5.76385 0
16.7079 0 -16.7079 0 0 16.7079 0
27.9887 0 -27.9887 0 0 27.9887 0
28.0921 0 -28.0921 0 0 28.0921 0
38.9162 0 -38.9162 0 0 38.9162 0
49.4054 0 -49.4054 0 0 49.4054 0
49.3642 0 -49.3642 0 0 49.3642 0
62.2212 0 -62.2212 0 0 62.2212 0
72.7789 0 -72.7789 0 0 72.7789 0
72.7848 0 -72.7848 0 0 72.7848 0
82.8312 0 -82.8312 0 0 82.8312 0
93.0957 0 -93.0957 0 0 93.0957 0
103.447 0 -103.447 0 0 103.447 0
113.554 0 -113.554 0 0 113.554 0
123.598 0 -123.598 0 0 123.598 0
102.721 0 -102.721 0 0 102.721 0
78.9189 0 -78.9189 0 0 78.9189 0
18.7116 0 -18.7116 0 0 18.7116 0
17.7657 0 -17.7657 0 0 17.7657 0
-7.0068 0 7.0068 0 0 -7.0068 0
-16.5096 0 16.5096 0 0 -16.5096 0
-28.0892 0 28.0892 0 0 -28.0892 0
-37.9302 0 37.9302 0 0 -37.9302 0
-48.5977 0 48.5977 0 0 -48.5977 0
-48.6148 0 48.6148 0 0 -48.6148 0
-49.7984 0 49.7984 0 0 -49.7984 0
-50.9478 0 50.9478 0 0 -50.9478 0
-52.0914 0 52.0914 0 0 -52.0914 0
-53.4578 0 53.4578 0 0 -53.4578 0
-54.9662 0 54.9662 0 0 -54.9662 0
-56.1359 0 56.1359 0 0 -56.1359 0
-57.1574 0 57.1574 0 0 -57.1574 0
-57.7755 0 57.7755 0 0 -57.7755 0
-58.2616 0 58.2616 0 0 -58.2616 0
-58.8382 0 58.8382 0 0 -58.8382 0
-58.8059 0 58.8059 0 0 -58.8059 0
-58.8341 0 58.8341 0 0 -58.8341 0
-66.6555 0 66.6555 0 0 -66.6555 0
-74.0631 0 74.0631 0 0 -74.0631 0
-82.0848 0 82.0848 0 0 -82.0848 0
-88.9177 0 88.9177 0 0 -88.9177 0
-96.3801 0 96.3801 0 0 -96.3801 0
-96.3297 0 96.3297 0 0 -96.3297 0
-103.826 0 103.826 0 0 -103.826 0
-111.328 0 111.328 0 0 -111.328 0
-111.329 0 111.329 0 0 -111.329 0
-92.3193 0 92.3193 0 0 -92.3193 0
-70.7777 0 70.7777 0 0 -70.7777 0
-70.7634 0 70.7634 0 0 -70.7634 0
-14.1876 0 14.1876 0 0 -14.1876 0
-8.50181 0 8.50181 0 0 -8.50181 0
4.42348 0 -4.42348 0 0 4.42348 0
10.1964 0 -10.1964 0 0 10.1964 0
16.5089 0 -16.5089 0 0 16.5089 0
22.7234 0 -22.7234 0 0 22.7234 0
22.5523 0 -22.5523 0 0 22.5523 0
29.0665 0 -29.0665 0 0 29.0665 0
35.1299 0 -35.1299 0 0 35.1299 0
41.172 0 -41.172 0 0 41.172 0
46.4216 0 -46.4216 0 0 46.4216 0
46.8266 0 -46.8266 0 0 46.8266 0
51.9303 0 -51.9303 0 0 51.9303 0
55.7871 0 -55.7871 0 0 55.7871 0
60.5114 0 -60.5114 0 0 60.5114 0
60.5153 0 -60.5153 0 0 60.5153 0
64.9582 0 -64.9582 0 0 64.9582 0
64.9683 0 -64.9683 0 0 64.9683 0
69.7532 0 -69.7532 0 0 69.7532 0
69.7602 0 -69.7602 0 0 69.7602 0
74.9947 0 -74.9947 0 0 74.9947 0
75.0785 0 -75.0785 0 0 75.0785 0
78.1052 0 -78.1052 0 0 78.1052 0
11.7066 0 -11.7066 0 0 11.7066 0
11.6966 0 -11.6966 0 0 11.6966 0
-4.04272 0 4.04272 0 0 -4.04272 0
-9.49967 0 9.49967 0 0 -9.49967 0
-15.307 0 15.307 0 0 -15.307 0
-20.5669 0 20.5669 0 0 -20.5669 0
-27.0557 0 27.0557 0 0 -27.0557 0
-31.5758 0 31.5758 0 0 -31.5758 0
-37.5197 0 37.5197 0 0 -37.5197 0
-37.4765 0 37.4765 0 0 -37.4765 0
-41.5668 0 41.5668 0 0 -41.5668 0
-45.8894 0 45.8894 0 0 -45.8894 0
-46.2398 0 46.2398 0 0 -46.2398 0
-46.74 0 46.74 0 0 -46.74 0
-47.2673 0 47.2673 0 0 -47.2673 0
-47.6856 0 47.6856 0 0 -47.6856 0
-47.9257 0 47.9257 0 0 -47.9257 0
-48.6889 0 48.6889 0 0 -48.6889 0
-49.3584 0 49.3584 0 0 -49.3584 0
-49.8988 0 49.8988 0 0 -49.8988 0
-50.2145 0 50.2145 0 0 -50.2145 0
-50.1781 0 50.1781 0 0 -50.1781 0
-50.0961 0 50.0961 0 0 -50.0961 0
-54.2822 0 54.2822 0 0 -54.2822 0
-59.1326 0 59.1326 0 0 -59.1326 0
-62.4392 0 62.4392 0 0 -62.4392 0
-66.5812 0 66.5812 0 0 -66.5812 0
-66.5812 0 66.5812 0 0 -66.5812 0
-70.7537 0 70.7537 0 0 -70.7537 0
-14.5788 0 14.5788 0 0 -14.5788 0
4.27505 0 -4.27505 0 0 4.27505 0
4.42205 0 -4.42205 0 0 4.42205 0
10.457 0 -10.457 0 0 10.457 0
10.4631 0 -10.4631 0 0 10.4631 0
16.5786 0 -16.5786 0 0 16.5786 0
22.9086 0 -22.9086 0 0 22.9086 0
29.0574 0 -29.0574 0 0 29.0574 0
29.1077 0 -29.1077 0 0 29.1077 0
34.5806 0 -34.5806 0 0 34.5806 0
34.5605 0 -34.5605 0 0 34.5605 0
34.5755 0 -34.5755 0 0 34.5755 0
41.2054 0 -41.2054 0 0 41.2054 0
46.9587 0 -46.9587 0 0 46.9587 0
52.7744 0 -52.7744 0 0 52.7744 0
58.3587 0 -58.3587 0 0 58.3587 0
64.1873 0 -64.1873 0 0 64.1873 0
69.8559 0 -69.8559 0 0 69.8559 0
69.8566 0 -69.8566 0 0 69.8566 0
75.6447 0 -75.6447 0 0 75.6447 0
69.0542 0 -69.0542 0 0 69.0542 0
-1.15623 0 1.15623 0 0 -1.15623 0
-39.0609 0 39.0609 0 0 -39.0609 0
-38.8542 0 38.8542 0 0 -38.8542 0
