-0.062062 0.062062
3.08566 -3.08566
5.66641 -5.66641
8.65229 -8.65229
11.5235 -11.5235
9.94917 -9.94917
7.45969 -7.45969
4.69197 -4.69197
1.28233 -1.28233
-1.43775 1.43775
-4.26817 4.26817
-7.37166 7.37166
-10.6006 10.6006
-10.7472 10.7472
-10.8642 10.8642
-9.20843 9.20843
-6.65262 6.65262
-3.74242 3.74242
-0.70748 0.70748
2.52797 -2.52797
5.70327 -5.70327
8.71919 -8.71919
11.7101 -11.7101
11.8648 -11.8648
9.98228 -9.98228
7.34513 -7.34513
4.43392 -4.43392
1.21461 -1.21461
-1.82963 1.82963
-4.89333 4.89333
-7.88913 7.88913
-10.6337 10.6337
-8.81311 8.81311
-6.30439 6.30439
-3.5791 3.5791
-0.299308 0.299308
2.97807 -2.97807
6.06794 -6.06794
6.15971 -6.15971
6.1814 -6.1814
6.20434 -6.20434
6.16054 -6.16054
6.22228 -6.22228
6.22645 -6.22645
6.1547 -6.1547
9.31328 -9.31328
12.0126 -12.0126
10.0166 -10.0166
7.49914 -7.49914
4.44393 -4.44393
1.10916 -1.10916
-2.08537 2.08537
-5.05513 5.05513
-8.04977 8.04977
-10.7881 10.7881
-8.94249 8.94249
-6.42026 6.42026
-4.40517 4.40517
-3.48065 3.48065
-0.113438 0.113438
6.19674 -6.19674
11.7505 -11.7505
17.5926 -17.5926
25.9206 -25.9206
22.1167 -22.1167
16.9784 -16.9784
10.6396 -10.6396
3.62231 -3.62231
-2.98548 2.98548
-9.19789 9.19789
-16.1478 16.1478
-24.5998 24.5998
-21.3269 21.3269
-16.2032 16.2032
-9.61282 9.61282
-1.74976 1.74976
6.37877 -6.37877
13.8643 -13.8643
20.6236 -20.6236
26.3308 -26.3308
21.9411 -21.9411
16.4534 -16.4534
9.87752 -9.87752
2.05796 -2.05796
-6.18114 6.18114
-13.2322 13.2322
-19.9754 19.9754
-25.3664 25.3664
-21.4625 21.4625
-16.1663 16.1663
-9.33216 9.33216
-1.03449 1.03449
7.77785 -7.77785
15.1936 -15.1936
21.9848 -21.9848
26.5014 -26.5014
22.2875 -22.2875
16.8267 -16.8267
9.79637 -9.79637
1.25246 -1.25246
-6.81438 6.81438
-14.0439 14.0439
-20.9312 20.9312
-25.7688 25.7688
-21.3541 21.3541
-16.0434 16.0434
-8.93741 8.93741
-0.485599 0.485599
15.7422 -15.7422
26.6937 -26.6937
33.4796 -33.4796
34.3066 -34.3066
44.2241 -44.2241
38.8898 -38.8898
28.6376 -28.6376
17.1779 -17.1779
2.7029 -2.7029
-14.6932 14.6932
-22.7198 22.7198
-31.8306 31.8306
-42.8242 42.8242
-35.7953 35.7953
-25.396 25.396
-12.9226 12.9226
3.31327 -3.31327
4.60779 -4.60779
24.9246 -24.9246
25.0383 -25.0383
32.0456 -32.0456
38.9047 -38.9047
46.0481 -46.0481
37.4766 -37.4766
27.9331 -27.9331
15.6531 -15.6531
0.687318 -0.687318
-16.3823 16.3823
-29.2543 29.2543
-36.4685 36.4685
-44.3225 44.3225
-35.8979 35.8979
-25.4798 25.4798
-12.1202 12.1202
6.77904 -6.77904
25.9503 -25.9503
33.5048 -33.5048
40.2176 -40.2176
46.5774 -46.5774
38.3751 -38.3751
14.9824 -14.9824
-18.1528 18.1528
-30.5095 30.5095
-37.8161 37.8161
-44.8473 44.8473
-36.3183 36.3183
-36.2682 36.2682
-25.1978 25.1978
-11.3057 11.3057
8.2489 -8.2489
8.27959 -8.27959
21.9281 -21.9281
29.2059 -29.2059
35.8804 -35.8804
40.8156 -40.8156
46.4416 -46.4416
46.5118 -46.5118
52.9718 -52.9718
59.081 -59.081
65.4427 -65.4427
55.6604 -55.6604
45.9062 -45.9062
26.1066 -26.1066
7.24835 -7.24835
-11.8944 11.8944
-28.2029 28.2029
-37.7625 37.7625
-48.1197 48.1197
-59.3354 59.3354
-41.9426 41.9426
-24.1534 24.1534
-6.66592 6.66592
12.4589 -12.4589
31.7791 -31.7791
31.7648 -31.7648
45.3941 -45.3941
55.395 -55.395
55.4471 -55.4471
65.5787 -65.5787
45.4513 -45.4513
26.4626 -26.4626
7.12617 -7.12617
-10.1245 10.1245
-28.2844 28.2844
-40.8962 40.8962
-49.9752 49.9752
-59.8707 59.8707
-40.6868 40.6868
-24.4253 24.4253
-6.66734 6.66734
12.7524 -12.7524
32.2223 -32.2223
45.115 -45.115
55.5338 -55.5338
55.4827 -55.4827
65.8507 -65.8507
44.2231 -44.2231
26.3704 -26.3704
6.35268 -6.35268
-10.4971 10.4971
-28.5725 28.5725
-41.4432 41.4432
-50.2627 50.2627
-59.7812 59.7812
-41.7007 41.7007
-41.7542 41.7542
-23.7992 23.7992
-5.38704 5.38704
12.649 -12.649
40.5738 -40.5738
55.1635 -55.1635
71.7912 -71.7912
90.1862 -90.1862
63.89 -63.89
38.3412 -38.3412
13.3032 -13.3032
-13.3037 13.3037
-37.4214 37.4214
-37.3541 37.3541
-50.729 50.729
-50.5431 50.5431
-65.2214 65.2214
-81.4866 81.4866
-58.4349 58.4349
-34.636 34.636
-34.5929 34.5929
-10.8617 10.8617
-10.8227 10.8227
13.0673 -13.0673
39.0303 -39.0303
61.609 -61.609
76.1608 -76.1608
89.9962 -89.9962
53.3351 -53.3351
38.4123 -38.4123
13.613 -13.613
-9.40382 9.40382
-9.41579 9.41579
-33.8248 33.8248
-56.2627 56.2627
-69.387 69.387
-69.3961 69.3961
-81.9727 81.9727
-57.3212 57.3212
-35.191 35.191
-11.791 11.791
13.5265 -13.5265
13.5671 -13.5671
39.0952 -39.0952
61.6798 -61.6798
75.5506 -75.5506
89.9689 -89.9689
38.5988 -38.5988
12.8991 -12.8991
-9.50431 9.50431
-34.2634 34.2634
-55.8038 55.8038
-55.7853 55.7853
-69.0024 69.0024
-81.9614 81.9614
-58.164 58.164
-35.9949 35.9949
-11.9006 11.9006
13.0965 -13.0965
29.6612 -29.6612
46.2174 -46.2174
62.3035 -62.3035
62.3308 -62.3308
71.3767 -71.3767
80.9776 -80.9776
81.0136 -81.0136
89.8423 -89.8423
102.467 -102.467
107.758 -107.758
107.8 -107.8
107.883 -107.883
107.899 -107.899
107.925 -107.925
107.936 -107.936
107.95 -107.95
107.995 -107.995
91.5913 -91.5913
77.5092 -77.5092
61.53 -61.53
45.5979 -45.5979
26.454 -26.454
15.9038 -15.9038
-0.602433 0.602433
-16.5101 16.5101
-46.9333 46.9333
-58.1179 58.1179
-66.6452 66.6452
-73.3012 73.3012
-73.1373 73.1373
-81.8913 81.8913
-92.9081 92.9081
-97.2924 97.2924
-83.1256 83.1256
-68.8167 68.8167
-54.8012 54.8012
-40.0141 40.0141
-26.8149 26.8149
-12.7246 12.7246
18.8664 -18.8664
32.5815 -32.5815
47.9353 -47.9353
61.9374 -61.9374
74.611 -74.611
74.6199 -74.6199
82.9037 -82.9037
91.1621 -91.1621
99.6704 -99.6704
108.273 -108.273
108.285 -108.285
85.1562 -85.1562
75.6432 -75.6432
59.8665 -59.8665
44.4289 -44.4289
44.4657 -44.4657
28.8074 -28.8074
12.8225 -12.8225
12.8061 -12.8061
-0.481838 0.481838
-15.862 15.862
-15.7834 15.7834
-28.4511 28.4511
-28.4513 28.4513
-42.946 42.946
-54.9721 54.9721
-67.4426 67.4426
-67.3417 67.3417
-75.3549 75.3549
-82.6096 82.6096
-89.8444 89.8444
-97.4574 97.4574
-82.636 82.636
-82.6621 82.6621
-68.1704 68.1704
-68.1611 68.1611
-54.9194 54.9194
-40.5227 40.5227
-26.5918 26.5918
-5.05641 5.05641
2.5227 -2.5227
17.7267 -17.7267
32.1152 -32.1152
48.0526 -48.0526
63.429 -63.429
73.9329 -73.9329
82.8289 -82.8289
90.7961 -90.7961
99.6473 -99.6473
107.334 -107.334
91.8968 -91.8968
76.1446 -76.1446
76.4183 -76.4183
60.7968 -60.7968
45.1836 -45.1836
29.317 -29.317
14.7923 -14.7923
0.827635 -0.827635
-13.8029 13.8029
-28.3498 28.3498
-41.1699 41.1699
-55.3282 55.3282
-67.4493 67.4493
-67.4742 67.4742
-76.2566 76.2566
-82.0255 82.0255
-90.4513 90.4513
-97.9158 97.9158
-97.9176 97.9176
-80.4198 80.4198
-67.0177 67.0177
-54.2221 54.2221
-38.8433 38.8433
-23.999 23.999
-24.1635 24.1635
-7.44235 7.44235
4.70537 -4.70537
18.3547 -18.3547
43.4339 -43.4339
64.7186 -64.7186
78.874 -78.874
78.9239 -78.9239
92.4634 -92.4634
103.576 -103.576
110.911 -110.911
115.37 -115.37
119.037 -119.037
97.5531 -97.5531
76.5218 -76.5218
56.264 -56.264
37.2913 -37.2913
13.3958 -13.3958
-3.60156 3.60156
-20.988 20.988
-40.4314 40.4314
-41.9756 41.9756
-57.7262 57.7262
-66.9896 66.9896
-66.7567 66.7567
-84.4997 84.4997
-93.832 93.832
-99.9004 99.9004
-103.893 103.893
-103.794 103.794
-107.133 107.133
-88.508 88.508
-69.8004 69.8004
-51.9661 51.9661
-51.9855 51.9855
-34.0441 34.0441
-14.5881 14.5881
2.76385 -2.76385
19.6236 -19.6236
35.7144 -35.7144
56.9088 -56.9088
56.9161 -56.9161
67.6095 -67.6095
76.3923 -76.3923
84.6573 -84.6573
93.3161 -93.3161
101.922 -101.922
110.079 -110.079
110.097 -110.097
118.747 -118.747
98.3392 -98.3392
77.7338 -77.7338
56.6597 -56.6597
14.7041 -14.7041
-1.05255 1.05255
-17.2474 17.2474
-31.7589 31.7589
-47.9957 47.9957
-60.7919 60.7919
-60.7659 60.7659
-61.0116 61.0116
-68.3867 68.3867
-76.1172 76.1172
-84.1763 84.1763
-84.1894 84.1894
-91.7298 91.7298
-99.1578 99.1578
-107.137 107.137
-107.137 107.137
-88.3129 88.3129
-88.3112 88.3112
-69.9346 69.9346
-51.1233 51.1233
-33.118 33.118
-13.4684 13.4684
3.06781 -3.06781
20.2043 -20.2043
36.018 -36.018
52.8204 -52.8204
67.0203 -67.0203
75.6016 -75.6016
83.9717 -83.9717
93.9988 -93.9988
101.154 -101.154
111.433 -111.433
118.51 -118.51
97.9654 -97.9654
77.631 -77.631
57.883 -57.883
38.2098 -38.2098
38.2223 -38.2223
13.8259 -13.8259
13.9881 -13.9881
-1.64818 1.64818
-1.67251 1.67251
-17.4773 17.4773
-31.2243 31.2243
-47.2304 47.2304
-60.2876 60.2876
-69.9733 69.9733
-75.8573 75.8573
-84.1037 84.1037
-91.7058 91.7058
-99.0676 99.0676
-107.137 107.137
-88.2123 88.2123
-69.9001 69.9001
-69.9066 69.9066
-49.8141 49.8141
-34.7334 34.7334
3.27095 -3.27095
18.6913 -18.6913
34.8421 -34.8421
35.7134 -35.7134
35.719 -35.719
57.9887 -57.9887
73.1532 -73.1532
84.8702 -84.8702
95.3815 -95.3815
107.029 -107.029
107.077 -107.077
118.629 -118.629
119.281 -119.281
119.546 -119.546
93.6305 -93.6305
69.4223 -69.4223
69.4303 -69.4303
45.0654 -45.0654
45.0121 -45.0121
16.1523 -16.1523
-20.8344 20.8344
-20.802 20.802
-37.5587 37.5587
-37.6814 37.6814
-49.6777 49.6777
-62.9777 62.9777
-72.1006 72.1006
-80.3732 80.3732
-89.6828 89.6828
-98.8689 98.8689
-106.911 106.911
-107.364 107.364
-107.318 107.318
-107.611 107.611
-83.3577 83.3577
-63.0415 63.0415
-40.0189 40.0189
-18.9646 18.9646
3.06358 -3.06358
16.7005 -16.7005
16.6763 -16.6763
31.2715 -31.2715
45.0255 -45.0255
59.3589 -59.3589
70.2687 -70.2687
78.8105 -78.8105
94.9158 -94.9158
94.9778 -94.9778
102.912 -102.912
110.554 -110.554
111.218 -111.218
119.55 -119.55
93.6154 -93.6154
69.5317 -69.5317
43.6717 -43.6717
20.6732 -20.6732
-3.26167 3.26167
-14.5538 14.5538
-27.8439 27.8439
-40.0177 40.0177
-53.1086 53.1086
-63.2896 63.2896
-71.3513 71.3513
-77.701 77.701
-85.6278 85.6278
-99.4503 99.4503
-107.101 107.101
-85.3813 85.3813
-64.5072 64.5072
-64.5496 64.5496
-42.993 42.993
-19.9118 19.9118
2.63589 -2.63589
17.6436 -17.6436
30.3708 -30.3708
44.7596 -44.7596
61.834 -61.834
69.9922 -69.9922
79.043 -79.043
86.4495 -86.4495
94.8962 -94.8962
102.89 -102.89
111.108 -111.108
119.13 -119.13
92.8561 -92.8561
69.2456 -69.2456
47.1497 -47.1497
17.8856 -17.8856
-2.8058 2.8058
-13.8841 13.8841
-25.7344 25.7344
-38.9506 38.9506
-63.4281 63.4281
-70.7107 70.7107
-77.5218 77.5218
-84.7813 84.7813
-92.1962 92.1962
-99.97 99.97
-107.365 107.365
-83.6537 83.6537
-63.1179 63.1179
-41.1717 41.1717
-18.3263 18.3263
2.53259 -2.53259
2.4906 -2.4906
17.2084 -17.2084
30.7861 -30.7861
45.663 -45.663
66.5409 -66.5409
78.3269 -78.3269
90.8586 -90.8586
102.873 -102.873
116.347 -116.347
119.788 -119.788
120.18 -120.18
120.533 -120.533
90.5763 -90.5763
59.8001 -59.8001
26.8619 -26.8619
-1.54596 1.54596
-17.1123 17.1123
-30.8706 30.8706
-47.3277 47.3277
-59.975 59.975
-68.8489 68.8489
-77.966 77.966
-86.2453 86.2453
-95.331 95.331
-105.78 105.78
-107.823 107.823
-108.169 108.169
-108.517 108.517
-79.3111 79.3111
-50.0795 50.0795
2.64182 -2.64182
16.015 -16.015
28.0588 -28.0588
41.5728 -41.5728
52.3181 -52.3181
66.3107 -66.3107
73.0954 -73.0954
82.0082 -82.0082
89.5171 -89.5171
97.4434 -97.4434
105.077 -105.077
113.213 -113.213
120.571 -120.571
87.3928 -87.3928
57.7321 -57.7321
22.3306 -22.3306
-2.22128 2.22128
-14.0873 14.0873
-23.5301 23.5301
-36.1801 36.1801
-47.2049 47.2049
-47.2244 47.2244
-58.9033 58.9033
-66.62 66.62
-66.6452 66.6452
-73.0642 73.0642
-79.9945 79.9945
-87.6519 87.6519
-87.6264 87.6264
-94.1103 94.1103
-101.268 101.268
-108.522 108.522
-76.6509 76.6509
-49.3768 49.3768
-19.5872 19.5872
-19.5617 19.5617
3.03751 -3.03751
15.5948 -15.5948
28.0061 -28.0061
40.983 -40.983
52.8523 -52.8523
69.5828 -69.5828
73.357 -73.357
81.7708 -81.7708
88.8911 -88.8911
97.5639 -97.5639
104.642 -104.642
112.54 -112.54
120.463 -120.463
88.2977 -88.2977
59.0028 -59.0028
23.742 -23.742
-2.09186 2.09186
-15.5114 15.5114
-25.3801 25.3801
-35.9827 35.9827
-47.8011 47.8011
-59.2304 59.2304
-65.6454 65.6454
-73.3381 73.3381
-79.4497 79.4497
-88.3074 88.3074
-95.7217 95.7217
-101.618 101.618
-108.282 108.282
-108.317 108.317
-74.6458 74.6458
-73.5988 73.5988
-50.8575 50.8575
-20.7232 20.7232
2.76815 -2.76815
15.2873 -15.2873
27.9495 -27.9495
40.0214 -40.0214
52.3114 -52.3114
67.7933 -67.7933
78.4565 -78.4565
88.8761 -88.8761
99.8767 -99.8767
109.986 -109.986
120.442 -120.442
121.111 -121.111
121.586 -121.586
82.6626 -82.6626
44.1737 -44.1737
7.30663 -7.30663
-10.5141 10.5141
-23.6692 23.6692
-35.0832 35.0832
-47.2946 47.2946
-59.684 59.684
-69.188 69.188
-75.8528 75.8528
-83.8081 83.8081
-92.2264 92.2264
-100.409 100.409
-108.497 108.497
-108.982 108.982
-109.438 109.438
-74.3084 74.3084
-39.237 39.237
-4.55931 4.55931
10.8143 -10.8143
22.0129 -22.0129
33.5309 -33.5309
44.4904 -44.4904
56.1149 -56.1149
67.5838 -67.5838
75.2506 -75.2506
83.06 -83.06
92.0128 -92.0128
98.426 -98.426
106.418 -106.418
114.696 -114.696
121.454 -121.454
82.2248 -82.2248
42.7654 -42.7654
4.36587 -4.36587
-8.58727 8.58727
-19.4776 19.4776
-30.5326 30.5326
-39.7687 39.7687
-50.3579 50.3579
-60.7681 60.7681
-67.9102 67.9102
-74.7213 74.7213
-81.4755 81.4755
-88.9017 88.9017
-95.4055 95.4055
-102.441 102.441
-109.405 109.405
-74.6811 74.6811
-39.8297 39.8297
-4.74678 4.74678
10.8709 -10.8709
21.8696 -21.8696
33.5637 -33.5637
44.1806 -44.1806
56.187 -56.187
71.2835 -71.2835
83.1993 -83.1993
94.8672 -94.8672
106.216 -106.216
106.241 -106.241
117.76 -117.76
122.102 -122.102
122.104 -122.104
122.863 -122.863
123.64 -123.64
123.642 -123.642
72.446 -72.446
72.446 -72.446
22.3841 -22.3841
-8.03584 8.03584
-18.7669 18.7669
-31.3606 31.3606
-42.5599 42.5599
-55.4366 55.4366
-64.8901 64.8901
-73.1564 73.1564
-81.709 81.709
-90.4796 90.4796
-98.4066 98.4066
-98.4103 98.4103
-107.056 107.056
-107.065 107.065
-109.893 109.893
-110.582 110.582
-111.274 111.274
-67.0388 67.0388
-66.5851 66.5851
-21.4524 21.4524
6.60878 -6.60878
16.9658 -16.9658
27.9844 -27.9844
27.994 -27.994
27.994 -27.994
38.7964 -38.7964
49.9834 -49.9834
61.6212 -61.6212
61.6386 -61.6386
70.2228 -70.2228
77.9107 -77.9107
77.8018 -77.8018
85.6118 -85.6118
93.2341 -93.2341
100.536 -100.536
100.541 -100.541
108.275 -108.275
108.329 -108.329
116.064 -116.064
123.621 -123.621
72.5034 -72.5034
21.063 -21.063
21.0964 -21.0964
-5.97438 5.97438
-15.2318 15.2318
-25.27 25.27
-34.548 34.548
-44.5388 44.5388
-54.1678 54.1678
-63.6276 63.6276
-70.3585 70.3585
-76.8977 76.8977
-83.9836 83.9836
-90.4584 90.4584
-97.4816 97.4816
-104.505 104.505
-111.277 111.277
-50.3649 50.3649
-20.1158 20.1158
5.76385 -5.76385
16.7079 -16.7079
27.9887 -27.9887
28.0921 -28.0921
38.9162 -38.9162
49.4054 -49.4054
49.3642 -49.3642
62.2212 -62.2212
72.7789 -72.7789
72.7848 -72.7848
82.8312 -82.8312
93.0957 -93.0957
103.447 -103.447
113.554 -113.554
123.598 -123.598
102.721 -102.721
78.9189 -78.9189
18.7116 -18.7116
17.7657 -17.7657
-7.0068 7.0068
-16.5096 16.5096
-28.0892 28.0892
-37.9302 37.9302
-48.5977 48.5977
-48.6148 48.6148
-49.7984 49.7984
-50.9478 50.9478
-52.0914 52.0914
-53.4578 53.4578
-54.9662 54.9662
-56.1359 56.1359
-57.1574 57.1574
-57.7755 57.7755
-58.2616 58.2616
-58.8382 58.8382
-58.8059 58.8059
-58.8341 58.8341
-66.6555 66.6555
-74.0631 74.0631
-82.0848 82.0848
-88.9177 88.9177
-96.3801 96.3801
-96.3297 96.3297
-103.826 103.826
-111.328 111.328
-111.329 111.329
-92.3193 92.3193
-70.7777 70.7777
-70.7634 70.7634
-14.1876 14.1876
-8.50181 8.50181
4.42348 -4.42348
10.1964 -10.1964
16.5089 -16.5089
22.7234 -22.7234
22.5523 -22.5523
29.0665 -29.0665
35.1299 -35.1299
41.172 -41.172
46.4216 -46.4216
46.8266 -46.8266
51.9303 -51.9303
55.7871 -55.7871
60.5114 -60.5114
60.5153 -60.5153
64.9582 -64.9582
64.9683 -64.9683
69.7532 -69.7532
69.7602 -69.7602
74.9947 -74.9947
75.0785 -75.0785
78.1052 -78.1052
11.7066 -11.7066
11.6966 -11.6966
-4.04272 4.04272
-9.49967 9.49967
-15.307 15.307
-20.5669 20.5669
-27.0557 27.0557
-31.5758 31.5758
-37.5197 37.5197
-37.4765 37.4765
-41.5668 41.5668
-45.8894 45.8894
-46.2398 46.2398
-46.74 46.74
-47.2673 47.2673
-47.6856 47.6856
-47.9257 47.9257
-48.6889 48.6889
-49.3584 49.3584
-49.8988 49.8988
-50.2145 50.2145
-50.1781 50.1781
-50.0961 50.0961
-54.2822 54.2822
-59.1326 59.1326
-62.4392 62.4392
-66.5812 66.5812
-66.5812 66.5812
-70.7537 70.7537
-14.5788 14.5788
4.27505 -4.27505
4.42205 -4.42205
10.457 -10.457
10.4631 -10.4631
16.5786 -16.5786
22.9086 -22.9086
29.0574 -29.0574
29.1077 -29.1077
34.5806 -34.5806
34.5605 -34.5605
34.5755 -34.5755
41.2054 -41.2054
46.9587 -46.9587
52.7744 -52.7744
58.3587 -58.3587
64.1873 -64.1873
69.8559 -69.8559
69.8566 -69.8566
75.6447 -75.6447
69.0542 -69.0542
-1.15623 1.15623
-39.0609 39.0609
-38.8542 38.8542
