0.017681 1 -2.80936e-014 0.0112488
0.0353154 2 3.96144e-015 0.0224296
0.0529028 3 -1.97524e-014 0.033542
0.070443 4 -3.15736e-014 0.0445856
0.0879357 5 -9.63021e-014 0.0555601
0.104785 6 -2.40347e-013 0.0681401
0.119282 7 -7.37897e-015 0.0803037
0.132104 8 -1.58439e-013 0.0914573
0.14417 9 -1.0316e-013 0.106213
0.155886 10 2.22778e-014 0.120846
0.165951 11 2.8534e-013 0.135559
0.175391 12 7.6952e-014 0.151117
0.184225 13 3.60338e-014 0.166619
0.192863 14 1.00635e-013 0.181865
0.201243 15 5.5287e-013 0.200307
0.209449 16 6.02471e-013 0.219003
0.217562 17 5.30851e-013 0.239246
0.225484 18 1.75775e-013 0.26122
0.233205 19 -3.39862e-014 0.284422
0.240875 20 2.09073e-013 0.308201
0.248334 21 -1.39408e-013 0.332017
0.255564 22 -2.93398e-014 0.355326
0.262667 23 -1.5104e-014 0.378937
0.269651 24 1.94389e-013 0.402506
0.27655 25 -3.98872e-015 0.426326
0.283283 26 1.04517e-013 0.450278
0.289958 27 1.12383e-013 0.47404
0.296608 28 2.32729e-013 0.498071
0.303213 29 2.89181e-013 0.522209
0.309713 30 6.95979e-014 0.549327
0.316105 31 -1.3235e-013 0.578314
0.32242 32 -3.88318e-014 0.607447
0.328323 33 1.16353e-013 0.637501
0.334203 34 6.90618e-014 0.668385
0.339814 35 3.08759e-014 0.702179
0.344888 36 1.04342e-013 0.738467
0.349723 37 1.88794e-013 0.774971
0.354409 38 4.39913e-014 0.811733
0.358965 39 -8.99634e-014 0.848746
0.363285 40 4.04633e-014 0.888344
0.367477 41 2.66518e-013 0.92849
0.371643 42 3.55747e-013 0.97175
0.375877 43 -1.06628e-013 1.01898
0.380409 44 1.67666e-013 1.06464
0.384625 45 -1.79833e-013 1.11039
0.388509 46 -5.95938e-014 1.16091
0.392018 47 3.64492e-013 1.2116
0.395214 48 -2.70077e-013 1.26276
0.398105 49 -4.08614e-013 1.31537
0.401165 50 7.703e-014 1.36606
0.404519 51 -1.30887e-013 1.41317
0.407671 52 1.17837e-013 1.45792
0.410551 53 1.45152e-014 1.49985
0.413523 54 4.92201e-013 1.54119
0.416073 55 1.32162e-013 1.58667
0.418322 56 2.10895e-013 1.63318
0.420621 57 1.69223e-013 1.68016
0.422803 58 3.82534e-014 1.72681
0.424788 59 -5.40529e-014 1.77111
0.426437 60 4.77865e-014 1.81679
0.427976 61 -2.04112e-014 1.86309
0.429463 62 4.74979e-014 1.90955
0.431028 63 -7.01538e-014 1.95241
0.432517 64 -1.76603e-013 1.99449
0.434084 65 1.1283e-013 2.03464
0.435734 66 -9.36756e-014 2.07365
0.437358 67 1.00676e-013 2.11567
0.438954 68 1.84218e-013 2.16104
0.440451 69 3.55877e-013 2.20671
0.441815 70 -4.94723e-015 2.25273
0.443138 71 6.58096e-015 2.29895
0.444432 72 3.94561e-014 2.34595
0.445716 73 -7.33209e-014 2.39459
0.447015 74 1.60532e-015 2.44179
0.448248 75 1.6417e-014 2.48742
0.449544 76 5.08162e-014 2.53552
0.450749 77 6.83524e-014 2.58433
0.451852 78 -2.47816e-014 2.63204
0.452966 79 -3.43337e-013 2.68004
0.453997 80 6.46197e-014 2.72895
0.454927 81 -2.52231e-013 2.77878
0.455923 82 -1.45064e-013 2.82816
0.456828 83 -3.98411e-014 2.88031
0.457531 84 -3.12782e-013 2.93398
0.458188 85 -1.46143e-013 2.98787
0.45882 86 -3.57609e-013 3.04528
0.459317 87 -7.4998e-015 3.11326
0.459856 88 -3.64932e-013 3.18156
0.460352 89 -3.82194e-013 3.25027
0.460676 90 -6.15894e-013 3.3238
0.461215 91 -3.38094e-013 3.38933
0.461824 92 -3.93018e-013 3.4514
0.462572 93 -3.51212e-013 3.50998
0.463407 94 -3.01587e-013 3.56728
0.46425 95 -2.97311e-013 3.62405
0.464989 96 -3.66458e-013 3.68514
0.465615 97 -3.61807e-013 3.74976
0.466239 98 -4.75473e-013 3.81437
0.46685 99 -5.42427e-013 3.87934
0.467454 100 -6.17054e-013 3.9445
