0.468533 -1.14225e-018 0.0712116 -1.5
0.937065 -2.78254e-018 0.142423 -3
1.4056 9.07084e-019 0.213635 -4.5
1.87413 -6.90425e-018 0.284846 -6
2.34266 -9.18913e-018 0.356058 -7.5
2.8112 3.3549e-018 0.427269 -9
3.27973 -1.81632e-017 0.498481 -10.5
3.74826 -1.26419e-017 0.569693 -12
4.21679 -2.17736e-017 0.640904 -13.5
4.68533 1.10679e-017 0.712116 -15
5.15386 -8.00661e-018 0.783327 -16.5
5.62239 -1.34343e-018 0.854539 -18
6.09092 -9.64466e-018 0.92575 -19.5
6.55946 -1.58368e-017 0.996962 -21
7.02799 -2.07111e-017 1.06817 -22.5
7.49652 -2.83461e-017 1.13939 -24
7.96505 -4.65228e-017 1.2106 -25.5
8.43359 -2.83088e-017 1.28181 -27
8.90212 -1.19497e-017 1.35302 -28.5
9.37065 -2.65784e-017 1.42423 -30
9.83918 -3.2592e-018 1.49544 -31.5
10.3077 6.0258e-018 1.56665 -33
10.7762 -1.37039e-017 1.63787 -34.5
11.2448 -2.99885e-017 1.70908 -36
11.7133 -1.10483e-017 1.78029 -37.5
12.1818 -9.92616e-017 1.8515 -39
12.6504 -3.14855e-017 1.92271 -40.5
13.1189 -7.26874e-017 1.99392 -42
13.5874 6.51073e-017 2.06514 -43.5
14.056 9.10316e-019 2.13635 -45
14.5245 1.6947e-017 2.20756 -46.5
14.993 -2.99793e-017 2.27877 -48
15.4616 -1.07629e-016 2.34998 -49.5
15.9301 2.24899e-018 2.42119 -51
16.3986 -4.95738e-018 2.4924 -52.5
16.8672 -5.9953e-017 2.56362 -54
17.3251 4.58332e-017 2.63514 -55.5
17.7465 5.31234e-017 2.70775 -57
18.168 1.35403e-017 2.78035 -58.5
18.5395 4.10558e-017 2.85507 -60
18.8797 -1.60268e-017 2.93112 -61.5
19.1999 4.68945e-018 3.00799 -63
19.5168 4.15282e-017 3.085 -64.5
19.7753 -1.04657e-016 3.16547 -66
20.0027 -6.0498e-017 3.24764 -67.5
20.2301 -1.05019e-016 3.32982 -69
20.4416 -9.79612e-017 3.41304 -70.5
20.6444 -1.3398e-016 3.49685 -72
20.8471 -4.97716e-017 3.58065 -73.5
21.0401 -1.26954e-016 3.66506 -75
21.2249 -2.02138e-016 3.74997 -76.5
21.3795 -9.98579e-017 3.83698 -78
21.5231 -1.50803e-016 3.92482 -79.5
21.6541 -3.19647e-017 4.01363 -81
21.7851 -1.78037e-017 4.10244 -82.5
21.9162 -9.38681e-017 4.19125 -84
22.047 6.67542e-017 4.28009 -85.5
22.1769 8.30644e-017 4.36909 -87
22.3067 1.53004e-016 4.45809 -88.5
22.4366 5.32354e-017 4.54709 -90
22.5665 1.28468e-016 4.63609 -91.5
22.6963 3.69955e-016 4.72509 -93
22.788 2.21716e-016 4.81764 -94.5
22.8679 1.92714e-016 4.91129 -96
22.9477 1.66884e-016 5.00494 -97.5
23.0276 3.61951e-016 5.0986 -99
23.1074 3.20526e-016 5.19225 -100.5
23.1872 4.63621e-016 5.2859 -102
23.2671 3.63332e-016 5.37955 -103.5
23.3469 1.72975e-016 5.4732 -105
23.4267 2.06971e-016 5.56686 -106.5
23.5066 8.01259e-017 5.66051 -108
23.5864 9.38503e-017 5.75416 -109.5
23.6662 1.62577e-016 5.84781 -111
23.7461 1.35009e-016 5.94146 -112.5
23.8259 -6.72681e-017 6.03512 -114
23.9058 -3.14626e-017 6.12877 -115.5
23.9856 -9.33526e-018 6.22242 -117
24.0654 3.673e-017 6.31607 -118.5
24.1453 -2.48534e-016 6.40972 -120
24.2213 -1.35303e-016 6.50399 -121.5
24.2932 -4.04419e-016 6.59868 -123
24.3635 -3.11666e-016 6.69357 -124.5
24.4235 -5.63976e-016 6.78983 -126
24.4835 -3.12412e-016 6.88609 -127.5
24.5361 -2.56199e-016 6.98343 -129
24.5879 -1.69659e-016 7.0809 -130.5
24.6397 -3.54639e-017 7.17836 -132
24.6915 -1.87932e-016 7.27582 -133.5
24.7432 -3.44312e-016 7.37328 -135
24.795 -2.33076e-016 7.47075 -136.5
24.8468 -1.48945e-016 7.56821 -138
24.8986 -2.84202e-016 7.66567 -139.5
24.9504 -7.96848e-018 7.76314 -141
25.0022 -2.76622e-016 7.8606 -142.5
25.0539 -2.81122e-016 7.95806 -144
25.1057 -3.06977e-016 8.05553 -145.5
25.1575 -3.72325e-016 8.15299 -147
25.2093 -3.51929e-016 8.25045 -148.5
25.2611 -3.48032e-016 8.34791 -150
