0.412069 0.0392924
0.442269 0.0892924
0.551226 0.139292
0.699241 0.189292
0.866462 0.239292
1.04296 0.289292
1.22378 0.339292
1.40642 0.389292
1.58966 0.439292
1.77285 0.489292
1.9557 0.539292
2.13804 0.589292
2.31979 0.639292
2.50091 0.689292
2.68137 0.739292
2.86118 0.789292
3.0403 0.839292
3.21875 0.889292
3.39651 0.939292
3.57358 0.989292
3.74996 1.03929
3.92565 1.08929
4.10063 1.13929
4.27492 1.18929
4.44849 1.23929
4.62135 1.28929
4.7935 1.33929
4.96493 1.38929
5.13564 1.43929
5.30562 1.48929
5.47487 1.53929
5.64338 1.58929
5.81116 1.63929
5.97819 1.68929
6.14448 1.73929
6.31001 1.78929
6.47479 1.83929
6.63881 1.88929
6.80206 1.93929
6.96454 1.98929
7.12624 2.03929
7.28717 2.08929
7.44731 2.13929
7.60666 2.18929
7.76522 2.23929
7.92297 2.28929
8.07992 2.33929
8.23606 2.38929
8.39139 2.43929
8.54589 2.48929
8.69956 2.53929
8.8524 2.58929
9.00439 2.63929
9.15555 2.68929
9.30584 2.73929
9.45529 2.78929
9.60386 2.83929
9.75156 2.88929
9.89839 2.93929
10.0443 2.98929
10.1894 3.03929
10.3335 3.08929
10.4767 3.13929
10.6191 3.18929
10.7605 3.23929
10.9009 3.28929
11.0404 3.33929
11.179 3.38929
11.3166 3.43929
11.4532 3.48929
11.5889 3.53929
11.7236 3.58929
11.8572 3.63929
11.9899 3.68929
12.1216 3.73929
12.2522 3.78929
12.3817 3.83929
12.5103 3.88929
12.6377 3.93929
12.7639 3.98929
12.8887 4.03929
13.0116 4.08929
13.1331 4.13929
13.2534 4.18929
13.3723 4.23929
13.4892 4.28929
13.6045 4.33929
13.7173 4.38929
13.8248 4.43929
13.9305 4.48929
14.0343 4.53929
14.1365 4.58929
14.2373 4.63929
14.3368 4.68929
14.4346 4.73929
14.5302 4.78929
14.6244 4.83929
14.7169 4.88929
14.8061 4.93929
14.8917 4.98929
14.5229 4.88929
14.1032 4.78929
13.6817 4.68929
13.2592 4.58929
12.8365 4.48929
12.4132 4.38929
11.9879 4.28929
11.5606 4.18929
11.1328 4.08929
10.7049 3.98929
10.2771 3.88929
9.84924 3.78929
9.42144 3.68929
8.99366 3.58929
8.56591 3.48929
8.13824 3.38929
7.71065 3.28929
7.28312 3.18929
6.85562 3.08929
6.42817 2.98929
6.00085 2.88929
5.57369 2.78929
5.1467 2.68929
4.71988 2.58929
4.2932 2.48929
3.86703 2.38929
3.44114 2.28929
3.01563 2.18929
2.59051 2.08929
2.16617 1.98929
1.74254 1.88929
1.32037 1.78929
0.899261 1.68929
0.479759 1.58929
0.0635251 1.48929
-0.350414 1.38929
-0.758901 1.28929
-1.16094 1.18929
-1.5532 1.08929
-1.9322 0.989292
-2.29956 0.889292
-2.6569 0.789292
-3.01021 0.689292
-3.35999 0.589292
-3.70833 0.489292
-4.05526 0.389292
-4.4008 0.289292
-4.74495 0.189292
-5.08767 0.0892924
-5.42897 -0.0107076
-5.76883 -0.110708
-6.10724 -0.210708
-6.44419 -0.310708
-6.77965 -0.410708
-7.11361 -0.510708
-7.44606 -0.610708
-7.77698 -0.710708
-8.10635 -0.810708
-8.43338 -0.910708
-8.75762 -1.01071
-9.07952 -1.11071
-9.39856 -1.21071
-9.71309 -1.31071
-10.0206 -1.41071
-10.3245 -1.51071
-10.6216 -1.61071
-10.9148 -1.71071
-11.2015 -1.81071
-11.4824 -1.91071
-11.7591 -2.01071
-12.03 -2.11071
-12.296 -2.21071
-12.5579 -2.31071
-12.8133 -2.41071
-13.0625 -2.51071
-13.3086 -2.61071
-13.5493 -2.71071
-13.7844 -2.81071
-14.0156 -2.91071
-14.2431 -3.01071
-14.4647 -3.11071
-14.6818 -3.21071
-14.8939 -3.31071
-15.1025 -3.41071
-15.3075 -3.51071
-15.5086 -3.61071
-15.7052 -3.71071
-15.8964 -3.81071
-16.0825 -3.91071
-16.2645 -4.01071
-16.4418 -4.11071
-16.6131 -4.21071
-16.7803 -4.31071
-16.944 -4.41071
-17.1048 -4.51071
-17.2624 -4.61071
-17.4154 -4.71071
-17.5605 -4.81071
-17.6986 -4.91071
-17.8312 -5.01071
-17.4586 -4.86071
-17.0767 -4.71071
-16.6862 -4.56071
-16.2917 -4.41071
-15.8884 -4.26071
-15.4707 -4.11071
-15.0458 -3.96071
-14.6073 -3.81071
-14.1588 -3.66071
-13.7057 -3.51071
-13.2448 -3.36071
-12.7728 -3.21071
-12.293 -3.06071
-11.8011 -2.91071
-11.2997 -2.76071
-10.7885 -2.61071
-10.2671 -2.46071
-9.73902 -2.31071
-9.20127 -2.16071
-8.65521 -2.01071
-8.0999 -1.86071
-7.53375 -1.71071
-6.95982 -1.56071
-6.37492 -1.41071
-5.78729 -1.26071
-5.19774 -1.11071
-4.60556 -0.960708
-4.01053 -0.810708
-3.41498 -0.660708
-2.81943 -0.510708
-2.22393 -0.360708
-1.62846 -0.210708
-1.03302 -0.0607076
-0.437599 0.0892924
0.157795 0.239292
0.753153 0.389292
1.34846 0.539292
1.9437 0.689292
2.53887 0.839292
3.13399 0.989292
3.72906 1.13929
4.32408 1.28929
4.91901 1.43929
5.51387 1.58929
6.10855 1.73929
6.70304 1.88929
7.29729 2.03929
7.89121 2.18929
8.48478 2.33929
9.0779 2.48929
9.67033 2.63929
10.2597 2.78929
10.8452 2.93929
11.428 3.08929
12.0079 3.23929
12.5827 3.38929
13.1502 3.53929
13.7077 3.68929
14.246 3.83929
14.7536 3.98929
15.2261 4.13929
15.647 4.28929
15.9173 4.43929
16.1026 4.58929
16.2665 4.73929
16.4103 4.88929
16.5367 5.03929
16.6487 5.18929
16.7218 5.33929
16.7765 5.48929
16.814 5.63929
16.8371 5.78929
16.8485 5.93929
16.8431 6.08929
16.8272 6.23929
16.7993 6.38929
16.7613 6.53929
16.7135 6.68929
16.6563 6.83929
16.5917 6.98929
16.5199 7.13929
16.4402 7.28929
16.3523 7.43929
16.258 7.58929
16.1514 7.73929
16.0355 7.88929
15.9137 8.03929
15.7848 8.18929
15.6502 8.33929
15.5104 8.48929
15.3668 8.63929
15.22 8.78929
15.0693 8.93929
14.915 9.08929
14.7563 9.23929
14.5938 9.38929
14.4279 9.53929
14.2589 9.68929
14.0864 9.83929
13.9106 9.98929
13.4418 9.78929
12.9709 9.58929
12.4878 9.38929
11.9988 9.18929
11.5088 8.98929
11.0181 8.78929
10.5261 8.58929
10.0248 8.38929
9.51444 8.18929
8.99912 7.98929
8.4726 7.78929
7.94206 7.58929
7.41093 7.38929
6.87878 7.18929
6.33858 6.98929
5.78732 6.78929
5.22962 6.58929
4.66079 6.38929
4.09083 6.18929
3.52114 5.98929
2.94625 5.78929
2.35932 5.58929
1.76463 5.38929
1.1587 5.18929
0.552412 4.98929
-0.0537786 4.78929
-0.662088 4.58929
-1.27254 4.38929
-1.88661 4.18929
-2.50128 3.98929
-3.1159 3.78929
-3.73047 3.58929
-4.34464 3.38929
-4.95845 3.18929
-5.57177 2.98929
-6.18458 2.78929
-6.79504 2.58929
-7.4031 2.38929
-8.0086 2.18929
-8.61129 1.98929
-9.21178 1.78929
-9.80909 1.58929
-10.397 1.38929
-10.9759 1.18929
-11.5443 0.989292
-12.1022 0.789292
-12.6487 0.589292
-13.1794 0.389292
-13.6984 0.189292
-14.2066 -0.0107076
-14.7052 -0.210708
-15.193 -0.410708
-15.6711 -0.610708
-16.1398 -0.810708
-16.5978 -1.01071
-17.0465 -1.21071
-17.4823 -1.41071
-17.8878 -1.61071
-18.233 -1.81071
-18.5657 -2.01071
-18.8778 -2.21071
-19.1774 -2.41071
-19.4635 -2.61071
-19.7216 -2.81071
-19.9227 -3.01071
-20.0602 -3.21071
-20.1712 -3.41071
-20.253 -3.61071
-20.2641 -3.81071
-20.2445 -4.01071
-20.2002 -4.21071
-20.1353 -4.41071
-20.0452 -4.61071
-19.9458 -4.81071
-19.8429 -5.01071
-19.7365 -5.21071
-19.6282 -5.41071
-19.5141 -5.61071
-19.3946 -5.81071
-19.2701 -6.01071
-19.135 -6.21071
-18.9847 -6.41071
-18.8128 -6.61071
-18.6238 -6.81071
-18.4149 -7.01071
-18.1782 -7.21071
-17.9135 -7.41071
-17.6232 -7.61071
-17.3267 -7.81071
-17.0202 -8.01071
-16.668 -8.21071
-16.279 -8.41071
-15.8292 -8.61071
-15.3541 -8.81071
-14.8115 -9.01071
-14.1581 -9.21071
-13.4373 -9.41071
-12.6584 -9.61071
-11.86 -9.81071
-11.142 -10.0107
-10.722 -9.76071
-10.2997 -9.51071
-9.87292 -9.26071
-9.44436 -9.01071
-9.01663 -8.76071
-8.58892 -8.51071
-8.15878 -8.26071
-7.72602 -8.01071
-7.28835 -7.76071
-6.8493 -7.51071
-6.4092 -7.26071
-5.96796 -7.01071
-5.52524 -6.76071
-5.08061 -6.51071
-4.63613 -6.26071
-4.19278 -6.01071
-3.74607 -5.76071
-3.29678 -5.51071
-2.84574 -5.26071
-2.39381 -5.01071
-1.94054 -4.76071
-1.48551 -4.51071
-1.03139 -4.26071
-0.577016 -4.01071
-0.118822 -3.76071
0.339276 -3.51071
0.798439 -3.26071
1.26378 -3.01071
1.72913 -2.76071
2.19791 -2.51071
2.67311 -2.26071
3.14491 -2.01071
3.61437 -1.76071
4.08263 -1.51071
4.55004 -1.26071
5.01307 -1.01071
5.45915 -0.760708
5.85572 -0.510708
6.23045 -0.260708
6.56359 -0.0107076
6.87644 0.239292
7.1791 0.489292
7.4575 0.739292
7.71835 0.989292
7.95068 1.23929
8.15539 1.48929
8.31083 1.73929
8.4133 1.98929
8.44554 2.23929
8.38397 2.48929
8.20302 2.73929
7.86481 2.98929
7.50696 3.23929
7.14098 3.48929
6.77737 3.73929
6.39678 3.98929
5.99516 4.23929
5.55852 4.48929
5.15756 4.73929
4.80534 4.98929
4.46662 5.23929
4.1396 5.48929
3.85331 5.73929
3.62475 5.98929
3.43899 6.23929
3.28434 6.48929
3.15147 6.73929
3.04038 6.98929
2.94495 7.23929
2.86116 7.48929
2.78758 7.73929
2.72383 7.98929
2.66648 8.23929
2.61609 8.48929
2.57018 8.73929
2.52951 8.98929
2.49246 9.23929
2.45691 9.48929
2.42299 9.73929
2.39136 9.98929
2.3617 10.2393
2.33443 10.4893
2.30904 10.7393
2.28417 10.9893
2.25915 11.2393
2.23492 11.4893
2.21181 11.7393
2.19057 11.9893
2.17058 12.2393
2.15123 12.4893
2.13302 12.7393
2.11562 12.9893
2.09922 13.2393
2.08408 13.4893
2.06945 13.7393
2.05511 13.9893
2.04134 14.2393
2.02872 14.4893
2.01745 14.7393
2.00657 14.9893
1.6353 14.6893
1.27155 14.3893
0.908889 14.0893
0.550097 13.7893
0.204905 13.4893
-0.128594 13.1893
-0.460164 12.8893
-0.790005 12.5893
-1.11289 12.2893
-1.41362 11.9893
-1.70169 11.6893
-1.97368 11.3893
-2.21983 11.0893
-2.46022 10.7893
-2.65987 10.4893
-2.68081 10.1893
-2.56342 9.88929
-2.44381 9.58929
-2.36703 9.28929
-2.3348 8.98929
-2.34482 8.68929
-2.3717 8.38929
-2.39823 8.08929
-2.4193 7.78929
-2.43692 7.48929
-2.4533 7.18929
-2.46845 6.88929
-2.48251 6.58929
-2.49593 6.28929
-2.50934 5.98929
-2.52222 5.68929
-2.53441 5.38929
-2.54648 5.08929
-2.55805 4.78929
-2.56914 4.48929
-2.58077 4.18929
-2.59258 3.88929
-2.60464 3.58929
-2.61567 3.28929
-2.62649 2.98929
-2.63687 2.68929
-2.64519 2.38929
-2.65301 2.08929
-2.65935 1.78929
-2.66207 1.48929
-2.66313 1.18929
-2.66062 0.889292
-2.6564 0.589292
-2.64765 0.289292
-2.63728 -0.0107076
-2.62486 -0.310708
-2.60007 -0.610708
-2.55162 -0.910708
-2.46133 -1.21071
-2.37168 -1.51071
-2.31284 -1.81071
-2.27615 -2.11071
-2.25433 -2.41071
-2.24006 -2.71071
-2.23205 -3.01071
-2.23038 -3.31071
-2.23416 -3.61071
-2.24281 -3.91071
-2.25465 -4.21071
-2.26802 -4.51071
-2.28069 -4.81071
-2.2936 -5.11071
-2.3065 -5.41071
-2.3189 -5.71071
-2.32806 -6.01071
-2.33637 -6.31071
-2.34214 -6.61071
-2.3475 -6.91071
-2.35273 -7.21071
-2.35785 -7.51071
-2.36228 -7.81071
-2.36529 -8.11071
-2.36818 -8.41071
-2.37101 -8.71071
-2.37379 -9.01071
-2.37655 -9.31071
-2.37928 -9.61071
-2.38188 -9.91071
-2.38439 -10.2107
-2.38688 -10.5107
-2.38934 -10.8107
-2.39176 -11.1107
-2.39418 -11.4107
-2.3966 -11.7107
-2.399 -12.0107
-2.40139 -12.3107
-2.40378 -12.6107
-2.40616 -12.9107
-2.40851 -13.2107
-2.4107 -13.5107
-2.41275 -13.8107
-2.41478 -14.1107
-2.4168 -14.4107
-2.41879 -14.7107
-2.42075 -15.0107
-2.17278 -14.6607
-1.92862 -14.3107
-1.689 -13.9607
-1.45081 -13.6107
-1.2135 -13.2607
-0.978469 -12.9107
-0.746023 -12.5607
-0.51663 -12.2107
-0.28951 -11.8607
-0.0632018 -11.5107
0.159645 -11.1607
0.379863 -10.8107
0.595549 -10.4607
0.81019 -10.1107
1.02189 -9.76071
1.22824 -9.41071
1.41424 -9.06071
1.5152 -8.71071
1.53931 -8.36071
1.55135 -8.01071
1.56127 -7.66071
1.56807 -7.31071
1.57337 -6.96071
1.57778 -6.61071
1.58124 -6.26071
1.58442 -5.91071
1.58722 -5.56071
1.58993 -5.21071
1.59253 -4.86071
1.59505 -4.51071
1.5973 -4.16071
1.59936 -3.81071
1.60139 -3.46071
1.60319 -3.11071
1.60483 -2.76071
1.60645 -2.41071
1.60803 -2.06071
1.60957 -1.71071
1.61107 -1.36071
1.61257 -1.01071
1.61406 -0.660708
1.61546 -0.310708
1.61672 0.0392924
1.61794 0.389292
1.61915 0.739292
1.62033 1.08929
1.6215 1.43929
1.62255 1.78929
1.62353 2.13929
1.62451 2.48929
1.62548 2.83929
1.62644 3.18929
1.62738 3.53929
1.62832 3.88929
1.62925 4.23929
1.63018 4.58929
1.63112 4.93929
1.63204 5.28929
1.63295 5.63929
1.63386 5.98929
1.63477 6.33929
1.63567 6.68929
1.63658 7.03929
1.63748 7.38929
1.63835 7.73929
1.63916 8.08929
1.63996 8.43929
1.64076 8.78929
1.64156 9.13929
1.64236 9.48929
1.64315 9.83929
1.64392 10.1893
1.64468 10.5393
1.64544 10.8893
1.6462 11.2393
1.64695 11.5893
1.64771 11.9393
1.64847 12.2893
1.64921 12.6393
1.64991 12.9893
1.65059 13.3393
1.65128 13.6893
1.65196 14.0393
1.65265 14.3893
1.65333 14.7393
1.65401 15.0893
1.65469 15.4393
1.65536 15.7893
1.65604 16.1393
1.6567 16.4893
1.65737 16.8393
1.65804 17.1893
1.6587 17.5393
1.65937 17.8893
1.66004 18.2393
1.66071 18.5893
1.66137 18.9393
1.66204 19.2893
1.66271 19.6393
1.66337 19.9893
1.33802 19.5893
1.01271 19.1893
0.688078 18.7893
0.366298 18.3893
0.045693 17.9893
-0.274019 17.5893
-0.589967 17.1893
-0.905281 16.7893
-1.22059 16.3893
-1.53591 15.9893
-1.76786 15.5893
-1.83381 15.1893
-1.8801 14.7893
-1.90461 14.3893
-1.92692 13.9893
-1.94812 13.5893
-1.96841 13.1893
-1.98788 12.7893
-2.00695 12.3893
-2.02545 11.9893
-2.04346 11.5893
-2.06131 11.1893
-2.07891 10.7893
-2.09627 10.3893
-2.11331 9.98929
-2.13028 9.58929
-2.14715 9.18929
-2.16397 8.78929
-2.18059 8.38929
-2.19715 7.98929
-2.21359 7.58929
-2.22993 7.18929
-2.24625 6.78929
-2.26254 6.38929
-2.27881 5.98929
-2.29507 5.58929
-2.31133 5.18929
-2.32751 4.78929
-2.34369 4.38929
-2.35986 3.98929
-2.37587 3.58929
-2.39154 3.18929
-2.40686 2.78929
-2.42197 2.38929
-2.43556 1.98929
-2.44712 1.58929
-2.45307 1.18929
-2.45787 0.789292
-2.46244 0.389292
-2.46698 -0.0107076
-2.47147 -0.410708
-2.47578 -0.810708
-2.47868 -1.21071
-2.481 -1.61071
-2.48293 -2.01071
-2.48449 -2.41071
-2.48604 -2.81071
-2.48757 -3.21071
-2.4891 -3.61071
-2.49063 -4.01071
-2.49214 -4.41071
-2.49365 -4.81071
-2.49516 -5.21071
-2.49665 -5.61071
-2.49811 -6.01071
-2.49956 -6.41071
-2.50101 -6.81071
-2.50244 -7.21071
-2.50388 -7.61071
-2.5053 -8.01071
-2.50672 -8.41071
-2.5081 -8.81071
-2.50948 -9.21071
-2.51085 -9.61071
-2.51222 -10.0107
-2.51359 -10.4107
-2.51496 -10.8107
-2.51633 -11.2107
-2.5177 -11.6107
-2.51907 -12.0107
-2.52043 -12.4107
-2.5218 -12.8107
-2.52317 -13.2107
-2.52454 -13.6107
-2.52589 -14.0107
-2.52724 -14.4107
-2.52858 -14.8107
-2.52993 -15.2107
-2.53127 -15.6107
-2.53258 -16.0107
-2.5339 -16.4107
-2.53521 -16.8107
-2.53652 -17.2107
-2.53783 -17.6107
-2.53914 -18.0107
-2.54045 -18.4107
-2.54176 -18.8107
-2.54306 -19.2107
-2.54436 -19.6107
-2.54564 -20.0107
-2.28287 -19.5607
-2.02033 -19.1107
-1.75781 -18.6607
-1.49587 -18.2107
-1.2353 -17.7607
-0.975407 -17.3107
-0.717106 -16.8607
-0.458831 -16.4107
-0.200909 -15.9607
0.0555226 -15.5107
0.310969 -15.0607
0.564655 -14.6107
0.81795 -14.1607
1.07083 -13.7107
1.32159 -13.2607
1.5258 -12.8107
1.55946 -12.3607
1.58993 -11.9107
1.6154 -11.4607
1.63556 -11.0107
1.64977 -10.5607
1.65753 -10.1107
1.66273 -9.66071
1.66713 -9.21071
1.67076 -8.76071
1.67314 -8.31071
1.67514 -7.86071
1.67698 -7.41071
1.67867 -6.96071
1.68032 -6.51071
1.68177 -6.06071
1.68319 -5.61071
1.68458 -5.16071
1.68594 -4.71071
1.68727 -4.26071
1.68861 -3.81071
1.68992 -3.36071
1.69112 -2.91071
1.69228 -2.46071
1.69344 -2.01071
1.69457 -1.56071
1.69567 -1.11071
1.69668 -0.660708
1.69769 -0.210708
1.69869 0.239292
1.69969 0.689292
1.70067 1.13929
1.70164 1.58929
1.70262 2.03929
1.7036 2.48929
1.70458 2.93929
1.70554 3.38929
1.7065 3.83929
1.70746 4.28929
1.70842 4.73929
1.70938 5.18929
1.71032 5.63929
1.71121 6.08929
1.71211 6.53929
1.71301 6.98929
1.7139 7.43929
1.71479 7.88929
1.71567 8.33929
1.71654 8.78929
1.71741 9.23929
1.71828 9.68929
1.71915 10.1393
1.72002 10.5893
1.72087 11.0393
1.7217 11.4893
1.72252 11.9393
1.72335 12.3893
1.72417 12.8393
1.725 13.2893
1.72582 13.7393
1.72664 14.1893
1.72746 14.6393
1.72827 15.0893
1.72909 15.5393
1.7299 15.9893
1.73072 16.4393
1.73153 16.8893
1.73234 17.3393
1.73316 17.7893
1.73397 18.2393
1.73479 18.6893
1.7356 19.1393
1.73642 19.5893
1.73723 20.0393
1.73804 20.4893
1.73886 20.9393
1.73967 21.3893
1.74049 21.8393
1.7413 22.2893
1.74212 22.7393
1.74293 23.1893
1.74374 23.6393
1.74456 24.0893
1.74537 24.5393
1.74619 24.9893
1.36691 24.4893
0.988525 23.9893
0.611504 23.4893
0.234832 22.9893
-0.140763 22.4893
-0.514737 21.9893
-0.888551 21.4893
-1.26236 20.9893
-1.63618 20.4893
-1.89199 19.9893
-1.95691 19.4893
-2.0023 18.9893
-2.02728 18.4893
-2.05055 17.9893
-2.07311 17.4893
-2.09496 16.9893
-2.11645 16.4893
-2.1375 15.9893
-2.15822 15.4893
-2.17881 14.9893
-2.19916 14.4893
-2.21934 13.9893
-2.23937 13.4893
-2.25934 12.9893
-2.27927 12.4893
-2.29906 11.9893
-2.31881 11.4893
-2.33845 10.9893
-2.35805 10.4893
-2.37763 9.98929
-2.3972 9.48929
-2.41675 8.98929
-2.4363 8.48929
-2.45406 7.98929
-2.47043 7.48929
-2.48638 6.98929
-2.50075 6.48929
-2.5048 5.98929
-2.50875 5.48929
-2.5127 4.98929
-2.51653 4.48929
-2.52028 3.98929
-2.52402 3.48929
-2.52776 2.98929
-2.5315 2.48929
-2.53524 1.98929
-2.53863 1.48929
-2.54198 0.989292
-2.54534 0.489292
-2.54802 -0.0107076
-2.55053 -0.510708
-2.55304 -1.01071
-2.55555 -1.51071
-2.55807 -2.01071
-2.56058 -2.51071
-2.56296 -3.01071
-2.5649 -3.51071
-2.56684 -4.01071
-2.56878 -4.51071
-2.57071 -5.01071
-2.57261 -5.51071
-2.5745 -6.01071
-2.57639 -6.51071
-2.57828 -7.01071
-2.58017 -7.51071
-2.58205 -8.01071
-2.58393 -8.51071
-2.5858 -9.01071
-2.58768 -9.51071
-2.58955 -10.0107
-2.59142 -10.5107
-2.59328 -11.0107
-2.59515 -11.5107
-2.59702 -12.0107
-2.59888 -12.5107
-2.60074 -13.0107
-2.6026 -13.5107
-2.60446 -14.0107
-2.60631 -14.5107
-2.60817 -15.0107
-2.61002 -15.5107
-2.61187 -16.0107
-2.61372 -16.5107
-2.61557 -17.0107
-2.61743 -17.5107
-2.61928 -18.0107
-2.62112 -18.5107
-2.62297 -19.0107
-2.62482 -19.5107
-2.62666 -20.0107
-2.62851 -20.5107
-2.63035 -21.0107
-2.6322 -21.5107
-2.63405 -22.0107
-2.63589 -22.5107
-2.63773 -23.0107
-2.63958 -23.5107
-2.64142 -24.0107
-2.64326 -24.5107
-2.6451 -25.0107
