0.1 -3.28833e-017 0 -0.0634231
0.2 -8.22083e-018 0 -0.126846
0.3 -3.15132e-017 0 -0.190269
0.4 1.09611e-017 0 -0.253692
0.5 -3.69937e-017 0 -0.317116
0.6 -1.23312e-017 0 -0.380539
0.7 4.24743e-017 0 -0.443962
0.8 2.12371e-017 0 -0.507385
0.9 1.0276e-017 0 -0.570808
1 -4.65847e-017 0 -0.634231
2 -0.00768425 0 -0.653366
3 -0.00768425 0 -0.653366
4 -0.00768425 0 -0.653366
5 -0.00768425 0 -0.653366
6 -0.0303588 0 -0.757939
7 -0.0303588 0 -0.757939
8 -0.0303588 0 -0.757939
9 -0.0303588 0 -0.757939
10 -0.035591 0 -0.959146
11 -0.035591 0 -0.959146
12 -0.035591 0 -0.959146
13 -0.035591 0 -0.959146
14 3.89227e-017 0 -1.22955
15 2.61057e-017 0 -1.22955
16 2.91212e-017 0 -1.22955
17 -2.60842e-017 0 -1.22955
18 0.00358849 0 -1.25881
19 0.00358849 0 -1.25881
20 0.00358849 0 -1.25881
21 0.00358849 0 -1.25881
22 0.00394353 0 -1.25958
23 0.00394353 0 -1.25958
24 0.00394353 0 -1.25958
25 0.00394353 0 -1.25958
26 0.00578248 0 -1.26133
27 0.00578248 0 -1.26133
28 0.00578248 0 -1.26133
29 0.00578248 0 -1.26133
30 -2.09819e-016 0 -1.28993
31 -1.33082e-016 0 -1.28993
32 -1.18648e-016 0 -1.28993
33 -1.24571e-016 0 -1.28993
