0.1 -0.3 3.79693e-18 0 0 0
0.2 -0.6 2.99299e-17 0 0 0
0.3 -0.9 7.9645e-18 0 0 0
0.4 -1.2 5.98437e-17 0 0 0
0.5 -1.5 3.89193e-17 0 0 0
0.6 -1.8 1.3021e-16 0 0 0
0.7 -2.1 1.20392e-16 0 0 0
0.8 -2.4 1.59535e-16 0 0 0
0.9 -2.7 1.25152e-16 0 0 0
1 -3 2.40975e-16 0 0 0
1.1 -3.3 2.4123e-16 0 0 0
1.2 -3.6 2.5757e-16 0 0 0
1.3 -3.9 2.52749e-16 0 0 0
1.4 -4.2 2.50052e-16 0 0 0
1.5 -4.5 3.56144e-16 0 0 0
1.6 -4.8 3.67119e-16 0 0 0
1.7 -5.1 2.25958e-16 0 0 0
1.8 -5.4 6.41308e-16 0 0 0
1.9 -5.7 1.36408e-16 0 0 0
2 -6 1.60732e-16 0 0 0
2.1 -6.3 4.67438e-16 0 0 0
2.2 -6.6 5.83238e-16 0 0 0
2.3 -6.9 4.76689e-16 0 0 0
2.4 -7.2 4.61078e-16 0 0 0
2.5 -7.5 7.20453e-16 0 0 0
2.6 -7.8 5.26478e-16 0 0 0
2.7 -8.1 1.80557e-16 0 0 0
2.8 -8.4 1.09686e-15 0 0 0
2.9 -8.7 2.65503e-16 0 0 0
3 -9 9.19077e-16 0 0 0
3.1 -9.3 9.43521e-16 0 0 0
3.2 -9.6 5.6774e-16 0 0 0
3.3 -9.9 8.10682e-16 0 0 0
3.4 -10.2 2.39433e-16 0 0 0
3.5 -10.5 2.8838e-16 0 0 0
3.6 -10.8 9.06746e-16 0 0 0
3.7 -11.1 5.56469e-16 0 0 0
3.8 -11.4 1.09225e-15 0 0 0
3.9 -11.7 8.48286e-16 0 0 0
4 -12 3.19929e-16 0 0 0
4.1 -12.3 1.30771e-15 0 0 0
4.2 -12.6 2.17349e-16 0 0 0
4.3 -12.9 1.57582e-15 0 0 0
4.4 -13.2 1.64593e-15 0 0 0
4.5 -13.5 9.76077e-16 0 0 0
4.6 -13.8 9.5441e-16 0 0 0
4.7 -14.1 1.37305e-15 0 0 0
4.8 -14.4 5.11655e-16 0 0 0
4.9 -14.7 7.53245e-16 0 0 0
5 -15 5.52799e-16 0 0 0
5.1 -15.3 1.21118e-15 0 0 0
5.2 -15.6 9.95298e-16 0 0 0
5.3 -15.9 1.2223e-15 0 0 0
5.4 -16.2 1.56155e-15 0 0 0
5.5 -16.5 9.18949e-16 0 0 0
5.6 -16.8 1.33747e-15 0 0 0
5.7 -17.1 1.5457e-15 0 0 0
5.8 -17.4 1.5839e-15 0 0 0
5.9 -17.7 1.11426e-15 0 0 0
6 -18 2.21881e-15 0 0 0
6.1 -18.3 1.64951e-15 0 0 0
6.2 -18.6 2.46217e-15 0 0 0
6.3 -18.9 1.66406e-15 0 0 0
6.4 -19.2 1.37947e-15 0 0 0
6.5 -19.5 1.77896e-15 0 0 0
6.6 -19.8 8.33564e-16 0 0 0
6.7 -20.1 1.68272e-15 0 0 0
6.8 -20.4 1.39633e-15 0 0 0
6.9 -20.7 2.36637e-15 0 0 0
7 -21 1.39862e-15 0 0 0
7.1 -21.3 1.36226e-15 0 0 0
7.2 -21.6 1.67703e-15 0 0 0
7.3 -21.9 1.6357e-15 0 0 0
7.4 -22.2 1.04733e-15 0 0 0
7.5 -22.5 2.2229e-15 0 0 0
7.6 -22.8 4.91043e-16 0 0 0
7.7 -23.1 2.56888e-15 0 0 0
7.8 -23.4 1.33065e-15 0 0 0
7.9 -23.7 1.52889e-15 0 0 0
8 -24 8.18071e-16 0 0 0
8.1 -24.3 1.87343e-15 0 0 0
8.2 -24.6 5.05852e-16 0 0 0
8.3 -24.9 2.89442e-15 0 0 0
8.4 -25.2 2.88693e-15 0 0 0
8.5 -25.5 1.9777e-15 0 0 0
8.6 -25.8 8.91748e-16 0 0 0
8.7 -26.1 2.10311e-15 0 0 0
8.8 -26.4 2.89102e-15 0 0 0
8.9 -26.7 2.21968e-15 0 0 0
9 -27 3.29454e-15 0 0 0
9.1 -27.3 6.21126e-16 0 0 0
9.2 -27.6 2.27096e-15 0 0 0
9.3 -27.9 2.66905e-15 0 0 0
9.4 -28.2 4.45874e-16 0 0 0
9.5 -28.5 1.06201e-15 0 0 0
9.6 -28.8 3.48978e-15 0 0 0
9.7 -29.1 2.19515e-15 0 0 0
9.8 -29.4 2.1017e-15 0 0 0
9.9 -29.7 1.1056e-15 0 0 0
10 -30 1.99849e-15 0 0 0
10.1 -30.0444 0.0362887 0 0 0
10.2 -30.0889 0.0725775 0 0 0
10.3 -30.1333 0.108866 0 0 0
10.4 -30.1778 0.145155 0 0 0
10.5 -30.2222 0.181444 0 0 0
10.6 -30.2667 0.217732 0 0 0
10.7 -30.3111 0.254021 0 0 0
10.8 -30.3556 0.29031 0 0 0
10.9 -30.4 0.326599 0 0 0
11 -30.4444 0.362887 0 0 0
11.1 -30.4889 0.399176 0 0 0
11.2 -30.5333 0.435465 0 0 0
11.3 -30.5778 0.471754 0 0 0
11.4 -30.6222 0.508042 0 0 0
11.5 -30.6667 0.544331 0 0 0
11.6 -30.7111 0.58062 0 0 0
11.7 -30.7556 0.616909 0 0 0
11.8 -30.8 0.653197 0 0 0
11.9 -30.8444 0.689486 0 0 0
12 -30.8889 0.725775 0 0 0
12.1 -30.9333 0.762063 0 0 0
12.2 -30.9778 0.798352 0 0 0
12.3 -31.0222 0.834641 0 0 0
12.4 -31.0667 0.87093 0 0 0
12.5 -31.1111 0.907218 0 0 0
12.6 -31.1556 0.943507 0 0 0
12.7 -31.2 0.979796 0 0 0
12.8 -31.2444 1.01608 0 0 0
12.9 -31.2889 1.05237 0 0 0
13 -31.3333 1.08866 0 0 0
13.1 -31.3778 1.12495 0 0 0
13.2 -31.4222 1.16124 0 0 0
13.3 -31.4667 1.19753 0 0 0
13.4 -31.5111 1.23382 0 0 0
13.5 -31.5556 1.27011 0 0 0
13.6 -31.6 1.30639 0 0 0
13.7 -31.6444 1.34268 0 0 0
13.8 -31.6889 1.37897 0 0 0
13.9 -31.7333 1.41526 0 0 0
14 -31.7778 1.45155 0 0 0
14.1 -31.8222 1.48784 0 0 0
14.2 -31.8667 1.52413 0 0 0
14.3 -31.9111 1.56042 0 0 0
14.4 -31.9556 1.5967 0 0 0
14.5 -32 1.63299 0 0 0
14.6 -32.0444 1.66928 0 0 0
14.7 -32.0889 1.70557 0 0 0
14.8 -32.1333 1.74186 0 0 0
14.9 -32.1778 1.77815 0 0 0
15 -32.2222 1.81444 0 0 0
15.1 -32.2667 1.85073 0 0 0
15.2 -32.3111 1.88701 0 0 0
15.3 -32.3556 1.9233 0 0 0
15.4 -32.4 1.95959 0 0 0
15.5 -32.4444 1.99588 0 0 0
15.6 -32.4889 2.03217 0 0 0
15.7 -32.5333 2.06846 0 0 0
15.8 -32.5778 2.10475 0 0 0
15.9 -32.6222 2.14104 0 0 0
16 -32.6667 2.17732 0 0 0
16.1 -32.7111 2.21361 0 0 0
16.2 -32.7556 2.2499 0 0 0
16.3 -32.8 2.28619 0 0 0
16.4 -32.8444 2.32248 0 0 0
16.5 -32.8889 2.35877 0 0 0
16.6 -32.9333 2.39506 0 0 0
16.7 -32.9778 2.43135 0 0 0
16.8 -33.0222 2.46763 0 0 0
16.9 -33.0667 2.50392 0 0 0
17 -33.1111 2.54021 0 0 0
17.1 -33.1556 2.5765 0 0 0
17.2 -33.2 2.61279 0 0 0
17.3 -33.2444 2.64908 0 0 0
17.4 -33.2889 2.68537 0 0 0
17.5 -33.3333 2.72166 0 0 0
17.6 -33.3778 2.75794 0 0 0
17.7 -33.4222 2.79423 0 0 0
17.8 -33.4667 2.83052 0 0 0
17.9 -33.5111 2.86681 0 0 0
18 -33.5556 2.9031 0 0 0
18.1 -33.6 2.93939 0 0 0
18.2 -33.6444 2.97568 0 0 0
18.3 -33.6889 3.01197 0 0 0
18.4 -33.7333 3.04825 0 0 0
18.5 -33.7778 3.08454 0 0 0
18.6 -33.8222 3.12083 0 0 0
18.7 -33.8667 3.15712 0 0 0
18.8 -33.9111 3.19341 0 0 0
18.9 -33.9556 3.2297 0 0 0
19 -34 3.26599 0 0 0
19.1 -34.0444 3.30228 0 0 0
19.2 -34.0889 3.33856 0 0 0
19.3 -34.1333 3.37485 0 0 0
19.4 -34.1778 3.41114 0 0 0
19.5 -34.2222 3.44743 0 0 0
19.6 -34.2667 3.48372 0 0 0
19.7 -34.3111 3.52001 0 0 0
19.8 -34.3556 3.5563 0 0 0
19.9 -34.4 3.59258 0 0 0
20 -34.4444 3.62887 0 0 0
20.1 -34.4889 3.66516 0 0 0
20.2 -34.5333 3.70145 0 0 0
20.3 -34.5778 3.73774 0 0 0
20.4 -34.6222 3.77403 0 0 0
20.5 -34.6667 3.81032 0 0 0
20.6 -34.7111 3.84661 0 0 0
20.7 -34.7556 3.88289 0 0 0
20.8 -34.8 3.91918 0 0 0
20.9 -34.8444 3.95547 0 0 0
21 -34.8889 3.99176 0 0 0
21.1 -34.9333 4.02805 0 0 0
21.2 -34.9778 4.06434 0 0 0
21.3 -35.0222 4.10063 0 0 0
21.4 -35.0667 4.13692 0 0 0
21.5 -35.1111 4.1732 0 0 0
21.6 -35.1556 4.20949 0 0 0
21.7 -35.2 4.24578 0 0 0
21.8 -35.2444 4.28207 0 0 0
21.9 -35.2889 4.31836 0 0 0
22 -35.3333 4.35465 0 0 0
22.1 -35.3778 4.39094 0 0 0
22.2 -35.4222 4.42723 0 0 0
22.3 -35.4667 4.46351 0 0 0
22.4 -35.5111 4.4998 0 0 0
22.5 -35.5556 4.53609 0 0 0
22.6 -35.6 4.57238 0 0 0
22.7 -35.6444 4.60867 0 0 0
22.8 -35.6889 4.64496 0 0 0
22.9 -35.7333 4.68125 0 0 0
23 -35.7778 4.71754 0 0 0
23.1 -35.8222 4.75382 0 0 0
23.2 -35.8667 4.79011 0 0 0
23.3 -35.9111 4.8264 0 0 0
23.4 -35.9556 4.86269 0 0 0
23.5 -36 4.89898 0 0 0
23.6 -36.0444 4.93527 0 0 0
23.7 -36.0889 4.97156 0 0 0
23.8 -36.1333 5.00785 0 0 0
23.9 -36.1778 5.04413 0 0 0
24 -36.2222 5.08042 0 0 0
24.1 -36.2667 5.11671 0 0 0
24.2 -36.3111 5.153 0 0 0
24.3 -36.3556 5.18929 0 0 0
24.4 -36.4 5.22558 0 0 0
24.5 -36.4444 5.26187 0 0 0
24.6 -36.4889 5.29816 0 0 0
24.7 -36.5333 5.33444 0 0 0
24.8 -36.5778 5.37073 0 0 0
24.9 -36.6222 5.40702 0 0 0
25 -36.6667 5.44331 0 0 0
25.1 -36.7111 5.4796 0 0 0
25.2 -36.7556 5.51589 0 0 0
25.3 -36.8 5.55218 0 0 0
25.4 -36.8444 5.58847 0 0 0
25.5 -36.8889 5.62475 0 0 0
25.6 -36.9333 5.66104 0 0 0
25.7 -36.9778 5.69733 0 0 0
25.8 -37.0222 5.73362 0 0 0
25.9 -37.0667 5.76991 0 0 0
26 -37.1111 5.8062 0 0 0
26.1 -37.1556 5.84249 0 0 0
26.2 -37.2 5.87878 0 0 0
26.3 -37.2444 5.91506 0 0 0
26.4 -37.2889 5.95135 0 0 0
26.5 -37.3333 5.98764 0 0 0
26.6 -37.3778 6.02393 0 0 0
26.7 -37.4222 6.06022 0 0 0
26.8 -37.4667 6.09651 0 0 0
26.9 -37.5111 6.1328 0 0 0
27 -37.5556 6.16909 0 0 0
27.1 -37.6 6.20537 0 0 0
27.2 -37.6444 6.24166 0 0 0
27.3 -37.6889 6.27795 0 0 0
27.4 -37.7333 6.31424 0 0 0
27.5 -37.7778 6.35053 0 0 0
27.6 -37.8222 6.38682 0 0 0
27.7 -37.8667 6.42311 0 0 0
27.8 -37.9111 6.4594 0 0 0
27.9 -37.9556 6.49568 0 0 0
28 -38 6.53197 0 0 0
28.1 -38.0444 6.56826 0 0 0
28.2 -38.0889 6.60455 0 0 0
28.3 -38.1333 6.64084 0 0 0
28.4 -38.1778 6.67713 0 0 0
28.5 -38.2222 6.71342 0 0 0
28.6 -38.2667 6.74971 0 0 0
28.7 -38.3111 6.78599 0 0 0
28.8 -38.3556 6.82228 0 0 0
28.9 -38.4 6.85857 0 0 0
29 -38.4444 6.89486 0 0 0
29.1 -38.4889 6.93115 0 0 0
29.2 -38.5333 6.96744 0 0 0
29.3 -38.5778 7.00373 0 0 0
29.4 -38.6222 7.04001 0 0 0
29.5 -38.6667 7.0763 0 0 0
29.6 -38.7111 7.11259 0 0 0
29.7 -38.7556 7.14888 0 0 0
29.8 -38.8 7.18517 0 0 0
29.9 -38.8444 7.22146 0 0 0
30 -38.8889 7.25775 0 0 0
30.1 -38.9333 7.29404 0 0 0
30.2 -38.9778 7.33032 0 0 0
30.3 -39.0222 7.36661 0 0 0
30.4 -39.0667 7.4029 0 0 0
30.5 -39.1111 7.43919 0 0 0
30.6 -39.1556 7.47548 0 0 0
30.7 -39.2 7.51177 0 0 0
30.8 -39.2444 7.54806 0 0 0
30.9 -39.2889 7.58435 0 0 0
31 -39.3333 7.62063 0 0 0
31.1 -39.3778 7.65692 0 0 0
31.2 -39.4222 7.69321 0 0 0
31.3 -39.4667 7.7295 0 0 0
31.4 -39.5111 7.76579 0 0 0
31.5 -39.5556 7.80208 0 0 0
31.6 -39.6 7.83837 0 0 0
31.7 -39.6444 7.87466 0 0 0
31.8 -39.6889 7.91094 0 0 0
31.9 -39.7333 7.94723 0 0 0
32 -39.7778 7.98352 0 0 0
32.1 -39.8222 8.01981 0 0 0
32.2 -39.8667 8.0561 0 0 0
32.3 -39.9111 8.09239 0 0 0
32.4 -39.9556 8.12868 0 0 0
32.5 -40 8.16497 0 0 0
32.6 -40.0444 8.20125 0 0 0
32.7 -40.0889 8.23754 0 0 0
32.8 -40.1333 8.27383 0 0 0
32.9 -40.1778 8.31012 0 0 0
33 -40.2222 8.34641 0 0 0
33.1 -40.2667 8.3827 0 0 0
33.2 -40.3111 8.41899 0 0 0
33.3 -40.3556 8.45528 0 0 0
33.4 -40.4 8.49156 0 0 0
33.5 -40.4444 8.52785 0 0 0
33.6 -40.4889 8.56414 0 0 0
33.7 -40.5333 8.60043 0 0 0
33.8 -40.5778 8.63672 0 0 0
33.9 -40.6222 8.67301 0 0 0
34 -40.6667 8.7093 0 0 0
34.1 -40.7111 8.74559 0 0 0
34.2 -40.7556 8.78187 0 0 0
34.3 -40.8 8.81816 0 0 0
34.4 -40.8444 8.85445 0 0 0
34.5 -40.8889 8.89074 0 0 0
34.6 -40.9333 8.92703 0 0 0
34.7 -40.9778 8.96332 0 0 0
34.8 -41.0222 8.99961 0 0 0
34.9 -41.0667 9.0359 0 0 0
35 -41.1111 9.07218 0 0 0
35.1 -41.1556 9.10847 0 0 0
35.2 -41.2 9.14476 0 0 0
35.3 -41.2444 9.18105 0 0 0
35.4 -41.2889 9.21734 0 0 0
35.5 -41.3333 9.25363 0 0 0
35.6 -41.3778 9.28992 0 0 0
35.7 -41.4222 9.32621 0 0 0
35.8 -41.4667 9.36249 0 0 0
35.9 -41.5111 9.39878 0 0 0
36 -41.5556 9.43507 0 0 0
36.1 -41.6 9.47136 0 0 0
36.2 -41.6444 9.50765 0 0 0
36.3 -41.6889 9.54394 0 0 0
36.4 -41.7333 9.58023 0 0 0
36.5 -41.7778 9.61652 0 0 0
36.6 -41.8222 9.6528 0 0 0
36.7 -41.8667 9.68909 0 0 0
36.8 -41.9111 9.72538 0 0 0
36.9 -41.9556 9.76167 0 0 0
37 -42 9.79796 0 0 0
37.1 -42.0444 9.83425 0 0 0
37.2 -42.0889 9.87054 0 0 0
37.3 -42.1333 9.90683 0 0 0
37.4 -42.1778 9.94311 0 0 0
37.5 -42.2222 9.9794 0 0 0
37.6 -42.2667 10.0157 0 0 0
37.7 -42.3111 10.052 0 0 0
37.8 -42.3556 10.0883 0 0 0
37.9 -42.4 10.1246 0 0 0
38 -42.4444 10.1608 0 0 0
38.1 -42.4889 10.1971 0 0 0
38.2 -42.5333 10.2334 0 0 0
38.3 -42.5778 10.2697 0 0 0
38.4 -42.6222 10.306 0 0 0
38.5 -42.6667 10.3423 0 0 0
38.6 -42.7111 10.3786 0 0 0
38.7 -42.7556 10.4149 0 0 0
38.8 -42.8 10.4512 0 0 0
38.9 -42.8444 10.4874 0 0 0
39 -42.8889 10.5237 0 0 0
39.1 -42.9333 10.56 0 0 0
39.2 -42.9778 10.5963 0 0 0
39.3 -43.0222 10.6326 0 0 0
39.4 -43.0667 10.6689 0 0 0
39.5 -43.1111 10.7052 0 0 0
39.6 -43.1556 10.7415 0 0 0
39.7 -43.2 10.7778 0 0 0
39.8 -43.2444 10.814 0 0 0
39.9 -43.2889 10.8503 0 0 0
40 -43.3333 10.8866 0 0 0
40.1 -43.3778 10.9229 0 0 0
40.2 -43.4222 10.9592 0 0 0
40.3 -43.4667 10.9955 0 0 0
40.4 -43.5111 11.0318 0 0 0
40.5 -43.5556 11.0681 0 0 0
40.6 -43.6 11.1044 0 0 0
40.7 -43.6444 11.1406 0 0 0
40.8 -43.6889 11.1769 0 0 0
40.9 -43.7333 11.2132 0 0 0
41 -43.7778 11.2495 0 0 0
41.1 -43.8222 11.2858 0 0 0
41.2 -43.8667 11.3221 0 0 0
41.3 -43.9111 11.3584 0 0 0
41.4 -43.9556 11.3947 0 0 0
41.5 -44 11.431 0 0 0
41.6 -44.0444 11.4672 0 0 0
41.7 -44.0889 11.5035 0 0 0
41.8 -44.1333 11.5398 0 0 0
41.9 -44.1778 11.5761 0 0 0
42 -44.2222 11.6124 0 0 0
42.1 -44.2667 11.6487 0 0 0
42.2 -44.3111 11.685 0 0 0
42.3 -44.3556 11.7213 0 0 0
42.4 -44.4 11.7576 0 0 0
42.5 -44.4444 11.7938 0 0 0
42.6 -44.4889 11.8301 0 0 0
42.7 -44.5333 11.8664 0 0 0
42.8 -44.5778 11.9027 0 0 0
42.9 -44.6222 11.939 0 0 0
43 -44.6667 11.9753 0 0 0
43.1 -44.7111 12.0116 0 0 0
43.2 -44.7556 12.0479 0 0 0
43.3 -44.8 12.0841 0 0 0
43.4 -44.8444 12.1204 0 0 0
43.5 -44.8889 12.1567 0 0 0
43.6 -44.9333 12.193 0 0 0
43.7 -44.9778 12.2293 0 0 0
43.8 -45.0222 12.2656 0 0 0
43.9 -45.0667 12.3019 0 0 0
44 -45.1111 12.3382 0 0 0
44.1 -45.1556 12.3745 0 0 0
44.2 -45.2 12.4107 0 0 0
44.3 -45.2444 12.447 0 0 0
44.4 -45.2889 12.4833 0 0 0
44.5 -45.3333 12.5196 0 0 0
44.6 -45.3778 12.5559 0 0 0
44.7 -45.4222 12.5922 0 0 0
44.8 -45.4667 12.6285 0 0 0
44.9 -45.5111 12.6648 0 0 0
45 -45.5556 12.7011 0 0 0
45.1 -45.6 12.7373 0 0 0
45.2 -45.6444 12.7736 0 0 0
45.3 -45.6889 12.8099 0 0 0
45.4 -45.7333 12.8462 0 0 0
45.5 -45.7778 12.8825 0 0 0
45.6 -45.8222 12.9188 0 0 0
45.7 -45.8667 12.9551 0 0 0
45.8 -45.9111 12.9914 0 0 0
45.9 -45.9556 13.0277 0 0 0
46 -46 13.0639 0 0 0
46.1 -46.0444 13.1002 0 0 0
46.2 -46.0889 13.1365 0 0 0
46.3 -46.1333 13.1728 0 0 0
46.4 -46.1778 13.2091 0 0 0
46.5 -46.2222 13.2454 0 0 0
46.6 -46.2667 13.2817 0 0 0
46.7 -46.3111 13.318 0 0 0
46.8 -46.3556 13.3543 0 0 0
46.9 -46.4 13.3905 0 0 0
47 -46.4444 13.4268 0 0 0
47.1 -46.4889 13.4631 0 0 0
47.2 -46.5333 13.4994 0 0 0
47.3 -46.5778 13.5357 0 0 0
47.4 -46.6222 13.572 0 0 0
47.5 -46.6667 13.6083 0 0 0
47.6 -46.7111 13.6446 0 0 0
47.7 -46.7556 13.6809 0 0 0
47.8 -46.8 13.7171 0 0 0
47.9 -46.8444 13.7534 0 0 0
48 -46.8889 13.7897 0 0 0
48.1 -46.9333 13.826 0 0 0
48.2 -46.9778 13.8623 0 0 0
48.3 -47.0222 13.8986 0 0 0
48.4 -47.0667 13.9349 0 0 0
48.5 -47.1111 13.9712 0 0 0
48.6 -47.1556 14.0075 0 0 0
48.7 -47.2 14.0437 0 0 0
48.8 -47.2444 14.08 0 0 0
48.9 -47.2889 14.1163 0 0 0
49 -47.3333 14.1526 0 0 0
49.1 -47.3778 14.1889 0 0 0
49.2 -47.4222 14.2252 0 0 0
49.3 -47.4667 14.2615 0 0 0
49.4 -47.5111 14.2978 0 0 0
49.5 -47.5556 14.3341 0 0 0
49.6 -47.6 14.3703 0 0 0
49.7 -47.6444 14.4066 0 0 0
49.8 -47.6889 14.4429 0 0 0
49.9 -47.7333 14.4792 0 0 0
50 -47.7778 14.5155 0 0 0
50.1 -47.8222 14.5518 0 0 0
50.2 -47.8667 14.5881 0 0 0
50.3 -47.9111 14.6244 0 0 0
50.4 -47.9556 14.6606 0 0 0
50.5 -48 14.6969 0 0 0
50.6 -48.0444 14.7332 0 0 0
50.7 -48.0889 14.7695 0 0 0
50.8 -48.1333 14.8058 0 0 0
50.9 -48.1778 14.8421 0 0 0
51 -48.2222 14.8784 0 0 0
51.1 -48.2667 14.9147 0 0 0
51.2 -48.3111 14.951 0 0 0
51.3 -48.3556 14.9872 0 0 0
51.4 -48.4 15.0235 0 0 0
51.5 -48.4444 15.0598 0 0 0
51.6 -48.4889 15.0961 0 0 0
51.7 -48.5333 15.1324 0 0 0
51.8 -48.5778 15.1687 0 0 0
51.9 -48.6222 15.205 0 0 0
52 -48.6667 15.2413 0 0 0
52.1 -48.7111 15.2776 0 0 0
52.2 -48.7556 15.3138 0 0 0
52.3 -48.8 15.3501 0 0 0
52.4 -48.8444 15.3864 0 0 0
52.5 -48.8889 15.4227 0 0 0
52.6 -48.9333 15.459 0 0 0
52.7 -48.9778 15.4953 0 0 0
52.8 -49.0222 15.5316 0 0 0
52.9 -49.0667 15.5679 0 0 0
53 -49.1111 15.6042 0 0 0
53.1 -49.1556 15.6404 0 0 0
53.2 -49.2 15.6767 0 0 0
53.3 -49.2444 15.713 0 0 0
53.4 -49.2889 15.7493 0 0 0
53.5 -49.3333 15.7856 0 0 0
53.6 -49.3778 15.8219 0 0 0
53.7 -49.4222 15.8582 0 0 0
53.8 -49.4667 15.8945 0 0 0
53.9 -49.5111 15.9308 0 0 0
54 -49.5556 15.967 0 0 0
54.1 -49.6 16.0033 0 0 0
54.2 -49.6444 16.0396 0 0 0
54.3 -49.6889 16.0759 0 0 0
54.4 -49.7333 16.1122 0 0 0
54.5 -49.7778 16.1485 0 0 0
54.6 -49.8222 16.1848 0 0 0
54.7 -49.8667 16.2211 0 0 0
54.8 -49.9111 16.2574 0 0 0
54.9 -49.9556 16.2936 0 0 0
55 -50 16.3299 0 0 0
55.1 -50.0444 16.3662 0 0 0
55.2 -50.0889 16.4025 0 0 0
55.3 -50.1333 16.4388 0 0 0
55.4 -50.1778 16.4751 0 0 0
55.5 -50.2222 16.5114 0 0 0
55.6 -50.2667 16.5477 0 0 0
55.7 -50.3111 16.584 0 0 0
55.8 -50.3556 16.6202 0 0 0
55.9 -50.4 16.6565 0 0 0
56 -50.4444 16.6928 0 0 0
56.1 -50.4889 16.7291 0 0 0
56.2 -50.5333 16.7654 0 0 0
56.3 -50.5778 16.8017 0 0 0
56.4 -50.6222 16.838 0 0 0
56.5 -50.6667 16.8743 0 0 0
56.6 -50.7111 16.9106 0 0 0
56.7 -50.7556 16.9468 0 0 0
56.8 -50.8 16.9831 0 0 0
56.9 -50.8444 17.0194 0 0 0
57 -50.8889 17.0557 0 0 0
57.1 -50.9333 17.092 0 0 0
57.2 -50.9778 17.1283 0 0 0
57.3 -51.0222 17.1646 0 0 0
57.4 -51.0667 17.2009 0 0 0
57.5 -51.1111 17.2372 0 0 0
57.6 -51.1556 17.2734 0 0 0
57.7 -51.2 17.3097 0 0 0
57.8 -51.2444 17.346 0 0 0
57.9 -51.2889 17.3823 0 0 0
58 -51.3333 17.4186 0 0 0
58.1 -51.3778 17.4549 0 0 0
58.2 -51.4222 17.4912 0 0 0
58.3 -51.4667 17.5275 0 0 0
58.4 -51.5111 17.5637 0 0 0
58.5 -51.5556 17.6 0 0 0
58.6 -51.6 17.6363 0 0 0
58.7 -51.6444 17.6726 0 0 0
58.8 -51.6889 17.7089 0 0 0
58.9 -51.7333 17.7452 0 0 0
59 -51.7778 17.7815 0 0 0
59.1 -51.8222 17.8178 0 0 0
59.2 -51.8667 17.8541 0 0 0
59.3 -51.9111 17.8903 0 0 0
59.4 -51.9556 17.9266 0 0 0
59.5 -52 17.9629 0 0 0
59.6 -52.0444 17.9992 0 0 0
59.7 -52.0889 18.0355 0 0 0
59.8 -52.1333 18.0718 0 0 0
59.9 -52.1778 18.1081 0 0 0
60 -52.2222 18.1444 0 0 0
60.1 -52.2667 18.1807 0 0 0
60.2 -52.3111 18.2169 0 0 0
60.3 -52.3556 18.2532 0 0 0
60.4 -52.4 18.2895 0 0 0
60.5 -52.4444 18.3258 0 0 0
60.6 -52.4889 18.3621 0 0 0
60.7 -52.5333 18.3984 0 0 0
60.8 -52.5778 18.4347 0 0 0
60.9 -52.6222 18.471 0 0 0
61 -52.6667 18.5073 0 0 0
61.1 -52.7111 18.5435 0 0 0
61.2 -52.7556 18.5798 0 0 0
61.3 -52.8 18.6161 0 0 0
61.4 -52.8444 18.6524 0 0 0
61.5 -52.8889 18.6887 0 0 0
61.6 -52.9333 18.725 0 0 0
61.7 -52.9778 18.7613 0 0 0
61.8 -53.0222 18.7976 0 0 0
61.9 -53.0667 18.8339 0 0 0
62 -53.1111 18.8701 0 0 0
62.1 -53.1556 18.9064 0 0 0
62.2 -53.2 18.9427 0 0 0
62.3 -53.2444 18.979 0 0 0
62.4 -53.2889 19.0153 0 0 0
62.5 -53.3333 19.0516 0 0 0
62.6 -53.3778 19.0879 0 0 0
62.7 -53.4222 19.1242 0 0 0
62.8 -53.4667 19.1605 0 0 0
62.9 -53.5111 19.1967 0 0 0
63 -53.5556 19.233 0 0 0
63.1 -53.6 19.2693 0 0 0
63.2 -53.6444 19.3056 0 0 0
63.3 -53.6889 19.3419 0 0 0
63.4 -53.7333 19.3782 0 0 0
63.5 -53.7778 19.4145 0 0 0
63.6 -53.8222 19.4508 0 0 0
63.7 -53.8667 19.4871 0 0 0
63.8 -53.9111 19.5233 0 0 0
63.9 -53.9556 19.5596 0 0 0
64 -54 19.5959 0 0 0
64.1 -54.0444 19.6322 0 0 0
64.2 -54.0889 19.6685 0 0 0
64.3 -54.1333 19.7048 0 0 0
64.4 -54.1778 19.7411 0 0 0
64.5 -54.2222 19.7774 0 0 0
64.6 -54.2667 19.8137 0 0 0
64.7 -54.3111 19.8499 0 0 0
64.8 -54.3556 19.8862 0 0 0
64.9 -54.4 19.9225 0 0 0
65 -54.4444 19.9588 0 0 0
65.1 -54.4889 19.9951 0 0 0
65.2 -54.5333 20.0314 0 0 0
65.3 -54.5778 20.0677 0 0 0
65.4 -54.6222 20.104 0 0 0
65.5 -54.6667 20.1402 0 0 0
65.6 -54.7111 20.1765 0 0 0
65.7 -54.7556 20.2128 0 0 0
65.8 -54.8 20.2491 0 0 0
65.9 -54.8444 20.2854 0 0 0
66 -54.8889 20.3217 0 0 0
66.1 -54.9333 20.358 0 0 0
66.2 -54.9778 20.3943 0 0 0
66.3 -55.0222 20.4306 0 0 0
66.4 -55.0667 20.4668 0 0 0
66.5 -55.1111 20.5031 0 0 0
66.6 -55.1556 20.5394 0 0 0
66.7 -55.2 20.5757 0 0 0
66.8 -55.2444 20.612 0 0 0
66.9 -55.2889 20.6483 0 0 0
67 -55.3333 20.6846 0 0 0
67.1 -55.3778 20.7209 0 0 0
67.2 -55.4222 20.7572 0 0 0
67.3 -55.4667 20.7934 0 0 0
67.4 -55.5111 20.8297 0 0 0
67.5 -55.5556 20.866 0 0 0
67.6 -55.6 20.9023 0 0 0
67.7 -55.6444 20.9386 0 0 0
67.8 -55.6889 20.9749 0 0 0
67.9 -55.7333 21.0112 0 0 0
68 -55.7778 21.0475 0 0 0
68.1 -55.8222 21.0838 0 0 0
68.2 -55.8667 21.12 0 0 0
68.3 -55.9111 21.1563 0 0 0
68.4 -55.9556 21.1926 0 0 0
68.5 -56 21.2289 0 0 0
68.6 -56.0444 21.2652 0 0 0
68.7 -56.0889 21.3015 0 0 0
68.8 -56.1333 21.3378 0 0 0
68.9 -56.1778 21.3741 0 0 0
69 -56.2222 21.4104 0 0 0
69.1 -56.2667 21.4466 0 0 0
69.2 -56.3111 21.4829 0 0 0
69.3 -56.3556 21.5192 0 0 0
69.4 -56.4 21.5555 0 0 0
69.5 -56.4444 21.5918 0 0 0
69.6 -56.4889 21.6281 0 0 0
69.7 -56.5333 21.6644 0 0 0
69.8 -56.5778 21.7007 0 0 0
69.9 -56.6222 21.737 0 0 0
70 -56.6667 21.7732 0 0 0
70.1 -56.7111 21.8095 0 0 0
70.2 -56.7556 21.8458 0 0 0
70.3 -56.8 21.8821 0 0 0
70.4 -56.8444 21.9184 0 0 0
70.5 -56.8889 21.9547 0 0 0
70.6 -56.9333 21.991 0 0 0
70.7 -56.9778 22.0273 0 0 0
70.8 -57.0222 22.0636 0 0 0
70.9 -57.0667 22.0998 0 0 0
71 -57.1111 22.1361 0 0 0
71.1 -57.1556 22.1724 0 0 0
71.2 -57.2 22.2087 0 0 0
71.3 -57.2444 22.245 0 0 0
71.4 -57.2889 22.2813 0 0 0
71.5 -57.3333 22.3176 0 0 0
71.6 -57.3778 22.3539 0 0 0
71.7 -57.4222 22.3902 0 0 0
71.8 -57.4667 22.4264 0 0 0
71.9 -57.5111 22.4627 0 0 0
72 -57.5556 22.499 0 0 0
72.1 -57.6 22.5353 0 0 0
72.2 -57.6444 22.5716 0 0 0
72.3 -57.6889 22.6079 0 0 0
72.4 -57.7333 22.6442 0 0 0
72.5 -57.7778 22.6805 0 0 0
72.6 -57.8222 22.7167 0 0 0
72.7 -57.8667 22.753 0 0 0
72.8 -57.9111 22.7893 0 0 0
72.9 -57.9556 22.8256 0 0 0
73 -58 22.8619 0 0 0
73.1 -58.0444 22.8982 0 0 0
73.2 -58.0889 22.9345 0 0 0
73.3 -58.1333 22.9708 0 0 0
73.4 -58.1778 23.0071 0 0 0
73.5 -58.2222 23.0433 0 0 0
73.6 -58.2667 23.0796 0 0 0
73.7 -58.3111 23.1159 0 0 0
73.8 -58.3556 23.1522 0 0 0
73.9 -58.4 23.1885 0 0 0
74 -58.4444 23.2248 0 0 0
74.1 -58.4889 23.2611 0 0 0
74.2 -58.5333 23.2974 0 0 0
74.3 -58.5778 23.3337 0 0 0
74.4 -58.6222 23.3699 0 0 0
74.5 -58.6667 23.4062 0 0 0
74.6 -58.7111 23.4425 0 0 0
74.7 -58.7556 23.4788 0 0 0
74.8 -58.8 23.5151 0 0 0
74.9 -58.8444 23.5514 0 0 0
75 -58.8889 23.5877 0 0 0
75.1 -58.9333 23.624 0 0 0
75.2 -58.9778 23.6603 0 0 0
75.3 -59.0222 23.6965 0 0 0
75.4 -59.0667 23.7328 0 0 0
75.5 -59.1111 23.7691 0 0 0
75.6 -59.1556 23.8054 0 0 0
75.7 -59.2 23.8417 0 0 0
75.8 -59.2444 23.878 0 0 0
75.9 -59.2889 23.9143 0 0 0
76 -59.3333 23.9506 0 0 0
76.1 -59.3778 23.9869 0 0 0
76.2 -59.4222 24.0231 0 0 0
76.3 -59.4667 24.0594 0 0 0
76.4 -59.5111 24.0957 0 0 0
76.5 -59.5556 24.132 0 0 0
76.6 -59.6 24.1683 0 0 0
76.7 -59.6444 24.2046 0 0 0
76.8 -59.6889 24.2409 0 0 0
76.9 -59.7333 24.2772 0 0 0
77 -59.7778 24.3135 0 0 0
77.1 -59.8222 24.3497 0 0 0
77.2 -59.8667 24.386 0 0 0
77.3 -59.9111 24.4223 0 0 0
77.4 -59.9556 24.4586 0 0 0
77.5 -60 24.4949 0 0 0
77.6 -60.0444 24.5312 0 0 0
77.7 -60.0889 24.5675 0 0 0
77.8 -60.1333 24.6038 0 0 0
77.9 -60.1778 24.6401 0 0 0
78 -60.2222 24.6763 0 0 0
78.1 -60.2667 24.7126 0 0 0
78.2 -60.3111 24.7489 0 0 0
78.3 -60.3556 24.7852 0 0 0
78.4 -60.4 24.8215 0 0 0
78.5 -60.4444 24.8578 0 0 0
78.6 -60.4889 24.8941 0 0 0
78.7 -60.5333 24.9304 0 0 0
78.8 -60.5778 24.9667 0 0 0
78.9 -60.6222 25.0029 0 0 0
79 -60.6667 25.0392 0 0 0
79.1 -60.7111 25.0755 0 0 0
79.2 -60.7556 25.1118 0 0 0
79.3 -60.8 25.1481 0 0 0
79.4 -60.8444 25.1844 0 0 0
79.5 -60.8889 25.2207 0 0 0
79.6 -60.9333 25.257 0 0 0
79.7 -60.9778 25.2932 0 0 0
79.8 -61.0222 25.3295 0 0 0
79.9 -61.0667 25.3658 0 0 0
80 -61.1111 25.4021 0 0 0
80.1 -61.1556 25.4384 0 0 0
80.2 -61.2 25.4747 0 0 0
80.3 -61.2444 25.511 0 0 0
80.4 -61.2889 25.5473 0 0 0
80.5 -61.3333 25.5836 0 0 0
80.6 -61.3778 25.6198 0 0 0
80.7 -61.4222 25.6561 0 0 0
80.8 -61.4667 25.6924 0 0 0
80.9 -61.5111 25.7287 0 0 0
81 -61.5556 25.765 0 0 0
81.1 -61.6 25.8013 0 0 0
81.2 -61.6444 25.8376 0 0 0
81.3 -61.6889 25.8739 0 0 0
81.4 -61.7333 25.9102 0 0 0
81.5 -61.7778 25.9464 0 0 0
81.6 -61.8222 25.9827 0 0 0
81.7 -61.8667 26.019 0 0 0
81.8 -61.9111 26.0553 0 0 0
81.9 -61.9556 26.0916 0 0 0
82 -62 26.1279 0 0 0
82.1 -62.0444 26.1642 0 0 0
82.2 -62.0889 26.2005 0 0 0
82.3 -62.1333 26.2368 0 0 0
82.4 -62.1778 26.273 0 0 0
82.5 -62.2222 26.3093 0 0 0
82.6 -62.2667 26.3456 0 0 0
82.7 -62.3111 26.3819 0 0 0
82.8 -62.3556 26.4182 0 0 0
82.9 -62.4 26.4545 0 0 0
83 -62.4444 26.4908 0 0 0
83.1 -62.4889 26.5271 0 0 0
83.2 -62.5333 26.5634 0 0 0
83.3 -62.5778 26.5996 0 0 0
83.4 -62.6222 26.6359 0 0 0
83.5 -62.6667 26.6722 0 0 0
83.6 -62.7111 26.7085 0 0 0
83.7 -62.7556 26.7448 0 0 0
83.8 -62.8 26.7811 0 0 0
83.9 -62.8444 26.8174 0 0 0
84 -62.8889 26.8537 0 0 0
84.1 -62.9333 26.89 0 0 0
84.2 -62.9778 26.9262 0 0 0
84.3 -63.0222 26.9625 0 0 0
84.4 -63.0667 26.9988 0 0 0
84.5 -63.1111 27.0351 0 0 0
84.6 -63.1556 27.0714 0 0 0
84.7 -63.2 27.1077 0 0 0
84.8 -63.2444 27.144 0 0 0
84.9 -63.2889 27.1803 0 0 0
85 -63.3333 27.2166 0 0 0
85.1 -63.3778 27.2528 0 0 0
85.2 -63.4222 27.2891 0 0 0
85.3 -63.4667 27.3254 0 0 0
85.4 -63.5111 27.3617 0 0 0
85.5 -63.5556 27.398 0 0 0
85.6 -63.6 27.4343 0 0 0
85.7 -63.6444 27.4706 0 0 0
85.8 -63.6889 27.5069 0 0 0
85.9 -63.7333 27.5432 0 0 0
86 -63.7778 27.5794 0 0 0
86.1 -63.8222 27.6157 0 0 0
86.2 -63.8667 27.652 0 0 0
86.3 -63.9111 27.6883 0 0 0
86.4 -63.9556 27.7246 0 0 0
86.5 -64 27.7609 0 0 0
86.6 -64.0444 27.7972 0 0 0
86.7 -64.0889 27.8335 0 0 0
86.8 -64.1333 27.8697 0 0 0
86.9 -64.1778 27.906 0 0 0
87 -64.2222 27.9423 0 0 0
87.1 -64.2667 27.9786 0 0 0
87.2 -64.3111 28.0149 0 0 0
87.3 -64.3556 28.0512 0 0 0
87.4 -64.4 28.0875 0 0 0
87.5 -64.4444 28.1238 0 0 0
87.6 -64.4889 28.1601 0 0 0
87.7 -64.5333 28.1963 0 0 0
87.8 -64.5778 28.2326 0 0 0
87.9 -64.6222 28.2689 0 0 0
88 -64.6667 28.3052 0 0 0
88.1 -64.7111 28.3415 0 0 0
88.2 -64.7556 28.3778 0 0 0
88.3 -64.8 28.4141 0 0 0
88.4 -64.8444 28.4504 0 0 0
88.5 -64.8889 28.4867 0 0 0
88.6 -64.9333 28.5229 0 0 0
88.7 -64.9778 28.5592 0 0 0
88.8 -65.0222 28.5955 0 0 0
88.9 -65.0667 28.6318 0 0 0
89 -65.1111 28.6681 0 0 0
89.1 -65.1556 28.7044 0 0 0
89.2 -65.2 28.7407 0 0 0
89.3 -65.2444 28.777 0 0 0
89.4 -65.2889 28.8133 0 0 0
89.5 -65.3333 28.8495 0 0 0
89.6 -65.3778 28.8858 0 0 0
89.7 -65.4222 28.9221 0 0 0
89.8 -65.4667 28.9584 0 0 0
89.9 -65.5111 28.9947 0 0 0
90 -65.5556 29.031 0 0 0
90.1 -65.6 29.0673 0 0 0
90.2 -65.6444 29.1036 0 0 0
90.3 -65.6889 29.1399 0 0 0
90.4 -65.7333 29.1761 0 0 0
90.5 -65.7778 29.2124 0 0 0
90.6 -65.8222 29.2487 0 0 0
90.7 -65.8667 29.285 0 0 0
90.8 -65.9111 29.3213 0 0 0
90.9 -65.9556 29.3576 0 0 0
91 -66 29.3939 0 0 0
91.1 -66.0444 29.4302 0 0 0
91.2 -66.0889 29.4665 0 0 0
91.3 -66.1333 29.5027 0 0 0
91.4 -66.1778 29.539 0 0 0
91.5 -66.2222 29.5753 0 0 0
91.6 -66.2667 29.6116 0 0 0
91.7 -66.3111 29.6479 0 0 0
91.8 -66.3556 29.6842 0 0 0
91.9 -66.4 29.7205 0 0 0
92 -66.4444 29.7568 0 0 0
92.1 -66.4889 29.7931 0 0 0
92.2 -66.5333 29.8293 0 0 0
92.3 -66.5778 29.8656 0 0 0
92.4 -66.6222 29.9019 0 0 0
92.5 -66.6667 29.9382 0 0 0
92.6 -66.7111 29.9745 0 0 0
92.7 -66.7556 30.0108 0 0 0
92.8 -66.8 30.0471 0 0 0
92.9 -66.8444 30.0834 0 0 0
93 -66.8889 30.1197 0 0 0
93.1 -66.9333 30.1559 0 0 0
93.2 -66.9778 30.1922 0 0 0
93.3 -67.0222 30.2285 0 0 0
93.4 -67.0667 30.2648 0 0 0
93.5 -67.1111 30.3011 0 0 0
93.6 -67.1556 30.3374 0 0 0
93.7 -67.2 30.3737 0 0 0
93.8 -67.2444 30.41 0 0 0
93.9 -67.2889 30.4463 0 0 0
94 -67.3333 30.4825 0 0 0
94.1 -67.3778 30.5188 0 0 0
94.2 -67.4222 30.5551 0 0 0
94.3 -67.4667 30.5914 0 0 0
94.4 -67.5111 30.6277 0 0 0
94.5 -67.5556 30.664 0 0 0
94.6 -67.6 30.7003 0 0 0
94.7 -67.6444 30.7366 0 0 0
94.8 -67.6889 30.7728 0 0 0
94.9 -67.7333 30.8091 0 0 0
95 -67.7778 30.8454 0 0 0
95.1 -67.8222 30.8817 0 0 0
95.2 -67.8667 30.918 0 0 0
95.3 -67.9111 30.9543 0 0 0
95.4 -67.9556 30.9906 0 0 0
95.5 -68 31.0269 0 0 0
95.6 -68.0444 31.0632 0 0 0
95.7 -68.0889 31.0994 0 0 0
95.8 -68.1333 31.1357 0 0 0
95.9 -68.1778 31.172 0 0 0
96 -68.2222 31.2083 0 0 0
96.1 -68.2667 31.2446 0 0 0
96.2 -68.3292 31.2775 2.1748e-07 1.82144e-07 2.21229e-07
