1 -4.47764e-06
2 8.89953e-06
3 -1.32661e-05
4 1.75779e-05
5 -2.18353e-05
6 2.60388e-05
7 -3.01888e-05
8 3.42857e-05
9 -3.83301e-05
10 4.23223e-05
11 -4.62627e-05
12 5.01519e-05
13 -5.39902e-05
14 5.7778e-05
15 -6.15158e-05
16 6.52041e-05
17 -6.88431e-05
18 7.24334e-05
19 -7.59754e-05
20 7.94694e-05
21 -8.29159e-05
22 8.63153e-05
23 -8.9668e-05
24 9.29744e-05
25 -9.62349e-05
26 9.94498e-05
27 -0.00010262
28 0.000105745
29 -0.000108825
30 0.000111862
31 -0.000114856
32 0.000117806
33 -0.000120713
34 0.000123578
35 -0.0001264
36 0.000129182
37 -0.000131921
38 0.00013462
39 -0.000137278
40 0.000139896
41 -0.000142475
42 0.000145013
43 -0.000147513
44 0.000149974
45 -0.000152396
46 0.00015478
47 -0.000157127
48 0.000159436
49 -0.000161708
50 0.000163943
51 -0.000166142
52 0.000168305
53 -0.000170433
54 0.000172525
55 -0.000174581
56 0.000176604
57 -0.000178591
58 0.000180545
59 -0.000182465
60 0.000184352
61 -0.000186205
62 0.000188026
63 -0.000189814
64 0.00019157
65 -0.000193294
66 0.000194986
67 -0.000196648
68 0.000198278
69 -0.000199878
70 0.000201447
71 -0.000202986
72 0.000204496
73 -0.000205976
74 0.000207427
75 -0.000208849
76 0.000210242
77 -0.000211607
78 0.000212944
79 -0.000214253
80 0.000215535
81 -0.000216789
82 0.000218017
83 -0.000219218
84 0.000220393
85 -0.000221541
86 0.000222663
87 -0.00022376
88 0.000224832
89 -0.000225879
90 0.0002269
91 -0.000227898
92 0.00022887
93 -0.000229819
94 0.000230744
95 -0.000231646
96 0.000232524
97 -0.000233379
98 0.000234212
99 -0.000235021
100 0.000235809
101 -0.000236574
102 0.000237318
103 -0.00023804
104 0.00023874
105 -0.00023942
106 0.000240078
107 -0.000240716
108 0.000241334
109 -0.000241931
110 0.000242508
111 -0.000243065
112 0.000243603
113 -0.000244122
114 0.000244621
115 -0.000245101
116 0.000245563
117 -0.000246006
118 0.000246431
119 -0.000246838
120 0.000247227
121 -0.000247599
122 0.000247953
123 -0.000248289
124 0.000248609
125 -0.000248912
126 0.000249198
127 -0.000249468
128 0.000249721
129 -0.000249959
130 0.00025018
131 -0.000250386
132 0.000250577
133 -0.000250752
134 0.000250912
135 -0.000251057
136 0.000251187
137 -0.000251303
138 0.000251404
139 -0.000251491
140 0.000251564
141 -0.000251623
142 0.000251669
143 -0.000251701
144 0.00025172
145 -0.000251725
146 0.000251718
147 -0.000251698
148 0.000251665
149 -0.000251619
150 0.000251561
151 -0.000251491
152 0.000251409
153 -0.000251316
154 0.00025121
155 -0.000251093
156 0.000250965
157 -0.000250825
158 0.000250674
159 -0.000250513
160 0.00025034
161 -0.000250157
162 0.000249964
163 -0.00024976
164 0.000249546
165 -0.000249322
166 0.000249088
167 -0.000248844
168 0.000248591
169 -0.000248328
170 0.000248056
171 -0.000247774
172 0.000247484
173 -0.000247184
174 0.000246876
175 -0.000246559
176 0.000246234
177 -0.0002459
178 0.000245558
179 -0.000245208
180 0.00024485
181 -0.000244483
182 0.000244109
183 -0.000243728
184 0.000243339
185 -0.000242942
186 0.000242538
187 -0.000242127
188 0.000241709
189 -0.000241284
190 0.000240852
191 -0.000240414
192 0.000239968
193 -0.000239517
194 0.000239059
195 -0.000238594
196 0.000238124
197 -0.000237647
198 0.000237165
199 -0.000236677
200 0.000236183
201 -0.000235683
202 0.000235178
203 -0.000234667
204 0.000234151
205 -0.00023363
206 0.000233103
207 -0.000232572
208 0.000232036
209 -0.000231495
210 0.000230949
211 -0.000230398
212 0.000229843
213 -0.000229284
214 0.00022872
215 -0.000228152
216 0.000227579
217 -0.000227003
218 0.000226422
219 -0.000225838
220 0.000225249
221 -0.000224657
222 0.000224062
223 -0.000223462
224 0.00022286
225 -0.000222253
226 0.000221644
227 -0.000221031
228 0.000220415
229 -0.000219796
230 0.000219174
231 -0.000218549
232 0.000217921
233 -0.00021729
234 0.000216656
235 -0.00021602
236 0.000215381
237 -0.00021474
238 0.000214096
239 -0.00021345
240 0.000212802
241 -0.000212151
242 0.000211498
243 -0.000210843
244 0.000210186
245 -0.000209528
246 0.000208867
247 -0.000208204
248 0.00020754
249 -0.000206874
250 0.000206206
251 -0.000205536
252 0.000204866
253 -0.000204193
254 0.00020352
255 -0.000202844
256 0.000202168
257 -0.000201491
258 0.000200812
259 -0.000200132
260 0.000199451
261 -0.000198769
262 0.000198086
263 -0.000197402
264 0.000196718
265 -0.000196032
266 0.000195346
267 -0.000194659
268 0.000193971
269 -0.000193283
270 0.000192595
271 -0.000191905
272 0.000191216
273 -0.000190526
274 0.000189835
275 -0.000189145
276 0.000188454
277 -0.000187762
278 0.000187071
279 -0.00018638
280 0.000185688
281 -0.000184996
282 0.000184305
283 -0.000183613
284 0.000182922
285 -0.00018223
286 0.000181539
287 -0.000180848
288 0.000180157
289 -0.000179467
290 0.000178776
291 -0.000178087
292 0.000177397
293 -0.000176708
294 0.000176019
295 -0.000175331
296 0.000174644
297 -0.000173957
298 0.00017327
299 -0.000172585
300 0.000171899
301 -0.000171215
302 0.000170531
303 -0.000169848
304 0.000169166
305 -0.000168485
306 0.000167804
307 -0.000167125
308 0.000166446
309 -0.000165768
310 0.000165092
311 -0.000164416
312 0.000163741
313 -0.000163067
314 0.000162395
315 -0.000161723
316 0.000161052
317 -0.000160383
318 0.000159715
319 -0.000159048
320 0.000158382
321 -0.000157718
322 0.000157055
323 -0.000156393
324 0.000155732
325 -0.000155073
326 0.000154415
327 -0.000153759
328 0.000153104
329 -0.00015245
330 0.000151798
331 -0.000151147
332 0.000150498
333 -0.00014985
334 0.000149204
335 -0.000148559
336 0.000147916
337 -0.000147274
338 0.000146634
339 -0.000145996
340 0.000145359
341 -0.000144724
342 0.00014409
343 -0.000143458
344 0.000142828
345 -0.0001422
346 0.000141573
347 -0.000140948
348 0.000140325
349 -0.000139703
350 0.000139084
351 -0.000138466
352 0.00013785
353 -0.000137235
354 0.000136623
355 -0.000136012
356 0.000135403
357 -0.000134797
358 0.000134192
359 -0.000133588
360 0.000132987
361 -0.000132388
362 0.00013179
363 -0.000131195
364 0.000130601
365 -0.00013001
366 0.00012942
367 -0.000128832
368 0.000128246
369 -0.000127663
370 0.000127081
371 -0.000126501
372 0.000125923
373 -0.000125347
374 0.000124774
375 -0.000124202
376 0.000123632
377 -0.000123064
378 0.000122499
379 -0.000121935
380 0.000121374
381 -0.000120814
382 0.000120257
383 -0.000119702
384 0.000119148
385 -0.000118597
386 0.000118048
387 -0.000117501
388 0.000116956
389 -0.000116413
390 0.000115873
391 -0.000115334
392 0.000114798
393 -0.000114263
394 0.000113731
395 -0.000113201
396 0.000112673
397 -0.000112147
398 0.000111623
399 -0.000111102
400 0.000110582
401 -0.000110065
402 0.00010955
403 -0.000109037
404 0.000108526
405 -0.000108017
406 0.000107511
407 -0.000107006
408 0.000106504
409 -0.000106003
410 0.000105505
411 -0.000105009
412 0.000104516
413 -0.000104024
414 0.000103535
415 -0.000103047
416 0.000102562
417 -0.000102079
418 0.000101598
419 -0.000101119
420 0.000100643
421 -0.000100168
422 9.96958e-05
423 -9.92256e-05
424 9.87575e-05
425 -9.82916e-05
426 9.78278e-05
427 -9.73661e-05
428 9.69065e-05
429 -9.64491e-05
430 9.59938e-05
431 -9.55406e-05
432 9.50895e-05
433 -9.46406e-05
434 9.41937e-05
435 -9.3749e-05
436 9.33064e-05
437 -9.28659e-05
438 9.24275e-05
439 -9.19912e-05
440 9.1557e-05
441 -9.11249e-05
442 9.06948e-05
443 -9.02669e-05
444 8.9841e-05
445 -8.94173e-05
446 8.89956e-05
447 -8.85759e-05
448 8.81583e-05
449 -8.77428e-05
450 8.73294e-05
451 -8.6918e-05
452 8.65087e-05
453 -8.61014e-05
454 8.56961e-05
455 -8.52929e-05
456 8.48917e-05
457 -8.44926e-05
458 8.40954e-05
459 -8.37003e-05
460 8.33072e-05
461 -8.29161e-05
462 8.2527e-05
463 -8.21399e-05
464 8.17548e-05
465 -8.13717e-05
466 8.09906e-05
467 -8.06114e-05
468 8.02342e-05
469 -7.9859e-05
470 7.94857e-05
471 -7.91144e-05
472 7.87451e-05
473 -7.83777e-05
474 7.80122e-05
475 -7.76487e-05
476 7.7287e-05
477 -7.69274e-05
478 7.65696e-05
479 -7.62137e-05
480 7.58597e-05
481 -7.55076e-05
482 7.51575e-05
483 -7.48092e-05
484 7.44627e-05
485 -7.41182e-05
486 7.37755e-05
487 -7.34347e-05
488 7.30957e-05
489 -7.27585e-05
490 7.24232e-05
491 -7.20898e-05
492 7.17581e-05
493 -7.14283e-05
494 7.11003e-05
495 -7.07741e-05
496 7.04497e-05
497 -7.01271e-05
498 6.98063e-05
499 -6.94872e-05
500 6.917e-05
501 -6.43768e-05
502 5.96412e-05
503 -5.49626e-05
504 5.03406e-05
505 -4.57746e-05
506 4.12644e-05
507 -3.68094e-05
508 3.24091e-05
509 -2.80631e-05
510 2.3771e-05
511 -1.95323e-05
512 1.53466e-05
513 -1.12135e-05
514 7.13244e-06
515 -3.1031e-06
516 -8.74998e-07
517 4.80226e-06
518 -8.67913e-06
519 1.2506e-05
520 -1.62833e-05
521 2.00115e-05
522 -2.36909e-05
523 2.7322e-05
524 -3.09052e-05
525 3.44409e-05
526 -3.79295e-05
527 4.13714e-05
528 -4.4767e-05
529 4.81167e-05
530 -5.14209e-05
531 5.46799e-05
532 -5.78943e-05
533 6.10643e-05
534 -6.41903e-05
535 6.72727e-05
536 -7.0312e-05
537 7.33084e-05
538 -7.62624e-05
539 7.91743e-05
540 -8.20445e-05
541 8.48734e-05
542 -8.76613e-05
543 9.04087e-05
544 -9.31157e-05
545 9.57829e-05
546 -9.84106e-05
547 0.000100999
548 -0.000103549
549 0.00010606
550 -0.000108533
551 0.000113733
100 -0.000113588
200 0.000113217
300 -0.000112847
