1 -2.23882e-06
2 -2.78701e-08
3 -2.21118e-06
4 -5.52851e-08
5 -2.18399e-06
6 -8.22504e-08
7 -2.15724e-06
8 -1.08771e-07
9 -2.13094e-06
10 -1.34854e-07
11 -2.10508e-06
12 -1.60502e-07
13 -2.07965e-06
14 -1.85722e-07
15 -2.05464e-06
16 -2.10519e-07
17 -2.03005e-06
18 -2.34897e-07
19 -2.00588e-06
20 -2.58863e-07
21 -1.98212e-06
22 -2.82421e-07
23 -1.95876e-06
24 -3.05576e-07
25 -1.93581e-06
26 -3.28332e-07
27 -1.91325e-06
28 -3.50696e-07
29 -1.89108e-06
30 -3.72672e-07
31 -1.86929e-06
32 -3.94265e-07
33 -1.84789e-06
34 -4.15479e-07
35 -1.82687e-06
36 -4.36319e-07
37 -1.80621e-06
38 -4.5679e-07
39 -1.78592e-06
40 -4.76897e-07
41 -1.76599e-06
42 -4.96645e-07
43 -1.74643e-06
44 -5.16037e-07
45 -1.72721e-06
46 -5.35079e-07
47 -1.70834e-06
48 -5.53775e-07
49 -1.68982e-06
50 -5.72129e-07
51 -1.67163e-06
52 -5.90146e-07
53 -1.65378e-06
54 -6.07831e-07
55 -1.63626e-06
56 -6.25187e-07
57 -1.61907e-06
58 -6.4222e-07
59 -1.60219e-06
60 -6.58932e-07
61 -1.58564e-06
62 -6.75329e-07
63 -1.5694e-06
64 -6.91415e-07
65 -1.55347e-06
66 -7.07194e-07
67 -1.53784e-06
68 -7.2267e-07
69 -1.52251e-06
70 -7.37847e-07
71 -1.50749e-06
72 -7.52729e-07
73 -1.49275e-06
74 -7.67321e-07
75 -1.4783e-06
76 -7.81625e-07
77 -1.46414e-06
78 -7.95647e-07
79 -1.45026e-06
80 -8.0939e-07
81 -1.43665e-06
82 -8.22858e-07
83 -1.42332e-06
84 -8.36054e-07
85 -1.41026e-06
86 -8.48983e-07
87 -1.39746e-06
88 -8.61648e-07
89 -1.38493e-06
90 -8.74054e-07
91 -1.37265e-06
92 -8.86203e-07
93 -1.36063e-06
94 -8.98099e-07
95 -1.34886e-06
96 -9.09746e-07
97 -1.33733e-06
98 -9.21148e-07
99 -1.32605e-06
100 -9.32308e-07
101 -1.31501e-06
102 -9.4323e-07
103 -1.30421e-06
104 -9.53917e-07
105 -1.29364e-06
106 -9.64372e-07
107 -1.2833e-06
108 -9.74599e-07
109 -1.27318e-06
110 -9.84602e-07
111 -1.26329e-06
112 -9.94383e-07
113 -1.25362e-06
114 -1.00395e-06
115 -1.24416e-06
116 -1.0133e-06
117 -1.23492e-06
118 -1.02243e-06
119 -1.22589e-06
120 -1.03136e-06
121 -1.21706e-06
122 -1.04008e-06
123 -1.20844e-06
124 -1.04861e-06
125 -1.20002e-06
126 -1.05693e-06
127 -1.19179e-06
128 -1.06506e-06
129 -1.18376e-06
130 -1.07299e-06
131 -1.17592e-06
132 -1.08073e-06
133 -1.16827e-06
134 -1.08829e-06
135 -1.16081e-06
136 -1.09567e-06
137 -1.15352e-06
138 -1.10286e-06
139 -1.14642e-06
140 -1.10987e-06
141 -1.13949e-06
142 -1.11671e-06
143 -1.13274e-06
144 -1.12338e-06
145 -1.12616e-06
146 -1.12988e-06
147 -1.11974e-06
148 -1.13621e-06
149 -1.11349e-06
150 -1.14238e-06
151 -1.10741e-06
152 -1.14839e-06
153 -1.10148e-06
154 -1.15423e-06
155 -1.09571e-06
156 -1.15992e-06
157 -1.0901e-06
158 -1.16546e-06
159 -1.08464e-06
160 -1.17085e-06
161 -1.07932e-06
162 -1.17609e-06
163 -1.07416e-06
164 -1.18118e-06
165 -1.06914e-06
166 -1.18613e-06
167 -1.06426e-06
168 -1.19094e-06
169 -1.05952e-06
170 -1.19561e-06
171 -1.05492e-06
172 -1.20014e-06
173 -1.05045e-06
174 -1.20454e-06
175 -1.04611e-06
176 -1.20881e-06
177 -1.04191e-06
178 -1.21295e-06
179 -1.03783e-06
180 -1.21697e-06
181 -1.03388e-06
182 -1.22086e-06
183 -1.03005e-06
184 -1.22463e-06
185 -1.02635e-06
186 -1.22827e-06
187 -1.02276e-06
188 -1.2318e-06
189 -1.01929e-06
190 -1.23522e-06
191 -1.01593e-06
192 -1.23852e-06
193 -1.01268e-06
194 -1.24171e-06
195 -1.00955e-06
196 -1.24479e-06
197 -1.00652e-06
198 -1.24776e-06
199 -1.0036e-06
200 -1.25063e-06
201 -1.00079e-06
202 -1.25339e-06
203 -9.98072e-07
204 -1.25606e-06
205 -9.95458e-07
206 -1.25862e-06
207 -9.92943e-07
208 -1.26109e-06
209 -9.90524e-07
210 -1.26346e-06
211 -9.882e-07
212 -1.26574e-06
213 -9.85968e-07
214 -1.26792e-06
215 -9.83828e-07
216 -1.27002e-06
217 -9.81776e-07
218 -1.27203e-06
219 -9.79811e-07
220 -1.27395e-06
221 -9.77932e-07
222 -1.27579e-06
223 -9.76137e-07
224 -1.27754e-06
225 -9.74424e-07
226 -1.27921e-06
227 -9.72791e-07
228 -1.28081e-06
229 -9.71236e-07
230 -1.28232e-06
231 -9.69759e-07
232 -1.28376e-06
233 -9.68357e-07
234 -1.28513e-06
235 -9.67029e-07
236 -1.28642e-06
237 -9.65773e-07
238 -1.28764e-06
239 -9.64588e-07
240 -1.28879e-06
241 -9.63472e-07
242 -1.28987e-06
243 -9.62423e-07
244 -1.29089e-06
245 -9.61441e-07
246 -1.29184e-06
247 -9.60523e-07
248 -1.29272e-06
249 -9.59669e-07
250 -1.29355e-06
251 -9.58876e-07
252 -1.29431e-06
253 -9.58144e-07
254 -1.29501e-06
255 -9.57471e-07
256 -1.29565e-06
257 -9.56855e-07
258 -1.29624e-06
259 -9.56296e-07
260 -1.29677e-06
261 -9.55791e-07
262 -1.29725e-06
263 -9.55341e-07
264 -1.29768e-06
265 -9.54942e-07
266 -1.29805e-06
267 -9.54595e-07
268 -1.29837e-06
269 -9.54298e-07
270 -1.29864e-06
271 -9.5405e-07
272 -1.29887e-06
273 -9.53848e-07
274 -1.29905e-06
275 -9.53694e-07
276 -1.29918e-06
277 -9.53584e-07
278 -1.29926e-06
279 -9.53518e-07
280 -1.29931e-06
281 -9.53495e-07
282 -1.29931e-06
283 -9.53514e-07
284 -1.29927e-06
285 -9.53574e-07
286 -1.29919e-06
287 -9.53673e-07
288 -1.29907e-06
289 -9.5381e-07
290 -1.29892e-06
291 -9.53985e-07
292 -1.29872e-06
293 -9.54197e-07
294 -1.29849e-06
295 -9.54444e-07
296 -1.29823e-06
297 -9.54725e-07
298 -1.29793e-06
299 -9.5504e-07
300 -1.2976e-06
301 -9.55387e-07
302 -1.29724e-06
303 -9.55766e-07
304 -1.29684e-06
305 -9.56175e-07
306 -1.29642e-06
307 -9.56615e-07
308 -1.29597e-06
309 -9.57083e-07
310 -1.29548e-06
311 -9.57579e-07
312 -1.29497e-06
313 -9.58102e-07
314 -1.29444e-06
315 -9.58651e-07
316 -1.29387e-06
317 -9.59226e-07
318 -1.29329e-06
319 -9.59825e-07
320 -1.29268e-06
321 -9.60449e-07
322 -1.29204e-06
323 -9.61095e-07
324 -1.29138e-06
325 -9.61763e-07
326 -1.2907e-06
327 -9.62453e-07
328 -1.29e-06
329 -9.63164e-07
330 -1.28928e-06
331 -9.63895e-07
332 -1.28854e-06
333 -9.64645e-07
334 -1.28778e-06
335 -9.65414e-07
336 -1.28701e-06
337 -9.662e-07
338 -1.28621e-06
339 -9.67004e-07
340 -1.2854e-06
341 -9.67824e-07
342 -1.28457e-06
343 -9.68661e-07
344 -1.28373e-06
345 -9.69512e-07
346 -1.28287e-06
347 -9.70379e-07
348 -1.28199e-06
349 -9.71259e-07
350 -1.28111e-06
351 -9.72153e-07
352 -1.28021e-06
353 -9.73059e-07
354 -1.27929e-06
355 -9.73978e-07
356 -1.27837e-06
357 -9.74908e-07
358 -1.27743e-06
359 -9.7585e-07
360 -1.27649e-06
361 -9.76803e-07
362 -1.27553e-06
363 -9.77765e-07
364 -1.27456e-06
365 -9.78737e-07
366 -1.27358e-06
367 -9.79718e-07
368 -1.2726e-06
369 -9.80708e-07
370 -1.27161e-06
371 -9.81705e-07
372 -1.2706e-06
373 -9.82711e-07
374 -1.26959e-06
375 -9.83723e-07
376 -1.26858e-06
377 -9.84742e-07
378 -1.26756e-06
379 -9.85767e-07
380 -1.26653e-06
381 -9.86798e-07
382 -1.26549e-06
383 -9.87835e-07
384 -1.26446e-06
385 -9.88876e-07
386 -1.26341e-06
387 -9.89922e-07
388 -1.26236e-06
389 -9.90972e-07
390 -1.26131e-06
391 -9.92026e-07
392 -1.26026e-06
393 -9.93084e-07
394 -1.2592e-06
395 -9.94144e-07
396 -1.25814e-06
397 -9.95207e-07
398 -1.25707e-06
399 -9.96272e-07
400 -1.256e-06
401 -9.97339e-07
402 -1.25494e-06
403 -9.98408e-07
404 -1.25387e-06
405 -9.99478e-07
406 -1.2528e-06
407 -1.00055e-06
408 -1.25173e-06
409 -1.00162e-06
410 -1.25065e-06
411 -1.00269e-06
412 -1.24958e-06
413 -1.00377e-06
414 -1.24851e-06
415 -1.00484e-06
416 -1.24744e-06
417 -1.00591e-06
418 -1.24637e-06
419 -1.00698e-06
420 -1.2453e-06
421 -1.00805e-06
422 -1.24423e-06
423 -1.00912e-06
424 -1.24316e-06
425 -1.01018e-06
426 -1.24209e-06
427 -1.01125e-06
428 -1.24103e-06
429 -1.01231e-06
430 -1.23997e-06
431 -1.01337e-06
432 -1.23891e-06
433 -1.01443e-06
434 -1.23785e-06
435 -1.01549e-06
436 -1.2368e-06
437 -1.01654e-06
438 -1.23574e-06
439 -1.01759e-06
440 -1.2347e-06
441 -1.01864e-06
442 -1.23365e-06
443 -1.01968e-06
444 -1.23261e-06
445 -1.02072e-06
446 -1.23157e-06
447 -1.02176e-06
448 -1.23054e-06
449 -1.02279e-06
450 -1.22951e-06
451 -1.02381e-06
452 -1.22848e-06
453 -1.02484e-06
454 -1.22746e-06
455 -1.02586e-06
456 -1.22645e-06
457 -1.02687e-06
458 -1.22544e-06
459 -1.02788e-06
460 -1.22443e-06
461 -1.02888e-06
462 -1.22343e-06
463 -1.02988e-06
464 -1.22243e-06
465 -1.03087e-06
466 -1.22144e-06
467 -1.03186e-06
468 -1.22046e-06
469 -1.03285e-06
470 -1.21948e-06
471 -1.03382e-06
472 -1.2185e-06
473 -1.03479e-06
474 -1.21753e-06
475 -1.03576e-06
476 -1.21657e-06
477 -1.03672e-06
478 -1.21561e-06
479 -1.03767e-06
480 -1.21466e-06
481 -1.03862e-06
482 -1.21372e-06
483 -1.03956e-06
484 -1.21278e-06
485 -1.0405e-06
486 -1.21185e-06
487 -1.04143e-06
488 -1.21092e-06
489 -1.04235e-06
490 -1.21e-06
491 -1.04327e-06
492 -1.20909e-06
493 -1.04418e-06
494 -1.20818e-06
495 -1.04508e-06
496 -1.20728e-06
497 -1.04598e-06
498 -1.20639e-06
499 -1.04687e-06
500 -1.2055e-06
501 1.19107e-06
502 -1.17675e-06
503 1.16255e-06
504 -1.14846e-06
505 1.13449e-06
506 -1.12063e-06
507 1.10689e-06
508 -1.09325e-06
509 1.07973e-06
510 -1.06632e-06
511 1.05302e-06
512 -1.03983e-06
513 1.02674e-06
514 -1.01377e-06
515 1.0009e-06
516 -9.88143e-07
517 9.7549e-07
518 -9.62941e-07
519 9.50498e-07
520 -9.3816e-07
521 9.25925e-07
522 -9.13793e-07
523 9.01764e-07
524 -8.89837e-07
525 8.78011e-07
526 -8.66286e-07
527 8.54661e-07
528 -8.43135e-07
529 8.31708e-07
530 -8.2038e-07
531 8.09149e-07
532 -7.98015e-07
533 7.86977e-07
534 -7.76035e-07
535 7.65189e-07
536 -7.54437e-07
537 7.4378e-07
538 -7.33215e-07
539 7.22744e-07
540 -7.12365e-07
541 7.02078e-07
542 -6.91882e-07
543 6.81776e-07
544 -6.71761e-07
545 6.61835e-07
546 -6.51998e-07
547 6.42249e-07
548 -6.32588e-07
549 6.23014e-07
550 -6.13527e-07
551 3.27844e-07
552 -3.22126e-07
553 3.16456e-07
554 -3.10833e-07
555 3.05259e-07
556 -2.99732e-07
557 2.94253e-07
558 -2.8882e-07
559 2.83435e-07
560 -2.78096e-07
561 2.72804e-07
562 -2.67559e-07
563 2.62359e-07
564 -2.57206e-07
565 2.52098e-07
566 -2.47036e-07
567 2.42019e-07
568 -2.37048e-07
569 2.32121e-07
570 -2.27239e-07
571 2.22402e-07
572 -2.17609e-07
573 2.1286e-07
574 -2.08155e-07
575 2.03494e-07
576 -1.98877e-07
577 1.94302e-07
578 -1.89771e-07
579 1.85283e-07
580 -1.80837e-07
581 1.76434e-07
582 -1.72073e-07
583 1.67755e-07
584 -1.63477e-07
585 1.59242e-07
586 -1.55048e-07
587 1.50895e-07
588 -1.46783e-07
589 1.42712e-07
590 -1.38682e-07
591 1.34692e-07
592 -1.30742e-07
593 1.26832e-07
594 -1.22961e-07
595 1.1913e-07
596 -1.15338e-07
597 1.11586e-07
598 -1.07872e-07
599 1.04197e-07
600 -1.0056e-07
700 -5.66107e-07
800 -1.0056e-07
900 -5.66107e-07
1000 -1.0056e-07
1100 -5.66107e-07
1200 -1.0056e-07
1300 -5.66107e-07
1400 -1.0056e-07
1500 -5.66107e-07
1600 -1.0056e-07
1700 -5.66107e-07
1800 -1.0056e-07
1900 -5.66107e-07
2000 -1.0056e-07
2100 -5.66107e-07
2200 -1.0056e-07
2300 -5.66107e-07
2400 -1.0056e-07
2500 -5.66107e-07
2600 -1.0056e-07
2700 -5.66107e-07
2800 -1.0056e-07
2900 -5.66107e-07
3000 -1.0056e-07
3100 -5.66107e-07
3200 -1.0056e-07
3300 -5.66107e-07
3400 -1.0056e-07
3500 -5.66107e-07
3600 -1.0056e-07
3700 -5.66107e-07
3800 -1.0056e-07
3900 -5.66107e-07
4000 -1.0056e-07
4100 -5.66107e-07
4200 -1.0056e-07
4300 -5.66107e-07
4400 -1.0056e-07
4500 -5.66107e-07
4600 -1.0056e-07
4700 -5.66107e-07
4800 -1.0056e-07
4900 -5.66107e-07
5000 -1.0056e-07
5100 -5.66107e-07
5200 -1.0056e-07
5300 -5.66107e-07
5400 -1.0056e-07
5500 -5.66107e-07
5600 -1.0056e-07
5700 -5.66107e-07
5800 -1.0056e-07
5900 -5.66107e-07
6000 -1.0056e-07
6100 -5.66107e-07
6200 -1.0056e-07
6300 -5.66107e-07
6400 -1.0056e-07
6500 -5.66107e-07
6600 -1.0056e-07
6700 -5.66107e-07
6800 -1.0056e-07
6900 -5.66107e-07
7000 -1.0056e-07
7100 -5.66107e-07
7200 -1.0056e-07
7300 -5.66107e-07
7400 -1.0056e-07
7500 -5.66107e-07
7600 -1.0056e-07
7700 -5.66107e-07
7800 -1.0056e-07
7900 -5.66107e-07
8000 -1.0056e-07
8100 -5.66107e-07
8200 -1.0056e-07
8300 -5.66107e-07
8400 -1.0056e-07
8500 -5.66107e-07
8600 -1.0056e-07
8700 -5.66107e-07
8800 -1.0056e-07
8900 -5.66107e-07
9000 -1.0056e-07
9100 -5.66107e-07
9200 -1.0056e-07
9300 -5.66107e-07
9400 -1.0056e-07
9500 -5.66107e-07
9600 -1.0056e-07
9700 -5.66107e-07
9800 -1.0056e-07
9900 -5.66107e-07
10000 -1.0056e-07
10100 -5.66107e-07
10200 -1.0056e-07
10300 -5.66107e-07
10400 -1.0056e-07
10500 -5.66107e-07
10600 -1.0056e-07
10700 -5.66107e-07
10800 -1.0056e-07
10900 -5.66107e-07
11000 -1.0056e-07
11100 -5.66107e-07
11200 -1.0056e-07
11300 -5.66107e-07
11400 -1.0056e-07
11500 -5.66107e-07
11600 -1.0056e-07
11700 -5.66107e-07
11800 -1.0056e-07
11900 -5.66107e-07
12000 -1.0056e-07
12100 -5.66107e-07
12200 -1.0056e-07
12300 -5.66107e-07
12400 -1.0056e-07
12500 -5.66107e-07
12600 -1.0056e-07
12700 -5.66107e-07
12800 -1.0056e-07
12900 -5.66107e-07
13000 -1.0056e-07
13100 -5.66107e-07
13200 -1.0056e-07
13300 -5.66107e-07
13400 -1.0056e-07
13500 -5.66107e-07
13600 -1.0056e-07
13700 -5.66107e-07
13800 -1.0056e-07
13900 -5.66107e-07
14000 -1.0056e-07
14100 -5.66107e-07
14200 -1.0056e-07
14300 -5.66107e-07
14400 -1.0056e-07
14500 -5.66107e-07
14600 -1.0056e-07
14700 -5.66107e-07
14800 -1.0056e-07
14900 -5.66107e-07
15000 -1.0056e-07
15100 -5.66107e-07
15200 -1.0056e-07
15300 -5.66107e-07
15400 -1.0056e-07
15500 -5.66107e-07
15600 -1.0056e-07
15700 -5.66107e-07
15800 -1.0056e-07
15900 -5.66107e-07
16000 -1.0056e-07
16100 -5.66107e-07
16200 -1.0056e-07
16300 -5.66107e-07
16400 -1.0056e-07
16500 -5.66107e-07
16600 -1.0056e-07
16700 -5.66107e-07
16800 -1.0056e-07
16900 -5.66107e-07
17000 -1.0056e-07
17100 -5.66107e-07
17200 -1.0056e-07
17300 -5.66107e-07
17400 -1.0056e-07
17500 -5.66107e-07
17600 -1.0056e-07
17700 -5.66107e-07
17800 -1.0056e-07
17900 -5.66107e-07
18000 -1.0056e-07
18100 -5.66107e-07
18200 -1.0056e-07
18300 -5.66107e-07
18400 -1.0056e-07
18500 -5.66107e-07
18600 -1.0056e-07
18700 -5.66107e-07
18800 -1.0056e-07
18900 -5.66107e-07
19000 -1.0056e-07
19100 -5.66107e-07
19200 -1.0056e-07
19300 -5.66107e-07
19400 -1.0056e-07
19500 -5.66107e-07
19600 -1.0056e-07
19700 -5.66107e-07
19800 -1.0056e-07
19900 -5.66107e-07
20000 -1.0056e-07
20100 -5.66107e-07
20200 -1.0056e-07
20300 -5.66107e-07
20400 -1.0056e-07
20500 -5.66107e-07
20600 -1.0056e-07
20700 -5.66107e-07
20800 -1.0056e-07
20900 -5.66107e-07
21000 -1.0056e-07
21100 -5.66107e-07
21200 -1.0056e-07
21300 -5.66107e-07
21400 -1.0056e-07
21500 -5.66107e-07
21600 -1.0056e-07
21700 -5.66107e-07
21800 -1.0056e-07
21900 -5.66107e-07
22000 -1.0056e-07
22100 -5.66107e-07
22200 -1.0056e-07
22300 -5.66107e-07
22400 -1.0056e-07
22500 -5.66107e-07
22600 -1.0056e-07
22700 -5.66107e-07
22800 -1.0056e-07
22900 -5.66107e-07
23000 -1.0056e-07
23100 -5.66107e-07
23200 -1.0056e-07
23300 -5.66107e-07
23400 -1.0056e-07
23500 -5.66107e-07
23600 -1.0056e-07
23700 -5.66107e-07
23800 -1.0056e-07
23900 -5.66107e-07
24000 -1.0056e-07
24100 -5.66107e-07
24200 -1.0056e-07
24300 -5.66107e-07
24400 -1.0056e-07
24500 -5.66107e-07
24600 -1.0056e-07
24700 -5.66107e-07
24800 -1.0056e-07
24900 -5.66107e-07
25000 -1.0056e-07
25100 -5.66107e-07
25200 -1.0056e-07
25300 -5.66107e-07
25400 -1.0056e-07
25500 -5.66107e-07
25600 -1.0056e-07
25700 -5.66107e-07
25800 -1.0056e-07
25900 -5.66107e-07
26000 -1.0056e-07
26100 -5.66107e-07
26200 -1.0056e-07
26300 -5.66107e-07
26400 -1.0056e-07
26500 -5.66107e-07
26600 -1.0056e-07
26700 -5.66107e-07
26800 -1.0056e-07
26900 -5.66107e-07
27000 -1.0056e-07
27100 -5.66107e-07
27200 -1.0056e-07
27300 -5.66107e-07
27400 -1.0056e-07
27500 -5.66107e-07
27600 -1.0056e-07
27700 -5.66107e-07
27800 -1.0056e-07
27900 -5.66107e-07
28000 -1.0056e-07
28100 -5.66107e-07
28200 -1.0056e-07
28300 -5.66107e-07
28400 -1.0056e-07
28500 -5.66107e-07
28600 -1.0056e-07
28700 -5.66107e-07
28800 -1.0056e-07
28900 -5.66107e-07
29000 -1.0056e-07
29100 -5.66107e-07
29200 -1.0056e-07
29300 -5.66107e-07
29400 -1.0056e-07
29500 -5.66107e-07
29600 -1.0056e-07
29700 -5.66107e-07
29800 -1.0056e-07
29900 -5.66107e-07
30000 -1.0056e-07
30100 -5.66107e-07
30200 -1.0056e-07
30300 -5.66107e-07
30400 -1.0056e-07
30500 -5.66107e-07
30600 -1.0056e-07
30700 -5.66107e-07
30800 -1.0056e-07
30900 -5.66107e-07
31000 -1.0056e-07
31100 -5.66107e-07
31200 -1.0056e-07
31300 -5.66107e-07
31400 -1.0056e-07
31500 -5.66107e-07
31600 -1.0056e-07
31700 -5.66107e-07
31800 -1.0056e-07
31900 -5.66107e-07
32000 -1.0056e-07
32100 -5.66107e-07
32200 -1.0056e-07
32300 -5.66107e-07
32400 -1.0056e-07
32500 -5.66107e-07
32600 -1.0056e-07
32700 -5.66107e-07
32800 -1.0056e-07
32900 -5.66107e-07
33000 -1.0056e-07
33100 -5.66107e-07
33200 -1.0056e-07
33300 -5.66107e-07
33400 -1.0056e-07
33500 -5.66107e-07
33600 -1.0056e-07
33700 -5.66107e-07
33800 -1.0056e-07
33900 -5.66107e-07
34000 -1.0056e-07
34100 -5.66107e-07
34200 -1.0056e-07
34300 -5.66107e-07
34400 -1.0056e-07
34500 -5.66107e-07
34600 -1.0056e-07
34700 -5.66107e-07
34800 -1.0056e-07
34900 -5.66107e-07
35000 -1.0056e-07
35100 -5.66107e-07
35200 -1.0056e-07
35300 -5.66107e-07
35400 -1.0056e-07
35500 -5.66107e-07
35600 -1.0056e-07
35700 -5.66107e-07
35800 -1.0056e-07
35900 -5.66107e-07
36000 -1.0056e-07
36100 -5.66107e-07
36200 -1.0056e-07
36300 -5.66107e-07
36400 -1.0056e-07
36500 -5.66107e-07
36600 -1.0056e-07
36700 -5.66107e-07
36800 -1.0056e-07
36900 -5.66107e-07
37000 -1.0056e-07
37100 -5.66107e-07
37200 -1.0056e-07
37300 -5.66107e-07
37400 -1.0056e-07
37500 -5.66107e-07
37600 -1.0056e-07
37700 -5.66107e-07
37800 -1.0056e-07
37900 -5.66107e-07
38000 -1.0056e-07
38100 -5.66107e-07
38200 -1.0056e-07
38300 -5.66107e-07
38400 -1.0056e-07
38500 -5.66107e-07
38600 -1.0056e-07
38700 -5.66107e-07
38800 -1.0056e-07
38900 -5.66107e-07
39000 -1.0056e-07
39100 -5.66107e-07
39200 -1.0056e-07
39300 -5.66107e-07
39400 -1.0056e-07
39500 -5.66107e-07
39600 -1.0056e-07
39700 -5.66107e-07
39800 -1.0056e-07
39900 -5.66107e-07
40000 -1.0056e-07
40100 -5.66107e-07
40200 -1.0056e-07
40300 -5.66107e-07
40400 -1.0056e-07
40500 -5.66107e-07
40600 -1.0056e-07
40700 -5.66107e-07
40800 -1.0056e-07
40900 -5.66107e-07
41000 -1.0056e-07
41100 -5.66107e-07
41200 -1.0056e-07
41300 -5.66107e-07
41400 -1.0056e-07
41500 -5.66107e-07
41600 -1.0056e-07
41700 -5.66107e-07
41800 -1.0056e-07
41900 -5.66107e-07
42000 -1.0056e-07
42100 -5.66107e-07
42200 -1.0056e-07
42300 -5.66107e-07
42400 -1.0056e-07
42500 -5.66107e-07
42600 -1.0056e-07
42700 -5.66107e-07
42800 -1.0056e-07
42900 -5.66107e-07
43000 -1.0056e-07
43100 -5.66107e-07
43200 -1.0056e-07
43300 -5.66107e-07
43400 -1.0056e-07
43500 -5.66107e-07
43600 -1.0056e-07
43700 -5.66107e-07
43800 -1.0056e-07
43900 -5.66107e-07
44000 -1.0056e-07
44100 -5.66107e-07
44200 -1.0056e-07
44300 -5.66107e-07
44400 -1.0056e-07
44500 -5.66107e-07
44600 -1.0056e-07
44700 -5.66107e-07
44800 -1.0056e-07
44900 -5.66107e-07
45000 -1.0056e-07
45100 -5.66107e-07
45200 -1.0056e-07
45300 -5.66107e-07
45400 -1.0056e-07
45500 -5.66107e-07
45600 -1.0056e-07
45700 -5.66107e-07
45800 -1.0056e-07
45900 -5.66107e-07
46000 -1.0056e-07
46100 -5.66107e-07
46200 -1.0056e-07
46300 -5.66107e-07
46400 -1.0056e-07
46500 -5.66107e-07
46600 -1.0056e-07
46700 -5.66107e-07
46800 -1.0056e-07
46900 -5.66107e-07
47000 -1.0056e-07
47100 -5.66107e-07
47200 -1.0056e-07
47300 -5.66107e-07
47400 -1.0056e-07
47500 -5.66107e-07
47600 -1.0056e-07
47700 -5.66107e-07
47800 -1.0056e-07
47900 -5.66107e-07
48000 -1.0056e-07
48100 -5.66107e-07
48200 -1.0056e-07
48300 -5.66107e-07
48400 -1.0056e-07
48500 -5.66107e-07
48600 -1.0056e-07
48700 -5.66107e-07
48800 -1.0056e-07
48900 -5.66107e-07
49000 -1.0056e-07
49100 -5.66107e-07
49200 -1.0056e-07
49300 -5.66107e-07
49400 -1.0056e-07
49500 -5.66107e-07
49600 -1.0056e-07
49700 -5.66107e-07
49800 -1.0056e-07
49900 -5.66107e-07
50000 -1.0056e-07
50100 -5.66107e-07
50200 -1.0056e-07
50300 -5.66107e-07
50400 -1.0056e-07
50500 -5.66107e-07
50600 -1.0056e-07
50700 -5.66107e-07
50800 -1.0056e-07
50900 -5.66107e-07
51000 -1.0056e-07
51100 -5.66107e-07
51200 -1.0056e-07
51300 -5.66107e-07
51400 -1.0056e-07
51500 -5.66107e-07
51600 -1.0056e-07
51700 -5.66107e-07
51800 -1.0056e-07
51900 -5.66107e-07
52000 -1.0056e-07
52100 -5.66107e-07
52200 -1.0056e-07
52300 -5.66107e-07
52400 -1.0056e-07
52500 -5.66107e-07
52600 -1.0056e-07
52700 -5.66107e-07
52800 -1.0056e-07
52900 -5.66107e-07
53000 -1.0056e-07
53100 -5.66107e-07
53200 -1.0056e-07
53300 -5.66107e-07
53400 -1.0056e-07
53500 -5.66107e-07
53600 -1.0056e-07
53700 -5.66107e-07
53800 -1.0056e-07
53900 -5.66107e-07
54000 -1.0056e-07
54100 -5.66107e-07
54200 -1.0056e-07
54300 -5.66107e-07
54400 -1.0056e-07
54500 -5.66107e-07
54600 -1.0056e-07
54700 -5.66107e-07
54800 -1.0056e-07
54900 -5.66107e-07
55000 -1.0056e-07
55100 -5.66107e-07
55200 -1.0056e-07
55300 -5.66107e-07
55400 -1.0056e-07
55500 -5.66107e-07
55600 -1.0056e-07
55700 -5.66107e-07
55800 -1.0056e-07
55900 -5.66107e-07
56000 -1.0056e-07
56100 -5.66107e-07
56200 -1.0056e-07
56300 -5.66107e-07
56400 -1.0056e-07
56500 -5.66107e-07
56600 -1.0056e-07
56700 -5.66107e-07
56800 -1.0056e-07
56900 -5.66107e-07
57000 -1.0056e-07
57100 -5.66107e-07
57200 -1.0056e-07
57300 -5.66107e-07
57400 -1.0056e-07
57500 -5.66107e-07
57600 -1.0056e-07
57700 -5.66107e-07
57800 -1.0056e-07
57900 -5.66107e-07
58000 -1.0056e-07
58100 -5.66107e-07
58200 -1.0056e-07
58300 -5.66107e-07
58400 -1.0056e-07
58500 -5.66107e-07
58600 -1.0056e-07
58700 -5.66107e-07
58800 -1.0056e-07
58900 -5.66107e-07
59000 -1.0056e-07
59100 -5.66107e-07
59200 -1.0056e-07
59300 -5.66107e-07
59400 -1.0056e-07
59500 -5.66107e-07
59600 -1.0056e-07
59700 -5.66107e-07
59800 -1.0056e-07
59900 -5.66107e-07
60000 -1.0056e-07
60100 -5.66107e-07
60200 -1.0056e-07
60300 -5.66107e-07
60400 -1.0056e-07
60500 -5.66107e-07
60600 -1.0056e-07
60700 -5.66107e-07
60800 -1.0056e-07
60900 -5.66107e-07
61000 -1.0056e-07
61100 -5.66107e-07
61200 -1.0056e-07
61300 -5.66107e-07
61400 -1.0056e-07
61500 -5.66107e-07
61600 -1.0056e-07
61700 -5.66107e-07
61800 -1.0056e-07
61900 -5.66107e-07
62000 -1.0056e-07
62100 -5.66107e-07
62200 -1.0056e-07
62300 -5.66107e-07
62400 -1.0056e-07
62500 -5.66107e-07
62600 -1.0056e-07
62700 -5.66107e-07
62800 -1.0056e-07
62900 -5.66107e-07
63000 -1.0056e-07
63100 -5.66107e-07
63200 -1.0056e-07
63300 -5.66107e-07
63400 -1.0056e-07
63500 -5.66107e-07
63600 -1.0056e-07
63700 -5.66107e-07
63800 -1.0056e-07
63900 -5.66107e-07
64000 -1.0056e-07
64100 -5.66107e-07
64200 -1.0056e-07
64300 -5.66107e-07
64400 -1.0056e-07
64500 -5.66107e-07
64600 -1.0056e-07
64700 -5.66107e-07
64800 -1.0056e-07
64900 -5.66107e-07
65000 -1.0056e-07
65100 -5.66107e-07
65200 -1.0056e-07
65300 -5.66107e-07
65400 -1.0056e-07
65500 -5.66107e-07
65600 -1.0056e-07
65700 -5.66107e-07
65800 -1.0056e-07
65900 -5.66107e-07
66000 -1.0056e-07
66100 -5.66107e-07
66200 -1.0056e-07
66300 -5.66107e-07
66400 -1.0056e-07
66500 -5.66107e-07
66600 -1.0056e-07
66700 -5.66107e-07
66800 -1.0056e-07
66900 -5.66107e-07
67000 -1.0056e-07
67100 -5.66107e-07
67200 -1.0056e-07
67300 -5.66107e-07
67400 -1.0056e-07
67500 -5.66107e-07
67600 -1.0056e-07
67700 -5.66107e-07
67800 -1.0056e-07
67900 -5.66107e-07
68000 -1.0056e-07
68100 -5.66107e-07
68200 -1.0056e-07
68300 -5.66107e-07
68400 -1.0056e-07
68500 -5.66107e-07
68600 -1.0056e-07
68700 -5.66107e-07
68800 -1.0056e-07
68900 -5.66107e-07
69000 -1.0056e-07
69100 -5.66107e-07
69200 -1.0056e-07
69300 -5.66107e-07
69400 -1.0056e-07
69500 -5.66107e-07
69600 -1.0056e-07
69700 -5.66107e-07
69800 -1.0056e-07
69900 -5.66107e-07
70000 -1.0056e-07
70100 -5.66107e-07
70200 -1.0056e-07
70300 -5.66107e-07
70400 -1.0056e-07
70500 -5.66107e-07
70600 -1.0056e-07
70700 -5.66107e-07
70800 -1.0056e-07
70900 -5.66107e-07
71000 -1.0056e-07
71100 -5.66107e-07
71200 -1.0056e-07
71300 -5.66107e-07
71400 -1.0056e-07
71500 -5.66107e-07
71600 -1.0056e-07
71700 -5.66107e-07
71800 -1.0056e-07
71900 -5.66107e-07
72000 -1.0056e-07
72100 -5.66107e-07
72200 -1.0056e-07
72300 -5.66107e-07
72400 -1.0056e-07
72500 -5.66107e-07
72600 -1.0056e-07
72700 -5.66107e-07
72800 -1.0056e-07
72900 -5.66107e-07
73000 -1.0056e-07
73100 -5.66107e-07
73200 -1.0056e-07
73300 -5.66107e-07
73400 -1.0056e-07
73500 -5.66107e-07
73600 -1.0056e-07
73700 -5.66107e-07
73800 -1.0056e-07
73900 -5.66107e-07
74000 -1.0056e-07
74100 -5.66107e-07
74200 -1.0056e-07
74300 -5.66107e-07
74400 -1.0056e-07
74500 -5.66107e-07
74600 -1.0056e-07
74700 -5.66107e-07
74800 -1.0056e-07
74900 -5.66107e-07
75000 -1.0056e-07
75100 -5.66107e-07
75200 -1.0056e-07
75300 -5.66107e-07
75400 -1.0056e-07
75500 -5.66107e-07
75600 -1.0056e-07
75700 -5.66107e-07
75800 -1.0056e-07
75900 -5.66107e-07
76000 -1.0056e-07
76100 -5.66107e-07
76200 -1.0056e-07
76300 -5.66107e-07
76400 -1.0056e-07
76500 -5.66107e-07
76600 -1.0056e-07
76700 -5.66107e-07
76800 -1.0056e-07
76900 -5.66107e-07
77000 -1.0056e-07
77100 -5.66107e-07
77200 -1.0056e-07
77300 -5.66107e-07
77400 -1.0056e-07
77500 -5.66107e-07
77600 -1.0056e-07
77700 -5.66107e-07
77800 -1.0056e-07
77900 -5.66107e-07
78000 -1.0056e-07
78100 -5.66107e-07
78200 -1.0056e-07
78300 -5.66107e-07
78400 -1.0056e-07
78500 -5.66107e-07
78600 -1.0056e-07
78700 -5.66107e-07
78800 -1.0056e-07
78900 -5.66107e-07
79000 -1.0056e-07
79100 -5.66107e-07
79200 -1.0056e-07
79300 -5.66107e-07
79400 -1.0056e-07
79500 -5.66107e-07
79600 -1.0056e-07
79700 -5.66107e-07
79800 -1.0056e-07
79900 -5.66107e-07
80000 -1.0056e-07
80100 -5.66107e-07
80200 -1.0056e-07
80300 -5.66107e-07
80400 -1.0056e-07
80500 -5.66107e-07
80600 -1.0056e-07
80700 -5.66107e-07
80800 -1.0056e-07
80900 -5.66107e-07
81000 -1.0056e-07
81100 -5.66107e-07
81200 -1.0056e-07
81300 -5.66107e-07
81400 -1.0056e-07
81500 -5.66107e-07
81600 -1.0056e-07
81700 -5.66107e-07
81800 -1.0056e-07
81900 -5.66107e-07
82000 -1.0056e-07
82100 -5.66107e-07
82200 -1.0056e-07
82300 -5.66107e-07
82400 -1.0056e-07
82500 -5.66107e-07
82600 -1.0056e-07
82700 -5.66107e-07
82800 -1.0056e-07
82900 -5.66107e-07
83000 -1.0056e-07
83100 -5.66107e-07
83200 -1.0056e-07
83300 -5.66107e-07
83400 -1.0056e-07
83500 -5.66107e-07
83600 -1.0056e-07
83700 -5.66107e-07
83800 -1.0056e-07
83900 -5.66107e-07
84000 -1.0056e-07
84100 -5.66107e-07
84200 -1.0056e-07
84300 -5.66107e-07
84400 -1.0056e-07
84500 -5.66107e-07
84600 -1.0056e-07
84700 -5.66107e-07
84800 -1.0056e-07
84900 -5.66107e-07
85000 -1.0056e-07
85100 -5.66107e-07
85200 -1.0056e-07
85300 -5.66107e-07
85400 -1.0056e-07
85500 -5.66107e-07
85600 -1.0056e-07
85700 -5.66107e-07
85800 -1.0056e-07
85900 -5.66107e-07
86000 -1.0056e-07
86100 -5.66107e-07
86200 -1.0056e-07
86300 -5.66107e-07
86400 -1.0056e-07
86500 -5.66107e-07
86600 -1.0056e-07
86700 -5.66107e-07
86800 -1.0056e-07
86900 -5.66107e-07
87000 -1.0056e-07
87100 -5.66107e-07
87200 -1.0056e-07
87300 -5.66107e-07
87400 -1.0056e-07
87500 -5.66107e-07
87600 -1.0056e-07
87700 -5.66107e-07
87800 -1.0056e-07
87900 -5.66107e-07
88000 -1.0056e-07
88100 -5.66107e-07
88200 -1.0056e-07
88300 -5.66107e-07
88400 -1.0056e-07
88500 -5.66107e-07
88600 -1.0056e-07
88700 -5.66107e-07
88800 -1.0056e-07
88900 -5.66107e-07
89000 -1.0056e-07
89100 -5.66107e-07
89200 -1.0056e-07
89300 -5.66107e-07
89400 -1.0056e-07
89500 -5.66107e-07
89600 -1.0056e-07
89700 -5.66107e-07
89800 -1.0056e-07
89900 -5.66107e-07
90000 -1.0056e-07
90100 -5.66107e-07
90200 -1.0056e-07
90300 -5.66107e-07
90400 -1.0056e-07
90500 -5.66107e-07
90600 -1.0056e-07
90700 -5.66107e-07
90800 -1.0056e-07
90900 -5.66107e-07
91000 -1.0056e-07
91100 -5.66107e-07
91200 -1.0056e-07
91300 -5.66107e-07
91400 -1.0056e-07
91500 -5.66107e-07
91600 -1.0056e-07
91700 -5.66107e-07
91800 -1.0056e-07
91900 -5.66107e-07
92000 -1.0056e-07
92100 -5.66107e-07
92200 -1.0056e-07
92300 -5.66107e-07
92400 -1.0056e-07
92500 -5.66107e-07
92600 -1.0056e-07
92700 -5.66107e-07
92800 -1.0056e-07
92900 -5.66107e-07
93000 -1.0056e-07
93100 -5.66107e-07
93200 -1.0056e-07
93300 -5.66107e-07
93400 -1.0056e-07
93500 -5.66107e-07
93600 -1.0056e-07
93700 -5.66107e-07
93800 -1.0056e-07
93900 -5.66107e-07
94000 -1.0056e-07
94100 -5.66107e-07
94200 -1.0056e-07
94300 -5.66107e-07
94400 -1.0056e-07
94500 -5.66107e-07
94600 -1.0056e-07
94700 -5.66107e-07
94800 -1.0056e-07
94900 -5.66107e-07
95000 -1.0056e-07
95100 -5.66107e-07
95200 -1.0056e-07
95300 -5.66107e-07
95400 -1.0056e-07
95500 -5.66107e-07
95600 -1.0056e-07
95700 -5.66107e-07
95800 -1.0056e-07
95900 -5.66107e-07
96000 -1.0056e-07
96100 -5.66107e-07
96200 -1.0056e-07
96300 -5.66107e-07
96400 -1.0056e-07
96500 -5.66107e-07
96600 -1.0056e-07
96700 -5.66107e-07
96800 -1.0056e-07
96900 -5.66107e-07
97000 -1.0056e-07
97100 -5.66107e-07
97200 -1.0056e-07
97300 -5.66107e-07
97400 -1.0056e-07
97500 -5.66107e-07
97600 -1.0056e-07
97700 -5.66107e-07
97800 -1.0056e-07
97900 -5.66107e-07
98000 -1.0056e-07
98100 -5.66107e-07
98200 -1.0056e-07
98300 -5.66107e-07
98400 -1.0056e-07
98500 -5.66107e-07
98600 -1.0056e-07
98700 -5.66107e-07
98800 -1.0056e-07
98900 -5.66107e-07
99000 -1.0056e-07
99100 -5.66107e-07
99200 -1.0056e-07
99300 -5.66107e-07
99400 -1.0056e-07
99500 -5.66107e-07
99600 -1.0056e-07
99700 -5.66107e-07
99800 -1.0056e-07
99900 -5.66107e-07
100000 -1.0056e-07
100100 -5.66107e-07
100200 -1.0056e-07
100300 -5.66107e-07
100400 -1.0056e-07
100500 -5.66107e-07
100600 -1.0056e-07
100700 -5.66107e-07
100800 -1.0056e-07
100900 -5.66107e-07
101000 -1.0056e-07
101100 -5.66107e-07
101200 -1.0056e-07
101300 -5.66107e-07
101400 -1.0056e-07
101500 -5.66107e-07
101600 -1.0056e-07
101700 -5.66107e-07
101800 -1.0056e-07
101900 -5.66107e-07
102000 -1.0056e-07
102100 -5.66107e-07
102200 -1.0056e-07
102300 -5.66107e-07
102400 -1.0056e-07
102500 -5.66107e-07
102600 -1.0056e-07
102700 -5.66107e-07
102800 -1.0056e-07
102900 -5.66107e-07
103000 -1.0056e-07
103100 -5.66107e-07
103200 -1.0056e-07
103300 -5.66107e-07
103400 -1.0056e-07
103500 -5.66107e-07
103600 -1.0056e-07
103700 -5.66107e-07
103800 -1.0056e-07
103900 -5.66107e-07
104000 -1.0056e-07
104100 -5.66107e-07
104200 -1.0056e-07
104300 -5.66107e-07
104400 -1.0056e-07
104500 -5.66107e-07
104600 -1.0056e-07
104700 -5.66107e-07
104800 -1.0056e-07
104900 -5.66107e-07
105000 -1.0056e-07
105100 -5.66107e-07
105200 -1.0056e-07
105300 -5.66107e-07
105400 -1.0056e-07
105500 -5.66107e-07
105600 -1.0056e-07
105700 -5.66107e-07
105800 -1.0056e-07
105900 -5.66107e-07
106000 -1.0056e-07
106100 -5.66107e-07
106200 -1.0056e-07
106300 -5.66107e-07
106400 -1.0056e-07
106500 -5.66107e-07
106600 -1.0056e-07
106700 -5.66107e-07
106800 -1.0056e-07
106900 -5.66107e-07
107000 -1.0056e-07
107100 -5.66107e-07
107200 -1.0056e-07
107300 -5.66107e-07
107400 -1.0056e-07
107500 -5.66107e-07
107600 -1.0056e-07
107700 -5.66107e-07
107800 -1.0056e-07
107900 -5.66107e-07
108000 -1.0056e-07
108100 -5.66107e-07
108200 -1.0056e-07
108300 -5.66107e-07
108400 -1.0056e-07
108500 -5.66107e-07
108600 -1.0056e-07
108700 -5.66107e-07
108800 -1.0056e-07
108900 -5.66107e-07
109000 -1.0056e-07
109100 -5.66107e-07
109200 -1.0056e-07
109300 -5.66107e-07
109400 -1.0056e-07
109500 -5.66107e-07
109600 -1.0056e-07
109700 -5.66107e-07
109800 -1.0056e-07
109900 -5.66107e-07
110000 -1.0056e-07
110100 -5.66107e-07
110200 -1.0056e-07
110300 -5.66107e-07
110400 -1.0056e-07
110500 -5.66107e-07
110600 -1.0056e-07
110700 -5.66107e-07
110800 -1.0056e-07
110900 -5.66107e-07
111000 -1.0056e-07
111100 -5.66107e-07
111200 -1.0056e-07
111300 -5.66107e-07
111400 -1.0056e-07
111500 -5.66107e-07
111600 -1.0056e-07
111700 -5.66107e-07
111800 -1.0056e-07
111900 -5.66107e-07
112000 -1.0056e-07
112100 -5.66107e-07
112200 -1.0056e-07
112300 -5.66107e-07
112400 -1.0056e-07
112500 -5.66107e-07
112600 -1.0056e-07
112700 -5.66107e-07
112800 -1.0056e-07
112900 -5.66107e-07
113000 -1.0056e-07
113100 -5.66107e-07
113200 -1.0056e-07
113300 -5.66107e-07
113400 -1.0056e-07
113500 -5.66107e-07
113600 -1.0056e-07
113700 -5.66107e-07
113800 -1.0056e-07
113900 -5.66107e-07
114000 -1.0056e-07
114100 -5.66107e-07
114200 -1.0056e-07
114300 -5.66107e-07
114400 -1.0056e-07
114500 -5.66107e-07
114600 -1.0056e-07
114700 -5.66107e-07
114800 -1.0056e-07
114900 -5.66107e-07
115000 -1.0056e-07
115100 -5.66107e-07
115200 -1.0056e-07
115300 -5.66107e-07
115400 -1.0056e-07
115500 -5.66107e-07
115600 -1.0056e-07
115700 -5.66107e-07
115800 -1.0056e-07
115900 -5.66107e-07
116000 -1.0056e-07
116100 -5.66107e-07
116200 -1.0056e-07
116300 -5.66107e-07
116400 -1.0056e-07
116500 -5.66107e-07
116600 -1.0056e-07
116700 -5.66107e-07
116800 -1.0056e-07
116900 -5.66107e-07
117000 -1.0056e-07
117100 -5.66107e-07
117200 -1.0056e-07
117300 -5.66107e-07
117400 -1.0056e-07
117500 -5.66107e-07
117600 -1.0056e-07
117700 -5.66107e-07
117800 -1.0056e-07
117900 -5.66107e-07
118000 -1.0056e-07
118100 -5.66107e-07
118200 -1.0056e-07
118300 -5.66107e-07
118400 -1.0056e-07
118500 -5.66107e-07
118600 -1.0056e-07
118700 -5.66107e-07
118800 -1.0056e-07
118900 -5.66107e-07
119000 -1.0056e-07
119100 -5.66107e-07
119200 -1.0056e-07
119300 -5.66107e-07
119400 -1.0056e-07
119500 -5.66107e-07
119600 -1.0056e-07
119700 -5.66107e-07
119800 -1.0056e-07
119900 -5.66107e-07
120000 -1.0056e-07
120100 -5.66107e-07
120200 -1.0056e-07
120300 -5.66107e-07
120400 -1.0056e-07
120500 -5.66107e-07
120600 -1.0056e-07
120700 -5.66107e-07
120800 -1.0056e-07
120900 -5.66107e-07
121000 -1.0056e-07
121100 -5.66107e-07
121200 -1.0056e-07
121300 -5.66107e-07
121400 -1.0056e-07
121500 -5.66107e-07
121600 -1.0056e-07
121700 -5.66107e-07
121800 -1.0056e-07
121900 -5.66107e-07
122000 -1.0056e-07
122100 -5.66107e-07
122200 -1.0056e-07
122300 -5.66107e-07
122400 -1.0056e-07
122500 -5.66107e-07
122600 -1.0056e-07
122700 -5.66107e-07
122800 -1.0056e-07
122900 -5.66107e-07
123000 -1.0056e-07
123100 -5.66107e-07
123200 -1.0056e-07
123300 -5.66107e-07
123400 -1.0056e-07
123500 -5.66107e-07
123600 -1.0056e-07
123700 -5.66107e-07
123800 -1.0056e-07
123900 -5.66107e-07
124000 -1.0056e-07
124100 -5.66107e-07
124200 -1.0056e-07
124300 -5.66107e-07
124400 -1.0056e-07
124500 -5.66107e-07
124600 -1.0056e-07
124700 -5.66107e-07
124800 -1.0056e-07
124900 -5.66107e-07
125000 -1.0056e-07
125100 -5.66107e-07
125200 -1.0056e-07
125300 -5.66107e-07
125400 -1.0056e-07
125500 -5.66107e-07
125600 -1.0056e-07
125700 -5.66107e-07
125800 -1.0056e-07
125900 -5.66107e-07
126000 -1.0056e-07
126100 -5.66107e-07
126200 -1.0056e-07
126300 -5.66107e-07
126400 -1.0056e-07
126500 -5.66107e-07
126600 -1.0056e-07
126700 -5.66107e-07
126800 -1.0056e-07
126900 -5.66107e-07
127000 -1.0056e-07
127100 -5.66107e-07
127200 -1.0056e-07
127300 -5.66107e-07
127400 -1.0056e-07
127500 -5.66107e-07
127600 -1.0056e-07
127700 -5.66107e-07
127800 -1.0056e-07
127900 -5.66107e-07
128000 -1.0056e-07
128100 -5.66107e-07
128200 -1.0056e-07
128300 -5.66107e-07
128400 -1.0056e-07
128500 -5.66107e-07
128600 -1.0056e-07
128700 -5.66107e-07
128800 -1.0056e-07
128900 -5.66107e-07
129000 -1.0056e-07
129100 -5.66107e-07
129200 -1.0056e-07
129300 -5.66107e-07
129400 -1.0056e-07
129500 -5.66107e-07
129600 -1.0056e-07
129700 -5.66107e-07
129800 -1.0056e-07
129900 -5.66107e-07
130000 -1.0056e-07
130100 -5.66107e-07
130200 -1.0056e-07
130300 -5.66107e-07
130400 -1.0056e-07
130500 -5.66107e-07
130600 -1.0056e-07
130700 -5.66107e-07
130800 -1.0056e-07
130900 -5.66107e-07
131000 -1.0056e-07
131100 -5.66107e-07
131200 -1.0056e-07
131300 -5.66107e-07
131400 -1.0056e-07
131500 -5.66107e-07
131600 -1.0056e-07
131700 -5.66107e-07
131800 -1.0056e-07
131900 -5.66107e-07
132000 -1.0056e-07
132100 -5.66107e-07
132200 -1.0056e-07
132300 -5.66107e-07
132400 -1.0056e-07
132500 -5.66107e-07
132600 -1.0056e-07
132700 -5.66107e-07
132800 -1.0056e-07
132900 -5.66107e-07
133000 -1.0056e-07
133100 -5.66107e-07
133200 -1.0056e-07
133300 -5.66107e-07
133400 -1.0056e-07
133500 -5.66107e-07
133600 -1.0056e-07
133700 -5.66107e-07
133800 -1.0056e-07
133900 -5.66107e-07
134000 -1.0056e-07
134100 -5.66107e-07
134200 -1.0056e-07
134300 -5.66107e-07
134400 -1.0056e-07
134500 -5.66107e-07
134600 -1.0056e-07
134700 -5.66107e-07
134800 -1.0056e-07
134900 -5.66107e-07
135000 -1.0056e-07
135100 -5.66107e-07
135200 -1.0056e-07
135300 -5.66107e-07
135400 -1.0056e-07
135500 -5.66107e-07
135600 -1.0056e-07
135700 -5.66107e-07
135800 -1.0056e-07
135900 -5.66107e-07
136000 -1.0056e-07
136100 -5.66107e-07
136200 -1.0056e-07
136300 -5.66107e-07
136400 -1.0056e-07
136500 -5.66107e-07
136600 -1.0056e-07
136700 -5.66107e-07
136800 -1.0056e-07
136900 -5.66107e-07
137000 -1.0056e-07
137100 -5.66107e-07
137200 -1.0056e-07
137300 -5.66107e-07
137400 -1.0056e-07
137500 -5.66107e-07
137600 -1.0056e-07
137700 -5.66107e-07
137800 -1.0056e-07
137900 -5.66107e-07
138000 -1.0056e-07
138100 -5.66107e-07
138200 -1.0056e-07
138300 -5.66107e-07
138400 -1.0056e-07
138500 -5.66107e-07
138600 -1.0056e-07
138700 -5.66107e-07
138800 -1.0056e-07
138900 -5.66107e-07
139000 -1.0056e-07
139100 -5.66107e-07
139200 -1.0056e-07
139300 -5.66107e-07
139400 -1.0056e-07
139500 -5.66107e-07
139600 -1.0056e-07
139700 -5.66107e-07
139800 -1.0056e-07
139900 -5.66107e-07
140000 -1.0056e-07
140100 -5.66107e-07
140200 -1.0056e-07
140300 -5.66107e-07
140400 -1.0056e-07
140500 -5.66107e-07
140600 -1.0056e-07
140700 -5.66107e-07
140800 -1.0056e-07
140900 -5.66107e-07
141000 -1.0056e-07
141100 -5.66107e-07
141200 -1.0056e-07
141300 -5.66107e-07
141400 -1.0056e-07
141500 -5.66107e-07
141600 -1.0056e-07
141700 -5.66107e-07
141800 -1.0056e-07
141900 -5.66107e-07
142000 -1.0056e-07
142100 -5.66107e-07
142200 -1.0056e-07
142300 -5.66107e-07
142400 -1.0056e-07
142500 -5.66107e-07
142600 -1.0056e-07
142700 -5.66107e-07
142800 -1.0056e-07
142900 -5.66107e-07
143000 -1.0056e-07
143100 -5.66107e-07
143200 -1.0056e-07
143300 -5.66107e-07
143400 -1.0056e-07
143500 -5.66107e-07
143600 -1.0056e-07
143700 -5.66107e-07
143800 -1.0056e-07
143900 -5.66107e-07
144000 -1.0056e-07
144100 -5.66107e-07
144200 -1.0056e-07
144300 -5.66107e-07
144400 -1.0056e-07
144500 -5.66107e-07
144600 -1.0056e-07
144700 -5.66107e-07
144800 -1.0056e-07
144900 -5.66107e-07
145000 -1.0056e-07
145100 -5.66107e-07
145200 -1.0056e-07
145300 -5.66107e-07
145400 -1.0056e-07
145500 -5.66107e-07
145600 -1.0056e-07
145700 -5.66107e-07
145800 -1.0056e-07
145900 -5.66107e-07
146000 -1.0056e-07
146100 -5.66107e-07
146200 -1.0056e-07
146300 -5.66107e-07
146400 -1.0056e-07
146500 -5.66107e-07
146600 -1.0056e-07
146700 -5.66107e-07
146800 -1.0056e-07
146900 -5.66107e-07
147000 -1.0056e-07
147100 -5.66107e-07
147200 -1.0056e-07
147300 -5.66107e-07
147400 -1.0056e-07
147500 -5.66107e-07
147600 -1.0056e-07
147700 -5.66107e-07
147800 -1.0056e-07
147900 -5.66107e-07
148000 -1.0056e-07
148100 -5.66107e-07
148200 -1.0056e-07
148300 -5.66107e-07
148400 -1.0056e-07
148500 -5.66107e-07
148600 -1.0056e-07
148700 -5.66107e-07
148800 -1.0056e-07
148900 -5.66107e-07
149000 -1.0056e-07
149100 -5.66107e-07
149200 -1.0056e-07
149300 -5.66107e-07
149400 -1.0056e-07
149500 -5.66107e-07
149600 -1.0056e-07
149700 -5.66107e-07
149800 -1.0056e-07
149900 -5.66107e-07
150000 -1.0056e-07
150100 -5.66107e-07
150200 -1.0056e-07
150300 -5.66107e-07
150400 -1.0056e-07
150500 -5.66107e-07
150600 -1.0056e-07
150700 -5.66107e-07
150800 -1.0056e-07
150900 -5.66107e-07
151000 -1.0056e-07
151100 -5.66107e-07
151200 -1.0056e-07
151300 -5.66107e-07
151400 -1.0056e-07
151500 -5.66107e-07
151600 -1.0056e-07
151700 -5.66107e-07
151800 -1.0056e-07
151900 -5.66107e-07
152000 -1.0056e-07
152100 -5.66107e-07
152200 -1.0056e-07
152300 -5.66107e-07
152400 -1.0056e-07
152500 -5.66107e-07
152600 -1.0056e-07
152700 -5.66107e-07
152800 -1.0056e-07
152900 -5.66107e-07
153000 -1.0056e-07
153100 -5.66107e-07
153200 -1.0056e-07
153300 -5.66107e-07
153400 -1.0056e-07
153500 -5.66107e-07
153600 -1.0056e-07
153700 -5.66107e-07
153800 -1.0056e-07
153900 -5.66107e-07
154000 -1.0056e-07
154100 -5.66107e-07
154200 -1.0056e-07
154300 -5.66107e-07
154400 -1.0056e-07
154500 -5.66107e-07
154600 -1.0056e-07
154700 -5.66107e-07
154800 -1.0056e-07
154900 -5.66107e-07
155000 -1.0056e-07
155100 -5.66107e-07
155200 -1.0056e-07
155300 -5.66107e-07
155400 -1.0056e-07
155500 -5.66107e-07
155600 -1.0056e-07
155700 -5.66107e-07
155800 -1.0056e-07
155900 -5.66107e-07
156000 -1.0056e-07
156100 -5.66107e-07
156200 -1.0056e-07
156300 -5.66107e-07
156400 -1.0056e-07
156500 -5.66107e-07
156600 -1.0056e-07
156700 -5.66107e-07
156800 -1.0056e-07
156900 -5.66107e-07
157000 -1.0056e-07
157100 -5.66107e-07
157200 -1.0056e-07
157300 -5.66107e-07
157400 -1.0056e-07
157500 -5.66107e-07
157600 -1.0056e-07
157700 -5.66107e-07
157800 -1.0056e-07
157900 -5.66107e-07
158000 -1.0056e-07
158100 -5.66107e-07
158200 -1.0056e-07
158300 -5.66107e-07
158400 -1.0056e-07
158500 -5.66107e-07
158600 -1.0056e-07
158700 -5.66107e-07
158800 -1.0056e-07
158900 -5.66107e-07
159000 -1.0056e-07
159100 -5.66107e-07
159200 -1.0056e-07
159300 -5.66107e-07
159400 -1.0056e-07
159500 -5.66107e-07
159600 -1.0056e-07
159700 -5.66107e-07
159800 -1.0056e-07
159900 -5.66107e-07
160000 -1.0056e-07
160100 -5.66107e-07
160200 -1.0056e-07
160300 -5.66107e-07
160400 -1.0056e-07
160500 -5.66107e-07
160600 -1.0056e-07
160700 -5.66107e-07
160800 -1.0056e-07
160900 -5.66107e-07
161000 -1.0056e-07
161100 -5.66107e-07
161200 -1.0056e-07
161300 -5.66107e-07
161400 -1.0056e-07
161500 -5.66107e-07
161600 -1.0056e-07
161700 -5.66107e-07
161800 -1.0056e-07
161900 -5.66107e-07
162000 -1.0056e-07
162100 -5.66107e-07
162200 -1.0056e-07
162300 -5.66107e-07
162400 -1.0056e-07
162500 -5.66107e-07
162600 -1.0056e-07
162700 -5.66107e-07
162800 -1.0056e-07
162900 -5.66107e-07
163000 -1.0056e-07
163100 -5.66107e-07
163200 -1.0056e-07
163300 -5.66107e-07
163400 -1.0056e-07
163500 -5.66107e-07
163600 -1.0056e-07
163700 -5.66107e-07
163800 -1.0056e-07
163900 -5.66107e-07
164000 -1.0056e-07
164100 -5.66107e-07
164200 -1.0056e-07
164300 -5.66107e-07
164400 -1.0056e-07
164500 -5.66107e-07
164600 -1.0056e-07
164700 -5.66107e-07
164800 -1.0056e-07
164900 -5.66107e-07
165000 -1.0056e-07
165100 -5.66107e-07
165200 -1.0056e-07
165300 -5.66107e-07
165400 -1.0056e-07
165500 -5.66107e-07
165600 -1.0056e-07
165700 -5.66107e-07
165800 -1.0056e-07
165900 -5.66107e-07
166000 -1.0056e-07
166100 -5.66107e-07
166200 -1.0056e-07
166300 -5.66107e-07
166400 -1.0056e-07
166500 -5.66107e-07
166600 -1.0056e-07
166700 -5.66107e-07
166800 -1.0056e-07
166900 -5.66107e-07
167000 -1.0056e-07
167100 -5.66107e-07
167200 -1.0056e-07
167300 -5.66107e-07
167400 -1.0056e-07
167500 -5.66107e-07
167600 -1.0056e-07
167700 -5.66107e-07
167800 -1.0056e-07
167900 -5.66107e-07
168000 -1.0056e-07
168100 -5.66107e-07
168200 -1.0056e-07
168300 -5.66107e-07
168400 -1.0056e-07
168500 -5.66107e-07
168600 -1.0056e-07
168700 -5.66107e-07
168800 -1.0056e-07
168900 -5.66107e-07
169000 -1.0056e-07
169100 -5.66107e-07
169200 -1.0056e-07
169300 -5.66107e-07
169400 -1.0056e-07
169500 -5.66107e-07
169600 -1.0056e-07
169700 -5.66107e-07
169800 -1.0056e-07
169900 -5.66107e-07
170000 -1.0056e-07
170100 -5.66107e-07
170200 -1.0056e-07
170300 -5.66107e-07
170400 -1.0056e-07
170500 -5.66107e-07
170600 -1.0056e-07
170700 -5.66107e-07
170800 -1.0056e-07
170900 -5.66107e-07
171000 -1.0056e-07
171100 -5.66107e-07
171200 -1.0056e-07
171300 -5.66107e-07
171400 -1.0056e-07
171500 -5.66107e-07
171600 -1.0056e-07
171700 -5.66107e-07
171800 -1.0056e-07
171900 -5.66107e-07
172000 -1.0056e-07
172100 -5.66107e-07
172200 -1.0056e-07
172300 -5.66107e-07
172400 -1.0056e-07
172500 -5.66107e-07
172600 -1.0056e-07
172700 -5.66107e-07
172800 -1.0056e-07
172900 -5.66107e-07
173000 -1.0056e-07
173100 -5.66107e-07
173200 -1.0056e-07
173300 -5.66107e-07
173400 -1.0056e-07
173500 -5.66107e-07
173600 -1.0056e-07
173700 -5.66107e-07
173800 -1.0056e-07
173900 -5.66107e-07
174000 -1.0056e-07
174100 -5.66107e-07
174200 -1.0056e-07
174300 -5.66107e-07
174400 -1.0056e-07
174500 -5.66107e-07
174600 -1.0056e-07
174700 -5.66107e-07
174800 -1.0056e-07
174900 -5.66107e-07
175000 -1.0056e-07
175100 -5.66107e-07
175200 -1.0056e-07
175300 -5.66107e-07
175400 -1.0056e-07
175500 -5.66107e-07
175600 -1.0056e-07
175700 -5.66107e-07
175800 -1.0056e-07
175900 -5.66107e-07
176000 -1.0056e-07
176100 -5.66107e-07
176200 -1.0056e-07
176300 -5.66107e-07
176400 -1.0056e-07
176500 -5.66107e-07
176600 -1.0056e-07
176700 -5.66107e-07
176800 -1.0056e-07
176900 -5.66107e-07
177000 -1.0056e-07
177100 -5.66107e-07
177200 -1.0056e-07
177300 -5.66107e-07
177400 -1.0056e-07
177500 -5.66107e-07
177600 -1.0056e-07
177700 -5.66107e-07
177800 -1.0056e-07
177900 -5.66107e-07
178000 -1.0056e-07
178100 -5.66107e-07
178200 -1.0056e-07
178300 -5.66107e-07
178400 -1.0056e-07
178500 -5.66107e-07
178600 -1.0056e-07
178700 -5.66107e-07
178800 -1.0056e-07
178900 -5.66107e-07
179000 -1.0056e-07
179100 -5.66107e-07
179200 -1.0056e-07
179300 -5.66107e-07
179400 -1.0056e-07
179500 -5.66107e-07
179600 -1.0056e-07
179700 -5.66107e-07
179800 -1.0056e-07
179900 -5.66107e-07
180000 -1.0056e-07
180100 -5.66107e-07
180200 -1.0056e-07
180300 -5.66107e-07
180400 -1.0056e-07
180500 -5.66107e-07
180600 -1.0056e-07
180700 -5.66107e-07
180800 -1.0056e-07
180900 -5.66107e-07
181000 -1.0056e-07
181100 -5.66107e-07
181200 -1.0056e-07
181300 -5.66107e-07
181400 -1.0056e-07
181500 -5.66107e-07
181600 -1.0056e-07
181700 -5.66107e-07
181800 -1.0056e-07
181900 -5.66107e-07
182000 -1.0056e-07
182100 -5.66107e-07
182200 -1.0056e-07
182300 -5.66107e-07
182400 -1.0056e-07
182500 -5.66107e-07
182600 -1.0056e-07
182700 -5.66107e-07
182800 -1.0056e-07
182900 -5.66107e-07
183000 -1.0056e-07
183100 -5.66107e-07
183200 -1.0056e-07
183300 -5.66107e-07
183400 -1.0056e-07
183500 -5.66107e-07
183600 -1.0056e-07
183700 -5.66107e-07
183800 -1.0056e-07
183900 -5.66107e-07
184000 -1.0056e-07
184100 -5.66107e-07
184200 -1.0056e-07
184300 -5.66107e-07
184400 -1.0056e-07
184500 -5.66107e-07
184600 -1.0056e-07
184700 -5.66107e-07
184800 -1.0056e-07
184900 -5.66107e-07
185000 -1.0056e-07
185100 -5.66107e-07
185200 -1.0056e-07
185300 -5.66107e-07
185400 -1.0056e-07
185500 -5.66107e-07
185600 -1.0056e-07
185700 -5.66107e-07
185800 -1.0056e-07
185900 -5.66107e-07
186000 -1.0056e-07
186100 -5.66107e-07
186200 -1.0056e-07
186300 -5.66107e-07
186400 -1.0056e-07
186500 -5.66107e-07
186600 -1.0056e-07
186700 -5.66107e-07
186800 -1.0056e-07
186900 -5.66107e-07
187000 -1.0056e-07
187100 -5.66107e-07
187200 -1.0056e-07
187300 -5.66107e-07
187400 -1.0056e-07
187500 -5.66107e-07
187600 -1.0056e-07
187700 -5.66107e-07
187800 -1.0056e-07
187900 -5.66107e-07
188000 -1.0056e-07
188100 -5.66107e-07
188200 -1.0056e-07
188300 -5.66107e-07
188400 -1.0056e-07
188500 -5.66107e-07
188600 -1.0056e-07
188700 -5.66107e-07
188800 -1.0056e-07
188900 -5.66107e-07
189000 -1.0056e-07
189100 -5.66107e-07
189200 -1.0056e-07
189300 -5.66107e-07
189400 -1.0056e-07
189500 -5.66107e-07
189600 -1.0056e-07
189700 -5.66107e-07
189800 -1.0056e-07
189900 -5.66107e-07
190000 -1.0056e-07
190100 -5.66107e-07
190200 -1.0056e-07
190300 -5.66107e-07
190400 -1.0056e-07
190500 -5.66107e-07
190600 -1.0056e-07
190700 -5.66107e-07
190800 -1.0056e-07
190900 -5.66107e-07
191000 -1.0056e-07
191100 -5.66107e-07
191200 -1.0056e-07
191300 -5.66107e-07
191400 -1.0056e-07
191500 -5.66107e-07
191600 -1.0056e-07
191700 -5.66107e-07
191800 -1.0056e-07
191900 -5.66107e-07
192000 -1.0056e-07
192100 -5.66107e-07
192200 -1.0056e-07
192300 -5.66107e-07
192400 -1.0056e-07
192500 -5.66107e-07
192600 -1.0056e-07
192700 -5.66107e-07
192800 -1.0056e-07
192900 -5.66107e-07
193000 -1.0056e-07
193100 -5.66107e-07
193200 -1.0056e-07
193300 -5.66107e-07
193400 -1.0056e-07
193500 -5.66107e-07
193600 -1.0056e-07
193700 -5.66107e-07
193800 -1.0056e-07
193900 -5.66107e-07
194000 -1.0056e-07
194100 -5.66107e-07
194200 -1.0056e-07
194300 -5.66107e-07
194400 -1.0056e-07
194500 -5.66107e-07
194600 -1.0056e-07
194700 -5.66107e-07
194800 -1.0056e-07
194900 -5.66107e-07
195000 -1.0056e-07
195100 -5.66107e-07
195200 -1.0056e-07
195300 -5.66107e-07
195400 -1.0056e-07
195500 -5.66107e-07
195600 -1.0056e-07
195700 -5.66107e-07
195800 -1.0056e-07
195900 -5.66107e-07
196000 -1.0056e-07
196100 -5.66107e-07
196200 -1.0056e-07
196300 -5.66107e-07
196400 -1.0056e-07
196500 -5.66107e-07
196600 -1.0056e-07
196700 -5.66107e-07
196800 -1.0056e-07
196900 -5.66107e-07
197000 -1.0056e-07
197100 -5.66107e-07
197200 -1.0056e-07
197300 -5.66107e-07
197400 -1.0056e-07
197500 -5.66107e-07
197600 -1.0056e-07
197700 -5.66107e-07
197800 -1.0056e-07
197900 -5.66107e-07
198000 -1.0056e-07
198100 -5.66107e-07
198200 -1.0056e-07
198300 -5.66107e-07
198400 -1.0056e-07
198500 -5.66107e-07
198600 -1.0056e-07
198700 -5.66107e-07
198800 -1.0056e-07
198900 -5.66107e-07
199000 -1.0056e-07
199100 -5.66107e-07
199200 -1.0056e-07
199300 -5.66107e-07
199400 -1.0056e-07
199500 -5.66107e-07
199600 -1.0056e-07
199700 -5.66107e-07
199800 -1.0056e-07
199900 -5.66107e-07
200000 -1.0056e-07
200100 -5.66107e-07
200200 -1.0056e-07
200300 -5.66107e-07
200400 -1.0056e-07
200500 -5.66107e-07
200600 -1.0056e-07
200700 -5.66107e-07
200800 -1.0056e-07
200900 -5.66107e-07
201000 -1.0056e-07
201100 -5.66107e-07
201200 -1.0056e-07
201300 -5.66107e-07
201400 -1.0056e-07
201500 -5.66107e-07
201600 -1.0056e-07
201700 -5.66107e-07
201800 -1.0056e-07
201900 -5.66107e-07
202000 -1.0056e-07
202100 -5.66107e-07
202200 -1.0056e-07
202300 -5.66107e-07
202400 -1.0056e-07
202500 -5.66107e-07
202600 -1.0056e-07
202700 -5.66107e-07
202800 -1.0056e-07
202900 -5.66107e-07
203000 -1.0056e-07
203100 -5.66107e-07
203200 -1.0056e-07
203300 -5.66107e-07
203400 -1.0056e-07
203500 -5.66107e-07
203600 -1.0056e-07
203700 -5.66107e-07
203800 -1.0056e-07
203900 -5.66107e-07
204000 -1.0056e-07
204100 -5.66107e-07
204200 -1.0056e-07
204300 -5.66107e-07
204400 -1.0056e-07
204500 -5.66107e-07
204600 -1.0056e-07
204700 -5.66107e-07
204800 -1.0056e-07
204900 -5.66107e-07
205000 -1.0056e-07
205100 -5.66107e-07
205200 -1.0056e-07
205300 -5.66107e-07
205400 -1.0056e-07
205500 -5.66107e-07
205600 -1.0056e-07
205700 -5.66107e-07
205800 -1.0056e-07
205900 -5.66107e-07
206000 -1.0056e-07
206100 -5.66107e-07
206200 -1.0056e-07
206300 -5.66107e-07
206400 -1.0056e-07
206500 -5.66107e-07
206600 -1.0056e-07
206700 -5.66107e-07
206800 -1.0056e-07
206900 -5.66107e-07
207000 -1.0056e-07
207100 -5.66107e-07
207200 -1.0056e-07
207300 -5.66107e-07
207400 -1.0056e-07
207500 -5.66107e-07
207600 -1.0056e-07
207700 -5.66107e-07
207800 -1.0056e-07
207900 -5.66107e-07
208000 -1.0056e-07
208100 -5.66107e-07
208200 -1.0056e-07
208300 -5.66107e-07
208400 -1.0056e-07
208500 -5.66107e-07
208600 -1.0056e-07
208700 -5.66107e-07
208800 -1.0056e-07
208900 -5.66107e-07
209000 -1.0056e-07
209100 -5.66107e-07
209200 -1.0056e-07
209300 -5.66107e-07
209400 -1.0056e-07
209500 -5.66107e-07
209600 -1.0056e-07
209700 -5.66107e-07
209800 -1.0056e-07
209900 -5.66107e-07
210000 -1.0056e-07
210100 -5.66107e-07
210200 -1.0056e-07
210300 -5.66107e-07
210400 -1.0056e-07
210500 -5.66107e-07
210600 -1.0056e-07
210700 -5.66107e-07
210800 -1.0056e-07
210900 -5.66107e-07
211000 -1.0056e-07
211100 -5.66107e-07
211200 -1.0056e-07
211300 -5.66107e-07
211400 -1.0056e-07
211500 -5.66107e-07
211600 -1.0056e-07
211700 -5.66107e-07
211800 -1.0056e-07
211900 -5.66107e-07
212000 -1.0056e-07
212100 -5.66107e-07
212200 -1.0056e-07
212300 -5.66107e-07
212400 -1.0056e-07
212500 -5.66107e-07
212600 -1.0056e-07
212700 -5.66107e-07
212800 -1.0056e-07
212900 -5.66107e-07
213000 -1.0056e-07
213100 -5.66107e-07
213200 -1.0056e-07
213300 -5.66107e-07
213400 -1.0056e-07
213500 -5.66107e-07
213600 -1.0056e-07
213700 -5.66107e-07
213800 -1.0056e-07
213900 -5.66107e-07
214000 -1.0056e-07
214100 -5.66107e-07
214200 -1.0056e-07
214300 -5.66107e-07
214400 -1.0056e-07
214500 -5.66107e-07
214600 -1.0056e-07
214700 -5.66107e-07
214800 -1.0056e-07
214900 -5.66107e-07
215000 -1.0056e-07
215100 -5.66107e-07
215200 -1.0056e-07
215300 -5.66107e-07
215400 -1.0056e-07
215500 -5.66107e-07
215600 -1.0056e-07
215700 -5.66107e-07
215800 -1.0056e-07
215900 -5.66107e-07
216000 -1.0056e-07
216100 -5.66107e-07
216200 -1.0056e-07
216300 -5.66107e-07
216400 -1.0056e-07
216500 -5.66107e-07
216600 -1.0056e-07
216700 -5.66107e-07
216800 -1.0056e-07
216900 -5.66107e-07
217000 -1.0056e-07
217100 -5.66107e-07
217200 -1.0056e-07
217300 -5.66107e-07
217400 -1.0056e-07
217500 -5.66107e-07
217600 -1.0056e-07
217700 -5.66107e-07
217800 -1.0056e-07
217900 -5.66107e-07
218000 -1.0056e-07
218100 -5.66107e-07
218200 -1.0056e-07
218300 -5.66107e-07
218400 -1.0056e-07
218500 -5.66107e-07
218600 -1.0056e-07
218700 -5.66107e-07
218800 -1.0056e-07
218900 -5.66107e-07
219000 -1.0056e-07
219100 -5.66107e-07
219200 -1.0056e-07
219300 -5.66107e-07
219400 -1.0056e-07
219500 -5.66107e-07
219600 -1.0056e-07
219700 -5.66107e-07
219800 -1.0056e-07
219900 -5.66107e-07
220000 -1.0056e-07
220100 -5.66107e-07
220200 -1.0056e-07
220300 -5.66107e-07
220400 -1.0056e-07
220500 -5.66107e-07
220600 -1.0056e-07
220700 -5.66107e-07
220800 -1.0056e-07
220900 -5.66107e-07
221000 -1.0056e-07
221100 -5.66107e-07
221200 -1.0056e-07
221300 -5.66107e-07
221400 -1.0056e-07
221500 -5.66107e-07
221600 -1.0056e-07
221700 -5.66107e-07
221800 -1.0056e-07
221900 -5.66107e-07
222000 -1.0056e-07
222100 -5.66107e-07
222200 -1.0056e-07
222300 -5.66107e-07
222400 -1.0056e-07
222500 -5.66107e-07
222600 -1.0056e-07
222700 -5.66107e-07
222800 -1.0056e-07
222900 -5.66107e-07
223000 -1.0056e-07
223100 -5.66107e-07
223200 -1.0056e-07
223300 -5.66107e-07
223400 -1.0056e-07
223500 -5.66107e-07
223600 -1.0056e-07
223700 -5.66107e-07
223800 -1.0056e-07
223900 -5.66107e-07
224000 -1.0056e-07
224100 -5.66107e-07
224200 -1.0056e-07
224300 -5.66107e-07
224400 -1.0056e-07
224500 -5.66107e-07
224600 -1.0056e-07
224700 -5.66107e-07
224800 -1.0056e-07
224900 -5.66107e-07
225000 -1.0056e-07
225100 -5.66107e-07
225200 -1.0056e-07
225300 -5.66107e-07
225400 -1.0056e-07
225500 -5.66107e-07
225600 -1.0056e-07
225700 -5.66107e-07
225800 -1.0056e-07
225900 -5.66107e-07
226000 -1.0056e-07
226100 -5.66107e-07
226200 -1.0056e-07
226300 -5.66107e-07
226400 -1.0056e-07
226500 -5.66107e-07
226600 -1.0056e-07
226700 -5.66107e-07
226800 -1.0056e-07
226900 -5.66107e-07
227000 -1.0056e-07
227100 -5.66107e-07
227200 -1.0056e-07
227300 -5.66107e-07
227400 -1.0056e-07
227500 -5.66107e-07
227600 -1.0056e-07
227700 -5.66107e-07
227800 -1.0056e-07
227900 -5.66107e-07
228000 -1.0056e-07
228100 -5.66107e-07
228200 -1.0056e-07
228300 -5.66107e-07
228400 -1.0056e-07
228500 -5.66107e-07
228600 -1.0056e-07
228700 -5.66107e-07
228800 -1.0056e-07
228900 -5.66107e-07
229000 -1.0056e-07
229100 -5.66107e-07
229200 -1.0056e-07
229300 -5.66107e-07
229400 -1.0056e-07
229500 -5.66107e-07
229600 -1.0056e-07
229700 -5.66107e-07
229800 -1.0056e-07
229900 -5.66107e-07
230000 -1.0056e-07
230100 -5.66107e-07
230200 -1.0056e-07
230300 -5.66107e-07
230400 -1.0056e-07
230500 -5.66107e-07
230600 -1.0056e-07
230700 -5.66107e-07
230800 -1.0056e-07
230900 -5.66107e-07
231000 -1.0056e-07
231100 -5.66107e-07
231200 -1.0056e-07
231300 -5.66107e-07
231400 -1.0056e-07
231500 -5.66107e-07
231600 -1.0056e-07
231700 -5.66107e-07
231800 -1.0056e-07
231900 -5.66107e-07
232000 -1.0056e-07
232100 -5.66107e-07
232200 -1.0056e-07
232300 -5.66107e-07
232400 -1.0056e-07
232500 -5.66107e-07
232600 -1.0056e-07
232700 -5.66107e-07
232800 -1.0056e-07
232900 -5.66107e-07
233000 -1.0056e-07
233100 -5.66107e-07
233200 -1.0056e-07
233300 -5.66107e-07
233400 -1.0056e-07
233500 -5.66107e-07
233600 -1.0056e-07
233700 -5.66107e-07
233800 -1.0056e-07
233900 -5.66107e-07
234000 -1.0056e-07
234100 -5.66107e-07
234200 -1.0056e-07
234300 -5.66107e-07
234400 -1.0056e-07
234500 -5.66107e-07
234600 -1.0056e-07
234700 -5.66107e-07
234800 -1.0056e-07
234900 -5.66107e-07
235000 -1.0056e-07
235100 -5.66107e-07
235200 -1.0056e-07
235300 -5.66107e-07
235400 -1.0056e-07
235500 -5.66107e-07
235600 -1.0056e-07
235700 -5.66107e-07
235800 -1.0056e-07
235900 -5.66107e-07
236000 -1.0056e-07
236100 -5.66107e-07
236200 -1.0056e-07
236300 -5.66107e-07
236400 -1.0056e-07
236500 -5.66107e-07
236600 -1.0056e-07
236700 -5.66107e-07
236800 -1.0056e-07
236900 -5.66107e-07
237000 -1.0056e-07
237100 -5.66107e-07
237200 -1.0056e-07
237300 -5.66107e-07
237400 -1.0056e-07
237500 -5.66107e-07
237600 -1.0056e-07
237700 -5.66107e-07
237800 -1.0056e-07
237900 -5.66107e-07
238000 -1.0056e-07
238100 -5.66107e-07
238200 -1.0056e-07
238300 -5.66107e-07
238400 -1.0056e-07
238500 -5.66107e-07
238600 -1.0056e-07
238700 -5.66107e-07
238800 -1.0056e-07
238900 -5.66107e-07
239000 -1.0056e-07
239100 -5.66107e-07
239200 -1.0056e-07
239300 -5.66107e-07
239400 -1.0056e-07
239500 -5.66107e-07
239600 -1.0056e-07
239700 -5.66107e-07
239800 -1.0056e-07
239900 -5.66107e-07
240000 -1.0056e-07
240100 -5.66107e-07
240200 -1.0056e-07
240300 -5.66107e-07
240400 -1.0056e-07
240500 -5.66107e-07
240600 -1.0056e-07
240700 -5.66107e-07
240800 -1.0056e-07
240900 -5.66107e-07
241000 -1.0056e-07
241100 -5.66107e-07
241200 -1.0056e-07
241300 -5.66107e-07
241400 -1.0056e-07
241500 -5.66107e-07
241600 -1.0056e-07
241700 -5.66107e-07
241800 -1.0056e-07
241900 -5.66107e-07
242000 -1.0056e-07
242100 -5.66107e-07
242200 -1.0056e-07
242300 -5.66107e-07
242400 -1.0056e-07
242500 -5.66107e-07
242600 -1.0056e-07
242700 -5.66107e-07
242800 -1.0056e-07
242900 -5.66107e-07
243000 -1.0056e-07
243100 -5.66107e-07
243200 -1.0056e-07
243300 -5.66107e-07
243400 -1.0056e-07
243500 -5.66107e-07
243600 -1.0056e-07
243700 -5.66107e-07
243800 -1.0056e-07
243900 -5.66107e-07
244000 -1.0056e-07
244100 -5.66107e-07
244200 -1.0056e-07
244300 -5.66107e-07
244400 -1.0056e-07
244500 -5.66107e-07
244600 -1.0056e-07
244700 -5.66107e-07
244800 -1.0056e-07
244900 -5.66107e-07
245000 -1.0056e-07
245100 -5.66107e-07
245200 -1.0056e-07
245300 -5.66107e-07
245400 -1.0056e-07
245500 -5.66107e-07
245600 -1.0056e-07
245700 -5.66107e-07
245800 -1.0056e-07
245900 -5.66107e-07
246000 -1.0056e-07
246100 -5.66107e-07
246200 -1.0056e-07
246300 -5.66107e-07
246400 -1.0056e-07
246500 -5.66107e-07
246600 -1.0056e-07
246700 -5.66107e-07
246800 -1.0056e-07
246900 -5.66107e-07
247000 -1.0056e-07
247100 -5.66107e-07
247200 -1.0056e-07
247300 -5.66107e-07
247400 -1.0056e-07
247500 -5.66107e-07
247600 -1.0056e-07
247700 -5.66107e-07
247800 -1.0056e-07
247900 -5.66107e-07
248000 -1.0056e-07
248100 -5.66107e-07
248200 -1.0056e-07
248300 -5.66107e-07
248400 -1.0056e-07
248500 -5.66107e-07
248600 -1.0056e-07
248700 -5.66107e-07
248800 -1.0056e-07
248900 -5.66107e-07
249000 -1.0056e-07
249100 -5.66107e-07
249200 -1.0056e-07
249300 -5.66107e-07
249400 -1.0056e-07
249500 -5.66107e-07
249600 -1.0056e-07
249700 -5.66107e-07
249800 -1.0056e-07
249900 -5.66107e-07
250000 -1.0056e-07
250100 -5.66107e-07
250200 -1.0056e-07
250300 -5.66107e-07
250400 -1.0056e-07
250500 -5.66107e-07
250600 -1.0056e-07
250700 -5.66107e-07
250800 -1.0056e-07
250900 -5.66107e-07
251000 -1.0056e-07
251100 -5.66107e-07
251200 -1.0056e-07
251300 -5.66107e-07
251400 -1.0056e-07
251500 -5.66107e-07
251600 -1.0056e-07
251700 -5.66107e-07
251800 -1.0056e-07
251900 -5.66107e-07
252000 -1.0056e-07
252100 -5.66107e-07
252200 -1.0056e-07
252300 -5.66107e-07
252400 -1.0056e-07
252500 -5.66107e-07
252600 -1.0056e-07
252700 -5.66107e-07
252800 -1.0056e-07
252900 -5.66107e-07
253000 -1.0056e-07
253100 -5.66107e-07
253200 -1.0056e-07
253300 -5.66107e-07
253400 -1.0056e-07
253500 -5.66107e-07
253600 -1.0056e-07
253700 -5.66107e-07
253800 -1.0056e-07
253900 -5.66107e-07
254000 -1.0056e-07
254100 -5.66107e-07
254200 -1.0056e-07
254300 -5.66107e-07
254400 -1.0056e-07
254500 -5.66107e-07
254600 -1.0056e-07
254700 -5.66107e-07
254800 -1.0056e-07
254900 -5.66107e-07
255000 -1.0056e-07
255100 -5.66107e-07
255200 -1.0056e-07
255300 -5.66107e-07
255400 -1.0056e-07
255500 -5.66107e-07
255600 -1.0056e-07
255700 -5.66107e-07
255800 -1.0056e-07
255900 -5.66107e-07
256000 -1.0056e-07
256100 -5.66107e-07
256200 -1.0056e-07
256300 -5.66107e-07
256400 -1.0056e-07
256500 -5.66107e-07
256600 -1.0056e-07
256700 -5.66107e-07
256800 -1.0056e-07
256900 -5.66107e-07
257000 -1.0056e-07
257100 -5.66107e-07
257200 -1.0056e-07
257300 -5.66107e-07
257400 -1.0056e-07
257500 -5.66107e-07
257600 -1.0056e-07
257700 -5.66107e-07
257800 -1.0056e-07
257900 -5.66107e-07
258000 -1.0056e-07
258100 -5.66107e-07
258200 -1.0056e-07
258300 -5.66107e-07
258400 -1.0056e-07
258500 -5.66107e-07
258600 -1.0056e-07
258700 -5.66107e-07
258800 -1.0056e-07
258900 -5.66107e-07
259000 -1.0056e-07
259100 -5.66107e-07
259200 -1.0056e-07
259300 -5.66107e-07
259400 -1.0056e-07
259500 -5.66107e-07
259600 -1.0056e-07
259700 -5.66107e-07
259800 -1.0056e-07
259900 -5.66107e-07
260000 -1.0056e-07
260100 -5.66107e-07
260200 -1.0056e-07
260300 -5.66107e-07
260400 -1.0056e-07
260500 -5.66107e-07
260600 -1.0056e-07
260700 -5.66107e-07
260800 -1.0056e-07
260900 -5.66107e-07
261000 -1.0056e-07
261100 -5.66107e-07
261200 -1.0056e-07
261300 -5.66107e-07
261400 -1.0056e-07
261500 -5.66107e-07
261600 -1.0056e-07
261700 -5.66107e-07
261800 -1.0056e-07
261900 -5.66107e-07
262000 -1.0056e-07
262100 -5.66107e-07
262200 -1.0056e-07
262300 -5.66107e-07
262400 -1.0056e-07
262500 -5.66107e-07
262600 -1.0056e-07
262700 -5.66107e-07
262800 -1.0056e-07
262900 -5.66107e-07
263000 -1.0056e-07
263100 -5.66107e-07
263200 -1.0056e-07
263300 -5.66107e-07
263400 -1.0056e-07
263500 -5.66107e-07
263600 -1.0056e-07
263700 -5.66107e-07
263800 -1.0056e-07
263900 -5.66107e-07
264000 -1.0056e-07
264100 -5.66107e-07
264200 -1.0056e-07
264300 -5.66107e-07
264400 -1.0056e-07
264500 -5.66107e-07
264600 -1.0056e-07
264700 -5.66107e-07
264800 -1.0056e-07
264900 -5.66107e-07
265000 -1.0056e-07
265100 -5.66107e-07
265200 -1.0056e-07
265300 -5.66107e-07
265400 -1.0056e-07
265500 -5.66107e-07
265600 -1.0056e-07
265700 -5.66107e-07
265800 -1.0056e-07
265900 -5.66107e-07
266000 -1.0056e-07
266100 -5.66107e-07
266200 -1.0056e-07
266300 -5.66107e-07
266400 -1.0056e-07
266500 -5.66107e-07
266600 -1.0056e-07
266700 -5.66107e-07
266800 -1.0056e-07
266900 -5.66107e-07
267000 -1.0056e-07
267100 -5.66107e-07
267200 -1.0056e-07
267300 -5.66107e-07
267400 -1.0056e-07
267500 -5.66107e-07
267600 -1.0056e-07
267700 -5.66107e-07
267800 -1.0056e-07
267900 -5.66107e-07
268000 -1.0056e-07
268100 -5.66107e-07
268200 -1.0056e-07
268300 -5.66107e-07
268400 -1.0056e-07
268500 -5.66107e-07
268600 -1.0056e-07
268700 -5.66107e-07
268800 -1.0056e-07
268900 -5.66107e-07
269000 -1.0056e-07
269100 -5.66107e-07
269200 -1.0056e-07
269300 -5.66107e-07
269400 -1.0056e-07
269500 -5.66107e-07
269600 -1.0056e-07
269700 -5.66107e-07
269800 -1.0056e-07
269900 -5.66107e-07
270000 -1.0056e-07
270100 -5.66107e-07
270200 -1.0056e-07
270300 -5.66107e-07
270400 -1.0056e-07
270500 -5.66107e-07
270600 -1.0056e-07
270700 -5.66107e-07
270800 -1.0056e-07
270900 -5.66107e-07
271000 -1.0056e-07
271100 -5.66107e-07
271200 -1.0056e-07
271300 -5.66107e-07
271400 -1.0056e-07
271500 -5.66107e-07
271600 -1.0056e-07
271700 -5.66107e-07
271800 -1.0056e-07
271900 -5.66107e-07
272000 -1.0056e-07
272100 -5.66107e-07
272200 -1.0056e-07
272300 -5.66107e-07
272400 -1.0056e-07
272500 -5.66107e-07
272600 -1.0056e-07
272700 -5.66107e-07
272800 -1.0056e-07
272900 -5.66107e-07
273000 -1.0056e-07
273100 -5.66107e-07
273200 -1.0056e-07
273300 -5.66107e-07
273400 -1.0056e-07
273500 -5.66107e-07
273600 -1.0056e-07
273700 -5.66107e-07
273800 -1.0056e-07
273900 -5.66107e-07
274000 -1.0056e-07
274100 -5.66107e-07
274200 -1.0056e-07
274300 -5.66107e-07
274400 -1.0056e-07
274500 -5.66107e-07
274600 -1.0056e-07
274700 -5.66107e-07
274800 -1.0056e-07
274900 -5.66107e-07
275000 -1.0056e-07
275100 -5.66107e-07
275200 -1.0056e-07
275300 -5.66107e-07
275400 -1.0056e-07
275500 -5.66107e-07
275600 -1.0056e-07
275700 -5.66107e-07
275800 -1.0056e-07
275900 -5.66107e-07
276000 -1.0056e-07
276100 -5.66107e-07
276200 -1.0056e-07
276300 -5.66107e-07
276400 -1.0056e-07
276500 -5.66107e-07
276600 -1.0056e-07
276700 -5.66107e-07
276800 -1.0056e-07
276900 -5.66107e-07
277000 -1.0056e-07
277100 -5.66107e-07
277200 -1.0056e-07
277300 -5.66107e-07
277400 -1.0056e-07
277500 -5.66107e-07
277600 -1.0056e-07
277700 -5.66107e-07
277800 -1.0056e-07
277900 -5.66107e-07
278000 -1.0056e-07
278100 -5.66107e-07
278200 -1.0056e-07
278300 -5.66107e-07
278400 -1.0056e-07
278500 -5.66107e-07
278600 -1.0056e-07
278700 -5.66107e-07
278800 -1.0056e-07
278900 -5.66107e-07
279000 -1.0056e-07
279100 -5.66107e-07
279200 -1.0056e-07
279300 -5.66107e-07
279400 -1.0056e-07
279500 -5.66107e-07
279600 -1.0056e-07
279700 -5.66107e-07
279800 -1.0056e-07
279900 -5.66107e-07
280000 -1.0056e-07
280100 -5.66107e-07
280200 -1.0056e-07
280300 -5.66107e-07
280400 -1.0056e-07
280500 -5.66107e-07
280600 -1.0056e-07
280700 -5.66107e-07
280800 -1.0056e-07
280900 -5.66107e-07
281000 -1.0056e-07
281100 -5.66107e-07
281200 -1.0056e-07
281300 -5.66107e-07
281400 -1.0056e-07
281500 -5.66107e-07
281600 -1.0056e-07
281700 -5.66107e-07
281800 -1.0056e-07
281900 -5.66107e-07
282000 -1.0056e-07
282100 -5.66107e-07
282200 -1.0056e-07
282300 -5.66107e-07
282400 -1.0056e-07
282500 -5.66107e-07
282600 -1.0056e-07
282700 -5.66107e-07
282800 -1.0056e-07
282900 -5.66107e-07
283000 -1.0056e-07
283100 -5.66107e-07
283200 -1.0056e-07
283300 -5.66107e-07
283400 -1.0056e-07
283500 -5.66107e-07
283600 -1.0056e-07
283700 -5.66107e-07
283800 -1.0056e-07
283900 -5.66107e-07
284000 -1.0056e-07
284100 -5.66107e-07
284200 -1.0056e-07
284300 -5.66107e-07
284400 -1.0056e-07
284500 -5.66107e-07
284600 -1.0056e-07
284700 -5.66107e-07
284800 -1.0056e-07
284900 -5.66107e-07
285000 -1.0056e-07
285100 -5.66107e-07
285200 -1.0056e-07
285300 -5.66107e-07
285400 -1.0056e-07
285500 -5.66107e-07
285600 -1.0056e-07
285700 -5.66107e-07
285800 -1.0056e-07
285900 -5.66107e-07
286000 -1.0056e-07
286100 -5.66107e-07
286200 -1.0056e-07
286300 -5.66107e-07
286400 -1.0056e-07
286500 -5.66107e-07
286600 -1.0056e-07
286700 -5.66107e-07
286800 -1.0056e-07
286900 -5.66107e-07
287000 -1.0056e-07
287100 -5.66107e-07
287200 -1.0056e-07
287300 -5.66107e-07
287400 -1.0056e-07
287500 -5.66107e-07
287600 -1.0056e-07
287700 -5.66107e-07
287800 -1.0056e-07
287900 -5.66107e-07
288000 -1.0056e-07
288100 -5.66107e-07
288200 -1.0056e-07
288300 -5.66107e-07
288400 -1.0056e-07
288500 -5.66107e-07
288600 -1.0056e-07
288700 -5.66107e-07
288800 -1.0056e-07
288900 -5.66107e-07
289000 -1.0056e-07
289100 -5.66107e-07
289200 -1.0056e-07
289300 -5.66107e-07
289400 -1.0056e-07
289500 -5.66107e-07
289600 -1.0056e-07
289700 -5.66107e-07
289800 -1.0056e-07
289900 -5.66107e-07
290000 -1.0056e-07
290100 -5.66107e-07
290200 -1.0056e-07
290300 -5.66107e-07
290400 -1.0056e-07
290500 -5.66107e-07
290600 -1.0056e-07
290700 -5.66107e-07
290800 -1.0056e-07
290900 -5.66107e-07
291000 -1.0056e-07
291100 -5.66107e-07
291200 -1.0056e-07
291300 -5.66107e-07
291400 -1.0056e-07
291500 -5.66107e-07
291600 -1.0056e-07
291700 -5.66107e-07
291800 -1.0056e-07
291900 -5.66107e-07
292000 -1.0056e-07
292100 -5.66107e-07
292200 -1.0056e-07
292300 -5.66107e-07
292400 -1.0056e-07
292500 -5.66107e-07
292600 -1.0056e-07
292700 -5.66107e-07
292800 -1.0056e-07
292900 -5.66107e-07
293000 -1.0056e-07
293100 -5.66107e-07
293200 -1.0056e-07
293300 -5.66107e-07
293400 -1.0056e-07
293500 -5.66107e-07
293600 -1.0056e-07
293700 -5.66107e-07
293800 -1.0056e-07
293900 -5.66107e-07
294000 -1.0056e-07
294100 -5.66107e-07
294200 -1.0056e-07
294300 -5.66107e-07
294400 -1.0056e-07
294500 -5.66107e-07
294600 -1.0056e-07
294700 -5.66107e-07
294800 -1.0056e-07
294900 -5.66107e-07
295000 -1.0056e-07
295100 -5.66107e-07
295200 -1.0056e-07
295300 -5.66107e-07
295400 -1.0056e-07
295500 -5.66107e-07
295600 -1.0056e-07
295700 -5.66107e-07
295800 -1.0056e-07
295900 -5.66107e-07
296000 -1.0056e-07
296100 -5.66107e-07
296200 -1.0056e-07
296300 -5.66107e-07
296400 -1.0056e-07
296500 -5.66107e-07
296600 -1.0056e-07
296700 -5.66107e-07
296800 -1.0056e-07
296900 -5.66107e-07
297000 -1.0056e-07
297100 -5.66107e-07
297200 -1.0056e-07
297300 -5.66107e-07
297400 -1.0056e-07
297500 -5.66107e-07
297600 -1.0056e-07
297700 -5.66107e-07
297800 -1.0056e-07
297900 -5.66107e-07
298000 -1.0056e-07
298100 -5.66107e-07
298200 -1.0056e-07
298300 -5.66107e-07
298400 -1.0056e-07
298500 -5.66107e-07
298600 -1.0056e-07
298700 -5.66107e-07
298800 -1.0056e-07
298900 -5.66107e-07
299000 -1.0056e-07
299100 -5.66107e-07
299200 -1.0056e-07
299300 -5.66107e-07
299400 -1.0056e-07
299500 -5.66107e-07
299600 -1.0056e-07
299700 -5.66107e-07
299800 -1.0056e-07
299900 -5.66107e-07
300000 -1.0056e-07
300100 -5.66107e-07
300200 -1.0056e-07
300300 -5.66107e-07
300400 -1.0056e-07
300500 -5.66107e-07
300600 -1.0056e-07
